------------------------------------------------------------------
  Running MRIQC version 24.1.0.dev0+gd5b13cb5.d20240826
  ----------------------------------------------------------------

  NOTICE
  Copyright © The NiPreps Developers.
  
  This product includes software developed by
  the NiPreps Community (https://nipreps.org/).
  
  Portions of this software were developed at the Department of
  Psychology at Stanford University, Stanford, CA, US.
  
  This software contains code ultimately derived from the
  PCP Quality Assessment Protocol (QAP;
  http://preprocessed-connectomes-project.org/quality-assessment-protocol)
  by C. Craddock, S. Giavasis, D. Clark, Z. Shezhad, and J. Pellman.
  
  This software is also distributed as a Docker container image.
  The bootstrapping file for the image ("Dockerfile") is licensed
  under the MIT License.

  ----------------------------------------------------------------

  * BIDS dataset path: /local/nvme/ds004996_54.784026/ds/sourcedata/raw.
  * Output folder: mriqc.
  * Analysis levels: ['participant'].
------------------------------------------------------------------

2026-03-27 02:09:59 |[33;20m IMPORTANT [0m|[33;20m mriqc            [0m|[33;20m Extracting metadata and entities for 3 input runs of modality 'bold'...[0m
2026-03-27 02:09:59 |[33;20m IMPORTANT [0m|[33;20m mriqc            [0m|[33;20m File size ('bold'): 0.41|0.41 GB [maximum|average].[0m
2026-03-27 02:09:59 |[34;20m INFO     [0m|[34;20m mriqc            [0m|[34;20m MRIQC config file: /local/nvme/ds004996_54.784026/ds/tmp/config-20260327-020952_3e9d402a-16be-4f4c-8e8b-c285d5cea442.toml.[0m
2026-03-27 02:10:06 |[34;20m INFO     [0m|[34;20m matplotlib.font_manager [0m|[34;20m generated new fontManager[0m
2026-03-27 02:10:07 |[33;20m IMPORTANT [0m|[33;20m mriqc            [0m|[33;20m Building MRIQC's workflows...[0m
2026-03-27 02:10:08 |[34;20m INFO     [0m|[34;20m nipype.workflow  [0m|[34;20m Building functional MRIQC workflow for 3 BOLD runs..[0m
2026-03-27 02:10:13 |[33;20m IMPORTANT [0m|[33;20m mriqc            [0m|[33;20m Workflow building finished (exit code 0).[0m
2026-03-27 02:10:18 |[34;20m INFO     [0m|[34;20m nipype.workflow  [0m|[34;20m Workflow mriqc_wf settings: ['check', 'execution', 'logging', 'monitoring'][0m
2026-03-27 02:10:18 |[34;20m INFO     [0m|[34;20m nipype.workflow  [0m|[34;20m [Node] Setting-up "mriqc_wf.funcMRIQC.pick_echo" in "/local/nvme/ds004996_54.784026/ds/tmp/mriqc_wf/funcMRIQC/576e85729e655ae45b7bc37dda85f3c959b16fc0/pick_echo".[0m
2026-03-27 02:10:18 |[34;20m INFO     [0m|[34;20m nipype.workflow  [0m|[34;20m [Node] Setting-up "_provenance0" in "/local/nvme/ds004996_54.784026/ds/tmp/mriqc_wf/funcMRIQC/ComputeIQMs/576e85729e655ae45b7bc37dda85f3c959b16fc0/provenance/mapflow/_provenance0".[0m
2026-03-27 02:10:18 |[34;20m INFO     [0m|[34;20m nipype.workflow  [0m|[34;20m [Node] Executing "_provenance0" <mriqc.interfaces.reports.AddProvenance>[0m
2026-03-27 02:10:18 |[34;20m INFO     [0m|[34;20m nipype.workflow  [0m|[34;20m [Node] Executing "pick_echo" <mriqc.interfaces.functional.SelectEcho>[0m
2026-03-27 02:10:18 |[34;20m INFO     [0m|[34;20m nipype.workflow  [0m|[34;20m [Node] Finished "pick_echo", elapsed time 0.000523s.[0m
2026-03-27 02:10:19 |[34;20m INFO     [0m|[34;20m nipype.workflow  [0m|[34;20m [Node] Finished "_provenance0", elapsed time 0.792356s.[0m
2026-03-27 02:10:19 |[34;20m INFO     [0m|[34;20m nipype.workflow  [0m|[34;20m [Node] Setting-up "_provenance0" in "/local/nvme/ds004996_54.784026/ds/tmp/mriqc_wf/funcMRIQC/ComputeIQMs/b03da93519cfd8e1e486b796f15ad5e4cc644700/provenance/mapflow/_provenance0".[0m
2026-03-27 02:10:19 |[34;20m INFO     [0m|[34;20m nipype.workflow  [0m|[34;20m [Node] Setting-up "mriqc_wf.funcMRIQC.pick_echo" in "/local/nvme/ds004996_54.784026/ds/tmp/mriqc_wf/funcMRIQC/b03da93519cfd8e1e486b796f15ad5e4cc644700/pick_echo".[0m
2026-03-27 02:10:19 |[34;20m INFO     [0m|[34;20m nipype.workflow  [0m|[34;20m [Node] Executing "_provenance0" <mriqc.interfaces.reports.AddProvenance>[0m
2026-03-27 02:10:19 |[34;20m INFO     [0m|[34;20m nipype.workflow  [0m|[34;20m [Node] Executing "pick_echo" <mriqc.interfaces.functional.SelectEcho>[0m
2026-03-27 02:10:19 |[34;20m INFO     [0m|[34;20m nipype.workflow  [0m|[34;20m [Node] Finished "pick_echo", elapsed time 0.000497s.[0m
2026-03-27 02:10:20 |[34;20m INFO     [0m|[34;20m nipype.workflow  [0m|[34;20m [Node] Finished "_provenance0", elapsed time 0.796082s.[0m
2026-03-27 02:10:20 |[34;20m INFO     [0m|[34;20m nipype.workflow  [0m|[34;20m [Node] Setting-up "_provenance0" in "/local/nvme/ds004996_54.784026/ds/tmp/mriqc_wf/funcMRIQC/ComputeIQMs/e079392c00d9d5c865cb8a6f4455238b9a1a4c10/provenance/mapflow/_provenance0".[0m
2026-03-27 02:10:20 |[34;20m INFO     [0m|[34;20m nipype.workflow  [0m|[34;20m [Node] Setting-up "mriqc_wf.funcMRIQC.pick_echo" in "/local/nvme/ds004996_54.784026/ds/tmp/mriqc_wf/funcMRIQC/e079392c00d9d5c865cb8a6f4455238b9a1a4c10/pick_echo".[0m
2026-03-27 02:10:20 |[34;20m INFO     [0m|[34;20m nipype.workflow  [0m|[34;20m [Node] Executing "_provenance0" <mriqc.interfaces.reports.AddProvenance>[0m
2026-03-27 02:10:20 |[34;20m INFO     [0m|[34;20m nipype.workflow  [0m|[34;20m [Node] Executing "pick_echo" <mriqc.interfaces.functional.SelectEcho>[0m
2026-03-27 02:10:20 |[34;20m INFO     [0m|[34;20m nipype.workflow  [0m|[34;20m [Node] Finished "pick_echo", elapsed time 0.000527s.[0m
2026-03-27 02:10:21 |[34;20m INFO     [0m|[34;20m nipype.workflow  [0m|[34;20m [Node] Finished "_provenance0", elapsed time 0.797946s.[0m
2026-03-27 02:10:21 |[34;20m INFO     [0m|[34;20m nipype.workflow  [0m|[34;20m [Node] Setting-up "mriqc_wf.funcMRIQC.non_steady_state_detector" in "/local/nvme/ds004996_54.784026/ds/tmp/mriqc_wf/funcMRIQC/576e85729e655ae45b7bc37dda85f3c959b16fc0/non_steady_state_detector".[0m
2026-03-27 02:10:21 |[34;20m INFO     [0m|[34;20m nipype.workflow  [0m|[34;20m [Node] Setting-up "mriqc_wf.funcMRIQC.non_steady_state_detector" in "/local/nvme/ds004996_54.784026/ds/tmp/mriqc_wf/funcMRIQC/b03da93519cfd8e1e486b796f15ad5e4cc644700/non_steady_state_detector".[0m
2026-03-27 02:10:21 |[34;20m INFO     [0m|[34;20m nipype.workflow  [0m|[34;20m [Node] Setting-up "mriqc_wf.funcMRIQC.non_steady_state_detector" in "/local/nvme/ds004996_54.784026/ds/tmp/mriqc_wf/funcMRIQC/e079392c00d9d5c865cb8a6f4455238b9a1a4c10/non_steady_state_detector".[0m
2026-03-27 02:10:21 |[34;20m INFO     [0m|[34;20m nipype.workflow  [0m|[34;20m [Node] Executing "non_steady_state_detector" <nipype.algorithms.confounds.NonSteadyStateDetector>[0m
2026-03-27 02:10:21 |[34;20m INFO     [0m|[34;20m nipype.workflow  [0m|[34;20m [Node] Executing "non_steady_state_detector" <nipype.algorithms.confounds.NonSteadyStateDetector>[0m
2026-03-27 02:10:21 |[34;20m INFO     [0m|[34;20m nipype.workflow  [0m|[34;20m [Node] Executing "non_steady_state_detector" <nipype.algorithms.confounds.NonSteadyStateDetector>[0m
2026-03-27 02:10:21 |[34;20m INFO     [0m|[34;20m nipype.workflow  [0m|[34;20m [Node] Finished "non_steady_state_detector", elapsed time 0.026364s.[0m
2026-03-27 02:10:21 |[34;20m INFO     [0m|[34;20m nipype.workflow  [0m|[34;20m [Node] Finished "non_steady_state_detector", elapsed time 0.026848s.[0m
2026-03-27 02:10:21 |[34;20m INFO     [0m|[34;20m nipype.workflow  [0m|[34;20m [Node] Finished "non_steady_state_detector", elapsed time 0.026685s.[0m
2026-03-27 02:10:23 |[34;20m INFO     [0m|[34;20m nipype.workflow  [0m|[34;20m [Node] Setting-up "_sanitize0" in "/local/nvme/ds004996_54.784026/ds/tmp/mriqc_wf/funcMRIQC/576e85729e655ae45b7bc37dda85f3c959b16fc0/sanitize/mapflow/_sanitize0".[0m
2026-03-27 02:10:23 |[34;20m INFO     [0m|[34;20m nipype.workflow  [0m|[34;20m [Node] Setting-up "_sanitize0" in "/local/nvme/ds004996_54.784026/ds/tmp/mriqc_wf/funcMRIQC/b03da93519cfd8e1e486b796f15ad5e4cc644700/sanitize/mapflow/_sanitize0".[0m
2026-03-27 02:10:23 |[34;20m INFO     [0m|[34;20m nipype.workflow  [0m|[34;20m [Node] Executing "_sanitize0" <niworkflows.interfaces.header.SanitizeImage>[0m
2026-03-27 02:10:23 |[34;20m INFO     [0m|[34;20m nipype.workflow  [0m|[34;20m [Node] Executing "_sanitize0" <niworkflows.interfaces.header.SanitizeImage>[0m
2026-03-27 02:10:23 |[34;20m INFO     [0m|[34;20m nipype.workflow  [0m|[34;20m [Node] Setting-up "_sanitize0" in "/local/nvme/ds004996_54.784026/ds/tmp/mriqc_wf/funcMRIQC/e079392c00d9d5c865cb8a6f4455238b9a1a4c10/sanitize/mapflow/_sanitize0".[0m
2026-03-27 02:10:23 |[34;20m INFO     [0m|[34;20m nipype.workflow  [0m|[34;20m [Node] Executing "_sanitize0" <niworkflows.interfaces.header.SanitizeImage>[0m
2026-03-27 02:10:24 |[34;20m INFO     [0m|[34;20m nipype.workflow  [0m|[34;20m [Node] Finished "_sanitize0", elapsed time 0.693765s.[0m
2026-03-27 02:10:24 |[34;20m INFO     [0m|[34;20m nipype.workflow  [0m|[34;20m [Node] Finished "_sanitize0", elapsed time 0.699268s.[0m
2026-03-27 02:10:24 |[34;20m INFO     [0m|[34;20m nipype.workflow  [0m|[34;20m [Node] Finished "_sanitize0", elapsed time 0.734946s.[0m
2026-03-27 02:10:25 |[34;20m INFO     [0m|[34;20m nipype.workflow  [0m|[34;20m [Node] Setting-up "mriqc_wf.funcMRIQC.fMRI_HMC.estimate_hm" in "/local/nvme/ds004996_54.784026/ds/tmp/mriqc_wf/funcMRIQC/fMRI_HMC/576e85729e655ae45b7bc37dda85f3c959b16fc0/estimate_hm".[0m
2026-03-27 02:10:25 |[34;20m INFO     [0m|[34;20m nipype.workflow  [0m|[34;20m [Node] Setting-up "mriqc_wf.funcMRIQC.fMRI_HMC.estimate_hm" in "/local/nvme/ds004996_54.784026/ds/tmp/mriqc_wf/funcMRIQC/fMRI_HMC/b03da93519cfd8e1e486b796f15ad5e4cc644700/estimate_hm".[0m
2026-03-27 02:10:25 |[34;20m INFO     [0m|[34;20m nipype.workflow  [0m|[34;20m [Node] Setting-up "mriqc_wf.funcMRIQC.fMRI_HMC.estimate_hm" in "/local/nvme/ds004996_54.784026/ds/tmp/mriqc_wf/funcMRIQC/fMRI_HMC/e079392c00d9d5c865cb8a6f4455238b9a1a4c10/estimate_hm".[0m
2026-03-27 02:10:25 |[34;20m INFO     [0m|[34;20m nipype.workflow  [0m|[34;20m [Node] Executing "estimate_hm" <nipype.interfaces.afni.preprocess.Volreg>[0m
2026-03-27 02:10:25 |[34;20m INFO     [0m|[34;20m nipype.workflow  [0m|[34;20m [Node] Executing "estimate_hm" <nipype.interfaces.afni.preprocess.Volreg>[0m
2026-03-27 02:10:25 |[34;20m INFO     [0m|[34;20m nipype.workflow  [0m|[34;20m [Node] Setting-up "_SpikesMask0" in "/local/nvme/ds004996_54.784026/ds/tmp/mriqc_wf/funcMRIQC/func_report_wf/576e85729e655ae45b7bc37dda85f3c959b16fc0/SpikesMask/mapflow/_SpikesMask0".[0m
2026-03-27 02:10:25 |[34;20m INFO     [0m|[34;20m nipype.workflow  [0m|[34;20m [Node] Setting-up "_SpikesMask0" in "/local/nvme/ds004996_54.784026/ds/tmp/mriqc_wf/funcMRIQC/func_report_wf/b03da93519cfd8e1e486b796f15ad5e4cc644700/SpikesMask/mapflow/_SpikesMask0".[0m
2026-03-27 02:10:25 |[34;20m INFO     [0m|[34;20m nipype.workflow  [0m|[34;20m [Node] Executing "_SpikesMask0" <nipype.interfaces.utility.wrappers.Function>[0m
2026-03-27 02:10:25 |[34;20m INFO     [0m|[34;20m nipype.workflow  [0m|[34;20m [Node] Executing "estimate_hm" <nipype.interfaces.afni.preprocess.Volreg>[0m
2026-03-27 02:10:25 |[34;20m INFO     [0m|[34;20m nipype.workflow  [0m|[34;20m [Node] Setting-up "_SpikesMask0" in "/local/nvme/ds004996_54.784026/ds/tmp/mriqc_wf/funcMRIQC/func_report_wf/e079392c00d9d5c865cb8a6f4455238b9a1a4c10/SpikesMask/mapflow/_SpikesMask0".[0m
2026-03-27 02:10:25 |[34;20m INFO     [0m|[34;20m nipype.workflow  [0m|[34;20m [Node] Executing "_SpikesMask0" <nipype.interfaces.utility.wrappers.Function>[0m
2026-03-27 02:10:25 |[34;20m INFO     [0m|[34;20m nipype.workflow  [0m|[34;20m [Node] Executing "_SpikesMask0" <nipype.interfaces.utility.wrappers.Function>[0m
2026-03-27 02:10:27 |[34;20m INFO     [0m|[34;20m nipype.workflow  [0m|[34;20m [Node] Finished "_SpikesMask0", elapsed time 1.558206s.[0m
2026-03-27 02:10:27 |[34;20m INFO     [0m|[34;20m nipype.workflow  [0m|[34;20m [Node] Finished "_SpikesMask0", elapsed time 1.562s.[0m
2026-03-27 02:10:27 |[34;20m INFO     [0m|[34;20m nipype.workflow  [0m|[34;20m [Node] Finished "_SpikesMask0", elapsed time 1.584268s.[0m
2026-03-27 02:10:27 |[34;20m INFO     [0m|[34;20m nipype.workflow  [0m|[34;20m [Node] Setting-up "_SpikesFinderBgMask0" in "/local/nvme/ds004996_54.784026/ds/tmp/mriqc_wf/funcMRIQC/func_report_wf/576e85729e655ae45b7bc37dda85f3c959b16fc0/SpikesFinderBgMask/mapflow/_SpikesFinderBgMask0".[0m
2026-03-27 02:10:27 |[34;20m INFO     [0m|[34;20m nipype.workflow  [0m|[34;20m [Node] Setting-up "_SpikesFinderBgMask0" in "/local/nvme/ds004996_54.784026/ds/tmp/mriqc_wf/funcMRIQC/func_report_wf/b03da93519cfd8e1e486b796f15ad5e4cc644700/SpikesFinderBgMask/mapflow/_SpikesFinderBgMask0".[0m
2026-03-27 02:10:27 |[34;20m INFO     [0m|[34;20m nipype.workflow  [0m|[34;20m [Node] Executing "_SpikesFinderBgMask0" <mriqc.interfaces.functional.Spikes>[0m
2026-03-27 02:10:27 |[34;20m INFO     [0m|[34;20m nipype.workflow  [0m|[34;20m [Node] Setting-up "_SpikesFinderBgMask0" in "/local/nvme/ds004996_54.784026/ds/tmp/mriqc_wf/funcMRIQC/func_report_wf/e079392c00d9d5c865cb8a6f4455238b9a1a4c10/SpikesFinderBgMask/mapflow/_SpikesFinderBgMask0".[0m
2026-03-27 02:10:27 |[34;20m INFO     [0m|[34;20m nipype.workflow  [0m|[34;20m [Node] Executing "_SpikesFinderBgMask0" <mriqc.interfaces.functional.Spikes>[0m
2026-03-27 02:10:27 |[34;20m INFO     [0m|[34;20m nipype.workflow  [0m|[34;20m [Node] Executing "_SpikesFinderBgMask0" <mriqc.interfaces.functional.Spikes>[0m
2026-03-27 02:10:30 |[34;20m INFO     [0m|[34;20m nipype.workflow  [0m|[34;20m [Node] Finished "_SpikesFinderBgMask0", elapsed time 3.222272s.[0m
2026-03-27 02:10:31 |[34;20m INFO     [0m|[34;20m nipype.workflow  [0m|[34;20m [Node] Finished "_SpikesFinderBgMask0", elapsed time 3.5071s.[0m
2026-03-27 02:10:31 |[34;20m INFO     [0m|[34;20m nipype.workflow  [0m|[34;20m [Node] Finished "_SpikesFinderBgMask0", elapsed time 3.579273s.[0m
2026-03-27 02:26:33 |[34;20m INFO     [0m|[34;20m nipype.workflow  [0m|[34;20m [Node] Finished "estimate_hm", elapsed time 967.609866s.[0m
2026-03-27 02:26:33 |[34;20m INFO     [0m|[34;20m nipype.workflow  [0m|[34;20m [Node] Setting-up "mriqc_wf.funcMRIQC.fMRI_HMC.ComputeFD" in "/local/nvme/ds004996_54.784026/ds/tmp/mriqc_wf/funcMRIQC/fMRI_HMC/e079392c00d9d5c865cb8a6f4455238b9a1a4c10/ComputeFD".[0m
2026-03-27 02:26:33 |[34;20m INFO     [0m|[34;20m nipype.workflow  [0m|[34;20m [Node] Executing "ComputeFD" <nipype.algorithms.confounds.FramewiseDisplacement>[0m
2026-03-27 02:26:33 |[34;20m INFO     [0m|[34;20m nipype.workflow  [0m|[34;20m [Node] Finished "ComputeFD", elapsed time 0.006966s.[0m
2026-03-27 02:26:48 |[34;20m INFO     [0m|[34;20m nipype.workflow  [0m|[34;20m [Node] Finished "estimate_hm", elapsed time 983.074518s.[0m
2026-03-27 02:26:49 |[34;20m INFO     [0m|[34;20m nipype.workflow  [0m|[34;20m [Node] Setting-up "mriqc_wf.funcMRIQC.fMRI_HMC.ComputeFD" in "/local/nvme/ds004996_54.784026/ds/tmp/mriqc_wf/funcMRIQC/fMRI_HMC/576e85729e655ae45b7bc37dda85f3c959b16fc0/ComputeFD".[0m
2026-03-27 02:26:49 |[34;20m INFO     [0m|[34;20m nipype.workflow  [0m|[34;20m [Node] Executing "ComputeFD" <nipype.algorithms.confounds.FramewiseDisplacement>[0m
2026-03-27 02:26:49 |[34;20m INFO     [0m|[34;20m nipype.workflow  [0m|[34;20m [Node] Finished "ComputeFD", elapsed time 0.007242s.[0m
2026-03-27 02:27:07 |[34;20m INFO     [0m|[34;20m nipype.workflow  [0m|[34;20m [Node] Finished "estimate_hm", elapsed time 1002.059387s.[0m
2026-03-27 02:27:09 |[34;20m INFO     [0m|[34;20m nipype.workflow  [0m|[34;20m [Node] Setting-up "_apply_hmc0" in "/local/nvme/ds004996_54.784026/ds/tmp/mriqc_wf/funcMRIQC/fMRI_HMC/576e85729e655ae45b7bc37dda85f3c959b16fc0/apply_hmc/mapflow/_apply_hmc0".[0m
2026-03-27 02:27:09 |[34;20m INFO     [0m|[34;20m nipype.workflow  [0m|[34;20m [Node] Executing "_apply_hmc0" <nipype.interfaces.utility.wrappers.Function>[0m
2026-03-27 02:27:30 |[34;20m INFO     [0m|[34;20m nipype.workflow  [0m|[34;20m [Node] Finished "_apply_hmc0", elapsed time 20.952196s.[0m
2026-03-27 02:27:31 |[34;20m INFO     [0m|[34;20m nipype.workflow  [0m|[34;20m [Node] Setting-up "_apply_hmc0" in "/local/nvme/ds004996_54.784026/ds/tmp/mriqc_wf/funcMRIQC/fMRI_HMC/b03da93519cfd8e1e486b796f15ad5e4cc644700/apply_hmc/mapflow/_apply_hmc0".[0m
2026-03-27 02:27:31 |[34;20m INFO     [0m|[34;20m nipype.workflow  [0m|[34;20m [Node] Executing "_apply_hmc0" <nipype.interfaces.utility.wrappers.Function>[0m
2026-03-27 02:27:52 |[34;20m INFO     [0m|[34;20m nipype.workflow  [0m|[34;20m [Node] Finished "_apply_hmc0", elapsed time 20.804693s.[0m
2026-03-27 02:27:53 |[34;20m INFO     [0m|[34;20m nipype.workflow  [0m|[34;20m [Node] Setting-up "mriqc_wf.funcMRIQC.fMRI_HMC.ComputeFD" in "/local/nvme/ds004996_54.784026/ds/tmp/mriqc_wf/funcMRIQC/fMRI_HMC/b03da93519cfd8e1e486b796f15ad5e4cc644700/ComputeFD".[0m
2026-03-27 02:27:53 |[34;20m INFO     [0m|[34;20m nipype.workflow  [0m|[34;20m [Node] Executing "ComputeFD" <nipype.algorithms.confounds.FramewiseDisplacement>[0m
2026-03-27 02:27:53 |[34;20m INFO     [0m|[34;20m nipype.workflow  [0m|[34;20m [Node] Setting-up "_mean0" in "/local/nvme/ds004996_54.784026/ds/tmp/mriqc_wf/funcMRIQC/576e85729e655ae45b7bc37dda85f3c959b16fc0/mean/mapflow/_mean0".[0m
2026-03-27 02:27:53 |[34;20m INFO     [0m|[34;20m nipype.workflow  [0m|[34;20m [Node] Executing "_mean0" <nipype.interfaces.afni.utils.TStat>[0m
2026-03-27 02:27:53 |[34;20m INFO     [0m|[34;20m nipype.workflow  [0m|[34;20m [Node] Setting-up "_compute_tsnr0" in "/local/nvme/ds004996_54.784026/ds/tmp/mriqc_wf/funcMRIQC/576e85729e655ae45b7bc37dda85f3c959b16fc0/compute_tsnr/mapflow/_compute_tsnr0".[0m
2026-03-27 02:27:53 |[34;20m INFO     [0m|[34;20m nipype.workflow  [0m|[34;20m [Node] Setting-up "_quality0" in "/local/nvme/ds004996_54.784026/ds/tmp/mriqc_wf/funcMRIQC/ComputeIQMs/576e85729e655ae45b7bc37dda85f3c959b16fc0/quality/mapflow/_quality0".[0m
2026-03-27 02:27:53 |[34;20m INFO     [0m|[34;20m nipype.workflow  [0m|[34;20m [Node] Executing "_compute_tsnr0" <nipype.algorithms.confounds.TSNR>[0m
2026-03-27 02:27:53 |[34;20m INFO     [0m|[34;20m nipype.workflow  [0m|[34;20m [Node] Setting-up "_mean0" in "/local/nvme/ds004996_54.784026/ds/tmp/mriqc_wf/funcMRIQC/b03da93519cfd8e1e486b796f15ad5e4cc644700/mean/mapflow/_mean0".[0m
2026-03-27 02:27:53 |[34;20m INFO     [0m|[34;20m nipype.workflow  [0m|[34;20m [Node] Executing "_quality0" <nipype.interfaces.afni.preprocess.QualityIndex>[0m
2026-03-27 02:27:53 |[34;20m INFO     [0m|[34;20m nipype.workflow  [0m|[34;20m [Node] Finished "ComputeFD", elapsed time 0.007558s.[0m
2026-03-27 02:27:53 |[34;20m INFO     [0m|[34;20m nipype.workflow  [0m|[34;20m [Node] Executing "_mean0" <nipype.interfaces.afni.utils.TStat>[0m
2026-03-27 02:27:53 |[34;20m INFO     [0m|[34;20m nipype.workflow  [0m|[34;20m [Node] Setting-up "_compute_tsnr0" in "/local/nvme/ds004996_54.784026/ds/tmp/mriqc_wf/funcMRIQC/b03da93519cfd8e1e486b796f15ad5e4cc644700/compute_tsnr/mapflow/_compute_tsnr0".[0m
2026-03-27 02:27:53 |[34;20m INFO     [0m|[34;20m nipype.workflow  [0m|[34;20m [Node] Executing "_compute_tsnr0" <nipype.algorithms.confounds.TSNR>[0m
2026-03-27 02:27:53 |[34;20m INFO     [0m|[34;20m nipype.workflow  [0m|[34;20m [Node] Setting-up "_quality0" in "/local/nvme/ds004996_54.784026/ds/tmp/mriqc_wf/funcMRIQC/ComputeIQMs/b03da93519cfd8e1e486b796f15ad5e4cc644700/quality/mapflow/_quality0".[0m
2026-03-27 02:27:53 |[34;20m INFO     [0m|[34;20m nipype.workflow  [0m|[34;20m [Node] Executing "_quality0" <nipype.interfaces.afni.preprocess.QualityIndex>[0m
2026-03-27 02:27:56 |[34;20m INFO     [0m|[34;20m nipype.workflow  [0m|[34;20m [Node] Finished "_compute_tsnr0", elapsed time 2.723779s.[0m
2026-03-27 02:27:56 |[34;20m INFO     [0m|[34;20m nipype.workflow  [0m|[34;20m [Node] Finished "_mean0", elapsed time 3.243621s.[0m
2026-03-27 02:27:57 |[34;20m INFO     [0m|[34;20m nipype.workflow  [0m|[34;20m [Node] Finished "_mean0", elapsed time 3.410333s.[0m
2026-03-27 02:27:57 |[34;20m INFO     [0m|[34;20m nipype.workflow  [0m|[34;20m [Node] Setting-up "mriqc_wf.funcMRIQC.synthstrip_wf.pre_clip" in "/local/nvme/ds004996_54.784026/ds/tmp/mriqc_wf/funcMRIQC/synthstrip_wf/576e85729e655ae45b7bc37dda85f3c959b16fc0/pre_clip".[0m
2026-03-27 02:27:57 |[34;20m INFO     [0m|[34;20m nipype.workflow  [0m|[34;20m [Node] Setting-up "mriqc_wf.funcMRIQC.SpatialNormalization.SharpenEPI" in "/local/nvme/ds004996_54.784026/ds/tmp/mriqc_wf/funcMRIQC/SpatialNormalization/576e85729e655ae45b7bc37dda85f3c959b16fc0/SharpenEPI".[0m
2026-03-27 02:27:57 |[34;20m INFO     [0m|[34;20m nipype.workflow  [0m|[34;20m [Node] Executing "pre_clip" <niworkflows.interfaces.nibabel.IntensityClip>[0m
2026-03-27 02:27:57 |[34;20m INFO     [0m|[34;20m nipype.workflow  [0m|[34;20m [Node] Setting-up "mriqc_wf.funcMRIQC.synthstrip_wf.pre_clip" in "/local/nvme/ds004996_54.784026/ds/tmp/mriqc_wf/funcMRIQC/synthstrip_wf/b03da93519cfd8e1e486b796f15ad5e4cc644700/pre_clip".[0m
2026-03-27 02:27:57 |[34;20m INFO     [0m|[34;20m nipype.workflow  [0m|[34;20m [Node] Executing "SharpenEPI" <nipype.interfaces.ants.segmentation.N4BiasFieldCorrection>[0m
2026-03-27 02:27:57 |[34;20m INFO     [0m|[34;20m nipype.workflow  [0m|[34;20m [Node] Setting-up "_PlotMosaicMean0" in "/local/nvme/ds004996_54.784026/ds/tmp/mriqc_wf/funcMRIQC/func_report_wf/576e85729e655ae45b7bc37dda85f3c959b16fc0/PlotMosaicMean/mapflow/_PlotMosaicMean0".[0m
2026-03-27 02:27:57 |[34;20m INFO     [0m|[34;20m nipype.workflow  [0m|[34;20m [Node] Setting-up "_PlotMosaicNoise0" in "/local/nvme/ds004996_54.784026/ds/tmp/mriqc_wf/funcMRIQC/func_report_wf/576e85729e655ae45b7bc37dda85f3c959b16fc0/PlotMosaicNoise/mapflow/_PlotMosaicNoise0".[0m
2026-03-27 02:27:57 |[34;20m INFO     [0m|[34;20m nipype.workflow  [0m|[34;20m [Node] Executing "_PlotMosaicMean0" <nireports.interfaces.mosaic.PlotMosaic>[0m
2026-03-27 02:27:57 |[34;20m INFO     [0m|[34;20m nipype.workflow  [0m|[34;20m [Node] Executing "_PlotMosaicNoise0" <nireports.interfaces.mosaic.PlotMosaic>[0m
2026-03-27 02:27:57 |[34;20m INFO     [0m|[34;20m nipype.workflow  [0m|[34;20m [Node] Executing "pre_clip" <niworkflows.interfaces.nibabel.IntensityClip>[0m
2026-03-27 02:27:57 |[34;20m INFO     [0m|[34;20m nipype.workflow  [0m|[34;20m [Node] Finished "_compute_tsnr0", elapsed time 4.090064s.[0m
2026-03-27 02:27:58 |[34;20m INFO     [0m|[34;20m nipype.workflow  [0m|[34;20m [Node] Finished "pre_clip", elapsed time 0.885846s.[0m
2026-03-27 02:27:58 |[34;20m INFO     [0m|[34;20m nipype.workflow  [0m|[34;20m [Node] Finished "pre_clip", elapsed time 0.888385s.[0m
2026-03-27 02:27:59 |[34;20m INFO     [0m|[34;20m nipype.workflow  [0m|[34;20m [Node] Finished "_PlotMosaicNoise0", elapsed time 1.529642s.[0m
2026-03-27 02:27:59 |[34;20m INFO     [0m|[34;20m nipype.workflow  [0m|[34;20m [Node] Finished "_PlotMosaicMean0", elapsed time 1.608104s.[0m
2026-03-27 02:27:59 |[34;20m INFO     [0m|[34;20m nipype.workflow  [0m|[34;20m [Node] Setting-up "mriqc_wf.funcMRIQC.SpatialNormalization.SharpenEPI" in "/local/nvme/ds004996_54.784026/ds/tmp/mriqc_wf/funcMRIQC/SpatialNormalization/b03da93519cfd8e1e486b796f15ad5e4cc644700/SharpenEPI".[0m
2026-03-27 02:27:59 |[34;20m INFO     [0m|[34;20m nipype.workflow  [0m|[34;20m [Node] Executing "SharpenEPI" <nipype.interfaces.ants.segmentation.N4BiasFieldCorrection>[0m
2026-03-27 02:27:59 |[34;20m INFO     [0m|[34;20m nipype.workflow  [0m|[34;20m [Node] Setting-up "_PlotMosaicSD0" in "/local/nvme/ds004996_54.784026/ds/tmp/mriqc_wf/funcMRIQC/func_report_wf/576e85729e655ae45b7bc37dda85f3c959b16fc0/PlotMosaicSD/mapflow/_PlotMosaicSD0".[0m
2026-03-27 02:27:59 |[34;20m INFO     [0m|[34;20m nipype.workflow  [0m|[34;20m [Node] Executing "_PlotMosaicSD0" <nireports.interfaces.mosaic.PlotMosaic>[0m
2026-03-27 02:27:59 |[34;20m INFO     [0m|[34;20m nipype.workflow  [0m|[34;20m [Node] Setting-up "_PlotMosaicNoise0" in "/local/nvme/ds004996_54.784026/ds/tmp/mriqc_wf/funcMRIQC/func_report_wf/b03da93519cfd8e1e486b796f15ad5e4cc644700/PlotMosaicNoise/mapflow/_PlotMosaicNoise0".[0m
2026-03-27 02:27:59 |[34;20m INFO     [0m|[34;20m nipype.workflow  [0m|[34;20m [Node] Setting-up "_PlotMosaicMean0" in "/local/nvme/ds004996_54.784026/ds/tmp/mriqc_wf/funcMRIQC/func_report_wf/b03da93519cfd8e1e486b796f15ad5e4cc644700/PlotMosaicMean/mapflow/_PlotMosaicMean0".[0m
2026-03-27 02:27:59 |[34;20m INFO     [0m|[34;20m nipype.workflow  [0m|[34;20m [Node] Executing "_PlotMosaicNoise0" <nireports.interfaces.mosaic.PlotMosaic>[0m
2026-03-27 02:27:59 |[34;20m INFO     [0m|[34;20m nipype.workflow  [0m|[34;20m [Node] Executing "_PlotMosaicMean0" <nireports.interfaces.mosaic.PlotMosaic>[0m
2026-03-27 02:27:59 |[34;20m INFO     [0m|[34;20m nipype.workflow  [0m|[34;20m [Node] Setting-up "_PlotMosaicSD0" in "/local/nvme/ds004996_54.784026/ds/tmp/mriqc_wf/funcMRIQC/func_report_wf/b03da93519cfd8e1e486b796f15ad5e4cc644700/PlotMosaicSD/mapflow/_PlotMosaicSD0".[0m
2026-03-27 02:27:59 |[34;20m INFO     [0m|[34;20m nipype.workflow  [0m|[34;20m [Node] Executing "_PlotMosaicSD0" <nireports.interfaces.mosaic.PlotMosaic>[0m
2026-03-27 02:28:01 |[34;20m INFO     [0m|[34;20m nipype.workflow  [0m|[34;20m [Node] Finished "_PlotMosaicSD0", elapsed time 1.495384s.[0m
2026-03-27 02:28:01 |[34;20m INFO     [0m|[34;20m nipype.workflow  [0m|[34;20m [Node] Finished "_PlotMosaicNoise0", elapsed time 1.730483s.[0m
2026-03-27 02:28:01 |[34;20m INFO     [0m|[34;20m nipype.workflow  [0m|[34;20m [Node] Finished "_PlotMosaicMean0", elapsed time 1.7397550000000002s.[0m
2026-03-27 02:28:01 |[34;20m INFO     [0m|[34;20m nipype.workflow  [0m|[34;20m [Node] Finished "_PlotMosaicSD0", elapsed time 1.82673s.[0m
2026-03-27 02:28:01 |[34;20m INFO     [0m|[34;20m nipype.workflow  [0m|[34;20m [Node] Setting-up "_ds_report_mean0" in "/local/nvme/ds004996_54.784026/ds/tmp/mriqc_wf/funcMRIQC/func_report_wf/576e85729e655ae45b7bc37dda85f3c959b16fc0/ds_report_mean/mapflow/_ds_report_mean0".[0m
2026-03-27 02:28:01 |[34;20m INFO     [0m|[34;20m nipype.workflow  [0m|[34;20m [Node] Executing "_ds_report_mean0" <mriqc.interfaces.DerivativesDataSink>[0m
2026-03-27 02:28:01 |[34;20m INFO     [0m|[34;20m nipype.workflow  [0m|[34;20m [Node] Finished "_ds_report_mean0", elapsed time 0.009676s.[0m
2026-03-27 02:28:01 |[34;20m INFO     [0m|[34;20m nipype.workflow  [0m|[34;20m [Node] Setting-up "_ds_report_background0" in "/local/nvme/ds004996_54.784026/ds/tmp/mriqc_wf/funcMRIQC/func_report_wf/576e85729e655ae45b7bc37dda85f3c959b16fc0/ds_report_background/mapflow/_ds_report_background0".[0m
2026-03-27 02:28:01 |[34;20m INFO     [0m|[34;20m nipype.workflow  [0m|[34;20m [Node] Executing "_ds_report_background0" <mriqc.interfaces.DerivativesDataSink>[0m
2026-03-27 02:28:01 |[34;20m INFO     [0m|[34;20m nipype.workflow  [0m|[34;20m [Node] Finished "_ds_report_background0", elapsed time 0.005752s.[0m
2026-03-27 02:28:01 |[34;20m INFO     [0m|[34;20m nipype.workflow  [0m|[34;20m [Node] Setting-up "_ds_report_stdev0" in "/local/nvme/ds004996_54.784026/ds/tmp/mriqc_wf/funcMRIQC/func_report_wf/576e85729e655ae45b7bc37dda85f3c959b16fc0/ds_report_stdev/mapflow/_ds_report_stdev0".[0m
2026-03-27 02:28:01 |[34;20m INFO     [0m|[34;20m nipype.workflow  [0m|[34;20m [Node] Executing "_ds_report_stdev0" <mriqc.interfaces.DerivativesDataSink>[0m
2026-03-27 02:28:01 |[34;20m INFO     [0m|[34;20m nipype.workflow  [0m|[34;20m [Node] Finished "_ds_report_stdev0", elapsed time 0.005239s.[0m
2026-03-27 02:28:02 |[34;20m INFO     [0m|[34;20m nipype.workflow  [0m|[34;20m [Node] Setting-up "_ds_report_mean0" in "/local/nvme/ds004996_54.784026/ds/tmp/mriqc_wf/funcMRIQC/func_report_wf/b03da93519cfd8e1e486b796f15ad5e4cc644700/ds_report_mean/mapflow/_ds_report_mean0".[0m
2026-03-27 02:28:02 |[34;20m INFO     [0m|[34;20m nipype.workflow  [0m|[34;20m [Node] Executing "_ds_report_mean0" <mriqc.interfaces.DerivativesDataSink>[0m
2026-03-27 02:28:02 |[34;20m INFO     [0m|[34;20m nipype.workflow  [0m|[34;20m [Node] Finished "_ds_report_mean0", elapsed time 0.005292s.[0m
2026-03-27 02:28:02 |[34;20m INFO     [0m|[34;20m nipype.workflow  [0m|[34;20m [Node] Setting-up "_ds_report_background0" in "/local/nvme/ds004996_54.784026/ds/tmp/mriqc_wf/funcMRIQC/func_report_wf/b03da93519cfd8e1e486b796f15ad5e4cc644700/ds_report_background/mapflow/_ds_report_background0".[0m
2026-03-27 02:28:02 |[34;20m INFO     [0m|[34;20m nipype.workflow  [0m|[34;20m [Node] Executing "_ds_report_background0" <mriqc.interfaces.DerivativesDataSink>[0m
2026-03-27 02:28:02 |[34;20m INFO     [0m|[34;20m nipype.workflow  [0m|[34;20m [Node] Finished "_ds_report_background0", elapsed time 0.005429s.[0m
2026-03-27 02:28:02 |[34;20m INFO     [0m|[34;20m nipype.workflow  [0m|[34;20m [Node] Setting-up "_ds_report_stdev0" in "/local/nvme/ds004996_54.784026/ds/tmp/mriqc_wf/funcMRIQC/func_report_wf/b03da93519cfd8e1e486b796f15ad5e4cc644700/ds_report_stdev/mapflow/_ds_report_stdev0".[0m
2026-03-27 02:28:02 |[34;20m INFO     [0m|[34;20m nipype.workflow  [0m|[34;20m [Node] Executing "_ds_report_stdev0" <mriqc.interfaces.DerivativesDataSink>[0m
2026-03-27 02:28:02 |[34;20m INFO     [0m|[34;20m nipype.workflow  [0m|[34;20m [Node] Finished "_ds_report_stdev0", elapsed time 0.00541s.[0m
2026-03-27 02:28:02 |[34;20m INFO     [0m|[34;20m nipype.workflow  [0m|[34;20m [Node] Finished "SharpenEPI", elapsed time 4.675997s.[0m
2026-03-27 02:28:04 |[34;20m INFO     [0m|[34;20m nipype.workflow  [0m|[34;20m [Node] Finished "SharpenEPI", elapsed time 4.644655s.[0m
2026-03-27 02:28:05 |[34;20m INFO     [0m|[34;20m nipype.workflow  [0m|[34;20m [Node] Finished "_quality0", elapsed time 12.167843s.[0m
2026-03-27 02:28:05 |[34;20m INFO     [0m|[34;20m nipype.workflow  [0m|[34;20m [Node] Finished "_quality0", elapsed time 12.364565s.[0m
2026-03-27 02:28:07 |[34;20m INFO     [0m|[34;20m nipype.workflow  [0m|[34;20m [Node] Setting-up "_apply_hmc0" in "/local/nvme/ds004996_54.784026/ds/tmp/mriqc_wf/funcMRIQC/fMRI_HMC/e079392c00d9d5c865cb8a6f4455238b9a1a4c10/apply_hmc/mapflow/_apply_hmc0".[0m
2026-03-27 02:28:07 |[34;20m INFO     [0m|[34;20m nipype.workflow  [0m|[34;20m [Node] Executing "_apply_hmc0" <nipype.interfaces.utility.wrappers.Function>[0m
2026-03-27 02:28:30 |[34;20m INFO     [0m|[34;20m nipype.workflow  [0m|[34;20m [Node] Finished "_apply_hmc0", elapsed time 22.422895s.[0m
2026-03-27 02:28:31 |[34;20m INFO     [0m|[34;20m nipype.workflow  [0m|[34;20m [Node] Setting-up "_mean0" in "/local/nvme/ds004996_54.784026/ds/tmp/mriqc_wf/funcMRIQC/e079392c00d9d5c865cb8a6f4455238b9a1a4c10/mean/mapflow/_mean0".[0m
2026-03-27 02:28:31 |[34;20m INFO     [0m|[34;20m nipype.workflow  [0m|[34;20m [Node] Setting-up "_quality0" in "/local/nvme/ds004996_54.784026/ds/tmp/mriqc_wf/funcMRIQC/ComputeIQMs/e079392c00d9d5c865cb8a6f4455238b9a1a4c10/quality/mapflow/_quality0".[0m
2026-03-27 02:28:31 |[34;20m INFO     [0m|[34;20m nipype.workflow  [0m|[34;20m [Node] Executing "_mean0" <nipype.interfaces.afni.utils.TStat>[0m
2026-03-27 02:28:31 |[34;20m INFO     [0m|[34;20m nipype.workflow  [0m|[34;20m [Node] Executing "_quality0" <nipype.interfaces.afni.preprocess.QualityIndex>[0m
2026-03-27 02:28:31 |[34;20m INFO     [0m|[34;20m nipype.workflow  [0m|[34;20m [Node] Setting-up "_compute_tsnr0" in "/local/nvme/ds004996_54.784026/ds/tmp/mriqc_wf/funcMRIQC/e079392c00d9d5c865cb8a6f4455238b9a1a4c10/compute_tsnr/mapflow/_compute_tsnr0".[0m
2026-03-27 02:28:31 |[34;20m INFO     [0m|[34;20m nipype.workflow  [0m|[34;20m [Node] Executing "_compute_tsnr0" <nipype.algorithms.confounds.TSNR>[0m
2026-03-27 02:28:33 |[34;20m INFO     [0m|[34;20m nipype.workflow  [0m|[34;20m [Node] Finished "_compute_tsnr0", elapsed time 1.958976s.[0m
2026-03-27 02:28:35 |[34;20m INFO     [0m|[34;20m nipype.workflow  [0m|[34;20m [Node] Finished "_mean0", elapsed time 3.37884s.[0m
2026-03-27 02:28:35 |[34;20m INFO     [0m|[34;20m nipype.workflow  [0m|[34;20m [Node] Setting-up "mriqc_wf.funcMRIQC.synthstrip_wf.pre_clip" in "/local/nvme/ds004996_54.784026/ds/tmp/mriqc_wf/funcMRIQC/synthstrip_wf/e079392c00d9d5c865cb8a6f4455238b9a1a4c10/pre_clip".[0m
2026-03-27 02:28:35 |[34;20m INFO     [0m|[34;20m nipype.workflow  [0m|[34;20m [Node] Setting-up "mriqc_wf.funcMRIQC.SpatialNormalization.SharpenEPI" in "/local/nvme/ds004996_54.784026/ds/tmp/mriqc_wf/funcMRIQC/SpatialNormalization/e079392c00d9d5c865cb8a6f4455238b9a1a4c10/SharpenEPI".[0m
2026-03-27 02:28:35 |[34;20m INFO     [0m|[34;20m nipype.workflow  [0m|[34;20m [Node] Executing "pre_clip" <niworkflows.interfaces.nibabel.IntensityClip>[0m
2026-03-27 02:28:35 |[34;20m INFO     [0m|[34;20m nipype.workflow  [0m|[34;20m [Node] Executing "SharpenEPI" <nipype.interfaces.ants.segmentation.N4BiasFieldCorrection>[0m
2026-03-27 02:28:35 |[34;20m INFO     [0m|[34;20m nipype.workflow  [0m|[34;20m [Node] Setting-up "_PlotMosaicMean0" in "/local/nvme/ds004996_54.784026/ds/tmp/mriqc_wf/funcMRIQC/func_report_wf/e079392c00d9d5c865cb8a6f4455238b9a1a4c10/PlotMosaicMean/mapflow/_PlotMosaicMean0".[0m
2026-03-27 02:28:35 |[34;20m INFO     [0m|[34;20m nipype.workflow  [0m|[34;20m [Node] Setting-up "_PlotMosaicNoise0" in "/local/nvme/ds004996_54.784026/ds/tmp/mriqc_wf/funcMRIQC/func_report_wf/e079392c00d9d5c865cb8a6f4455238b9a1a4c10/PlotMosaicNoise/mapflow/_PlotMosaicNoise0".[0m
2026-03-27 02:28:35 |[34;20m INFO     [0m|[34;20m nipype.workflow  [0m|[34;20m [Node] Executing "_PlotMosaicNoise0" <nireports.interfaces.mosaic.PlotMosaic>[0m
2026-03-27 02:28:35 |[34;20m INFO     [0m|[34;20m nipype.workflow  [0m|[34;20m [Node] Executing "_PlotMosaicMean0" <nireports.interfaces.mosaic.PlotMosaic>[0m
2026-03-27 02:28:35 |[34;20m INFO     [0m|[34;20m nipype.workflow  [0m|[34;20m [Node] Setting-up "_PlotMosaicSD0" in "/local/nvme/ds004996_54.784026/ds/tmp/mriqc_wf/funcMRIQC/func_report_wf/e079392c00d9d5c865cb8a6f4455238b9a1a4c10/PlotMosaicSD/mapflow/_PlotMosaicSD0".[0m
2026-03-27 02:28:35 |[34;20m INFO     [0m|[34;20m nipype.workflow  [0m|[34;20m [Node] Executing "_PlotMosaicSD0" <nireports.interfaces.mosaic.PlotMosaic>[0m
2026-03-27 02:28:36 |[34;20m INFO     [0m|[34;20m nipype.workflow  [0m|[34;20m [Node] Finished "pre_clip", elapsed time 0.799271s.[0m
2026-03-27 02:28:37 |[34;20m INFO     [0m|[34;20m nipype.workflow  [0m|[34;20m [Node] Finished "_PlotMosaicNoise0", elapsed time 1.4748269999999999s.[0m
2026-03-27 02:28:37 |[34;20m INFO     [0m|[34;20m nipype.workflow  [0m|[34;20m [Node] Finished "_PlotMosaicMean0", elapsed time 1.512554s.[0m
2026-03-27 02:28:37 |[34;20m INFO     [0m|[34;20m nipype.workflow  [0m|[34;20m [Node] Finished "_PlotMosaicSD0", elapsed time 1.785565s.[0m
2026-03-27 02:28:37 |[34;20m INFO     [0m|[34;20m nipype.workflow  [0m|[34;20m [Node] Setting-up "_ds_report_mean0" in "/local/nvme/ds004996_54.784026/ds/tmp/mriqc_wf/funcMRIQC/func_report_wf/e079392c00d9d5c865cb8a6f4455238b9a1a4c10/ds_report_mean/mapflow/_ds_report_mean0".[0m
2026-03-27 02:28:37 |[34;20m INFO     [0m|[34;20m nipype.workflow  [0m|[34;20m [Node] Executing "_ds_report_mean0" <mriqc.interfaces.DerivativesDataSink>[0m
2026-03-27 02:28:37 |[34;20m INFO     [0m|[34;20m nipype.workflow  [0m|[34;20m [Node] Finished "_ds_report_mean0", elapsed time 0.005397s.[0m
2026-03-27 02:28:37 |[34;20m INFO     [0m|[34;20m nipype.workflow  [0m|[34;20m [Node] Setting-up "_ds_report_background0" in "/local/nvme/ds004996_54.784026/ds/tmp/mriqc_wf/funcMRIQC/func_report_wf/e079392c00d9d5c865cb8a6f4455238b9a1a4c10/ds_report_background/mapflow/_ds_report_background0".[0m
2026-03-27 02:28:37 |[34;20m INFO     [0m|[34;20m nipype.workflow  [0m|[34;20m [Node] Executing "_ds_report_background0" <mriqc.interfaces.DerivativesDataSink>[0m
2026-03-27 02:28:37 |[34;20m INFO     [0m|[34;20m nipype.workflow  [0m|[34;20m [Node] Finished "_ds_report_background0", elapsed time 0.005407s.[0m
2026-03-27 02:28:37 |[34;20m INFO     [0m|[34;20m nipype.workflow  [0m|[34;20m [Node] Setting-up "_ds_report_stdev0" in "/local/nvme/ds004996_54.784026/ds/tmp/mriqc_wf/funcMRIQC/func_report_wf/e079392c00d9d5c865cb8a6f4455238b9a1a4c10/ds_report_stdev/mapflow/_ds_report_stdev0".[0m
2026-03-27 02:28:37 |[34;20m INFO     [0m|[34;20m nipype.workflow  [0m|[34;20m [Node] Executing "_ds_report_stdev0" <mriqc.interfaces.DerivativesDataSink>[0m
2026-03-27 02:28:37 |[34;20m INFO     [0m|[34;20m nipype.workflow  [0m|[34;20m [Node] Finished "_ds_report_stdev0", elapsed time 0.005295s.[0m
2026-03-27 02:28:40 |[34;20m INFO     [0m|[34;20m nipype.workflow  [0m|[34;20m [Node] Finished "SharpenEPI", elapsed time 4.470757s.[0m
2026-03-27 02:28:43 |[34;20m INFO     [0m|[34;20m nipype.workflow  [0m|[34;20m [Node] Finished "_quality0", elapsed time 12.222478s.[0m
2026-03-27 02:28:45 |[34;20m INFO     [0m|[34;20m nipype.workflow  [0m|[34;20m [Node] Setting-up "mriqc_wf.funcMRIQC.synthstrip_wf.pre_n4" in "/local/nvme/ds004996_54.784026/ds/tmp/mriqc_wf/funcMRIQC/synthstrip_wf/576e85729e655ae45b7bc37dda85f3c959b16fc0/pre_n4".[0m
2026-03-27 02:28:45 |[34;20m INFO     [0m|[34;20m nipype.workflow  [0m|[34;20m [Node] Executing "pre_n4" <nipype.interfaces.ants.segmentation.N4BiasFieldCorrection>[0m
2026-03-27 02:28:48 |[34;20m INFO     [0m|[34;20m nipype.workflow  [0m|[34;20m [Node] Finished "pre_n4", elapsed time 1.7639719999999999s.[0m
2026-03-27 02:28:49 |[34;20m INFO     [0m|[34;20m nipype.workflow  [0m|[34;20m [Node] Setting-up "mriqc_wf.funcMRIQC.synthstrip_wf.pre_n4" in "/local/nvme/ds004996_54.784026/ds/tmp/mriqc_wf/funcMRIQC/synthstrip_wf/b03da93519cfd8e1e486b796f15ad5e4cc644700/pre_n4".[0m
2026-03-27 02:28:49 |[34;20m INFO     [0m|[34;20m nipype.workflow  [0m|[34;20m [Node] Executing "pre_n4" <nipype.interfaces.ants.segmentation.N4BiasFieldCorrection>[0m
2026-03-27 02:28:51 |[34;20m INFO     [0m|[34;20m nipype.workflow  [0m|[34;20m [Node] Finished "pre_n4", elapsed time 1.445599s.[0m
2026-03-27 02:28:51 |[34;20m INFO     [0m|[34;20m nipype.workflow  [0m|[34;20m [Node] Setting-up "mriqc_wf.funcMRIQC.synthstrip_wf.pre_n4" in "/local/nvme/ds004996_54.784026/ds/tmp/mriqc_wf/funcMRIQC/synthstrip_wf/e079392c00d9d5c865cb8a6f4455238b9a1a4c10/pre_n4".[0m
2026-03-27 02:28:51 |[34;20m INFO     [0m|[34;20m nipype.workflow  [0m|[34;20m [Node] Executing "pre_n4" <nipype.interfaces.ants.segmentation.N4BiasFieldCorrection>[0m
2026-03-27 02:28:53 |[34;20m INFO     [0m|[34;20m nipype.workflow  [0m|[34;20m [Node] Finished "pre_n4", elapsed time 1.4006370000000001s.[0m
2026-03-27 02:28:53 |[34;20m INFO     [0m|[34;20m nipype.workflow  [0m|[34;20m [Node] Setting-up "mriqc_wf.funcMRIQC.synthstrip_wf.synthstrip" in "/local/nvme/ds004996_54.784026/ds/tmp/mriqc_wf/funcMRIQC/synthstrip_wf/576e85729e655ae45b7bc37dda85f3c959b16fc0/synthstrip".[0m
2026-03-27 02:28:53 |[34;20m INFO     [0m|[34;20m nipype.workflow  [0m|[34;20m [Node] Executing "synthstrip" <mriqc.interfaces.synthstrip.SynthStrip>[0m
2026-03-27 02:29:13 |[34;20m INFO     [0m|[34;20m nipype.workflow  [0m|[34;20m [Node] Finished "synthstrip", elapsed time 19.539287s.[0m
2026-03-27 02:29:13 |[34;20m INFO     [0m|[34;20m nipype.workflow  [0m|[34;20m [Node] Setting-up "mriqc_wf.funcMRIQC.synthstrip_wf.synthstrip" in "/local/nvme/ds004996_54.784026/ds/tmp/mriqc_wf/funcMRIQC/synthstrip_wf/b03da93519cfd8e1e486b796f15ad5e4cc644700/synthstrip".[0m
2026-03-27 02:29:13 |[34;20m INFO     [0m|[34;20m nipype.workflow  [0m|[34;20m [Node] Executing "synthstrip" <mriqc.interfaces.synthstrip.SynthStrip>[0m
2026-03-27 02:29:32 |[34;20m INFO     [0m|[34;20m nipype.workflow  [0m|[34;20m [Node] Finished "synthstrip", elapsed time 18.851007s.[0m
2026-03-27 02:29:33 |[34;20m INFO     [0m|[34;20m nipype.workflow  [0m|[34;20m [Node] Setting-up "mriqc_wf.funcMRIQC.synthstrip_wf.synthstrip" in "/local/nvme/ds004996_54.784026/ds/tmp/mriqc_wf/funcMRIQC/synthstrip_wf/e079392c00d9d5c865cb8a6f4455238b9a1a4c10/synthstrip".[0m
2026-03-27 02:29:33 |[34;20m INFO     [0m|[34;20m nipype.workflow  [0m|[34;20m [Node] Executing "synthstrip" <mriqc.interfaces.synthstrip.SynthStrip>[0m
2026-03-27 02:29:51 |[34;20m INFO     [0m|[34;20m nipype.workflow  [0m|[34;20m [Node] Finished "synthstrip", elapsed time 17.308057s.[0m
2026-03-27 02:29:51 |[34;20m INFO     [0m|[34;20m nipype.workflow  [0m|[34;20m [Node] Setting-up "mriqc_wf.funcMRIQC.synthstrip_wf.post_n4" in "/local/nvme/ds004996_54.784026/ds/tmp/mriqc_wf/funcMRIQC/synthstrip_wf/576e85729e655ae45b7bc37dda85f3c959b16fc0/post_n4".[0m
2026-03-27 02:29:51 |[34;20m INFO     [0m|[34;20m nipype.workflow  [0m|[34;20m [Node] Executing "post_n4" <nipype.interfaces.ants.segmentation.N4BiasFieldCorrection>[0m
2026-03-27 02:29:53 |[34;20m INFO     [0m|[34;20m nipype.workflow  [0m|[34;20m [Node] Finished "post_n4", elapsed time 1.276863s.[0m
2026-03-27 02:29:53 |[34;20m INFO     [0m|[34;20m nipype.workflow  [0m|[34;20m [Node] Setting-up "mriqc_wf.funcMRIQC.SpatialNormalization.EPI2MNI" in "/local/nvme/ds004996_54.784026/ds/tmp/mriqc_wf/funcMRIQC/SpatialNormalization/576e85729e655ae45b7bc37dda85f3c959b16fc0/EPI2MNI".[0m
2026-03-27 02:29:53 |[34;20m INFO     [0m|[34;20m nipype.workflow  [0m|[34;20m [Node] Executing "EPI2MNI" <niworkflows.interfaces.reportlets.registration.SpatialNormalizationRPT>[0m
2026-03-27 02:29:53 |[34;20m INFO     [0m|[34;20m niworkflows      [0m|[34;20m Estimating initial transform using AffineInitializer[0m
2026-03-27 02:30:00 |[34;20m INFO     [0m|[34;20m niworkflows      [0m|[34;20m Terminal outputs of initialization saved (/local/nvme/ds004996_54.784026/ds/tmp/mriqc_wf/funcMRIQC/SpatialNormalization/576e85729e655ae45b7bc37dda85f3c959b16fc0/EPI2MNI/stderr.nipype-init).[0m
2026-03-27 02:30:00 |[34;20m INFO     [0m|[34;20m niworkflows      [0m|[34;20m Loading settings from file /opt/conda/lib/python3.11/site-packages/niworkflows/data/boldref-mni_registration_precise_000.json.[0m
2026-03-27 02:30:00 |[34;20m INFO     [0m|[34;20m niworkflows      [0m|[34;20m Retry #1, commandline: 
antsRegistration --collapse-output-transforms 1 --dimensionality 3 --float 0 --initial-moving-transform [ /local/nvme/ds004996_54.784026/ds/tmp/mriqc_wf/funcMRIQC/SpatialNormalization/576e85729e655ae45b7bc37dda85f3c959b16fc0/EPI2MNI/transform.mat, 0 ] --initialize-transforms-per-stage 0 --interpolation LanczosWindowedSinc --output [ epi_to_mni, epi_to_mni_Warped.nii.gz ] --transform Rigid[ 0.05 ] --metric Mattes[ /templateflow/tpl-MNI152NLin2009cAsym/tpl-MNI152NLin2009cAsym_res-02_desc-fMRIPrep_boldref.nii.gz, /local/nvme/ds004996_54.784026/ds/tmp/mriqc_wf/funcMRIQC/SpatialNormalization/576e85729e655ae45b7bc37dda85f3c959b16fc0/SharpenEPI/sub-54_task-conversation_run-01_bold_desc-realigned_valid_tstat_corrected.nii.gz, 1, 56, Regular, 0.25 ] --convergence [ 10000x1000x100, 1e-06, 20 ] --smoothing-sigmas 4.0x2.0x1.0vox --shrink-factors 4x2x1 --use-histogram-matching 1 --masks [ /templateflow/tpl-MNI152NLin2009cAsym/tpl-MNI152NLin2009cAsym_res-02_desc-brain_mask.nii.gz, /local/nvme/ds004996_54.784026/ds/tmp/mriqc_wf/funcMRIQC/synthstrip_wf/576e85729e655ae45b7bc37dda85f3c959b16fc0/synthstrip/clipped_corrected_desc-brain_mask.nii.gz ] --transform Affine[ 0.08 ] --metric Mattes[ /templateflow/tpl-MNI152NLin2009cAsym/tpl-MNI152NLin2009cAsym_res-02_desc-fMRIPrep_boldref.nii.gz, /local/nvme/ds004996_54.784026/ds/tmp/mriqc_wf/funcMRIQC/SpatialNormalization/576e85729e655ae45b7bc37dda85f3c959b16fc0/SharpenEPI/sub-54_task-conversation_run-01_bold_desc-realigned_valid_tstat_corrected.nii.gz, 1, 56, Regular, 0.25 ] --convergence [ 500x250x100, 1e-06, 20 ] --smoothing-sigmas 4.0x2.0x1.0vox --shrink-factors 8x4x2 --use-histogram-matching 1 --masks [ /templateflow/tpl-MNI152NLin2009cAsym/tpl-MNI152NLin2009cAsym_res-02_desc-brain_mask.nii.gz, /local/nvme/ds004996_54.784026/ds/tmp/mriqc_wf/funcMRIQC/synthstrip_wf/576e85729e655ae45b7bc37dda85f3c959b16fc0/synthstrip/clipped_corrected_desc-brain_mask.nii.gz ] --transform SyN[ 0.1, 3.0, 0.0 ] --metric CC[ /templateflow/tpl-MNI152NLin2009cAsym/tpl-MNI152NLin2009cAsym_res-02_desc-fMRIPrep_boldref.nii.gz, /local/nvme/ds004996_54.784026/ds/tmp/mriqc_wf/funcMRIQC/SpatialNormalization/576e85729e655ae45b7bc37dda85f3c959b16fc0/SharpenEPI/sub-54_task-conversation_run-01_bold_desc-realigned_valid_tstat_corrected.nii.gz, 1, 4, None, 1 ] --convergence [ 100x30x20, 1e-06, 10 ] --smoothing-sigmas 3.0x2.0x1.0vox --shrink-factors 8x4x2 --use-histogram-matching 1 --masks [ /templateflow/tpl-MNI152NLin2009cAsym/tpl-MNI152NLin2009cAsym_res-02_desc-brain_mask.nii.gz, /local/nvme/ds004996_54.784026/ds/tmp/mriqc_wf/funcMRIQC/synthstrip_wf/576e85729e655ae45b7bc37dda85f3c959b16fc0/synthstrip/clipped_corrected_desc-brain_mask.nii.gz ] --winsorize-image-intensities [ 0.005, 0.995 ]  --write-composite-transform 1[0m
2026-03-27 02:30:14 |[34;20m INFO     [0m|[34;20m niworkflows      [0m|[34;20m Successful spatial normalization (retry #1).[0m
2026-03-27 02:30:14 |[34;20m INFO     [0m|[34;20m niworkflows      [0m|[34;20m Report - setting fixed (/templateflow/tpl-MNI152NLin2009cAsym/tpl-MNI152NLin2009cAsym_res-02_desc-fMRIPrep_boldref.nii.gz) and moving (/local/nvme/ds004996_54.784026/ds/tmp/mriqc_wf/funcMRIQC/SpatialNormalization/576e85729e655ae45b7bc37dda85f3c959b16fc0/EPI2MNI/epi_to_mni_Warped.nii.gz) images[0m
2026-03-27 02:30:14 |[34;20m INFO     [0m|[34;20m niworkflows      [0m|[34;20m Generating visual report[0m
2026-03-27 02:30:32 |[34;20m INFO     [0m|[34;20m nipype.workflow  [0m|[34;20m [Node] Finished "EPI2MNI", elapsed time 38.832331s.[0m
2026-03-27 02:30:33 |[34;20m INFO     [0m|[34;20m nipype.workflow  [0m|[34;20m [Node] Setting-up "mriqc_wf.funcMRIQC.func_report_wf.dilated_mask" in "/local/nvme/ds004996_54.784026/ds/tmp/mriqc_wf/funcMRIQC/func_report_wf/576e85729e655ae45b7bc37dda85f3c959b16fc0/dilated_mask".[0m
2026-03-27 02:30:33 |[34;20m INFO     [0m|[34;20m nipype.workflow  [0m|[34;20m [Node] Setting-up "_smoothness0" in "/local/nvme/ds004996_54.784026/ds/tmp/mriqc_wf/funcMRIQC/ComputeIQMs/576e85729e655ae45b7bc37dda85f3c959b16fc0/smoothness/mapflow/_smoothness0".[0m
2026-03-27 02:30:33 |[34;20m INFO     [0m|[34;20m nipype.workflow  [0m|[34;20m [Node] Setting-up "mriqc_wf.funcMRIQC.func_report_wf.PlotBrainmask" in "/local/nvme/ds004996_54.784026/ds/tmp/mriqc_wf/funcMRIQC/func_report_wf/576e85729e655ae45b7bc37dda85f3c959b16fc0/PlotBrainmask".[0m
2026-03-27 02:30:33 |[34;20m INFO     [0m|[34;20m nipype.workflow  [0m|[34;20m [Node] Setting-up "_outliers0" in "/local/nvme/ds004996_54.784026/ds/tmp/mriqc_wf/funcMRIQC/ComputeIQMs/576e85729e655ae45b7bc37dda85f3c959b16fc0/outliers/mapflow/_outliers0".[0m
2026-03-27 02:30:33 |[34;20m INFO     [0m|[34;20m nipype.workflow  [0m|[34;20m [Node] Executing "dilated_mask" <niworkflows.interfaces.morphology.BinaryDilation>[0m
2026-03-27 02:30:33 |[34;20m INFO     [0m|[34;20m nipype.workflow  [0m|[34;20m [Node] Executing "_smoothness0" <nipype.interfaces.afni.utils.FWHMx>[0m
2026-03-27 02:30:33 |[34;20m INFO     [0m|[34;20m nipype.workflow  [0m|[34;20m [Node] Setting-up "_gcor0" in "/local/nvme/ds004996_54.784026/ds/tmp/mriqc_wf/funcMRIQC/ComputeIQMs/576e85729e655ae45b7bc37dda85f3c959b16fc0/gcor/mapflow/_gcor0".[0m
2026-03-27 02:30:33 |[34;20m INFO     [0m|[34;20m nipype.workflow  [0m|[34;20m [Node] Executing "_outliers0" <nipype.interfaces.afni.preprocess.OutlierCount>[0m
2026-03-27 02:30:33 |[34;20m INFO     [0m|[34;20m nipype.workflow  [0m|[34;20m [Node] Executing "_gcor0" <mriqc.interfaces.transitional.GCOR>[0m
2026-03-27 02:30:33 |[34;20m INFO     [0m|[34;20m nipype.workflow  [0m|[34;20m [Node] Setting-up "_PlotMosaicZoomed0" in "/local/nvme/ds004996_54.784026/ds/tmp/mriqc_wf/funcMRIQC/func_report_wf/576e85729e655ae45b7bc37dda85f3c959b16fc0/PlotMosaicZoomed/mapflow/_PlotMosaicZoomed0".[0m
2026-03-27 02:30:33 |[34;20m INFO     [0m|[34;20m nipype.workflow  [0m|[34;20m [Node] Executing "PlotBrainmask" <nireports.interfaces.mosaic.PlotContours>[0m
2026-03-27 02:30:33 |[34;20m INFO     [0m|[34;20m nipype.workflow  [0m|[34;20m [Node] Setting-up "_ComputeDVARS0" in "/local/nvme/ds004996_54.784026/ds/tmp/mriqc_wf/funcMRIQC/ComputeIQMs/576e85729e655ae45b7bc37dda85f3c959b16fc0/ComputeDVARS/mapflow/_ComputeDVARS0".[0m
2026-03-27 02:30:33 |[34;20m INFO     [0m|[34;20m nipype.workflow  [0m|[34;20m [Node] Executing "_PlotMosaicZoomed0" <nireports.interfaces.mosaic.PlotMosaic>[0m
2026-03-27 02:30:33 |[34;20m INFO     [0m|[34;20m nipype.workflow  [0m|[34;20m [Node] Executing "_ComputeDVARS0" <nipype.algorithms.confounds.ComputeDVARS>[0m
2026-03-27 02:30:33 |[34;20m INFO     [0m|[34;20m nipype.workflow  [0m|[34;20m [Node] Setting-up "_ComputeDVARS0" in "/local/nvme/ds004996_54.784026/ds/tmp/mriqc_wf/funcMRIQC/ComputeIQMs/b03da93519cfd8e1e486b796f15ad5e4cc644700/ComputeDVARS/mapflow/_ComputeDVARS0".[0m
2026-03-27 02:30:33 |[34;20m INFO     [0m|[34;20m nipype.workflow  [0m|[34;20m [Node] Executing "_ComputeDVARS0" <nipype.algorithms.confounds.ComputeDVARS>[0m
2026-03-27 02:30:33 |[34;20m INFO     [0m|[34;20m nipype.workflow  [0m|[34;20m [Node] Finished "dilated_mask", elapsed time 0.052186s.[0m
2026-03-27 02:30:34 |[34;20m INFO     [0m|[34;20m nipype.workflow  [0m|[34;20m [Node] Finished "_smoothness0", elapsed time 0.765274s.[0m
2026-03-27 02:30:35 |[34;20m INFO     [0m|[34;20m nipype.workflow  [0m|[34;20m [Node] Finished "PlotBrainmask", elapsed time 1.450422s.[0m
2026-03-27 02:30:35 |[34;20m INFO     [0m|[34;20m nipype.workflow  [0m|[34;20m [Node] Finished "_PlotMosaicZoomed0", elapsed time 1.688999s.[0m
2026-03-27 02:30:35 |[34;20m INFO     [0m|[34;20m nipype.workflow  [0m|[34;20m [Node] Setting-up "mriqc_wf.funcMRIQC.func_report_wf.dilated_mask" in "/local/nvme/ds004996_54.784026/ds/tmp/mriqc_wf/funcMRIQC/func_report_wf/b03da93519cfd8e1e486b796f15ad5e4cc644700/dilated_mask".[0m
2026-03-27 02:30:35 |[34;20m INFO     [0m|[34;20m nipype.workflow  [0m|[34;20m [Node] Setting-up "_smoothness0" in "/local/nvme/ds004996_54.784026/ds/tmp/mriqc_wf/funcMRIQC/ComputeIQMs/b03da93519cfd8e1e486b796f15ad5e4cc644700/smoothness/mapflow/_smoothness0".[0m
2026-03-27 02:30:35 |[34;20m INFO     [0m|[34;20m nipype.workflow  [0m|[34;20m [Node] Setting-up "_outliers0" in "/local/nvme/ds004996_54.784026/ds/tmp/mriqc_wf/funcMRIQC/ComputeIQMs/b03da93519cfd8e1e486b796f15ad5e4cc644700/outliers/mapflow/_outliers0".[0m
2026-03-27 02:30:35 |[34;20m INFO     [0m|[34;20m nipype.workflow  [0m|[34;20m [Node] Executing "dilated_mask" <niworkflows.interfaces.morphology.BinaryDilation>[0m
2026-03-27 02:30:35 |[34;20m INFO     [0m|[34;20m nipype.workflow  [0m|[34;20m [Node] Executing "_smoothness0" <nipype.interfaces.afni.utils.FWHMx>[0m
2026-03-27 02:30:35 |[34;20m INFO     [0m|[34;20m nipype.workflow  [0m|[34;20m [Node] Setting-up "_gcor0" in "/local/nvme/ds004996_54.784026/ds/tmp/mriqc_wf/funcMRIQC/ComputeIQMs/b03da93519cfd8e1e486b796f15ad5e4cc644700/gcor/mapflow/_gcor0".[0m
2026-03-27 02:30:35 |[34;20m INFO     [0m|[34;20m nipype.workflow  [0m|[34;20m [Node] Executing "_outliers0" <nipype.interfaces.afni.preprocess.OutlierCount>[0m
2026-03-27 02:30:35 |[34;20m INFO     [0m|[34;20m nipype.workflow  [0m|[34;20m [Node] Executing "_gcor0" <mriqc.interfaces.transitional.GCOR>[0m
2026-03-27 02:30:35 |[34;20m INFO     [0m|[34;20m nipype.workflow  [0m|[34;20m [Node] Finished "dilated_mask", elapsed time 0.04708s.[0m
2026-03-27 02:30:36 |[34;20m INFO     [0m|[34;20m nipype.workflow  [0m|[34;20m [Node] Finished "_smoothness0", elapsed time 0.722209s.[0m
2026-03-27 02:30:37 |[34;20m INFO     [0m|[34;20m nipype.workflow  [0m|[34;20m [Node] Setting-up "mriqc_wf.funcMRIQC.func_report_wf.PlotBrainmask" in "/local/nvme/ds004996_54.784026/ds/tmp/mriqc_wf/funcMRIQC/func_report_wf/b03da93519cfd8e1e486b796f15ad5e4cc644700/PlotBrainmask".[0m
2026-03-27 02:30:37 |[34;20m INFO     [0m|[34;20m nipype.workflow  [0m|[34;20m [Node] Executing "PlotBrainmask" <nireports.interfaces.mosaic.PlotContours>[0m
2026-03-27 02:30:37 |[34;20m INFO     [0m|[34;20m nipype.workflow  [0m|[34;20m [Node] Setting-up "_PlotMosaicZoomed0" in "/local/nvme/ds004996_54.784026/ds/tmp/mriqc_wf/funcMRIQC/func_report_wf/b03da93519cfd8e1e486b796f15ad5e4cc644700/PlotMosaicZoomed/mapflow/_PlotMosaicZoomed0".[0m
2026-03-27 02:30:37 |[34;20m INFO     [0m|[34;20m nipype.workflow  [0m|[34;20m [Node] Executing "_PlotMosaicZoomed0" <nireports.interfaces.mosaic.PlotMosaic>[0m
2026-03-27 02:30:38 |[34;20m INFO     [0m|[34;20m nipype.workflow  [0m|[34;20m [Node] Finished "_outliers0", elapsed time 4.89445s.[0m
2026-03-27 02:30:39 |[34;20m INFO     [0m|[34;20m nipype.workflow  [0m|[34;20m [Node] Finished "PlotBrainmask", elapsed time 1.38296s.[0m
2026-03-27 02:30:39 |[34;20m INFO     [0m|[34;20m nipype.workflow  [0m|[34;20m [Node] Finished "_PlotMosaicZoomed0", elapsed time 1.870379s.[0m
2026-03-27 02:30:39 |[34;20m INFO     [0m|[34;20m nipype.workflow  [0m|[34;20m [Node] Setting-up "_ComputeDVARS0" in "/local/nvme/ds004996_54.784026/ds/tmp/mriqc_wf/funcMRIQC/ComputeIQMs/e079392c00d9d5c865cb8a6f4455238b9a1a4c10/ComputeDVARS/mapflow/_ComputeDVARS0".[0m
2026-03-27 02:30:39 |[34;20m INFO     [0m|[34;20m nipype.workflow  [0m|[34;20m [Node] Executing "_ComputeDVARS0" <nipype.algorithms.confounds.ComputeDVARS>[0m
2026-03-27 02:30:39 |[34;20m INFO     [0m|[34;20m nipype.workflow  [0m|[34;20m [Node] Setting-up "_smoothness0" in "/local/nvme/ds004996_54.784026/ds/tmp/mriqc_wf/funcMRIQC/ComputeIQMs/e079392c00d9d5c865cb8a6f4455238b9a1a4c10/smoothness/mapflow/_smoothness0".[0m
2026-03-27 02:30:39 |[34;20m INFO     [0m|[34;20m nipype.workflow  [0m|[34;20m [Node] Executing "_smoothness0" <nipype.interfaces.afni.utils.FWHMx>[0m
2026-03-27 02:30:40 |[34;20m INFO     [0m|[34;20m nipype.workflow  [0m|[34;20m [Node] Finished "_smoothness0", elapsed time 0.766065s.[0m
2026-03-27 02:30:40 |[34;20m INFO     [0m|[34;20m nipype.workflow  [0m|[34;20m [Node] Finished "_outliers0", elapsed time 4.820097s.[0m
2026-03-27 02:30:41 |[34;20m INFO     [0m|[34;20m nipype.workflow  [0m|[34;20m [Node] Setting-up "mriqc_wf.funcMRIQC.func_report_wf.dilated_mask" in "/local/nvme/ds004996_54.784026/ds/tmp/mriqc_wf/funcMRIQC/func_report_wf/e079392c00d9d5c865cb8a6f4455238b9a1a4c10/dilated_mask".[0m
2026-03-27 02:30:41 |[34;20m INFO     [0m|[34;20m nipype.workflow  [0m|[34;20m [Node] Executing "dilated_mask" <niworkflows.interfaces.morphology.BinaryDilation>[0m
2026-03-27 02:30:41 |[34;20m INFO     [0m|[34;20m nipype.workflow  [0m|[34;20m [Node] Setting-up "_outliers0" in "/local/nvme/ds004996_54.784026/ds/tmp/mriqc_wf/funcMRIQC/ComputeIQMs/e079392c00d9d5c865cb8a6f4455238b9a1a4c10/outliers/mapflow/_outliers0".[0m
2026-03-27 02:30:41 |[34;20m INFO     [0m|[34;20m nipype.workflow  [0m|[34;20m [Node] Setting-up "_gcor0" in "/local/nvme/ds004996_54.784026/ds/tmp/mriqc_wf/funcMRIQC/ComputeIQMs/e079392c00d9d5c865cb8a6f4455238b9a1a4c10/gcor/mapflow/_gcor0".[0m
2026-03-27 02:30:41 |[34;20m INFO     [0m|[34;20m nipype.workflow  [0m|[34;20m [Node] Executing "_outliers0" <nipype.interfaces.afni.preprocess.OutlierCount>[0m
2026-03-27 02:30:41 |[34;20m INFO     [0m|[34;20m nipype.workflow  [0m|[34;20m [Node] Executing "_gcor0" <mriqc.interfaces.transitional.GCOR>[0m
2026-03-27 02:30:41 |[34;20m INFO     [0m|[34;20m nipype.workflow  [0m|[34;20m [Node] Finished "dilated_mask", elapsed time 0.04608s.[0m
2026-03-27 02:30:43 |[34;20m INFO     [0m|[34;20m nipype.workflow  [0m|[34;20m [Node] Setting-up "_PlotMosaicZoomed0" in "/local/nvme/ds004996_54.784026/ds/tmp/mriqc_wf/funcMRIQC/func_report_wf/e079392c00d9d5c865cb8a6f4455238b9a1a4c10/PlotMosaicZoomed/mapflow/_PlotMosaicZoomed0".[0m
2026-03-27 02:30:43 |[34;20m INFO     [0m|[34;20m nipype.workflow  [0m|[34;20m [Node] Executing "_PlotMosaicZoomed0" <nireports.interfaces.mosaic.PlotMosaic>[0m
2026-03-27 02:30:44 |[34;20m INFO     [0m|[34;20m nipype.workflow  [0m|[34;20m [Node] Finished "_gcor0", elapsed time 10.499907s.[0m
2026-03-27 02:30:45 |[34;20m INFO     [0m|[34;20m nipype.workflow  [0m|[34;20m [Node] Finished "_PlotMosaicZoomed0", elapsed time 1.682648s.[0m
2026-03-27 02:30:45 |[34;20m INFO     [0m|[34;20m nipype.workflow  [0m|[34;20m [Node] Finished "_gcor0", elapsed time 9.687456s.[0m
2026-03-27 02:30:45 |[34;20m INFO     [0m|[34;20m nipype.workflow  [0m|[34;20m [Node] Setting-up "mriqc_wf.funcMRIQC.func_report_wf.PlotBrainmask" in "/local/nvme/ds004996_54.784026/ds/tmp/mriqc_wf/funcMRIQC/func_report_wf/e079392c00d9d5c865cb8a6f4455238b9a1a4c10/PlotBrainmask".[0m
2026-03-27 02:30:45 |[34;20m INFO     [0m|[34;20m nipype.workflow  [0m|[34;20m [Node] Setting-up "mriqc_wf.funcMRIQC.synthstrip_wf.final_masked" in "/local/nvme/ds004996_54.784026/ds/tmp/mriqc_wf/funcMRIQC/synthstrip_wf/576e85729e655ae45b7bc37dda85f3c959b16fc0/final_masked".[0m
2026-03-27 02:30:45 |[34;20m INFO     [0m|[34;20m nipype.workflow  [0m|[34;20m [Node] Executing "PlotBrainmask" <nireports.interfaces.mosaic.PlotContours>[0m
2026-03-27 02:30:45 |[34;20m INFO     [0m|[34;20m nipype.workflow  [0m|[34;20m [Node] Setting-up "mriqc_wf.funcMRIQC.SpatialNormalization.ResampleSegmentation" in "/local/nvme/ds004996_54.784026/ds/tmp/mriqc_wf/funcMRIQC/SpatialNormalization/576e85729e655ae45b7bc37dda85f3c959b16fc0/ResampleSegmentation".[0m
2026-03-27 02:30:45 |[34;20m INFO     [0m|[34;20m nipype.workflow  [0m|[34;20m [Node] Executing "final_masked" <niworkflows.interfaces.nibabel.ApplyMask>[0m
2026-03-27 02:30:45 |[34;20m INFO     [0m|[34;20m nipype.workflow  [0m|[34;20m [Node] Executing "ResampleSegmentation" <nipype.interfaces.ants.resampling.ApplyTransforms>[0m
2026-03-27 02:30:45 |[34;20m INFO     [0m|[34;20m nipype.workflow  [0m|[34;20m [Node] Finished "final_masked", elapsed time 0.037037s.[0m
2026-03-27 02:30:46 |[34;20m INFO     [0m|[34;20m nipype.workflow  [0m|[34;20m [Node] Finished "_outliers0", elapsed time 5.058244s.[0m
2026-03-27 02:30:47 |[34;20m INFO     [0m|[34;20m nipype.workflow  [0m|[34;20m [Node] Finished "PlotBrainmask", elapsed time 1.342562s.[0m
2026-03-27 02:30:47 |[34;20m INFO     [0m|[34;20m nipype.workflow  [0m|[34;20m [Node] Setting-up "mriqc_wf.funcMRIQC.func_report_wf.ds_report_norm" in "/local/nvme/ds004996_54.784026/ds/tmp/mriqc_wf/funcMRIQC/func_report_wf/576e85729e655ae45b7bc37dda85f3c959b16fc0/ds_report_norm".[0m
2026-03-27 02:30:47 |[34;20m INFO     [0m|[34;20m nipype.workflow  [0m|[34;20m [Node] Executing "ds_report_norm" <mriqc.interfaces.DerivativesDataSink>[0m
2026-03-27 02:30:47 |[34;20m INFO     [0m|[34;20m nipype.workflow  [0m|[34;20m [Node] Finished "ds_report_norm", elapsed time 0.006027s.[0m
2026-03-27 02:30:47 |[34;20m INFO     [0m|[34;20m nipype.workflow  [0m|[34;20m [Node] Setting-up "mriqc_wf.funcMRIQC.func_report_wf.subtract_mask" in "/local/nvme/ds004996_54.784026/ds/tmp/mriqc_wf/funcMRIQC/func_report_wf/576e85729e655ae45b7bc37dda85f3c959b16fc0/subtract_mask".[0m
2026-03-27 02:30:47 |[34;20m INFO     [0m|[34;20m nipype.workflow  [0m|[34;20m [Node] Executing "subtract_mask" <niworkflows.interfaces.morphology.BinarySubtraction>[0m
2026-03-27 02:30:47 |[34;20m INFO     [0m|[34;20m nipype.workflow  [0m|[34;20m [Node] Setting-up "_ds_report_zoomed0" in "/local/nvme/ds004996_54.784026/ds/tmp/mriqc_wf/funcMRIQC/func_report_wf/576e85729e655ae45b7bc37dda85f3c959b16fc0/ds_report_zoomed/mapflow/_ds_report_zoomed0".[0m
2026-03-27 02:30:47 |[34;20m INFO     [0m|[34;20m nipype.workflow  [0m|[34;20m [Node] Executing "_ds_report_zoomed0" <mriqc.interfaces.DerivativesDataSink>[0m
2026-03-27 02:30:47 |[34;20m INFO     [0m|[34;20m nipype.workflow  [0m|[34;20m [Node] Finished "_ds_report_zoomed0", elapsed time 0.005743s.[0m
2026-03-27 02:30:47 |[34;20m INFO     [0m|[34;20m nipype.workflow  [0m|[34;20m [Node] Finished "subtract_mask", elapsed time 0.015208s.[0m
2026-03-27 02:30:47 |[34;20m INFO     [0m|[34;20m nipype.workflow  [0m|[34;20m [Node] Setting-up "mriqc_wf.funcMRIQC.func_report_wf.ds_report_bmask" in "/local/nvme/ds004996_54.784026/ds/tmp/mriqc_wf/funcMRIQC/func_report_wf/576e85729e655ae45b7bc37dda85f3c959b16fc0/ds_report_bmask".[0m
2026-03-27 02:30:47 |[34;20m INFO     [0m|[34;20m nipype.workflow  [0m|[34;20m [Node] Executing "ds_report_bmask" <mriqc.interfaces.DerivativesDataSink>[0m
2026-03-27 02:30:47 |[34;20m INFO     [0m|[34;20m nipype.workflow  [0m|[34;20m [Node] Finished "ds_report_bmask", elapsed time 0.005535s.[0m
2026-03-27 02:30:48 |[34;20m INFO     [0m|[34;20m nipype.workflow  [0m|[34;20m [Node] Setting-up "mriqc_wf.funcMRIQC.func_report_wf.subtract_mask" in "/local/nvme/ds004996_54.784026/ds/tmp/mriqc_wf/funcMRIQC/func_report_wf/b03da93519cfd8e1e486b796f15ad5e4cc644700/subtract_mask".[0m
2026-03-27 02:30:48 |[34;20m INFO     [0m|[34;20m nipype.workflow  [0m|[34;20m [Node] Executing "subtract_mask" <niworkflows.interfaces.morphology.BinarySubtraction>[0m
2026-03-27 02:30:48 |[34;20m INFO     [0m|[34;20m nipype.workflow  [0m|[34;20m [Node] Setting-up "_ds_report_zoomed0" in "/local/nvme/ds004996_54.784026/ds/tmp/mriqc_wf/funcMRIQC/func_report_wf/b03da93519cfd8e1e486b796f15ad5e4cc644700/ds_report_zoomed/mapflow/_ds_report_zoomed0".[0m
2026-03-27 02:30:48 |[34;20m INFO     [0m|[34;20m nipype.workflow  [0m|[34;20m [Node] Executing "_ds_report_zoomed0" <mriqc.interfaces.DerivativesDataSink>[0m
2026-03-27 02:30:48 |[34;20m INFO     [0m|[34;20m nipype.workflow  [0m|[34;20m [Node] Finished "_ds_report_zoomed0", elapsed time 0.005495s.[0m
2026-03-27 02:30:48 |[34;20m INFO     [0m|[34;20m nipype.workflow  [0m|[34;20m [Node] Finished "subtract_mask", elapsed time 0.014411s.[0m
2026-03-27 02:30:48 |[34;20m INFO     [0m|[34;20m nipype.workflow  [0m|[34;20m [Node] Setting-up "mriqc_wf.funcMRIQC.func_report_wf.ds_report_bmask" in "/local/nvme/ds004996_54.784026/ds/tmp/mriqc_wf/funcMRIQC/func_report_wf/b03da93519cfd8e1e486b796f15ad5e4cc644700/ds_report_bmask".[0m
2026-03-27 02:30:48 |[34;20m INFO     [0m|[34;20m nipype.workflow  [0m|[34;20m [Node] Executing "ds_report_bmask" <mriqc.interfaces.DerivativesDataSink>[0m
2026-03-27 02:30:48 |[34;20m INFO     [0m|[34;20m nipype.workflow  [0m|[34;20m [Node] Finished "ds_report_bmask", elapsed time 0.00527s.[0m
2026-03-27 02:30:48 |[34;20m INFO     [0m|[34;20m nipype.workflow  [0m|[34;20m [Node] Setting-up "mriqc_wf.funcMRIQC.func_report_wf.subtract_mask" in "/local/nvme/ds004996_54.784026/ds/tmp/mriqc_wf/funcMRIQC/func_report_wf/e079392c00d9d5c865cb8a6f4455238b9a1a4c10/subtract_mask".[0m
2026-03-27 02:30:48 |[34;20m INFO     [0m|[34;20m nipype.workflow  [0m|[34;20m [Node] Executing "subtract_mask" <niworkflows.interfaces.morphology.BinarySubtraction>[0m
2026-03-27 02:30:48 |[34;20m INFO     [0m|[34;20m nipype.workflow  [0m|[34;20m [Node] Finished "subtract_mask", elapsed time 0.01742s.[0m
2026-03-27 02:30:48 |[34;20m INFO     [0m|[34;20m nipype.workflow  [0m|[34;20m [Node] Finished "ResampleSegmentation", elapsed time 2.934709s.[0m
2026-03-27 02:30:49 |[34;20m INFO     [0m|[34;20m nipype.workflow  [0m|[34;20m [Node] Setting-up "_ds_report_zoomed0" in "/local/nvme/ds004996_54.784026/ds/tmp/mriqc_wf/funcMRIQC/func_report_wf/e079392c00d9d5c865cb8a6f4455238b9a1a4c10/ds_report_zoomed/mapflow/_ds_report_zoomed0".[0m
2026-03-27 02:30:49 |[34;20m INFO     [0m|[34;20m nipype.workflow  [0m|[34;20m [Node] Executing "_ds_report_zoomed0" <mriqc.interfaces.DerivativesDataSink>[0m
2026-03-27 02:30:49 |[34;20m INFO     [0m|[34;20m nipype.workflow  [0m|[34;20m [Node] Finished "_ds_report_zoomed0", elapsed time 0.005882s.[0m
2026-03-27 02:30:49 |[34;20m INFO     [0m|[34;20m nipype.workflow  [0m|[34;20m [Node] Setting-up "mriqc_wf.funcMRIQC.func_report_wf.ds_report_bmask" in "/local/nvme/ds004996_54.784026/ds/tmp/mriqc_wf/funcMRIQC/func_report_wf/e079392c00d9d5c865cb8a6f4455238b9a1a4c10/ds_report_bmask".[0m
2026-03-27 02:30:49 |[34;20m INFO     [0m|[34;20m nipype.workflow  [0m|[34;20m [Node] Executing "ds_report_bmask" <mriqc.interfaces.DerivativesDataSink>[0m
2026-03-27 02:30:49 |[34;20m INFO     [0m|[34;20m nipype.workflow  [0m|[34;20m [Node] Finished "ds_report_bmask", elapsed time 0.0056s.[0m
2026-03-27 02:30:49 |[34;20m INFO     [0m|[34;20m nipype.workflow  [0m|[34;20m [Node] Setting-up "mriqc_wf.funcMRIQC.func_report_wf.parcels" in "/local/nvme/ds004996_54.784026/ds/tmp/mriqc_wf/funcMRIQC/func_report_wf/576e85729e655ae45b7bc37dda85f3c959b16fc0/parcels".[0m
2026-03-27 02:30:49 |[34;20m INFO     [0m|[34;20m nipype.workflow  [0m|[34;20m [Node] Executing "parcels" <nipype.interfaces.utility.wrappers.Function>[0m
2026-03-27 02:30:49 |[34;20m INFO     [0m|[34;20m nipype.workflow  [0m|[34;20m [Node] Finished "parcels", elapsed time 0.027932s.[0m
2026-03-27 02:30:51 |[34;20m INFO     [0m|[34;20m nipype.workflow  [0m|[34;20m [Node] Finished "_gcor0", elapsed time 10.108834s.[0m
2026-03-27 02:30:54 |[34;20m INFO     [0m|[34;20m nipype.workflow  [0m|[34;20m [Node] Finished "_ComputeDVARS0", elapsed time 20.755078s.[0m
2026-03-27 02:30:55 |[34;20m INFO     [0m|[34;20m nipype.workflow  [0m|[34;20m [Node] Setting-up "_measures0" in "/local/nvme/ds004996_54.784026/ds/tmp/mriqc_wf/funcMRIQC/ComputeIQMs/b03da93519cfd8e1e486b796f15ad5e4cc644700/measures/mapflow/_measures0".[0m
2026-03-27 02:30:55 |[34;20m INFO     [0m|[34;20m nipype.workflow  [0m|[34;20m [Node] Executing "_measures0" <mriqc.interfaces.functional.FunctionalQC>[0m
2026-03-27 02:30:55 |[34;20m INFO     [0m|[34;20m nipype.workflow  [0m|[34;20m [Node] Setting-up "_timeseries0" in "/local/nvme/ds004996_54.784026/ds/tmp/mriqc_wf/funcMRIQC/ComputeIQMs/b03da93519cfd8e1e486b796f15ad5e4cc644700/timeseries/mapflow/_timeseries0".[0m
2026-03-27 02:30:55 |[34;20m INFO     [0m|[34;20m nipype.workflow  [0m|[34;20m [Node] Executing "_timeseries0" <mriqc.interfaces.functional.GatherTimeseries>[0m
2026-03-27 02:30:55 |[34;20m INFO     [0m|[34;20m nipype.workflow  [0m|[34;20m [Node] Finished "_timeseries0", elapsed time 0.02881s.[0m
2026-03-27 02:30:56 |[34;20m INFO     [0m|[34;20m nipype.workflow  [0m|[34;20m [Node] Finished "_measures0", elapsed time 1.148313s.[0m
2026-03-27 02:30:57 |[34;20m INFO     [0m|[34;20m nipype.workflow  [0m|[34;20m [Node] Setting-up "_datasink0" in "/local/nvme/ds004996_54.784026/ds/tmp/mriqc_wf/funcMRIQC/ComputeIQMs/b03da93519cfd8e1e486b796f15ad5e4cc644700/datasink/mapflow/_datasink0".[0m
2026-03-27 02:30:57 |[34;20m INFO     [0m|[34;20m nipype.workflow  [0m|[34;20m [Node] Executing "_datasink0" <mriqc.interfaces.bids.IQMFileSink>[0m
2026-03-27 02:30:57 |[34;20m INFO     [0m|[34;20m nipype.workflow  [0m|[34;20m [Node] Finished "_datasink0", elapsed time 0.002118s.[0m
2026-03-27 02:30:57 |[34;20m INFO     [0m|[34;20m nipype.workflow  [0m|[34;20m [Node] Finished "_ComputeDVARS0", elapsed time 24.078193s.[0m
2026-03-27 02:30:57 |[34;20m INFO     [0m|[34;20m nipype.workflow  [0m|[34;20m [Node] Setting-up "_ds_timeseries0" in "/local/nvme/ds004996_54.784026/ds/tmp/mriqc_wf/funcMRIQC/ComputeIQMs/b03da93519cfd8e1e486b796f15ad5e4cc644700/ds_timeseries/mapflow/_ds_timeseries0".[0m
2026-03-27 02:30:57 |[34;20m INFO     [0m|[34;20m nipype.workflow  [0m|[34;20m [Node] Executing "_ds_timeseries0" <mriqc.interfaces.DerivativesDataSink>[0m
2026-03-27 02:30:57 |[34;20m INFO     [0m|[34;20m nipype.workflow  [0m|[34;20m [Node] Finished "_ds_timeseries0", elapsed time 0.004596s.[0m
2026-03-27 02:30:59 |[34;20m INFO     [0m|[34;20m nipype.workflow  [0m|[34;20m [Node] Setting-up "_measures0" in "/local/nvme/ds004996_54.784026/ds/tmp/mriqc_wf/funcMRIQC/ComputeIQMs/576e85729e655ae45b7bc37dda85f3c959b16fc0/measures/mapflow/_measures0".[0m
2026-03-27 02:30:59 |[34;20m INFO     [0m|[34;20m nipype.workflow  [0m|[34;20m [Node] Executing "_measures0" <mriqc.interfaces.functional.FunctionalQC>[0m
2026-03-27 02:30:59 |[34;20m INFO     [0m|[34;20m nipype.workflow  [0m|[34;20m [Node] Setting-up "_timeseries0" in "/local/nvme/ds004996_54.784026/ds/tmp/mriqc_wf/funcMRIQC/ComputeIQMs/576e85729e655ae45b7bc37dda85f3c959b16fc0/timeseries/mapflow/_timeseries0".[0m
2026-03-27 02:30:59 |[34;20m INFO     [0m|[34;20m nipype.workflow  [0m|[34;20m [Node] Executing "_timeseries0" <mriqc.interfaces.functional.GatherTimeseries>[0m
2026-03-27 02:30:59 |[34;20m INFO     [0m|[34;20m nipype.workflow  [0m|[34;20m [Node] Setting-up "_BigPlot0" in "/local/nvme/ds004996_54.784026/ds/tmp/mriqc_wf/funcMRIQC/func_report_wf/576e85729e655ae45b7bc37dda85f3c959b16fc0/BigPlot/mapflow/_BigPlot0".[0m
2026-03-27 02:30:59 |[34;20m INFO     [0m|[34;20m nipype.workflow  [0m|[34;20m [Node] Executing "_BigPlot0" <nireports.interfaces.fmri.FMRISummary>[0m
2026-03-27 02:30:59 |[34;20m INFO     [0m|[34;20m nipype.workflow  [0m|[34;20m [Node] Finished "_timeseries0", elapsed time 0.030385s.[0m
2026-03-27 02:31:00 |[34;20m INFO     [0m|[34;20m nipype.workflow  [0m|[34;20m [Node] Finished "_ComputeDVARS0", elapsed time 20.812709s.[0m
2026-03-27 02:31:01 |[34;20m INFO     [0m|[34;20m nipype.workflow  [0m|[34;20m [Node] Finished "_measures0", elapsed time 1.550793s.[0m
2026-03-27 02:31:01 |[34;20m INFO     [0m|[34;20m nipype.workflow  [0m|[34;20m [Node] Setting-up "_timeseries0" in "/local/nvme/ds004996_54.784026/ds/tmp/mriqc_wf/funcMRIQC/ComputeIQMs/e079392c00d9d5c865cb8a6f4455238b9a1a4c10/timeseries/mapflow/_timeseries0".[0m
2026-03-27 02:31:01 |[34;20m INFO     [0m|[34;20m nipype.workflow  [0m|[34;20m [Node] Executing "_timeseries0" <mriqc.interfaces.functional.GatherTimeseries>[0m
2026-03-27 02:31:01 |[34;20m INFO     [0m|[34;20m nipype.workflow  [0m|[34;20m [Node] Setting-up "_measures0" in "/local/nvme/ds004996_54.784026/ds/tmp/mriqc_wf/funcMRIQC/ComputeIQMs/e079392c00d9d5c865cb8a6f4455238b9a1a4c10/measures/mapflow/_measures0".[0m
2026-03-27 02:31:01 |[34;20m INFO     [0m|[34;20m nipype.workflow  [0m|[34;20m [Node] Executing "_measures0" <mriqc.interfaces.functional.FunctionalQC>[0m
2026-03-27 02:31:01 |[34;20m INFO     [0m|[34;20m nipype.workflow  [0m|[34;20m [Node] Setting-up "_datasink0" in "/local/nvme/ds004996_54.784026/ds/tmp/mriqc_wf/funcMRIQC/ComputeIQMs/576e85729e655ae45b7bc37dda85f3c959b16fc0/datasink/mapflow/_datasink0".[0m
2026-03-27 02:31:01 |[34;20m INFO     [0m|[34;20m nipype.workflow  [0m|[34;20m [Node] Executing "_datasink0" <mriqc.interfaces.bids.IQMFileSink>[0m
2026-03-27 02:31:01 |[34;20m INFO     [0m|[34;20m nipype.workflow  [0m|[34;20m [Node] Finished "_datasink0", elapsed time 0.000871s.[0m
2026-03-27 02:31:01 |[34;20m INFO     [0m|[34;20m nipype.workflow  [0m|[34;20m [Node] Finished "_timeseries0", elapsed time 0.026143s.[0m
2026-03-27 02:31:01 |[34;20m INFO     [0m|[34;20m nipype.workflow  [0m|[34;20m [Node] Setting-up "_ds_timeseries0" in "/local/nvme/ds004996_54.784026/ds/tmp/mriqc_wf/funcMRIQC/ComputeIQMs/576e85729e655ae45b7bc37dda85f3c959b16fc0/ds_timeseries/mapflow/_ds_timeseries0".[0m
2026-03-27 02:31:01 |[34;20m INFO     [0m|[34;20m nipype.workflow  [0m|[34;20m [Node] Executing "_ds_timeseries0" <mriqc.interfaces.DerivativesDataSink>[0m
2026-03-27 02:31:01 |[34;20m INFO     [0m|[34;20m nipype.workflow  [0m|[34;20m [Node] Finished "_ds_timeseries0", elapsed time 0.004893s.[0m
2026-03-27 02:31:03 |[34;20m INFO     [0m|[34;20m nipype.workflow  [0m|[34;20m [Node] Finished "_measures0", elapsed time 1.8597700000000001s.[0m
2026-03-27 02:31:03 |[34;20m INFO     [0m|[34;20m nipype.workflow  [0m|[34;20m [Node] Setting-up "_ds_timeseries0" in "/local/nvme/ds004996_54.784026/ds/tmp/mriqc_wf/funcMRIQC/ComputeIQMs/e079392c00d9d5c865cb8a6f4455238b9a1a4c10/ds_timeseries/mapflow/_ds_timeseries0".[0m
2026-03-27 02:31:03 |[34;20m INFO     [0m|[34;20m nipype.workflow  [0m|[34;20m [Node] Executing "_ds_timeseries0" <mriqc.interfaces.DerivativesDataSink>[0m
2026-03-27 02:31:03 |[34;20m INFO     [0m|[34;20m nipype.workflow  [0m|[34;20m [Node] Finished "_ds_timeseries0", elapsed time 0.004782s.[0m
2026-03-27 02:31:04 |[34;20m INFO     [0m|[34;20m nipype.workflow  [0m|[34;20m [Node] Finished "_BigPlot0", elapsed time 5.069113s.[0m
2026-03-27 02:31:05 |[34;20m INFO     [0m|[34;20m nipype.workflow  [0m|[34;20m [Node] Setting-up "mriqc_wf.funcMRIQC.synthstrip_wf.post_n4" in "/local/nvme/ds004996_54.784026/ds/tmp/mriqc_wf/funcMRIQC/synthstrip_wf/b03da93519cfd8e1e486b796f15ad5e4cc644700/post_n4".[0m
2026-03-27 02:31:05 |[34;20m INFO     [0m|[34;20m nipype.workflow  [0m|[34;20m [Node] Executing "post_n4" <nipype.interfaces.ants.segmentation.N4BiasFieldCorrection>[0m
2026-03-27 02:31:06 |[34;20m INFO     [0m|[34;20m nipype.workflow  [0m|[34;20m [Node] Finished "post_n4", elapsed time 1.127856s.[0m
2026-03-27 02:31:07 |[34;20m INFO     [0m|[34;20m nipype.workflow  [0m|[34;20m [Node] Setting-up "mriqc_wf.funcMRIQC.SpatialNormalization.EPI2MNI" in "/local/nvme/ds004996_54.784026/ds/tmp/mriqc_wf/funcMRIQC/SpatialNormalization/b03da93519cfd8e1e486b796f15ad5e4cc644700/EPI2MNI".[0m
2026-03-27 02:31:07 |[34;20m INFO     [0m|[34;20m nipype.workflow  [0m|[34;20m [Node] Executing "EPI2MNI" <niworkflows.interfaces.reportlets.registration.SpatialNormalizationRPT>[0m
2026-03-27 02:31:07 |[34;20m INFO     [0m|[34;20m niworkflows      [0m|[34;20m Estimating initial transform using AffineInitializer[0m
2026-03-27 02:31:14 |[34;20m INFO     [0m|[34;20m niworkflows      [0m|[34;20m Terminal outputs of initialization saved (/local/nvme/ds004996_54.784026/ds/tmp/mriqc_wf/funcMRIQC/SpatialNormalization/b03da93519cfd8e1e486b796f15ad5e4cc644700/EPI2MNI/stderr.nipype-init).[0m
2026-03-27 02:31:14 |[34;20m INFO     [0m|[34;20m niworkflows      [0m|[34;20m Loading settings from file /opt/conda/lib/python3.11/site-packages/niworkflows/data/boldref-mni_registration_precise_000.json.[0m
2026-03-27 02:31:14 |[34;20m INFO     [0m|[34;20m niworkflows      [0m|[34;20m Retry #1, commandline: 
antsRegistration --collapse-output-transforms 1 --dimensionality 3 --float 0 --initial-moving-transform [ /local/nvme/ds004996_54.784026/ds/tmp/mriqc_wf/funcMRIQC/SpatialNormalization/b03da93519cfd8e1e486b796f15ad5e4cc644700/EPI2MNI/transform.mat, 0 ] --initialize-transforms-per-stage 0 --interpolation LanczosWindowedSinc --output [ epi_to_mni, epi_to_mni_Warped.nii.gz ] --transform Rigid[ 0.05 ] --metric Mattes[ /templateflow/tpl-MNI152NLin2009cAsym/tpl-MNI152NLin2009cAsym_res-02_desc-fMRIPrep_boldref.nii.gz, /local/nvme/ds004996_54.784026/ds/tmp/mriqc_wf/funcMRIQC/SpatialNormalization/b03da93519cfd8e1e486b796f15ad5e4cc644700/SharpenEPI/sub-54_task-conversation_run-02_bold_desc-realigned_valid_tstat_corrected.nii.gz, 1, 56, Regular, 0.25 ] --convergence [ 10000x1000x100, 1e-06, 20 ] --smoothing-sigmas 4.0x2.0x1.0vox --shrink-factors 4x2x1 --use-histogram-matching 1 --masks [ /templateflow/tpl-MNI152NLin2009cAsym/tpl-MNI152NLin2009cAsym_res-02_desc-brain_mask.nii.gz, /local/nvme/ds004996_54.784026/ds/tmp/mriqc_wf/funcMRIQC/synthstrip_wf/b03da93519cfd8e1e486b796f15ad5e4cc644700/synthstrip/clipped_corrected_desc-brain_mask.nii.gz ] --transform Affine[ 0.08 ] --metric Mattes[ /templateflow/tpl-MNI152NLin2009cAsym/tpl-MNI152NLin2009cAsym_res-02_desc-fMRIPrep_boldref.nii.gz, /local/nvme/ds004996_54.784026/ds/tmp/mriqc_wf/funcMRIQC/SpatialNormalization/b03da93519cfd8e1e486b796f15ad5e4cc644700/SharpenEPI/sub-54_task-conversation_run-02_bold_desc-realigned_valid_tstat_corrected.nii.gz, 1, 56, Regular, 0.25 ] --convergence [ 500x250x100, 1e-06, 20 ] --smoothing-sigmas 4.0x2.0x1.0vox --shrink-factors 8x4x2 --use-histogram-matching 1 --masks [ /templateflow/tpl-MNI152NLin2009cAsym/tpl-MNI152NLin2009cAsym_res-02_desc-brain_mask.nii.gz, /local/nvme/ds004996_54.784026/ds/tmp/mriqc_wf/funcMRIQC/synthstrip_wf/b03da93519cfd8e1e486b796f15ad5e4cc644700/synthstrip/clipped_corrected_desc-brain_mask.nii.gz ] --transform SyN[ 0.1, 3.0, 0.0 ] --metric CC[ /templateflow/tpl-MNI152NLin2009cAsym/tpl-MNI152NLin2009cAsym_res-02_desc-fMRIPrep_boldref.nii.gz, /local/nvme/ds004996_54.784026/ds/tmp/mriqc_wf/funcMRIQC/SpatialNormalization/b03da93519cfd8e1e486b796f15ad5e4cc644700/SharpenEPI/sub-54_task-conversation_run-02_bold_desc-realigned_valid_tstat_corrected.nii.gz, 1, 4, None, 1 ] --convergence [ 100x30x20, 1e-06, 10 ] --smoothing-sigmas 3.0x2.0x1.0vox --shrink-factors 8x4x2 --use-histogram-matching 1 --masks [ /templateflow/tpl-MNI152NLin2009cAsym/tpl-MNI152NLin2009cAsym_res-02_desc-brain_mask.nii.gz, /local/nvme/ds004996_54.784026/ds/tmp/mriqc_wf/funcMRIQC/synthstrip_wf/b03da93519cfd8e1e486b796f15ad5e4cc644700/synthstrip/clipped_corrected_desc-brain_mask.nii.gz ] --winsorize-image-intensities [ 0.005, 0.995 ]  --write-composite-transform 1[0m
2026-03-27 02:31:27 |[34;20m INFO     [0m|[34;20m niworkflows      [0m|[34;20m Successful spatial normalization (retry #1).[0m
2026-03-27 02:31:27 |[34;20m INFO     [0m|[34;20m niworkflows      [0m|[34;20m Report - setting fixed (/templateflow/tpl-MNI152NLin2009cAsym/tpl-MNI152NLin2009cAsym_res-02_desc-fMRIPrep_boldref.nii.gz) and moving (/local/nvme/ds004996_54.784026/ds/tmp/mriqc_wf/funcMRIQC/SpatialNormalization/b03da93519cfd8e1e486b796f15ad5e4cc644700/EPI2MNI/epi_to_mni_Warped.nii.gz) images[0m
2026-03-27 02:31:27 |[34;20m INFO     [0m|[34;20m niworkflows      [0m|[34;20m Generating visual report[0m
2026-03-27 02:31:44 |[34;20m INFO     [0m|[34;20m nipype.workflow  [0m|[34;20m [Node] Finished "EPI2MNI", elapsed time 37.142125s.[0m
2026-03-27 02:31:45 |[34;20m INFO     [0m|[34;20m nipype.workflow  [0m|[34;20m [Node] Setting-up "mriqc_wf.funcMRIQC.synthstrip_wf.post_n4" in "/local/nvme/ds004996_54.784026/ds/tmp/mriqc_wf/funcMRIQC/synthstrip_wf/e079392c00d9d5c865cb8a6f4455238b9a1a4c10/post_n4".[0m
2026-03-27 02:31:45 |[34;20m INFO     [0m|[34;20m nipype.workflow  [0m|[34;20m [Node] Executing "post_n4" <nipype.interfaces.ants.segmentation.N4BiasFieldCorrection>[0m
2026-03-27 02:31:46 |[34;20m INFO     [0m|[34;20m nipype.workflow  [0m|[34;20m [Node] Finished "post_n4", elapsed time 1.221679s.[0m
2026-03-27 02:31:47 |[34;20m INFO     [0m|[34;20m nipype.workflow  [0m|[34;20m [Node] Setting-up "mriqc_wf.funcMRIQC.SpatialNormalization.EPI2MNI" in "/local/nvme/ds004996_54.784026/ds/tmp/mriqc_wf/funcMRIQC/SpatialNormalization/e079392c00d9d5c865cb8a6f4455238b9a1a4c10/EPI2MNI".[0m
2026-03-27 02:31:47 |[34;20m INFO     [0m|[34;20m nipype.workflow  [0m|[34;20m [Node] Executing "EPI2MNI" <niworkflows.interfaces.reportlets.registration.SpatialNormalizationRPT>[0m
2026-03-27 02:31:47 |[34;20m INFO     [0m|[34;20m niworkflows      [0m|[34;20m Estimating initial transform using AffineInitializer[0m
2026-03-27 02:31:53 |[34;20m INFO     [0m|[34;20m niworkflows      [0m|[34;20m Loading settings from file /opt/conda/lib/python3.11/site-packages/niworkflows/data/boldref-mni_registration_precise_000.json.[0m
2026-03-27 02:31:53 |[34;20m INFO     [0m|[34;20m niworkflows      [0m|[34;20m Retry #1, commandline: 
antsRegistration --collapse-output-transforms 1 --dimensionality 3 --float 0 --initial-moving-transform [ /local/nvme/ds004996_54.784026/ds/tmp/mriqc_wf/funcMRIQC/SpatialNormalization/e079392c00d9d5c865cb8a6f4455238b9a1a4c10/EPI2MNI/transform.mat, 0 ] --initialize-transforms-per-stage 0 --interpolation LanczosWindowedSinc --output [ epi_to_mni, epi_to_mni_Warped.nii.gz ] --transform Rigid[ 0.05 ] --metric Mattes[ /templateflow/tpl-MNI152NLin2009cAsym/tpl-MNI152NLin2009cAsym_res-02_desc-fMRIPrep_boldref.nii.gz, /local/nvme/ds004996_54.784026/ds/tmp/mriqc_wf/funcMRIQC/SpatialNormalization/e079392c00d9d5c865cb8a6f4455238b9a1a4c10/SharpenEPI/sub-54_task-conversation_run-03_bold_desc-realigned_valid_tstat_corrected.nii.gz, 1, 56, Regular, 0.25 ] --convergence [ 10000x1000x100, 1e-06, 20 ] --smoothing-sigmas 4.0x2.0x1.0vox --shrink-factors 4x2x1 --use-histogram-matching 1 --masks [ /templateflow/tpl-MNI152NLin2009cAsym/tpl-MNI152NLin2009cAsym_res-02_desc-brain_mask.nii.gz, /local/nvme/ds004996_54.784026/ds/tmp/mriqc_wf/funcMRIQC/synthstrip_wf/e079392c00d9d5c865cb8a6f4455238b9a1a4c10/synthstrip/clipped_corrected_desc-brain_mask.nii.gz ] --transform Affine[ 0.08 ] --metric Mattes[ /templateflow/tpl-MNI152NLin2009cAsym/tpl-MNI152NLin2009cAsym_res-02_desc-fMRIPrep_boldref.nii.gz, /local/nvme/ds004996_54.784026/ds/tmp/mriqc_wf/funcMRIQC/SpatialNormalization/e079392c00d9d5c865cb8a6f4455238b9a1a4c10/SharpenEPI/sub-54_task-conversation_run-03_bold_desc-realigned_valid_tstat_corrected.nii.gz, 1, 56, Regular, 0.25 ] --convergence [ 500x250x100, 1e-06, 20 ] --smoothing-sigmas 4.0x2.0x1.0vox --shrink-factors 8x4x2 --use-histogram-matching 1 --masks [ /templateflow/tpl-MNI152NLin2009cAsym/tpl-MNI152NLin2009cAsym_res-02_desc-brain_mask.nii.gz, /local/nvme/ds004996_54.784026/ds/tmp/mriqc_wf/funcMRIQC/synthstrip_wf/e079392c00d9d5c865cb8a6f4455238b9a1a4c10/synthstrip/clipped_corrected_desc-brain_mask.nii.gz ] --transform SyN[ 0.1, 3.0, 0.0 ] --metric CC[ /templateflow/tpl-MNI152NLin2009cAsym/tpl-MNI152NLin2009cAsym_res-02_desc-fMRIPrep_boldref.nii.gz, /local/nvme/ds004996_54.784026/ds/tmp/mriqc_wf/funcMRIQC/SpatialNormalization/e079392c00d9d5c865cb8a6f4455238b9a1a4c10/SharpenEPI/sub-54_task-conversation_run-03_bold_desc-realigned_valid_tstat_corrected.nii.gz, 1, 4, None, 1 ] --convergence [ 100x30x20, 1e-06, 10 ] --smoothing-sigmas 3.0x2.0x1.0vox --shrink-factors 8x4x2 --use-histogram-matching 1 --masks [ /templateflow/tpl-MNI152NLin2009cAsym/tpl-MNI152NLin2009cAsym_res-02_desc-brain_mask.nii.gz, /local/nvme/ds004996_54.784026/ds/tmp/mriqc_wf/funcMRIQC/synthstrip_wf/e079392c00d9d5c865cb8a6f4455238b9a1a4c10/synthstrip/clipped_corrected_desc-brain_mask.nii.gz ] --winsorize-image-intensities [ 0.005, 0.995 ]  --write-composite-transform 1[0m
2026-03-27 02:32:05 |[34;20m INFO     [0m|[34;20m niworkflows      [0m|[34;20m Successful spatial normalization (retry #1).[0m
2026-03-27 02:32:05 |[34;20m INFO     [0m|[34;20m niworkflows      [0m|[34;20m Report - setting fixed (/templateflow/tpl-MNI152NLin2009cAsym/tpl-MNI152NLin2009cAsym_res-02_desc-fMRIPrep_boldref.nii.gz) and moving (/local/nvme/ds004996_54.784026/ds/tmp/mriqc_wf/funcMRIQC/SpatialNormalization/e079392c00d9d5c865cb8a6f4455238b9a1a4c10/EPI2MNI/epi_to_mni_Warped.nii.gz) images[0m
2026-03-27 02:32:05 |[34;20m INFO     [0m|[34;20m niworkflows      [0m|[34;20m Generating visual report[0m
2026-03-27 02:32:21 |[34;20m INFO     [0m|[34;20m nipype.workflow  [0m|[34;20m [Node] Finished "EPI2MNI", elapsed time 33.630055s.[0m
2026-03-27 02:32:21 |[34;20m INFO     [0m|[34;20m nipype.workflow  [0m|[34;20m [Node] Setting-up "mriqc_wf.funcMRIQC.func_report_wf.ds_report_norm" in "/local/nvme/ds004996_54.784026/ds/tmp/mriqc_wf/funcMRIQC/func_report_wf/b03da93519cfd8e1e486b796f15ad5e4cc644700/ds_report_norm".[0m
2026-03-27 02:32:21 |[34;20m INFO     [0m|[34;20m nipype.workflow  [0m|[34;20m [Node] Setting-up "mriqc_wf.funcMRIQC.synthstrip_wf.final_masked" in "/local/nvme/ds004996_54.784026/ds/tmp/mriqc_wf/funcMRIQC/synthstrip_wf/b03da93519cfd8e1e486b796f15ad5e4cc644700/final_masked".[0m
2026-03-27 02:32:21 |[34;20m INFO     [0m|[34;20m nipype.workflow  [0m|[34;20m [Node] Setting-up "mriqc_wf.funcMRIQC.SpatialNormalization.ResampleSegmentation" in "/local/nvme/ds004996_54.784026/ds/tmp/mriqc_wf/funcMRIQC/SpatialNormalization/b03da93519cfd8e1e486b796f15ad5e4cc644700/ResampleSegmentation".[0m
2026-03-27 02:32:21 |[34;20m INFO     [0m|[34;20m nipype.workflow  [0m|[34;20m [Node] Executing "ds_report_norm" <mriqc.interfaces.DerivativesDataSink>[0m
2026-03-27 02:32:21 |[34;20m INFO     [0m|[34;20m nipype.workflow  [0m|[34;20m [Node] Executing "final_masked" <niworkflows.interfaces.nibabel.ApplyMask>[0m
2026-03-27 02:32:21 |[34;20m INFO     [0m|[34;20m nipype.workflow  [0m|[34;20m [Node] Executing "ResampleSegmentation" <nipype.interfaces.ants.resampling.ApplyTransforms>[0m
2026-03-27 02:32:21 |[34;20m INFO     [0m|[34;20m nipype.workflow  [0m|[34;20m [Node] Finished "ds_report_norm", elapsed time 0.005179s.[0m
2026-03-27 02:32:21 |[34;20m INFO     [0m|[34;20m nipype.workflow  [0m|[34;20m [Node] Finished "final_masked", elapsed time 0.030696s.[0m
2026-03-27 02:32:21 |[34;20m INFO     [0m|[34;20m nipype.workflow  [0m|[34;20m [Node] Setting-up "mriqc_wf.funcMRIQC.func_report_wf.ds_report_norm" in "/local/nvme/ds004996_54.784026/ds/tmp/mriqc_wf/funcMRIQC/func_report_wf/e079392c00d9d5c865cb8a6f4455238b9a1a4c10/ds_report_norm".[0m
2026-03-27 02:32:21 |[34;20m INFO     [0m|[34;20m nipype.workflow  [0m|[34;20m [Node] Setting-up "mriqc_wf.funcMRIQC.synthstrip_wf.final_masked" in "/local/nvme/ds004996_54.784026/ds/tmp/mriqc_wf/funcMRIQC/synthstrip_wf/e079392c00d9d5c865cb8a6f4455238b9a1a4c10/final_masked".[0m
2026-03-27 02:32:21 |[34;20m INFO     [0m|[34;20m nipype.workflow  [0m|[34;20m [Node] Setting-up "mriqc_wf.funcMRIQC.SpatialNormalization.ResampleSegmentation" in "/local/nvme/ds004996_54.784026/ds/tmp/mriqc_wf/funcMRIQC/SpatialNormalization/e079392c00d9d5c865cb8a6f4455238b9a1a4c10/ResampleSegmentation".[0m
2026-03-27 02:32:21 |[34;20m INFO     [0m|[34;20m nipype.workflow  [0m|[34;20m [Node] Executing "final_masked" <niworkflows.interfaces.nibabel.ApplyMask>[0m
2026-03-27 02:32:21 |[34;20m INFO     [0m|[34;20m nipype.workflow  [0m|[34;20m [Node] Executing "ds_report_norm" <mriqc.interfaces.DerivativesDataSink>[0m
2026-03-27 02:32:21 |[34;20m INFO     [0m|[34;20m nipype.workflow  [0m|[34;20m [Node] Executing "ResampleSegmentation" <nipype.interfaces.ants.resampling.ApplyTransforms>[0m
2026-03-27 02:32:21 |[34;20m INFO     [0m|[34;20m nipype.workflow  [0m|[34;20m [Node] Finished "ds_report_norm", elapsed time 0.005443s.[0m
2026-03-27 02:32:21 |[34;20m INFO     [0m|[34;20m nipype.workflow  [0m|[34;20m [Node] Finished "final_masked", elapsed time 0.031319s.[0m
2026-03-27 02:32:21 |[34;20m INFO     [0m|[34;20m nipype.workflow  [0m|[34;20m [Node] Setting-up "_datasink0" in "/local/nvme/ds004996_54.784026/ds/tmp/mriqc_wf/funcMRIQC/ComputeIQMs/e079392c00d9d5c865cb8a6f4455238b9a1a4c10/datasink/mapflow/_datasink0".[0m
2026-03-27 02:32:21 |[34;20m INFO     [0m|[34;20m nipype.workflow  [0m|[34;20m [Node] Executing "_datasink0" <mriqc.interfaces.bids.IQMFileSink>[0m
2026-03-27 02:32:21 |[34;20m INFO     [0m|[34;20m nipype.workflow  [0m|[34;20m [Node] Finished "_datasink0", elapsed time 0.000667s.[0m
2026-03-27 02:32:22 |[34;20m INFO     [0m|[34;20m nipype.workflow  [0m|[34;20m [Node] Setting-up "_ds_report_carpet0" in "/local/nvme/ds004996_54.784026/ds/tmp/mriqc_wf/funcMRIQC/func_report_wf/576e85729e655ae45b7bc37dda85f3c959b16fc0/ds_report_carpet/mapflow/_ds_report_carpet0".[0m
2026-03-27 02:32:22 |[34;20m INFO     [0m|[34;20m nipype.workflow  [0m|[34;20m [Node] Executing "_ds_report_carpet0" <mriqc.interfaces.DerivativesDataSink>[0m
2026-03-27 02:32:22 |[34;20m INFO     [0m|[34;20m nipype.workflow  [0m|[34;20m [Node] Finished "_ds_report_carpet0", elapsed time 0.005199s.[0m
2026-03-27 02:32:24 |[34;20m INFO     [0m|[34;20m nipype.workflow  [0m|[34;20m [Node] Finished "ResampleSegmentation", elapsed time 2.487959s.[0m
2026-03-27 02:32:24 |[34;20m INFO     [0m|[34;20m nipype.workflow  [0m|[34;20m [Node] Finished "ResampleSegmentation", elapsed time 2.504515s.[0m
2026-03-27 02:32:25 |[34;20m INFO     [0m|[34;20m nipype.workflow  [0m|[34;20m [Node] Setting-up "mriqc_wf.funcMRIQC.func_report_wf.parcels" in "/local/nvme/ds004996_54.784026/ds/tmp/mriqc_wf/funcMRIQC/func_report_wf/b03da93519cfd8e1e486b796f15ad5e4cc644700/parcels".[0m
2026-03-27 02:32:25 |[34;20m INFO     [0m|[34;20m nipype.workflow  [0m|[34;20m [Node] Setting-up "mriqc_wf.funcMRIQC.func_report_wf.parcels" in "/local/nvme/ds004996_54.784026/ds/tmp/mriqc_wf/funcMRIQC/func_report_wf/e079392c00d9d5c865cb8a6f4455238b9a1a4c10/parcels".[0m
2026-03-27 02:32:25 |[34;20m INFO     [0m|[34;20m nipype.workflow  [0m|[34;20m [Node] Executing "parcels" <nipype.interfaces.utility.wrappers.Function>[0m
2026-03-27 02:32:25 |[34;20m INFO     [0m|[34;20m nipype.workflow  [0m|[34;20m [Node] Executing "parcels" <nipype.interfaces.utility.wrappers.Function>[0m
2026-03-27 02:32:25 |[34;20m INFO     [0m|[34;20m nipype.workflow  [0m|[34;20m [Node] Finished "parcels", elapsed time 0.024932s.[0m
2026-03-27 02:32:25 |[34;20m INFO     [0m|[34;20m nipype.workflow  [0m|[34;20m [Node] Finished "parcels", elapsed time 0.026242s.[0m
2026-03-27 02:32:27 |[34;20m INFO     [0m|[34;20m nipype.workflow  [0m|[34;20m [Node] Setting-up "_BigPlot0" in "/local/nvme/ds004996_54.784026/ds/tmp/mriqc_wf/funcMRIQC/func_report_wf/b03da93519cfd8e1e486b796f15ad5e4cc644700/BigPlot/mapflow/_BigPlot0".[0m
2026-03-27 02:32:27 |[34;20m INFO     [0m|[34;20m nipype.workflow  [0m|[34;20m [Node] Executing "_BigPlot0" <nireports.interfaces.fmri.FMRISummary>[0m
2026-03-27 02:32:27 |[34;20m INFO     [0m|[34;20m nipype.workflow  [0m|[34;20m [Node] Setting-up "_BigPlot0" in "/local/nvme/ds004996_54.784026/ds/tmp/mriqc_wf/funcMRIQC/func_report_wf/e079392c00d9d5c865cb8a6f4455238b9a1a4c10/BigPlot/mapflow/_BigPlot0".[0m
2026-03-27 02:32:27 |[34;20m INFO     [0m|[34;20m nipype.workflow  [0m|[34;20m [Node] Executing "_BigPlot0" <nireports.interfaces.fmri.FMRISummary>[0m
2026-03-27 02:32:32 |[34;20m INFO     [0m|[34;20m nipype.workflow  [0m|[34;20m [Node] Finished "_BigPlot0", elapsed time 4.559874s.[0m
2026-03-27 02:32:32 |[34;20m INFO     [0m|[34;20m nipype.workflow  [0m|[34;20m [Node] Finished "_BigPlot0", elapsed time 5.063892s.[0m
2026-03-27 02:32:33 |[34;20m INFO     [0m|[34;20m nipype.workflow  [0m|[34;20m [Node] Setting-up "_ds_report_carpet0" in "/local/nvme/ds004996_54.784026/ds/tmp/mriqc_wf/funcMRIQC/func_report_wf/b03da93519cfd8e1e486b796f15ad5e4cc644700/ds_report_carpet/mapflow/_ds_report_carpet0".[0m
2026-03-27 02:32:33 |[34;20m INFO     [0m|[34;20m nipype.workflow  [0m|[34;20m [Node] Executing "_ds_report_carpet0" <mriqc.interfaces.DerivativesDataSink>[0m
2026-03-27 02:32:33 |[34;20m INFO     [0m|[34;20m nipype.workflow  [0m|[34;20m [Node] Finished "_ds_report_carpet0", elapsed time 0.004969s.[0m
2026-03-27 02:32:33 |[34;20m INFO     [0m|[34;20m nipype.workflow  [0m|[34;20m [Node] Setting-up "_ds_report_carpet0" in "/local/nvme/ds004996_54.784026/ds/tmp/mriqc_wf/funcMRIQC/func_report_wf/e079392c00d9d5c865cb8a6f4455238b9a1a4c10/ds_report_carpet/mapflow/_ds_report_carpet0".[0m
2026-03-27 02:32:33 |[34;20m INFO     [0m|[34;20m nipype.workflow  [0m|[34;20m [Node] Executing "_ds_report_carpet0" <mriqc.interfaces.DerivativesDataSink>[0m
2026-03-27 02:32:33 |[34;20m INFO     [0m|[34;20m nipype.workflow  [0m|[34;20m [Node] Finished "_ds_report_carpet0", elapsed time 0.005305s.[0m
2026-03-27 02:32:35 |[34;20m INFO     [0m|[34;20m nipype.workflow  [0m|[34;20m Generating reports...[0m
2026-03-27 02:32:36 |[34;20m INFO     [0m|[34;20m nipype.workflow  [0m|[34;20m Report generation finished (3 reports).[0m
2026-03-27 02:32:36 |[33;20m IMPORTANT [0m|[33;20m mriqc            [0m|[33;20m Participant level finished successfully averaging 00h 07min 34s per subject.[0m
2026-03-27 02:32:36 |[34;20m INFO     [0m|[34;20m mriqc            [0m|[34;20m Generating BIDS derivatives metadata.[0m
----------------------------------------------------------------
  MRIQC completed (elapsed time 00h 22min 44s).
----------------------------------------------------------------

