------------------------------------------------------------------
  Running MRIQC version 24.1.0.dev0+gd5b13cb5.d20240826
  ----------------------------------------------------------------

  NOTICE
  Copyright © The NiPreps Developers.
  
  This product includes software developed by
  the NiPreps Community (https://nipreps.org/).
  
  Portions of this software were developed at the Department of
  Psychology at Stanford University, Stanford, CA, US.
  
  This software contains code ultimately derived from the
  PCP Quality Assessment Protocol (QAP;
  http://preprocessed-connectomes-project.org/quality-assessment-protocol)
  by C. Craddock, S. Giavasis, D. Clark, Z. Shezhad, and J. Pellman.
  
  This software is also distributed as a Docker container image.
  The bootstrapping file for the image ("Dockerfile") is licensed
  under the MIT License.

  ----------------------------------------------------------------

  * BIDS dataset path: /local/nvme/ds004996_29.784026/ds/sourcedata/raw.
  * Output folder: mriqc.
  * Analysis levels: ['participant'].
------------------------------------------------------------------

2026-03-27 02:36:28 |[33;20m IMPORTANT [0m|[33;20m mriqc            [0m|[33;20m Extracting metadata and entities for 3 input runs of modality 'bold'...[0m
2026-03-27 02:36:28 |[33;20m IMPORTANT [0m|[33;20m mriqc            [0m|[33;20m File size ('bold'): 0.41|0.41 GB [maximum|average].[0m
2026-03-27 02:36:28 |[34;20m INFO     [0m|[34;20m mriqc            [0m|[34;20m MRIQC config file: /local/nvme/ds004996_29.784026/ds/tmp/config-20260327-023623_98ad6cde-2cf1-48f5-a963-567f1a2c4e91.toml.[0m
2026-03-27 02:36:36 |[34;20m INFO     [0m|[34;20m matplotlib.font_manager [0m|[34;20m generated new fontManager[0m
2026-03-27 02:36:37 |[33;20m IMPORTANT [0m|[33;20m mriqc            [0m|[33;20m Building MRIQC's workflows...[0m
2026-03-27 02:36:37 |[34;20m INFO     [0m|[34;20m nipype.workflow  [0m|[34;20m Building functional MRIQC workflow for 3 BOLD runs..[0m
2026-03-27 02:36:43 |[33;20m IMPORTANT [0m|[33;20m mriqc            [0m|[33;20m Workflow building finished (exit code 0).[0m
2026-03-27 02:36:48 |[34;20m INFO     [0m|[34;20m nipype.workflow  [0m|[34;20m Workflow mriqc_wf settings: ['check', 'execution', 'logging', 'monitoring'][0m
2026-03-27 02:36:48 |[34;20m INFO     [0m|[34;20m nipype.workflow  [0m|[34;20m [Node] Setting-up "mriqc_wf.funcMRIQC.pick_echo" in "/local/nvme/ds004996_29.784026/ds/tmp/mriqc_wf/funcMRIQC/e319c1e5308b33584b6204a018141c72fca0c7fe/pick_echo".[0m
2026-03-27 02:36:48 |[34;20m INFO     [0m|[34;20m nipype.workflow  [0m|[34;20m [Node] Setting-up "_provenance0" in "/local/nvme/ds004996_29.784026/ds/tmp/mriqc_wf/funcMRIQC/ComputeIQMs/e319c1e5308b33584b6204a018141c72fca0c7fe/provenance/mapflow/_provenance0".[0m
2026-03-27 02:36:48 |[34;20m INFO     [0m|[34;20m nipype.workflow  [0m|[34;20m [Node] Executing "_provenance0" <mriqc.interfaces.reports.AddProvenance>[0m
2026-03-27 02:36:48 |[34;20m INFO     [0m|[34;20m nipype.workflow  [0m|[34;20m [Node] Executing "pick_echo" <mriqc.interfaces.functional.SelectEcho>[0m
2026-03-27 02:36:48 |[34;20m INFO     [0m|[34;20m nipype.workflow  [0m|[34;20m [Node] Finished "pick_echo", elapsed time 0.000454s.[0m
2026-03-27 02:36:49 |[34;20m INFO     [0m|[34;20m nipype.workflow  [0m|[34;20m [Node] Finished "_provenance0", elapsed time 0.82324s.[0m
2026-03-27 02:36:49 |[34;20m INFO     [0m|[34;20m nipype.workflow  [0m|[34;20m [Node] Setting-up "_provenance0" in "/local/nvme/ds004996_29.784026/ds/tmp/mriqc_wf/funcMRIQC/ComputeIQMs/5e574228475eb49cd5e7898d68a2f12a479ca9ef/provenance/mapflow/_provenance0".[0m
2026-03-27 02:36:49 |[34;20m INFO     [0m|[34;20m nipype.workflow  [0m|[34;20m [Node] Setting-up "mriqc_wf.funcMRIQC.pick_echo" in "/local/nvme/ds004996_29.784026/ds/tmp/mriqc_wf/funcMRIQC/5e574228475eb49cd5e7898d68a2f12a479ca9ef/pick_echo".[0m
2026-03-27 02:36:49 |[34;20m INFO     [0m|[34;20m nipype.workflow  [0m|[34;20m [Node] Executing "_provenance0" <mriqc.interfaces.reports.AddProvenance>[0m
2026-03-27 02:36:49 |[34;20m INFO     [0m|[34;20m nipype.workflow  [0m|[34;20m [Node] Executing "pick_echo" <mriqc.interfaces.functional.SelectEcho>[0m
2026-03-27 02:36:49 |[34;20m INFO     [0m|[34;20m nipype.workflow  [0m|[34;20m [Node] Finished "pick_echo", elapsed time 0.00053s.[0m
2026-03-27 02:36:50 |[34;20m INFO     [0m|[34;20m nipype.workflow  [0m|[34;20m [Node] Finished "_provenance0", elapsed time 0.819736s.[0m
2026-03-27 02:36:50 |[34;20m INFO     [0m|[34;20m nipype.workflow  [0m|[34;20m [Node] Setting-up "_provenance0" in "/local/nvme/ds004996_29.784026/ds/tmp/mriqc_wf/funcMRIQC/ComputeIQMs/c0ff313d46abad70d2e9c709aa0c64514e54c98b/provenance/mapflow/_provenance0".[0m
2026-03-27 02:36:50 |[34;20m INFO     [0m|[34;20m nipype.workflow  [0m|[34;20m [Node] Setting-up "mriqc_wf.funcMRIQC.pick_echo" in "/local/nvme/ds004996_29.784026/ds/tmp/mriqc_wf/funcMRIQC/c0ff313d46abad70d2e9c709aa0c64514e54c98b/pick_echo".[0m
2026-03-27 02:36:50 |[34;20m INFO     [0m|[34;20m nipype.workflow  [0m|[34;20m [Node] Executing "_provenance0" <mriqc.interfaces.reports.AddProvenance>[0m
2026-03-27 02:36:50 |[34;20m INFO     [0m|[34;20m nipype.workflow  [0m|[34;20m [Node] Executing "pick_echo" <mriqc.interfaces.functional.SelectEcho>[0m
2026-03-27 02:36:50 |[34;20m INFO     [0m|[34;20m nipype.workflow  [0m|[34;20m [Node] Finished "pick_echo", elapsed time 0.000771s.[0m
2026-03-27 02:36:51 |[34;20m INFO     [0m|[34;20m nipype.workflow  [0m|[34;20m [Node] Finished "_provenance0", elapsed time 0.818863s.[0m
2026-03-27 02:36:51 |[34;20m INFO     [0m|[34;20m nipype.workflow  [0m|[34;20m [Node] Setting-up "mriqc_wf.funcMRIQC.non_steady_state_detector" in "/local/nvme/ds004996_29.784026/ds/tmp/mriqc_wf/funcMRIQC/5e574228475eb49cd5e7898d68a2f12a479ca9ef/non_steady_state_detector".[0m
2026-03-27 02:36:51 |[34;20m INFO     [0m|[34;20m nipype.workflow  [0m|[34;20m [Node] Setting-up "mriqc_wf.funcMRIQC.non_steady_state_detector" in "/local/nvme/ds004996_29.784026/ds/tmp/mriqc_wf/funcMRIQC/e319c1e5308b33584b6204a018141c72fca0c7fe/non_steady_state_detector".[0m
2026-03-27 02:36:51 |[34;20m INFO     [0m|[34;20m nipype.workflow  [0m|[34;20m [Node] Setting-up "mriqc_wf.funcMRIQC.non_steady_state_detector" in "/local/nvme/ds004996_29.784026/ds/tmp/mriqc_wf/funcMRIQC/c0ff313d46abad70d2e9c709aa0c64514e54c98b/non_steady_state_detector".[0m
2026-03-27 02:36:51 |[34;20m INFO     [0m|[34;20m nipype.workflow  [0m|[34;20m [Node] Executing "non_steady_state_detector" <nipype.algorithms.confounds.NonSteadyStateDetector>[0m
2026-03-27 02:36:51 |[34;20m INFO     [0m|[34;20m nipype.workflow  [0m|[34;20m [Node] Executing "non_steady_state_detector" <nipype.algorithms.confounds.NonSteadyStateDetector>[0m
2026-03-27 02:36:51 |[34;20m INFO     [0m|[34;20m nipype.workflow  [0m|[34;20m [Node] Executing "non_steady_state_detector" <nipype.algorithms.confounds.NonSteadyStateDetector>[0m
2026-03-27 02:36:51 |[34;20m INFO     [0m|[34;20m nipype.workflow  [0m|[34;20m [Node] Finished "non_steady_state_detector", elapsed time 0.028421s.[0m
2026-03-27 02:36:51 |[34;20m INFO     [0m|[34;20m nipype.workflow  [0m|[34;20m [Node] Finished "non_steady_state_detector", elapsed time 0.030347s.[0m
2026-03-27 02:36:51 |[34;20m INFO     [0m|[34;20m nipype.workflow  [0m|[34;20m [Node] Finished "non_steady_state_detector", elapsed time 0.033254s.[0m
2026-03-27 02:36:53 |[34;20m INFO     [0m|[34;20m nipype.workflow  [0m|[34;20m [Node] Setting-up "_sanitize0" in "/local/nvme/ds004996_29.784026/ds/tmp/mriqc_wf/funcMRIQC/c0ff313d46abad70d2e9c709aa0c64514e54c98b/sanitize/mapflow/_sanitize0".[0m
2026-03-27 02:36:53 |[34;20m INFO     [0m|[34;20m nipype.workflow  [0m|[34;20m [Node] Setting-up "_sanitize0" in "/local/nvme/ds004996_29.784026/ds/tmp/mriqc_wf/funcMRIQC/e319c1e5308b33584b6204a018141c72fca0c7fe/sanitize/mapflow/_sanitize0".[0m
2026-03-27 02:36:53 |[34;20m INFO     [0m|[34;20m nipype.workflow  [0m|[34;20m [Node] Executing "_sanitize0" <niworkflows.interfaces.header.SanitizeImage>[0m
2026-03-27 02:36:53 |[34;20m INFO     [0m|[34;20m nipype.workflow  [0m|[34;20m [Node] Executing "_sanitize0" <niworkflows.interfaces.header.SanitizeImage>[0m
2026-03-27 02:36:53 |[34;20m INFO     [0m|[34;20m nipype.workflow  [0m|[34;20m [Node] Setting-up "_sanitize0" in "/local/nvme/ds004996_29.784026/ds/tmp/mriqc_wf/funcMRIQC/5e574228475eb49cd5e7898d68a2f12a479ca9ef/sanitize/mapflow/_sanitize0".[0m
2026-03-27 02:36:53 |[34;20m INFO     [0m|[34;20m nipype.workflow  [0m|[34;20m [Node] Executing "_sanitize0" <niworkflows.interfaces.header.SanitizeImage>[0m
2026-03-27 02:36:54 |[34;20m INFO     [0m|[34;20m nipype.workflow  [0m|[34;20m [Node] Finished "_sanitize0", elapsed time 0.73393s.[0m
2026-03-27 02:36:54 |[34;20m INFO     [0m|[34;20m nipype.workflow  [0m|[34;20m [Node] Finished "_sanitize0", elapsed time 0.730721s.[0m
2026-03-27 02:36:54 |[34;20m INFO     [0m|[34;20m nipype.workflow  [0m|[34;20m [Node] Finished "_sanitize0", elapsed time 0.73832s.[0m
2026-03-27 02:36:55 |[34;20m INFO     [0m|[34;20m nipype.workflow  [0m|[34;20m [Node] Setting-up "mriqc_wf.funcMRIQC.fMRI_HMC.estimate_hm" in "/local/nvme/ds004996_29.784026/ds/tmp/mriqc_wf/funcMRIQC/fMRI_HMC/e319c1e5308b33584b6204a018141c72fca0c7fe/estimate_hm".[0m
2026-03-27 02:36:55 |[34;20m INFO     [0m|[34;20m nipype.workflow  [0m|[34;20m [Node] Setting-up "mriqc_wf.funcMRIQC.fMRI_HMC.estimate_hm" in "/local/nvme/ds004996_29.784026/ds/tmp/mriqc_wf/funcMRIQC/fMRI_HMC/5e574228475eb49cd5e7898d68a2f12a479ca9ef/estimate_hm".[0m
2026-03-27 02:36:55 |[34;20m INFO     [0m|[34;20m nipype.workflow  [0m|[34;20m [Node] Setting-up "mriqc_wf.funcMRIQC.fMRI_HMC.estimate_hm" in "/local/nvme/ds004996_29.784026/ds/tmp/mriqc_wf/funcMRIQC/fMRI_HMC/c0ff313d46abad70d2e9c709aa0c64514e54c98b/estimate_hm".[0m
2026-03-27 02:36:55 |[34;20m INFO     [0m|[34;20m nipype.workflow  [0m|[34;20m [Node] Executing "estimate_hm" <nipype.interfaces.afni.preprocess.Volreg>[0m
2026-03-27 02:36:55 |[34;20m INFO     [0m|[34;20m nipype.workflow  [0m|[34;20m [Node] Setting-up "_SpikesMask0" in "/local/nvme/ds004996_29.784026/ds/tmp/mriqc_wf/funcMRIQC/func_report_wf/e319c1e5308b33584b6204a018141c72fca0c7fe/SpikesMask/mapflow/_SpikesMask0".[0m
2026-03-27 02:36:55 |[34;20m INFO     [0m|[34;20m nipype.workflow  [0m|[34;20m [Node] Executing "estimate_hm" <nipype.interfaces.afni.preprocess.Volreg>[0m
2026-03-27 02:36:55 |[34;20m INFO     [0m|[34;20m nipype.workflow  [0m|[34;20m [Node] Executing "estimate_hm" <nipype.interfaces.afni.preprocess.Volreg>[0m
2026-03-27 02:36:55 |[34;20m INFO     [0m|[34;20m nipype.workflow  [0m|[34;20m [Node] Setting-up "_SpikesMask0" in "/local/nvme/ds004996_29.784026/ds/tmp/mriqc_wf/funcMRIQC/func_report_wf/c0ff313d46abad70d2e9c709aa0c64514e54c98b/SpikesMask/mapflow/_SpikesMask0".[0m
2026-03-27 02:36:55 |[34;20m INFO     [0m|[34;20m nipype.workflow  [0m|[34;20m [Node] Executing "_SpikesMask0" <nipype.interfaces.utility.wrappers.Function>[0m
2026-03-27 02:36:55 |[34;20m INFO     [0m|[34;20m nipype.workflow  [0m|[34;20m [Node] Setting-up "_SpikesMask0" in "/local/nvme/ds004996_29.784026/ds/tmp/mriqc_wf/funcMRIQC/func_report_wf/5e574228475eb49cd5e7898d68a2f12a479ca9ef/SpikesMask/mapflow/_SpikesMask0".[0m
2026-03-27 02:36:55 |[34;20m INFO     [0m|[34;20m nipype.workflow  [0m|[34;20m [Node] Executing "_SpikesMask0" <nipype.interfaces.utility.wrappers.Function>[0m
2026-03-27 02:36:55 |[34;20m INFO     [0m|[34;20m nipype.workflow  [0m|[34;20m [Node] Executing "_SpikesMask0" <nipype.interfaces.utility.wrappers.Function>[0m
2026-03-27 02:36:56 |[34;20m INFO     [0m|[34;20m nipype.workflow  [0m|[34;20m [Node] Finished "_SpikesMask0", elapsed time 1.5138850000000001s.[0m
2026-03-27 02:36:57 |[34;20m INFO     [0m|[34;20m nipype.workflow  [0m|[34;20m [Node] Finished "_SpikesMask0", elapsed time 1.725373s.[0m
2026-03-27 02:36:57 |[34;20m INFO     [0m|[34;20m nipype.workflow  [0m|[34;20m [Node] Finished "_SpikesMask0", elapsed time 1.969571s.[0m
2026-03-27 02:36:57 |[34;20m INFO     [0m|[34;20m nipype.workflow  [0m|[34;20m [Node] Setting-up "_SpikesFinderBgMask0" in "/local/nvme/ds004996_29.784026/ds/tmp/mriqc_wf/funcMRIQC/func_report_wf/e319c1e5308b33584b6204a018141c72fca0c7fe/SpikesFinderBgMask/mapflow/_SpikesFinderBgMask0".[0m
2026-03-27 02:36:57 |[34;20m INFO     [0m|[34;20m nipype.workflow  [0m|[34;20m [Node] Setting-up "_SpikesFinderBgMask0" in "/local/nvme/ds004996_29.784026/ds/tmp/mriqc_wf/funcMRIQC/func_report_wf/c0ff313d46abad70d2e9c709aa0c64514e54c98b/SpikesFinderBgMask/mapflow/_SpikesFinderBgMask0".[0m
2026-03-27 02:36:57 |[34;20m INFO     [0m|[34;20m nipype.workflow  [0m|[34;20m [Node] Executing "_SpikesFinderBgMask0" <mriqc.interfaces.functional.Spikes>[0m
2026-03-27 02:36:57 |[34;20m INFO     [0m|[34;20m nipype.workflow  [0m|[34;20m [Node] Executing "_SpikesFinderBgMask0" <mriqc.interfaces.functional.Spikes>[0m
2026-03-27 02:36:59 |[34;20m INFO     [0m|[34;20m nipype.workflow  [0m|[34;20m [Node] Setting-up "_SpikesFinderBgMask0" in "/local/nvme/ds004996_29.784026/ds/tmp/mriqc_wf/funcMRIQC/func_report_wf/5e574228475eb49cd5e7898d68a2f12a479ca9ef/SpikesFinderBgMask/mapflow/_SpikesFinderBgMask0".[0m
2026-03-27 02:36:59 |[34;20m INFO     [0m|[34;20m nipype.workflow  [0m|[34;20m [Node] Executing "_SpikesFinderBgMask0" <mriqc.interfaces.functional.Spikes>[0m
2026-03-27 02:37:00 |[34;20m INFO     [0m|[34;20m nipype.workflow  [0m|[34;20m [Node] Finished "_SpikesFinderBgMask0", elapsed time 2.664931s.[0m
2026-03-27 02:37:00 |[34;20m INFO     [0m|[34;20m nipype.workflow  [0m|[34;20m [Node] Finished "_SpikesFinderBgMask0", elapsed time 2.803943s.[0m
2026-03-27 02:37:02 |[34;20m INFO     [0m|[34;20m nipype.workflow  [0m|[34;20m [Node] Finished "_SpikesFinderBgMask0", elapsed time 3.031019s.[0m
2026-03-27 02:51:41 |[34;20m INFO     [0m|[34;20m nipype.workflow  [0m|[34;20m [Node] Finished "estimate_hm", elapsed time 886.40302s.[0m
2026-03-27 02:51:43 |[34;20m INFO     [0m|[34;20m nipype.workflow  [0m|[34;20m [Node] Setting-up "mriqc_wf.funcMRIQC.fMRI_HMC.ComputeFD" in "/local/nvme/ds004996_29.784026/ds/tmp/mriqc_wf/funcMRIQC/fMRI_HMC/5e574228475eb49cd5e7898d68a2f12a479ca9ef/ComputeFD".[0m
2026-03-27 02:51:43 |[34;20m INFO     [0m|[34;20m nipype.workflow  [0m|[34;20m [Node] Executing "ComputeFD" <nipype.algorithms.confounds.FramewiseDisplacement>[0m
2026-03-27 02:51:43 |[34;20m INFO     [0m|[34;20m nipype.workflow  [0m|[34;20m [Node] Finished "ComputeFD", elapsed time 0.006442s.[0m
2026-03-27 02:51:47 |[34;20m INFO     [0m|[34;20m nipype.workflow  [0m|[34;20m [Node] Finished "estimate_hm", elapsed time 891.559913s.[0m
2026-03-27 02:51:47 |[34;20m INFO     [0m|[34;20m nipype.workflow  [0m|[34;20m [Node] Setting-up "mriqc_wf.funcMRIQC.fMRI_HMC.ComputeFD" in "/local/nvme/ds004996_29.784026/ds/tmp/mriqc_wf/funcMRIQC/fMRI_HMC/c0ff313d46abad70d2e9c709aa0c64514e54c98b/ComputeFD".[0m
2026-03-27 02:51:47 |[34;20m INFO     [0m|[34;20m nipype.workflow  [0m|[34;20m [Node] Executing "ComputeFD" <nipype.algorithms.confounds.FramewiseDisplacement>[0m
2026-03-27 02:51:47 |[34;20m INFO     [0m|[34;20m nipype.workflow  [0m|[34;20m [Node] Finished "ComputeFD", elapsed time 0.00672s.[0m
2026-03-27 02:51:59 |[34;20m INFO     [0m|[34;20m nipype.workflow  [0m|[34;20m [Node] Finished "estimate_hm", elapsed time 904.446867s.[0m
2026-03-27 02:52:01 |[34;20m INFO     [0m|[34;20m nipype.workflow  [0m|[34;20m [Node] Setting-up "_apply_hmc0" in "/local/nvme/ds004996_29.784026/ds/tmp/mriqc_wf/funcMRIQC/fMRI_HMC/e319c1e5308b33584b6204a018141c72fca0c7fe/apply_hmc/mapflow/_apply_hmc0".[0m
2026-03-27 02:52:01 |[34;20m INFO     [0m|[34;20m nipype.workflow  [0m|[34;20m [Node] Executing "_apply_hmc0" <nipype.interfaces.utility.wrappers.Function>[0m
2026-03-27 02:52:19 |[34;20m INFO     [0m|[34;20m nipype.workflow  [0m|[34;20m [Node] Finished "_apply_hmc0", elapsed time 18.133392s.[0m
2026-03-27 02:52:21 |[34;20m INFO     [0m|[34;20m nipype.workflow  [0m|[34;20m [Node] Setting-up "mriqc_wf.funcMRIQC.fMRI_HMC.ComputeFD" in "/local/nvme/ds004996_29.784026/ds/tmp/mriqc_wf/funcMRIQC/fMRI_HMC/e319c1e5308b33584b6204a018141c72fca0c7fe/ComputeFD".[0m
2026-03-27 02:52:21 |[34;20m INFO     [0m|[34;20m nipype.workflow  [0m|[34;20m [Node] Setting-up "_mean0" in "/local/nvme/ds004996_29.784026/ds/tmp/mriqc_wf/funcMRIQC/e319c1e5308b33584b6204a018141c72fca0c7fe/mean/mapflow/_mean0".[0m
2026-03-27 02:52:21 |[34;20m INFO     [0m|[34;20m nipype.workflow  [0m|[34;20m [Node] Executing "ComputeFD" <nipype.algorithms.confounds.FramewiseDisplacement>[0m
2026-03-27 02:52:21 |[34;20m INFO     [0m|[34;20m nipype.workflow  [0m|[34;20m [Node] Executing "_mean0" <nipype.interfaces.afni.utils.TStat>[0m
2026-03-27 02:52:21 |[34;20m INFO     [0m|[34;20m nipype.workflow  [0m|[34;20m [Node] Setting-up "_compute_tsnr0" in "/local/nvme/ds004996_29.784026/ds/tmp/mriqc_wf/funcMRIQC/e319c1e5308b33584b6204a018141c72fca0c7fe/compute_tsnr/mapflow/_compute_tsnr0".[0m
2026-03-27 02:52:21 |[34;20m INFO     [0m|[34;20m nipype.workflow  [0m|[34;20m [Node] Executing "_compute_tsnr0" <nipype.algorithms.confounds.TSNR>[0m
2026-03-27 02:52:21 |[34;20m INFO     [0m|[34;20m nipype.workflow  [0m|[34;20m [Node] Setting-up "_quality0" in "/local/nvme/ds004996_29.784026/ds/tmp/mriqc_wf/funcMRIQC/ComputeIQMs/e319c1e5308b33584b6204a018141c72fca0c7fe/quality/mapflow/_quality0".[0m
2026-03-27 02:52:21 |[34;20m INFO     [0m|[34;20m nipype.workflow  [0m|[34;20m [Node] Executing "_quality0" <nipype.interfaces.afni.preprocess.QualityIndex>[0m
2026-03-27 02:52:21 |[34;20m INFO     [0m|[34;20m nipype.workflow  [0m|[34;20m [Node] Finished "ComputeFD", elapsed time 0.007014s.[0m
2026-03-27 02:52:22 |[34;20m INFO     [0m|[34;20m nipype.workflow  [0m|[34;20m [Node] Finished "_compute_tsnr0", elapsed time 1.402566s.[0m
2026-03-27 02:52:23 |[34;20m INFO     [0m|[34;20m nipype.workflow  [0m|[34;20m [Node] Setting-up "_PlotMosaicSD0" in "/local/nvme/ds004996_29.784026/ds/tmp/mriqc_wf/funcMRIQC/func_report_wf/e319c1e5308b33584b6204a018141c72fca0c7fe/PlotMosaicSD/mapflow/_PlotMosaicSD0".[0m
2026-03-27 02:52:23 |[34;20m INFO     [0m|[34;20m nipype.workflow  [0m|[34;20m [Node] Executing "_PlotMosaicSD0" <nireports.interfaces.mosaic.PlotMosaic>[0m
2026-03-27 02:52:24 |[34;20m INFO     [0m|[34;20m nipype.workflow  [0m|[34;20m [Node] Finished "_mean0", elapsed time 2.919317s.[0m
2026-03-27 02:52:24 |[34;20m INFO     [0m|[34;20m nipype.workflow  [0m|[34;20m [Node] Finished "_PlotMosaicSD0", elapsed time 1.376129s.[0m
2026-03-27 02:52:25 |[34;20m INFO     [0m|[34;20m nipype.workflow  [0m|[34;20m [Node] Setting-up "mriqc_wf.funcMRIQC.synthstrip_wf.pre_clip" in "/local/nvme/ds004996_29.784026/ds/tmp/mriqc_wf/funcMRIQC/synthstrip_wf/e319c1e5308b33584b6204a018141c72fca0c7fe/pre_clip".[0m
2026-03-27 02:52:25 |[34;20m INFO     [0m|[34;20m nipype.workflow  [0m|[34;20m [Node] Setting-up "mriqc_wf.funcMRIQC.SpatialNormalization.SharpenEPI" in "/local/nvme/ds004996_29.784026/ds/tmp/mriqc_wf/funcMRIQC/SpatialNormalization/e319c1e5308b33584b6204a018141c72fca0c7fe/SharpenEPI".[0m
2026-03-27 02:52:25 |[34;20m INFO     [0m|[34;20m nipype.workflow  [0m|[34;20m [Node] Executing "pre_clip" <niworkflows.interfaces.nibabel.IntensityClip>[0m
2026-03-27 02:52:25 |[34;20m INFO     [0m|[34;20m nipype.workflow  [0m|[34;20m [Node] Executing "SharpenEPI" <nipype.interfaces.ants.segmentation.N4BiasFieldCorrection>[0m
2026-03-27 02:52:25 |[34;20m INFO     [0m|[34;20m nipype.workflow  [0m|[34;20m [Node] Setting-up "_PlotMosaicNoise0" in "/local/nvme/ds004996_29.784026/ds/tmp/mriqc_wf/funcMRIQC/func_report_wf/e319c1e5308b33584b6204a018141c72fca0c7fe/PlotMosaicNoise/mapflow/_PlotMosaicNoise0".[0m
2026-03-27 02:52:25 |[34;20m INFO     [0m|[34;20m nipype.workflow  [0m|[34;20m [Node] Executing "_PlotMosaicNoise0" <nireports.interfaces.mosaic.PlotMosaic>[0m
2026-03-27 02:52:25 |[34;20m INFO     [0m|[34;20m nipype.workflow  [0m|[34;20m [Node] Setting-up "_ds_report_stdev0" in "/local/nvme/ds004996_29.784026/ds/tmp/mriqc_wf/funcMRIQC/func_report_wf/e319c1e5308b33584b6204a018141c72fca0c7fe/ds_report_stdev/mapflow/_ds_report_stdev0".[0m
2026-03-27 02:52:25 |[34;20m INFO     [0m|[34;20m nipype.workflow  [0m|[34;20m [Node] Executing "_ds_report_stdev0" <mriqc.interfaces.DerivativesDataSink>[0m
2026-03-27 02:52:25 |[34;20m INFO     [0m|[34;20m nipype.workflow  [0m|[34;20m [Node] Setting-up "_PlotMosaicMean0" in "/local/nvme/ds004996_29.784026/ds/tmp/mriqc_wf/funcMRIQC/func_report_wf/e319c1e5308b33584b6204a018141c72fca0c7fe/PlotMosaicMean/mapflow/_PlotMosaicMean0".[0m
2026-03-27 02:52:25 |[34;20m INFO     [0m|[34;20m nipype.workflow  [0m|[34;20m [Node] Executing "_PlotMosaicMean0" <nireports.interfaces.mosaic.PlotMosaic>[0m
2026-03-27 02:52:25 |[34;20m INFO     [0m|[34;20m nipype.workflow  [0m|[34;20m [Node] Finished "_ds_report_stdev0", elapsed time 0.020004s.[0m
2026-03-27 02:52:26 |[34;20m INFO     [0m|[34;20m nipype.workflow  [0m|[34;20m [Node] Finished "pre_clip", elapsed time 0.775065s.[0m
2026-03-27 02:52:26 |[34;20m INFO     [0m|[34;20m nipype.workflow  [0m|[34;20m [Node] Finished "_PlotMosaicNoise0", elapsed time 1.37696s.[0m
2026-03-27 02:52:27 |[34;20m INFO     [0m|[34;20m nipype.workflow  [0m|[34;20m [Node] Finished "_PlotMosaicMean0", elapsed time 1.468421s.[0m
2026-03-27 02:52:27 |[34;20m INFO     [0m|[34;20m nipype.workflow  [0m|[34;20m [Node] Setting-up "_ds_report_mean0" in "/local/nvme/ds004996_29.784026/ds/tmp/mriqc_wf/funcMRIQC/func_report_wf/e319c1e5308b33584b6204a018141c72fca0c7fe/ds_report_mean/mapflow/_ds_report_mean0".[0m
2026-03-27 02:52:27 |[34;20m INFO     [0m|[34;20m nipype.workflow  [0m|[34;20m [Node] Executing "_ds_report_mean0" <mriqc.interfaces.DerivativesDataSink>[0m
2026-03-27 02:52:27 |[34;20m INFO     [0m|[34;20m nipype.workflow  [0m|[34;20m [Node] Finished "_ds_report_mean0", elapsed time 0.0051s.[0m
2026-03-27 02:52:27 |[34;20m INFO     [0m|[34;20m nipype.workflow  [0m|[34;20m [Node] Setting-up "_ds_report_background0" in "/local/nvme/ds004996_29.784026/ds/tmp/mriqc_wf/funcMRIQC/func_report_wf/e319c1e5308b33584b6204a018141c72fca0c7fe/ds_report_background/mapflow/_ds_report_background0".[0m
2026-03-27 02:52:27 |[34;20m INFO     [0m|[34;20m nipype.workflow  [0m|[34;20m [Node] Executing "_ds_report_background0" <mriqc.interfaces.DerivativesDataSink>[0m
2026-03-27 02:52:27 |[34;20m INFO     [0m|[34;20m nipype.workflow  [0m|[34;20m [Node] Finished "_ds_report_background0", elapsed time 0.004995s.[0m
2026-03-27 02:52:29 |[34;20m INFO     [0m|[34;20m nipype.workflow  [0m|[34;20m [Node] Finished "SharpenEPI", elapsed time 4.161343s.[0m
2026-03-27 02:52:32 |[34;20m INFO     [0m|[34;20m nipype.workflow  [0m|[34;20m [Node] Finished "_quality0", elapsed time 10.580121s.[0m
2026-03-27 02:52:33 |[34;20m INFO     [0m|[34;20m nipype.workflow  [0m|[34;20m [Node] Setting-up "_apply_hmc0" in "/local/nvme/ds004996_29.784026/ds/tmp/mriqc_wf/funcMRIQC/fMRI_HMC/5e574228475eb49cd5e7898d68a2f12a479ca9ef/apply_hmc/mapflow/_apply_hmc0".[0m
2026-03-27 02:52:33 |[34;20m INFO     [0m|[34;20m nipype.workflow  [0m|[34;20m [Node] Executing "_apply_hmc0" <nipype.interfaces.utility.wrappers.Function>[0m
2026-03-27 02:52:51 |[34;20m INFO     [0m|[34;20m nipype.workflow  [0m|[34;20m [Node] Finished "_apply_hmc0", elapsed time 18.253375s.[0m
2026-03-27 02:52:53 |[34;20m INFO     [0m|[34;20m nipype.workflow  [0m|[34;20m [Node] Setting-up "_apply_hmc0" in "/local/nvme/ds004996_29.784026/ds/tmp/mriqc_wf/funcMRIQC/fMRI_HMC/c0ff313d46abad70d2e9c709aa0c64514e54c98b/apply_hmc/mapflow/_apply_hmc0".[0m
2026-03-27 02:52:53 |[34;20m INFO     [0m|[34;20m nipype.workflow  [0m|[34;20m [Node] Executing "_apply_hmc0" <nipype.interfaces.utility.wrappers.Function>[0m
2026-03-27 02:53:11 |[34;20m INFO     [0m|[34;20m nipype.workflow  [0m|[34;20m [Node] Finished "_apply_hmc0", elapsed time 18.237535s.[0m
2026-03-27 02:53:13 |[34;20m INFO     [0m|[34;20m nipype.workflow  [0m|[34;20m [Node] Setting-up "_mean0" in "/local/nvme/ds004996_29.784026/ds/tmp/mriqc_wf/funcMRIQC/5e574228475eb49cd5e7898d68a2f12a479ca9ef/mean/mapflow/_mean0".[0m
2026-03-27 02:53:13 |[34;20m INFO     [0m|[34;20m nipype.workflow  [0m|[34;20m [Node] Executing "_mean0" <nipype.interfaces.afni.utils.TStat>[0m
2026-03-27 02:53:13 |[34;20m INFO     [0m|[34;20m nipype.workflow  [0m|[34;20m [Node] Setting-up "_compute_tsnr0" in "/local/nvme/ds004996_29.784026/ds/tmp/mriqc_wf/funcMRIQC/5e574228475eb49cd5e7898d68a2f12a479ca9ef/compute_tsnr/mapflow/_compute_tsnr0".[0m
2026-03-27 02:53:13 |[34;20m INFO     [0m|[34;20m nipype.workflow  [0m|[34;20m [Node] Setting-up "_quality0" in "/local/nvme/ds004996_29.784026/ds/tmp/mriqc_wf/funcMRIQC/ComputeIQMs/5e574228475eb49cd5e7898d68a2f12a479ca9ef/quality/mapflow/_quality0".[0m
2026-03-27 02:53:13 |[34;20m INFO     [0m|[34;20m nipype.workflow  [0m|[34;20m [Node] Executing "_compute_tsnr0" <nipype.algorithms.confounds.TSNR>[0m
2026-03-27 02:53:13 |[34;20m INFO     [0m|[34;20m nipype.workflow  [0m|[34;20m [Node] Setting-up "_compute_tsnr0" in "/local/nvme/ds004996_29.784026/ds/tmp/mriqc_wf/funcMRIQC/c0ff313d46abad70d2e9c709aa0c64514e54c98b/compute_tsnr/mapflow/_compute_tsnr0".[0m
2026-03-27 02:53:13 |[34;20m INFO     [0m|[34;20m nipype.workflow  [0m|[34;20m [Node] Executing "_quality0" <nipype.interfaces.afni.preprocess.QualityIndex>[0m
2026-03-27 02:53:13 |[34;20m INFO     [0m|[34;20m nipype.workflow  [0m|[34;20m [Node] Setting-up "_mean0" in "/local/nvme/ds004996_29.784026/ds/tmp/mriqc_wf/funcMRIQC/c0ff313d46abad70d2e9c709aa0c64514e54c98b/mean/mapflow/_mean0".[0m
2026-03-27 02:53:13 |[34;20m INFO     [0m|[34;20m nipype.workflow  [0m|[34;20m [Node] Executing "_compute_tsnr0" <nipype.algorithms.confounds.TSNR>[0m
2026-03-27 02:53:13 |[34;20m INFO     [0m|[34;20m nipype.workflow  [0m|[34;20m [Node] Setting-up "_quality0" in "/local/nvme/ds004996_29.784026/ds/tmp/mriqc_wf/funcMRIQC/ComputeIQMs/c0ff313d46abad70d2e9c709aa0c64514e54c98b/quality/mapflow/_quality0".[0m
2026-03-27 02:53:13 |[34;20m INFO     [0m|[34;20m nipype.workflow  [0m|[34;20m [Node] Executing "_mean0" <nipype.interfaces.afni.utils.TStat>[0m
2026-03-27 02:53:13 |[34;20m INFO     [0m|[34;20m nipype.workflow  [0m|[34;20m [Node] Executing "_quality0" <nipype.interfaces.afni.preprocess.QualityIndex>[0m
2026-03-27 02:53:15 |[34;20m INFO     [0m|[34;20m nipype.workflow  [0m|[34;20m [Node] Finished "_compute_tsnr0", elapsed time 1.440269s.[0m
2026-03-27 02:53:15 |[34;20m INFO     [0m|[34;20m nipype.workflow  [0m|[34;20m [Node] Finished "_compute_tsnr0", elapsed time 1.580558s.[0m
2026-03-27 02:53:15 |[34;20m INFO     [0m|[34;20m nipype.workflow  [0m|[34;20m [Node] Setting-up "_PlotMosaicSD0" in "/local/nvme/ds004996_29.784026/ds/tmp/mriqc_wf/funcMRIQC/func_report_wf/5e574228475eb49cd5e7898d68a2f12a479ca9ef/PlotMosaicSD/mapflow/_PlotMosaicSD0".[0m
2026-03-27 02:53:15 |[34;20m INFO     [0m|[34;20m nipype.workflow  [0m|[34;20m [Node] Executing "_PlotMosaicSD0" <nireports.interfaces.mosaic.PlotMosaic>[0m
2026-03-27 02:53:15 |[34;20m INFO     [0m|[34;20m nipype.workflow  [0m|[34;20m [Node] Setting-up "_PlotMosaicSD0" in "/local/nvme/ds004996_29.784026/ds/tmp/mriqc_wf/funcMRIQC/func_report_wf/c0ff313d46abad70d2e9c709aa0c64514e54c98b/PlotMosaicSD/mapflow/_PlotMosaicSD0".[0m
2026-03-27 02:53:15 |[34;20m INFO     [0m|[34;20m nipype.workflow  [0m|[34;20m [Node] Executing "_PlotMosaicSD0" <nireports.interfaces.mosaic.PlotMosaic>[0m
2026-03-27 02:53:16 |[34;20m INFO     [0m|[34;20m nipype.workflow  [0m|[34;20m [Node] Finished "_mean0", elapsed time 3.103448s.[0m
2026-03-27 02:53:16 |[34;20m INFO     [0m|[34;20m nipype.workflow  [0m|[34;20m [Node] Finished "_mean0", elapsed time 3.222432s.[0m
2026-03-27 02:53:17 |[34;20m INFO     [0m|[34;20m nipype.workflow  [0m|[34;20m [Node] Finished "_PlotMosaicSD0", elapsed time 1.4036520000000001s.[0m
2026-03-27 02:53:17 |[34;20m INFO     [0m|[34;20m nipype.workflow  [0m|[34;20m [Node] Finished "_PlotMosaicSD0", elapsed time 1.4123109999999999s.[0m
2026-03-27 02:53:17 |[34;20m INFO     [0m|[34;20m nipype.workflow  [0m|[34;20m [Node] Setting-up "mriqc_wf.funcMRIQC.synthstrip_wf.pre_clip" in "/local/nvme/ds004996_29.784026/ds/tmp/mriqc_wf/funcMRIQC/synthstrip_wf/5e574228475eb49cd5e7898d68a2f12a479ca9ef/pre_clip".[0m
2026-03-27 02:53:17 |[34;20m INFO     [0m|[34;20m nipype.workflow  [0m|[34;20m [Node] Setting-up "mriqc_wf.funcMRIQC.SpatialNormalization.SharpenEPI" in "/local/nvme/ds004996_29.784026/ds/tmp/mriqc_wf/funcMRIQC/SpatialNormalization/5e574228475eb49cd5e7898d68a2f12a479ca9ef/SharpenEPI".[0m
2026-03-27 02:53:17 |[34;20m INFO     [0m|[34;20m nipype.workflow  [0m|[34;20m [Node] Executing "pre_clip" <niworkflows.interfaces.nibabel.IntensityClip>[0m
2026-03-27 02:53:17 |[34;20m INFO     [0m|[34;20m nipype.workflow  [0m|[34;20m [Node] Setting-up "mriqc_wf.funcMRIQC.synthstrip_wf.pre_clip" in "/local/nvme/ds004996_29.784026/ds/tmp/mriqc_wf/funcMRIQC/synthstrip_wf/c0ff313d46abad70d2e9c709aa0c64514e54c98b/pre_clip".[0m
2026-03-27 02:53:17 |[34;20m INFO     [0m|[34;20m nipype.workflow  [0m|[34;20m [Node] Setting-up "mriqc_wf.funcMRIQC.SpatialNormalization.SharpenEPI" in "/local/nvme/ds004996_29.784026/ds/tmp/mriqc_wf/funcMRIQC/SpatialNormalization/c0ff313d46abad70d2e9c709aa0c64514e54c98b/SharpenEPI".[0m
2026-03-27 02:53:17 |[34;20m INFO     [0m|[34;20m nipype.workflow  [0m|[34;20m [Node] Setting-up "_PlotMosaicMean0" in "/local/nvme/ds004996_29.784026/ds/tmp/mriqc_wf/funcMRIQC/func_report_wf/5e574228475eb49cd5e7898d68a2f12a479ca9ef/PlotMosaicMean/mapflow/_PlotMosaicMean0".[0m
2026-03-27 02:53:17 |[34;20m INFO     [0m|[34;20m nipype.workflow  [0m|[34;20m [Node] Executing "SharpenEPI" <nipype.interfaces.ants.segmentation.N4BiasFieldCorrection>[0m
2026-03-27 02:53:17 |[34;20m INFO     [0m|[34;20m nipype.workflow  [0m|[34;20m [Node] Executing "pre_clip" <niworkflows.interfaces.nibabel.IntensityClip>[0m
2026-03-27 02:53:17 |[34;20m INFO     [0m|[34;20m nipype.workflow  [0m|[34;20m [Node] Executing "_PlotMosaicMean0" <nireports.interfaces.mosaic.PlotMosaic>[0m
2026-03-27 02:53:17 |[34;20m INFO     [0m|[34;20m nipype.workflow  [0m|[34;20m [Node] Executing "SharpenEPI" <nipype.interfaces.ants.segmentation.N4BiasFieldCorrection>[0m
2026-03-27 02:53:17 |[34;20m INFO     [0m|[34;20m nipype.workflow  [0m|[34;20m [Node] Setting-up "_PlotMosaicNoise0" in "/local/nvme/ds004996_29.784026/ds/tmp/mriqc_wf/funcMRIQC/func_report_wf/5e574228475eb49cd5e7898d68a2f12a479ca9ef/PlotMosaicNoise/mapflow/_PlotMosaicNoise0".[0m
2026-03-27 02:53:17 |[34;20m INFO     [0m|[34;20m nipype.workflow  [0m|[34;20m [Node] Executing "_PlotMosaicNoise0" <nireports.interfaces.mosaic.PlotMosaic>[0m
2026-03-27 02:53:18 |[34;20m INFO     [0m|[34;20m nipype.workflow  [0m|[34;20m [Node] Finished "pre_clip", elapsed time 0.718826s.[0m
2026-03-27 02:53:18 |[34;20m INFO     [0m|[34;20m nipype.workflow  [0m|[34;20m [Node] Finished "pre_clip", elapsed time 0.743156s.[0m
2026-03-27 02:53:18 |[34;20m INFO     [0m|[34;20m nipype.workflow  [0m|[34;20m [Node] Finished "_PlotMosaicNoise0", elapsed time 1.361181s.[0m
2026-03-27 02:53:18 |[34;20m INFO     [0m|[34;20m nipype.workflow  [0m|[34;20m [Node] Finished "_PlotMosaicMean0", elapsed time 1.365512s.[0m
2026-03-27 02:53:19 |[34;20m INFO     [0m|[34;20m nipype.workflow  [0m|[34;20m [Node] Setting-up "_PlotMosaicMean0" in "/local/nvme/ds004996_29.784026/ds/tmp/mriqc_wf/funcMRIQC/func_report_wf/c0ff313d46abad70d2e9c709aa0c64514e54c98b/PlotMosaicMean/mapflow/_PlotMosaicMean0".[0m
2026-03-27 02:53:19 |[34;20m INFO     [0m|[34;20m nipype.workflow  [0m|[34;20m [Node] Executing "_PlotMosaicMean0" <nireports.interfaces.mosaic.PlotMosaic>[0m
2026-03-27 02:53:19 |[34;20m INFO     [0m|[34;20m nipype.workflow  [0m|[34;20m [Node] Setting-up "_PlotMosaicNoise0" in "/local/nvme/ds004996_29.784026/ds/tmp/mriqc_wf/funcMRIQC/func_report_wf/c0ff313d46abad70d2e9c709aa0c64514e54c98b/PlotMosaicNoise/mapflow/_PlotMosaicNoise0".[0m
2026-03-27 02:53:19 |[34;20m INFO     [0m|[34;20m nipype.workflow  [0m|[34;20m [Node] Setting-up "_ds_report_mean0" in "/local/nvme/ds004996_29.784026/ds/tmp/mriqc_wf/funcMRIQC/func_report_wf/5e574228475eb49cd5e7898d68a2f12a479ca9ef/ds_report_mean/mapflow/_ds_report_mean0".[0m
2026-03-27 02:53:19 |[34;20m INFO     [0m|[34;20m nipype.workflow  [0m|[34;20m [Node] Executing "_PlotMosaicNoise0" <nireports.interfaces.mosaic.PlotMosaic>[0m
2026-03-27 02:53:19 |[34;20m INFO     [0m|[34;20m nipype.workflow  [0m|[34;20m [Node] Executing "_ds_report_mean0" <mriqc.interfaces.DerivativesDataSink>[0m
2026-03-27 02:53:19 |[34;20m INFO     [0m|[34;20m nipype.workflow  [0m|[34;20m [Node] Finished "_ds_report_mean0", elapsed time 0.005073s.[0m
2026-03-27 02:53:19 |[34;20m INFO     [0m|[34;20m nipype.workflow  [0m|[34;20m [Node] Setting-up "_ds_report_background0" in "/local/nvme/ds004996_29.784026/ds/tmp/mriqc_wf/funcMRIQC/func_report_wf/5e574228475eb49cd5e7898d68a2f12a479ca9ef/ds_report_background/mapflow/_ds_report_background0".[0m
2026-03-27 02:53:19 |[34;20m INFO     [0m|[34;20m nipype.workflow  [0m|[34;20m [Node] Executing "_ds_report_background0" <mriqc.interfaces.DerivativesDataSink>[0m
2026-03-27 02:53:19 |[34;20m INFO     [0m|[34;20m nipype.workflow  [0m|[34;20m [Node] Finished "_ds_report_background0", elapsed time 0.004895s.[0m
2026-03-27 02:53:19 |[34;20m INFO     [0m|[34;20m nipype.workflow  [0m|[34;20m [Node] Setting-up "_ds_report_stdev0" in "/local/nvme/ds004996_29.784026/ds/tmp/mriqc_wf/funcMRIQC/func_report_wf/5e574228475eb49cd5e7898d68a2f12a479ca9ef/ds_report_stdev/mapflow/_ds_report_stdev0".[0m
2026-03-27 02:53:19 |[34;20m INFO     [0m|[34;20m nipype.workflow  [0m|[34;20m [Node] Executing "_ds_report_stdev0" <mriqc.interfaces.DerivativesDataSink>[0m
2026-03-27 02:53:19 |[34;20m INFO     [0m|[34;20m nipype.workflow  [0m|[34;20m [Node] Finished "_ds_report_stdev0", elapsed time 0.005098s.[0m
2026-03-27 02:53:19 |[34;20m INFO     [0m|[34;20m nipype.workflow  [0m|[34;20m [Node] Setting-up "_ds_report_stdev0" in "/local/nvme/ds004996_29.784026/ds/tmp/mriqc_wf/funcMRIQC/func_report_wf/c0ff313d46abad70d2e9c709aa0c64514e54c98b/ds_report_stdev/mapflow/_ds_report_stdev0".[0m
2026-03-27 02:53:19 |[34;20m INFO     [0m|[34;20m nipype.workflow  [0m|[34;20m [Node] Executing "_ds_report_stdev0" <mriqc.interfaces.DerivativesDataSink>[0m
2026-03-27 02:53:20 |[34;20m INFO     [0m|[34;20m nipype.workflow  [0m|[34;20m [Node] Finished "_ds_report_stdev0", elapsed time 0.005054s.[0m
2026-03-27 02:53:21 |[34;20m INFO     [0m|[34;20m nipype.workflow  [0m|[34;20m [Node] Finished "_PlotMosaicNoise0", elapsed time 1.4390290000000001s.[0m
2026-03-27 02:53:21 |[34;20m INFO     [0m|[34;20m nipype.workflow  [0m|[34;20m [Node] Finished "_PlotMosaicMean0", elapsed time 1.527686s.[0m
2026-03-27 02:53:21 |[34;20m INFO     [0m|[34;20m nipype.workflow  [0m|[34;20m [Node] Setting-up "_ds_report_mean0" in "/local/nvme/ds004996_29.784026/ds/tmp/mriqc_wf/funcMRIQC/func_report_wf/c0ff313d46abad70d2e9c709aa0c64514e54c98b/ds_report_mean/mapflow/_ds_report_mean0".[0m
2026-03-27 02:53:21 |[34;20m INFO     [0m|[34;20m nipype.workflow  [0m|[34;20m [Node] Executing "_ds_report_mean0" <mriqc.interfaces.DerivativesDataSink>[0m
2026-03-27 02:53:21 |[34;20m INFO     [0m|[34;20m nipype.workflow  [0m|[34;20m [Node] Finished "_ds_report_mean0", elapsed time 0.004842s.[0m
2026-03-27 02:53:21 |[34;20m INFO     [0m|[34;20m nipype.workflow  [0m|[34;20m [Node] Setting-up "_ds_report_background0" in "/local/nvme/ds004996_29.784026/ds/tmp/mriqc_wf/funcMRIQC/func_report_wf/c0ff313d46abad70d2e9c709aa0c64514e54c98b/ds_report_background/mapflow/_ds_report_background0".[0m
2026-03-27 02:53:21 |[34;20m INFO     [0m|[34;20m nipype.workflow  [0m|[34;20m [Node] Executing "_ds_report_background0" <mriqc.interfaces.DerivativesDataSink>[0m
2026-03-27 02:53:21 |[34;20m INFO     [0m|[34;20m nipype.workflow  [0m|[34;20m [Node] Finished "_ds_report_background0", elapsed time 0.004943s.[0m
2026-03-27 02:53:21 |[34;20m INFO     [0m|[34;20m nipype.workflow  [0m|[34;20m [Node] Finished "SharpenEPI", elapsed time 4.170437s.[0m
2026-03-27 02:53:22 |[34;20m INFO     [0m|[34;20m nipype.workflow  [0m|[34;20m [Node] Finished "SharpenEPI", elapsed time 4.170469s.[0m
2026-03-27 02:53:24 |[34;20m INFO     [0m|[34;20m nipype.workflow  [0m|[34;20m [Node] Finished "_quality0", elapsed time 10.743608s.[0m
2026-03-27 02:53:24 |[34;20m INFO     [0m|[34;20m nipype.workflow  [0m|[34;20m [Node] Finished "_quality0", elapsed time 10.771354s.[0m
2026-03-27 02:53:25 |[34;20m INFO     [0m|[34;20m nipype.workflow  [0m|[34;20m [Node] Setting-up "mriqc_wf.funcMRIQC.synthstrip_wf.pre_n4" in "/local/nvme/ds004996_29.784026/ds/tmp/mriqc_wf/funcMRIQC/synthstrip_wf/e319c1e5308b33584b6204a018141c72fca0c7fe/pre_n4".[0m
2026-03-27 02:53:25 |[34;20m INFO     [0m|[34;20m nipype.workflow  [0m|[34;20m [Node] Executing "pre_n4" <nipype.interfaces.ants.segmentation.N4BiasFieldCorrection>[0m
2026-03-27 02:53:26 |[34;20m INFO     [0m|[34;20m nipype.workflow  [0m|[34;20m [Node] Finished "pre_n4", elapsed time 1.100417s.[0m
2026-03-27 02:53:27 |[34;20m INFO     [0m|[34;20m nipype.workflow  [0m|[34;20m [Node] Setting-up "mriqc_wf.funcMRIQC.synthstrip_wf.pre_n4" in "/local/nvme/ds004996_29.784026/ds/tmp/mriqc_wf/funcMRIQC/synthstrip_wf/5e574228475eb49cd5e7898d68a2f12a479ca9ef/pre_n4".[0m
2026-03-27 02:53:27 |[34;20m INFO     [0m|[34;20m nipype.workflow  [0m|[34;20m [Node] Executing "pre_n4" <nipype.interfaces.ants.segmentation.N4BiasFieldCorrection>[0m
2026-03-27 02:53:28 |[34;20m INFO     [0m|[34;20m nipype.workflow  [0m|[34;20m [Node] Finished "pre_n4", elapsed time 1.118501s.[0m
2026-03-27 02:53:29 |[34;20m INFO     [0m|[34;20m nipype.workflow  [0m|[34;20m [Node] Setting-up "mriqc_wf.funcMRIQC.synthstrip_wf.pre_n4" in "/local/nvme/ds004996_29.784026/ds/tmp/mriqc_wf/funcMRIQC/synthstrip_wf/c0ff313d46abad70d2e9c709aa0c64514e54c98b/pre_n4".[0m
2026-03-27 02:53:29 |[34;20m INFO     [0m|[34;20m nipype.workflow  [0m|[34;20m [Node] Executing "pre_n4" <nipype.interfaces.ants.segmentation.N4BiasFieldCorrection>[0m
2026-03-27 02:53:30 |[34;20m INFO     [0m|[34;20m nipype.workflow  [0m|[34;20m [Node] Finished "pre_n4", elapsed time 1.3071519999999999s.[0m
2026-03-27 02:53:31 |[34;20m INFO     [0m|[34;20m nipype.workflow  [0m|[34;20m [Node] Setting-up "mriqc_wf.funcMRIQC.synthstrip_wf.synthstrip" in "/local/nvme/ds004996_29.784026/ds/tmp/mriqc_wf/funcMRIQC/synthstrip_wf/e319c1e5308b33584b6204a018141c72fca0c7fe/synthstrip".[0m
2026-03-27 02:53:31 |[34;20m INFO     [0m|[34;20m nipype.workflow  [0m|[34;20m [Node] Executing "synthstrip" <mriqc.interfaces.synthstrip.SynthStrip>[0m
2026-03-27 02:53:47 |[34;20m INFO     [0m|[34;20m nipype.workflow  [0m|[34;20m [Node] Finished "synthstrip", elapsed time 15.530623s.[0m
2026-03-27 02:53:47 |[34;20m INFO     [0m|[34;20m nipype.workflow  [0m|[34;20m [Node] Setting-up "mriqc_wf.funcMRIQC.synthstrip_wf.synthstrip" in "/local/nvme/ds004996_29.784026/ds/tmp/mriqc_wf/funcMRIQC/synthstrip_wf/5e574228475eb49cd5e7898d68a2f12a479ca9ef/synthstrip".[0m
2026-03-27 02:53:47 |[34;20m INFO     [0m|[34;20m nipype.workflow  [0m|[34;20m [Node] Executing "synthstrip" <mriqc.interfaces.synthstrip.SynthStrip>[0m
2026-03-27 02:54:01 |[34;20m INFO     [0m|[34;20m nipype.workflow  [0m|[34;20m [Node] Finished "synthstrip", elapsed time 13.858569s.[0m
2026-03-27 02:54:01 |[34;20m INFO     [0m|[34;20m nipype.workflow  [0m|[34;20m [Node] Setting-up "mriqc_wf.funcMRIQC.synthstrip_wf.synthstrip" in "/local/nvme/ds004996_29.784026/ds/tmp/mriqc_wf/funcMRIQC/synthstrip_wf/c0ff313d46abad70d2e9c709aa0c64514e54c98b/synthstrip".[0m
2026-03-27 02:54:01 |[34;20m INFO     [0m|[34;20m nipype.workflow  [0m|[34;20m [Node] Executing "synthstrip" <mriqc.interfaces.synthstrip.SynthStrip>[0m
2026-03-27 02:54:15 |[34;20m INFO     [0m|[34;20m nipype.workflow  [0m|[34;20m [Node] Finished "synthstrip", elapsed time 14.239919s.[0m
2026-03-27 02:54:17 |[34;20m INFO     [0m|[34;20m nipype.workflow  [0m|[34;20m [Node] Setting-up "mriqc_wf.funcMRIQC.synthstrip_wf.post_n4" in "/local/nvme/ds004996_29.784026/ds/tmp/mriqc_wf/funcMRIQC/synthstrip_wf/e319c1e5308b33584b6204a018141c72fca0c7fe/post_n4".[0m
2026-03-27 02:54:17 |[34;20m INFO     [0m|[34;20m nipype.workflow  [0m|[34;20m [Node] Executing "post_n4" <nipype.interfaces.ants.segmentation.N4BiasFieldCorrection>[0m
2026-03-27 02:54:18 |[34;20m INFO     [0m|[34;20m nipype.workflow  [0m|[34;20m [Node] Finished "post_n4", elapsed time 0.872032s.[0m
2026-03-27 02:54:19 |[34;20m INFO     [0m|[34;20m nipype.workflow  [0m|[34;20m [Node] Setting-up "mriqc_wf.funcMRIQC.SpatialNormalization.EPI2MNI" in "/local/nvme/ds004996_29.784026/ds/tmp/mriqc_wf/funcMRIQC/SpatialNormalization/e319c1e5308b33584b6204a018141c72fca0c7fe/EPI2MNI".[0m
2026-03-27 02:54:19 |[34;20m INFO     [0m|[34;20m nipype.workflow  [0m|[34;20m [Node] Executing "EPI2MNI" <niworkflows.interfaces.reportlets.registration.SpatialNormalizationRPT>[0m
2026-03-27 02:54:19 |[34;20m INFO     [0m|[34;20m niworkflows      [0m|[34;20m Estimating initial transform using AffineInitializer[0m
2026-03-27 02:54:25 |[34;20m INFO     [0m|[34;20m niworkflows      [0m|[34;20m Terminal outputs of initialization saved (/local/nvme/ds004996_29.784026/ds/tmp/mriqc_wf/funcMRIQC/SpatialNormalization/e319c1e5308b33584b6204a018141c72fca0c7fe/EPI2MNI/stderr.nipype-init).[0m
2026-03-27 02:54:25 |[34;20m INFO     [0m|[34;20m niworkflows      [0m|[34;20m Loading settings from file /opt/conda/lib/python3.11/site-packages/niworkflows/data/boldref-mni_registration_precise_000.json.[0m
2026-03-27 02:54:25 |[34;20m INFO     [0m|[34;20m niworkflows      [0m|[34;20m Retry #1, commandline: 
antsRegistration --collapse-output-transforms 1 --dimensionality 3 --float 0 --initial-moving-transform [ /local/nvme/ds004996_29.784026/ds/tmp/mriqc_wf/funcMRIQC/SpatialNormalization/e319c1e5308b33584b6204a018141c72fca0c7fe/EPI2MNI/transform.mat, 0 ] --initialize-transforms-per-stage 0 --interpolation LanczosWindowedSinc --output [ epi_to_mni, epi_to_mni_Warped.nii.gz ] --transform Rigid[ 0.05 ] --metric Mattes[ /templateflow/tpl-MNI152NLin2009cAsym/tpl-MNI152NLin2009cAsym_res-02_desc-fMRIPrep_boldref.nii.gz, /local/nvme/ds004996_29.784026/ds/tmp/mriqc_wf/funcMRIQC/SpatialNormalization/e319c1e5308b33584b6204a018141c72fca0c7fe/SharpenEPI/sub-29_task-conversation_run-01_bold_desc-realigned_valid_tstat_corrected.nii.gz, 1, 56, Regular, 0.25 ] --convergence [ 10000x1000x100, 1e-06, 20 ] --smoothing-sigmas 4.0x2.0x1.0vox --shrink-factors 4x2x1 --use-histogram-matching 1 --masks [ /templateflow/tpl-MNI152NLin2009cAsym/tpl-MNI152NLin2009cAsym_res-02_desc-brain_mask.nii.gz, /local/nvme/ds004996_29.784026/ds/tmp/mriqc_wf/funcMRIQC/synthstrip_wf/e319c1e5308b33584b6204a018141c72fca0c7fe/synthstrip/clipped_corrected_desc-brain_mask.nii.gz ] --transform Affine[ 0.08 ] --metric Mattes[ /templateflow/tpl-MNI152NLin2009cAsym/tpl-MNI152NLin2009cAsym_res-02_desc-fMRIPrep_boldref.nii.gz, /local/nvme/ds004996_29.784026/ds/tmp/mriqc_wf/funcMRIQC/SpatialNormalization/e319c1e5308b33584b6204a018141c72fca0c7fe/SharpenEPI/sub-29_task-conversation_run-01_bold_desc-realigned_valid_tstat_corrected.nii.gz, 1, 56, Regular, 0.25 ] --convergence [ 500x250x100, 1e-06, 20 ] --smoothing-sigmas 4.0x2.0x1.0vox --shrink-factors 8x4x2 --use-histogram-matching 1 --masks [ /templateflow/tpl-MNI152NLin2009cAsym/tpl-MNI152NLin2009cAsym_res-02_desc-brain_mask.nii.gz, /local/nvme/ds004996_29.784026/ds/tmp/mriqc_wf/funcMRIQC/synthstrip_wf/e319c1e5308b33584b6204a018141c72fca0c7fe/synthstrip/clipped_corrected_desc-brain_mask.nii.gz ] --transform SyN[ 0.1, 3.0, 0.0 ] --metric CC[ /templateflow/tpl-MNI152NLin2009cAsym/tpl-MNI152NLin2009cAsym_res-02_desc-fMRIPrep_boldref.nii.gz, /local/nvme/ds004996_29.784026/ds/tmp/mriqc_wf/funcMRIQC/SpatialNormalization/e319c1e5308b33584b6204a018141c72fca0c7fe/SharpenEPI/sub-29_task-conversation_run-01_bold_desc-realigned_valid_tstat_corrected.nii.gz, 1, 4, None, 1 ] --convergence [ 100x30x20, 1e-06, 10 ] --smoothing-sigmas 3.0x2.0x1.0vox --shrink-factors 8x4x2 --use-histogram-matching 1 --masks [ /templateflow/tpl-MNI152NLin2009cAsym/tpl-MNI152NLin2009cAsym_res-02_desc-brain_mask.nii.gz, /local/nvme/ds004996_29.784026/ds/tmp/mriqc_wf/funcMRIQC/synthstrip_wf/e319c1e5308b33584b6204a018141c72fca0c7fe/synthstrip/clipped_corrected_desc-brain_mask.nii.gz ] --winsorize-image-intensities [ 0.005, 0.995 ]  --write-composite-transform 1[0m
2026-03-27 02:54:36 |[34;20m INFO     [0m|[34;20m niworkflows      [0m|[34;20m Successful spatial normalization (retry #1).[0m
2026-03-27 02:54:36 |[34;20m INFO     [0m|[34;20m niworkflows      [0m|[34;20m Report - setting fixed (/templateflow/tpl-MNI152NLin2009cAsym/tpl-MNI152NLin2009cAsym_res-02_desc-fMRIPrep_boldref.nii.gz) and moving (/local/nvme/ds004996_29.784026/ds/tmp/mriqc_wf/funcMRIQC/SpatialNormalization/e319c1e5308b33584b6204a018141c72fca0c7fe/EPI2MNI/epi_to_mni_Warped.nii.gz) images[0m
2026-03-27 02:54:36 |[34;20m INFO     [0m|[34;20m niworkflows      [0m|[34;20m Generating visual report[0m
2026-03-27 02:54:52 |[34;20m INFO     [0m|[34;20m nipype.workflow  [0m|[34;20m [Node] Finished "EPI2MNI", elapsed time 32.940473s.[0m
2026-03-27 02:54:53 |[34;20m INFO     [0m|[34;20m nipype.workflow  [0m|[34;20m [Node] Setting-up "mriqc_wf.funcMRIQC.func_report_wf.dilated_mask" in "/local/nvme/ds004996_29.784026/ds/tmp/mriqc_wf/funcMRIQC/func_report_wf/e319c1e5308b33584b6204a018141c72fca0c7fe/dilated_mask".[0m
2026-03-27 02:54:53 |[34;20m INFO     [0m|[34;20m nipype.workflow  [0m|[34;20m [Node] Setting-up "_gcor0" in "/local/nvme/ds004996_29.784026/ds/tmp/mriqc_wf/funcMRIQC/ComputeIQMs/e319c1e5308b33584b6204a018141c72fca0c7fe/gcor/mapflow/_gcor0".[0m
2026-03-27 02:54:53 |[34;20m INFO     [0m|[34;20m nipype.workflow  [0m|[34;20m [Node] Setting-up "_ComputeDVARS0" in "/local/nvme/ds004996_29.784026/ds/tmp/mriqc_wf/funcMRIQC/ComputeIQMs/e319c1e5308b33584b6204a018141c72fca0c7fe/ComputeDVARS/mapflow/_ComputeDVARS0".[0m
2026-03-27 02:54:53 |[34;20m INFO     [0m|[34;20m nipype.workflow  [0m|[34;20m [Node] Setting-up "mriqc_wf.funcMRIQC.func_report_wf.PlotBrainmask" in "/local/nvme/ds004996_29.784026/ds/tmp/mriqc_wf/funcMRIQC/func_report_wf/e319c1e5308b33584b6204a018141c72fca0c7fe/PlotBrainmask".[0m
2026-03-27 02:54:53 |[34;20m INFO     [0m|[34;20m nipype.workflow  [0m|[34;20m [Node] Setting-up "_smoothness0" in "/local/nvme/ds004996_29.784026/ds/tmp/mriqc_wf/funcMRIQC/ComputeIQMs/e319c1e5308b33584b6204a018141c72fca0c7fe/smoothness/mapflow/_smoothness0".[0m
2026-03-27 02:54:53 |[34;20m INFO     [0m|[34;20m nipype.workflow  [0m|[34;20m [Node] Executing "dilated_mask" <niworkflows.interfaces.morphology.BinaryDilation>[0m
2026-03-27 02:54:53 |[34;20m INFO     [0m|[34;20m nipype.workflow  [0m|[34;20m [Node] Setting-up "_outliers0" in "/local/nvme/ds004996_29.784026/ds/tmp/mriqc_wf/funcMRIQC/ComputeIQMs/e319c1e5308b33584b6204a018141c72fca0c7fe/outliers/mapflow/_outliers0".[0m
2026-03-27 02:54:53 |[34;20m INFO     [0m|[34;20m nipype.workflow  [0m|[34;20m [Node] Executing "_ComputeDVARS0" <nipype.algorithms.confounds.ComputeDVARS>[0m
2026-03-27 02:54:53 |[34;20m INFO     [0m|[34;20m nipype.workflow  [0m|[34;20m [Node] Executing "_smoothness0" <nipype.interfaces.afni.utils.FWHMx>[0m
2026-03-27 02:54:53 |[34;20m INFO     [0m|[34;20m nipype.workflow  [0m|[34;20m [Node] Executing "_gcor0" <mriqc.interfaces.transitional.GCOR>[0m
2026-03-27 02:54:53 |[34;20m INFO     [0m|[34;20m nipype.workflow  [0m|[34;20m [Node] Executing "_outliers0" <nipype.interfaces.afni.preprocess.OutlierCount>[0m
2026-03-27 02:54:53 |[34;20m INFO     [0m|[34;20m nipype.workflow  [0m|[34;20m [Node] Setting-up "_PlotMosaicZoomed0" in "/local/nvme/ds004996_29.784026/ds/tmp/mriqc_wf/funcMRIQC/func_report_wf/e319c1e5308b33584b6204a018141c72fca0c7fe/PlotMosaicZoomed/mapflow/_PlotMosaicZoomed0".[0m
2026-03-27 02:54:53 |[34;20m INFO     [0m|[34;20m nipype.workflow  [0m|[34;20m [Node] Executing "PlotBrainmask" <nireports.interfaces.mosaic.PlotContours>[0m
2026-03-27 02:54:53 |[34;20m INFO     [0m|[34;20m nipype.workflow  [0m|[34;20m [Node] Executing "_PlotMosaicZoomed0" <nireports.interfaces.mosaic.PlotMosaic>[0m
2026-03-27 02:54:53 |[34;20m INFO     [0m|[34;20m nipype.workflow  [0m|[34;20m [Node] Setting-up "_ComputeDVARS0" in "/local/nvme/ds004996_29.784026/ds/tmp/mriqc_wf/funcMRIQC/ComputeIQMs/5e574228475eb49cd5e7898d68a2f12a479ca9ef/ComputeDVARS/mapflow/_ComputeDVARS0".[0m
2026-03-27 02:54:53 |[34;20m INFO     [0m|[34;20m nipype.workflow  [0m|[34;20m [Node] Executing "_ComputeDVARS0" <nipype.algorithms.confounds.ComputeDVARS>[0m
2026-03-27 02:54:53 |[34;20m INFO     [0m|[34;20m nipype.workflow  [0m|[34;20m [Node] Finished "dilated_mask", elapsed time 0.023044s.[0m
2026-03-27 02:54:54 |[34;20m INFO     [0m|[34;20m nipype.workflow  [0m|[34;20m [Node] Finished "_smoothness0", elapsed time 0.555748s.[0m
2026-03-27 02:54:54 |[34;20m INFO     [0m|[34;20m nipype.workflow  [0m|[34;20m [Node] Finished "PlotBrainmask", elapsed time 1.155896s.[0m
2026-03-27 02:54:55 |[34;20m INFO     [0m|[34;20m nipype.workflow  [0m|[34;20m [Node] Finished "_PlotMosaicZoomed0", elapsed time 1.473351s.[0m
2026-03-27 02:54:55 |[34;20m INFO     [0m|[34;20m nipype.workflow  [0m|[34;20m [Node] Setting-up "mriqc_wf.funcMRIQC.func_report_wf.dilated_mask" in "/local/nvme/ds004996_29.784026/ds/tmp/mriqc_wf/funcMRIQC/func_report_wf/5e574228475eb49cd5e7898d68a2f12a479ca9ef/dilated_mask".[0m
2026-03-27 02:54:55 |[34;20m INFO     [0m|[34;20m nipype.workflow  [0m|[34;20m [Node] Setting-up "_smoothness0" in "/local/nvme/ds004996_29.784026/ds/tmp/mriqc_wf/funcMRIQC/ComputeIQMs/5e574228475eb49cd5e7898d68a2f12a479ca9ef/smoothness/mapflow/_smoothness0".[0m
2026-03-27 02:54:55 |[34;20m INFO     [0m|[34;20m nipype.workflow  [0m|[34;20m [Node] Executing "dilated_mask" <niworkflows.interfaces.morphology.BinaryDilation>[0m
2026-03-27 02:54:55 |[34;20m INFO     [0m|[34;20m nipype.workflow  [0m|[34;20m [Node] Setting-up "_outliers0" in "/local/nvme/ds004996_29.784026/ds/tmp/mriqc_wf/funcMRIQC/ComputeIQMs/5e574228475eb49cd5e7898d68a2f12a479ca9ef/outliers/mapflow/_outliers0".[0m
2026-03-27 02:54:55 |[34;20m INFO     [0m|[34;20m nipype.workflow  [0m|[34;20m [Node] Executing "_smoothness0" <nipype.interfaces.afni.utils.FWHMx>[0m
2026-03-27 02:54:55 |[34;20m INFO     [0m|[34;20m nipype.workflow  [0m|[34;20m [Node] Executing "_outliers0" <nipype.interfaces.afni.preprocess.OutlierCount>[0m
2026-03-27 02:54:55 |[34;20m INFO     [0m|[34;20m nipype.workflow  [0m|[34;20m [Node] Setting-up "_gcor0" in "/local/nvme/ds004996_29.784026/ds/tmp/mriqc_wf/funcMRIQC/ComputeIQMs/5e574228475eb49cd5e7898d68a2f12a479ca9ef/gcor/mapflow/_gcor0".[0m
2026-03-27 02:54:55 |[34;20m INFO     [0m|[34;20m nipype.workflow  [0m|[34;20m [Node] Executing "_gcor0" <mriqc.interfaces.transitional.GCOR>[0m
2026-03-27 02:54:55 |[34;20m INFO     [0m|[34;20m nipype.workflow  [0m|[34;20m [Node] Finished "dilated_mask", elapsed time 0.04356s.[0m
2026-03-27 02:54:56 |[34;20m INFO     [0m|[34;20m nipype.workflow  [0m|[34;20m [Node] Finished "_smoothness0", elapsed time 0.523599s.[0m
2026-03-27 02:54:57 |[34;20m INFO     [0m|[34;20m nipype.workflow  [0m|[34;20m [Node] Setting-up "mriqc_wf.funcMRIQC.func_report_wf.PlotBrainmask" in "/local/nvme/ds004996_29.784026/ds/tmp/mriqc_wf/funcMRIQC/func_report_wf/5e574228475eb49cd5e7898d68a2f12a479ca9ef/PlotBrainmask".[0m
2026-03-27 02:54:57 |[34;20m INFO     [0m|[34;20m nipype.workflow  [0m|[34;20m [Node] Setting-up "_PlotMosaicZoomed0" in "/local/nvme/ds004996_29.784026/ds/tmp/mriqc_wf/funcMRIQC/func_report_wf/5e574228475eb49cd5e7898d68a2f12a479ca9ef/PlotMosaicZoomed/mapflow/_PlotMosaicZoomed0".[0m
2026-03-27 02:54:57 |[34;20m INFO     [0m|[34;20m nipype.workflow  [0m|[34;20m [Node] Executing "_PlotMosaicZoomed0" <nireports.interfaces.mosaic.PlotMosaic>[0m
2026-03-27 02:54:57 |[34;20m INFO     [0m|[34;20m nipype.workflow  [0m|[34;20m [Node] Executing "PlotBrainmask" <nireports.interfaces.mosaic.PlotContours>[0m
2026-03-27 02:54:57 |[34;20m INFO     [0m|[34;20m nipype.workflow  [0m|[34;20m [Node] Finished "_outliers0", elapsed time 4.05775s.[0m
2026-03-27 02:54:58 |[34;20m INFO     [0m|[34;20m nipype.workflow  [0m|[34;20m [Node] Finished "PlotBrainmask", elapsed time 1.252856s.[0m
2026-03-27 02:54:59 |[34;20m INFO     [0m|[34;20m nipype.workflow  [0m|[34;20m [Node] Finished "_PlotMosaicZoomed0", elapsed time 1.702524s.[0m
2026-03-27 02:54:59 |[34;20m INFO     [0m|[34;20m nipype.workflow  [0m|[34;20m [Node] Setting-up "_ComputeDVARS0" in "/local/nvme/ds004996_29.784026/ds/tmp/mriqc_wf/funcMRIQC/ComputeIQMs/c0ff313d46abad70d2e9c709aa0c64514e54c98b/ComputeDVARS/mapflow/_ComputeDVARS0".[0m
2026-03-27 02:54:59 |[34;20m INFO     [0m|[34;20m nipype.workflow  [0m|[34;20m [Node] Setting-up "_smoothness0" in "/local/nvme/ds004996_29.784026/ds/tmp/mriqc_wf/funcMRIQC/ComputeIQMs/c0ff313d46abad70d2e9c709aa0c64514e54c98b/smoothness/mapflow/_smoothness0".[0m
2026-03-27 02:54:59 |[34;20m INFO     [0m|[34;20m nipype.workflow  [0m|[34;20m [Node] Executing "_ComputeDVARS0" <nipype.algorithms.confounds.ComputeDVARS>[0m
2026-03-27 02:54:59 |[34;20m INFO     [0m|[34;20m nipype.workflow  [0m|[34;20m [Node] Setting-up "_outliers0" in "/local/nvme/ds004996_29.784026/ds/tmp/mriqc_wf/funcMRIQC/ComputeIQMs/c0ff313d46abad70d2e9c709aa0c64514e54c98b/outliers/mapflow/_outliers0".[0m
2026-03-27 02:54:59 |[34;20m INFO     [0m|[34;20m nipype.workflow  [0m|[34;20m [Node] Executing "_smoothness0" <nipype.interfaces.afni.utils.FWHMx>[0m
2026-03-27 02:54:59 |[34;20m INFO     [0m|[34;20m nipype.workflow  [0m|[34;20m [Node] Executing "_outliers0" <nipype.interfaces.afni.preprocess.OutlierCount>[0m
2026-03-27 02:54:59 |[34;20m INFO     [0m|[34;20m nipype.workflow  [0m|[34;20m [Node] Finished "_outliers0", elapsed time 4.12576s.[0m
2026-03-27 02:55:00 |[34;20m INFO     [0m|[34;20m nipype.workflow  [0m|[34;20m [Node] Finished "_smoothness0", elapsed time 0.47643s.[0m
2026-03-27 02:55:01 |[34;20m INFO     [0m|[34;20m nipype.workflow  [0m|[34;20m [Node] Finished "_gcor0", elapsed time 7.71906s.[0m
2026-03-27 02:55:01 |[34;20m INFO     [0m|[34;20m nipype.workflow  [0m|[34;20m [Node] Setting-up "mriqc_wf.funcMRIQC.func_report_wf.dilated_mask" in "/local/nvme/ds004996_29.784026/ds/tmp/mriqc_wf/funcMRIQC/func_report_wf/c0ff313d46abad70d2e9c709aa0c64514e54c98b/dilated_mask".[0m
2026-03-27 02:55:01 |[34;20m INFO     [0m|[34;20m nipype.workflow  [0m|[34;20m [Node] Executing "dilated_mask" <niworkflows.interfaces.morphology.BinaryDilation>[0m
2026-03-27 02:55:01 |[34;20m INFO     [0m|[34;20m nipype.workflow  [0m|[34;20m [Node] Setting-up "_gcor0" in "/local/nvme/ds004996_29.784026/ds/tmp/mriqc_wf/funcMRIQC/ComputeIQMs/c0ff313d46abad70d2e9c709aa0c64514e54c98b/gcor/mapflow/_gcor0".[0m
2026-03-27 02:55:01 |[34;20m INFO     [0m|[34;20m nipype.workflow  [0m|[34;20m [Node] Executing "_gcor0" <mriqc.interfaces.transitional.GCOR>[0m
2026-03-27 02:55:01 |[34;20m INFO     [0m|[34;20m nipype.workflow  [0m|[34;20m [Node] Setting-up "_PlotMosaicZoomed0" in "/local/nvme/ds004996_29.784026/ds/tmp/mriqc_wf/funcMRIQC/func_report_wf/c0ff313d46abad70d2e9c709aa0c64514e54c98b/PlotMosaicZoomed/mapflow/_PlotMosaicZoomed0".[0m
2026-03-27 02:55:01 |[34;20m INFO     [0m|[34;20m nipype.workflow  [0m|[34;20m [Node] Executing "_PlotMosaicZoomed0" <nireports.interfaces.mosaic.PlotMosaic>[0m
2026-03-27 02:55:01 |[34;20m INFO     [0m|[34;20m nipype.workflow  [0m|[34;20m [Node] Finished "dilated_mask", elapsed time 0.021975s.[0m
2026-03-27 02:55:02 |[34;20m INFO     [0m|[34;20m nipype.workflow  [0m|[34;20m [Node] Finished "_PlotMosaicZoomed0", elapsed time 1.285139s.[0m
2026-03-27 02:55:03 |[34;20m INFO     [0m|[34;20m nipype.workflow  [0m|[34;20m [Node] Finished "_gcor0", elapsed time 7.754535s.[0m
2026-03-27 02:55:03 |[34;20m INFO     [0m|[34;20m nipype.workflow  [0m|[34;20m [Node] Setting-up "mriqc_wf.funcMRIQC.func_report_wf.PlotBrainmask" in "/local/nvme/ds004996_29.784026/ds/tmp/mriqc_wf/funcMRIQC/func_report_wf/c0ff313d46abad70d2e9c709aa0c64514e54c98b/PlotBrainmask".[0m
2026-03-27 02:55:03 |[34;20m INFO     [0m|[34;20m nipype.workflow  [0m|[34;20m [Node] Setting-up "mriqc_wf.funcMRIQC.synthstrip_wf.final_masked" in "/local/nvme/ds004996_29.784026/ds/tmp/mriqc_wf/funcMRIQC/synthstrip_wf/e319c1e5308b33584b6204a018141c72fca0c7fe/final_masked".[0m
2026-03-27 02:55:03 |[34;20m INFO     [0m|[34;20m nipype.workflow  [0m|[34;20m [Node] Setting-up "mriqc_wf.funcMRIQC.SpatialNormalization.ResampleSegmentation" in "/local/nvme/ds004996_29.784026/ds/tmp/mriqc_wf/funcMRIQC/SpatialNormalization/e319c1e5308b33584b6204a018141c72fca0c7fe/ResampleSegmentation".[0m
2026-03-27 02:55:03 |[34;20m INFO     [0m|[34;20m nipype.workflow  [0m|[34;20m [Node] Executing "PlotBrainmask" <nireports.interfaces.mosaic.PlotContours>[0m
2026-03-27 02:55:03 |[34;20m INFO     [0m|[34;20m nipype.workflow  [0m|[34;20m [Node] Executing "final_masked" <niworkflows.interfaces.nibabel.ApplyMask>[0m
2026-03-27 02:55:03 |[34;20m INFO     [0m|[34;20m nipype.workflow  [0m|[34;20m [Node] Executing "ResampleSegmentation" <nipype.interfaces.ants.resampling.ApplyTransforms>[0m
2026-03-27 02:55:03 |[34;20m INFO     [0m|[34;20m nipype.workflow  [0m|[34;20m [Node] Finished "final_masked", elapsed time 0.031954s.[0m
2026-03-27 02:55:03 |[34;20m INFO     [0m|[34;20m nipype.workflow  [0m|[34;20m [Node] Finished "_outliers0", elapsed time 4.143078s.[0m
2026-03-27 02:55:05 |[34;20m INFO     [0m|[34;20m nipype.workflow  [0m|[34;20m [Node] Finished "PlotBrainmask", elapsed time 1.637s.[0m
2026-03-27 02:55:05 |[34;20m INFO     [0m|[34;20m nipype.workflow  [0m|[34;20m [Node] Setting-up "mriqc_wf.funcMRIQC.func_report_wf.ds_report_norm" in "/local/nvme/ds004996_29.784026/ds/tmp/mriqc_wf/funcMRIQC/func_report_wf/e319c1e5308b33584b6204a018141c72fca0c7fe/ds_report_norm".[0m
2026-03-27 02:55:05 |[34;20m INFO     [0m|[34;20m nipype.workflow  [0m|[34;20m [Node] Executing "ds_report_norm" <mriqc.interfaces.DerivativesDataSink>[0m
2026-03-27 02:55:05 |[34;20m INFO     [0m|[34;20m nipype.workflow  [0m|[34;20m [Node] Finished "ds_report_norm", elapsed time 0.005321s.[0m
2026-03-27 02:55:05 |[34;20m INFO     [0m|[34;20m nipype.workflow  [0m|[34;20m [Node] Setting-up "mriqc_wf.funcMRIQC.func_report_wf.subtract_mask" in "/local/nvme/ds004996_29.784026/ds/tmp/mriqc_wf/funcMRIQC/func_report_wf/e319c1e5308b33584b6204a018141c72fca0c7fe/subtract_mask".[0m
2026-03-27 02:55:05 |[34;20m INFO     [0m|[34;20m nipype.workflow  [0m|[34;20m [Node] Executing "subtract_mask" <niworkflows.interfaces.morphology.BinarySubtraction>[0m
2026-03-27 02:55:05 |[34;20m INFO     [0m|[34;20m nipype.workflow  [0m|[34;20m [Node] Setting-up "_ds_report_zoomed0" in "/local/nvme/ds004996_29.784026/ds/tmp/mriqc_wf/funcMRIQC/func_report_wf/e319c1e5308b33584b6204a018141c72fca0c7fe/ds_report_zoomed/mapflow/_ds_report_zoomed0".[0m
2026-03-27 02:55:05 |[34;20m INFO     [0m|[34;20m nipype.workflow  [0m|[34;20m [Node] Executing "_ds_report_zoomed0" <mriqc.interfaces.DerivativesDataSink>[0m
2026-03-27 02:55:05 |[34;20m INFO     [0m|[34;20m nipype.workflow  [0m|[34;20m [Node] Finished "_ds_report_zoomed0", elapsed time 0.005208s.[0m
2026-03-27 02:55:05 |[34;20m INFO     [0m|[34;20m nipype.workflow  [0m|[34;20m [Node] Finished "subtract_mask", elapsed time 0.010469s.[0m
2026-03-27 02:55:05 |[34;20m INFO     [0m|[34;20m nipype.workflow  [0m|[34;20m [Node] Setting-up "mriqc_wf.funcMRIQC.func_report_wf.ds_report_bmask" in "/local/nvme/ds004996_29.784026/ds/tmp/mriqc_wf/funcMRIQC/func_report_wf/e319c1e5308b33584b6204a018141c72fca0c7fe/ds_report_bmask".[0m
2026-03-27 02:55:05 |[34;20m INFO     [0m|[34;20m nipype.workflow  [0m|[34;20m [Node] Executing "ds_report_bmask" <mriqc.interfaces.DerivativesDataSink>[0m
2026-03-27 02:55:05 |[34;20m INFO     [0m|[34;20m nipype.workflow  [0m|[34;20m [Node] Finished "ds_report_bmask", elapsed time 0.005102s.[0m
2026-03-27 02:55:05 |[34;20m INFO     [0m|[34;20m nipype.workflow  [0m|[34;20m [Node] Setting-up "mriqc_wf.funcMRIQC.func_report_wf.subtract_mask" in "/local/nvme/ds004996_29.784026/ds/tmp/mriqc_wf/funcMRIQC/func_report_wf/5e574228475eb49cd5e7898d68a2f12a479ca9ef/subtract_mask".[0m
2026-03-27 02:55:05 |[34;20m INFO     [0m|[34;20m nipype.workflow  [0m|[34;20m [Node] Executing "subtract_mask" <niworkflows.interfaces.morphology.BinarySubtraction>[0m
2026-03-27 02:55:05 |[34;20m INFO     [0m|[34;20m nipype.workflow  [0m|[34;20m [Node] Setting-up "_ds_report_zoomed0" in "/local/nvme/ds004996_29.784026/ds/tmp/mriqc_wf/funcMRIQC/func_report_wf/5e574228475eb49cd5e7898d68a2f12a479ca9ef/ds_report_zoomed/mapflow/_ds_report_zoomed0".[0m
2026-03-27 02:55:05 |[34;20m INFO     [0m|[34;20m nipype.workflow  [0m|[34;20m [Node] Executing "_ds_report_zoomed0" <mriqc.interfaces.DerivativesDataSink>[0m
2026-03-27 02:55:05 |[34;20m INFO     [0m|[34;20m nipype.workflow  [0m|[34;20m [Node] Finished "_ds_report_zoomed0", elapsed time 0.005126s.[0m
2026-03-27 02:55:05 |[34;20m INFO     [0m|[34;20m nipype.workflow  [0m|[34;20m [Node] Finished "subtract_mask", elapsed time 0.017033s.[0m
2026-03-27 02:55:06 |[34;20m INFO     [0m|[34;20m nipype.workflow  [0m|[34;20m [Node] Setting-up "mriqc_wf.funcMRIQC.func_report_wf.ds_report_bmask" in "/local/nvme/ds004996_29.784026/ds/tmp/mriqc_wf/funcMRIQC/func_report_wf/5e574228475eb49cd5e7898d68a2f12a479ca9ef/ds_report_bmask".[0m
2026-03-27 02:55:06 |[34;20m INFO     [0m|[34;20m nipype.workflow  [0m|[34;20m [Node] Executing "ds_report_bmask" <mriqc.interfaces.DerivativesDataSink>[0m
2026-03-27 02:55:06 |[34;20m INFO     [0m|[34;20m nipype.workflow  [0m|[34;20m [Node] Finished "ds_report_bmask", elapsed time 0.005024s.[0m
2026-03-27 02:55:06 |[34;20m INFO     [0m|[34;20m nipype.workflow  [0m|[34;20m [Node] Setting-up "mriqc_wf.funcMRIQC.func_report_wf.subtract_mask" in "/local/nvme/ds004996_29.784026/ds/tmp/mriqc_wf/funcMRIQC/func_report_wf/c0ff313d46abad70d2e9c709aa0c64514e54c98b/subtract_mask".[0m
2026-03-27 02:55:06 |[34;20m INFO     [0m|[34;20m nipype.workflow  [0m|[34;20m [Node] Executing "subtract_mask" <niworkflows.interfaces.morphology.BinarySubtraction>[0m
2026-03-27 02:55:06 |[34;20m INFO     [0m|[34;20m nipype.workflow  [0m|[34;20m [Node] Finished "subtract_mask", elapsed time 0.014527s.[0m
2026-03-27 02:55:06 |[34;20m INFO     [0m|[34;20m nipype.workflow  [0m|[34;20m [Node] Finished "ResampleSegmentation", elapsed time 2.663493s.[0m
2026-03-27 02:55:07 |[34;20m INFO     [0m|[34;20m nipype.workflow  [0m|[34;20m [Node] Setting-up "_ds_report_zoomed0" in "/local/nvme/ds004996_29.784026/ds/tmp/mriqc_wf/funcMRIQC/func_report_wf/c0ff313d46abad70d2e9c709aa0c64514e54c98b/ds_report_zoomed/mapflow/_ds_report_zoomed0".[0m
2026-03-27 02:55:07 |[34;20m INFO     [0m|[34;20m nipype.workflow  [0m|[34;20m [Node] Executing "_ds_report_zoomed0" <mriqc.interfaces.DerivativesDataSink>[0m
2026-03-27 02:55:07 |[34;20m INFO     [0m|[34;20m nipype.workflow  [0m|[34;20m [Node] Finished "_ds_report_zoomed0", elapsed time 0.005069s.[0m
2026-03-27 02:55:07 |[34;20m INFO     [0m|[34;20m nipype.workflow  [0m|[34;20m [Node] Setting-up "mriqc_wf.funcMRIQC.func_report_wf.ds_report_bmask" in "/local/nvme/ds004996_29.784026/ds/tmp/mriqc_wf/funcMRIQC/func_report_wf/c0ff313d46abad70d2e9c709aa0c64514e54c98b/ds_report_bmask".[0m
2026-03-27 02:55:07 |[34;20m INFO     [0m|[34;20m nipype.workflow  [0m|[34;20m [Node] Executing "ds_report_bmask" <mriqc.interfaces.DerivativesDataSink>[0m
2026-03-27 02:55:07 |[34;20m INFO     [0m|[34;20m nipype.workflow  [0m|[34;20m [Node] Finished "ds_report_bmask", elapsed time 0.005078s.[0m
2026-03-27 02:55:07 |[34;20m INFO     [0m|[34;20m nipype.workflow  [0m|[34;20m [Node] Setting-up "mriqc_wf.funcMRIQC.func_report_wf.parcels" in "/local/nvme/ds004996_29.784026/ds/tmp/mriqc_wf/funcMRIQC/func_report_wf/e319c1e5308b33584b6204a018141c72fca0c7fe/parcels".[0m
2026-03-27 02:55:07 |[34;20m INFO     [0m|[34;20m nipype.workflow  [0m|[34;20m [Node] Executing "parcels" <nipype.interfaces.utility.wrappers.Function>[0m
2026-03-27 02:55:07 |[34;20m INFO     [0m|[34;20m nipype.workflow  [0m|[34;20m [Node] Finished "parcels", elapsed time 0.021849s.[0m
2026-03-27 02:55:09 |[34;20m INFO     [0m|[34;20m nipype.workflow  [0m|[34;20m [Node] Finished "_gcor0", elapsed time 7.493026s.[0m
2026-03-27 02:55:11 |[34;20m INFO     [0m|[34;20m nipype.workflow  [0m|[34;20m [Node] Finished "_ComputeDVARS0", elapsed time 17.454664s.[0m
2026-03-27 02:55:11 |[34;20m INFO     [0m|[34;20m nipype.workflow  [0m|[34;20m [Node] Setting-up "_measures0" in "/local/nvme/ds004996_29.784026/ds/tmp/mriqc_wf/funcMRIQC/ComputeIQMs/5e574228475eb49cd5e7898d68a2f12a479ca9ef/measures/mapflow/_measures0".[0m
2026-03-27 02:55:11 |[34;20m INFO     [0m|[34;20m nipype.workflow  [0m|[34;20m [Node] Setting-up "_timeseries0" in "/local/nvme/ds004996_29.784026/ds/tmp/mriqc_wf/funcMRIQC/ComputeIQMs/5e574228475eb49cd5e7898d68a2f12a479ca9ef/timeseries/mapflow/_timeseries0".[0m
2026-03-27 02:55:11 |[34;20m INFO     [0m|[34;20m nipype.workflow  [0m|[34;20m [Node] Executing "_measures0" <mriqc.interfaces.functional.FunctionalQC>[0m
2026-03-27 02:55:11 |[34;20m INFO     [0m|[34;20m nipype.workflow  [0m|[34;20m [Node] Executing "_timeseries0" <mriqc.interfaces.functional.GatherTimeseries>[0m
2026-03-27 02:55:11 |[34;20m INFO     [0m|[34;20m nipype.workflow  [0m|[34;20m [Node] Finished "_timeseries0", elapsed time 0.028379s.[0m
2026-03-27 02:55:11 |[34;20m INFO     [0m|[34;20m nipype.workflow  [0m|[34;20m [Node] Finished "_ComputeDVARS0", elapsed time 18.154743s.[0m
2026-03-27 02:55:12 |[34;20m INFO     [0m|[34;20m nipype.workflow  [0m|[34;20m [Node] Finished "_measures0", elapsed time 1.038141s.[0m
2026-03-27 02:55:13 |[34;20m INFO     [0m|[34;20m nipype.workflow  [0m|[34;20m [Node] Setting-up "_measures0" in "/local/nvme/ds004996_29.784026/ds/tmp/mriqc_wf/funcMRIQC/ComputeIQMs/e319c1e5308b33584b6204a018141c72fca0c7fe/measures/mapflow/_measures0".[0m
2026-03-27 02:55:13 |[34;20m INFO     [0m|[34;20m nipype.workflow  [0m|[34;20m [Node] Setting-up "_timeseries0" in "/local/nvme/ds004996_29.784026/ds/tmp/mriqc_wf/funcMRIQC/ComputeIQMs/e319c1e5308b33584b6204a018141c72fca0c7fe/timeseries/mapflow/_timeseries0".[0m
2026-03-27 02:55:13 |[34;20m INFO     [0m|[34;20m nipype.workflow  [0m|[34;20m [Node] Executing "_measures0" <mriqc.interfaces.functional.FunctionalQC>[0m
2026-03-27 02:55:13 |[34;20m INFO     [0m|[34;20m nipype.workflow  [0m|[34;20m [Node] Executing "_timeseries0" <mriqc.interfaces.functional.GatherTimeseries>[0m
2026-03-27 02:55:13 |[34;20m INFO     [0m|[34;20m nipype.workflow  [0m|[34;20m [Node] Setting-up "_datasink0" in "/local/nvme/ds004996_29.784026/ds/tmp/mriqc_wf/funcMRIQC/ComputeIQMs/5e574228475eb49cd5e7898d68a2f12a479ca9ef/datasink/mapflow/_datasink0".[0m
2026-03-27 02:55:13 |[34;20m INFO     [0m|[34;20m nipype.workflow  [0m|[34;20m [Node] Executing "_datasink0" <mriqc.interfaces.bids.IQMFileSink>[0m
2026-03-27 02:55:13 |[34;20m INFO     [0m|[34;20m nipype.workflow  [0m|[34;20m [Node] Finished "_datasink0", elapsed time 0.001964s.[0m
2026-03-27 02:55:13 |[34;20m INFO     [0m|[34;20m nipype.workflow  [0m|[34;20m [Node] Finished "_timeseries0", elapsed time 0.017687s.[0m
2026-03-27 02:55:13 |[34;20m INFO     [0m|[34;20m nipype.workflow  [0m|[34;20m [Node] Setting-up "_ds_timeseries0" in "/local/nvme/ds004996_29.784026/ds/tmp/mriqc_wf/funcMRIQC/ComputeIQMs/5e574228475eb49cd5e7898d68a2f12a479ca9ef/ds_timeseries/mapflow/_ds_timeseries0".[0m
2026-03-27 02:55:13 |[34;20m INFO     [0m|[34;20m nipype.workflow  [0m|[34;20m [Node] Executing "_ds_timeseries0" <mriqc.interfaces.DerivativesDataSink>[0m
2026-03-27 02:55:13 |[34;20m INFO     [0m|[34;20m nipype.workflow  [0m|[34;20m [Node] Finished "_ds_timeseries0", elapsed time 0.004114s.[0m
2026-03-27 02:55:13 |[34;20m INFO     [0m|[34;20m nipype.workflow  [0m|[34;20m [Node] Setting-up "_BigPlot0" in "/local/nvme/ds004996_29.784026/ds/tmp/mriqc_wf/funcMRIQC/func_report_wf/e319c1e5308b33584b6204a018141c72fca0c7fe/BigPlot/mapflow/_BigPlot0".[0m
2026-03-27 02:55:13 |[34;20m INFO     [0m|[34;20m nipype.workflow  [0m|[34;20m [Node] Executing "_BigPlot0" <nireports.interfaces.fmri.FMRISummary>[0m
2026-03-27 02:55:14 |[34;20m INFO     [0m|[34;20m nipype.workflow  [0m|[34;20m [Node] Finished "_measures0", elapsed time 1.050716s.[0m
2026-03-27 02:55:15 |[34;20m INFO     [0m|[34;20m nipype.workflow  [0m|[34;20m [Node] Setting-up "_datasink0" in "/local/nvme/ds004996_29.784026/ds/tmp/mriqc_wf/funcMRIQC/ComputeIQMs/e319c1e5308b33584b6204a018141c72fca0c7fe/datasink/mapflow/_datasink0".[0m
2026-03-27 02:55:15 |[34;20m INFO     [0m|[34;20m nipype.workflow  [0m|[34;20m [Node] Executing "_datasink0" <mriqc.interfaces.bids.IQMFileSink>[0m
2026-03-27 02:55:15 |[34;20m INFO     [0m|[34;20m nipype.workflow  [0m|[34;20m [Node] Finished "_datasink0", elapsed time 0.00063s.[0m
2026-03-27 02:55:15 |[34;20m INFO     [0m|[34;20m nipype.workflow  [0m|[34;20m [Node] Setting-up "_ds_timeseries0" in "/local/nvme/ds004996_29.784026/ds/tmp/mriqc_wf/funcMRIQC/ComputeIQMs/e319c1e5308b33584b6204a018141c72fca0c7fe/ds_timeseries/mapflow/_ds_timeseries0".[0m
2026-03-27 02:55:15 |[34;20m INFO     [0m|[34;20m nipype.workflow  [0m|[34;20m [Node] Executing "_ds_timeseries0" <mriqc.interfaces.DerivativesDataSink>[0m
2026-03-27 02:55:15 |[34;20m INFO     [0m|[34;20m nipype.workflow  [0m|[34;20m [Node] Finished "_ds_timeseries0", elapsed time 0.004077s.[0m
2026-03-27 02:55:17 |[34;20m INFO     [0m|[34;20m nipype.workflow  [0m|[34;20m [Node] Finished "_ComputeDVARS0", elapsed time 17.751374s.[0m
2026-03-27 02:55:17 |[34;20m INFO     [0m|[34;20m nipype.workflow  [0m|[34;20m [Node] Setting-up "_measures0" in "/local/nvme/ds004996_29.784026/ds/tmp/mriqc_wf/funcMRIQC/ComputeIQMs/c0ff313d46abad70d2e9c709aa0c64514e54c98b/measures/mapflow/_measures0".[0m
2026-03-27 02:55:17 |[34;20m INFO     [0m|[34;20m nipype.workflow  [0m|[34;20m [Node] Setting-up "_timeseries0" in "/local/nvme/ds004996_29.784026/ds/tmp/mriqc_wf/funcMRIQC/ComputeIQMs/c0ff313d46abad70d2e9c709aa0c64514e54c98b/timeseries/mapflow/_timeseries0".[0m
2026-03-27 02:55:17 |[34;20m INFO     [0m|[34;20m nipype.workflow  [0m|[34;20m [Node] Executing "_measures0" <mriqc.interfaces.functional.FunctionalQC>[0m
2026-03-27 02:55:17 |[34;20m INFO     [0m|[34;20m nipype.workflow  [0m|[34;20m [Node] Executing "_timeseries0" <mriqc.interfaces.functional.GatherTimeseries>[0m
2026-03-27 02:55:17 |[34;20m INFO     [0m|[34;20m nipype.workflow  [0m|[34;20m [Node] Finished "_timeseries0", elapsed time 0.019923s.[0m
2026-03-27 02:55:17 |[34;20m INFO     [0m|[34;20m nipype.workflow  [0m|[34;20m [Node] Finished "_BigPlot0", elapsed time 4.064633s.[0m
2026-03-27 02:55:18 |[34;20m INFO     [0m|[34;20m nipype.workflow  [0m|[34;20m [Node] Finished "_measures0", elapsed time 1.0515349999999999s.[0m
2026-03-27 02:55:19 |[34;20m INFO     [0m|[34;20m nipype.workflow  [0m|[34;20m [Node] Setting-up "mriqc_wf.funcMRIQC.synthstrip_wf.post_n4" in "/local/nvme/ds004996_29.784026/ds/tmp/mriqc_wf/funcMRIQC/synthstrip_wf/5e574228475eb49cd5e7898d68a2f12a479ca9ef/post_n4".[0m
2026-03-27 02:55:19 |[34;20m INFO     [0m|[34;20m nipype.workflow  [0m|[34;20m [Node] Executing "post_n4" <nipype.interfaces.ants.segmentation.N4BiasFieldCorrection>[0m
2026-03-27 02:55:20 |[34;20m INFO     [0m|[34;20m nipype.workflow  [0m|[34;20m [Node] Finished "post_n4", elapsed time 0.924982s.[0m
2026-03-27 02:55:21 |[34;20m INFO     [0m|[34;20m nipype.workflow  [0m|[34;20m [Node] Setting-up "mriqc_wf.funcMRIQC.SpatialNormalization.EPI2MNI" in "/local/nvme/ds004996_29.784026/ds/tmp/mriqc_wf/funcMRIQC/SpatialNormalization/5e574228475eb49cd5e7898d68a2f12a479ca9ef/EPI2MNI".[0m
2026-03-27 02:55:21 |[34;20m INFO     [0m|[34;20m nipype.workflow  [0m|[34;20m [Node] Executing "EPI2MNI" <niworkflows.interfaces.reportlets.registration.SpatialNormalizationRPT>[0m
2026-03-27 02:55:21 |[34;20m INFO     [0m|[34;20m niworkflows      [0m|[34;20m Estimating initial transform using AffineInitializer[0m
2026-03-27 02:55:26 |[34;20m INFO     [0m|[34;20m niworkflows      [0m|[34;20m Loading settings from file /opt/conda/lib/python3.11/site-packages/niworkflows/data/boldref-mni_registration_precise_000.json.[0m
2026-03-27 02:55:26 |[34;20m INFO     [0m|[34;20m niworkflows      [0m|[34;20m Retry #1, commandline: 
antsRegistration --collapse-output-transforms 1 --dimensionality 3 --float 0 --initial-moving-transform [ /local/nvme/ds004996_29.784026/ds/tmp/mriqc_wf/funcMRIQC/SpatialNormalization/5e574228475eb49cd5e7898d68a2f12a479ca9ef/EPI2MNI/transform.mat, 0 ] --initialize-transforms-per-stage 0 --interpolation LanczosWindowedSinc --output [ epi_to_mni, epi_to_mni_Warped.nii.gz ] --transform Rigid[ 0.05 ] --metric Mattes[ /templateflow/tpl-MNI152NLin2009cAsym/tpl-MNI152NLin2009cAsym_res-02_desc-fMRIPrep_boldref.nii.gz, /local/nvme/ds004996_29.784026/ds/tmp/mriqc_wf/funcMRIQC/SpatialNormalization/5e574228475eb49cd5e7898d68a2f12a479ca9ef/SharpenEPI/sub-29_task-conversation_run-02_bold_desc-realigned_valid_tstat_corrected.nii.gz, 1, 56, Regular, 0.25 ] --convergence [ 10000x1000x100, 1e-06, 20 ] --smoothing-sigmas 4.0x2.0x1.0vox --shrink-factors 4x2x1 --use-histogram-matching 1 --masks [ /templateflow/tpl-MNI152NLin2009cAsym/tpl-MNI152NLin2009cAsym_res-02_desc-brain_mask.nii.gz, /local/nvme/ds004996_29.784026/ds/tmp/mriqc_wf/funcMRIQC/synthstrip_wf/5e574228475eb49cd5e7898d68a2f12a479ca9ef/synthstrip/clipped_corrected_desc-brain_mask.nii.gz ] --transform Affine[ 0.08 ] --metric Mattes[ /templateflow/tpl-MNI152NLin2009cAsym/tpl-MNI152NLin2009cAsym_res-02_desc-fMRIPrep_boldref.nii.gz, /local/nvme/ds004996_29.784026/ds/tmp/mriqc_wf/funcMRIQC/SpatialNormalization/5e574228475eb49cd5e7898d68a2f12a479ca9ef/SharpenEPI/sub-29_task-conversation_run-02_bold_desc-realigned_valid_tstat_corrected.nii.gz, 1, 56, Regular, 0.25 ] --convergence [ 500x250x100, 1e-06, 20 ] --smoothing-sigmas 4.0x2.0x1.0vox --shrink-factors 8x4x2 --use-histogram-matching 1 --masks [ /templateflow/tpl-MNI152NLin2009cAsym/tpl-MNI152NLin2009cAsym_res-02_desc-brain_mask.nii.gz, /local/nvme/ds004996_29.784026/ds/tmp/mriqc_wf/funcMRIQC/synthstrip_wf/5e574228475eb49cd5e7898d68a2f12a479ca9ef/synthstrip/clipped_corrected_desc-brain_mask.nii.gz ] --transform SyN[ 0.1, 3.0, 0.0 ] --metric CC[ /templateflow/tpl-MNI152NLin2009cAsym/tpl-MNI152NLin2009cAsym_res-02_desc-fMRIPrep_boldref.nii.gz, /local/nvme/ds004996_29.784026/ds/tmp/mriqc_wf/funcMRIQC/SpatialNormalization/5e574228475eb49cd5e7898d68a2f12a479ca9ef/SharpenEPI/sub-29_task-conversation_run-02_bold_desc-realigned_valid_tstat_corrected.nii.gz, 1, 4, None, 1 ] --convergence [ 100x30x20, 1e-06, 10 ] --smoothing-sigmas 3.0x2.0x1.0vox --shrink-factors 8x4x2 --use-histogram-matching 1 --masks [ /templateflow/tpl-MNI152NLin2009cAsym/tpl-MNI152NLin2009cAsym_res-02_desc-brain_mask.nii.gz, /local/nvme/ds004996_29.784026/ds/tmp/mriqc_wf/funcMRIQC/synthstrip_wf/5e574228475eb49cd5e7898d68a2f12a479ca9ef/synthstrip/clipped_corrected_desc-brain_mask.nii.gz ] --winsorize-image-intensities [ 0.005, 0.995 ]  --write-composite-transform 1[0m
2026-03-27 02:55:38 |[34;20m INFO     [0m|[34;20m niworkflows      [0m|[34;20m Successful spatial normalization (retry #1).[0m
2026-03-27 02:55:38 |[34;20m INFO     [0m|[34;20m niworkflows      [0m|[34;20m Report - setting fixed (/templateflow/tpl-MNI152NLin2009cAsym/tpl-MNI152NLin2009cAsym_res-02_desc-fMRIPrep_boldref.nii.gz) and moving (/local/nvme/ds004996_29.784026/ds/tmp/mriqc_wf/funcMRIQC/SpatialNormalization/5e574228475eb49cd5e7898d68a2f12a479ca9ef/EPI2MNI/epi_to_mni_Warped.nii.gz) images[0m
2026-03-27 02:55:38 |[34;20m INFO     [0m|[34;20m niworkflows      [0m|[34;20m Generating visual report[0m
2026-03-27 02:55:53 |[34;20m INFO     [0m|[34;20m nipype.workflow  [0m|[34;20m [Node] Finished "EPI2MNI", elapsed time 31.875365s.[0m
2026-03-27 02:55:53 |[34;20m INFO     [0m|[34;20m nipype.workflow  [0m|[34;20m [Node] Setting-up "mriqc_wf.funcMRIQC.synthstrip_wf.post_n4" in "/local/nvme/ds004996_29.784026/ds/tmp/mriqc_wf/funcMRIQC/synthstrip_wf/c0ff313d46abad70d2e9c709aa0c64514e54c98b/post_n4".[0m
2026-03-27 02:55:53 |[34;20m INFO     [0m|[34;20m nipype.workflow  [0m|[34;20m [Node] Executing "post_n4" <nipype.interfaces.ants.segmentation.N4BiasFieldCorrection>[0m
2026-03-27 02:55:54 |[34;20m INFO     [0m|[34;20m nipype.workflow  [0m|[34;20m [Node] Finished "post_n4", elapsed time 0.954194s.[0m
2026-03-27 02:55:55 |[34;20m INFO     [0m|[34;20m nipype.workflow  [0m|[34;20m [Node] Setting-up "mriqc_wf.funcMRIQC.SpatialNormalization.EPI2MNI" in "/local/nvme/ds004996_29.784026/ds/tmp/mriqc_wf/funcMRIQC/SpatialNormalization/c0ff313d46abad70d2e9c709aa0c64514e54c98b/EPI2MNI".[0m
2026-03-27 02:55:55 |[34;20m INFO     [0m|[34;20m nipype.workflow  [0m|[34;20m [Node] Executing "EPI2MNI" <niworkflows.interfaces.reportlets.registration.SpatialNormalizationRPT>[0m
2026-03-27 02:55:55 |[34;20m INFO     [0m|[34;20m niworkflows      [0m|[34;20m Estimating initial transform using AffineInitializer[0m
2026-03-27 02:56:01 |[34;20m INFO     [0m|[34;20m niworkflows      [0m|[34;20m Loading settings from file /opt/conda/lib/python3.11/site-packages/niworkflows/data/boldref-mni_registration_precise_000.json.[0m
2026-03-27 02:56:01 |[34;20m INFO     [0m|[34;20m niworkflows      [0m|[34;20m Retry #1, commandline: 
antsRegistration --collapse-output-transforms 1 --dimensionality 3 --float 0 --initial-moving-transform [ /local/nvme/ds004996_29.784026/ds/tmp/mriqc_wf/funcMRIQC/SpatialNormalization/c0ff313d46abad70d2e9c709aa0c64514e54c98b/EPI2MNI/transform.mat, 0 ] --initialize-transforms-per-stage 0 --interpolation LanczosWindowedSinc --output [ epi_to_mni, epi_to_mni_Warped.nii.gz ] --transform Rigid[ 0.05 ] --metric Mattes[ /templateflow/tpl-MNI152NLin2009cAsym/tpl-MNI152NLin2009cAsym_res-02_desc-fMRIPrep_boldref.nii.gz, /local/nvme/ds004996_29.784026/ds/tmp/mriqc_wf/funcMRIQC/SpatialNormalization/c0ff313d46abad70d2e9c709aa0c64514e54c98b/SharpenEPI/sub-29_task-conversation_run-03_bold_desc-realigned_valid_tstat_corrected.nii.gz, 1, 56, Regular, 0.25 ] --convergence [ 10000x1000x100, 1e-06, 20 ] --smoothing-sigmas 4.0x2.0x1.0vox --shrink-factors 4x2x1 --use-histogram-matching 1 --masks [ /templateflow/tpl-MNI152NLin2009cAsym/tpl-MNI152NLin2009cAsym_res-02_desc-brain_mask.nii.gz, /local/nvme/ds004996_29.784026/ds/tmp/mriqc_wf/funcMRIQC/synthstrip_wf/c0ff313d46abad70d2e9c709aa0c64514e54c98b/synthstrip/clipped_corrected_desc-brain_mask.nii.gz ] --transform Affine[ 0.08 ] --metric Mattes[ /templateflow/tpl-MNI152NLin2009cAsym/tpl-MNI152NLin2009cAsym_res-02_desc-fMRIPrep_boldref.nii.gz, /local/nvme/ds004996_29.784026/ds/tmp/mriqc_wf/funcMRIQC/SpatialNormalization/c0ff313d46abad70d2e9c709aa0c64514e54c98b/SharpenEPI/sub-29_task-conversation_run-03_bold_desc-realigned_valid_tstat_corrected.nii.gz, 1, 56, Regular, 0.25 ] --convergence [ 500x250x100, 1e-06, 20 ] --smoothing-sigmas 4.0x2.0x1.0vox --shrink-factors 8x4x2 --use-histogram-matching 1 --masks [ /templateflow/tpl-MNI152NLin2009cAsym/tpl-MNI152NLin2009cAsym_res-02_desc-brain_mask.nii.gz, /local/nvme/ds004996_29.784026/ds/tmp/mriqc_wf/funcMRIQC/synthstrip_wf/c0ff313d46abad70d2e9c709aa0c64514e54c98b/synthstrip/clipped_corrected_desc-brain_mask.nii.gz ] --transform SyN[ 0.1, 3.0, 0.0 ] --metric CC[ /templateflow/tpl-MNI152NLin2009cAsym/tpl-MNI152NLin2009cAsym_res-02_desc-fMRIPrep_boldref.nii.gz, /local/nvme/ds004996_29.784026/ds/tmp/mriqc_wf/funcMRIQC/SpatialNormalization/c0ff313d46abad70d2e9c709aa0c64514e54c98b/SharpenEPI/sub-29_task-conversation_run-03_bold_desc-realigned_valid_tstat_corrected.nii.gz, 1, 4, None, 1 ] --convergence [ 100x30x20, 1e-06, 10 ] --smoothing-sigmas 3.0x2.0x1.0vox --shrink-factors 8x4x2 --use-histogram-matching 1 --masks [ /templateflow/tpl-MNI152NLin2009cAsym/tpl-MNI152NLin2009cAsym_res-02_desc-brain_mask.nii.gz, /local/nvme/ds004996_29.784026/ds/tmp/mriqc_wf/funcMRIQC/synthstrip_wf/c0ff313d46abad70d2e9c709aa0c64514e54c98b/synthstrip/clipped_corrected_desc-brain_mask.nii.gz ] --winsorize-image-intensities [ 0.005, 0.995 ]  --write-composite-transform 1[0m
2026-03-27 02:56:12 |[34;20m INFO     [0m|[34;20m niworkflows      [0m|[34;20m Successful spatial normalization (retry #1).[0m
2026-03-27 02:56:12 |[34;20m INFO     [0m|[34;20m niworkflows      [0m|[34;20m Report - setting fixed (/templateflow/tpl-MNI152NLin2009cAsym/tpl-MNI152NLin2009cAsym_res-02_desc-fMRIPrep_boldref.nii.gz) and moving (/local/nvme/ds004996_29.784026/ds/tmp/mriqc_wf/funcMRIQC/SpatialNormalization/c0ff313d46abad70d2e9c709aa0c64514e54c98b/EPI2MNI/epi_to_mni_Warped.nii.gz) images[0m
2026-03-27 02:56:12 |[34;20m INFO     [0m|[34;20m niworkflows      [0m|[34;20m Generating visual report[0m
2026-03-27 02:56:27 |[34;20m INFO     [0m|[34;20m nipype.workflow  [0m|[34;20m [Node] Finished "EPI2MNI", elapsed time 32.352055s.[0m
2026-03-27 02:56:29 |[34;20m INFO     [0m|[34;20m nipype.workflow  [0m|[34;20m [Node] Setting-up "mriqc_wf.funcMRIQC.func_report_wf.ds_report_norm" in "/local/nvme/ds004996_29.784026/ds/tmp/mriqc_wf/funcMRIQC/func_report_wf/5e574228475eb49cd5e7898d68a2f12a479ca9ef/ds_report_norm".[0m
2026-03-27 02:56:29 |[34;20m INFO     [0m|[34;20m nipype.workflow  [0m|[34;20m [Node] Setting-up "mriqc_wf.funcMRIQC.synthstrip_wf.final_masked" in "/local/nvme/ds004996_29.784026/ds/tmp/mriqc_wf/funcMRIQC/synthstrip_wf/5e574228475eb49cd5e7898d68a2f12a479ca9ef/final_masked".[0m
2026-03-27 02:56:29 |[34;20m INFO     [0m|[34;20m nipype.workflow  [0m|[34;20m [Node] Setting-up "mriqc_wf.funcMRIQC.SpatialNormalization.ResampleSegmentation" in "/local/nvme/ds004996_29.784026/ds/tmp/mriqc_wf/funcMRIQC/SpatialNormalization/5e574228475eb49cd5e7898d68a2f12a479ca9ef/ResampleSegmentation".[0m
2026-03-27 02:56:29 |[34;20m INFO     [0m|[34;20m nipype.workflow  [0m|[34;20m [Node] Executing "final_masked" <niworkflows.interfaces.nibabel.ApplyMask>[0m
2026-03-27 02:56:29 |[34;20m INFO     [0m|[34;20m nipype.workflow  [0m|[34;20m [Node] Executing "ResampleSegmentation" <nipype.interfaces.ants.resampling.ApplyTransforms>[0m
2026-03-27 02:56:29 |[34;20m INFO     [0m|[34;20m nipype.workflow  [0m|[34;20m [Node] Executing "ds_report_norm" <mriqc.interfaces.DerivativesDataSink>[0m
2026-03-27 02:56:29 |[34;20m INFO     [0m|[34;20m nipype.workflow  [0m|[34;20m [Node] Finished "ds_report_norm", elapsed time 0.006802s.[0m
2026-03-27 02:56:29 |[34;20m INFO     [0m|[34;20m nipype.workflow  [0m|[34;20m [Node] Finished "final_masked", elapsed time 0.035296s.[0m
2026-03-27 02:56:29 |[34;20m INFO     [0m|[34;20m nipype.workflow  [0m|[34;20m [Node] Setting-up "mriqc_wf.funcMRIQC.func_report_wf.ds_report_norm" in "/local/nvme/ds004996_29.784026/ds/tmp/mriqc_wf/funcMRIQC/func_report_wf/c0ff313d46abad70d2e9c709aa0c64514e54c98b/ds_report_norm".[0m
2026-03-27 02:56:29 |[34;20m INFO     [0m|[34;20m nipype.workflow  [0m|[34;20m [Node] Setting-up "mriqc_wf.funcMRIQC.synthstrip_wf.final_masked" in "/local/nvme/ds004996_29.784026/ds/tmp/mriqc_wf/funcMRIQC/synthstrip_wf/c0ff313d46abad70d2e9c709aa0c64514e54c98b/final_masked".[0m
2026-03-27 02:56:29 |[34;20m INFO     [0m|[34;20m nipype.workflow  [0m|[34;20m [Node] Setting-up "mriqc_wf.funcMRIQC.SpatialNormalization.ResampleSegmentation" in "/local/nvme/ds004996_29.784026/ds/tmp/mriqc_wf/funcMRIQC/SpatialNormalization/c0ff313d46abad70d2e9c709aa0c64514e54c98b/ResampleSegmentation".[0m
2026-03-27 02:56:29 |[34;20m INFO     [0m|[34;20m nipype.workflow  [0m|[34;20m [Node] Executing "final_masked" <niworkflows.interfaces.nibabel.ApplyMask>[0m
2026-03-27 02:56:29 |[34;20m INFO     [0m|[34;20m nipype.workflow  [0m|[34;20m [Node] Executing "ResampleSegmentation" <nipype.interfaces.ants.resampling.ApplyTransforms>[0m
2026-03-27 02:56:29 |[34;20m INFO     [0m|[34;20m nipype.workflow  [0m|[34;20m [Node] Executing "ds_report_norm" <mriqc.interfaces.DerivativesDataSink>[0m
2026-03-27 02:56:29 |[34;20m INFO     [0m|[34;20m nipype.workflow  [0m|[34;20m [Node] Finished "ds_report_norm", elapsed time 0.005106s.[0m
2026-03-27 02:56:29 |[34;20m INFO     [0m|[34;20m nipype.workflow  [0m|[34;20m [Node] Finished "final_masked", elapsed time 0.030319s.[0m
2026-03-27 02:56:29 |[34;20m INFO     [0m|[34;20m nipype.workflow  [0m|[34;20m [Node] Setting-up "_datasink0" in "/local/nvme/ds004996_29.784026/ds/tmp/mriqc_wf/funcMRIQC/ComputeIQMs/c0ff313d46abad70d2e9c709aa0c64514e54c98b/datasink/mapflow/_datasink0".[0m
2026-03-27 02:56:29 |[34;20m INFO     [0m|[34;20m nipype.workflow  [0m|[34;20m [Node] Executing "_datasink0" <mriqc.interfaces.bids.IQMFileSink>[0m
2026-03-27 02:56:29 |[34;20m INFO     [0m|[34;20m nipype.workflow  [0m|[34;20m [Node] Finished "_datasink0", elapsed time 0.000634s.[0m
2026-03-27 02:56:29 |[34;20m INFO     [0m|[34;20m nipype.workflow  [0m|[34;20m [Node] Setting-up "_ds_timeseries0" in "/local/nvme/ds004996_29.784026/ds/tmp/mriqc_wf/funcMRIQC/ComputeIQMs/c0ff313d46abad70d2e9c709aa0c64514e54c98b/ds_timeseries/mapflow/_ds_timeseries0".[0m
2026-03-27 02:56:29 |[34;20m INFO     [0m|[34;20m nipype.workflow  [0m|[34;20m [Node] Executing "_ds_timeseries0" <mriqc.interfaces.DerivativesDataSink>[0m
2026-03-27 02:56:29 |[34;20m INFO     [0m|[34;20m nipype.workflow  [0m|[34;20m [Node] Finished "_ds_timeseries0", elapsed time 0.00393s.[0m
2026-03-27 02:56:30 |[34;20m INFO     [0m|[34;20m nipype.workflow  [0m|[34;20m [Node] Setting-up "_ds_report_carpet0" in "/local/nvme/ds004996_29.784026/ds/tmp/mriqc_wf/funcMRIQC/func_report_wf/e319c1e5308b33584b6204a018141c72fca0c7fe/ds_report_carpet/mapflow/_ds_report_carpet0".[0m
2026-03-27 02:56:30 |[34;20m INFO     [0m|[34;20m nipype.workflow  [0m|[34;20m [Node] Executing "_ds_report_carpet0" <mriqc.interfaces.DerivativesDataSink>[0m
2026-03-27 02:56:30 |[34;20m INFO     [0m|[34;20m nipype.workflow  [0m|[34;20m [Node] Finished "_ds_report_carpet0", elapsed time 0.004882s.[0m
2026-03-27 02:56:32 |[34;20m INFO     [0m|[34;20m nipype.workflow  [0m|[34;20m [Node] Finished "ResampleSegmentation", elapsed time 2.5152609999999997s.[0m
2026-03-27 02:56:32 |[34;20m INFO     [0m|[34;20m nipype.workflow  [0m|[34;20m [Node] Finished "ResampleSegmentation", elapsed time 2.754898s.[0m
2026-03-27 02:56:33 |[34;20m INFO     [0m|[34;20m nipype.workflow  [0m|[34;20m [Node] Setting-up "mriqc_wf.funcMRIQC.func_report_wf.parcels" in "/local/nvme/ds004996_29.784026/ds/tmp/mriqc_wf/funcMRIQC/func_report_wf/c0ff313d46abad70d2e9c709aa0c64514e54c98b/parcels".[0m
2026-03-27 02:56:33 |[34;20m INFO     [0m|[34;20m nipype.workflow  [0m|[34;20m [Node] Setting-up "mriqc_wf.funcMRIQC.func_report_wf.parcels" in "/local/nvme/ds004996_29.784026/ds/tmp/mriqc_wf/funcMRIQC/func_report_wf/5e574228475eb49cd5e7898d68a2f12a479ca9ef/parcels".[0m
2026-03-27 02:56:33 |[34;20m INFO     [0m|[34;20m nipype.workflow  [0m|[34;20m [Node] Executing "parcels" <nipype.interfaces.utility.wrappers.Function>[0m
2026-03-27 02:56:33 |[34;20m INFO     [0m|[34;20m nipype.workflow  [0m|[34;20m [Node] Executing "parcels" <nipype.interfaces.utility.wrappers.Function>[0m
2026-03-27 02:56:33 |[34;20m INFO     [0m|[34;20m nipype.workflow  [0m|[34;20m [Node] Finished "parcels", elapsed time 0.022207s.[0m
2026-03-27 02:56:33 |[34;20m INFO     [0m|[34;20m nipype.workflow  [0m|[34;20m [Node] Finished "parcels", elapsed time 0.022333s.[0m
2026-03-27 02:56:35 |[34;20m INFO     [0m|[34;20m nipype.workflow  [0m|[34;20m [Node] Setting-up "_BigPlot0" in "/local/nvme/ds004996_29.784026/ds/tmp/mriqc_wf/funcMRIQC/func_report_wf/5e574228475eb49cd5e7898d68a2f12a479ca9ef/BigPlot/mapflow/_BigPlot0".[0m
2026-03-27 02:56:35 |[34;20m INFO     [0m|[34;20m nipype.workflow  [0m|[34;20m [Node] Executing "_BigPlot0" <nireports.interfaces.fmri.FMRISummary>[0m
2026-03-27 02:56:35 |[34;20m INFO     [0m|[34;20m nipype.workflow  [0m|[34;20m [Node] Setting-up "_BigPlot0" in "/local/nvme/ds004996_29.784026/ds/tmp/mriqc_wf/funcMRIQC/func_report_wf/c0ff313d46abad70d2e9c709aa0c64514e54c98b/BigPlot/mapflow/_BigPlot0".[0m
2026-03-27 02:56:35 |[34;20m INFO     [0m|[34;20m nipype.workflow  [0m|[34;20m [Node] Executing "_BigPlot0" <nireports.interfaces.fmri.FMRISummary>[0m
2026-03-27 02:56:39 |[34;20m INFO     [0m|[34;20m nipype.workflow  [0m|[34;20m [Node] Finished "_BigPlot0", elapsed time 4.08496s.[0m
2026-03-27 02:56:39 |[34;20m INFO     [0m|[34;20m nipype.workflow  [0m|[34;20m [Node] Finished "_BigPlot0", elapsed time 4.130622s.[0m
2026-03-27 02:56:41 |[34;20m INFO     [0m|[34;20m nipype.workflow  [0m|[34;20m [Node] Setting-up "_ds_report_carpet0" in "/local/nvme/ds004996_29.784026/ds/tmp/mriqc_wf/funcMRIQC/func_report_wf/5e574228475eb49cd5e7898d68a2f12a479ca9ef/ds_report_carpet/mapflow/_ds_report_carpet0".[0m
2026-03-27 02:56:41 |[34;20m INFO     [0m|[34;20m nipype.workflow  [0m|[34;20m [Node] Executing "_ds_report_carpet0" <mriqc.interfaces.DerivativesDataSink>[0m
2026-03-27 02:56:41 |[34;20m INFO     [0m|[34;20m nipype.workflow  [0m|[34;20m [Node] Finished "_ds_report_carpet0", elapsed time 0.004946s.[0m
2026-03-27 02:56:41 |[34;20m INFO     [0m|[34;20m nipype.workflow  [0m|[34;20m [Node] Setting-up "_ds_report_carpet0" in "/local/nvme/ds004996_29.784026/ds/tmp/mriqc_wf/funcMRIQC/func_report_wf/c0ff313d46abad70d2e9c709aa0c64514e54c98b/ds_report_carpet/mapflow/_ds_report_carpet0".[0m
2026-03-27 02:56:41 |[34;20m INFO     [0m|[34;20m nipype.workflow  [0m|[34;20m [Node] Executing "_ds_report_carpet0" <mriqc.interfaces.DerivativesDataSink>[0m
2026-03-27 02:56:41 |[34;20m INFO     [0m|[34;20m nipype.workflow  [0m|[34;20m [Node] Finished "_ds_report_carpet0", elapsed time 0.004721s.[0m
2026-03-27 02:56:43 |[34;20m INFO     [0m|[34;20m nipype.workflow  [0m|[34;20m Generating reports...[0m
2026-03-27 02:56:44 |[34;20m INFO     [0m|[34;20m nipype.workflow  [0m|[34;20m Report generation finished (3 reports).[0m
2026-03-27 02:56:44 |[33;20m IMPORTANT [0m|[33;20m mriqc            [0m|[33;20m Participant level finished successfully averaging 00h 06min 46s per subject.[0m
2026-03-27 02:56:44 |[34;20m INFO     [0m|[34;20m mriqc            [0m|[34;20m Generating BIDS derivatives metadata.[0m
----------------------------------------------------------------
  MRIQC completed (elapsed time 00h 20min 20s).
----------------------------------------------------------------

