------------------------------------------------------------------
  Running MRIQC version 24.1.0.dev0+gd5b13cb5.d20240826
  ----------------------------------------------------------------

  NOTICE
  Copyright © The NiPreps Developers.
  
  This product includes software developed by
  the NiPreps Community (https://nipreps.org/).
  
  Portions of this software were developed at the Department of
  Psychology at Stanford University, Stanford, CA, US.
  
  This software contains code ultimately derived from the
  PCP Quality Assessment Protocol (QAP;
  http://preprocessed-connectomes-project.org/quality-assessment-protocol)
  by C. Craddock, S. Giavasis, D. Clark, Z. Shezhad, and J. Pellman.
  
  This software is also distributed as a Docker container image.
  The bootstrapping file for the image ("Dockerfile") is licensed
  under the MIT License.

  ----------------------------------------------------------------

  * BIDS dataset path: /local/nvme/ds004996_52.784026/ds/sourcedata/raw.
  * Output folder: mriqc.
  * Analysis levels: ['participant'].
------------------------------------------------------------------

2026-03-27 02:15:20 |[33;20m IMPORTANT [0m|[33;20m mriqc            [0m|[33;20m Extracting metadata and entities for 3 input runs of modality 'bold'...[0m
2026-03-27 02:15:20 |[33;20m IMPORTANT [0m|[33;20m mriqc            [0m|[33;20m File size ('bold'): 0.41|0.41 GB [maximum|average].[0m
2026-03-27 02:15:20 |[34;20m INFO     [0m|[34;20m mriqc            [0m|[34;20m MRIQC config file: /local/nvme/ds004996_52.784026/ds/tmp/config-20260327-021513_8e7c7ef6-a59b-41a5-93e0-faa8f2600032.toml.[0m
2026-03-27 02:15:25 |[34;20m INFO     [0m|[34;20m matplotlib.font_manager [0m|[34;20m generated new fontManager[0m
2026-03-27 02:15:26 |[33;20m IMPORTANT [0m|[33;20m mriqc            [0m|[33;20m Building MRIQC's workflows...[0m
2026-03-27 02:15:26 |[34;20m INFO     [0m|[34;20m nipype.workflow  [0m|[34;20m Building functional MRIQC workflow for 3 BOLD runs..[0m
2026-03-27 02:15:32 |[33;20m IMPORTANT [0m|[33;20m mriqc            [0m|[33;20m Workflow building finished (exit code 0).[0m
2026-03-27 02:15:37 |[34;20m INFO     [0m|[34;20m nipype.workflow  [0m|[34;20m Workflow mriqc_wf settings: ['check', 'execution', 'logging', 'monitoring'][0m
2026-03-27 02:15:37 |[34;20m INFO     [0m|[34;20m nipype.workflow  [0m|[34;20m [Node] Setting-up "mriqc_wf.funcMRIQC.pick_echo" in "/local/nvme/ds004996_52.784026/ds/tmp/mriqc_wf/funcMRIQC/0a8fb534d8c55cbaed6e9c59fb66a7f0b0790652/pick_echo".[0m
2026-03-27 02:15:37 |[34;20m INFO     [0m|[34;20m nipype.workflow  [0m|[34;20m [Node] Setting-up "_provenance0" in "/local/nvme/ds004996_52.784026/ds/tmp/mriqc_wf/funcMRIQC/ComputeIQMs/0a8fb534d8c55cbaed6e9c59fb66a7f0b0790652/provenance/mapflow/_provenance0".[0m
2026-03-27 02:15:37 |[34;20m INFO     [0m|[34;20m nipype.workflow  [0m|[34;20m [Node] Executing "_provenance0" <mriqc.interfaces.reports.AddProvenance>[0m
2026-03-27 02:15:37 |[34;20m INFO     [0m|[34;20m nipype.workflow  [0m|[34;20m [Node] Executing "pick_echo" <mriqc.interfaces.functional.SelectEcho>[0m
2026-03-27 02:15:37 |[34;20m INFO     [0m|[34;20m nipype.workflow  [0m|[34;20m [Node] Finished "pick_echo", elapsed time 0.000489s.[0m
2026-03-27 02:15:38 |[34;20m INFO     [0m|[34;20m nipype.workflow  [0m|[34;20m [Node] Finished "_provenance0", elapsed time 0.822645s.[0m
2026-03-27 02:15:38 |[34;20m INFO     [0m|[34;20m nipype.workflow  [0m|[34;20m [Node] Setting-up "mriqc_wf.funcMRIQC.pick_echo" in "/local/nvme/ds004996_52.784026/ds/tmp/mriqc_wf/funcMRIQC/7570e93386b038dbcab33d3dba362f6d0a78adff/pick_echo".[0m
2026-03-27 02:15:38 |[34;20m INFO     [0m|[34;20m nipype.workflow  [0m|[34;20m [Node] Setting-up "_provenance0" in "/local/nvme/ds004996_52.784026/ds/tmp/mriqc_wf/funcMRIQC/ComputeIQMs/7570e93386b038dbcab33d3dba362f6d0a78adff/provenance/mapflow/_provenance0".[0m
2026-03-27 02:15:38 |[34;20m INFO     [0m|[34;20m nipype.workflow  [0m|[34;20m [Node] Executing "_provenance0" <mriqc.interfaces.reports.AddProvenance>[0m
2026-03-27 02:15:38 |[34;20m INFO     [0m|[34;20m nipype.workflow  [0m|[34;20m [Node] Executing "pick_echo" <mriqc.interfaces.functional.SelectEcho>[0m
2026-03-27 02:15:38 |[34;20m INFO     [0m|[34;20m nipype.workflow  [0m|[34;20m [Node] Finished "pick_echo", elapsed time 0.000772s.[0m
2026-03-27 02:15:39 |[34;20m INFO     [0m|[34;20m nipype.workflow  [0m|[34;20m [Node] Finished "_provenance0", elapsed time 0.841385s.[0m
2026-03-27 02:15:39 |[34;20m INFO     [0m|[34;20m nipype.workflow  [0m|[34;20m [Node] Setting-up "_provenance0" in "/local/nvme/ds004996_52.784026/ds/tmp/mriqc_wf/funcMRIQC/ComputeIQMs/cb4fe4065fc05c89fcc260d0cbbae83bb858898b/provenance/mapflow/_provenance0".[0m
2026-03-27 02:15:39 |[34;20m INFO     [0m|[34;20m nipype.workflow  [0m|[34;20m [Node] Setting-up "mriqc_wf.funcMRIQC.pick_echo" in "/local/nvme/ds004996_52.784026/ds/tmp/mriqc_wf/funcMRIQC/cb4fe4065fc05c89fcc260d0cbbae83bb858898b/pick_echo".[0m
2026-03-27 02:15:39 |[34;20m INFO     [0m|[34;20m nipype.workflow  [0m|[34;20m [Node] Executing "_provenance0" <mriqc.interfaces.reports.AddProvenance>[0m
2026-03-27 02:15:39 |[34;20m INFO     [0m|[34;20m nipype.workflow  [0m|[34;20m [Node] Executing "pick_echo" <mriqc.interfaces.functional.SelectEcho>[0m
2026-03-27 02:15:40 |[34;20m INFO     [0m|[34;20m nipype.workflow  [0m|[34;20m [Node] Finished "pick_echo", elapsed time 0.000509s.[0m
2026-03-27 02:15:40 |[34;20m INFO     [0m|[34;20m nipype.workflow  [0m|[34;20m [Node] Finished "_provenance0", elapsed time 0.838803s.[0m
2026-03-27 02:15:41 |[34;20m INFO     [0m|[34;20m nipype.workflow  [0m|[34;20m [Node] Setting-up "mriqc_wf.funcMRIQC.non_steady_state_detector" in "/local/nvme/ds004996_52.784026/ds/tmp/mriqc_wf/funcMRIQC/0a8fb534d8c55cbaed6e9c59fb66a7f0b0790652/non_steady_state_detector".[0m
2026-03-27 02:15:41 |[34;20m INFO     [0m|[34;20m nipype.workflow  [0m|[34;20m [Node] Setting-up "mriqc_wf.funcMRIQC.non_steady_state_detector" in "/local/nvme/ds004996_52.784026/ds/tmp/mriqc_wf/funcMRIQC/7570e93386b038dbcab33d3dba362f6d0a78adff/non_steady_state_detector".[0m
2026-03-27 02:15:41 |[34;20m INFO     [0m|[34;20m nipype.workflow  [0m|[34;20m [Node] Setting-up "mriqc_wf.funcMRIQC.non_steady_state_detector" in "/local/nvme/ds004996_52.784026/ds/tmp/mriqc_wf/funcMRIQC/cb4fe4065fc05c89fcc260d0cbbae83bb858898b/non_steady_state_detector".[0m
2026-03-27 02:15:41 |[34;20m INFO     [0m|[34;20m nipype.workflow  [0m|[34;20m [Node] Executing "non_steady_state_detector" <nipype.algorithms.confounds.NonSteadyStateDetector>[0m
2026-03-27 02:15:41 |[34;20m INFO     [0m|[34;20m nipype.workflow  [0m|[34;20m [Node] Executing "non_steady_state_detector" <nipype.algorithms.confounds.NonSteadyStateDetector>[0m
2026-03-27 02:15:41 |[34;20m INFO     [0m|[34;20m nipype.workflow  [0m|[34;20m [Node] Executing "non_steady_state_detector" <nipype.algorithms.confounds.NonSteadyStateDetector>[0m
2026-03-27 02:15:41 |[34;20m INFO     [0m|[34;20m nipype.workflow  [0m|[34;20m [Node] Finished "non_steady_state_detector", elapsed time 0.030709s.[0m
2026-03-27 02:15:41 |[34;20m INFO     [0m|[34;20m nipype.workflow  [0m|[34;20m [Node] Finished "non_steady_state_detector", elapsed time 0.031668s.[0m
2026-03-27 02:15:41 |[34;20m INFO     [0m|[34;20m nipype.workflow  [0m|[34;20m [Node] Finished "non_steady_state_detector", elapsed time 0.030824s.[0m
2026-03-27 02:15:43 |[34;20m INFO     [0m|[34;20m nipype.workflow  [0m|[34;20m [Node] Setting-up "_sanitize0" in "/local/nvme/ds004996_52.784026/ds/tmp/mriqc_wf/funcMRIQC/7570e93386b038dbcab33d3dba362f6d0a78adff/sanitize/mapflow/_sanitize0".[0m
2026-03-27 02:15:43 |[34;20m INFO     [0m|[34;20m nipype.workflow  [0m|[34;20m [Node] Setting-up "_sanitize0" in "/local/nvme/ds004996_52.784026/ds/tmp/mriqc_wf/funcMRIQC/0a8fb534d8c55cbaed6e9c59fb66a7f0b0790652/sanitize/mapflow/_sanitize0".[0m
2026-03-27 02:15:43 |[34;20m INFO     [0m|[34;20m nipype.workflow  [0m|[34;20m [Node] Setting-up "_sanitize0" in "/local/nvme/ds004996_52.784026/ds/tmp/mriqc_wf/funcMRIQC/cb4fe4065fc05c89fcc260d0cbbae83bb858898b/sanitize/mapflow/_sanitize0".[0m
2026-03-27 02:15:43 |[34;20m INFO     [0m|[34;20m nipype.workflow  [0m|[34;20m [Node] Executing "_sanitize0" <niworkflows.interfaces.header.SanitizeImage>[0m
2026-03-27 02:15:43 |[34;20m INFO     [0m|[34;20m nipype.workflow  [0m|[34;20m [Node] Executing "_sanitize0" <niworkflows.interfaces.header.SanitizeImage>[0m
2026-03-27 02:15:43 |[34;20m INFO     [0m|[34;20m nipype.workflow  [0m|[34;20m [Node] Executing "_sanitize0" <niworkflows.interfaces.header.SanitizeImage>[0m
2026-03-27 02:15:43 |[34;20m INFO     [0m|[34;20m nipype.workflow  [0m|[34;20m [Node] Finished "_sanitize0", elapsed time 0.006436s.[0m
2026-03-27 02:15:43 |[34;20m INFO     [0m|[34;20m nipype.workflow  [0m|[34;20m [Node] Finished "_sanitize0", elapsed time 0.004218s.[0m
2026-03-27 02:15:43 |[34;20m INFO     [0m|[34;20m nipype.workflow  [0m|[34;20m [Node] Finished "_sanitize0", elapsed time 0.004304s.[0m
2026-03-27 02:15:45 |[34;20m INFO     [0m|[34;20m nipype.workflow  [0m|[34;20m [Node] Setting-up "mriqc_wf.funcMRIQC.fMRI_HMC.estimate_hm" in "/local/nvme/ds004996_52.784026/ds/tmp/mriqc_wf/funcMRIQC/fMRI_HMC/0a8fb534d8c55cbaed6e9c59fb66a7f0b0790652/estimate_hm".[0m
2026-03-27 02:15:45 |[34;20m INFO     [0m|[34;20m nipype.workflow  [0m|[34;20m [Node] Setting-up "mriqc_wf.funcMRIQC.fMRI_HMC.estimate_hm" in "/local/nvme/ds004996_52.784026/ds/tmp/mriqc_wf/funcMRIQC/fMRI_HMC/7570e93386b038dbcab33d3dba362f6d0a78adff/estimate_hm".[0m
2026-03-27 02:15:45 |[34;20m INFO     [0m|[34;20m nipype.workflow  [0m|[34;20m [Node] Setting-up "mriqc_wf.funcMRIQC.fMRI_HMC.estimate_hm" in "/local/nvme/ds004996_52.784026/ds/tmp/mriqc_wf/funcMRIQC/fMRI_HMC/cb4fe4065fc05c89fcc260d0cbbae83bb858898b/estimate_hm".[0m
2026-03-27 02:15:45 |[34;20m INFO     [0m|[34;20m nipype.workflow  [0m|[34;20m [Node] Executing "estimate_hm" <nipype.interfaces.afni.preprocess.Volreg>[0m
2026-03-27 02:15:45 |[34;20m INFO     [0m|[34;20m nipype.workflow  [0m|[34;20m [Node] Executing "estimate_hm" <nipype.interfaces.afni.preprocess.Volreg>[0m
2026-03-27 02:15:45 |[34;20m INFO     [0m|[34;20m nipype.workflow  [0m|[34;20m [Node] Setting-up "_SpikesMask0" in "/local/nvme/ds004996_52.784026/ds/tmp/mriqc_wf/funcMRIQC/func_report_wf/0a8fb534d8c55cbaed6e9c59fb66a7f0b0790652/SpikesMask/mapflow/_SpikesMask0".[0m
2026-03-27 02:15:45 |[34;20m INFO     [0m|[34;20m nipype.workflow  [0m|[34;20m [Node] Executing "_SpikesMask0" <nipype.interfaces.utility.wrappers.Function>[0m
2026-03-27 02:15:45 |[34;20m INFO     [0m|[34;20m nipype.workflow  [0m|[34;20m [Node] Executing "estimate_hm" <nipype.interfaces.afni.preprocess.Volreg>[0m
2026-03-27 02:15:45 |[34;20m INFO     [0m|[34;20m nipype.workflow  [0m|[34;20m [Node] Setting-up "_SpikesMask0" in "/local/nvme/ds004996_52.784026/ds/tmp/mriqc_wf/funcMRIQC/func_report_wf/7570e93386b038dbcab33d3dba362f6d0a78adff/SpikesMask/mapflow/_SpikesMask0".[0m
2026-03-27 02:15:45 |[34;20m INFO     [0m|[34;20m nipype.workflow  [0m|[34;20m [Node] Setting-up "_SpikesMask0" in "/local/nvme/ds004996_52.784026/ds/tmp/mriqc_wf/funcMRIQC/func_report_wf/cb4fe4065fc05c89fcc260d0cbbae83bb858898b/SpikesMask/mapflow/_SpikesMask0".[0m
2026-03-27 02:15:45 |[34;20m INFO     [0m|[34;20m nipype.workflow  [0m|[34;20m [Node] Executing "_SpikesMask0" <nipype.interfaces.utility.wrappers.Function>[0m
2026-03-27 02:15:45 |[34;20m INFO     [0m|[34;20m nipype.workflow  [0m|[34;20m [Node] Executing "_SpikesMask0" <nipype.interfaces.utility.wrappers.Function>[0m
2026-03-27 02:15:46 |[34;20m INFO     [0m|[34;20m nipype.workflow  [0m|[34;20m [Node] Finished "_SpikesMask0", elapsed time 1.641777s.[0m
2026-03-27 02:15:46 |[34;20m INFO     [0m|[34;20m nipype.workflow  [0m|[34;20m [Node] Finished "_SpikesMask0", elapsed time 1.6456330000000001s.[0m
2026-03-27 02:15:47 |[34;20m INFO     [0m|[34;20m nipype.workflow  [0m|[34;20m [Node] Finished "_SpikesMask0", elapsed time 1.909996s.[0m
2026-03-27 02:15:47 |[34;20m INFO     [0m|[34;20m nipype.workflow  [0m|[34;20m [Node] Setting-up "_SpikesFinderBgMask0" in "/local/nvme/ds004996_52.784026/ds/tmp/mriqc_wf/funcMRIQC/func_report_wf/cb4fe4065fc05c89fcc260d0cbbae83bb858898b/SpikesFinderBgMask/mapflow/_SpikesFinderBgMask0".[0m
2026-03-27 02:15:47 |[34;20m INFO     [0m|[34;20m nipype.workflow  [0m|[34;20m [Node] Executing "_SpikesFinderBgMask0" <mriqc.interfaces.functional.Spikes>[0m
2026-03-27 02:15:47 |[34;20m INFO     [0m|[34;20m nipype.workflow  [0m|[34;20m [Node] Setting-up "_SpikesFinderBgMask0" in "/local/nvme/ds004996_52.784026/ds/tmp/mriqc_wf/funcMRIQC/func_report_wf/0a8fb534d8c55cbaed6e9c59fb66a7f0b0790652/SpikesFinderBgMask/mapflow/_SpikesFinderBgMask0".[0m
2026-03-27 02:15:47 |[34;20m INFO     [0m|[34;20m nipype.workflow  [0m|[34;20m [Node] Executing "_SpikesFinderBgMask0" <mriqc.interfaces.functional.Spikes>[0m
2026-03-27 02:15:49 |[34;20m INFO     [0m|[34;20m nipype.workflow  [0m|[34;20m [Node] Setting-up "_SpikesFinderBgMask0" in "/local/nvme/ds004996_52.784026/ds/tmp/mriqc_wf/funcMRIQC/func_report_wf/7570e93386b038dbcab33d3dba362f6d0a78adff/SpikesFinderBgMask/mapflow/_SpikesFinderBgMask0".[0m
2026-03-27 02:15:49 |[34;20m INFO     [0m|[34;20m nipype.workflow  [0m|[34;20m [Node] Executing "_SpikesFinderBgMask0" <mriqc.interfaces.functional.Spikes>[0m
2026-03-27 02:15:50 |[34;20m INFO     [0m|[34;20m nipype.workflow  [0m|[34;20m [Node] Finished "_SpikesFinderBgMask0", elapsed time 2.9276210000000003s.[0m
2026-03-27 02:15:50 |[34;20m INFO     [0m|[34;20m nipype.workflow  [0m|[34;20m [Node] Finished "_SpikesFinderBgMask0", elapsed time 3.829974s.[0m
2026-03-27 02:15:52 |[34;20m INFO     [0m|[34;20m nipype.workflow  [0m|[34;20m [Node] Finished "_SpikesFinderBgMask0", elapsed time 3.039177s.[0m
2026-03-27 02:32:23 |[34;20m INFO     [0m|[34;20m nipype.workflow  [0m|[34;20m [Node] Finished "estimate_hm", elapsed time 998.047711s.[0m
2026-03-27 02:32:25 |[34;20m INFO     [0m|[34;20m nipype.workflow  [0m|[34;20m [Node] Setting-up "mriqc_wf.funcMRIQC.fMRI_HMC.ComputeFD" in "/local/nvme/ds004996_52.784026/ds/tmp/mriqc_wf/funcMRIQC/fMRI_HMC/7570e93386b038dbcab33d3dba362f6d0a78adff/ComputeFD".[0m
2026-03-27 02:32:25 |[34;20m INFO     [0m|[34;20m nipype.workflow  [0m|[34;20m [Node] Executing "ComputeFD" <nipype.algorithms.confounds.FramewiseDisplacement>[0m
2026-03-27 02:32:25 |[34;20m INFO     [0m|[34;20m nipype.workflow  [0m|[34;20m [Node] Finished "ComputeFD", elapsed time 0.084593s.[0m
2026-03-27 02:32:46 |[34;20m INFO     [0m|[34;20m nipype.workflow  [0m|[34;20m [Node] Finished "estimate_hm", elapsed time 1021.172087s.[0m
2026-03-27 02:32:47 |[34;20m INFO     [0m|[34;20m nipype.workflow  [0m|[34;20m [Node] Setting-up "mriqc_wf.funcMRIQC.fMRI_HMC.ComputeFD" in "/local/nvme/ds004996_52.784026/ds/tmp/mriqc_wf/funcMRIQC/fMRI_HMC/cb4fe4065fc05c89fcc260d0cbbae83bb858898b/ComputeFD".[0m
2026-03-27 02:32:47 |[34;20m INFO     [0m|[34;20m nipype.workflow  [0m|[34;20m [Node] Executing "ComputeFD" <nipype.algorithms.confounds.FramewiseDisplacement>[0m
2026-03-27 02:32:47 |[34;20m INFO     [0m|[34;20m nipype.workflow  [0m|[34;20m [Node] Finished "ComputeFD", elapsed time 0.006878s.[0m
2026-03-27 02:33:21 |[34;20m INFO     [0m|[34;20m nipype.workflow  [0m|[34;20m [Node] Finished "estimate_hm", elapsed time 1056.351186s.[0m
2026-03-27 02:33:23 |[34;20m INFO     [0m|[34;20m nipype.workflow  [0m|[34;20m [Node] Setting-up "_apply_hmc0" in "/local/nvme/ds004996_52.784026/ds/tmp/mriqc_wf/funcMRIQC/fMRI_HMC/0a8fb534d8c55cbaed6e9c59fb66a7f0b0790652/apply_hmc/mapflow/_apply_hmc0".[0m
2026-03-27 02:33:23 |[34;20m INFO     [0m|[34;20m nipype.workflow  [0m|[34;20m [Node] Executing "_apply_hmc0" <nipype.interfaces.utility.wrappers.Function>[0m
2026-03-27 02:33:44 |[34;20m INFO     [0m|[34;20m nipype.workflow  [0m|[34;20m [Node] Finished "_apply_hmc0", elapsed time 21.464956s.[0m
2026-03-27 02:33:45 |[34;20m INFO     [0m|[34;20m nipype.workflow  [0m|[34;20m [Node] Setting-up "mriqc_wf.funcMRIQC.fMRI_HMC.ComputeFD" in "/local/nvme/ds004996_52.784026/ds/tmp/mriqc_wf/funcMRIQC/fMRI_HMC/0a8fb534d8c55cbaed6e9c59fb66a7f0b0790652/ComputeFD".[0m
2026-03-27 02:33:45 |[34;20m INFO     [0m|[34;20m nipype.workflow  [0m|[34;20m [Node] Executing "ComputeFD" <nipype.algorithms.confounds.FramewiseDisplacement>[0m
2026-03-27 02:33:45 |[34;20m INFO     [0m|[34;20m nipype.workflow  [0m|[34;20m [Node] Setting-up "_compute_tsnr0" in "/local/nvme/ds004996_52.784026/ds/tmp/mriqc_wf/funcMRIQC/0a8fb534d8c55cbaed6e9c59fb66a7f0b0790652/compute_tsnr/mapflow/_compute_tsnr0".[0m
2026-03-27 02:33:45 |[34;20m INFO     [0m|[34;20m nipype.workflow  [0m|[34;20m [Node] Setting-up "_quality0" in "/local/nvme/ds004996_52.784026/ds/tmp/mriqc_wf/funcMRIQC/ComputeIQMs/0a8fb534d8c55cbaed6e9c59fb66a7f0b0790652/quality/mapflow/_quality0".[0m
2026-03-27 02:33:45 |[34;20m INFO     [0m|[34;20m nipype.workflow  [0m|[34;20m [Node] Executing "_compute_tsnr0" <nipype.algorithms.confounds.TSNR>[0m
2026-03-27 02:33:45 |[34;20m INFO     [0m|[34;20m nipype.workflow  [0m|[34;20m [Node] Executing "_quality0" <nipype.interfaces.afni.preprocess.QualityIndex>[0m
2026-03-27 02:33:45 |[34;20m INFO     [0m|[34;20m nipype.workflow  [0m|[34;20m [Node] Setting-up "_mean0" in "/local/nvme/ds004996_52.784026/ds/tmp/mriqc_wf/funcMRIQC/0a8fb534d8c55cbaed6e9c59fb66a7f0b0790652/mean/mapflow/_mean0".[0m
2026-03-27 02:33:45 |[34;20m INFO     [0m|[34;20m nipype.workflow  [0m|[34;20m [Node] Finished "ComputeFD", elapsed time 0.0072s.[0m
2026-03-27 02:33:45 |[34;20m INFO     [0m|[34;20m nipype.workflow  [0m|[34;20m [Node] Executing "_mean0" <nipype.interfaces.afni.utils.TStat>[0m
2026-03-27 02:33:46 |[34;20m INFO     [0m|[34;20m nipype.workflow  [0m|[34;20m [Node] Finished "_compute_tsnr0", elapsed time 1.58088s.[0m
2026-03-27 02:33:47 |[34;20m INFO     [0m|[34;20m nipype.workflow  [0m|[34;20m [Node] Setting-up "_PlotMosaicSD0" in "/local/nvme/ds004996_52.784026/ds/tmp/mriqc_wf/funcMRIQC/func_report_wf/0a8fb534d8c55cbaed6e9c59fb66a7f0b0790652/PlotMosaicSD/mapflow/_PlotMosaicSD0".[0m
2026-03-27 02:33:47 |[34;20m INFO     [0m|[34;20m nipype.workflow  [0m|[34;20m [Node] Executing "_PlotMosaicSD0" <nireports.interfaces.mosaic.PlotMosaic>[0m
2026-03-27 02:33:47 |[34;20m INFO     [0m|[34;20m nipype.workflow  [0m|[34;20m [Node] Finished "_mean0", elapsed time 2.2794090000000002s.[0m
2026-03-27 02:33:48 |[34;20m INFO     [0m|[34;20m nipype.workflow  [0m|[34;20m [Node] Finished "_PlotMosaicSD0", elapsed time 1.4540250000000001s.[0m
2026-03-27 02:33:49 |[34;20m INFO     [0m|[34;20m nipype.workflow  [0m|[34;20m [Node] Setting-up "mriqc_wf.funcMRIQC.synthstrip_wf.pre_clip" in "/local/nvme/ds004996_52.784026/ds/tmp/mriqc_wf/funcMRIQC/synthstrip_wf/0a8fb534d8c55cbaed6e9c59fb66a7f0b0790652/pre_clip".[0m
2026-03-27 02:33:49 |[34;20m INFO     [0m|[34;20m nipype.workflow  [0m|[34;20m [Node] Setting-up "mriqc_wf.funcMRIQC.SpatialNormalization.SharpenEPI" in "/local/nvme/ds004996_52.784026/ds/tmp/mriqc_wf/funcMRIQC/SpatialNormalization/0a8fb534d8c55cbaed6e9c59fb66a7f0b0790652/SharpenEPI".[0m
2026-03-27 02:33:49 |[34;20m INFO     [0m|[34;20m nipype.workflow  [0m|[34;20m [Node] Executing "pre_clip" <niworkflows.interfaces.nibabel.IntensityClip>[0m
2026-03-27 02:33:49 |[34;20m INFO     [0m|[34;20m nipype.workflow  [0m|[34;20m [Node] Executing "SharpenEPI" <nipype.interfaces.ants.segmentation.N4BiasFieldCorrection>[0m
2026-03-27 02:33:49 |[34;20m INFO     [0m|[34;20m nipype.workflow  [0m|[34;20m [Node] Setting-up "_PlotMosaicMean0" in "/local/nvme/ds004996_52.784026/ds/tmp/mriqc_wf/funcMRIQC/func_report_wf/0a8fb534d8c55cbaed6e9c59fb66a7f0b0790652/PlotMosaicMean/mapflow/_PlotMosaicMean0".[0m
2026-03-27 02:33:49 |[34;20m INFO     [0m|[34;20m nipype.workflow  [0m|[34;20m [Node] Executing "_PlotMosaicMean0" <nireports.interfaces.mosaic.PlotMosaic>[0m
2026-03-27 02:33:49 |[34;20m INFO     [0m|[34;20m nipype.workflow  [0m|[34;20m [Node] Setting-up "_PlotMosaicNoise0" in "/local/nvme/ds004996_52.784026/ds/tmp/mriqc_wf/funcMRIQC/func_report_wf/0a8fb534d8c55cbaed6e9c59fb66a7f0b0790652/PlotMosaicNoise/mapflow/_PlotMosaicNoise0".[0m
2026-03-27 02:33:49 |[34;20m INFO     [0m|[34;20m nipype.workflow  [0m|[34;20m [Node] Executing "_PlotMosaicNoise0" <nireports.interfaces.mosaic.PlotMosaic>[0m
2026-03-27 02:33:49 |[34;20m INFO     [0m|[34;20m nipype.workflow  [0m|[34;20m [Node] Setting-up "_ds_report_stdev0" in "/local/nvme/ds004996_52.784026/ds/tmp/mriqc_wf/funcMRIQC/func_report_wf/0a8fb534d8c55cbaed6e9c59fb66a7f0b0790652/ds_report_stdev/mapflow/_ds_report_stdev0".[0m
2026-03-27 02:33:49 |[34;20m INFO     [0m|[34;20m nipype.workflow  [0m|[34;20m [Node] Executing "_ds_report_stdev0" <mriqc.interfaces.DerivativesDataSink>[0m
2026-03-27 02:33:49 |[34;20m INFO     [0m|[34;20m nipype.workflow  [0m|[34;20m [Node] Finished "_ds_report_stdev0", elapsed time 0.012891s.[0m
2026-03-27 02:33:50 |[34;20m INFO     [0m|[34;20m nipype.workflow  [0m|[34;20m [Node] Finished "pre_clip", elapsed time 0.803527s.[0m
2026-03-27 02:33:50 |[34;20m INFO     [0m|[34;20m nipype.workflow  [0m|[34;20m [Node] Finished "_PlotMosaicNoise0", elapsed time 1.43729s.[0m
2026-03-27 02:33:50 |[34;20m INFO     [0m|[34;20m nipype.workflow  [0m|[34;20m [Node] Finished "_PlotMosaicMean0", elapsed time 1.520904s.[0m
2026-03-27 02:33:51 |[34;20m INFO     [0m|[34;20m nipype.workflow  [0m|[34;20m [Node] Setting-up "_ds_report_mean0" in "/local/nvme/ds004996_52.784026/ds/tmp/mriqc_wf/funcMRIQC/func_report_wf/0a8fb534d8c55cbaed6e9c59fb66a7f0b0790652/ds_report_mean/mapflow/_ds_report_mean0".[0m
2026-03-27 02:33:51 |[34;20m INFO     [0m|[34;20m nipype.workflow  [0m|[34;20m [Node] Executing "_ds_report_mean0" <mriqc.interfaces.DerivativesDataSink>[0m
2026-03-27 02:33:51 |[34;20m INFO     [0m|[34;20m nipype.workflow  [0m|[34;20m [Node] Finished "_ds_report_mean0", elapsed time 0.005316s.[0m
2026-03-27 02:33:51 |[34;20m INFO     [0m|[34;20m nipype.workflow  [0m|[34;20m [Node] Setting-up "_ds_report_background0" in "/local/nvme/ds004996_52.784026/ds/tmp/mriqc_wf/funcMRIQC/func_report_wf/0a8fb534d8c55cbaed6e9c59fb66a7f0b0790652/ds_report_background/mapflow/_ds_report_background0".[0m
2026-03-27 02:33:51 |[34;20m INFO     [0m|[34;20m nipype.workflow  [0m|[34;20m [Node] Executing "_ds_report_background0" <mriqc.interfaces.DerivativesDataSink>[0m
2026-03-27 02:33:51 |[34;20m INFO     [0m|[34;20m nipype.workflow  [0m|[34;20m [Node] Finished "_ds_report_background0", elapsed time 0.005243s.[0m
2026-03-27 02:33:54 |[34;20m INFO     [0m|[34;20m nipype.workflow  [0m|[34;20m [Node] Finished "SharpenEPI", elapsed time 4.554186s.[0m
2026-03-27 02:33:54 |[34;20m INFO     [0m|[34;20m nipype.workflow  [0m|[34;20m [Node] Finished "_quality0", elapsed time 9.181869s.[0m
2026-03-27 02:33:55 |[34;20m INFO     [0m|[34;20m nipype.workflow  [0m|[34;20m [Node] Setting-up "_apply_hmc0" in "/local/nvme/ds004996_52.784026/ds/tmp/mriqc_wf/funcMRIQC/fMRI_HMC/7570e93386b038dbcab33d3dba362f6d0a78adff/apply_hmc/mapflow/_apply_hmc0".[0m
2026-03-27 02:33:55 |[34;20m INFO     [0m|[34;20m nipype.workflow  [0m|[34;20m [Node] Executing "_apply_hmc0" <nipype.interfaces.utility.wrappers.Function>[0m
2026-03-27 02:34:17 |[34;20m INFO     [0m|[34;20m nipype.workflow  [0m|[34;20m [Node] Finished "_apply_hmc0", elapsed time 22.513755s.[0m
2026-03-27 02:34:19 |[34;20m INFO     [0m|[34;20m nipype.workflow  [0m|[34;20m [Node] Setting-up "_apply_hmc0" in "/local/nvme/ds004996_52.784026/ds/tmp/mriqc_wf/funcMRIQC/fMRI_HMC/cb4fe4065fc05c89fcc260d0cbbae83bb858898b/apply_hmc/mapflow/_apply_hmc0".[0m
2026-03-27 02:34:19 |[34;20m INFO     [0m|[34;20m nipype.workflow  [0m|[34;20m [Node] Executing "_apply_hmc0" <nipype.interfaces.utility.wrappers.Function>[0m
2026-03-27 02:34:40 |[34;20m INFO     [0m|[34;20m nipype.workflow  [0m|[34;20m [Node] Finished "_apply_hmc0", elapsed time 21.492318s.[0m
2026-03-27 02:34:41 |[34;20m INFO     [0m|[34;20m nipype.workflow  [0m|[34;20m [Node] Setting-up "_mean0" in "/local/nvme/ds004996_52.784026/ds/tmp/mriqc_wf/funcMRIQC/7570e93386b038dbcab33d3dba362f6d0a78adff/mean/mapflow/_mean0".[0m
2026-03-27 02:34:41 |[34;20m INFO     [0m|[34;20m nipype.workflow  [0m|[34;20m [Node] Setting-up "_compute_tsnr0" in "/local/nvme/ds004996_52.784026/ds/tmp/mriqc_wf/funcMRIQC/7570e93386b038dbcab33d3dba362f6d0a78adff/compute_tsnr/mapflow/_compute_tsnr0".[0m
2026-03-27 02:34:41 |[34;20m INFO     [0m|[34;20m nipype.workflow  [0m|[34;20m [Node] Executing "_compute_tsnr0" <nipype.algorithms.confounds.TSNR>[0m
2026-03-27 02:34:41 |[34;20m INFO     [0m|[34;20m nipype.workflow  [0m|[34;20m [Node] Executing "_mean0" <nipype.interfaces.afni.utils.TStat>[0m
2026-03-27 02:34:41 |[34;20m INFO     [0m|[34;20m nipype.workflow  [0m|[34;20m [Node] Setting-up "_quality0" in "/local/nvme/ds004996_52.784026/ds/tmp/mriqc_wf/funcMRIQC/ComputeIQMs/7570e93386b038dbcab33d3dba362f6d0a78adff/quality/mapflow/_quality0".[0m
2026-03-27 02:34:41 |[34;20m INFO     [0m|[34;20m nipype.workflow  [0m|[34;20m [Node] Setting-up "_mean0" in "/local/nvme/ds004996_52.784026/ds/tmp/mriqc_wf/funcMRIQC/cb4fe4065fc05c89fcc260d0cbbae83bb858898b/mean/mapflow/_mean0".[0m
2026-03-27 02:34:41 |[34;20m INFO     [0m|[34;20m nipype.workflow  [0m|[34;20m [Node] Executing "_quality0" <nipype.interfaces.afni.preprocess.QualityIndex>[0m
2026-03-27 02:34:41 |[34;20m INFO     [0m|[34;20m nipype.workflow  [0m|[34;20m [Node] Executing "_mean0" <nipype.interfaces.afni.utils.TStat>[0m
2026-03-27 02:34:41 |[34;20m INFO     [0m|[34;20m nipype.workflow  [0m|[34;20m [Node] Setting-up "_compute_tsnr0" in "/local/nvme/ds004996_52.784026/ds/tmp/mriqc_wf/funcMRIQC/cb4fe4065fc05c89fcc260d0cbbae83bb858898b/compute_tsnr/mapflow/_compute_tsnr0".[0m
2026-03-27 02:34:41 |[34;20m INFO     [0m|[34;20m nipype.workflow  [0m|[34;20m [Node] Setting-up "_quality0" in "/local/nvme/ds004996_52.784026/ds/tmp/mriqc_wf/funcMRIQC/ComputeIQMs/cb4fe4065fc05c89fcc260d0cbbae83bb858898b/quality/mapflow/_quality0".[0m
2026-03-27 02:34:41 |[34;20m INFO     [0m|[34;20m nipype.workflow  [0m|[34;20m [Node] Executing "_compute_tsnr0" <nipype.algorithms.confounds.TSNR>[0m
2026-03-27 02:34:41 |[34;20m INFO     [0m|[34;20m nipype.workflow  [0m|[34;20m [Node] Executing "_quality0" <nipype.interfaces.afni.preprocess.QualityIndex>[0m
2026-03-27 02:34:43 |[34;20m INFO     [0m|[34;20m nipype.workflow  [0m|[34;20m [Node] Finished "_compute_tsnr0", elapsed time 2.259858s.[0m
2026-03-27 02:34:43 |[34;20m INFO     [0m|[34;20m nipype.workflow  [0m|[34;20m [Node] Finished "_mean0", elapsed time 2.571018s.[0m
2026-03-27 02:34:43 |[34;20m INFO     [0m|[34;20m nipype.workflow  [0m|[34;20m [Node] Finished "_mean0", elapsed time 2.6225870000000002s.[0m
2026-03-27 02:34:44 |[34;20m INFO     [0m|[34;20m nipype.workflow  [0m|[34;20m [Node] Finished "_compute_tsnr0", elapsed time 3.468919s.[0m
2026-03-27 02:34:45 |[34;20m INFO     [0m|[34;20m nipype.workflow  [0m|[34;20m [Node] Setting-up "mriqc_wf.funcMRIQC.synthstrip_wf.pre_clip" in "/local/nvme/ds004996_52.784026/ds/tmp/mriqc_wf/funcMRIQC/synthstrip_wf/7570e93386b038dbcab33d3dba362f6d0a78adff/pre_clip".[0m
2026-03-27 02:34:45 |[34;20m INFO     [0m|[34;20m nipype.workflow  [0m|[34;20m [Node] Setting-up "mriqc_wf.funcMRIQC.SpatialNormalization.SharpenEPI" in "/local/nvme/ds004996_52.784026/ds/tmp/mriqc_wf/funcMRIQC/SpatialNormalization/7570e93386b038dbcab33d3dba362f6d0a78adff/SharpenEPI".[0m
2026-03-27 02:34:45 |[34;20m INFO     [0m|[34;20m nipype.workflow  [0m|[34;20m [Node] Executing "pre_clip" <niworkflows.interfaces.nibabel.IntensityClip>[0m
2026-03-27 02:34:45 |[34;20m INFO     [0m|[34;20m nipype.workflow  [0m|[34;20m [Node] Executing "SharpenEPI" <nipype.interfaces.ants.segmentation.N4BiasFieldCorrection>[0m
2026-03-27 02:34:45 |[34;20m INFO     [0m|[34;20m nipype.workflow  [0m|[34;20m [Node] Setting-up "mriqc_wf.funcMRIQC.synthstrip_wf.pre_clip" in "/local/nvme/ds004996_52.784026/ds/tmp/mriqc_wf/funcMRIQC/synthstrip_wf/cb4fe4065fc05c89fcc260d0cbbae83bb858898b/pre_clip".[0m
2026-03-27 02:34:45 |[34;20m INFO     [0m|[34;20m nipype.workflow  [0m|[34;20m [Node] Setting-up "_PlotMosaicMean0" in "/local/nvme/ds004996_52.784026/ds/tmp/mriqc_wf/funcMRIQC/func_report_wf/7570e93386b038dbcab33d3dba362f6d0a78adff/PlotMosaicMean/mapflow/_PlotMosaicMean0".[0m
2026-03-27 02:34:45 |[34;20m INFO     [0m|[34;20m nipype.workflow  [0m|[34;20m [Node] Setting-up "_PlotMosaicSD0" in "/local/nvme/ds004996_52.784026/ds/tmp/mriqc_wf/funcMRIQC/func_report_wf/7570e93386b038dbcab33d3dba362f6d0a78adff/PlotMosaicSD/mapflow/_PlotMosaicSD0".[0m
2026-03-27 02:34:45 |[34;20m INFO     [0m|[34;20m nipype.workflow  [0m|[34;20m [Node] Executing "pre_clip" <niworkflows.interfaces.nibabel.IntensityClip>[0m
2026-03-27 02:34:45 |[34;20m INFO     [0m|[34;20m nipype.workflow  [0m|[34;20m [Node] Executing "_PlotMosaicMean0" <nireports.interfaces.mosaic.PlotMosaic>[0m
2026-03-27 02:34:45 |[34;20m INFO     [0m|[34;20m nipype.workflow  [0m|[34;20m [Node] Setting-up "_PlotMosaicNoise0" in "/local/nvme/ds004996_52.784026/ds/tmp/mriqc_wf/funcMRIQC/func_report_wf/7570e93386b038dbcab33d3dba362f6d0a78adff/PlotMosaicNoise/mapflow/_PlotMosaicNoise0".[0m
2026-03-27 02:34:45 |[34;20m INFO     [0m|[34;20m nipype.workflow  [0m|[34;20m [Node] Executing "_PlotMosaicSD0" <nireports.interfaces.mosaic.PlotMosaic>[0m
2026-03-27 02:34:45 |[34;20m INFO     [0m|[34;20m nipype.workflow  [0m|[34;20m [Node] Executing "_PlotMosaicNoise0" <nireports.interfaces.mosaic.PlotMosaic>[0m
2026-03-27 02:34:46 |[34;20m INFO     [0m|[34;20m nipype.workflow  [0m|[34;20m [Node] Finished "pre_clip", elapsed time 0.797441s.[0m
2026-03-27 02:34:46 |[34;20m INFO     [0m|[34;20m nipype.workflow  [0m|[34;20m [Node] Finished "pre_clip", elapsed time 0.834896s.[0m
2026-03-27 02:34:46 |[34;20m INFO     [0m|[34;20m nipype.workflow  [0m|[34;20m [Node] Finished "_PlotMosaicNoise0", elapsed time 1.618825s.[0m
2026-03-27 02:34:47 |[34;20m INFO     [0m|[34;20m nipype.workflow  [0m|[34;20m [Node] Finished "_PlotMosaicSD0", elapsed time 1.806398s.[0m
2026-03-27 02:34:47 |[34;20m INFO     [0m|[34;20m nipype.workflow  [0m|[34;20m [Node] Finished "_PlotMosaicMean0", elapsed time 1.832163s.[0m
2026-03-27 02:34:47 |[34;20m INFO     [0m|[34;20m nipype.workflow  [0m|[34;20m [Node] Setting-up "mriqc_wf.funcMRIQC.SpatialNormalization.SharpenEPI" in "/local/nvme/ds004996_52.784026/ds/tmp/mriqc_wf/funcMRIQC/SpatialNormalization/cb4fe4065fc05c89fcc260d0cbbae83bb858898b/SharpenEPI".[0m
2026-03-27 02:34:47 |[34;20m INFO     [0m|[34;20m nipype.workflow  [0m|[34;20m [Node] Setting-up "_PlotMosaicNoise0" in "/local/nvme/ds004996_52.784026/ds/tmp/mriqc_wf/funcMRIQC/func_report_wf/cb4fe4065fc05c89fcc260d0cbbae83bb858898b/PlotMosaicNoise/mapflow/_PlotMosaicNoise0".[0m
2026-03-27 02:34:47 |[34;20m INFO     [0m|[34;20m nipype.workflow  [0m|[34;20m [Node] Setting-up "_PlotMosaicMean0" in "/local/nvme/ds004996_52.784026/ds/tmp/mriqc_wf/funcMRIQC/func_report_wf/cb4fe4065fc05c89fcc260d0cbbae83bb858898b/PlotMosaicMean/mapflow/_PlotMosaicMean0".[0m
2026-03-27 02:34:47 |[34;20m INFO     [0m|[34;20m nipype.workflow  [0m|[34;20m [Node] Executing "_PlotMosaicNoise0" <nireports.interfaces.mosaic.PlotMosaic>[0m
2026-03-27 02:34:47 |[34;20m INFO     [0m|[34;20m nipype.workflow  [0m|[34;20m [Node] Executing "SharpenEPI" <nipype.interfaces.ants.segmentation.N4BiasFieldCorrection>[0m
2026-03-27 02:34:47 |[34;20m INFO     [0m|[34;20m nipype.workflow  [0m|[34;20m [Node] Executing "_PlotMosaicMean0" <nireports.interfaces.mosaic.PlotMosaic>[0m
2026-03-27 02:34:47 |[34;20m INFO     [0m|[34;20m nipype.workflow  [0m|[34;20m [Node] Setting-up "_PlotMosaicSD0" in "/local/nvme/ds004996_52.784026/ds/tmp/mriqc_wf/funcMRIQC/func_report_wf/cb4fe4065fc05c89fcc260d0cbbae83bb858898b/PlotMosaicSD/mapflow/_PlotMosaicSD0".[0m
2026-03-27 02:34:47 |[34;20m INFO     [0m|[34;20m nipype.workflow  [0m|[34;20m [Node] Executing "_PlotMosaicSD0" <nireports.interfaces.mosaic.PlotMosaic>[0m
2026-03-27 02:34:47 |[34;20m INFO     [0m|[34;20m nipype.workflow  [0m|[34;20m [Node] Setting-up "_ds_report_mean0" in "/local/nvme/ds004996_52.784026/ds/tmp/mriqc_wf/funcMRIQC/func_report_wf/7570e93386b038dbcab33d3dba362f6d0a78adff/ds_report_mean/mapflow/_ds_report_mean0".[0m
2026-03-27 02:34:47 |[34;20m INFO     [0m|[34;20m nipype.workflow  [0m|[34;20m [Node] Executing "_ds_report_mean0" <mriqc.interfaces.DerivativesDataSink>[0m
2026-03-27 02:34:47 |[34;20m INFO     [0m|[34;20m nipype.workflow  [0m|[34;20m [Node] Finished "_ds_report_mean0", elapsed time 0.008175s.[0m
2026-03-27 02:34:47 |[34;20m INFO     [0m|[34;20m nipype.workflow  [0m|[34;20m [Node] Setting-up "_ds_report_background0" in "/local/nvme/ds004996_52.784026/ds/tmp/mriqc_wf/funcMRIQC/func_report_wf/7570e93386b038dbcab33d3dba362f6d0a78adff/ds_report_background/mapflow/_ds_report_background0".[0m
2026-03-27 02:34:47 |[34;20m INFO     [0m|[34;20m nipype.workflow  [0m|[34;20m [Node] Executing "_ds_report_background0" <mriqc.interfaces.DerivativesDataSink>[0m
2026-03-27 02:34:47 |[34;20m INFO     [0m|[34;20m nipype.workflow  [0m|[34;20m [Node] Finished "_ds_report_background0", elapsed time 0.008362s.[0m
2026-03-27 02:34:47 |[34;20m INFO     [0m|[34;20m nipype.workflow  [0m|[34;20m [Node] Setting-up "_ds_report_stdev0" in "/local/nvme/ds004996_52.784026/ds/tmp/mriqc_wf/funcMRIQC/func_report_wf/7570e93386b038dbcab33d3dba362f6d0a78adff/ds_report_stdev/mapflow/_ds_report_stdev0".[0m
2026-03-27 02:34:47 |[34;20m INFO     [0m|[34;20m nipype.workflow  [0m|[34;20m [Node] Executing "_ds_report_stdev0" <mriqc.interfaces.DerivativesDataSink>[0m
2026-03-27 02:34:47 |[34;20m INFO     [0m|[34;20m nipype.workflow  [0m|[34;20m [Node] Finished "_ds_report_stdev0", elapsed time 0.007414s.[0m
2026-03-27 02:34:49 |[34;20m INFO     [0m|[34;20m nipype.workflow  [0m|[34;20m [Node] Finished "_PlotMosaicMean0", elapsed time 2.097979s.[0m
2026-03-27 02:34:49 |[34;20m INFO     [0m|[34;20m nipype.workflow  [0m|[34;20m [Node] Finished "_PlotMosaicNoise0", elapsed time 2.687569s.[0m
2026-03-27 02:34:50 |[34;20m INFO     [0m|[34;20m nipype.workflow  [0m|[34;20m [Node] Finished "_PlotMosaicSD0", elapsed time 2.790855s.[0m
2026-03-27 02:34:50 |[34;20m INFO     [0m|[34;20m nipype.workflow  [0m|[34;20m [Node] Finished "SharpenEPI", elapsed time 4.950686s.[0m
2026-03-27 02:34:51 |[34;20m INFO     [0m|[34;20m nipype.workflow  [0m|[34;20m [Node] Finished "_quality0", elapsed time 9.883865s.[0m
2026-03-27 02:34:51 |[34;20m INFO     [0m|[34;20m nipype.workflow  [0m|[34;20m [Node] Setting-up "_ds_report_mean0" in "/local/nvme/ds004996_52.784026/ds/tmp/mriqc_wf/funcMRIQC/func_report_wf/cb4fe4065fc05c89fcc260d0cbbae83bb858898b/ds_report_mean/mapflow/_ds_report_mean0".[0m
2026-03-27 02:34:51 |[34;20m INFO     [0m|[34;20m nipype.workflow  [0m|[34;20m [Node] Executing "_ds_report_mean0" <mriqc.interfaces.DerivativesDataSink>[0m
2026-03-27 02:34:51 |[34;20m INFO     [0m|[34;20m nipype.workflow  [0m|[34;20m [Node] Finished "_ds_report_mean0", elapsed time 0.005852s.[0m
2026-03-27 02:34:51 |[34;20m INFO     [0m|[34;20m nipype.workflow  [0m|[34;20m [Node] Finished "_quality0", elapsed time 10.149833s.[0m
2026-03-27 02:34:51 |[34;20m INFO     [0m|[34;20m nipype.workflow  [0m|[34;20m [Node] Setting-up "_ds_report_background0" in "/local/nvme/ds004996_52.784026/ds/tmp/mriqc_wf/funcMRIQC/func_report_wf/cb4fe4065fc05c89fcc260d0cbbae83bb858898b/ds_report_background/mapflow/_ds_report_background0".[0m
2026-03-27 02:34:51 |[34;20m INFO     [0m|[34;20m nipype.workflow  [0m|[34;20m [Node] Executing "_ds_report_background0" <mriqc.interfaces.DerivativesDataSink>[0m
2026-03-27 02:34:51 |[34;20m INFO     [0m|[34;20m nipype.workflow  [0m|[34;20m [Node] Finished "_ds_report_background0", elapsed time 0.0054s.[0m
2026-03-27 02:34:51 |[34;20m INFO     [0m|[34;20m nipype.workflow  [0m|[34;20m [Node] Setting-up "_ds_report_stdev0" in "/local/nvme/ds004996_52.784026/ds/tmp/mriqc_wf/funcMRIQC/func_report_wf/cb4fe4065fc05c89fcc260d0cbbae83bb858898b/ds_report_stdev/mapflow/_ds_report_stdev0".[0m
2026-03-27 02:34:51 |[34;20m INFO     [0m|[34;20m nipype.workflow  [0m|[34;20m [Node] Executing "_ds_report_stdev0" <mriqc.interfaces.DerivativesDataSink>[0m
2026-03-27 02:34:51 |[34;20m INFO     [0m|[34;20m nipype.workflow  [0m|[34;20m [Node] Finished "_ds_report_stdev0", elapsed time 0.005382s.[0m
2026-03-27 02:34:52 |[34;20m INFO     [0m|[34;20m nipype.workflow  [0m|[34;20m [Node] Finished "SharpenEPI", elapsed time 4.8584119999999995s.[0m
2026-03-27 02:34:53 |[34;20m INFO     [0m|[34;20m nipype.workflow  [0m|[34;20m [Node] Setting-up "mriqc_wf.funcMRIQC.synthstrip_wf.pre_n4" in "/local/nvme/ds004996_52.784026/ds/tmp/mriqc_wf/funcMRIQC/synthstrip_wf/0a8fb534d8c55cbaed6e9c59fb66a7f0b0790652/pre_n4".[0m
2026-03-27 02:34:53 |[34;20m INFO     [0m|[34;20m nipype.workflow  [0m|[34;20m [Node] Executing "pre_n4" <nipype.interfaces.ants.segmentation.N4BiasFieldCorrection>[0m
2026-03-27 02:34:54 |[34;20m INFO     [0m|[34;20m nipype.workflow  [0m|[34;20m [Node] Finished "pre_n4", elapsed time 1.428421s.[0m
2026-03-27 02:34:55 |[34;20m INFO     [0m|[34;20m nipype.workflow  [0m|[34;20m [Node] Setting-up "mriqc_wf.funcMRIQC.synthstrip_wf.pre_n4" in "/local/nvme/ds004996_52.784026/ds/tmp/mriqc_wf/funcMRIQC/synthstrip_wf/7570e93386b038dbcab33d3dba362f6d0a78adff/pre_n4".[0m
2026-03-27 02:34:55 |[34;20m INFO     [0m|[34;20m nipype.workflow  [0m|[34;20m [Node] Executing "pre_n4" <nipype.interfaces.ants.segmentation.N4BiasFieldCorrection>[0m
2026-03-27 02:34:56 |[34;20m INFO     [0m|[34;20m nipype.workflow  [0m|[34;20m [Node] Finished "pre_n4", elapsed time 1.307026s.[0m
2026-03-27 02:34:57 |[34;20m INFO     [0m|[34;20m nipype.workflow  [0m|[34;20m [Node] Setting-up "mriqc_wf.funcMRIQC.synthstrip_wf.pre_n4" in "/local/nvme/ds004996_52.784026/ds/tmp/mriqc_wf/funcMRIQC/synthstrip_wf/cb4fe4065fc05c89fcc260d0cbbae83bb858898b/pre_n4".[0m
2026-03-27 02:34:57 |[34;20m INFO     [0m|[34;20m nipype.workflow  [0m|[34;20m [Node] Executing "pre_n4" <nipype.interfaces.ants.segmentation.N4BiasFieldCorrection>[0m
2026-03-27 02:34:58 |[34;20m INFO     [0m|[34;20m nipype.workflow  [0m|[34;20m [Node] Finished "pre_n4", elapsed time 1.305402s.[0m
2026-03-27 02:34:59 |[34;20m INFO     [0m|[34;20m nipype.workflow  [0m|[34;20m [Node] Setting-up "mriqc_wf.funcMRIQC.synthstrip_wf.synthstrip" in "/local/nvme/ds004996_52.784026/ds/tmp/mriqc_wf/funcMRIQC/synthstrip_wf/0a8fb534d8c55cbaed6e9c59fb66a7f0b0790652/synthstrip".[0m
2026-03-27 02:34:59 |[34;20m INFO     [0m|[34;20m nipype.workflow  [0m|[34;20m [Node] Executing "synthstrip" <mriqc.interfaces.synthstrip.SynthStrip>[0m
2026-03-27 02:35:20 |[34;20m INFO     [0m|[34;20m nipype.workflow  [0m|[34;20m [Node] Finished "synthstrip", elapsed time 20.93291s.[0m
2026-03-27 02:35:21 |[34;20m INFO     [0m|[34;20m nipype.workflow  [0m|[34;20m [Node] Setting-up "mriqc_wf.funcMRIQC.synthstrip_wf.synthstrip" in "/local/nvme/ds004996_52.784026/ds/tmp/mriqc_wf/funcMRIQC/synthstrip_wf/7570e93386b038dbcab33d3dba362f6d0a78adff/synthstrip".[0m
2026-03-27 02:35:21 |[34;20m INFO     [0m|[34;20m nipype.workflow  [0m|[34;20m [Node] Executing "synthstrip" <mriqc.interfaces.synthstrip.SynthStrip>[0m
2026-03-27 02:35:40 |[34;20m INFO     [0m|[34;20m nipype.workflow  [0m|[34;20m [Node] Finished "synthstrip", elapsed time 19.196696s.[0m
2026-03-27 02:35:41 |[34;20m INFO     [0m|[34;20m nipype.workflow  [0m|[34;20m [Node] Setting-up "mriqc_wf.funcMRIQC.synthstrip_wf.synthstrip" in "/local/nvme/ds004996_52.784026/ds/tmp/mriqc_wf/funcMRIQC/synthstrip_wf/cb4fe4065fc05c89fcc260d0cbbae83bb858898b/synthstrip".[0m
2026-03-27 02:35:41 |[34;20m INFO     [0m|[34;20m nipype.workflow  [0m|[34;20m [Node] Executing "synthstrip" <mriqc.interfaces.synthstrip.SynthStrip>[0m
2026-03-27 02:36:00 |[34;20m INFO     [0m|[34;20m nipype.workflow  [0m|[34;20m [Node] Finished "synthstrip", elapsed time 18.910699s.[0m
2026-03-27 02:36:01 |[34;20m INFO     [0m|[34;20m nipype.workflow  [0m|[34;20m [Node] Setting-up "mriqc_wf.funcMRIQC.synthstrip_wf.post_n4" in "/local/nvme/ds004996_52.784026/ds/tmp/mriqc_wf/funcMRIQC/synthstrip_wf/0a8fb534d8c55cbaed6e9c59fb66a7f0b0790652/post_n4".[0m
2026-03-27 02:36:01 |[34;20m INFO     [0m|[34;20m nipype.workflow  [0m|[34;20m [Node] Executing "post_n4" <nipype.interfaces.ants.segmentation.N4BiasFieldCorrection>[0m
2026-03-27 02:36:02 |[34;20m INFO     [0m|[34;20m nipype.workflow  [0m|[34;20m [Node] Finished "post_n4", elapsed time 0.949865s.[0m
2026-03-27 02:36:03 |[34;20m INFO     [0m|[34;20m nipype.workflow  [0m|[34;20m [Node] Setting-up "mriqc_wf.funcMRIQC.SpatialNormalization.EPI2MNI" in "/local/nvme/ds004996_52.784026/ds/tmp/mriqc_wf/funcMRIQC/SpatialNormalization/0a8fb534d8c55cbaed6e9c59fb66a7f0b0790652/EPI2MNI".[0m
2026-03-27 02:36:03 |[34;20m INFO     [0m|[34;20m nipype.workflow  [0m|[34;20m [Node] Executing "EPI2MNI" <niworkflows.interfaces.reportlets.registration.SpatialNormalizationRPT>[0m
2026-03-27 02:36:03 |[34;20m INFO     [0m|[34;20m niworkflows      [0m|[34;20m Estimating initial transform using AffineInitializer[0m
2026-03-27 02:36:08 |[34;20m INFO     [0m|[34;20m niworkflows      [0m|[34;20m Terminal outputs of initialization saved (/local/nvme/ds004996_52.784026/ds/tmp/mriqc_wf/funcMRIQC/SpatialNormalization/0a8fb534d8c55cbaed6e9c59fb66a7f0b0790652/EPI2MNI/stderr.nipype-init).[0m
2026-03-27 02:36:08 |[34;20m INFO     [0m|[34;20m niworkflows      [0m|[34;20m Loading settings from file /opt/conda/lib/python3.11/site-packages/niworkflows/data/boldref-mni_registration_precise_000.json.[0m
2026-03-27 02:36:08 |[34;20m INFO     [0m|[34;20m niworkflows      [0m|[34;20m Retry #1, commandline: 
antsRegistration --collapse-output-transforms 1 --dimensionality 3 --float 0 --initial-moving-transform [ /local/nvme/ds004996_52.784026/ds/tmp/mriqc_wf/funcMRIQC/SpatialNormalization/0a8fb534d8c55cbaed6e9c59fb66a7f0b0790652/EPI2MNI/transform.mat, 0 ] --initialize-transforms-per-stage 0 --interpolation LanczosWindowedSinc --output [ epi_to_mni, epi_to_mni_Warped.nii.gz ] --transform Rigid[ 0.05 ] --metric Mattes[ /templateflow/tpl-MNI152NLin2009cAsym/tpl-MNI152NLin2009cAsym_res-02_desc-fMRIPrep_boldref.nii.gz, /local/nvme/ds004996_52.784026/ds/tmp/mriqc_wf/funcMRIQC/SpatialNormalization/0a8fb534d8c55cbaed6e9c59fb66a7f0b0790652/SharpenEPI/sub-52_task-conversation_run-01_desc-realigned_bold_tstat_corrected.nii.gz, 1, 56, Regular, 0.25 ] --convergence [ 10000x1000x100, 1e-06, 20 ] --smoothing-sigmas 4.0x2.0x1.0vox --shrink-factors 4x2x1 --use-histogram-matching 1 --masks [ /templateflow/tpl-MNI152NLin2009cAsym/tpl-MNI152NLin2009cAsym_res-02_desc-brain_mask.nii.gz, /local/nvme/ds004996_52.784026/ds/tmp/mriqc_wf/funcMRIQC/synthstrip_wf/0a8fb534d8c55cbaed6e9c59fb66a7f0b0790652/synthstrip/clipped_corrected_desc-brain_mask.nii.gz ] --transform Affine[ 0.08 ] --metric Mattes[ /templateflow/tpl-MNI152NLin2009cAsym/tpl-MNI152NLin2009cAsym_res-02_desc-fMRIPrep_boldref.nii.gz, /local/nvme/ds004996_52.784026/ds/tmp/mriqc_wf/funcMRIQC/SpatialNormalization/0a8fb534d8c55cbaed6e9c59fb66a7f0b0790652/SharpenEPI/sub-52_task-conversation_run-01_desc-realigned_bold_tstat_corrected.nii.gz, 1, 56, Regular, 0.25 ] --convergence [ 500x250x100, 1e-06, 20 ] --smoothing-sigmas 4.0x2.0x1.0vox --shrink-factors 8x4x2 --use-histogram-matching 1 --masks [ /templateflow/tpl-MNI152NLin2009cAsym/tpl-MNI152NLin2009cAsym_res-02_desc-brain_mask.nii.gz, /local/nvme/ds004996_52.784026/ds/tmp/mriqc_wf/funcMRIQC/synthstrip_wf/0a8fb534d8c55cbaed6e9c59fb66a7f0b0790652/synthstrip/clipped_corrected_desc-brain_mask.nii.gz ] --transform SyN[ 0.1, 3.0, 0.0 ] --metric CC[ /templateflow/tpl-MNI152NLin2009cAsym/tpl-MNI152NLin2009cAsym_res-02_desc-fMRIPrep_boldref.nii.gz, /local/nvme/ds004996_52.784026/ds/tmp/mriqc_wf/funcMRIQC/SpatialNormalization/0a8fb534d8c55cbaed6e9c59fb66a7f0b0790652/SharpenEPI/sub-52_task-conversation_run-01_desc-realigned_bold_tstat_corrected.nii.gz, 1, 4, None, 1 ] --convergence [ 100x30x20, 1e-06, 10 ] --smoothing-sigmas 3.0x2.0x1.0vox --shrink-factors 8x4x2 --use-histogram-matching 1 --masks [ /templateflow/tpl-MNI152NLin2009cAsym/tpl-MNI152NLin2009cAsym_res-02_desc-brain_mask.nii.gz, /local/nvme/ds004996_52.784026/ds/tmp/mriqc_wf/funcMRIQC/synthstrip_wf/0a8fb534d8c55cbaed6e9c59fb66a7f0b0790652/synthstrip/clipped_corrected_desc-brain_mask.nii.gz ] --winsorize-image-intensities [ 0.005, 0.995 ]  --write-composite-transform 1[0m
2026-03-27 02:36:20 |[34;20m INFO     [0m|[34;20m niworkflows      [0m|[34;20m Successful spatial normalization (retry #1).[0m
2026-03-27 02:36:20 |[34;20m INFO     [0m|[34;20m niworkflows      [0m|[34;20m Report - setting fixed (/templateflow/tpl-MNI152NLin2009cAsym/tpl-MNI152NLin2009cAsym_res-02_desc-fMRIPrep_boldref.nii.gz) and moving (/local/nvme/ds004996_52.784026/ds/tmp/mriqc_wf/funcMRIQC/SpatialNormalization/0a8fb534d8c55cbaed6e9c59fb66a7f0b0790652/EPI2MNI/epi_to_mni_Warped.nii.gz) images[0m
2026-03-27 02:36:20 |[34;20m INFO     [0m|[34;20m niworkflows      [0m|[34;20m Generating visual report[0m
2026-03-27 02:36:37 |[34;20m INFO     [0m|[34;20m nipype.workflow  [0m|[34;20m [Node] Finished "EPI2MNI", elapsed time 33.774879s.[0m
2026-03-27 02:36:37 |[34;20m INFO     [0m|[34;20m nipype.workflow  [0m|[34;20m [Node] Setting-up "mriqc_wf.funcMRIQC.func_report_wf.dilated_mask" in "/local/nvme/ds004996_52.784026/ds/tmp/mriqc_wf/funcMRIQC/func_report_wf/0a8fb534d8c55cbaed6e9c59fb66a7f0b0790652/dilated_mask".[0m
2026-03-27 02:36:37 |[34;20m INFO     [0m|[34;20m nipype.workflow  [0m|[34;20m [Node] Setting-up "_smoothness0" in "/local/nvme/ds004996_52.784026/ds/tmp/mriqc_wf/funcMRIQC/ComputeIQMs/0a8fb534d8c55cbaed6e9c59fb66a7f0b0790652/smoothness/mapflow/_smoothness0".[0m
2026-03-27 02:36:37 |[34;20m INFO     [0m|[34;20m nipype.workflow  [0m|[34;20m [Node] Setting-up "mriqc_wf.funcMRIQC.func_report_wf.PlotBrainmask" in "/local/nvme/ds004996_52.784026/ds/tmp/mriqc_wf/funcMRIQC/func_report_wf/0a8fb534d8c55cbaed6e9c59fb66a7f0b0790652/PlotBrainmask".[0m
2026-03-27 02:36:37 |[34;20m INFO     [0m|[34;20m nipype.workflow  [0m|[34;20m [Node] Setting-up "_outliers0" in "/local/nvme/ds004996_52.784026/ds/tmp/mriqc_wf/funcMRIQC/ComputeIQMs/0a8fb534d8c55cbaed6e9c59fb66a7f0b0790652/outliers/mapflow/_outliers0".[0m
2026-03-27 02:36:37 |[34;20m INFO     [0m|[34;20m nipype.workflow  [0m|[34;20m [Node] Executing "dilated_mask" <niworkflows.interfaces.morphology.BinaryDilation>[0m
2026-03-27 02:36:37 |[34;20m INFO     [0m|[34;20m nipype.workflow  [0m|[34;20m [Node] Executing "_smoothness0" <nipype.interfaces.afni.utils.FWHMx>[0m
2026-03-27 02:36:37 |[34;20m INFO     [0m|[34;20m nipype.workflow  [0m|[34;20m [Node] Setting-up "_gcor0" in "/local/nvme/ds004996_52.784026/ds/tmp/mriqc_wf/funcMRIQC/ComputeIQMs/0a8fb534d8c55cbaed6e9c59fb66a7f0b0790652/gcor/mapflow/_gcor0".[0m
2026-03-27 02:36:37 |[34;20m INFO     [0m|[34;20m nipype.workflow  [0m|[34;20m [Node] Executing "PlotBrainmask" <nireports.interfaces.mosaic.PlotContours>[0m
2026-03-27 02:36:37 |[34;20m INFO     [0m|[34;20m nipype.workflow  [0m|[34;20m [Node] Executing "_outliers0" <nipype.interfaces.afni.preprocess.OutlierCount>[0m
2026-03-27 02:36:37 |[34;20m INFO     [0m|[34;20m nipype.workflow  [0m|[34;20m [Node] Setting-up "_PlotMosaicZoomed0" in "/local/nvme/ds004996_52.784026/ds/tmp/mriqc_wf/funcMRIQC/func_report_wf/0a8fb534d8c55cbaed6e9c59fb66a7f0b0790652/PlotMosaicZoomed/mapflow/_PlotMosaicZoomed0".[0m
2026-03-27 02:36:37 |[34;20m INFO     [0m|[34;20m nipype.workflow  [0m|[34;20m [Node] Executing "_gcor0" <mriqc.interfaces.transitional.GCOR>[0m
2026-03-27 02:36:37 |[34;20m INFO     [0m|[34;20m nipype.workflow  [0m|[34;20m [Node] Executing "_PlotMosaicZoomed0" <nireports.interfaces.mosaic.PlotMosaic>[0m
2026-03-27 02:36:37 |[34;20m INFO     [0m|[34;20m nipype.workflow  [0m|[34;20m [Node] Setting-up "_ComputeDVARS0" in "/local/nvme/ds004996_52.784026/ds/tmp/mriqc_wf/funcMRIQC/ComputeIQMs/7570e93386b038dbcab33d3dba362f6d0a78adff/ComputeDVARS/mapflow/_ComputeDVARS0".[0m
2026-03-27 02:36:37 |[34;20m INFO     [0m|[34;20m nipype.workflow  [0m|[34;20m [Node] Setting-up "_ComputeDVARS0" in "/local/nvme/ds004996_52.784026/ds/tmp/mriqc_wf/funcMRIQC/ComputeIQMs/0a8fb534d8c55cbaed6e9c59fb66a7f0b0790652/ComputeDVARS/mapflow/_ComputeDVARS0".[0m
2026-03-27 02:36:37 |[34;20m INFO     [0m|[34;20m nipype.workflow  [0m|[34;20m [Node] Executing "_ComputeDVARS0" <nipype.algorithms.confounds.ComputeDVARS>[0m
2026-03-27 02:36:37 |[34;20m INFO     [0m|[34;20m nipype.workflow  [0m|[34;20m [Node] Executing "_ComputeDVARS0" <nipype.algorithms.confounds.ComputeDVARS>[0m
2026-03-27 02:36:37 |[34;20m INFO     [0m|[34;20m nipype.workflow  [0m|[34;20m [Node] Finished "dilated_mask", elapsed time 0.051958s.[0m
2026-03-27 02:36:37 |[34;20m INFO     [0m|[34;20m nipype.workflow  [0m|[34;20m [Node] Finished "_smoothness0", elapsed time 0.633997s.[0m
2026-03-27 02:36:38 |[34;20m INFO     [0m|[34;20m nipype.workflow  [0m|[34;20m [Node] Finished "_PlotMosaicZoomed0", elapsed time 1.424641s.[0m
2026-03-27 02:36:38 |[34;20m INFO     [0m|[34;20m nipype.workflow  [0m|[34;20m [Node] Finished "PlotBrainmask", elapsed time 1.433891s.[0m
2026-03-27 02:36:39 |[34;20m INFO     [0m|[34;20m nipype.workflow  [0m|[34;20m [Node] Setting-up "mriqc_wf.funcMRIQC.func_report_wf.dilated_mask" in "/local/nvme/ds004996_52.784026/ds/tmp/mriqc_wf/funcMRIQC/func_report_wf/7570e93386b038dbcab33d3dba362f6d0a78adff/dilated_mask".[0m
2026-03-27 02:36:39 |[34;20m INFO     [0m|[34;20m nipype.workflow  [0m|[34;20m [Node] Setting-up "_outliers0" in "/local/nvme/ds004996_52.784026/ds/tmp/mriqc_wf/funcMRIQC/ComputeIQMs/7570e93386b038dbcab33d3dba362f6d0a78adff/outliers/mapflow/_outliers0".[0m
2026-03-27 02:36:39 |[34;20m INFO     [0m|[34;20m nipype.workflow  [0m|[34;20m [Node] Setting-up "_smoothness0" in "/local/nvme/ds004996_52.784026/ds/tmp/mriqc_wf/funcMRIQC/ComputeIQMs/7570e93386b038dbcab33d3dba362f6d0a78adff/smoothness/mapflow/_smoothness0".[0m
2026-03-27 02:36:39 |[34;20m INFO     [0m|[34;20m nipype.workflow  [0m|[34;20m [Node] Executing "dilated_mask" <niworkflows.interfaces.morphology.BinaryDilation>[0m
2026-03-27 02:36:39 |[34;20m INFO     [0m|[34;20m nipype.workflow  [0m|[34;20m [Node] Executing "_outliers0" <nipype.interfaces.afni.preprocess.OutlierCount>[0m
2026-03-27 02:36:39 |[34;20m INFO     [0m|[34;20m nipype.workflow  [0m|[34;20m [Node] Setting-up "_gcor0" in "/local/nvme/ds004996_52.784026/ds/tmp/mriqc_wf/funcMRIQC/ComputeIQMs/7570e93386b038dbcab33d3dba362f6d0a78adff/gcor/mapflow/_gcor0".[0m
2026-03-27 02:36:39 |[34;20m INFO     [0m|[34;20m nipype.workflow  [0m|[34;20m [Node] Executing "_smoothness0" <nipype.interfaces.afni.utils.FWHMx>[0m
2026-03-27 02:36:39 |[34;20m INFO     [0m|[34;20m nipype.workflow  [0m|[34;20m [Node] Executing "_gcor0" <mriqc.interfaces.transitional.GCOR>[0m
2026-03-27 02:36:39 |[34;20m INFO     [0m|[34;20m nipype.workflow  [0m|[34;20m [Node] Finished "dilated_mask", elapsed time 0.044334s.[0m
2026-03-27 02:36:39 |[34;20m INFO     [0m|[34;20m nipype.workflow  [0m|[34;20m [Node] Finished "_smoothness0", elapsed time 0.556338s.[0m
2026-03-27 02:36:40 |[34;20m INFO     [0m|[34;20m nipype.workflow  [0m|[34;20m [Node] Finished "_outliers0", elapsed time 3.015778s.[0m
2026-03-27 02:36:41 |[34;20m INFO     [0m|[34;20m nipype.workflow  [0m|[34;20m [Node] Setting-up "mriqc_wf.funcMRIQC.func_report_wf.PlotBrainmask" in "/local/nvme/ds004996_52.784026/ds/tmp/mriqc_wf/funcMRIQC/func_report_wf/7570e93386b038dbcab33d3dba362f6d0a78adff/PlotBrainmask".[0m
2026-03-27 02:36:41 |[34;20m INFO     [0m|[34;20m nipype.workflow  [0m|[34;20m [Node] Executing "PlotBrainmask" <nireports.interfaces.mosaic.PlotContours>[0m
2026-03-27 02:36:41 |[34;20m INFO     [0m|[34;20m nipype.workflow  [0m|[34;20m [Node] Setting-up "_PlotMosaicZoomed0" in "/local/nvme/ds004996_52.784026/ds/tmp/mriqc_wf/funcMRIQC/func_report_wf/7570e93386b038dbcab33d3dba362f6d0a78adff/PlotMosaicZoomed/mapflow/_PlotMosaicZoomed0".[0m
2026-03-27 02:36:41 |[34;20m INFO     [0m|[34;20m nipype.workflow  [0m|[34;20m [Node] Setting-up "_ComputeDVARS0" in "/local/nvme/ds004996_52.784026/ds/tmp/mriqc_wf/funcMRIQC/ComputeIQMs/cb4fe4065fc05c89fcc260d0cbbae83bb858898b/ComputeDVARS/mapflow/_ComputeDVARS0".[0m
2026-03-27 02:36:41 |[34;20m INFO     [0m|[34;20m nipype.workflow  [0m|[34;20m [Node] Executing "_PlotMosaicZoomed0" <nireports.interfaces.mosaic.PlotMosaic>[0m
2026-03-27 02:36:41 |[34;20m INFO     [0m|[34;20m nipype.workflow  [0m|[34;20m [Node] Executing "_ComputeDVARS0" <nipype.algorithms.confounds.ComputeDVARS>[0m
2026-03-27 02:36:42 |[34;20m INFO     [0m|[34;20m nipype.workflow  [0m|[34;20m [Node] Finished "_outliers0", elapsed time 3.104291s.[0m
2026-03-27 02:36:42 |[34;20m INFO     [0m|[34;20m nipype.workflow  [0m|[34;20m [Node] Finished "PlotBrainmask", elapsed time 1.431524s.[0m
2026-03-27 02:36:42 |[34;20m INFO     [0m|[34;20m nipype.workflow  [0m|[34;20m [Node] Finished "_PlotMosaicZoomed0", elapsed time 1.5103330000000001s.[0m
2026-03-27 02:36:43 |[34;20m INFO     [0m|[34;20m nipype.workflow  [0m|[34;20m [Node] Setting-up "_smoothness0" in "/local/nvme/ds004996_52.784026/ds/tmp/mriqc_wf/funcMRIQC/ComputeIQMs/cb4fe4065fc05c89fcc260d0cbbae83bb858898b/smoothness/mapflow/_smoothness0".[0m
2026-03-27 02:36:43 |[34;20m INFO     [0m|[34;20m nipype.workflow  [0m|[34;20m [Node] Executing "_smoothness0" <nipype.interfaces.afni.utils.FWHMx>[0m
2026-03-27 02:36:43 |[34;20m INFO     [0m|[34;20m nipype.workflow  [0m|[34;20m [Node] Setting-up "_gcor0" in "/local/nvme/ds004996_52.784026/ds/tmp/mriqc_wf/funcMRIQC/ComputeIQMs/cb4fe4065fc05c89fcc260d0cbbae83bb858898b/gcor/mapflow/_gcor0".[0m
2026-03-27 02:36:43 |[34;20m INFO     [0m|[34;20m nipype.workflow  [0m|[34;20m [Node] Setting-up "_outliers0" in "/local/nvme/ds004996_52.784026/ds/tmp/mriqc_wf/funcMRIQC/ComputeIQMs/cb4fe4065fc05c89fcc260d0cbbae83bb858898b/outliers/mapflow/_outliers0".[0m
2026-03-27 02:36:43 |[34;20m INFO     [0m|[34;20m nipype.workflow  [0m|[34;20m [Node] Executing "_gcor0" <mriqc.interfaces.transitional.GCOR>[0m
2026-03-27 02:36:43 |[34;20m INFO     [0m|[34;20m nipype.workflow  [0m|[34;20m [Node] Executing "_outliers0" <nipype.interfaces.afni.preprocess.OutlierCount>[0m
2026-03-27 02:36:43 |[34;20m INFO     [0m|[34;20m nipype.workflow  [0m|[34;20m [Node] Finished "_smoothness0", elapsed time 0.548353s.[0m
2026-03-27 02:36:45 |[34;20m INFO     [0m|[34;20m nipype.workflow  [0m|[34;20m [Node] Finished "_gcor0", elapsed time 7.872022s.[0m
2026-03-27 02:36:45 |[34;20m INFO     [0m|[34;20m nipype.workflow  [0m|[34;20m [Node] Setting-up "mriqc_wf.funcMRIQC.func_report_wf.dilated_mask" in "/local/nvme/ds004996_52.784026/ds/tmp/mriqc_wf/funcMRIQC/func_report_wf/cb4fe4065fc05c89fcc260d0cbbae83bb858898b/dilated_mask".[0m
2026-03-27 02:36:45 |[34;20m INFO     [0m|[34;20m nipype.workflow  [0m|[34;20m [Node] Executing "dilated_mask" <niworkflows.interfaces.morphology.BinaryDilation>[0m
2026-03-27 02:36:45 |[34;20m INFO     [0m|[34;20m nipype.workflow  [0m|[34;20m [Node] Finished "dilated_mask", elapsed time 0.021915s.[0m
2026-03-27 02:36:46 |[34;20m INFO     [0m|[34;20m nipype.workflow  [0m|[34;20m [Node] Finished "_outliers0", elapsed time 2.979813s.[0m
2026-03-27 02:36:47 |[34;20m INFO     [0m|[34;20m nipype.workflow  [0m|[34;20m [Node] Setting-up "mriqc_wf.funcMRIQC.func_report_wf.PlotBrainmask" in "/local/nvme/ds004996_52.784026/ds/tmp/mriqc_wf/funcMRIQC/func_report_wf/cb4fe4065fc05c89fcc260d0cbbae83bb858898b/PlotBrainmask".[0m
2026-03-27 02:36:47 |[34;20m INFO     [0m|[34;20m nipype.workflow  [0m|[34;20m [Node] Executing "PlotBrainmask" <nireports.interfaces.mosaic.PlotContours>[0m
2026-03-27 02:36:47 |[34;20m INFO     [0m|[34;20m nipype.workflow  [0m|[34;20m [Node] Setting-up "_PlotMosaicZoomed0" in "/local/nvme/ds004996_52.784026/ds/tmp/mriqc_wf/funcMRIQC/func_report_wf/cb4fe4065fc05c89fcc260d0cbbae83bb858898b/PlotMosaicZoomed/mapflow/_PlotMosaicZoomed0".[0m
2026-03-27 02:36:47 |[34;20m INFO     [0m|[34;20m nipype.workflow  [0m|[34;20m [Node] Setting-up "mriqc_wf.funcMRIQC.synthstrip_wf.final_masked" in "/local/nvme/ds004996_52.784026/ds/tmp/mriqc_wf/funcMRIQC/synthstrip_wf/0a8fb534d8c55cbaed6e9c59fb66a7f0b0790652/final_masked".[0m
2026-03-27 02:36:47 |[34;20m INFO     [0m|[34;20m nipype.workflow  [0m|[34;20m [Node] Executing "_PlotMosaicZoomed0" <nireports.interfaces.mosaic.PlotMosaic>[0m
2026-03-27 02:36:47 |[34;20m INFO     [0m|[34;20m nipype.workflow  [0m|[34;20m [Node] Executing "final_masked" <niworkflows.interfaces.nibabel.ApplyMask>[0m
2026-03-27 02:36:47 |[34;20m INFO     [0m|[34;20m nipype.workflow  [0m|[34;20m [Node] Finished "final_masked", elapsed time 0.044657s.[0m
2026-03-27 02:36:47 |[34;20m INFO     [0m|[34;20m nipype.workflow  [0m|[34;20m [Node] Finished "_gcor0", elapsed time 8.08679s.[0m
2026-03-27 02:36:48 |[34;20m INFO     [0m|[34;20m nipype.workflow  [0m|[34;20m [Node] Finished "PlotBrainmask", elapsed time 1.246025s.[0m
2026-03-27 02:36:48 |[34;20m INFO     [0m|[34;20m nipype.workflow  [0m|[34;20m [Node] Finished "_PlotMosaicZoomed0", elapsed time 1.411373s.[0m
2026-03-27 02:36:49 |[34;20m INFO     [0m|[34;20m nipype.workflow  [0m|[34;20m [Node] Setting-up "mriqc_wf.funcMRIQC.func_report_wf.ds_report_norm" in "/local/nvme/ds004996_52.784026/ds/tmp/mriqc_wf/funcMRIQC/func_report_wf/0a8fb534d8c55cbaed6e9c59fb66a7f0b0790652/ds_report_norm".[0m
2026-03-27 02:36:49 |[34;20m INFO     [0m|[34;20m nipype.workflow  [0m|[34;20m [Node] Setting-up "mriqc_wf.funcMRIQC.SpatialNormalization.ResampleSegmentation" in "/local/nvme/ds004996_52.784026/ds/tmp/mriqc_wf/funcMRIQC/SpatialNormalization/0a8fb534d8c55cbaed6e9c59fb66a7f0b0790652/ResampleSegmentation".[0m
2026-03-27 02:36:49 |[34;20m INFO     [0m|[34;20m nipype.workflow  [0m|[34;20m [Node] Executing "ds_report_norm" <mriqc.interfaces.DerivativesDataSink>[0m
2026-03-27 02:36:49 |[34;20m INFO     [0m|[34;20m nipype.workflow  [0m|[34;20m [Node] Executing "ResampleSegmentation" <nipype.interfaces.ants.resampling.ApplyTransforms>[0m
2026-03-27 02:36:49 |[34;20m INFO     [0m|[34;20m nipype.workflow  [0m|[34;20m [Node] Finished "ds_report_norm", elapsed time 0.005383s.[0m
2026-03-27 02:36:49 |[34;20m INFO     [0m|[34;20m nipype.workflow  [0m|[34;20m [Node] Setting-up "mriqc_wf.funcMRIQC.func_report_wf.subtract_mask" in "/local/nvme/ds004996_52.784026/ds/tmp/mriqc_wf/funcMRIQC/func_report_wf/0a8fb534d8c55cbaed6e9c59fb66a7f0b0790652/subtract_mask".[0m
2026-03-27 02:36:49 |[34;20m INFO     [0m|[34;20m nipype.workflow  [0m|[34;20m [Node] Executing "subtract_mask" <niworkflows.interfaces.morphology.BinarySubtraction>[0m
2026-03-27 02:36:49 |[34;20m INFO     [0m|[34;20m nipype.workflow  [0m|[34;20m [Node] Setting-up "_ds_report_zoomed0" in "/local/nvme/ds004996_52.784026/ds/tmp/mriqc_wf/funcMRIQC/func_report_wf/0a8fb534d8c55cbaed6e9c59fb66a7f0b0790652/ds_report_zoomed/mapflow/_ds_report_zoomed0".[0m
2026-03-27 02:36:49 |[34;20m INFO     [0m|[34;20m nipype.workflow  [0m|[34;20m [Node] Executing "_ds_report_zoomed0" <mriqc.interfaces.DerivativesDataSink>[0m
2026-03-27 02:36:49 |[34;20m INFO     [0m|[34;20m nipype.workflow  [0m|[34;20m [Node] Finished "_ds_report_zoomed0", elapsed time 0.005029s.[0m
2026-03-27 02:36:49 |[34;20m INFO     [0m|[34;20m nipype.workflow  [0m|[34;20m [Node] Finished "subtract_mask", elapsed time 0.011211s.[0m
2026-03-27 02:36:49 |[34;20m INFO     [0m|[34;20m nipype.workflow  [0m|[34;20m [Node] Setting-up "mriqc_wf.funcMRIQC.func_report_wf.ds_report_bmask" in "/local/nvme/ds004996_52.784026/ds/tmp/mriqc_wf/funcMRIQC/func_report_wf/0a8fb534d8c55cbaed6e9c59fb66a7f0b0790652/ds_report_bmask".[0m
2026-03-27 02:36:49 |[34;20m INFO     [0m|[34;20m nipype.workflow  [0m|[34;20m [Node] Executing "ds_report_bmask" <mriqc.interfaces.DerivativesDataSink>[0m
2026-03-27 02:36:49 |[34;20m INFO     [0m|[34;20m nipype.workflow  [0m|[34;20m [Node] Finished "ds_report_bmask", elapsed time 0.009942s.[0m
2026-03-27 02:36:49 |[34;20m INFO     [0m|[34;20m nipype.workflow  [0m|[34;20m [Node] Setting-up "mriqc_wf.funcMRIQC.func_report_wf.subtract_mask" in "/local/nvme/ds004996_52.784026/ds/tmp/mriqc_wf/funcMRIQC/func_report_wf/7570e93386b038dbcab33d3dba362f6d0a78adff/subtract_mask".[0m
2026-03-27 02:36:49 |[34;20m INFO     [0m|[34;20m nipype.workflow  [0m|[34;20m [Node] Executing "subtract_mask" <niworkflows.interfaces.morphology.BinarySubtraction>[0m
2026-03-27 02:36:49 |[34;20m INFO     [0m|[34;20m nipype.workflow  [0m|[34;20m [Node] Setting-up "_ds_report_zoomed0" in "/local/nvme/ds004996_52.784026/ds/tmp/mriqc_wf/funcMRIQC/func_report_wf/7570e93386b038dbcab33d3dba362f6d0a78adff/ds_report_zoomed/mapflow/_ds_report_zoomed0".[0m
2026-03-27 02:36:49 |[34;20m INFO     [0m|[34;20m nipype.workflow  [0m|[34;20m [Node] Executing "_ds_report_zoomed0" <mriqc.interfaces.DerivativesDataSink>[0m
2026-03-27 02:36:49 |[34;20m INFO     [0m|[34;20m nipype.workflow  [0m|[34;20m [Node] Finished "_ds_report_zoomed0", elapsed time 0.005678s.[0m
2026-03-27 02:36:49 |[34;20m INFO     [0m|[34;20m nipype.workflow  [0m|[34;20m [Node] Finished "subtract_mask", elapsed time 0.014603s.[0m
2026-03-27 02:36:49 |[34;20m INFO     [0m|[34;20m nipype.workflow  [0m|[34;20m [Node] Setting-up "mriqc_wf.funcMRIQC.func_report_wf.ds_report_bmask" in "/local/nvme/ds004996_52.784026/ds/tmp/mriqc_wf/funcMRIQC/func_report_wf/7570e93386b038dbcab33d3dba362f6d0a78adff/ds_report_bmask".[0m
2026-03-27 02:36:49 |[34;20m INFO     [0m|[34;20m nipype.workflow  [0m|[34;20m [Node] Executing "ds_report_bmask" <mriqc.interfaces.DerivativesDataSink>[0m
2026-03-27 02:36:49 |[34;20m INFO     [0m|[34;20m nipype.workflow  [0m|[34;20m [Node] Finished "ds_report_bmask", elapsed time 0.005232s.[0m
2026-03-27 02:36:49 |[34;20m INFO     [0m|[34;20m nipype.workflow  [0m|[34;20m [Node] Setting-up "mriqc_wf.funcMRIQC.func_report_wf.subtract_mask" in "/local/nvme/ds004996_52.784026/ds/tmp/mriqc_wf/funcMRIQC/func_report_wf/cb4fe4065fc05c89fcc260d0cbbae83bb858898b/subtract_mask".[0m
2026-03-27 02:36:49 |[34;20m INFO     [0m|[34;20m nipype.workflow  [0m|[34;20m [Node] Executing "subtract_mask" <niworkflows.interfaces.morphology.BinarySubtraction>[0m
2026-03-27 02:36:49 |[34;20m INFO     [0m|[34;20m nipype.workflow  [0m|[34;20m [Node] Finished "subtract_mask", elapsed time 0.011297s.[0m
2026-03-27 02:36:50 |[34;20m INFO     [0m|[34;20m nipype.workflow  [0m|[34;20m [Node] Finished "_gcor0", elapsed time 7.572038s.[0m
2026-03-27 02:36:51 |[34;20m INFO     [0m|[34;20m nipype.workflow  [0m|[34;20m [Node] Setting-up "_ds_report_zoomed0" in "/local/nvme/ds004996_52.784026/ds/tmp/mriqc_wf/funcMRIQC/func_report_wf/cb4fe4065fc05c89fcc260d0cbbae83bb858898b/ds_report_zoomed/mapflow/_ds_report_zoomed0".[0m
2026-03-27 02:36:51 |[34;20m INFO     [0m|[34;20m nipype.workflow  [0m|[34;20m [Node] Executing "_ds_report_zoomed0" <mriqc.interfaces.DerivativesDataSink>[0m
2026-03-27 02:36:51 |[34;20m INFO     [0m|[34;20m nipype.workflow  [0m|[34;20m [Node] Finished "_ds_report_zoomed0", elapsed time 0.0052s.[0m
2026-03-27 02:36:51 |[34;20m INFO     [0m|[34;20m nipype.workflow  [0m|[34;20m [Node] Setting-up "mriqc_wf.funcMRIQC.func_report_wf.ds_report_bmask" in "/local/nvme/ds004996_52.784026/ds/tmp/mriqc_wf/funcMRIQC/func_report_wf/cb4fe4065fc05c89fcc260d0cbbae83bb858898b/ds_report_bmask".[0m
2026-03-27 02:36:51 |[34;20m INFO     [0m|[34;20m nipype.workflow  [0m|[34;20m [Node] Executing "ds_report_bmask" <mriqc.interfaces.DerivativesDataSink>[0m
2026-03-27 02:36:51 |[34;20m INFO     [0m|[34;20m nipype.workflow  [0m|[34;20m [Node] Finished "ds_report_bmask", elapsed time 0.004985s.[0m
2026-03-27 02:36:51 |[34;20m INFO     [0m|[34;20m nipype.workflow  [0m|[34;20m [Node] Finished "ResampleSegmentation", elapsed time 2.47998s.[0m
2026-03-27 02:36:53 |[34;20m INFO     [0m|[34;20m nipype.workflow  [0m|[34;20m [Node] Setting-up "mriqc_wf.funcMRIQC.func_report_wf.parcels" in "/local/nvme/ds004996_52.784026/ds/tmp/mriqc_wf/funcMRIQC/func_report_wf/0a8fb534d8c55cbaed6e9c59fb66a7f0b0790652/parcels".[0m
2026-03-27 02:36:53 |[34;20m INFO     [0m|[34;20m nipype.workflow  [0m|[34;20m [Node] Executing "parcels" <nipype.interfaces.utility.wrappers.Function>[0m
2026-03-27 02:36:53 |[34;20m INFO     [0m|[34;20m nipype.workflow  [0m|[34;20m [Node] Finished "parcels", elapsed time 0.023181s.[0m
2026-03-27 02:36:55 |[34;20m INFO     [0m|[34;20m nipype.workflow  [0m|[34;20m [Node] Finished "_ComputeDVARS0", elapsed time 17.767609s.[0m
2026-03-27 02:36:55 |[34;20m INFO     [0m|[34;20m nipype.workflow  [0m|[34;20m [Node] Finished "_ComputeDVARS0", elapsed time 17.810918s.[0m
2026-03-27 02:36:55 |[34;20m INFO     [0m|[34;20m nipype.workflow  [0m|[34;20m [Node] Setting-up "_measures0" in "/local/nvme/ds004996_52.784026/ds/tmp/mriqc_wf/funcMRIQC/ComputeIQMs/0a8fb534d8c55cbaed6e9c59fb66a7f0b0790652/measures/mapflow/_measures0".[0m
2026-03-27 02:36:55 |[34;20m INFO     [0m|[34;20m nipype.workflow  [0m|[34;20m [Node] Setting-up "_timeseries0" in "/local/nvme/ds004996_52.784026/ds/tmp/mriqc_wf/funcMRIQC/ComputeIQMs/0a8fb534d8c55cbaed6e9c59fb66a7f0b0790652/timeseries/mapflow/_timeseries0".[0m
2026-03-27 02:36:55 |[34;20m INFO     [0m|[34;20m nipype.workflow  [0m|[34;20m [Node] Executing "_measures0" <mriqc.interfaces.functional.FunctionalQC>[0m
2026-03-27 02:36:55 |[34;20m INFO     [0m|[34;20m nipype.workflow  [0m|[34;20m [Node] Executing "_timeseries0" <mriqc.interfaces.functional.GatherTimeseries>[0m
2026-03-27 02:36:55 |[34;20m INFO     [0m|[34;20m nipype.workflow  [0m|[34;20m [Node] Setting-up "_timeseries0" in "/local/nvme/ds004996_52.784026/ds/tmp/mriqc_wf/funcMRIQC/ComputeIQMs/7570e93386b038dbcab33d3dba362f6d0a78adff/timeseries/mapflow/_timeseries0".[0m
2026-03-27 02:36:55 |[34;20m INFO     [0m|[34;20m nipype.workflow  [0m|[34;20m [Node] Executing "_timeseries0" <mriqc.interfaces.functional.GatherTimeseries>[0m
2026-03-27 02:36:55 |[34;20m INFO     [0m|[34;20m nipype.workflow  [0m|[34;20m [Node] Finished "_timeseries0", elapsed time 0.029528s.[0m
2026-03-27 02:36:55 |[34;20m INFO     [0m|[34;20m nipype.workflow  [0m|[34;20m [Node] Finished "_timeseries0", elapsed time 0.023077s.[0m
2026-03-27 02:36:56 |[34;20m INFO     [0m|[34;20m nipype.workflow  [0m|[34;20m [Node] Finished "_measures0", elapsed time 1.121885s.[0m
2026-03-27 02:36:57 |[34;20m INFO     [0m|[34;20m nipype.workflow  [0m|[34;20m [Node] Setting-up "_measures0" in "/local/nvme/ds004996_52.784026/ds/tmp/mriqc_wf/funcMRIQC/ComputeIQMs/7570e93386b038dbcab33d3dba362f6d0a78adff/measures/mapflow/_measures0".[0m
2026-03-27 02:36:57 |[34;20m INFO     [0m|[34;20m nipype.workflow  [0m|[34;20m [Node] Executing "_measures0" <mriqc.interfaces.functional.FunctionalQC>[0m
2026-03-27 02:36:57 |[34;20m INFO     [0m|[34;20m nipype.workflow  [0m|[34;20m [Node] Setting-up "_datasink0" in "/local/nvme/ds004996_52.784026/ds/tmp/mriqc_wf/funcMRIQC/ComputeIQMs/0a8fb534d8c55cbaed6e9c59fb66a7f0b0790652/datasink/mapflow/_datasink0".[0m
2026-03-27 02:36:57 |[34;20m INFO     [0m|[34;20m nipype.workflow  [0m|[34;20m [Node] Executing "_datasink0" <mriqc.interfaces.bids.IQMFileSink>[0m
2026-03-27 02:36:57 |[34;20m INFO     [0m|[34;20m nipype.workflow  [0m|[34;20m [Node] Finished "_datasink0", elapsed time 0.003113s.[0m
2026-03-27 02:36:57 |[34;20m INFO     [0m|[34;20m nipype.workflow  [0m|[34;20m [Node] Setting-up "_ds_timeseries0" in "/local/nvme/ds004996_52.784026/ds/tmp/mriqc_wf/funcMRIQC/ComputeIQMs/0a8fb534d8c55cbaed6e9c59fb66a7f0b0790652/ds_timeseries/mapflow/_ds_timeseries0".[0m
2026-03-27 02:36:57 |[34;20m INFO     [0m|[34;20m nipype.workflow  [0m|[34;20m [Node] Executing "_ds_timeseries0" <mriqc.interfaces.DerivativesDataSink>[0m
2026-03-27 02:36:57 |[34;20m INFO     [0m|[34;20m nipype.workflow  [0m|[34;20m [Node] Finished "_ds_timeseries0", elapsed time 0.004203s.[0m
2026-03-27 02:36:57 |[34;20m INFO     [0m|[34;20m nipype.workflow  [0m|[34;20m [Node] Setting-up "_ds_timeseries0" in "/local/nvme/ds004996_52.784026/ds/tmp/mriqc_wf/funcMRIQC/ComputeIQMs/7570e93386b038dbcab33d3dba362f6d0a78adff/ds_timeseries/mapflow/_ds_timeseries0".[0m
2026-03-27 02:36:57 |[34;20m INFO     [0m|[34;20m nipype.workflow  [0m|[34;20m [Node] Executing "_ds_timeseries0" <mriqc.interfaces.DerivativesDataSink>[0m
2026-03-27 02:36:57 |[34;20m INFO     [0m|[34;20m nipype.workflow  [0m|[34;20m [Node] Finished "_ds_timeseries0", elapsed time 0.004142s.[0m
2026-03-27 02:36:57 |[34;20m INFO     [0m|[34;20m nipype.workflow  [0m|[34;20m [Node] Setting-up "_BigPlot0" in "/local/nvme/ds004996_52.784026/ds/tmp/mriqc_wf/funcMRIQC/func_report_wf/0a8fb534d8c55cbaed6e9c59fb66a7f0b0790652/BigPlot/mapflow/_BigPlot0".[0m
2026-03-27 02:36:57 |[34;20m INFO     [0m|[34;20m nipype.workflow  [0m|[34;20m [Node] Executing "_BigPlot0" <nireports.interfaces.fmri.FMRISummary>[0m
2026-03-27 02:36:58 |[34;20m INFO     [0m|[34;20m nipype.workflow  [0m|[34;20m [Node] Finished "_measures0", elapsed time 1.056205s.[0m
2026-03-27 02:36:59 |[34;20m INFO     [0m|[34;20m nipype.workflow  [0m|[34;20m [Node] Setting-up "_datasink0" in "/local/nvme/ds004996_52.784026/ds/tmp/mriqc_wf/funcMRIQC/ComputeIQMs/7570e93386b038dbcab33d3dba362f6d0a78adff/datasink/mapflow/_datasink0".[0m
2026-03-27 02:36:59 |[34;20m INFO     [0m|[34;20m nipype.workflow  [0m|[34;20m [Node] Executing "_datasink0" <mriqc.interfaces.bids.IQMFileSink>[0m
2026-03-27 02:36:59 |[34;20m INFO     [0m|[34;20m nipype.workflow  [0m|[34;20m [Node] Finished "_datasink0", elapsed time 0.000808s.[0m
2026-03-27 02:36:59 |[34;20m INFO     [0m|[34;20m nipype.workflow  [0m|[34;20m [Node] Finished "_ComputeDVARS0", elapsed time 18.212248s.[0m
2026-03-27 02:37:01 |[34;20m INFO     [0m|[34;20m nipype.workflow  [0m|[34;20m [Node] Setting-up "_measures0" in "/local/nvme/ds004996_52.784026/ds/tmp/mriqc_wf/funcMRIQC/ComputeIQMs/cb4fe4065fc05c89fcc260d0cbbae83bb858898b/measures/mapflow/_measures0".[0m
2026-03-27 02:37:01 |[34;20m INFO     [0m|[34;20m nipype.workflow  [0m|[34;20m [Node] Setting-up "_timeseries0" in "/local/nvme/ds004996_52.784026/ds/tmp/mriqc_wf/funcMRIQC/ComputeIQMs/cb4fe4065fc05c89fcc260d0cbbae83bb858898b/timeseries/mapflow/_timeseries0".[0m
2026-03-27 02:37:01 |[34;20m INFO     [0m|[34;20m nipype.workflow  [0m|[34;20m [Node] Executing "_measures0" <mriqc.interfaces.functional.FunctionalQC>[0m
2026-03-27 02:37:01 |[34;20m INFO     [0m|[34;20m nipype.workflow  [0m|[34;20m [Node] Executing "_timeseries0" <mriqc.interfaces.functional.GatherTimeseries>[0m
2026-03-27 02:37:01 |[34;20m INFO     [0m|[34;20m nipype.workflow  [0m|[34;20m [Node] Finished "_timeseries0", elapsed time 0.018944s.[0m
2026-03-27 02:37:02 |[34;20m INFO     [0m|[34;20m nipype.workflow  [0m|[34;20m [Node] Finished "_BigPlot0", elapsed time 4.686071s.[0m
2026-03-27 02:37:02 |[34;20m INFO     [0m|[34;20m nipype.workflow  [0m|[34;20m [Node] Finished "_measures0", elapsed time 1.154563s.[0m
2026-03-27 02:37:03 |[34;20m INFO     [0m|[34;20m nipype.workflow  [0m|[34;20m [Node] Setting-up "mriqc_wf.funcMRIQC.synthstrip_wf.post_n4" in "/local/nvme/ds004996_52.784026/ds/tmp/mriqc_wf/funcMRIQC/synthstrip_wf/7570e93386b038dbcab33d3dba362f6d0a78adff/post_n4".[0m
2026-03-27 02:37:03 |[34;20m INFO     [0m|[34;20m nipype.workflow  [0m|[34;20m [Node] Executing "post_n4" <nipype.interfaces.ants.segmentation.N4BiasFieldCorrection>[0m
2026-03-27 02:37:04 |[34;20m INFO     [0m|[34;20m nipype.workflow  [0m|[34;20m [Node] Finished "post_n4", elapsed time 0.98504s.[0m
2026-03-27 02:37:05 |[34;20m INFO     [0m|[34;20m nipype.workflow  [0m|[34;20m [Node] Setting-up "mriqc_wf.funcMRIQC.SpatialNormalization.EPI2MNI" in "/local/nvme/ds004996_52.784026/ds/tmp/mriqc_wf/funcMRIQC/SpatialNormalization/7570e93386b038dbcab33d3dba362f6d0a78adff/EPI2MNI".[0m
2026-03-27 02:37:05 |[34;20m INFO     [0m|[34;20m nipype.workflow  [0m|[34;20m [Node] Executing "EPI2MNI" <niworkflows.interfaces.reportlets.registration.SpatialNormalizationRPT>[0m
2026-03-27 02:37:05 |[34;20m INFO     [0m|[34;20m niworkflows      [0m|[34;20m Estimating initial transform using AffineInitializer[0m
2026-03-27 02:37:10 |[34;20m INFO     [0m|[34;20m niworkflows      [0m|[34;20m Loading settings from file /opt/conda/lib/python3.11/site-packages/niworkflows/data/boldref-mni_registration_precise_000.json.[0m
2026-03-27 02:37:10 |[34;20m INFO     [0m|[34;20m niworkflows      [0m|[34;20m Retry #1, commandline: 
antsRegistration --collapse-output-transforms 1 --dimensionality 3 --float 0 --initial-moving-transform [ /local/nvme/ds004996_52.784026/ds/tmp/mriqc_wf/funcMRIQC/SpatialNormalization/7570e93386b038dbcab33d3dba362f6d0a78adff/EPI2MNI/transform.mat, 0 ] --initialize-transforms-per-stage 0 --interpolation LanczosWindowedSinc --output [ epi_to_mni, epi_to_mni_Warped.nii.gz ] --transform Rigid[ 0.05 ] --metric Mattes[ /templateflow/tpl-MNI152NLin2009cAsym/tpl-MNI152NLin2009cAsym_res-02_desc-fMRIPrep_boldref.nii.gz, /local/nvme/ds004996_52.784026/ds/tmp/mriqc_wf/funcMRIQC/SpatialNormalization/7570e93386b038dbcab33d3dba362f6d0a78adff/SharpenEPI/sub-52_task-conversation_run-02_desc-realigned_bold_tstat_corrected.nii.gz, 1, 56, Regular, 0.25 ] --convergence [ 10000x1000x100, 1e-06, 20 ] --smoothing-sigmas 4.0x2.0x1.0vox --shrink-factors 4x2x1 --use-histogram-matching 1 --masks [ /templateflow/tpl-MNI152NLin2009cAsym/tpl-MNI152NLin2009cAsym_res-02_desc-brain_mask.nii.gz, /local/nvme/ds004996_52.784026/ds/tmp/mriqc_wf/funcMRIQC/synthstrip_wf/7570e93386b038dbcab33d3dba362f6d0a78adff/synthstrip/clipped_corrected_desc-brain_mask.nii.gz ] --transform Affine[ 0.08 ] --metric Mattes[ /templateflow/tpl-MNI152NLin2009cAsym/tpl-MNI152NLin2009cAsym_res-02_desc-fMRIPrep_boldref.nii.gz, /local/nvme/ds004996_52.784026/ds/tmp/mriqc_wf/funcMRIQC/SpatialNormalization/7570e93386b038dbcab33d3dba362f6d0a78adff/SharpenEPI/sub-52_task-conversation_run-02_desc-realigned_bold_tstat_corrected.nii.gz, 1, 56, Regular, 0.25 ] --convergence [ 500x250x100, 1e-06, 20 ] --smoothing-sigmas 4.0x2.0x1.0vox --shrink-factors 8x4x2 --use-histogram-matching 1 --masks [ /templateflow/tpl-MNI152NLin2009cAsym/tpl-MNI152NLin2009cAsym_res-02_desc-brain_mask.nii.gz, /local/nvme/ds004996_52.784026/ds/tmp/mriqc_wf/funcMRIQC/synthstrip_wf/7570e93386b038dbcab33d3dba362f6d0a78adff/synthstrip/clipped_corrected_desc-brain_mask.nii.gz ] --transform SyN[ 0.1, 3.0, 0.0 ] --metric CC[ /templateflow/tpl-MNI152NLin2009cAsym/tpl-MNI152NLin2009cAsym_res-02_desc-fMRIPrep_boldref.nii.gz, /local/nvme/ds004996_52.784026/ds/tmp/mriqc_wf/funcMRIQC/SpatialNormalization/7570e93386b038dbcab33d3dba362f6d0a78adff/SharpenEPI/sub-52_task-conversation_run-02_desc-realigned_bold_tstat_corrected.nii.gz, 1, 4, None, 1 ] --convergence [ 100x30x20, 1e-06, 10 ] --smoothing-sigmas 3.0x2.0x1.0vox --shrink-factors 8x4x2 --use-histogram-matching 1 --masks [ /templateflow/tpl-MNI152NLin2009cAsym/tpl-MNI152NLin2009cAsym_res-02_desc-brain_mask.nii.gz, /local/nvme/ds004996_52.784026/ds/tmp/mriqc_wf/funcMRIQC/synthstrip_wf/7570e93386b038dbcab33d3dba362f6d0a78adff/synthstrip/clipped_corrected_desc-brain_mask.nii.gz ] --winsorize-image-intensities [ 0.005, 0.995 ]  --write-composite-transform 1[0m
2026-03-27 02:37:21 |[34;20m INFO     [0m|[34;20m niworkflows      [0m|[34;20m Successful spatial normalization (retry #1).[0m
2026-03-27 02:37:21 |[34;20m INFO     [0m|[34;20m niworkflows      [0m|[34;20m Report - setting fixed (/templateflow/tpl-MNI152NLin2009cAsym/tpl-MNI152NLin2009cAsym_res-02_desc-fMRIPrep_boldref.nii.gz) and moving (/local/nvme/ds004996_52.784026/ds/tmp/mriqc_wf/funcMRIQC/SpatialNormalization/7570e93386b038dbcab33d3dba362f6d0a78adff/EPI2MNI/epi_to_mni_Warped.nii.gz) images[0m
2026-03-27 02:37:21 |[34;20m INFO     [0m|[34;20m niworkflows      [0m|[34;20m Generating visual report[0m
2026-03-27 02:37:37 |[34;20m INFO     [0m|[34;20m nipype.workflow  [0m|[34;20m [Node] Finished "EPI2MNI", elapsed time 32.332716s.[0m
2026-03-27 02:37:39 |[34;20m INFO     [0m|[34;20m nipype.workflow  [0m|[34;20m [Node] Setting-up "mriqc_wf.funcMRIQC.synthstrip_wf.post_n4" in "/local/nvme/ds004996_52.784026/ds/tmp/mriqc_wf/funcMRIQC/synthstrip_wf/cb4fe4065fc05c89fcc260d0cbbae83bb858898b/post_n4".[0m
2026-03-27 02:37:39 |[34;20m INFO     [0m|[34;20m nipype.workflow  [0m|[34;20m [Node] Executing "post_n4" <nipype.interfaces.ants.segmentation.N4BiasFieldCorrection>[0m
2026-03-27 02:37:40 |[34;20m INFO     [0m|[34;20m nipype.workflow  [0m|[34;20m [Node] Finished "post_n4", elapsed time 0.945151s.[0m
2026-03-27 02:37:41 |[34;20m INFO     [0m|[34;20m nipype.workflow  [0m|[34;20m [Node] Setting-up "mriqc_wf.funcMRIQC.SpatialNormalization.EPI2MNI" in "/local/nvme/ds004996_52.784026/ds/tmp/mriqc_wf/funcMRIQC/SpatialNormalization/cb4fe4065fc05c89fcc260d0cbbae83bb858898b/EPI2MNI".[0m
2026-03-27 02:37:41 |[34;20m INFO     [0m|[34;20m nipype.workflow  [0m|[34;20m [Node] Executing "EPI2MNI" <niworkflows.interfaces.reportlets.registration.SpatialNormalizationRPT>[0m
2026-03-27 02:37:41 |[34;20m INFO     [0m|[34;20m niworkflows      [0m|[34;20m Estimating initial transform using AffineInitializer[0m
2026-03-27 02:37:46 |[34;20m INFO     [0m|[34;20m niworkflows      [0m|[34;20m Terminal outputs of initialization saved (/local/nvme/ds004996_52.784026/ds/tmp/mriqc_wf/funcMRIQC/SpatialNormalization/cb4fe4065fc05c89fcc260d0cbbae83bb858898b/EPI2MNI/stderr.nipype-init).[0m
2026-03-27 02:37:46 |[34;20m INFO     [0m|[34;20m niworkflows      [0m|[34;20m Loading settings from file /opt/conda/lib/python3.11/site-packages/niworkflows/data/boldref-mni_registration_precise_000.json.[0m
2026-03-27 02:37:46 |[34;20m INFO     [0m|[34;20m niworkflows      [0m|[34;20m Retry #1, commandline: 
antsRegistration --collapse-output-transforms 1 --dimensionality 3 --float 0 --initial-moving-transform [ /local/nvme/ds004996_52.784026/ds/tmp/mriqc_wf/funcMRIQC/SpatialNormalization/cb4fe4065fc05c89fcc260d0cbbae83bb858898b/EPI2MNI/transform.mat, 0 ] --initialize-transforms-per-stage 0 --interpolation LanczosWindowedSinc --output [ epi_to_mni, epi_to_mni_Warped.nii.gz ] --transform Rigid[ 0.05 ] --metric Mattes[ /templateflow/tpl-MNI152NLin2009cAsym/tpl-MNI152NLin2009cAsym_res-02_desc-fMRIPrep_boldref.nii.gz, /local/nvme/ds004996_52.784026/ds/tmp/mriqc_wf/funcMRIQC/SpatialNormalization/cb4fe4065fc05c89fcc260d0cbbae83bb858898b/SharpenEPI/sub-52_task-conversation_run-03_desc-realigned_bold_tstat_corrected.nii.gz, 1, 56, Regular, 0.25 ] --convergence [ 10000x1000x100, 1e-06, 20 ] --smoothing-sigmas 4.0x2.0x1.0vox --shrink-factors 4x2x1 --use-histogram-matching 1 --masks [ /templateflow/tpl-MNI152NLin2009cAsym/tpl-MNI152NLin2009cAsym_res-02_desc-brain_mask.nii.gz, /local/nvme/ds004996_52.784026/ds/tmp/mriqc_wf/funcMRIQC/synthstrip_wf/cb4fe4065fc05c89fcc260d0cbbae83bb858898b/synthstrip/clipped_corrected_desc-brain_mask.nii.gz ] --transform Affine[ 0.08 ] --metric Mattes[ /templateflow/tpl-MNI152NLin2009cAsym/tpl-MNI152NLin2009cAsym_res-02_desc-fMRIPrep_boldref.nii.gz, /local/nvme/ds004996_52.784026/ds/tmp/mriqc_wf/funcMRIQC/SpatialNormalization/cb4fe4065fc05c89fcc260d0cbbae83bb858898b/SharpenEPI/sub-52_task-conversation_run-03_desc-realigned_bold_tstat_corrected.nii.gz, 1, 56, Regular, 0.25 ] --convergence [ 500x250x100, 1e-06, 20 ] --smoothing-sigmas 4.0x2.0x1.0vox --shrink-factors 8x4x2 --use-histogram-matching 1 --masks [ /templateflow/tpl-MNI152NLin2009cAsym/tpl-MNI152NLin2009cAsym_res-02_desc-brain_mask.nii.gz, /local/nvme/ds004996_52.784026/ds/tmp/mriqc_wf/funcMRIQC/synthstrip_wf/cb4fe4065fc05c89fcc260d0cbbae83bb858898b/synthstrip/clipped_corrected_desc-brain_mask.nii.gz ] --transform SyN[ 0.1, 3.0, 0.0 ] --metric CC[ /templateflow/tpl-MNI152NLin2009cAsym/tpl-MNI152NLin2009cAsym_res-02_desc-fMRIPrep_boldref.nii.gz, /local/nvme/ds004996_52.784026/ds/tmp/mriqc_wf/funcMRIQC/SpatialNormalization/cb4fe4065fc05c89fcc260d0cbbae83bb858898b/SharpenEPI/sub-52_task-conversation_run-03_desc-realigned_bold_tstat_corrected.nii.gz, 1, 4, None, 1 ] --convergence [ 100x30x20, 1e-06, 10 ] --smoothing-sigmas 3.0x2.0x1.0vox --shrink-factors 8x4x2 --use-histogram-matching 1 --masks [ /templateflow/tpl-MNI152NLin2009cAsym/tpl-MNI152NLin2009cAsym_res-02_desc-brain_mask.nii.gz, /local/nvme/ds004996_52.784026/ds/tmp/mriqc_wf/funcMRIQC/synthstrip_wf/cb4fe4065fc05c89fcc260d0cbbae83bb858898b/synthstrip/clipped_corrected_desc-brain_mask.nii.gz ] --winsorize-image-intensities [ 0.005, 0.995 ]  --write-composite-transform 1[0m
2026-03-27 02:37:58 |[34;20m INFO     [0m|[34;20m niworkflows      [0m|[34;20m Successful spatial normalization (retry #1).[0m
2026-03-27 02:37:58 |[34;20m INFO     [0m|[34;20m niworkflows      [0m|[34;20m Report - setting fixed (/templateflow/tpl-MNI152NLin2009cAsym/tpl-MNI152NLin2009cAsym_res-02_desc-fMRIPrep_boldref.nii.gz) and moving (/local/nvme/ds004996_52.784026/ds/tmp/mriqc_wf/funcMRIQC/SpatialNormalization/cb4fe4065fc05c89fcc260d0cbbae83bb858898b/EPI2MNI/epi_to_mni_Warped.nii.gz) images[0m
2026-03-27 02:37:58 |[34;20m INFO     [0m|[34;20m niworkflows      [0m|[34;20m Generating visual report[0m
2026-03-27 02:38:13 |[34;20m INFO     [0m|[34;20m nipype.workflow  [0m|[34;20m [Node] Finished "EPI2MNI", elapsed time 32.551865s.[0m
2026-03-27 02:38:15 |[34;20m INFO     [0m|[34;20m nipype.workflow  [0m|[34;20m [Node] Setting-up "mriqc_wf.funcMRIQC.func_report_wf.ds_report_norm" in "/local/nvme/ds004996_52.784026/ds/tmp/mriqc_wf/funcMRIQC/func_report_wf/7570e93386b038dbcab33d3dba362f6d0a78adff/ds_report_norm".[0m
2026-03-27 02:38:15 |[34;20m INFO     [0m|[34;20m nipype.workflow  [0m|[34;20m [Node] Setting-up "mriqc_wf.funcMRIQC.synthstrip_wf.final_masked" in "/local/nvme/ds004996_52.784026/ds/tmp/mriqc_wf/funcMRIQC/synthstrip_wf/7570e93386b038dbcab33d3dba362f6d0a78adff/final_masked".[0m
2026-03-27 02:38:15 |[34;20m INFO     [0m|[34;20m nipype.workflow  [0m|[34;20m [Node] Setting-up "mriqc_wf.funcMRIQC.SpatialNormalization.ResampleSegmentation" in "/local/nvme/ds004996_52.784026/ds/tmp/mriqc_wf/funcMRIQC/SpatialNormalization/7570e93386b038dbcab33d3dba362f6d0a78adff/ResampleSegmentation".[0m
2026-03-27 02:38:15 |[34;20m INFO     [0m|[34;20m nipype.workflow  [0m|[34;20m [Node] Executing "ResampleSegmentation" <nipype.interfaces.ants.resampling.ApplyTransforms>[0m
2026-03-27 02:38:15 |[34;20m INFO     [0m|[34;20m nipype.workflow  [0m|[34;20m [Node] Executing "final_masked" <niworkflows.interfaces.nibabel.ApplyMask>[0m
2026-03-27 02:38:15 |[34;20m INFO     [0m|[34;20m nipype.workflow  [0m|[34;20m [Node] Executing "ds_report_norm" <mriqc.interfaces.DerivativesDataSink>[0m
2026-03-27 02:38:15 |[34;20m INFO     [0m|[34;20m nipype.workflow  [0m|[34;20m [Node] Finished "ds_report_norm", elapsed time 0.005331s.[0m
2026-03-27 02:38:15 |[34;20m INFO     [0m|[34;20m nipype.workflow  [0m|[34;20m [Node] Finished "final_masked", elapsed time 0.040885s.[0m
2026-03-27 02:38:15 |[34;20m INFO     [0m|[34;20m nipype.workflow  [0m|[34;20m [Node] Setting-up "mriqc_wf.funcMRIQC.func_report_wf.ds_report_norm" in "/local/nvme/ds004996_52.784026/ds/tmp/mriqc_wf/funcMRIQC/func_report_wf/cb4fe4065fc05c89fcc260d0cbbae83bb858898b/ds_report_norm".[0m
2026-03-27 02:38:15 |[34;20m INFO     [0m|[34;20m nipype.workflow  [0m|[34;20m [Node] Setting-up "mriqc_wf.funcMRIQC.SpatialNormalization.ResampleSegmentation" in "/local/nvme/ds004996_52.784026/ds/tmp/mriqc_wf/funcMRIQC/SpatialNormalization/cb4fe4065fc05c89fcc260d0cbbae83bb858898b/ResampleSegmentation".[0m
2026-03-27 02:38:15 |[34;20m INFO     [0m|[34;20m nipype.workflow  [0m|[34;20m [Node] Executing "ds_report_norm" <mriqc.interfaces.DerivativesDataSink>[0m
2026-03-27 02:38:15 |[34;20m INFO     [0m|[34;20m nipype.workflow  [0m|[34;20m [Node] Executing "ResampleSegmentation" <nipype.interfaces.ants.resampling.ApplyTransforms>[0m
2026-03-27 02:38:15 |[34;20m INFO     [0m|[34;20m nipype.workflow  [0m|[34;20m [Node] Setting-up "mriqc_wf.funcMRIQC.synthstrip_wf.final_masked" in "/local/nvme/ds004996_52.784026/ds/tmp/mriqc_wf/funcMRIQC/synthstrip_wf/cb4fe4065fc05c89fcc260d0cbbae83bb858898b/final_masked".[0m
2026-03-27 02:38:15 |[34;20m INFO     [0m|[34;20m nipype.workflow  [0m|[34;20m [Node] Finished "ds_report_norm", elapsed time 0.005012s.[0m
2026-03-27 02:38:15 |[34;20m INFO     [0m|[34;20m nipype.workflow  [0m|[34;20m [Node] Executing "final_masked" <niworkflows.interfaces.nibabel.ApplyMask>[0m
2026-03-27 02:38:15 |[34;20m INFO     [0m|[34;20m nipype.workflow  [0m|[34;20m [Node] Finished "final_masked", elapsed time 0.038611s.[0m
2026-03-27 02:38:15 |[34;20m INFO     [0m|[34;20m nipype.workflow  [0m|[34;20m [Node] Setting-up "_datasink0" in "/local/nvme/ds004996_52.784026/ds/tmp/mriqc_wf/funcMRIQC/ComputeIQMs/cb4fe4065fc05c89fcc260d0cbbae83bb858898b/datasink/mapflow/_datasink0".[0m
2026-03-27 02:38:15 |[34;20m INFO     [0m|[34;20m nipype.workflow  [0m|[34;20m [Node] Executing "_datasink0" <mriqc.interfaces.bids.IQMFileSink>[0m
2026-03-27 02:38:15 |[34;20m INFO     [0m|[34;20m nipype.workflow  [0m|[34;20m [Node] Finished "_datasink0", elapsed time 0.00065s.[0m
2026-03-27 02:38:15 |[34;20m INFO     [0m|[34;20m nipype.workflow  [0m|[34;20m [Node] Setting-up "_ds_timeseries0" in "/local/nvme/ds004996_52.784026/ds/tmp/mriqc_wf/funcMRIQC/ComputeIQMs/cb4fe4065fc05c89fcc260d0cbbae83bb858898b/ds_timeseries/mapflow/_ds_timeseries0".[0m
2026-03-27 02:38:15 |[34;20m INFO     [0m|[34;20m nipype.workflow  [0m|[34;20m [Node] Executing "_ds_timeseries0" <mriqc.interfaces.DerivativesDataSink>[0m
2026-03-27 02:38:15 |[34;20m INFO     [0m|[34;20m nipype.workflow  [0m|[34;20m [Node] Finished "_ds_timeseries0", elapsed time 0.004032s.[0m
2026-03-27 02:38:15 |[34;20m INFO     [0m|[34;20m nipype.workflow  [0m|[34;20m [Node] Setting-up "_ds_report_carpet0" in "/local/nvme/ds004996_52.784026/ds/tmp/mriqc_wf/funcMRIQC/func_report_wf/0a8fb534d8c55cbaed6e9c59fb66a7f0b0790652/ds_report_carpet/mapflow/_ds_report_carpet0".[0m
2026-03-27 02:38:15 |[34;20m INFO     [0m|[34;20m nipype.workflow  [0m|[34;20m [Node] Executing "_ds_report_carpet0" <mriqc.interfaces.DerivativesDataSink>[0m
2026-03-27 02:38:15 |[34;20m INFO     [0m|[34;20m nipype.workflow  [0m|[34;20m [Node] Finished "_ds_report_carpet0", elapsed time 0.005286s.[0m
2026-03-27 02:38:17 |[34;20m INFO     [0m|[34;20m nipype.workflow  [0m|[34;20m [Node] Finished "ResampleSegmentation", elapsed time 2.414462s.[0m
2026-03-27 02:38:17 |[34;20m INFO     [0m|[34;20m nipype.workflow  [0m|[34;20m [Node] Finished "ResampleSegmentation", elapsed time 2.406679s.[0m
2026-03-27 02:38:19 |[34;20m INFO     [0m|[34;20m nipype.workflow  [0m|[34;20m [Node] Setting-up "mriqc_wf.funcMRIQC.func_report_wf.parcels" in "/local/nvme/ds004996_52.784026/ds/tmp/mriqc_wf/funcMRIQC/func_report_wf/7570e93386b038dbcab33d3dba362f6d0a78adff/parcels".[0m
2026-03-27 02:38:19 |[34;20m INFO     [0m|[34;20m nipype.workflow  [0m|[34;20m [Node] Setting-up "mriqc_wf.funcMRIQC.func_report_wf.parcels" in "/local/nvme/ds004996_52.784026/ds/tmp/mriqc_wf/funcMRIQC/func_report_wf/cb4fe4065fc05c89fcc260d0cbbae83bb858898b/parcels".[0m
2026-03-27 02:38:19 |[34;20m INFO     [0m|[34;20m nipype.workflow  [0m|[34;20m [Node] Executing "parcels" <nipype.interfaces.utility.wrappers.Function>[0m
2026-03-27 02:38:19 |[34;20m INFO     [0m|[34;20m nipype.workflow  [0m|[34;20m [Node] Executing "parcels" <nipype.interfaces.utility.wrappers.Function>[0m
2026-03-27 02:38:19 |[34;20m INFO     [0m|[34;20m nipype.workflow  [0m|[34;20m [Node] Finished "parcels", elapsed time 0.02646s.[0m
2026-03-27 02:38:19 |[34;20m INFO     [0m|[34;20m nipype.workflow  [0m|[34;20m [Node] Finished "parcels", elapsed time 0.031456s.[0m
2026-03-27 02:38:21 |[34;20m INFO     [0m|[34;20m nipype.workflow  [0m|[34;20m [Node] Setting-up "_BigPlot0" in "/local/nvme/ds004996_52.784026/ds/tmp/mriqc_wf/funcMRIQC/func_report_wf/7570e93386b038dbcab33d3dba362f6d0a78adff/BigPlot/mapflow/_BigPlot0".[0m
2026-03-27 02:38:21 |[34;20m INFO     [0m|[34;20m nipype.workflow  [0m|[34;20m [Node] Executing "_BigPlot0" <nireports.interfaces.fmri.FMRISummary>[0m
2026-03-27 02:38:21 |[34;20m INFO     [0m|[34;20m nipype.workflow  [0m|[34;20m [Node] Setting-up "_BigPlot0" in "/local/nvme/ds004996_52.784026/ds/tmp/mriqc_wf/funcMRIQC/func_report_wf/cb4fe4065fc05c89fcc260d0cbbae83bb858898b/BigPlot/mapflow/_BigPlot0".[0m
2026-03-27 02:38:21 |[34;20m INFO     [0m|[34;20m nipype.workflow  [0m|[34;20m [Node] Executing "_BigPlot0" <nireports.interfaces.fmri.FMRISummary>[0m
2026-03-27 02:38:25 |[34;20m INFO     [0m|[34;20m nipype.workflow  [0m|[34;20m [Node] Finished "_BigPlot0", elapsed time 4.309316s.[0m
2026-03-27 02:38:25 |[34;20m INFO     [0m|[34;20m nipype.workflow  [0m|[34;20m [Node] Finished "_BigPlot0", elapsed time 4.570568s.[0m
2026-03-27 02:38:27 |[34;20m INFO     [0m|[34;20m nipype.workflow  [0m|[34;20m [Node] Setting-up "_ds_report_carpet0" in "/local/nvme/ds004996_52.784026/ds/tmp/mriqc_wf/funcMRIQC/func_report_wf/7570e93386b038dbcab33d3dba362f6d0a78adff/ds_report_carpet/mapflow/_ds_report_carpet0".[0m
2026-03-27 02:38:27 |[34;20m INFO     [0m|[34;20m nipype.workflow  [0m|[34;20m [Node] Executing "_ds_report_carpet0" <mriqc.interfaces.DerivativesDataSink>[0m
2026-03-27 02:38:27 |[34;20m INFO     [0m|[34;20m nipype.workflow  [0m|[34;20m [Node] Finished "_ds_report_carpet0", elapsed time 0.004999s.[0m
2026-03-27 02:38:27 |[34;20m INFO     [0m|[34;20m nipype.workflow  [0m|[34;20m [Node] Setting-up "_ds_report_carpet0" in "/local/nvme/ds004996_52.784026/ds/tmp/mriqc_wf/funcMRIQC/func_report_wf/cb4fe4065fc05c89fcc260d0cbbae83bb858898b/ds_report_carpet/mapflow/_ds_report_carpet0".[0m
2026-03-27 02:38:27 |[34;20m INFO     [0m|[34;20m nipype.workflow  [0m|[34;20m [Node] Executing "_ds_report_carpet0" <mriqc.interfaces.DerivativesDataSink>[0m
2026-03-27 02:38:27 |[34;20m INFO     [0m|[34;20m nipype.workflow  [0m|[34;20m [Node] Finished "_ds_report_carpet0", elapsed time 0.004926s.[0m
2026-03-27 02:38:29 |[34;20m INFO     [0m|[34;20m nipype.workflow  [0m|[34;20m Generating reports...[0m
2026-03-27 02:38:29 |[34;20m INFO     [0m|[34;20m nipype.workflow  [0m|[34;20m Report generation finished (3 reports).[0m
2026-03-27 02:38:29 |[33;20m IMPORTANT [0m|[33;20m mriqc            [0m|[33;20m Participant level finished successfully averaging 00h 07min 45s per subject.[0m
2026-03-27 02:38:29 |[34;20m INFO     [0m|[34;20m mriqc            [0m|[34;20m Generating BIDS derivatives metadata.[0m
----------------------------------------------------------------
  MRIQC completed (elapsed time 00h 23min 16s).
----------------------------------------------------------------

