------------------------------------------------------------------
  Running MRIQC version 24.1.0.dev0+gd5b13cb5.d20240826
  ----------------------------------------------------------------

  NOTICE
  Copyright © The NiPreps Developers.
  
  This product includes software developed by
  the NiPreps Community (https://nipreps.org/).
  
  Portions of this software were developed at the Department of
  Psychology at Stanford University, Stanford, CA, US.
  
  This software contains code ultimately derived from the
  PCP Quality Assessment Protocol (QAP;
  http://preprocessed-connectomes-project.org/quality-assessment-protocol)
  by C. Craddock, S. Giavasis, D. Clark, Z. Shezhad, and J. Pellman.
  
  This software is also distributed as a Docker container image.
  The bootstrapping file for the image ("Dockerfile") is licensed
  under the MIT License.

  ----------------------------------------------------------------

  * BIDS dataset path: /local/nvme/ds004996_27.784026/ds/sourcedata/raw.
  * Output folder: mriqc.
  * Analysis levels: ['participant'].
------------------------------------------------------------------

2026-03-27 02:10:05 |[33;20m IMPORTANT [0m|[33;20m mriqc            [0m|[33;20m Extracting metadata and entities for 3 input runs of modality 'bold'...[0m
2026-03-27 02:10:05 |[33;20m IMPORTANT [0m|[33;20m mriqc            [0m|[33;20m File size ('bold'): 0.41|0.41 GB [maximum|average].[0m
2026-03-27 02:10:05 |[34;20m INFO     [0m|[34;20m mriqc            [0m|[34;20m MRIQC config file: /local/nvme/ds004996_27.784026/ds/tmp/config-20260327-021000_9aeeb80c-6d7a-431a-ac4a-b55d94be24ab.toml.[0m
2026-03-27 02:10:13 |[34;20m INFO     [0m|[34;20m matplotlib.font_manager [0m|[34;20m generated new fontManager[0m
2026-03-27 02:10:14 |[33;20m IMPORTANT [0m|[33;20m mriqc            [0m|[33;20m Building MRIQC's workflows...[0m
2026-03-27 02:10:14 |[34;20m INFO     [0m|[34;20m nipype.workflow  [0m|[34;20m Building functional MRIQC workflow for 3 BOLD runs..[0m
2026-03-27 02:10:20 |[33;20m IMPORTANT [0m|[33;20m mriqc            [0m|[33;20m Workflow building finished (exit code 0).[0m
2026-03-27 02:10:25 |[34;20m INFO     [0m|[34;20m nipype.workflow  [0m|[34;20m Workflow mriqc_wf settings: ['check', 'execution', 'logging', 'monitoring'][0m
2026-03-27 02:10:25 |[34;20m INFO     [0m|[34;20m nipype.workflow  [0m|[34;20m [Node] Setting-up "mriqc_wf.funcMRIQC.pick_echo" in "/local/nvme/ds004996_27.784026/ds/tmp/mriqc_wf/funcMRIQC/56d7e79ebfe05c4353507e67c5321adcd411894f/pick_echo".[0m
2026-03-27 02:10:25 |[34;20m INFO     [0m|[34;20m nipype.workflow  [0m|[34;20m [Node] Setting-up "_provenance0" in "/local/nvme/ds004996_27.784026/ds/tmp/mriqc_wf/funcMRIQC/ComputeIQMs/56d7e79ebfe05c4353507e67c5321adcd411894f/provenance/mapflow/_provenance0".[0m
2026-03-27 02:10:25 |[34;20m INFO     [0m|[34;20m nipype.workflow  [0m|[34;20m [Node] Executing "pick_echo" <mriqc.interfaces.functional.SelectEcho>[0m
2026-03-27 02:10:25 |[34;20m INFO     [0m|[34;20m nipype.workflow  [0m|[34;20m [Node] Executing "_provenance0" <mriqc.interfaces.reports.AddProvenance>[0m
2026-03-27 02:10:25 |[34;20m INFO     [0m|[34;20m nipype.workflow  [0m|[34;20m [Node] Finished "pick_echo", elapsed time 0.000518s.[0m
2026-03-27 02:10:26 |[34;20m INFO     [0m|[34;20m nipype.workflow  [0m|[34;20m [Node] Finished "_provenance0", elapsed time 0.820112s.[0m
2026-03-27 02:10:26 |[34;20m INFO     [0m|[34;20m nipype.workflow  [0m|[34;20m [Node] Setting-up "_provenance0" in "/local/nvme/ds004996_27.784026/ds/tmp/mriqc_wf/funcMRIQC/ComputeIQMs/55240b91343f9c68251fd78dc4a930991431dda8/provenance/mapflow/_provenance0".[0m
2026-03-27 02:10:26 |[34;20m INFO     [0m|[34;20m nipype.workflow  [0m|[34;20m [Node] Setting-up "mriqc_wf.funcMRIQC.pick_echo" in "/local/nvme/ds004996_27.784026/ds/tmp/mriqc_wf/funcMRIQC/55240b91343f9c68251fd78dc4a930991431dda8/pick_echo".[0m
2026-03-27 02:10:26 |[34;20m INFO     [0m|[34;20m nipype.workflow  [0m|[34;20m [Node] Executing "_provenance0" <mriqc.interfaces.reports.AddProvenance>[0m
2026-03-27 02:10:26 |[34;20m INFO     [0m|[34;20m nipype.workflow  [0m|[34;20m [Node] Executing "pick_echo" <mriqc.interfaces.functional.SelectEcho>[0m
2026-03-27 02:10:26 |[34;20m INFO     [0m|[34;20m nipype.workflow  [0m|[34;20m [Node] Finished "pick_echo", elapsed time 0.000553s.[0m
2026-03-27 02:10:27 |[34;20m INFO     [0m|[34;20m nipype.workflow  [0m|[34;20m [Node] Finished "_provenance0", elapsed time 0.803681s.[0m
2026-03-27 02:10:27 |[34;20m INFO     [0m|[34;20m nipype.workflow  [0m|[34;20m [Node] Setting-up "_provenance0" in "/local/nvme/ds004996_27.784026/ds/tmp/mriqc_wf/funcMRIQC/ComputeIQMs/9bf31fa3abe505966297908f49a5fecbb60e8b56/provenance/mapflow/_provenance0".[0m
2026-03-27 02:10:27 |[34;20m INFO     [0m|[34;20m nipype.workflow  [0m|[34;20m [Node] Setting-up "mriqc_wf.funcMRIQC.pick_echo" in "/local/nvme/ds004996_27.784026/ds/tmp/mriqc_wf/funcMRIQC/9bf31fa3abe505966297908f49a5fecbb60e8b56/pick_echo".[0m
2026-03-27 02:10:27 |[34;20m INFO     [0m|[34;20m nipype.workflow  [0m|[34;20m [Node] Executing "_provenance0" <mriqc.interfaces.reports.AddProvenance>[0m
2026-03-27 02:10:27 |[34;20m INFO     [0m|[34;20m nipype.workflow  [0m|[34;20m [Node] Executing "pick_echo" <mriqc.interfaces.functional.SelectEcho>[0m
2026-03-27 02:10:27 |[34;20m INFO     [0m|[34;20m nipype.workflow  [0m|[34;20m [Node] Finished "pick_echo", elapsed time 0.000518s.[0m
2026-03-27 02:10:28 |[34;20m INFO     [0m|[34;20m nipype.workflow  [0m|[34;20m [Node] Finished "_provenance0", elapsed time 0.803265s.[0m
2026-03-27 02:10:28 |[34;20m INFO     [0m|[34;20m nipype.workflow  [0m|[34;20m [Node] Setting-up "mriqc_wf.funcMRIQC.non_steady_state_detector" in "/local/nvme/ds004996_27.784026/ds/tmp/mriqc_wf/funcMRIQC/56d7e79ebfe05c4353507e67c5321adcd411894f/non_steady_state_detector".[0m
2026-03-27 02:10:28 |[34;20m INFO     [0m|[34;20m nipype.workflow  [0m|[34;20m [Node] Setting-up "mriqc_wf.funcMRIQC.non_steady_state_detector" in "/local/nvme/ds004996_27.784026/ds/tmp/mriqc_wf/funcMRIQC/55240b91343f9c68251fd78dc4a930991431dda8/non_steady_state_detector".[0m
2026-03-27 02:10:28 |[34;20m INFO     [0m|[34;20m nipype.workflow  [0m|[34;20m [Node] Setting-up "mriqc_wf.funcMRIQC.non_steady_state_detector" in "/local/nvme/ds004996_27.784026/ds/tmp/mriqc_wf/funcMRIQC/9bf31fa3abe505966297908f49a5fecbb60e8b56/non_steady_state_detector".[0m
2026-03-27 02:10:28 |[34;20m INFO     [0m|[34;20m nipype.workflow  [0m|[34;20m [Node] Executing "non_steady_state_detector" <nipype.algorithms.confounds.NonSteadyStateDetector>[0m
2026-03-27 02:10:28 |[34;20m INFO     [0m|[34;20m nipype.workflow  [0m|[34;20m [Node] Executing "non_steady_state_detector" <nipype.algorithms.confounds.NonSteadyStateDetector>[0m
2026-03-27 02:10:28 |[34;20m INFO     [0m|[34;20m nipype.workflow  [0m|[34;20m [Node] Executing "non_steady_state_detector" <nipype.algorithms.confounds.NonSteadyStateDetector>[0m
2026-03-27 02:10:28 |[34;20m INFO     [0m|[34;20m nipype.workflow  [0m|[34;20m [Node] Finished "non_steady_state_detector", elapsed time 0.027826s.[0m
2026-03-27 02:10:28 |[34;20m INFO     [0m|[34;20m nipype.workflow  [0m|[34;20m [Node] Finished "non_steady_state_detector", elapsed time 0.033474s.[0m
2026-03-27 02:10:28 |[34;20m INFO     [0m|[34;20m nipype.workflow  [0m|[34;20m [Node] Finished "non_steady_state_detector", elapsed time 0.033596s.[0m
2026-03-27 02:10:30 |[34;20m INFO     [0m|[34;20m nipype.workflow  [0m|[34;20m [Node] Setting-up "_sanitize0" in "/local/nvme/ds004996_27.784026/ds/tmp/mriqc_wf/funcMRIQC/9bf31fa3abe505966297908f49a5fecbb60e8b56/sanitize/mapflow/_sanitize0".[0m
2026-03-27 02:10:30 |[34;20m INFO     [0m|[34;20m nipype.workflow  [0m|[34;20m [Node] Setting-up "_sanitize0" in "/local/nvme/ds004996_27.784026/ds/tmp/mriqc_wf/funcMRIQC/56d7e79ebfe05c4353507e67c5321adcd411894f/sanitize/mapflow/_sanitize0".[0m
2026-03-27 02:10:30 |[34;20m INFO     [0m|[34;20m nipype.workflow  [0m|[34;20m [Node] Setting-up "_sanitize0" in "/local/nvme/ds004996_27.784026/ds/tmp/mriqc_wf/funcMRIQC/55240b91343f9c68251fd78dc4a930991431dda8/sanitize/mapflow/_sanitize0".[0m
2026-03-27 02:10:30 |[34;20m INFO     [0m|[34;20m nipype.workflow  [0m|[34;20m [Node] Executing "_sanitize0" <niworkflows.interfaces.header.SanitizeImage>[0m
2026-03-27 02:10:30 |[34;20m INFO     [0m|[34;20m nipype.workflow  [0m|[34;20m [Node] Executing "_sanitize0" <niworkflows.interfaces.header.SanitizeImage>[0m
2026-03-27 02:10:30 |[34;20m INFO     [0m|[34;20m nipype.workflow  [0m|[34;20m [Node] Executing "_sanitize0" <niworkflows.interfaces.header.SanitizeImage>[0m
2026-03-27 02:10:31 |[34;20m INFO     [0m|[34;20m nipype.workflow  [0m|[34;20m [Node] Finished "_sanitize0", elapsed time 0.717337s.[0m
2026-03-27 02:10:31 |[34;20m INFO     [0m|[34;20m nipype.workflow  [0m|[34;20m [Node] Finished "_sanitize0", elapsed time 0.726068s.[0m
2026-03-27 02:10:31 |[34;20m INFO     [0m|[34;20m nipype.workflow  [0m|[34;20m [Node] Finished "_sanitize0", elapsed time 0.745947s.[0m
2026-03-27 02:10:32 |[34;20m INFO     [0m|[34;20m nipype.workflow  [0m|[34;20m [Node] Setting-up "mriqc_wf.funcMRIQC.fMRI_HMC.estimate_hm" in "/local/nvme/ds004996_27.784026/ds/tmp/mriqc_wf/funcMRIQC/fMRI_HMC/56d7e79ebfe05c4353507e67c5321adcd411894f/estimate_hm".[0m
2026-03-27 02:10:32 |[34;20m INFO     [0m|[34;20m nipype.workflow  [0m|[34;20m [Node] Setting-up "mriqc_wf.funcMRIQC.fMRI_HMC.estimate_hm" in "/local/nvme/ds004996_27.784026/ds/tmp/mriqc_wf/funcMRIQC/fMRI_HMC/55240b91343f9c68251fd78dc4a930991431dda8/estimate_hm".[0m
2026-03-27 02:10:32 |[34;20m INFO     [0m|[34;20m nipype.workflow  [0m|[34;20m [Node] Executing "estimate_hm" <nipype.interfaces.afni.preprocess.Volreg>[0m
2026-03-27 02:10:32 |[34;20m INFO     [0m|[34;20m nipype.workflow  [0m|[34;20m [Node] Setting-up "mriqc_wf.funcMRIQC.fMRI_HMC.estimate_hm" in "/local/nvme/ds004996_27.784026/ds/tmp/mriqc_wf/funcMRIQC/fMRI_HMC/9bf31fa3abe505966297908f49a5fecbb60e8b56/estimate_hm".[0m
2026-03-27 02:10:32 |[34;20m INFO     [0m|[34;20m nipype.workflow  [0m|[34;20m [Node] Executing "estimate_hm" <nipype.interfaces.afni.preprocess.Volreg>[0m
2026-03-27 02:10:32 |[34;20m INFO     [0m|[34;20m nipype.workflow  [0m|[34;20m [Node] Setting-up "_SpikesMask0" in "/local/nvme/ds004996_27.784026/ds/tmp/mriqc_wf/funcMRIQC/func_report_wf/56d7e79ebfe05c4353507e67c5321adcd411894f/SpikesMask/mapflow/_SpikesMask0".[0m
2026-03-27 02:10:32 |[34;20m INFO     [0m|[34;20m nipype.workflow  [0m|[34;20m [Node] Executing "estimate_hm" <nipype.interfaces.afni.preprocess.Volreg>[0m
2026-03-27 02:10:32 |[34;20m INFO     [0m|[34;20m nipype.workflow  [0m|[34;20m [Node] Executing "_SpikesMask0" <nipype.interfaces.utility.wrappers.Function>[0m
2026-03-27 02:10:32 |[34;20m INFO     [0m|[34;20m nipype.workflow  [0m|[34;20m [Node] Setting-up "_SpikesMask0" in "/local/nvme/ds004996_27.784026/ds/tmp/mriqc_wf/funcMRIQC/func_report_wf/9bf31fa3abe505966297908f49a5fecbb60e8b56/SpikesMask/mapflow/_SpikesMask0".[0m
2026-03-27 02:10:32 |[34;20m INFO     [0m|[34;20m nipype.workflow  [0m|[34;20m [Node] Setting-up "_SpikesMask0" in "/local/nvme/ds004996_27.784026/ds/tmp/mriqc_wf/funcMRIQC/func_report_wf/55240b91343f9c68251fd78dc4a930991431dda8/SpikesMask/mapflow/_SpikesMask0".[0m
2026-03-27 02:10:32 |[34;20m INFO     [0m|[34;20m nipype.workflow  [0m|[34;20m [Node] Executing "_SpikesMask0" <nipype.interfaces.utility.wrappers.Function>[0m
2026-03-27 02:10:32 |[34;20m INFO     [0m|[34;20m nipype.workflow  [0m|[34;20m [Node] Executing "_SpikesMask0" <nipype.interfaces.utility.wrappers.Function>[0m
2026-03-27 02:10:34 |[34;20m INFO     [0m|[34;20m nipype.workflow  [0m|[34;20m [Node] Finished "_SpikesMask0", elapsed time 1.532064s.[0m
2026-03-27 02:10:34 |[34;20m INFO     [0m|[34;20m nipype.workflow  [0m|[34;20m [Node] Finished "_SpikesMask0", elapsed time 1.606923s.[0m
2026-03-27 02:10:34 |[34;20m INFO     [0m|[34;20m nipype.workflow  [0m|[34;20m [Node] Finished "_SpikesMask0", elapsed time 1.952998s.[0m
2026-03-27 02:10:34 |[34;20m INFO     [0m|[34;20m nipype.workflow  [0m|[34;20m [Node] Setting-up "_SpikesFinderBgMask0" in "/local/nvme/ds004996_27.784026/ds/tmp/mriqc_wf/funcMRIQC/func_report_wf/55240b91343f9c68251fd78dc4a930991431dda8/SpikesFinderBgMask/mapflow/_SpikesFinderBgMask0".[0m
2026-03-27 02:10:34 |[34;20m INFO     [0m|[34;20m nipype.workflow  [0m|[34;20m [Node] Setting-up "_SpikesFinderBgMask0" in "/local/nvme/ds004996_27.784026/ds/tmp/mriqc_wf/funcMRIQC/func_report_wf/9bf31fa3abe505966297908f49a5fecbb60e8b56/SpikesFinderBgMask/mapflow/_SpikesFinderBgMask0".[0m
2026-03-27 02:10:34 |[34;20m INFO     [0m|[34;20m nipype.workflow  [0m|[34;20m [Node] Executing "_SpikesFinderBgMask0" <mriqc.interfaces.functional.Spikes>[0m
2026-03-27 02:10:34 |[34;20m INFO     [0m|[34;20m nipype.workflow  [0m|[34;20m [Node] Executing "_SpikesFinderBgMask0" <mriqc.interfaces.functional.Spikes>[0m
2026-03-27 02:10:36 |[34;20m INFO     [0m|[34;20m nipype.workflow  [0m|[34;20m [Node] Setting-up "_SpikesFinderBgMask0" in "/local/nvme/ds004996_27.784026/ds/tmp/mriqc_wf/funcMRIQC/func_report_wf/56d7e79ebfe05c4353507e67c5321adcd411894f/SpikesFinderBgMask/mapflow/_SpikesFinderBgMask0".[0m
2026-03-27 02:10:36 |[34;20m INFO     [0m|[34;20m nipype.workflow  [0m|[34;20m [Node] Executing "_SpikesFinderBgMask0" <mriqc.interfaces.functional.Spikes>[0m
2026-03-27 02:10:37 |[34;20m INFO     [0m|[34;20m nipype.workflow  [0m|[34;20m [Node] Finished "_SpikesFinderBgMask0", elapsed time 2.75086s.[0m
2026-03-27 02:10:37 |[34;20m INFO     [0m|[34;20m nipype.workflow  [0m|[34;20m [Node] Finished "_SpikesFinderBgMask0", elapsed time 2.804865s.[0m
2026-03-27 02:10:39 |[34;20m INFO     [0m|[34;20m nipype.workflow  [0m|[34;20m [Node] Finished "_SpikesFinderBgMask0", elapsed time 3.158526s.[0m
2026-03-27 02:26:43 |[34;20m INFO     [0m|[34;20m nipype.workflow  [0m|[34;20m [Node] Finished "estimate_hm", elapsed time 971.286267s.[0m
2026-03-27 02:26:44 |[34;20m INFO     [0m|[34;20m nipype.workflow  [0m|[34;20m [Node] Setting-up "mriqc_wf.funcMRIQC.fMRI_HMC.ComputeFD" in "/local/nvme/ds004996_27.784026/ds/tmp/mriqc_wf/funcMRIQC/fMRI_HMC/56d7e79ebfe05c4353507e67c5321adcd411894f/ComputeFD".[0m
2026-03-27 02:26:44 |[34;20m INFO     [0m|[34;20m nipype.workflow  [0m|[34;20m [Node] Executing "ComputeFD" <nipype.algorithms.confounds.FramewiseDisplacement>[0m
2026-03-27 02:26:44 |[34;20m INFO     [0m|[34;20m nipype.workflow  [0m|[34;20m [Node] Finished "ComputeFD", elapsed time 0.007312s.[0m
2026-03-27 02:26:46 |[34;20m INFO     [0m|[34;20m nipype.workflow  [0m|[34;20m [Node] Finished "estimate_hm", elapsed time 973.941063s.[0m
2026-03-27 02:26:48 |[34;20m INFO     [0m|[34;20m nipype.workflow  [0m|[34;20m [Node] Setting-up "mriqc_wf.funcMRIQC.fMRI_HMC.ComputeFD" in "/local/nvme/ds004996_27.784026/ds/tmp/mriqc_wf/funcMRIQC/fMRI_HMC/55240b91343f9c68251fd78dc4a930991431dda8/ComputeFD".[0m
2026-03-27 02:26:48 |[34;20m INFO     [0m|[34;20m nipype.workflow  [0m|[34;20m [Node] Executing "ComputeFD" <nipype.algorithms.confounds.FramewiseDisplacement>[0m
2026-03-27 02:26:48 |[34;20m INFO     [0m|[34;20m nipype.workflow  [0m|[34;20m [Node] Finished "ComputeFD", elapsed time 0.007321s.[0m
2026-03-27 02:27:09 |[34;20m INFO     [0m|[34;20m nipype.workflow  [0m|[34;20m [Node] Finished "estimate_hm", elapsed time 996.698842s.[0m
2026-03-27 02:27:10 |[34;20m INFO     [0m|[34;20m nipype.workflow  [0m|[34;20m [Node] Setting-up "_apply_hmc0" in "/local/nvme/ds004996_27.784026/ds/tmp/mriqc_wf/funcMRIQC/fMRI_HMC/56d7e79ebfe05c4353507e67c5321adcd411894f/apply_hmc/mapflow/_apply_hmc0".[0m
2026-03-27 02:27:10 |[34;20m INFO     [0m|[34;20m nipype.workflow  [0m|[34;20m [Node] Executing "_apply_hmc0" <nipype.interfaces.utility.wrappers.Function>[0m
2026-03-27 02:27:31 |[34;20m INFO     [0m|[34;20m nipype.workflow  [0m|[34;20m [Node] Finished "_apply_hmc0", elapsed time 20.440882s.[0m
2026-03-27 02:27:32 |[34;20m INFO     [0m|[34;20m nipype.workflow  [0m|[34;20m [Node] Setting-up "_apply_hmc0" in "/local/nvme/ds004996_27.784026/ds/tmp/mriqc_wf/funcMRIQC/fMRI_HMC/55240b91343f9c68251fd78dc4a930991431dda8/apply_hmc/mapflow/_apply_hmc0".[0m
2026-03-27 02:27:32 |[34;20m INFO     [0m|[34;20m nipype.workflow  [0m|[34;20m [Node] Executing "_apply_hmc0" <nipype.interfaces.utility.wrappers.Function>[0m
2026-03-27 02:27:53 |[34;20m INFO     [0m|[34;20m nipype.workflow  [0m|[34;20m [Node] Finished "_apply_hmc0", elapsed time 20.462009s.[0m
2026-03-27 02:27:54 |[34;20m INFO     [0m|[34;20m nipype.workflow  [0m|[34;20m [Node] Setting-up "_apply_hmc0" in "/local/nvme/ds004996_27.784026/ds/tmp/mriqc_wf/funcMRIQC/fMRI_HMC/9bf31fa3abe505966297908f49a5fecbb60e8b56/apply_hmc/mapflow/_apply_hmc0".[0m
2026-03-27 02:27:54 |[34;20m INFO     [0m|[34;20m nipype.workflow  [0m|[34;20m [Node] Executing "_apply_hmc0" <nipype.interfaces.utility.wrappers.Function>[0m
2026-03-27 02:28:15 |[34;20m INFO     [0m|[34;20m nipype.workflow  [0m|[34;20m [Node] Finished "_apply_hmc0", elapsed time 21.128657s.[0m
2026-03-27 02:28:16 |[34;20m INFO     [0m|[34;20m nipype.workflow  [0m|[34;20m [Node] Setting-up "mriqc_wf.funcMRIQC.fMRI_HMC.ComputeFD" in "/local/nvme/ds004996_27.784026/ds/tmp/mriqc_wf/funcMRIQC/fMRI_HMC/9bf31fa3abe505966297908f49a5fecbb60e8b56/ComputeFD".[0m
2026-03-27 02:28:16 |[34;20m INFO     [0m|[34;20m nipype.workflow  [0m|[34;20m [Node] Executing "ComputeFD" <nipype.algorithms.confounds.FramewiseDisplacement>[0m
2026-03-27 02:28:16 |[34;20m INFO     [0m|[34;20m nipype.workflow  [0m|[34;20m [Node] Setting-up "_mean0" in "/local/nvme/ds004996_27.784026/ds/tmp/mriqc_wf/funcMRIQC/56d7e79ebfe05c4353507e67c5321adcd411894f/mean/mapflow/_mean0".[0m
2026-03-27 02:28:16 |[34;20m INFO     [0m|[34;20m nipype.workflow  [0m|[34;20m [Node] Executing "_mean0" <nipype.interfaces.afni.utils.TStat>[0m
2026-03-27 02:28:16 |[34;20m INFO     [0m|[34;20m nipype.workflow  [0m|[34;20m [Node] Setting-up "_compute_tsnr0" in "/local/nvme/ds004996_27.784026/ds/tmp/mriqc_wf/funcMRIQC/56d7e79ebfe05c4353507e67c5321adcd411894f/compute_tsnr/mapflow/_compute_tsnr0".[0m
2026-03-27 02:28:16 |[34;20m INFO     [0m|[34;20m nipype.workflow  [0m|[34;20m [Node] Setting-up "_quality0" in "/local/nvme/ds004996_27.784026/ds/tmp/mriqc_wf/funcMRIQC/ComputeIQMs/56d7e79ebfe05c4353507e67c5321adcd411894f/quality/mapflow/_quality0".[0m
2026-03-27 02:28:16 |[34;20m INFO     [0m|[34;20m nipype.workflow  [0m|[34;20m [Node] Setting-up "_mean0" in "/local/nvme/ds004996_27.784026/ds/tmp/mriqc_wf/funcMRIQC/55240b91343f9c68251fd78dc4a930991431dda8/mean/mapflow/_mean0".[0m
2026-03-27 02:28:16 |[34;20m INFO     [0m|[34;20m nipype.workflow  [0m|[34;20m [Node] Executing "_compute_tsnr0" <nipype.algorithms.confounds.TSNR>[0m
2026-03-27 02:28:16 |[34;20m INFO     [0m|[34;20m nipype.workflow  [0m|[34;20m [Node] Executing "_mean0" <nipype.interfaces.afni.utils.TStat>[0m
2026-03-27 02:28:16 |[34;20m INFO     [0m|[34;20m nipype.workflow  [0m|[34;20m [Node] Executing "_quality0" <nipype.interfaces.afni.preprocess.QualityIndex>[0m
2026-03-27 02:28:16 |[34;20m INFO     [0m|[34;20m nipype.workflow  [0m|[34;20m [Node] Setting-up "_mean0" in "/local/nvme/ds004996_27.784026/ds/tmp/mriqc_wf/funcMRIQC/9bf31fa3abe505966297908f49a5fecbb60e8b56/mean/mapflow/_mean0".[0m
2026-03-27 02:28:16 |[34;20m INFO     [0m|[34;20m nipype.workflow  [0m|[34;20m [Node] Setting-up "_quality0" in "/local/nvme/ds004996_27.784026/ds/tmp/mriqc_wf/funcMRIQC/ComputeIQMs/55240b91343f9c68251fd78dc4a930991431dda8/quality/mapflow/_quality0".[0m
2026-03-27 02:28:16 |[34;20m INFO     [0m|[34;20m nipype.workflow  [0m|[34;20m [Node] Finished "ComputeFD", elapsed time 0.009809s.[0m
2026-03-27 02:28:16 |[34;20m INFO     [0m|[34;20m nipype.workflow  [0m|[34;20m [Node] Executing "_quality0" <nipype.interfaces.afni.preprocess.QualityIndex>[0m
2026-03-27 02:28:16 |[34;20m INFO     [0m|[34;20m nipype.workflow  [0m|[34;20m [Node] Executing "_mean0" <nipype.interfaces.afni.utils.TStat>[0m
2026-03-27 02:28:16 |[34;20m INFO     [0m|[34;20m nipype.workflow  [0m|[34;20m [Node] Setting-up "_compute_tsnr0" in "/local/nvme/ds004996_27.784026/ds/tmp/mriqc_wf/funcMRIQC/55240b91343f9c68251fd78dc4a930991431dda8/compute_tsnr/mapflow/_compute_tsnr0".[0m
2026-03-27 02:28:16 |[34;20m INFO     [0m|[34;20m nipype.workflow  [0m|[34;20m [Node] Executing "_compute_tsnr0" <nipype.algorithms.confounds.TSNR>[0m
2026-03-27 02:28:18 |[34;20m INFO     [0m|[34;20m nipype.workflow  [0m|[34;20m [Node] Finished "_compute_tsnr0", elapsed time 1.887643s.[0m
2026-03-27 02:28:18 |[34;20m INFO     [0m|[34;20m nipype.workflow  [0m|[34;20m [Node] Finished "_compute_tsnr0", elapsed time 1.961242s.[0m
2026-03-27 02:28:18 |[34;20m INFO     [0m|[34;20m nipype.workflow  [0m|[34;20m [Node] Setting-up "_compute_tsnr0" in "/local/nvme/ds004996_27.784026/ds/tmp/mriqc_wf/funcMRIQC/9bf31fa3abe505966297908f49a5fecbb60e8b56/compute_tsnr/mapflow/_compute_tsnr0".[0m
2026-03-27 02:28:18 |[34;20m INFO     [0m|[34;20m nipype.workflow  [0m|[34;20m [Node] Executing "_compute_tsnr0" <nipype.algorithms.confounds.TSNR>[0m
2026-03-27 02:28:19 |[34;20m INFO     [0m|[34;20m nipype.workflow  [0m|[34;20m [Node] Finished "_mean0", elapsed time 3.211598s.[0m
2026-03-27 02:28:19 |[34;20m INFO     [0m|[34;20m nipype.workflow  [0m|[34;20m [Node] Finished "_mean0", elapsed time 3.230467s.[0m
2026-03-27 02:28:20 |[34;20m INFO     [0m|[34;20m nipype.workflow  [0m|[34;20m [Node] Finished "_mean0", elapsed time 3.6642s.[0m
2026-03-27 02:28:20 |[34;20m INFO     [0m|[34;20m nipype.workflow  [0m|[34;20m [Node] Setting-up "mriqc_wf.funcMRIQC.SpatialNormalization.SharpenEPI" in "/local/nvme/ds004996_27.784026/ds/tmp/mriqc_wf/funcMRIQC/SpatialNormalization/56d7e79ebfe05c4353507e67c5321adcd411894f/SharpenEPI".[0m
2026-03-27 02:28:20 |[34;20m INFO     [0m|[34;20m nipype.workflow  [0m|[34;20m [Node] Setting-up "mriqc_wf.funcMRIQC.synthstrip_wf.pre_clip" in "/local/nvme/ds004996_27.784026/ds/tmp/mriqc_wf/funcMRIQC/synthstrip_wf/56d7e79ebfe05c4353507e67c5321adcd411894f/pre_clip".[0m
2026-03-27 02:28:20 |[34;20m INFO     [0m|[34;20m nipype.workflow  [0m|[34;20m [Node] Executing "SharpenEPI" <nipype.interfaces.ants.segmentation.N4BiasFieldCorrection>[0m
2026-03-27 02:28:20 |[34;20m INFO     [0m|[34;20m nipype.workflow  [0m|[34;20m [Node] Executing "pre_clip" <niworkflows.interfaces.nibabel.IntensityClip>[0m
2026-03-27 02:28:20 |[34;20m INFO     [0m|[34;20m nipype.workflow  [0m|[34;20m [Node] Setting-up "_quality0" in "/local/nvme/ds004996_27.784026/ds/tmp/mriqc_wf/funcMRIQC/ComputeIQMs/9bf31fa3abe505966297908f49a5fecbb60e8b56/quality/mapflow/_quality0".[0m
2026-03-27 02:28:20 |[34;20m INFO     [0m|[34;20m nipype.workflow  [0m|[34;20m [Node] Setting-up "_PlotMosaicMean0" in "/local/nvme/ds004996_27.784026/ds/tmp/mriqc_wf/funcMRIQC/func_report_wf/56d7e79ebfe05c4353507e67c5321adcd411894f/PlotMosaicMean/mapflow/_PlotMosaicMean0".[0m
2026-03-27 02:28:20 |[34;20m INFO     [0m|[34;20m nipype.workflow  [0m|[34;20m [Node] Executing "_quality0" <nipype.interfaces.afni.preprocess.QualityIndex>[0m
2026-03-27 02:28:20 |[34;20m INFO     [0m|[34;20m nipype.workflow  [0m|[34;20m [Node] Executing "_PlotMosaicMean0" <nireports.interfaces.mosaic.PlotMosaic>[0m
2026-03-27 02:28:20 |[34;20m INFO     [0m|[34;20m nipype.workflow  [0m|[34;20m [Node] Setting-up "_PlotMosaicNoise0" in "/local/nvme/ds004996_27.784026/ds/tmp/mriqc_wf/funcMRIQC/func_report_wf/56d7e79ebfe05c4353507e67c5321adcd411894f/PlotMosaicNoise/mapflow/_PlotMosaicNoise0".[0m
2026-03-27 02:28:20 |[34;20m INFO     [0m|[34;20m nipype.workflow  [0m|[34;20m [Node] Executing "_PlotMosaicNoise0" <nireports.interfaces.mosaic.PlotMosaic>[0m
2026-03-27 02:28:21 |[34;20m INFO     [0m|[34;20m nipype.workflow  [0m|[34;20m [Node] Finished "pre_clip", elapsed time 0.877553s.[0m
2026-03-27 02:28:21 |[34;20m INFO     [0m|[34;20m nipype.workflow  [0m|[34;20m [Node] Finished "_compute_tsnr0", elapsed time 2.903286s.[0m
2026-03-27 02:28:22 |[34;20m INFO     [0m|[34;20m nipype.workflow  [0m|[34;20m [Node] Finished "_PlotMosaicMean0", elapsed time 1.428128s.[0m
2026-03-27 02:28:22 |[34;20m INFO     [0m|[34;20m nipype.workflow  [0m|[34;20m [Node] Finished "_PlotMosaicNoise0", elapsed time 1.766367s.[0m
2026-03-27 02:28:22 |[34;20m INFO     [0m|[34;20m nipype.workflow  [0m|[34;20m [Node] Setting-up "mriqc_wf.funcMRIQC.SpatialNormalization.SharpenEPI" in "/local/nvme/ds004996_27.784026/ds/tmp/mriqc_wf/funcMRIQC/SpatialNormalization/55240b91343f9c68251fd78dc4a930991431dda8/SharpenEPI".[0m
2026-03-27 02:28:22 |[34;20m INFO     [0m|[34;20m nipype.workflow  [0m|[34;20m [Node] Setting-up "mriqc_wf.funcMRIQC.synthstrip_wf.pre_clip" in "/local/nvme/ds004996_27.784026/ds/tmp/mriqc_wf/funcMRIQC/synthstrip_wf/55240b91343f9c68251fd78dc4a930991431dda8/pre_clip".[0m
2026-03-27 02:28:22 |[34;20m INFO     [0m|[34;20m nipype.workflow  [0m|[34;20m [Node] Executing "SharpenEPI" <nipype.interfaces.ants.segmentation.N4BiasFieldCorrection>[0m
2026-03-27 02:28:22 |[34;20m INFO     [0m|[34;20m nipype.workflow  [0m|[34;20m [Node] Setting-up "_PlotMosaicSD0" in "/local/nvme/ds004996_27.784026/ds/tmp/mriqc_wf/funcMRIQC/func_report_wf/56d7e79ebfe05c4353507e67c5321adcd411894f/PlotMosaicSD/mapflow/_PlotMosaicSD0".[0m
2026-03-27 02:28:22 |[34;20m INFO     [0m|[34;20m nipype.workflow  [0m|[34;20m [Node] Executing "_PlotMosaicSD0" <nireports.interfaces.mosaic.PlotMosaic>[0m
2026-03-27 02:28:22 |[34;20m INFO     [0m|[34;20m nipype.workflow  [0m|[34;20m [Node] Setting-up "_PlotMosaicMean0" in "/local/nvme/ds004996_27.784026/ds/tmp/mriqc_wf/funcMRIQC/func_report_wf/55240b91343f9c68251fd78dc4a930991431dda8/PlotMosaicMean/mapflow/_PlotMosaicMean0".[0m
2026-03-27 02:28:22 |[34;20m INFO     [0m|[34;20m nipype.workflow  [0m|[34;20m [Node] Executing "_PlotMosaicMean0" <nireports.interfaces.mosaic.PlotMosaic>[0m
2026-03-27 02:28:22 |[34;20m INFO     [0m|[34;20m nipype.workflow  [0m|[34;20m [Node] Executing "pre_clip" <niworkflows.interfaces.nibabel.IntensityClip>[0m
2026-03-27 02:28:23 |[34;20m INFO     [0m|[34;20m nipype.workflow  [0m|[34;20m [Node] Finished "pre_clip", elapsed time 0.87313s.[0m
2026-03-27 02:28:24 |[34;20m INFO     [0m|[34;20m nipype.workflow  [0m|[34;20m [Node] Finished "_PlotMosaicSD0", elapsed time 1.555069s.[0m
2026-03-27 02:28:24 |[34;20m INFO     [0m|[34;20m nipype.workflow  [0m|[34;20m [Node] Finished "_PlotMosaicMean0", elapsed time 1.760348s.[0m
2026-03-27 02:28:24 |[34;20m INFO     [0m|[34;20m nipype.workflow  [0m|[34;20m [Node] Setting-up "mriqc_wf.funcMRIQC.synthstrip_wf.pre_clip" in "/local/nvme/ds004996_27.784026/ds/tmp/mriqc_wf/funcMRIQC/synthstrip_wf/9bf31fa3abe505966297908f49a5fecbb60e8b56/pre_clip".[0m
2026-03-27 02:28:24 |[34;20m INFO     [0m|[34;20m nipype.workflow  [0m|[34;20m [Node] Setting-up "_PlotMosaicNoise0" in "/local/nvme/ds004996_27.784026/ds/tmp/mriqc_wf/funcMRIQC/func_report_wf/55240b91343f9c68251fd78dc4a930991431dda8/PlotMosaicNoise/mapflow/_PlotMosaicNoise0".[0m
2026-03-27 02:28:24 |[34;20m INFO     [0m|[34;20m nipype.workflow  [0m|[34;20m [Node] Executing "pre_clip" <niworkflows.interfaces.nibabel.IntensityClip>[0m
2026-03-27 02:28:24 |[34;20m INFO     [0m|[34;20m nipype.workflow  [0m|[34;20m [Node] Setting-up "_PlotMosaicSD0" in "/local/nvme/ds004996_27.784026/ds/tmp/mriqc_wf/funcMRIQC/func_report_wf/55240b91343f9c68251fd78dc4a930991431dda8/PlotMosaicSD/mapflow/_PlotMosaicSD0".[0m
2026-03-27 02:28:24 |[34;20m INFO     [0m|[34;20m nipype.workflow  [0m|[34;20m [Node] Executing "_PlotMosaicSD0" <nireports.interfaces.mosaic.PlotMosaic>[0m
2026-03-27 02:28:24 |[34;20m INFO     [0m|[34;20m nipype.workflow  [0m|[34;20m [Node] Executing "_PlotMosaicNoise0" <nireports.interfaces.mosaic.PlotMosaic>[0m
2026-03-27 02:28:25 |[34;20m INFO     [0m|[34;20m nipype.workflow  [0m|[34;20m [Node] Finished "pre_clip", elapsed time 0.864343s.[0m
2026-03-27 02:28:25 |[34;20m INFO     [0m|[34;20m nipype.workflow  [0m|[34;20m [Node] Finished "SharpenEPI", elapsed time 4.700853s.[0m
2026-03-27 02:28:26 |[34;20m INFO     [0m|[34;20m nipype.workflow  [0m|[34;20m [Node] Finished "_PlotMosaicSD0", elapsed time 1.920207s.[0m
2026-03-27 02:28:26 |[34;20m INFO     [0m|[34;20m nipype.workflow  [0m|[34;20m [Node] Setting-up "mriqc_wf.funcMRIQC.SpatialNormalization.SharpenEPI" in "/local/nvme/ds004996_27.784026/ds/tmp/mriqc_wf/funcMRIQC/SpatialNormalization/9bf31fa3abe505966297908f49a5fecbb60e8b56/SharpenEPI".[0m
2026-03-27 02:28:26 |[34;20m INFO     [0m|[34;20m nipype.workflow  [0m|[34;20m [Node] Executing "SharpenEPI" <nipype.interfaces.ants.segmentation.N4BiasFieldCorrection>[0m
2026-03-27 02:28:26 |[34;20m INFO     [0m|[34;20m nipype.workflow  [0m|[34;20m [Node] Setting-up "_PlotMosaicMean0" in "/local/nvme/ds004996_27.784026/ds/tmp/mriqc_wf/funcMRIQC/func_report_wf/9bf31fa3abe505966297908f49a5fecbb60e8b56/PlotMosaicMean/mapflow/_PlotMosaicMean0".[0m
2026-03-27 02:28:26 |[34;20m INFO     [0m|[34;20m nipype.workflow  [0m|[34;20m [Node] Executing "_PlotMosaicMean0" <nireports.interfaces.mosaic.PlotMosaic>[0m
2026-03-27 02:28:26 |[34;20m INFO     [0m|[34;20m nipype.workflow  [0m|[34;20m [Node] Finished "_PlotMosaicNoise0", elapsed time 2.116621s.[0m
2026-03-27 02:28:27 |[34;20m INFO     [0m|[34;20m nipype.workflow  [0m|[34;20m [Node] Finished "SharpenEPI", elapsed time 4.784896s.[0m
2026-03-27 02:28:28 |[34;20m INFO     [0m|[34;20m nipype.workflow  [0m|[34;20m [Node] Finished "_PlotMosaicMean0", elapsed time 1.5902690000000002s.[0m
2026-03-27 02:28:28 |[34;20m INFO     [0m|[34;20m nipype.workflow  [0m|[34;20m [Node] Setting-up "_PlotMosaicNoise0" in "/local/nvme/ds004996_27.784026/ds/tmp/mriqc_wf/funcMRIQC/func_report_wf/9bf31fa3abe505966297908f49a5fecbb60e8b56/PlotMosaicNoise/mapflow/_PlotMosaicNoise0".[0m
2026-03-27 02:28:28 |[34;20m INFO     [0m|[34;20m nipype.workflow  [0m|[34;20m [Node] Executing "_PlotMosaicNoise0" <nireports.interfaces.mosaic.PlotMosaic>[0m
2026-03-27 02:28:28 |[34;20m INFO     [0m|[34;20m nipype.workflow  [0m|[34;20m [Node] Setting-up "_PlotMosaicSD0" in "/local/nvme/ds004996_27.784026/ds/tmp/mriqc_wf/funcMRIQC/func_report_wf/9bf31fa3abe505966297908f49a5fecbb60e8b56/PlotMosaicSD/mapflow/_PlotMosaicSD0".[0m
2026-03-27 02:28:28 |[34;20m INFO     [0m|[34;20m nipype.workflow  [0m|[34;20m [Node] Executing "_PlotMosaicSD0" <nireports.interfaces.mosaic.PlotMosaic>[0m
2026-03-27 02:28:28 |[34;20m INFO     [0m|[34;20m nipype.workflow  [0m|[34;20m [Node] Setting-up "_ds_report_mean0" in "/local/nvme/ds004996_27.784026/ds/tmp/mriqc_wf/funcMRIQC/func_report_wf/56d7e79ebfe05c4353507e67c5321adcd411894f/ds_report_mean/mapflow/_ds_report_mean0".[0m
2026-03-27 02:28:28 |[34;20m INFO     [0m|[34;20m nipype.workflow  [0m|[34;20m [Node] Executing "_ds_report_mean0" <mriqc.interfaces.DerivativesDataSink>[0m
2026-03-27 02:28:28 |[34;20m INFO     [0m|[34;20m nipype.workflow  [0m|[34;20m [Node] Finished "_ds_report_mean0", elapsed time 0.010935s.[0m
2026-03-27 02:28:28 |[34;20m INFO     [0m|[34;20m nipype.workflow  [0m|[34;20m [Node] Finished "_quality0", elapsed time 12.108386s.[0m
2026-03-27 02:28:28 |[34;20m INFO     [0m|[34;20m nipype.workflow  [0m|[34;20m [Node] Setting-up "_ds_report_background0" in "/local/nvme/ds004996_27.784026/ds/tmp/mriqc_wf/funcMRIQC/func_report_wf/56d7e79ebfe05c4353507e67c5321adcd411894f/ds_report_background/mapflow/_ds_report_background0".[0m
2026-03-27 02:28:28 |[34;20m INFO     [0m|[34;20m nipype.workflow  [0m|[34;20m [Node] Executing "_ds_report_background0" <mriqc.interfaces.DerivativesDataSink>[0m
2026-03-27 02:28:28 |[34;20m INFO     [0m|[34;20m nipype.workflow  [0m|[34;20m [Node] Finished "_ds_report_background0", elapsed time 0.00623s.[0m
2026-03-27 02:28:28 |[34;20m INFO     [0m|[34;20m nipype.workflow  [0m|[34;20m [Node] Setting-up "_ds_report_stdev0" in "/local/nvme/ds004996_27.784026/ds/tmp/mriqc_wf/funcMRIQC/func_report_wf/56d7e79ebfe05c4353507e67c5321adcd411894f/ds_report_stdev/mapflow/_ds_report_stdev0".[0m
2026-03-27 02:28:28 |[34;20m INFO     [0m|[34;20m nipype.workflow  [0m|[34;20m [Node] Executing "_ds_report_stdev0" <mriqc.interfaces.DerivativesDataSink>[0m
2026-03-27 02:28:28 |[34;20m INFO     [0m|[34;20m nipype.workflow  [0m|[34;20m [Node] Finished "_ds_report_stdev0", elapsed time 0.007305s.[0m
2026-03-27 02:28:29 |[34;20m INFO     [0m|[34;20m nipype.workflow  [0m|[34;20m [Node] Setting-up "_ds_report_mean0" in "/local/nvme/ds004996_27.784026/ds/tmp/mriqc_wf/funcMRIQC/func_report_wf/55240b91343f9c68251fd78dc4a930991431dda8/ds_report_mean/mapflow/_ds_report_mean0".[0m
2026-03-27 02:28:29 |[34;20m INFO     [0m|[34;20m nipype.workflow  [0m|[34;20m [Node] Executing "_ds_report_mean0" <mriqc.interfaces.DerivativesDataSink>[0m
2026-03-27 02:28:29 |[34;20m INFO     [0m|[34;20m nipype.workflow  [0m|[34;20m [Node] Finished "_ds_report_mean0", elapsed time 0.006454s.[0m
2026-03-27 02:28:29 |[34;20m INFO     [0m|[34;20m nipype.workflow  [0m|[34;20m [Node] Setting-up "_ds_report_background0" in "/local/nvme/ds004996_27.784026/ds/tmp/mriqc_wf/funcMRIQC/func_report_wf/55240b91343f9c68251fd78dc4a930991431dda8/ds_report_background/mapflow/_ds_report_background0".[0m
2026-03-27 02:28:29 |[34;20m INFO     [0m|[34;20m nipype.workflow  [0m|[34;20m [Node] Executing "_ds_report_background0" <mriqc.interfaces.DerivativesDataSink>[0m
2026-03-27 02:28:29 |[34;20m INFO     [0m|[34;20m nipype.workflow  [0m|[34;20m [Node] Finished "_ds_report_background0", elapsed time 0.006496s.[0m
2026-03-27 02:28:29 |[34;20m INFO     [0m|[34;20m nipype.workflow  [0m|[34;20m [Node] Setting-up "_ds_report_stdev0" in "/local/nvme/ds004996_27.784026/ds/tmp/mriqc_wf/funcMRIQC/func_report_wf/55240b91343f9c68251fd78dc4a930991431dda8/ds_report_stdev/mapflow/_ds_report_stdev0".[0m
2026-03-27 02:28:29 |[34;20m INFO     [0m|[34;20m nipype.workflow  [0m|[34;20m [Node] Executing "_ds_report_stdev0" <mriqc.interfaces.DerivativesDataSink>[0m
2026-03-27 02:28:29 |[34;20m INFO     [0m|[34;20m nipype.workflow  [0m|[34;20m [Node] Finished "_ds_report_stdev0", elapsed time 0.006412s.[0m
2026-03-27 02:28:29 |[34;20m INFO     [0m|[34;20m nipype.workflow  [0m|[34;20m [Node] Setting-up "_ds_report_mean0" in "/local/nvme/ds004996_27.784026/ds/tmp/mriqc_wf/funcMRIQC/func_report_wf/9bf31fa3abe505966297908f49a5fecbb60e8b56/ds_report_mean/mapflow/_ds_report_mean0".[0m
2026-03-27 02:28:29 |[34;20m INFO     [0m|[34;20m nipype.workflow  [0m|[34;20m [Node] Executing "_ds_report_mean0" <mriqc.interfaces.DerivativesDataSink>[0m
2026-03-27 02:28:29 |[34;20m INFO     [0m|[34;20m nipype.workflow  [0m|[34;20m [Node] Finished "_ds_report_mean0", elapsed time 0.005928s.[0m
2026-03-27 02:28:29 |[34;20m INFO     [0m|[34;20m nipype.workflow  [0m|[34;20m [Node] Finished "_quality0", elapsed time 13.262895s.[0m
2026-03-27 02:28:30 |[34;20m INFO     [0m|[34;20m nipype.workflow  [0m|[34;20m [Node] Finished "_PlotMosaicNoise0", elapsed time 2.033287s.[0m
2026-03-27 02:28:30 |[34;20m INFO     [0m|[34;20m nipype.workflow  [0m|[34;20m [Node] Finished "_PlotMosaicSD0", elapsed time 2.060231s.[0m
2026-03-27 02:28:32 |[34;20m INFO     [0m|[34;20m nipype.workflow  [0m|[34;20m [Node] Finished "SharpenEPI", elapsed time 5.049253s.[0m
2026-03-27 02:28:32 |[34;20m INFO     [0m|[34;20m nipype.workflow  [0m|[34;20m [Node] Setting-up "_ds_report_background0" in "/local/nvme/ds004996_27.784026/ds/tmp/mriqc_wf/funcMRIQC/func_report_wf/9bf31fa3abe505966297908f49a5fecbb60e8b56/ds_report_background/mapflow/_ds_report_background0".[0m
2026-03-27 02:28:32 |[34;20m INFO     [0m|[34;20m nipype.workflow  [0m|[34;20m [Node] Executing "_ds_report_background0" <mriqc.interfaces.DerivativesDataSink>[0m
2026-03-27 02:28:32 |[34;20m INFO     [0m|[34;20m nipype.workflow  [0m|[34;20m [Node] Finished "_ds_report_background0", elapsed time 0.005723s.[0m
2026-03-27 02:28:32 |[34;20m INFO     [0m|[34;20m nipype.workflow  [0m|[34;20m [Node] Setting-up "_ds_report_stdev0" in "/local/nvme/ds004996_27.784026/ds/tmp/mriqc_wf/funcMRIQC/func_report_wf/9bf31fa3abe505966297908f49a5fecbb60e8b56/ds_report_stdev/mapflow/_ds_report_stdev0".[0m
2026-03-27 02:28:32 |[34;20m INFO     [0m|[34;20m nipype.workflow  [0m|[34;20m [Node] Executing "_ds_report_stdev0" <mriqc.interfaces.DerivativesDataSink>[0m
2026-03-27 02:28:32 |[34;20m INFO     [0m|[34;20m nipype.workflow  [0m|[34;20m [Node] Finished "_ds_report_stdev0", elapsed time 0.005433s.[0m
2026-03-27 02:28:33 |[34;20m INFO     [0m|[34;20m nipype.workflow  [0m|[34;20m [Node] Finished "_quality0", elapsed time 12.802413s.[0m
2026-03-27 02:28:34 |[34;20m INFO     [0m|[34;20m nipype.workflow  [0m|[34;20m [Node] Setting-up "mriqc_wf.funcMRIQC.synthstrip_wf.pre_n4" in "/local/nvme/ds004996_27.784026/ds/tmp/mriqc_wf/funcMRIQC/synthstrip_wf/56d7e79ebfe05c4353507e67c5321adcd411894f/pre_n4".[0m
2026-03-27 02:28:34 |[34;20m INFO     [0m|[34;20m nipype.workflow  [0m|[34;20m [Node] Executing "pre_n4" <nipype.interfaces.ants.segmentation.N4BiasFieldCorrection>[0m
2026-03-27 02:28:35 |[34;20m INFO     [0m|[34;20m nipype.workflow  [0m|[34;20m [Node] Finished "pre_n4", elapsed time 1.291027s.[0m
2026-03-27 02:28:36 |[34;20m INFO     [0m|[34;20m nipype.workflow  [0m|[34;20m [Node] Setting-up "mriqc_wf.funcMRIQC.synthstrip_wf.pre_n4" in "/local/nvme/ds004996_27.784026/ds/tmp/mriqc_wf/funcMRIQC/synthstrip_wf/55240b91343f9c68251fd78dc4a930991431dda8/pre_n4".[0m
2026-03-27 02:28:36 |[34;20m INFO     [0m|[34;20m nipype.workflow  [0m|[34;20m [Node] Executing "pre_n4" <nipype.interfaces.ants.segmentation.N4BiasFieldCorrection>[0m
2026-03-27 02:28:37 |[34;20m INFO     [0m|[34;20m nipype.workflow  [0m|[34;20m [Node] Finished "pre_n4", elapsed time 1.366019s.[0m
2026-03-27 02:28:38 |[34;20m INFO     [0m|[34;20m nipype.workflow  [0m|[34;20m [Node] Setting-up "mriqc_wf.funcMRIQC.synthstrip_wf.pre_n4" in "/local/nvme/ds004996_27.784026/ds/tmp/mriqc_wf/funcMRIQC/synthstrip_wf/9bf31fa3abe505966297908f49a5fecbb60e8b56/pre_n4".[0m
2026-03-27 02:28:38 |[34;20m INFO     [0m|[34;20m nipype.workflow  [0m|[34;20m [Node] Executing "pre_n4" <nipype.interfaces.ants.segmentation.N4BiasFieldCorrection>[0m
2026-03-27 02:28:40 |[34;20m INFO     [0m|[34;20m nipype.workflow  [0m|[34;20m [Node] Finished "pre_n4", elapsed time 1.333818s.[0m
2026-03-27 02:28:40 |[34;20m INFO     [0m|[34;20m nipype.workflow  [0m|[34;20m [Node] Setting-up "mriqc_wf.funcMRIQC.synthstrip_wf.synthstrip" in "/local/nvme/ds004996_27.784026/ds/tmp/mriqc_wf/funcMRIQC/synthstrip_wf/56d7e79ebfe05c4353507e67c5321adcd411894f/synthstrip".[0m
2026-03-27 02:28:40 |[34;20m INFO     [0m|[34;20m nipype.workflow  [0m|[34;20m [Node] Executing "synthstrip" <mriqc.interfaces.synthstrip.SynthStrip>[0m
2026-03-27 02:29:04 |[34;20m INFO     [0m|[34;20m nipype.workflow  [0m|[34;20m [Node] Finished "synthstrip", elapsed time 23.809772s.[0m
2026-03-27 02:29:04 |[34;20m INFO     [0m|[34;20m nipype.workflow  [0m|[34;20m [Node] Setting-up "mriqc_wf.funcMRIQC.synthstrip_wf.synthstrip" in "/local/nvme/ds004996_27.784026/ds/tmp/mriqc_wf/funcMRIQC/synthstrip_wf/55240b91343f9c68251fd78dc4a930991431dda8/synthstrip".[0m
2026-03-27 02:29:04 |[34;20m INFO     [0m|[34;20m nipype.workflow  [0m|[34;20m [Node] Executing "synthstrip" <mriqc.interfaces.synthstrip.SynthStrip>[0m
2026-03-27 02:29:26 |[34;20m INFO     [0m|[34;20m nipype.workflow  [0m|[34;20m [Node] Finished "synthstrip", elapsed time 21.503023s.[0m
2026-03-27 02:29:26 |[34;20m INFO     [0m|[34;20m nipype.workflow  [0m|[34;20m [Node] Setting-up "mriqc_wf.funcMRIQC.synthstrip_wf.synthstrip" in "/local/nvme/ds004996_27.784026/ds/tmp/mriqc_wf/funcMRIQC/synthstrip_wf/9bf31fa3abe505966297908f49a5fecbb60e8b56/synthstrip".[0m
2026-03-27 02:29:26 |[34;20m INFO     [0m|[34;20m nipype.workflow  [0m|[34;20m [Node] Executing "synthstrip" <mriqc.interfaces.synthstrip.SynthStrip>[0m
2026-03-27 02:29:44 |[34;20m INFO     [0m|[34;20m nipype.workflow  [0m|[34;20m [Node] Finished "synthstrip", elapsed time 17.951438s.[0m
2026-03-27 02:29:46 |[34;20m INFO     [0m|[34;20m nipype.workflow  [0m|[34;20m [Node] Setting-up "mriqc_wf.funcMRIQC.synthstrip_wf.post_n4" in "/local/nvme/ds004996_27.784026/ds/tmp/mriqc_wf/funcMRIQC/synthstrip_wf/56d7e79ebfe05c4353507e67c5321adcd411894f/post_n4".[0m
2026-03-27 02:29:46 |[34;20m INFO     [0m|[34;20m nipype.workflow  [0m|[34;20m [Node] Executing "post_n4" <nipype.interfaces.ants.segmentation.N4BiasFieldCorrection>[0m
2026-03-27 02:29:47 |[34;20m INFO     [0m|[34;20m nipype.workflow  [0m|[34;20m [Node] Finished "post_n4", elapsed time 1.137319s.[0m
2026-03-27 02:29:48 |[34;20m INFO     [0m|[34;20m nipype.workflow  [0m|[34;20m [Node] Setting-up "mriqc_wf.funcMRIQC.SpatialNormalization.EPI2MNI" in "/local/nvme/ds004996_27.784026/ds/tmp/mriqc_wf/funcMRIQC/SpatialNormalization/56d7e79ebfe05c4353507e67c5321adcd411894f/EPI2MNI".[0m
2026-03-27 02:29:48 |[34;20m INFO     [0m|[34;20m nipype.workflow  [0m|[34;20m [Node] Executing "EPI2MNI" <niworkflows.interfaces.reportlets.registration.SpatialNormalizationRPT>[0m
2026-03-27 02:29:48 |[34;20m INFO     [0m|[34;20m niworkflows      [0m|[34;20m Estimating initial transform using AffineInitializer[0m
2026-03-27 02:29:56 |[34;20m INFO     [0m|[34;20m niworkflows      [0m|[34;20m Loading settings from file /opt/conda/lib/python3.11/site-packages/niworkflows/data/boldref-mni_registration_precise_000.json.[0m
2026-03-27 02:29:56 |[34;20m INFO     [0m|[34;20m niworkflows      [0m|[34;20m Retry #1, commandline: 
antsRegistration --collapse-output-transforms 1 --dimensionality 3 --float 0 --initial-moving-transform [ /local/nvme/ds004996_27.784026/ds/tmp/mriqc_wf/funcMRIQC/SpatialNormalization/56d7e79ebfe05c4353507e67c5321adcd411894f/EPI2MNI/transform.mat, 0 ] --initialize-transforms-per-stage 0 --interpolation LanczosWindowedSinc --output [ epi_to_mni, epi_to_mni_Warped.nii.gz ] --transform Rigid[ 0.05 ] --metric Mattes[ /templateflow/tpl-MNI152NLin2009cAsym/tpl-MNI152NLin2009cAsym_res-02_desc-fMRIPrep_boldref.nii.gz, /local/nvme/ds004996_27.784026/ds/tmp/mriqc_wf/funcMRIQC/SpatialNormalization/56d7e79ebfe05c4353507e67c5321adcd411894f/SharpenEPI/sub-27_task-conversation_run-01_bold_desc-realigned_valid_tstat_corrected.nii.gz, 1, 56, Regular, 0.25 ] --convergence [ 10000x1000x100, 1e-06, 20 ] --smoothing-sigmas 4.0x2.0x1.0vox --shrink-factors 4x2x1 --use-histogram-matching 1 --masks [ /templateflow/tpl-MNI152NLin2009cAsym/tpl-MNI152NLin2009cAsym_res-02_desc-brain_mask.nii.gz, /local/nvme/ds004996_27.784026/ds/tmp/mriqc_wf/funcMRIQC/synthstrip_wf/56d7e79ebfe05c4353507e67c5321adcd411894f/synthstrip/clipped_corrected_desc-brain_mask.nii.gz ] --transform Affine[ 0.08 ] --metric Mattes[ /templateflow/tpl-MNI152NLin2009cAsym/tpl-MNI152NLin2009cAsym_res-02_desc-fMRIPrep_boldref.nii.gz, /local/nvme/ds004996_27.784026/ds/tmp/mriqc_wf/funcMRIQC/SpatialNormalization/56d7e79ebfe05c4353507e67c5321adcd411894f/SharpenEPI/sub-27_task-conversation_run-01_bold_desc-realigned_valid_tstat_corrected.nii.gz, 1, 56, Regular, 0.25 ] --convergence [ 500x250x100, 1e-06, 20 ] --smoothing-sigmas 4.0x2.0x1.0vox --shrink-factors 8x4x2 --use-histogram-matching 1 --masks [ /templateflow/tpl-MNI152NLin2009cAsym/tpl-MNI152NLin2009cAsym_res-02_desc-brain_mask.nii.gz, /local/nvme/ds004996_27.784026/ds/tmp/mriqc_wf/funcMRIQC/synthstrip_wf/56d7e79ebfe05c4353507e67c5321adcd411894f/synthstrip/clipped_corrected_desc-brain_mask.nii.gz ] --transform SyN[ 0.1, 3.0, 0.0 ] --metric CC[ /templateflow/tpl-MNI152NLin2009cAsym/tpl-MNI152NLin2009cAsym_res-02_desc-fMRIPrep_boldref.nii.gz, /local/nvme/ds004996_27.784026/ds/tmp/mriqc_wf/funcMRIQC/SpatialNormalization/56d7e79ebfe05c4353507e67c5321adcd411894f/SharpenEPI/sub-27_task-conversation_run-01_bold_desc-realigned_valid_tstat_corrected.nii.gz, 1, 4, None, 1 ] --convergence [ 100x30x20, 1e-06, 10 ] --smoothing-sigmas 3.0x2.0x1.0vox --shrink-factors 8x4x2 --use-histogram-matching 1 --masks [ /templateflow/tpl-MNI152NLin2009cAsym/tpl-MNI152NLin2009cAsym_res-02_desc-brain_mask.nii.gz, /local/nvme/ds004996_27.784026/ds/tmp/mriqc_wf/funcMRIQC/synthstrip_wf/56d7e79ebfe05c4353507e67c5321adcd411894f/synthstrip/clipped_corrected_desc-brain_mask.nii.gz ] --winsorize-image-intensities [ 0.005, 0.995 ]  --write-composite-transform 1[0m
2026-03-27 02:30:09 |[34;20m INFO     [0m|[34;20m niworkflows      [0m|[34;20m Successful spatial normalization (retry #1).[0m
2026-03-27 02:30:09 |[34;20m INFO     [0m|[34;20m niworkflows      [0m|[34;20m Report - setting fixed (/templateflow/tpl-MNI152NLin2009cAsym/tpl-MNI152NLin2009cAsym_res-02_desc-fMRIPrep_boldref.nii.gz) and moving (/local/nvme/ds004996_27.784026/ds/tmp/mriqc_wf/funcMRIQC/SpatialNormalization/56d7e79ebfe05c4353507e67c5321adcd411894f/EPI2MNI/epi_to_mni_Warped.nii.gz) images[0m
2026-03-27 02:30:09 |[34;20m INFO     [0m|[34;20m niworkflows      [0m|[34;20m Generating visual report[0m
2026-03-27 02:30:27 |[34;20m INFO     [0m|[34;20m nipype.workflow  [0m|[34;20m [Node] Finished "EPI2MNI", elapsed time 38.891037s.[0m
2026-03-27 02:30:28 |[34;20m INFO     [0m|[34;20m nipype.workflow  [0m|[34;20m [Node] Setting-up "_ComputeDVARS0" in "/local/nvme/ds004996_27.784026/ds/tmp/mriqc_wf/funcMRIQC/ComputeIQMs/56d7e79ebfe05c4353507e67c5321adcd411894f/ComputeDVARS/mapflow/_ComputeDVARS0".[0m
2026-03-27 02:30:28 |[34;20m INFO     [0m|[34;20m nipype.workflow  [0m|[34;20m [Node] Setting-up "mriqc_wf.funcMRIQC.func_report_wf.dilated_mask" in "/local/nvme/ds004996_27.784026/ds/tmp/mriqc_wf/funcMRIQC/func_report_wf/56d7e79ebfe05c4353507e67c5321adcd411894f/dilated_mask".[0m
2026-03-27 02:30:28 |[34;20m INFO     [0m|[34;20m nipype.workflow  [0m|[34;20m [Node] Setting-up "_smoothness0" in "/local/nvme/ds004996_27.784026/ds/tmp/mriqc_wf/funcMRIQC/ComputeIQMs/56d7e79ebfe05c4353507e67c5321adcd411894f/smoothness/mapflow/_smoothness0".[0m
2026-03-27 02:30:28 |[34;20m INFO     [0m|[34;20m nipype.workflow  [0m|[34;20m [Node] Executing "_ComputeDVARS0" <nipype.algorithms.confounds.ComputeDVARS>[0m
2026-03-27 02:30:28 |[34;20m INFO     [0m|[34;20m nipype.workflow  [0m|[34;20m [Node] Setting-up "_outliers0" in "/local/nvme/ds004996_27.784026/ds/tmp/mriqc_wf/funcMRIQC/ComputeIQMs/56d7e79ebfe05c4353507e67c5321adcd411894f/outliers/mapflow/_outliers0".[0m
2026-03-27 02:30:28 |[34;20m INFO     [0m|[34;20m nipype.workflow  [0m|[34;20m [Node] Executing "dilated_mask" <niworkflows.interfaces.morphology.BinaryDilation>[0m
2026-03-27 02:30:28 |[34;20m INFO     [0m|[34;20m nipype.workflow  [0m|[34;20m [Node] Executing "_smoothness0" <nipype.interfaces.afni.utils.FWHMx>[0m
2026-03-27 02:30:28 |[34;20m INFO     [0m|[34;20m nipype.workflow  [0m|[34;20m [Node] Setting-up "_gcor0" in "/local/nvme/ds004996_27.784026/ds/tmp/mriqc_wf/funcMRIQC/ComputeIQMs/56d7e79ebfe05c4353507e67c5321adcd411894f/gcor/mapflow/_gcor0".[0m
2026-03-27 02:30:28 |[34;20m INFO     [0m|[34;20m nipype.workflow  [0m|[34;20m [Node] Setting-up "mriqc_wf.funcMRIQC.func_report_wf.PlotBrainmask" in "/local/nvme/ds004996_27.784026/ds/tmp/mriqc_wf/funcMRIQC/func_report_wf/56d7e79ebfe05c4353507e67c5321adcd411894f/PlotBrainmask".[0m
2026-03-27 02:30:28 |[34;20m INFO     [0m|[34;20m nipype.workflow  [0m|[34;20m [Node] Executing "_outliers0" <nipype.interfaces.afni.preprocess.OutlierCount>[0m
2026-03-27 02:30:28 |[34;20m INFO     [0m|[34;20m nipype.workflow  [0m|[34;20m [Node] Executing "_gcor0" <mriqc.interfaces.transitional.GCOR>[0m
2026-03-27 02:30:28 |[34;20m INFO     [0m|[34;20m nipype.workflow  [0m|[34;20m [Node] Setting-up "_PlotMosaicZoomed0" in "/local/nvme/ds004996_27.784026/ds/tmp/mriqc_wf/funcMRIQC/func_report_wf/56d7e79ebfe05c4353507e67c5321adcd411894f/PlotMosaicZoomed/mapflow/_PlotMosaicZoomed0".[0m
2026-03-27 02:30:28 |[34;20m INFO     [0m|[34;20m nipype.workflow  [0m|[34;20m [Node] Executing "_PlotMosaicZoomed0" <nireports.interfaces.mosaic.PlotMosaic>[0m
2026-03-27 02:30:28 |[34;20m INFO     [0m|[34;20m nipype.workflow  [0m|[34;20m [Node] Executing "PlotBrainmask" <nireports.interfaces.mosaic.PlotContours>[0m
2026-03-27 02:30:28 |[34;20m INFO     [0m|[34;20m nipype.workflow  [0m|[34;20m [Node] Setting-up "_ComputeDVARS0" in "/local/nvme/ds004996_27.784026/ds/tmp/mriqc_wf/funcMRIQC/ComputeIQMs/55240b91343f9c68251fd78dc4a930991431dda8/ComputeDVARS/mapflow/_ComputeDVARS0".[0m
2026-03-27 02:30:28 |[34;20m INFO     [0m|[34;20m nipype.workflow  [0m|[34;20m [Node] Executing "_ComputeDVARS0" <nipype.algorithms.confounds.ComputeDVARS>[0m
2026-03-27 02:30:28 |[34;20m INFO     [0m|[34;20m nipype.workflow  [0m|[34;20m [Node] Finished "dilated_mask", elapsed time 0.032513s.[0m
2026-03-27 02:30:29 |[34;20m INFO     [0m|[34;20m nipype.workflow  [0m|[34;20m [Node] Finished "_smoothness0", elapsed time 0.666552s.[0m
2026-03-27 02:30:30 |[34;20m INFO     [0m|[34;20m nipype.workflow  [0m|[34;20m [Node] Finished "PlotBrainmask", elapsed time 1.47424s.[0m
2026-03-27 02:30:30 |[34;20m INFO     [0m|[34;20m nipype.workflow  [0m|[34;20m [Node] Finished "_PlotMosaicZoomed0", elapsed time 1.581436s.[0m
2026-03-27 02:30:30 |[34;20m INFO     [0m|[34;20m nipype.workflow  [0m|[34;20m [Node] Setting-up "mriqc_wf.funcMRIQC.func_report_wf.dilated_mask" in "/local/nvme/ds004996_27.784026/ds/tmp/mriqc_wf/funcMRIQC/func_report_wf/55240b91343f9c68251fd78dc4a930991431dda8/dilated_mask".[0m
2026-03-27 02:30:30 |[34;20m INFO     [0m|[34;20m nipype.workflow  [0m|[34;20m [Node] Setting-up "_smoothness0" in "/local/nvme/ds004996_27.784026/ds/tmp/mriqc_wf/funcMRIQC/ComputeIQMs/55240b91343f9c68251fd78dc4a930991431dda8/smoothness/mapflow/_smoothness0".[0m
2026-03-27 02:30:30 |[34;20m INFO     [0m|[34;20m nipype.workflow  [0m|[34;20m [Node] Executing "dilated_mask" <niworkflows.interfaces.morphology.BinaryDilation>[0m
2026-03-27 02:30:30 |[34;20m INFO     [0m|[34;20m nipype.workflow  [0m|[34;20m [Node] Setting-up "_outliers0" in "/local/nvme/ds004996_27.784026/ds/tmp/mriqc_wf/funcMRIQC/ComputeIQMs/55240b91343f9c68251fd78dc4a930991431dda8/outliers/mapflow/_outliers0".[0m
2026-03-27 02:30:30 |[34;20m INFO     [0m|[34;20m nipype.workflow  [0m|[34;20m [Node] Setting-up "_gcor0" in "/local/nvme/ds004996_27.784026/ds/tmp/mriqc_wf/funcMRIQC/ComputeIQMs/55240b91343f9c68251fd78dc4a930991431dda8/gcor/mapflow/_gcor0".[0m
2026-03-27 02:30:30 |[34;20m INFO     [0m|[34;20m nipype.workflow  [0m|[34;20m [Node] Executing "_smoothness0" <nipype.interfaces.afni.utils.FWHMx>[0m
2026-03-27 02:30:30 |[34;20m INFO     [0m|[34;20m nipype.workflow  [0m|[34;20m [Node] Executing "_gcor0" <mriqc.interfaces.transitional.GCOR>[0m
2026-03-27 02:30:30 |[34;20m INFO     [0m|[34;20m nipype.workflow  [0m|[34;20m [Node] Executing "_outliers0" <nipype.interfaces.afni.preprocess.OutlierCount>[0m
2026-03-27 02:30:30 |[34;20m INFO     [0m|[34;20m nipype.workflow  [0m|[34;20m [Node] Finished "dilated_mask", elapsed time 0.042336s.[0m
2026-03-27 02:30:31 |[34;20m INFO     [0m|[34;20m nipype.workflow  [0m|[34;20m [Node] Finished "_smoothness0", elapsed time 0.72701s.[0m
2026-03-27 02:30:32 |[34;20m INFO     [0m|[34;20m nipype.workflow  [0m|[34;20m [Node] Setting-up "mriqc_wf.funcMRIQC.func_report_wf.PlotBrainmask" in "/local/nvme/ds004996_27.784026/ds/tmp/mriqc_wf/funcMRIQC/func_report_wf/55240b91343f9c68251fd78dc4a930991431dda8/PlotBrainmask".[0m
2026-03-27 02:30:32 |[34;20m INFO     [0m|[34;20m nipype.workflow  [0m|[34;20m [Node] Setting-up "_PlotMosaicZoomed0" in "/local/nvme/ds004996_27.784026/ds/tmp/mriqc_wf/funcMRIQC/func_report_wf/55240b91343f9c68251fd78dc4a930991431dda8/PlotMosaicZoomed/mapflow/_PlotMosaicZoomed0".[0m
2026-03-27 02:30:32 |[34;20m INFO     [0m|[34;20m nipype.workflow  [0m|[34;20m [Node] Executing "PlotBrainmask" <nireports.interfaces.mosaic.PlotContours>[0m
2026-03-27 02:30:32 |[34;20m INFO     [0m|[34;20m nipype.workflow  [0m|[34;20m [Node] Executing "_PlotMosaicZoomed0" <nireports.interfaces.mosaic.PlotMosaic>[0m
2026-03-27 02:30:33 |[34;20m INFO     [0m|[34;20m nipype.workflow  [0m|[34;20m [Node] Finished "_outliers0", elapsed time 4.860628s.[0m
2026-03-27 02:30:34 |[34;20m INFO     [0m|[34;20m nipype.workflow  [0m|[34;20m [Node] Finished "PlotBrainmask", elapsed time 1.5544660000000001s.[0m
2026-03-27 02:30:34 |[34;20m INFO     [0m|[34;20m nipype.workflow  [0m|[34;20m [Node] Finished "_PlotMosaicZoomed0", elapsed time 1.953601s.[0m
2026-03-27 02:30:34 |[34;20m INFO     [0m|[34;20m nipype.workflow  [0m|[34;20m [Node] Setting-up "_ComputeDVARS0" in "/local/nvme/ds004996_27.784026/ds/tmp/mriqc_wf/funcMRIQC/ComputeIQMs/9bf31fa3abe505966297908f49a5fecbb60e8b56/ComputeDVARS/mapflow/_ComputeDVARS0".[0m
2026-03-27 02:30:34 |[34;20m INFO     [0m|[34;20m nipype.workflow  [0m|[34;20m [Node] Executing "_ComputeDVARS0" <nipype.algorithms.confounds.ComputeDVARS>[0m
2026-03-27 02:30:34 |[34;20m INFO     [0m|[34;20m nipype.workflow  [0m|[34;20m [Node] Setting-up "_smoothness0" in "/local/nvme/ds004996_27.784026/ds/tmp/mriqc_wf/funcMRIQC/ComputeIQMs/9bf31fa3abe505966297908f49a5fecbb60e8b56/smoothness/mapflow/_smoothness0".[0m
2026-03-27 02:30:34 |[34;20m INFO     [0m|[34;20m nipype.workflow  [0m|[34;20m [Node] Executing "_smoothness0" <nipype.interfaces.afni.utils.FWHMx>[0m
2026-03-27 02:30:35 |[34;20m INFO     [0m|[34;20m nipype.workflow  [0m|[34;20m [Node] Finished "_outliers0", elapsed time 4.497364s.[0m
2026-03-27 02:30:35 |[34;20m INFO     [0m|[34;20m nipype.workflow  [0m|[34;20m [Node] Finished "_smoothness0", elapsed time 0.762559s.[0m
2026-03-27 02:30:36 |[34;20m INFO     [0m|[34;20m nipype.workflow  [0m|[34;20m [Node] Setting-up "mriqc_wf.funcMRIQC.func_report_wf.dilated_mask" in "/local/nvme/ds004996_27.784026/ds/tmp/mriqc_wf/funcMRIQC/func_report_wf/9bf31fa3abe505966297908f49a5fecbb60e8b56/dilated_mask".[0m
2026-03-27 02:30:36 |[34;20m INFO     [0m|[34;20m nipype.workflow  [0m|[34;20m [Node] Setting-up "_outliers0" in "/local/nvme/ds004996_27.784026/ds/tmp/mriqc_wf/funcMRIQC/ComputeIQMs/9bf31fa3abe505966297908f49a5fecbb60e8b56/outliers/mapflow/_outliers0".[0m
2026-03-27 02:30:36 |[34;20m INFO     [0m|[34;20m nipype.workflow  [0m|[34;20m [Node] Setting-up "_gcor0" in "/local/nvme/ds004996_27.784026/ds/tmp/mriqc_wf/funcMRIQC/ComputeIQMs/9bf31fa3abe505966297908f49a5fecbb60e8b56/gcor/mapflow/_gcor0".[0m
2026-03-27 02:30:36 |[34;20m INFO     [0m|[34;20m nipype.workflow  [0m|[34;20m [Node] Executing "dilated_mask" <niworkflows.interfaces.morphology.BinaryDilation>[0m
2026-03-27 02:30:36 |[34;20m INFO     [0m|[34;20m nipype.workflow  [0m|[34;20m [Node] Executing "_outliers0" <nipype.interfaces.afni.preprocess.OutlierCount>[0m
2026-03-27 02:30:36 |[34;20m INFO     [0m|[34;20m nipype.workflow  [0m|[34;20m [Node] Executing "_gcor0" <mriqc.interfaces.transitional.GCOR>[0m
2026-03-27 02:30:36 |[34;20m INFO     [0m|[34;20m nipype.workflow  [0m|[34;20m [Node] Finished "dilated_mask", elapsed time 0.034972s.[0m
2026-03-27 02:30:38 |[34;20m INFO     [0m|[34;20m nipype.workflow  [0m|[34;20m [Node] Setting-up "_PlotMosaicZoomed0" in "/local/nvme/ds004996_27.784026/ds/tmp/mriqc_wf/funcMRIQC/func_report_wf/9bf31fa3abe505966297908f49a5fecbb60e8b56/PlotMosaicZoomed/mapflow/_PlotMosaicZoomed0".[0m
2026-03-27 02:30:38 |[34;20m INFO     [0m|[34;20m nipype.workflow  [0m|[34;20m [Node] Executing "_PlotMosaicZoomed0" <nireports.interfaces.mosaic.PlotMosaic>[0m
2026-03-27 02:30:39 |[34;20m INFO     [0m|[34;20m nipype.workflow  [0m|[34;20m [Node] Finished "_gcor0", elapsed time 10.511712s.[0m
2026-03-27 02:30:40 |[34;20m INFO     [0m|[34;20m nipype.workflow  [0m|[34;20m [Node] Finished "_PlotMosaicZoomed0", elapsed time 1.801617s.[0m
2026-03-27 02:30:40 |[34;20m INFO     [0m|[34;20m nipype.workflow  [0m|[34;20m [Node] Setting-up "mriqc_wf.funcMRIQC.func_report_wf.PlotBrainmask" in "/local/nvme/ds004996_27.784026/ds/tmp/mriqc_wf/funcMRIQC/func_report_wf/9bf31fa3abe505966297908f49a5fecbb60e8b56/PlotBrainmask".[0m
2026-03-27 02:30:40 |[34;20m INFO     [0m|[34;20m nipype.workflow  [0m|[34;20m [Node] Executing "PlotBrainmask" <nireports.interfaces.mosaic.PlotContours>[0m
2026-03-27 02:30:40 |[34;20m INFO     [0m|[34;20m nipype.workflow  [0m|[34;20m [Node] Setting-up "mriqc_wf.funcMRIQC.synthstrip_wf.final_masked" in "/local/nvme/ds004996_27.784026/ds/tmp/mriqc_wf/funcMRIQC/synthstrip_wf/56d7e79ebfe05c4353507e67c5321adcd411894f/final_masked".[0m
2026-03-27 02:30:40 |[34;20m INFO     [0m|[34;20m nipype.workflow  [0m|[34;20m [Node] Executing "final_masked" <niworkflows.interfaces.nibabel.ApplyMask>[0m
2026-03-27 02:30:40 |[34;20m INFO     [0m|[34;20m nipype.workflow  [0m|[34;20m [Node] Finished "final_masked", elapsed time 0.049087s.[0m
2026-03-27 02:30:40 |[34;20m INFO     [0m|[34;20m nipype.workflow  [0m|[34;20m [Node] Finished "_gcor0", elapsed time 10.162785s.[0m
2026-03-27 02:30:41 |[34;20m INFO     [0m|[34;20m nipype.workflow  [0m|[34;20m [Node] Finished "_outliers0", elapsed time 5.359333s.[0m
2026-03-27 02:30:42 |[34;20m INFO     [0m|[34;20m nipype.workflow  [0m|[34;20m [Node] Finished "PlotBrainmask", elapsed time 1.77602s.[0m
2026-03-27 02:30:42 |[34;20m INFO     [0m|[34;20m nipype.workflow  [0m|[34;20m [Node] Setting-up "mriqc_wf.funcMRIQC.func_report_wf.ds_report_norm" in "/local/nvme/ds004996_27.784026/ds/tmp/mriqc_wf/funcMRIQC/func_report_wf/56d7e79ebfe05c4353507e67c5321adcd411894f/ds_report_norm".[0m
2026-03-27 02:30:42 |[34;20m INFO     [0m|[34;20m nipype.workflow  [0m|[34;20m [Node] Setting-up "mriqc_wf.funcMRIQC.SpatialNormalization.ResampleSegmentation" in "/local/nvme/ds004996_27.784026/ds/tmp/mriqc_wf/funcMRIQC/SpatialNormalization/56d7e79ebfe05c4353507e67c5321adcd411894f/ResampleSegmentation".[0m
2026-03-27 02:30:42 |[34;20m INFO     [0m|[34;20m nipype.workflow  [0m|[34;20m [Node] Executing "ds_report_norm" <mriqc.interfaces.DerivativesDataSink>[0m
2026-03-27 02:30:42 |[34;20m INFO     [0m|[34;20m nipype.workflow  [0m|[34;20m [Node] Executing "ResampleSegmentation" <nipype.interfaces.ants.resampling.ApplyTransforms>[0m
2026-03-27 02:30:42 |[34;20m INFO     [0m|[34;20m nipype.workflow  [0m|[34;20m [Node] Finished "ds_report_norm", elapsed time 0.006075s.[0m
2026-03-27 02:30:42 |[34;20m INFO     [0m|[34;20m nipype.workflow  [0m|[34;20m [Node] Setting-up "mriqc_wf.funcMRIQC.func_report_wf.subtract_mask" in "/local/nvme/ds004996_27.784026/ds/tmp/mriqc_wf/funcMRIQC/func_report_wf/56d7e79ebfe05c4353507e67c5321adcd411894f/subtract_mask".[0m
2026-03-27 02:30:42 |[34;20m INFO     [0m|[34;20m nipype.workflow  [0m|[34;20m [Node] Executing "subtract_mask" <niworkflows.interfaces.morphology.BinarySubtraction>[0m
2026-03-27 02:30:42 |[34;20m INFO     [0m|[34;20m nipype.workflow  [0m|[34;20m [Node] Setting-up "_ds_report_zoomed0" in "/local/nvme/ds004996_27.784026/ds/tmp/mriqc_wf/funcMRIQC/func_report_wf/56d7e79ebfe05c4353507e67c5321adcd411894f/ds_report_zoomed/mapflow/_ds_report_zoomed0".[0m
2026-03-27 02:30:42 |[34;20m INFO     [0m|[34;20m nipype.workflow  [0m|[34;20m [Node] Executing "_ds_report_zoomed0" <mriqc.interfaces.DerivativesDataSink>[0m
2026-03-27 02:30:42 |[34;20m INFO     [0m|[34;20m nipype.workflow  [0m|[34;20m [Node] Finished "_ds_report_zoomed0", elapsed time 0.005479s.[0m
2026-03-27 02:30:42 |[34;20m INFO     [0m|[34;20m nipype.workflow  [0m|[34;20m [Node] Finished "subtract_mask", elapsed time 0.012427s.[0m
2026-03-27 02:30:42 |[34;20m INFO     [0m|[34;20m nipype.workflow  [0m|[34;20m [Node] Setting-up "mriqc_wf.funcMRIQC.func_report_wf.ds_report_bmask" in "/local/nvme/ds004996_27.784026/ds/tmp/mriqc_wf/funcMRIQC/func_report_wf/56d7e79ebfe05c4353507e67c5321adcd411894f/ds_report_bmask".[0m
2026-03-27 02:30:42 |[34;20m INFO     [0m|[34;20m nipype.workflow  [0m|[34;20m [Node] Executing "ds_report_bmask" <mriqc.interfaces.DerivativesDataSink>[0m
2026-03-27 02:30:42 |[34;20m INFO     [0m|[34;20m nipype.workflow  [0m|[34;20m [Node] Finished "ds_report_bmask", elapsed time 0.005971s.[0m
2026-03-27 02:30:42 |[34;20m INFO     [0m|[34;20m nipype.workflow  [0m|[34;20m [Node] Setting-up "mriqc_wf.funcMRIQC.func_report_wf.subtract_mask" in "/local/nvme/ds004996_27.784026/ds/tmp/mriqc_wf/funcMRIQC/func_report_wf/55240b91343f9c68251fd78dc4a930991431dda8/subtract_mask".[0m
2026-03-27 02:30:42 |[34;20m INFO     [0m|[34;20m nipype.workflow  [0m|[34;20m [Node] Executing "subtract_mask" <niworkflows.interfaces.morphology.BinarySubtraction>[0m
2026-03-27 02:30:42 |[34;20m INFO     [0m|[34;20m nipype.workflow  [0m|[34;20m [Node] Setting-up "_ds_report_zoomed0" in "/local/nvme/ds004996_27.784026/ds/tmp/mriqc_wf/funcMRIQC/func_report_wf/55240b91343f9c68251fd78dc4a930991431dda8/ds_report_zoomed/mapflow/_ds_report_zoomed0".[0m
2026-03-27 02:30:42 |[34;20m INFO     [0m|[34;20m nipype.workflow  [0m|[34;20m [Node] Executing "_ds_report_zoomed0" <mriqc.interfaces.DerivativesDataSink>[0m
2026-03-27 02:30:43 |[34;20m INFO     [0m|[34;20m nipype.workflow  [0m|[34;20m [Node] Finished "_ds_report_zoomed0", elapsed time 0.005586s.[0m
2026-03-27 02:30:43 |[34;20m INFO     [0m|[34;20m nipype.workflow  [0m|[34;20m [Node] Finished "subtract_mask", elapsed time 0.013347s.[0m
2026-03-27 02:30:43 |[34;20m INFO     [0m|[34;20m nipype.workflow  [0m|[34;20m [Node] Setting-up "mriqc_wf.funcMRIQC.func_report_wf.ds_report_bmask" in "/local/nvme/ds004996_27.784026/ds/tmp/mriqc_wf/funcMRIQC/func_report_wf/55240b91343f9c68251fd78dc4a930991431dda8/ds_report_bmask".[0m
2026-03-27 02:30:43 |[34;20m INFO     [0m|[34;20m nipype.workflow  [0m|[34;20m [Node] Executing "ds_report_bmask" <mriqc.interfaces.DerivativesDataSink>[0m
2026-03-27 02:30:43 |[34;20m INFO     [0m|[34;20m nipype.workflow  [0m|[34;20m [Node] Finished "ds_report_bmask", elapsed time 0.005662s.[0m
2026-03-27 02:30:43 |[34;20m INFO     [0m|[34;20m nipype.workflow  [0m|[34;20m [Node] Setting-up "mriqc_wf.funcMRIQC.func_report_wf.subtract_mask" in "/local/nvme/ds004996_27.784026/ds/tmp/mriqc_wf/funcMRIQC/func_report_wf/9bf31fa3abe505966297908f49a5fecbb60e8b56/subtract_mask".[0m
2026-03-27 02:30:43 |[34;20m INFO     [0m|[34;20m nipype.workflow  [0m|[34;20m [Node] Executing "subtract_mask" <niworkflows.interfaces.morphology.BinarySubtraction>[0m
2026-03-27 02:30:43 |[34;20m INFO     [0m|[34;20m nipype.workflow  [0m|[34;20m [Node] Finished "subtract_mask", elapsed time 0.019339s.[0m
2026-03-27 02:30:44 |[34;20m INFO     [0m|[34;20m nipype.workflow  [0m|[34;20m [Node] Setting-up "_ds_report_zoomed0" in "/local/nvme/ds004996_27.784026/ds/tmp/mriqc_wf/funcMRIQC/func_report_wf/9bf31fa3abe505966297908f49a5fecbb60e8b56/ds_report_zoomed/mapflow/_ds_report_zoomed0".[0m
2026-03-27 02:30:44 |[34;20m INFO     [0m|[34;20m nipype.workflow  [0m|[34;20m [Node] Executing "_ds_report_zoomed0" <mriqc.interfaces.DerivativesDataSink>[0m
2026-03-27 02:30:44 |[34;20m INFO     [0m|[34;20m nipype.workflow  [0m|[34;20m [Node] Finished "_ds_report_zoomed0", elapsed time 0.005665s.[0m
2026-03-27 02:30:44 |[34;20m INFO     [0m|[34;20m nipype.workflow  [0m|[34;20m [Node] Setting-up "mriqc_wf.funcMRIQC.func_report_wf.ds_report_bmask" in "/local/nvme/ds004996_27.784026/ds/tmp/mriqc_wf/funcMRIQC/func_report_wf/9bf31fa3abe505966297908f49a5fecbb60e8b56/ds_report_bmask".[0m
2026-03-27 02:30:44 |[34;20m INFO     [0m|[34;20m nipype.workflow  [0m|[34;20m [Node] Executing "ds_report_bmask" <mriqc.interfaces.DerivativesDataSink>[0m
2026-03-27 02:30:44 |[34;20m INFO     [0m|[34;20m nipype.workflow  [0m|[34;20m [Node] Finished "ds_report_bmask", elapsed time 0.005632s.[0m
2026-03-27 02:30:45 |[34;20m INFO     [0m|[34;20m nipype.workflow  [0m|[34;20m [Node] Finished "ResampleSegmentation", elapsed time 2.851577s.[0m
2026-03-27 02:30:46 |[34;20m INFO     [0m|[34;20m nipype.workflow  [0m|[34;20m [Node] Setting-up "mriqc_wf.funcMRIQC.func_report_wf.parcels" in "/local/nvme/ds004996_27.784026/ds/tmp/mriqc_wf/funcMRIQC/func_report_wf/56d7e79ebfe05c4353507e67c5321adcd411894f/parcels".[0m
2026-03-27 02:30:46 |[34;20m INFO     [0m|[34;20m nipype.workflow  [0m|[34;20m [Node] Executing "parcels" <nipype.interfaces.utility.wrappers.Function>[0m
2026-03-27 02:30:46 |[34;20m INFO     [0m|[34;20m nipype.workflow  [0m|[34;20m [Node] Finished "parcels", elapsed time 0.025586s.[0m
2026-03-27 02:30:46 |[34;20m INFO     [0m|[34;20m nipype.workflow  [0m|[34;20m [Node] Finished "_gcor0", elapsed time 10.365865s.[0m
2026-03-27 02:30:47 |[34;20m INFO     [0m|[34;20m nipype.workflow  [0m|[34;20m [Node] Finished "_ComputeDVARS0", elapsed time 18.955875s.[0m
2026-03-27 02:30:48 |[34;20m INFO     [0m|[34;20m nipype.workflow  [0m|[34;20m [Node] Setting-up "_measures0" in "/local/nvme/ds004996_27.784026/ds/tmp/mriqc_wf/funcMRIQC/ComputeIQMs/55240b91343f9c68251fd78dc4a930991431dda8/measures/mapflow/_measures0".[0m
2026-03-27 02:30:48 |[34;20m INFO     [0m|[34;20m nipype.workflow  [0m|[34;20m [Node] Setting-up "_timeseries0" in "/local/nvme/ds004996_27.784026/ds/tmp/mriqc_wf/funcMRIQC/ComputeIQMs/55240b91343f9c68251fd78dc4a930991431dda8/timeseries/mapflow/_timeseries0".[0m
2026-03-27 02:30:48 |[34;20m INFO     [0m|[34;20m nipype.workflow  [0m|[34;20m [Node] Executing "_measures0" <mriqc.interfaces.functional.FunctionalQC>[0m
2026-03-27 02:30:48 |[34;20m INFO     [0m|[34;20m nipype.workflow  [0m|[34;20m [Node] Executing "_timeseries0" <mriqc.interfaces.functional.GatherTimeseries>[0m
2026-03-27 02:30:48 |[34;20m INFO     [0m|[34;20m nipype.workflow  [0m|[34;20m [Node] Finished "_timeseries0", elapsed time 0.033767s.[0m
2026-03-27 02:30:49 |[34;20m INFO     [0m|[34;20m nipype.workflow  [0m|[34;20m [Node] Finished "_ComputeDVARS0", elapsed time 20.545135s.[0m
2026-03-27 02:30:50 |[34;20m INFO     [0m|[34;20m nipype.workflow  [0m|[34;20m [Node] Finished "_measures0", elapsed time 1.859721s.[0m
2026-03-27 02:30:50 |[34;20m INFO     [0m|[34;20m nipype.workflow  [0m|[34;20m [Node] Setting-up "_measures0" in "/local/nvme/ds004996_27.784026/ds/tmp/mriqc_wf/funcMRIQC/ComputeIQMs/56d7e79ebfe05c4353507e67c5321adcd411894f/measures/mapflow/_measures0".[0m
2026-03-27 02:30:50 |[34;20m INFO     [0m|[34;20m nipype.workflow  [0m|[34;20m [Node] Setting-up "_timeseries0" in "/local/nvme/ds004996_27.784026/ds/tmp/mriqc_wf/funcMRIQC/ComputeIQMs/56d7e79ebfe05c4353507e67c5321adcd411894f/timeseries/mapflow/_timeseries0".[0m
2026-03-27 02:30:50 |[34;20m INFO     [0m|[34;20m nipype.workflow  [0m|[34;20m [Node] Executing "_measures0" <mriqc.interfaces.functional.FunctionalQC>[0m
2026-03-27 02:30:50 |[34;20m INFO     [0m|[34;20m nipype.workflow  [0m|[34;20m [Node] Executing "_timeseries0" <mriqc.interfaces.functional.GatherTimeseries>[0m
2026-03-27 02:30:50 |[34;20m INFO     [0m|[34;20m nipype.workflow  [0m|[34;20m [Node] Setting-up "_datasink0" in "/local/nvme/ds004996_27.784026/ds/tmp/mriqc_wf/funcMRIQC/ComputeIQMs/55240b91343f9c68251fd78dc4a930991431dda8/datasink/mapflow/_datasink0".[0m
2026-03-27 02:30:50 |[34;20m INFO     [0m|[34;20m nipype.workflow  [0m|[34;20m [Node] Executing "_datasink0" <mriqc.interfaces.bids.IQMFileSink>[0m
2026-03-27 02:30:50 |[34;20m INFO     [0m|[34;20m nipype.workflow  [0m|[34;20m [Node] Finished "_datasink0", elapsed time 0.002044s.[0m
2026-03-27 02:30:50 |[34;20m INFO     [0m|[34;20m nipype.workflow  [0m|[34;20m [Node] Finished "_timeseries0", elapsed time 0.021995s.[0m
2026-03-27 02:30:50 |[34;20m INFO     [0m|[34;20m nipype.workflow  [0m|[34;20m [Node] Setting-up "_ds_timeseries0" in "/local/nvme/ds004996_27.784026/ds/tmp/mriqc_wf/funcMRIQC/ComputeIQMs/55240b91343f9c68251fd78dc4a930991431dda8/ds_timeseries/mapflow/_ds_timeseries0".[0m
2026-03-27 02:30:50 |[34;20m INFO     [0m|[34;20m nipype.workflow  [0m|[34;20m [Node] Executing "_ds_timeseries0" <mriqc.interfaces.DerivativesDataSink>[0m
2026-03-27 02:30:50 |[34;20m INFO     [0m|[34;20m nipype.workflow  [0m|[34;20m [Node] Finished "_ds_timeseries0", elapsed time 0.004423s.[0m
2026-03-27 02:30:50 |[34;20m INFO     [0m|[34;20m nipype.workflow  [0m|[34;20m [Node] Setting-up "_BigPlot0" in "/local/nvme/ds004996_27.784026/ds/tmp/mriqc_wf/funcMRIQC/func_report_wf/56d7e79ebfe05c4353507e67c5321adcd411894f/BigPlot/mapflow/_BigPlot0".[0m
2026-03-27 02:30:50 |[34;20m INFO     [0m|[34;20m nipype.workflow  [0m|[34;20m [Node] Executing "_BigPlot0" <nireports.interfaces.fmri.FMRISummary>[0m
2026-03-27 02:30:52 |[34;20m INFO     [0m|[34;20m nipype.workflow  [0m|[34;20m [Node] Finished "_measures0", elapsed time 1.8480910000000002s.[0m
2026-03-27 02:30:52 |[34;20m INFO     [0m|[34;20m nipype.workflow  [0m|[34;20m [Node] Setting-up "_datasink0" in "/local/nvme/ds004996_27.784026/ds/tmp/mriqc_wf/funcMRIQC/ComputeIQMs/56d7e79ebfe05c4353507e67c5321adcd411894f/datasink/mapflow/_datasink0".[0m
2026-03-27 02:30:52 |[34;20m INFO     [0m|[34;20m nipype.workflow  [0m|[34;20m [Node] Executing "_datasink0" <mriqc.interfaces.bids.IQMFileSink>[0m
2026-03-27 02:30:52 |[34;20m INFO     [0m|[34;20m nipype.workflow  [0m|[34;20m [Node] Finished "_datasink0", elapsed time 0.000647s.[0m
2026-03-27 02:30:52 |[34;20m INFO     [0m|[34;20m nipype.workflow  [0m|[34;20m [Node] Setting-up "_ds_timeseries0" in "/local/nvme/ds004996_27.784026/ds/tmp/mriqc_wf/funcMRIQC/ComputeIQMs/56d7e79ebfe05c4353507e67c5321adcd411894f/ds_timeseries/mapflow/_ds_timeseries0".[0m
2026-03-27 02:30:52 |[34;20m INFO     [0m|[34;20m nipype.workflow  [0m|[34;20m [Node] Executing "_ds_timeseries0" <mriqc.interfaces.DerivativesDataSink>[0m
2026-03-27 02:30:52 |[34;20m INFO     [0m|[34;20m nipype.workflow  [0m|[34;20m [Node] Finished "_ds_timeseries0", elapsed time 0.004347s.[0m
2026-03-27 02:30:53 |[34;20m INFO     [0m|[34;20m nipype.workflow  [0m|[34;20m [Node] Finished "_ComputeDVARS0", elapsed time 18.444532s.[0m
2026-03-27 02:30:54 |[34;20m INFO     [0m|[34;20m nipype.workflow  [0m|[34;20m [Node] Setting-up "_measures0" in "/local/nvme/ds004996_27.784026/ds/tmp/mriqc_wf/funcMRIQC/ComputeIQMs/9bf31fa3abe505966297908f49a5fecbb60e8b56/measures/mapflow/_measures0".[0m
2026-03-27 02:30:54 |[34;20m INFO     [0m|[34;20m nipype.workflow  [0m|[34;20m [Node] Setting-up "_timeseries0" in "/local/nvme/ds004996_27.784026/ds/tmp/mriqc_wf/funcMRIQC/ComputeIQMs/9bf31fa3abe505966297908f49a5fecbb60e8b56/timeseries/mapflow/_timeseries0".[0m
2026-03-27 02:30:54 |[34;20m INFO     [0m|[34;20m nipype.workflow  [0m|[34;20m [Node] Executing "_measures0" <mriqc.interfaces.functional.FunctionalQC>[0m
2026-03-27 02:30:54 |[34;20m INFO     [0m|[34;20m nipype.workflow  [0m|[34;20m [Node] Executing "_timeseries0" <mriqc.interfaces.functional.GatherTimeseries>[0m
2026-03-27 02:30:54 |[34;20m INFO     [0m|[34;20m nipype.workflow  [0m|[34;20m [Node] Finished "_timeseries0", elapsed time 0.017241s.[0m
2026-03-27 02:30:55 |[34;20m INFO     [0m|[34;20m nipype.workflow  [0m|[34;20m [Node] Finished "_BigPlot0", elapsed time 4.834259s.[0m
2026-03-27 02:30:56 |[34;20m INFO     [0m|[34;20m nipype.workflow  [0m|[34;20m [Node] Finished "_measures0", elapsed time 1.582422s.[0m
2026-03-27 02:30:56 |[34;20m INFO     [0m|[34;20m nipype.workflow  [0m|[34;20m [Node] Setting-up "mriqc_wf.funcMRIQC.synthstrip_wf.post_n4" in "/local/nvme/ds004996_27.784026/ds/tmp/mriqc_wf/funcMRIQC/synthstrip_wf/55240b91343f9c68251fd78dc4a930991431dda8/post_n4".[0m
2026-03-27 02:30:56 |[34;20m INFO     [0m|[34;20m nipype.workflow  [0m|[34;20m [Node] Executing "post_n4" <nipype.interfaces.ants.segmentation.N4BiasFieldCorrection>[0m
2026-03-27 02:30:57 |[34;20m INFO     [0m|[34;20m nipype.workflow  [0m|[34;20m [Node] Finished "post_n4", elapsed time 1.034329s.[0m
2026-03-27 02:30:58 |[34;20m INFO     [0m|[34;20m nipype.workflow  [0m|[34;20m [Node] Setting-up "mriqc_wf.funcMRIQC.SpatialNormalization.EPI2MNI" in "/local/nvme/ds004996_27.784026/ds/tmp/mriqc_wf/funcMRIQC/SpatialNormalization/55240b91343f9c68251fd78dc4a930991431dda8/EPI2MNI".[0m
2026-03-27 02:30:58 |[34;20m INFO     [0m|[34;20m nipype.workflow  [0m|[34;20m [Node] Executing "EPI2MNI" <niworkflows.interfaces.reportlets.registration.SpatialNormalizationRPT>[0m
2026-03-27 02:30:58 |[34;20m INFO     [0m|[34;20m niworkflows      [0m|[34;20m Estimating initial transform using AffineInitializer[0m
2026-03-27 02:31:04 |[34;20m INFO     [0m|[34;20m niworkflows      [0m|[34;20m Loading settings from file /opt/conda/lib/python3.11/site-packages/niworkflows/data/boldref-mni_registration_precise_000.json.[0m
2026-03-27 02:31:04 |[34;20m INFO     [0m|[34;20m niworkflows      [0m|[34;20m Retry #1, commandline: 
antsRegistration --collapse-output-transforms 1 --dimensionality 3 --float 0 --initial-moving-transform [ /local/nvme/ds004996_27.784026/ds/tmp/mriqc_wf/funcMRIQC/SpatialNormalization/55240b91343f9c68251fd78dc4a930991431dda8/EPI2MNI/transform.mat, 0 ] --initialize-transforms-per-stage 0 --interpolation LanczosWindowedSinc --output [ epi_to_mni, epi_to_mni_Warped.nii.gz ] --transform Rigid[ 0.05 ] --metric Mattes[ /templateflow/tpl-MNI152NLin2009cAsym/tpl-MNI152NLin2009cAsym_res-02_desc-fMRIPrep_boldref.nii.gz, /local/nvme/ds004996_27.784026/ds/tmp/mriqc_wf/funcMRIQC/SpatialNormalization/55240b91343f9c68251fd78dc4a930991431dda8/SharpenEPI/sub-27_task-conversation_run-02_bold_desc-realigned_valid_tstat_corrected.nii.gz, 1, 56, Regular, 0.25 ] --convergence [ 10000x1000x100, 1e-06, 20 ] --smoothing-sigmas 4.0x2.0x1.0vox --shrink-factors 4x2x1 --use-histogram-matching 1 --masks [ /templateflow/tpl-MNI152NLin2009cAsym/tpl-MNI152NLin2009cAsym_res-02_desc-brain_mask.nii.gz, /local/nvme/ds004996_27.784026/ds/tmp/mriqc_wf/funcMRIQC/synthstrip_wf/55240b91343f9c68251fd78dc4a930991431dda8/synthstrip/clipped_corrected_desc-brain_mask.nii.gz ] --transform Affine[ 0.08 ] --metric Mattes[ /templateflow/tpl-MNI152NLin2009cAsym/tpl-MNI152NLin2009cAsym_res-02_desc-fMRIPrep_boldref.nii.gz, /local/nvme/ds004996_27.784026/ds/tmp/mriqc_wf/funcMRIQC/SpatialNormalization/55240b91343f9c68251fd78dc4a930991431dda8/SharpenEPI/sub-27_task-conversation_run-02_bold_desc-realigned_valid_tstat_corrected.nii.gz, 1, 56, Regular, 0.25 ] --convergence [ 500x250x100, 1e-06, 20 ] --smoothing-sigmas 4.0x2.0x1.0vox --shrink-factors 8x4x2 --use-histogram-matching 1 --masks [ /templateflow/tpl-MNI152NLin2009cAsym/tpl-MNI152NLin2009cAsym_res-02_desc-brain_mask.nii.gz, /local/nvme/ds004996_27.784026/ds/tmp/mriqc_wf/funcMRIQC/synthstrip_wf/55240b91343f9c68251fd78dc4a930991431dda8/synthstrip/clipped_corrected_desc-brain_mask.nii.gz ] --transform SyN[ 0.1, 3.0, 0.0 ] --metric CC[ /templateflow/tpl-MNI152NLin2009cAsym/tpl-MNI152NLin2009cAsym_res-02_desc-fMRIPrep_boldref.nii.gz, /local/nvme/ds004996_27.784026/ds/tmp/mriqc_wf/funcMRIQC/SpatialNormalization/55240b91343f9c68251fd78dc4a930991431dda8/SharpenEPI/sub-27_task-conversation_run-02_bold_desc-realigned_valid_tstat_corrected.nii.gz, 1, 4, None, 1 ] --convergence [ 100x30x20, 1e-06, 10 ] --smoothing-sigmas 3.0x2.0x1.0vox --shrink-factors 8x4x2 --use-histogram-matching 1 --masks [ /templateflow/tpl-MNI152NLin2009cAsym/tpl-MNI152NLin2009cAsym_res-02_desc-brain_mask.nii.gz, /local/nvme/ds004996_27.784026/ds/tmp/mriqc_wf/funcMRIQC/synthstrip_wf/55240b91343f9c68251fd78dc4a930991431dda8/synthstrip/clipped_corrected_desc-brain_mask.nii.gz ] --winsorize-image-intensities [ 0.005, 0.995 ]  --write-composite-transform 1[0m
2026-03-27 02:31:17 |[34;20m INFO     [0m|[34;20m niworkflows      [0m|[34;20m Successful spatial normalization (retry #1).[0m
2026-03-27 02:31:17 |[34;20m INFO     [0m|[34;20m niworkflows      [0m|[34;20m Report - setting fixed (/templateflow/tpl-MNI152NLin2009cAsym/tpl-MNI152NLin2009cAsym_res-02_desc-fMRIPrep_boldref.nii.gz) and moving (/local/nvme/ds004996_27.784026/ds/tmp/mriqc_wf/funcMRIQC/SpatialNormalization/55240b91343f9c68251fd78dc4a930991431dda8/EPI2MNI/epi_to_mni_Warped.nii.gz) images[0m
2026-03-27 02:31:17 |[34;20m INFO     [0m|[34;20m niworkflows      [0m|[34;20m Generating visual report[0m
2026-03-27 02:31:35 |[34;20m INFO     [0m|[34;20m nipype.workflow  [0m|[34;20m [Node] Finished "EPI2MNI", elapsed time 36.73023s.[0m
2026-03-27 02:31:36 |[34;20m INFO     [0m|[34;20m nipype.workflow  [0m|[34;20m [Node] Setting-up "mriqc_wf.funcMRIQC.synthstrip_wf.post_n4" in "/local/nvme/ds004996_27.784026/ds/tmp/mriqc_wf/funcMRIQC/synthstrip_wf/9bf31fa3abe505966297908f49a5fecbb60e8b56/post_n4".[0m
2026-03-27 02:31:36 |[34;20m INFO     [0m|[34;20m nipype.workflow  [0m|[34;20m [Node] Executing "post_n4" <nipype.interfaces.ants.segmentation.N4BiasFieldCorrection>[0m
2026-03-27 02:31:37 |[34;20m INFO     [0m|[34;20m nipype.workflow  [0m|[34;20m [Node] Finished "post_n4", elapsed time 1.034857s.[0m
2026-03-27 02:31:38 |[34;20m INFO     [0m|[34;20m nipype.workflow  [0m|[34;20m [Node] Setting-up "mriqc_wf.funcMRIQC.SpatialNormalization.EPI2MNI" in "/local/nvme/ds004996_27.784026/ds/tmp/mriqc_wf/funcMRIQC/SpatialNormalization/9bf31fa3abe505966297908f49a5fecbb60e8b56/EPI2MNI".[0m
2026-03-27 02:31:38 |[34;20m INFO     [0m|[34;20m nipype.workflow  [0m|[34;20m [Node] Executing "EPI2MNI" <niworkflows.interfaces.reportlets.registration.SpatialNormalizationRPT>[0m
2026-03-27 02:31:38 |[34;20m INFO     [0m|[34;20m niworkflows      [0m|[34;20m Estimating initial transform using AffineInitializer[0m
2026-03-27 02:31:44 |[34;20m INFO     [0m|[34;20m niworkflows      [0m|[34;20m Terminal outputs of initialization saved (/local/nvme/ds004996_27.784026/ds/tmp/mriqc_wf/funcMRIQC/SpatialNormalization/9bf31fa3abe505966297908f49a5fecbb60e8b56/EPI2MNI/stderr.nipype-init).[0m
2026-03-27 02:31:44 |[34;20m INFO     [0m|[34;20m niworkflows      [0m|[34;20m Loading settings from file /opt/conda/lib/python3.11/site-packages/niworkflows/data/boldref-mni_registration_precise_000.json.[0m
2026-03-27 02:31:44 |[34;20m INFO     [0m|[34;20m niworkflows      [0m|[34;20m Retry #1, commandline: 
antsRegistration --collapse-output-transforms 1 --dimensionality 3 --float 0 --initial-moving-transform [ /local/nvme/ds004996_27.784026/ds/tmp/mriqc_wf/funcMRIQC/SpatialNormalization/9bf31fa3abe505966297908f49a5fecbb60e8b56/EPI2MNI/transform.mat, 0 ] --initialize-transforms-per-stage 0 --interpolation LanczosWindowedSinc --output [ epi_to_mni, epi_to_mni_Warped.nii.gz ] --transform Rigid[ 0.05 ] --metric Mattes[ /templateflow/tpl-MNI152NLin2009cAsym/tpl-MNI152NLin2009cAsym_res-02_desc-fMRIPrep_boldref.nii.gz, /local/nvme/ds004996_27.784026/ds/tmp/mriqc_wf/funcMRIQC/SpatialNormalization/9bf31fa3abe505966297908f49a5fecbb60e8b56/SharpenEPI/sub-27_task-conversation_run-03_bold_desc-realigned_valid_tstat_corrected.nii.gz, 1, 56, Regular, 0.25 ] --convergence [ 10000x1000x100, 1e-06, 20 ] --smoothing-sigmas 4.0x2.0x1.0vox --shrink-factors 4x2x1 --use-histogram-matching 1 --masks [ /templateflow/tpl-MNI152NLin2009cAsym/tpl-MNI152NLin2009cAsym_res-02_desc-brain_mask.nii.gz, /local/nvme/ds004996_27.784026/ds/tmp/mriqc_wf/funcMRIQC/synthstrip_wf/9bf31fa3abe505966297908f49a5fecbb60e8b56/synthstrip/clipped_corrected_desc-brain_mask.nii.gz ] --transform Affine[ 0.08 ] --metric Mattes[ /templateflow/tpl-MNI152NLin2009cAsym/tpl-MNI152NLin2009cAsym_res-02_desc-fMRIPrep_boldref.nii.gz, /local/nvme/ds004996_27.784026/ds/tmp/mriqc_wf/funcMRIQC/SpatialNormalization/9bf31fa3abe505966297908f49a5fecbb60e8b56/SharpenEPI/sub-27_task-conversation_run-03_bold_desc-realigned_valid_tstat_corrected.nii.gz, 1, 56, Regular, 0.25 ] --convergence [ 500x250x100, 1e-06, 20 ] --smoothing-sigmas 4.0x2.0x1.0vox --shrink-factors 8x4x2 --use-histogram-matching 1 --masks [ /templateflow/tpl-MNI152NLin2009cAsym/tpl-MNI152NLin2009cAsym_res-02_desc-brain_mask.nii.gz, /local/nvme/ds004996_27.784026/ds/tmp/mriqc_wf/funcMRIQC/synthstrip_wf/9bf31fa3abe505966297908f49a5fecbb60e8b56/synthstrip/clipped_corrected_desc-brain_mask.nii.gz ] --transform SyN[ 0.1, 3.0, 0.0 ] --metric CC[ /templateflow/tpl-MNI152NLin2009cAsym/tpl-MNI152NLin2009cAsym_res-02_desc-fMRIPrep_boldref.nii.gz, /local/nvme/ds004996_27.784026/ds/tmp/mriqc_wf/funcMRIQC/SpatialNormalization/9bf31fa3abe505966297908f49a5fecbb60e8b56/SharpenEPI/sub-27_task-conversation_run-03_bold_desc-realigned_valid_tstat_corrected.nii.gz, 1, 4, None, 1 ] --convergence [ 100x30x20, 1e-06, 10 ] --smoothing-sigmas 3.0x2.0x1.0vox --shrink-factors 8x4x2 --use-histogram-matching 1 --masks [ /templateflow/tpl-MNI152NLin2009cAsym/tpl-MNI152NLin2009cAsym_res-02_desc-brain_mask.nii.gz, /local/nvme/ds004996_27.784026/ds/tmp/mriqc_wf/funcMRIQC/synthstrip_wf/9bf31fa3abe505966297908f49a5fecbb60e8b56/synthstrip/clipped_corrected_desc-brain_mask.nii.gz ] --winsorize-image-intensities [ 0.005, 0.995 ]  --write-composite-transform 1[0m
2026-03-27 02:31:57 |[34;20m INFO     [0m|[34;20m niworkflows      [0m|[34;20m Successful spatial normalization (retry #1).[0m
2026-03-27 02:31:57 |[34;20m INFO     [0m|[34;20m niworkflows      [0m|[34;20m Report - setting fixed (/templateflow/tpl-MNI152NLin2009cAsym/tpl-MNI152NLin2009cAsym_res-02_desc-fMRIPrep_boldref.nii.gz) and moving (/local/nvme/ds004996_27.784026/ds/tmp/mriqc_wf/funcMRIQC/SpatialNormalization/9bf31fa3abe505966297908f49a5fecbb60e8b56/EPI2MNI/epi_to_mni_Warped.nii.gz) images[0m
2026-03-27 02:31:57 |[34;20m INFO     [0m|[34;20m niworkflows      [0m|[34;20m Generating visual report[0m
2026-03-27 02:32:13 |[34;20m INFO     [0m|[34;20m nipype.workflow  [0m|[34;20m [Node] Finished "EPI2MNI", elapsed time 34.922569s.[0m
2026-03-27 02:32:14 |[34;20m INFO     [0m|[34;20m nipype.workflow  [0m|[34;20m [Node] Setting-up "mriqc_wf.funcMRIQC.func_report_wf.ds_report_norm" in "/local/nvme/ds004996_27.784026/ds/tmp/mriqc_wf/funcMRIQC/func_report_wf/55240b91343f9c68251fd78dc4a930991431dda8/ds_report_norm".[0m
2026-03-27 02:32:14 |[34;20m INFO     [0m|[34;20m nipype.workflow  [0m|[34;20m [Node] Setting-up "mriqc_wf.funcMRIQC.synthstrip_wf.final_masked" in "/local/nvme/ds004996_27.784026/ds/tmp/mriqc_wf/funcMRIQC/synthstrip_wf/55240b91343f9c68251fd78dc4a930991431dda8/final_masked".[0m
2026-03-27 02:32:14 |[34;20m INFO     [0m|[34;20m nipype.workflow  [0m|[34;20m [Node] Setting-up "mriqc_wf.funcMRIQC.SpatialNormalization.ResampleSegmentation" in "/local/nvme/ds004996_27.784026/ds/tmp/mriqc_wf/funcMRIQC/SpatialNormalization/55240b91343f9c68251fd78dc4a930991431dda8/ResampleSegmentation".[0m
2026-03-27 02:32:14 |[34;20m INFO     [0m|[34;20m nipype.workflow  [0m|[34;20m [Node] Executing "final_masked" <niworkflows.interfaces.nibabel.ApplyMask>[0m
2026-03-27 02:32:14 |[34;20m INFO     [0m|[34;20m nipype.workflow  [0m|[34;20m [Node] Executing "ds_report_norm" <mriqc.interfaces.DerivativesDataSink>[0m
2026-03-27 02:32:14 |[34;20m INFO     [0m|[34;20m nipype.workflow  [0m|[34;20m [Node] Executing "ResampleSegmentation" <nipype.interfaces.ants.resampling.ApplyTransforms>[0m
2026-03-27 02:32:14 |[34;20m INFO     [0m|[34;20m nipype.workflow  [0m|[34;20m [Node] Finished "ds_report_norm", elapsed time 0.005217s.[0m
2026-03-27 02:32:14 |[34;20m INFO     [0m|[34;20m nipype.workflow  [0m|[34;20m [Node] Finished "final_masked", elapsed time 0.028994s.[0m
2026-03-27 02:32:14 |[34;20m INFO     [0m|[34;20m nipype.workflow  [0m|[34;20m [Node] Setting-up "mriqc_wf.funcMRIQC.func_report_wf.ds_report_norm" in "/local/nvme/ds004996_27.784026/ds/tmp/mriqc_wf/funcMRIQC/func_report_wf/9bf31fa3abe505966297908f49a5fecbb60e8b56/ds_report_norm".[0m
2026-03-27 02:32:14 |[34;20m INFO     [0m|[34;20m nipype.workflow  [0m|[34;20m [Node] Setting-up "mriqc_wf.funcMRIQC.synthstrip_wf.final_masked" in "/local/nvme/ds004996_27.784026/ds/tmp/mriqc_wf/funcMRIQC/synthstrip_wf/9bf31fa3abe505966297908f49a5fecbb60e8b56/final_masked".[0m
2026-03-27 02:32:14 |[34;20m INFO     [0m|[34;20m nipype.workflow  [0m|[34;20m [Node] Executing "ds_report_norm" <mriqc.interfaces.DerivativesDataSink>[0m
2026-03-27 02:32:14 |[34;20m INFO     [0m|[34;20m nipype.workflow  [0m|[34;20m [Node] Executing "final_masked" <niworkflows.interfaces.nibabel.ApplyMask>[0m
2026-03-27 02:32:14 |[34;20m INFO     [0m|[34;20m nipype.workflow  [0m|[34;20m [Node] Setting-up "mriqc_wf.funcMRIQC.SpatialNormalization.ResampleSegmentation" in "/local/nvme/ds004996_27.784026/ds/tmp/mriqc_wf/funcMRIQC/SpatialNormalization/9bf31fa3abe505966297908f49a5fecbb60e8b56/ResampleSegmentation".[0m
2026-03-27 02:32:14 |[34;20m INFO     [0m|[34;20m nipype.workflow  [0m|[34;20m [Node] Finished "ds_report_norm", elapsed time 0.005418s.[0m
2026-03-27 02:32:14 |[34;20m INFO     [0m|[34;20m nipype.workflow  [0m|[34;20m [Node] Executing "ResampleSegmentation" <nipype.interfaces.ants.resampling.ApplyTransforms>[0m
2026-03-27 02:32:14 |[34;20m INFO     [0m|[34;20m nipype.workflow  [0m|[34;20m [Node] Finished "final_masked", elapsed time 0.032642s.[0m
2026-03-27 02:32:14 |[34;20m INFO     [0m|[34;20m nipype.workflow  [0m|[34;20m [Node] Setting-up "_datasink0" in "/local/nvme/ds004996_27.784026/ds/tmp/mriqc_wf/funcMRIQC/ComputeIQMs/9bf31fa3abe505966297908f49a5fecbb60e8b56/datasink/mapflow/_datasink0".[0m
2026-03-27 02:32:14 |[34;20m INFO     [0m|[34;20m nipype.workflow  [0m|[34;20m [Node] Executing "_datasink0" <mriqc.interfaces.bids.IQMFileSink>[0m
2026-03-27 02:32:14 |[34;20m INFO     [0m|[34;20m nipype.workflow  [0m|[34;20m [Node] Finished "_datasink0", elapsed time 0.000646s.[0m
2026-03-27 02:32:15 |[34;20m INFO     [0m|[34;20m nipype.workflow  [0m|[34;20m [Node] Setting-up "_ds_timeseries0" in "/local/nvme/ds004996_27.784026/ds/tmp/mriqc_wf/funcMRIQC/ComputeIQMs/9bf31fa3abe505966297908f49a5fecbb60e8b56/ds_timeseries/mapflow/_ds_timeseries0".[0m
2026-03-27 02:32:15 |[34;20m INFO     [0m|[34;20m nipype.workflow  [0m|[34;20m [Node] Executing "_ds_timeseries0" <mriqc.interfaces.DerivativesDataSink>[0m
2026-03-27 02:32:15 |[34;20m INFO     [0m|[34;20m nipype.workflow  [0m|[34;20m [Node] Finished "_ds_timeseries0", elapsed time 0.004407s.[0m
2026-03-27 02:32:15 |[34;20m INFO     [0m|[34;20m nipype.workflow  [0m|[34;20m [Node] Setting-up "_ds_report_carpet0" in "/local/nvme/ds004996_27.784026/ds/tmp/mriqc_wf/funcMRIQC/func_report_wf/56d7e79ebfe05c4353507e67c5321adcd411894f/ds_report_carpet/mapflow/_ds_report_carpet0".[0m
2026-03-27 02:32:15 |[34;20m INFO     [0m|[34;20m nipype.workflow  [0m|[34;20m [Node] Executing "_ds_report_carpet0" <mriqc.interfaces.DerivativesDataSink>[0m
2026-03-27 02:32:15 |[34;20m INFO     [0m|[34;20m nipype.workflow  [0m|[34;20m [Node] Finished "_ds_report_carpet0", elapsed time 0.005339s.[0m
2026-03-27 02:32:17 |[34;20m INFO     [0m|[34;20m nipype.workflow  [0m|[34;20m [Node] Finished "ResampleSegmentation", elapsed time 2.459542s.[0m
2026-03-27 02:32:17 |[34;20m INFO     [0m|[34;20m nipype.workflow  [0m|[34;20m [Node] Finished "ResampleSegmentation", elapsed time 2.502913s.[0m
2026-03-27 02:32:18 |[34;20m INFO     [0m|[34;20m nipype.workflow  [0m|[34;20m [Node] Setting-up "mriqc_wf.funcMRIQC.func_report_wf.parcels" in "/local/nvme/ds004996_27.784026/ds/tmp/mriqc_wf/funcMRIQC/func_report_wf/55240b91343f9c68251fd78dc4a930991431dda8/parcels".[0m
2026-03-27 02:32:18 |[34;20m INFO     [0m|[34;20m nipype.workflow  [0m|[34;20m [Node] Setting-up "mriqc_wf.funcMRIQC.func_report_wf.parcels" in "/local/nvme/ds004996_27.784026/ds/tmp/mriqc_wf/funcMRIQC/func_report_wf/9bf31fa3abe505966297908f49a5fecbb60e8b56/parcels".[0m
2026-03-27 02:32:18 |[34;20m INFO     [0m|[34;20m nipype.workflow  [0m|[34;20m [Node] Executing "parcels" <nipype.interfaces.utility.wrappers.Function>[0m
2026-03-27 02:32:18 |[34;20m INFO     [0m|[34;20m nipype.workflow  [0m|[34;20m [Node] Executing "parcels" <nipype.interfaces.utility.wrappers.Function>[0m
2026-03-27 02:32:18 |[34;20m INFO     [0m|[34;20m nipype.workflow  [0m|[34;20m [Node] Finished "parcels", elapsed time 0.024348s.[0m
2026-03-27 02:32:18 |[34;20m INFO     [0m|[34;20m nipype.workflow  [0m|[34;20m [Node] Finished "parcels", elapsed time 0.023807s.[0m
2026-03-27 02:32:20 |[34;20m INFO     [0m|[34;20m nipype.workflow  [0m|[34;20m [Node] Setting-up "_BigPlot0" in "/local/nvme/ds004996_27.784026/ds/tmp/mriqc_wf/funcMRIQC/func_report_wf/55240b91343f9c68251fd78dc4a930991431dda8/BigPlot/mapflow/_BigPlot0".[0m
2026-03-27 02:32:20 |[34;20m INFO     [0m|[34;20m nipype.workflow  [0m|[34;20m [Node] Executing "_BigPlot0" <nireports.interfaces.fmri.FMRISummary>[0m
2026-03-27 02:32:20 |[34;20m INFO     [0m|[34;20m nipype.workflow  [0m|[34;20m [Node] Setting-up "_BigPlot0" in "/local/nvme/ds004996_27.784026/ds/tmp/mriqc_wf/funcMRIQC/func_report_wf/9bf31fa3abe505966297908f49a5fecbb60e8b56/BigPlot/mapflow/_BigPlot0".[0m
2026-03-27 02:32:20 |[34;20m INFO     [0m|[34;20m nipype.workflow  [0m|[34;20m [Node] Executing "_BigPlot0" <nireports.interfaces.fmri.FMRISummary>[0m
2026-03-27 02:32:25 |[34;20m INFO     [0m|[34;20m nipype.workflow  [0m|[34;20m [Node] Finished "_BigPlot0", elapsed time 4.6769359999999995s.[0m
2026-03-27 02:32:25 |[34;20m INFO     [0m|[34;20m nipype.workflow  [0m|[34;20m [Node] Finished "_BigPlot0", elapsed time 4.94072s.[0m
2026-03-27 02:32:26 |[34;20m INFO     [0m|[34;20m nipype.workflow  [0m|[34;20m [Node] Setting-up "_ds_report_carpet0" in "/local/nvme/ds004996_27.784026/ds/tmp/mriqc_wf/funcMRIQC/func_report_wf/55240b91343f9c68251fd78dc4a930991431dda8/ds_report_carpet/mapflow/_ds_report_carpet0".[0m
2026-03-27 02:32:26 |[34;20m INFO     [0m|[34;20m nipype.workflow  [0m|[34;20m [Node] Executing "_ds_report_carpet0" <mriqc.interfaces.DerivativesDataSink>[0m
2026-03-27 02:32:26 |[34;20m INFO     [0m|[34;20m nipype.workflow  [0m|[34;20m [Node] Finished "_ds_report_carpet0", elapsed time 0.005615s.[0m
2026-03-27 02:32:26 |[34;20m INFO     [0m|[34;20m nipype.workflow  [0m|[34;20m [Node] Setting-up "_ds_report_carpet0" in "/local/nvme/ds004996_27.784026/ds/tmp/mriqc_wf/funcMRIQC/func_report_wf/9bf31fa3abe505966297908f49a5fecbb60e8b56/ds_report_carpet/mapflow/_ds_report_carpet0".[0m
2026-03-27 02:32:26 |[34;20m INFO     [0m|[34;20m nipype.workflow  [0m|[34;20m [Node] Executing "_ds_report_carpet0" <mriqc.interfaces.DerivativesDataSink>[0m
2026-03-27 02:32:26 |[34;20m INFO     [0m|[34;20m nipype.workflow  [0m|[34;20m [Node] Finished "_ds_report_carpet0", elapsed time 0.005254s.[0m
2026-03-27 02:32:28 |[34;20m INFO     [0m|[34;20m nipype.workflow  [0m|[34;20m Generating reports...[0m
2026-03-27 02:32:29 |[34;20m INFO     [0m|[34;20m nipype.workflow  [0m|[34;20m Report generation finished (3 reports).[0m
2026-03-27 02:32:29 |[33;20m IMPORTANT [0m|[33;20m mriqc            [0m|[33;20m Participant level finished successfully averaging 00h 07min 29s per subject.[0m
2026-03-27 02:32:29 |[34;20m INFO     [0m|[34;20m mriqc            [0m|[34;20m Generating BIDS derivatives metadata.[0m
----------------------------------------------------------------
  MRIQC completed (elapsed time 00h 22min 28s).
----------------------------------------------------------------

