------------------------------------------------------------------
  Running MRIQC version 24.1.0.dev0+gd5b13cb5.d20240826
  ----------------------------------------------------------------

  NOTICE
  Copyright © The NiPreps Developers.
  
  This product includes software developed by
  the NiPreps Community (https://nipreps.org/).
  
  Portions of this software were developed at the Department of
  Psychology at Stanford University, Stanford, CA, US.
  
  This software contains code ultimately derived from the
  PCP Quality Assessment Protocol (QAP;
  http://preprocessed-connectomes-project.org/quality-assessment-protocol)
  by C. Craddock, S. Giavasis, D. Clark, Z. Shezhad, and J. Pellman.
  
  This software is also distributed as a Docker container image.
  The bootstrapping file for the image ("Dockerfile") is licensed
  under the MIT License.

  ----------------------------------------------------------------

  * BIDS dataset path: /local/nvme/ds004996_21.784026/ds/sourcedata/raw.
  * Output folder: mriqc.
  * Analysis levels: ['participant'].
------------------------------------------------------------------

2026-03-27 02:15:19 |[33;20m IMPORTANT [0m|[33;20m mriqc            [0m|[33;20m Extracting metadata and entities for 3 input runs of modality 'bold'...[0m
2026-03-27 02:15:19 |[33;20m IMPORTANT [0m|[33;20m mriqc            [0m|[33;20m File size ('bold'): 0.41|0.41 GB [maximum|average].[0m
2026-03-27 02:15:19 |[34;20m INFO     [0m|[34;20m mriqc            [0m|[34;20m MRIQC config file: /local/nvme/ds004996_21.784026/ds/tmp/config-20260327-021509_27f2bce0-3ab5-40eb-a830-94113e719ad2.toml.[0m
2026-03-27 02:15:23 |[34;20m INFO     [0m|[34;20m matplotlib.font_manager [0m|[34;20m generated new fontManager[0m
2026-03-27 02:15:24 |[33;20m IMPORTANT [0m|[33;20m mriqc            [0m|[33;20m Building MRIQC's workflows...[0m
2026-03-27 02:15:24 |[34;20m INFO     [0m|[34;20m nipype.workflow  [0m|[34;20m Building functional MRIQC workflow for 3 BOLD runs..[0m
2026-03-27 02:15:30 |[33;20m IMPORTANT [0m|[33;20m mriqc            [0m|[33;20m Workflow building finished (exit code 0).[0m
2026-03-27 02:15:35 |[34;20m INFO     [0m|[34;20m nipype.workflow  [0m|[34;20m Workflow mriqc_wf settings: ['check', 'execution', 'logging', 'monitoring'][0m
2026-03-27 02:15:36 |[34;20m INFO     [0m|[34;20m nipype.workflow  [0m|[34;20m [Node] Setting-up "mriqc_wf.funcMRIQC.pick_echo" in "/local/nvme/ds004996_21.784026/ds/tmp/mriqc_wf/funcMRIQC/1a4a61388dcb834430daea57e4fc88cc1577194b/pick_echo".[0m
2026-03-27 02:15:36 |[34;20m INFO     [0m|[34;20m nipype.workflow  [0m|[34;20m [Node] Setting-up "_provenance0" in "/local/nvme/ds004996_21.784026/ds/tmp/mriqc_wf/funcMRIQC/ComputeIQMs/1a4a61388dcb834430daea57e4fc88cc1577194b/provenance/mapflow/_provenance0".[0m
2026-03-27 02:15:36 |[34;20m INFO     [0m|[34;20m nipype.workflow  [0m|[34;20m [Node] Executing "_provenance0" <mriqc.interfaces.reports.AddProvenance>[0m
2026-03-27 02:15:36 |[34;20m INFO     [0m|[34;20m nipype.workflow  [0m|[34;20m [Node] Executing "pick_echo" <mriqc.interfaces.functional.SelectEcho>[0m
2026-03-27 02:15:36 |[34;20m INFO     [0m|[34;20m nipype.workflow  [0m|[34;20m [Node] Finished "pick_echo", elapsed time 0.000528s.[0m
2026-03-27 02:15:36 |[34;20m INFO     [0m|[34;20m nipype.workflow  [0m|[34;20m [Node] Finished "_provenance0", elapsed time 0.837313s.[0m
2026-03-27 02:15:37 |[34;20m INFO     [0m|[34;20m nipype.workflow  [0m|[34;20m [Node] Setting-up "mriqc_wf.funcMRIQC.pick_echo" in "/local/nvme/ds004996_21.784026/ds/tmp/mriqc_wf/funcMRIQC/95485eb8cff37d557a8b39fda03b2710727ba5b0/pick_echo".[0m
2026-03-27 02:15:37 |[34;20m INFO     [0m|[34;20m nipype.workflow  [0m|[34;20m [Node] Setting-up "_provenance0" in "/local/nvme/ds004996_21.784026/ds/tmp/mriqc_wf/funcMRIQC/ComputeIQMs/95485eb8cff37d557a8b39fda03b2710727ba5b0/provenance/mapflow/_provenance0".[0m
2026-03-27 02:15:37 |[34;20m INFO     [0m|[34;20m nipype.workflow  [0m|[34;20m [Node] Executing "_provenance0" <mriqc.interfaces.reports.AddProvenance>[0m
2026-03-27 02:15:37 |[34;20m INFO     [0m|[34;20m nipype.workflow  [0m|[34;20m [Node] Executing "pick_echo" <mriqc.interfaces.functional.SelectEcho>[0m
2026-03-27 02:15:37 |[34;20m INFO     [0m|[34;20m nipype.workflow  [0m|[34;20m [Node] Finished "pick_echo", elapsed time 0.000404s.[0m
2026-03-27 02:15:37 |[34;20m INFO     [0m|[34;20m nipype.workflow  [0m|[34;20m [Node] Finished "_provenance0", elapsed time 0.863542s.[0m
2026-03-27 02:15:38 |[34;20m INFO     [0m|[34;20m nipype.workflow  [0m|[34;20m [Node] Setting-up "_provenance0" in "/local/nvme/ds004996_21.784026/ds/tmp/mriqc_wf/funcMRIQC/ComputeIQMs/902833dc56194973aaf3605cf0bd8268961de8ae/provenance/mapflow/_provenance0".[0m
2026-03-27 02:15:38 |[34;20m INFO     [0m|[34;20m nipype.workflow  [0m|[34;20m [Node] Setting-up "mriqc_wf.funcMRIQC.pick_echo" in "/local/nvme/ds004996_21.784026/ds/tmp/mriqc_wf/funcMRIQC/902833dc56194973aaf3605cf0bd8268961de8ae/pick_echo".[0m
2026-03-27 02:15:38 |[34;20m INFO     [0m|[34;20m nipype.workflow  [0m|[34;20m [Node] Executing "_provenance0" <mriqc.interfaces.reports.AddProvenance>[0m
2026-03-27 02:15:38 |[34;20m INFO     [0m|[34;20m nipype.workflow  [0m|[34;20m [Node] Executing "pick_echo" <mriqc.interfaces.functional.SelectEcho>[0m
2026-03-27 02:15:38 |[34;20m INFO     [0m|[34;20m nipype.workflow  [0m|[34;20m [Node] Finished "pick_echo", elapsed time 0.000825s.[0m
2026-03-27 02:15:39 |[34;20m INFO     [0m|[34;20m nipype.workflow  [0m|[34;20m [Node] Finished "_provenance0", elapsed time 0.979489s.[0m
2026-03-27 02:15:39 |[34;20m INFO     [0m|[34;20m nipype.workflow  [0m|[34;20m [Node] Setting-up "mriqc_wf.funcMRIQC.non_steady_state_detector" in "/local/nvme/ds004996_21.784026/ds/tmp/mriqc_wf/funcMRIQC/1a4a61388dcb834430daea57e4fc88cc1577194b/non_steady_state_detector".[0m
2026-03-27 02:15:39 |[34;20m INFO     [0m|[34;20m nipype.workflow  [0m|[34;20m [Node] Setting-up "mriqc_wf.funcMRIQC.non_steady_state_detector" in "/local/nvme/ds004996_21.784026/ds/tmp/mriqc_wf/funcMRIQC/902833dc56194973aaf3605cf0bd8268961de8ae/non_steady_state_detector".[0m
2026-03-27 02:15:39 |[34;20m INFO     [0m|[34;20m nipype.workflow  [0m|[34;20m [Node] Setting-up "mriqc_wf.funcMRIQC.non_steady_state_detector" in "/local/nvme/ds004996_21.784026/ds/tmp/mriqc_wf/funcMRIQC/95485eb8cff37d557a8b39fda03b2710727ba5b0/non_steady_state_detector".[0m
2026-03-27 02:15:39 |[34;20m INFO     [0m|[34;20m nipype.workflow  [0m|[34;20m [Node] Executing "non_steady_state_detector" <nipype.algorithms.confounds.NonSteadyStateDetector>[0m
2026-03-27 02:15:39 |[34;20m INFO     [0m|[34;20m nipype.workflow  [0m|[34;20m [Node] Executing "non_steady_state_detector" <nipype.algorithms.confounds.NonSteadyStateDetector>[0m
2026-03-27 02:15:39 |[34;20m INFO     [0m|[34;20m nipype.workflow  [0m|[34;20m [Node] Executing "non_steady_state_detector" <nipype.algorithms.confounds.NonSteadyStateDetector>[0m
2026-03-27 02:15:39 |[34;20m INFO     [0m|[34;20m nipype.workflow  [0m|[34;20m [Node] Finished "non_steady_state_detector", elapsed time 0.026192s.[0m
2026-03-27 02:15:39 |[34;20m INFO     [0m|[34;20m nipype.workflow  [0m|[34;20m [Node] Finished "non_steady_state_detector", elapsed time 0.027344s.[0m
2026-03-27 02:15:39 |[34;20m INFO     [0m|[34;20m nipype.workflow  [0m|[34;20m [Node] Finished "non_steady_state_detector", elapsed time 0.026207s.[0m
2026-03-27 02:15:41 |[34;20m INFO     [0m|[34;20m nipype.workflow  [0m|[34;20m [Node] Setting-up "_sanitize0" in "/local/nvme/ds004996_21.784026/ds/tmp/mriqc_wf/funcMRIQC/902833dc56194973aaf3605cf0bd8268961de8ae/sanitize/mapflow/_sanitize0".[0m
2026-03-27 02:15:41 |[34;20m INFO     [0m|[34;20m nipype.workflow  [0m|[34;20m [Node] Setting-up "_sanitize0" in "/local/nvme/ds004996_21.784026/ds/tmp/mriqc_wf/funcMRIQC/1a4a61388dcb834430daea57e4fc88cc1577194b/sanitize/mapflow/_sanitize0".[0m
2026-03-27 02:15:41 |[34;20m INFO     [0m|[34;20m nipype.workflow  [0m|[34;20m [Node] Setting-up "_sanitize0" in "/local/nvme/ds004996_21.784026/ds/tmp/mriqc_wf/funcMRIQC/95485eb8cff37d557a8b39fda03b2710727ba5b0/sanitize/mapflow/_sanitize0".[0m
2026-03-27 02:15:41 |[34;20m INFO     [0m|[34;20m nipype.workflow  [0m|[34;20m [Node] Executing "_sanitize0" <niworkflows.interfaces.header.SanitizeImage>[0m
2026-03-27 02:15:41 |[34;20m INFO     [0m|[34;20m nipype.workflow  [0m|[34;20m [Node] Executing "_sanitize0" <niworkflows.interfaces.header.SanitizeImage>[0m
2026-03-27 02:15:41 |[34;20m INFO     [0m|[34;20m nipype.workflow  [0m|[34;20m [Node] Executing "_sanitize0" <niworkflows.interfaces.header.SanitizeImage>[0m
2026-03-27 02:15:42 |[34;20m INFO     [0m|[34;20m nipype.workflow  [0m|[34;20m [Node] Finished "_sanitize0", elapsed time 0.794595s.[0m
2026-03-27 02:15:42 |[34;20m INFO     [0m|[34;20m nipype.workflow  [0m|[34;20m [Node] Finished "_sanitize0", elapsed time 0.796733s.[0m
2026-03-27 02:15:42 |[34;20m INFO     [0m|[34;20m nipype.workflow  [0m|[34;20m [Node] Finished "_sanitize0", elapsed time 0.931653s.[0m
2026-03-27 02:15:43 |[34;20m INFO     [0m|[34;20m nipype.workflow  [0m|[34;20m [Node] Setting-up "mriqc_wf.funcMRIQC.fMRI_HMC.estimate_hm" in "/local/nvme/ds004996_21.784026/ds/tmp/mriqc_wf/funcMRIQC/fMRI_HMC/1a4a61388dcb834430daea57e4fc88cc1577194b/estimate_hm".[0m
2026-03-27 02:15:43 |[34;20m INFO     [0m|[34;20m nipype.workflow  [0m|[34;20m [Node] Setting-up "mriqc_wf.funcMRIQC.fMRI_HMC.estimate_hm" in "/local/nvme/ds004996_21.784026/ds/tmp/mriqc_wf/funcMRIQC/fMRI_HMC/95485eb8cff37d557a8b39fda03b2710727ba5b0/estimate_hm".[0m
2026-03-27 02:15:43 |[34;20m INFO     [0m|[34;20m nipype.workflow  [0m|[34;20m [Node] Executing "estimate_hm" <nipype.interfaces.afni.preprocess.Volreg>[0m
2026-03-27 02:15:43 |[34;20m INFO     [0m|[34;20m nipype.workflow  [0m|[34;20m [Node] Setting-up "mriqc_wf.funcMRIQC.fMRI_HMC.estimate_hm" in "/local/nvme/ds004996_21.784026/ds/tmp/mriqc_wf/funcMRIQC/fMRI_HMC/902833dc56194973aaf3605cf0bd8268961de8ae/estimate_hm".[0m
2026-03-27 02:15:43 |[34;20m INFO     [0m|[34;20m nipype.workflow  [0m|[34;20m [Node] Setting-up "_SpikesMask0" in "/local/nvme/ds004996_21.784026/ds/tmp/mriqc_wf/funcMRIQC/func_report_wf/1a4a61388dcb834430daea57e4fc88cc1577194b/SpikesMask/mapflow/_SpikesMask0".[0m
2026-03-27 02:15:43 |[34;20m INFO     [0m|[34;20m nipype.workflow  [0m|[34;20m [Node] Executing "estimate_hm" <nipype.interfaces.afni.preprocess.Volreg>[0m
2026-03-27 02:15:43 |[34;20m INFO     [0m|[34;20m nipype.workflow  [0m|[34;20m [Node] Executing "estimate_hm" <nipype.interfaces.afni.preprocess.Volreg>[0m
2026-03-27 02:15:43 |[34;20m INFO     [0m|[34;20m nipype.workflow  [0m|[34;20m [Node] Executing "_SpikesMask0" <nipype.interfaces.utility.wrappers.Function>[0m
2026-03-27 02:15:43 |[34;20m INFO     [0m|[34;20m nipype.workflow  [0m|[34;20m [Node] Setting-up "_SpikesMask0" in "/local/nvme/ds004996_21.784026/ds/tmp/mriqc_wf/funcMRIQC/func_report_wf/95485eb8cff37d557a8b39fda03b2710727ba5b0/SpikesMask/mapflow/_SpikesMask0".[0m
2026-03-27 02:15:43 |[34;20m INFO     [0m|[34;20m nipype.workflow  [0m|[34;20m [Node] Executing "_SpikesMask0" <nipype.interfaces.utility.wrappers.Function>[0m
2026-03-27 02:15:43 |[34;20m INFO     [0m|[34;20m nipype.workflow  [0m|[34;20m [Node] Setting-up "_SpikesMask0" in "/local/nvme/ds004996_21.784026/ds/tmp/mriqc_wf/funcMRIQC/func_report_wf/902833dc56194973aaf3605cf0bd8268961de8ae/SpikesMask/mapflow/_SpikesMask0".[0m
2026-03-27 02:15:43 |[34;20m INFO     [0m|[34;20m nipype.workflow  [0m|[34;20m [Node] Executing "_SpikesMask0" <nipype.interfaces.utility.wrappers.Function>[0m
2026-03-27 02:15:45 |[34;20m INFO     [0m|[34;20m nipype.workflow  [0m|[34;20m [Node] Finished "_SpikesMask0", elapsed time 1.998431s.[0m
2026-03-27 02:15:45 |[34;20m INFO     [0m|[34;20m nipype.workflow  [0m|[34;20m [Node] Finished "_SpikesMask0", elapsed time 2.029926s.[0m
2026-03-27 02:15:45 |[34;20m INFO     [0m|[34;20m nipype.workflow  [0m|[34;20m [Node] Finished "_SpikesMask0", elapsed time 2.029246s.[0m
2026-03-27 02:15:47 |[34;20m INFO     [0m|[34;20m nipype.workflow  [0m|[34;20m [Node] Setting-up "_SpikesFinderBgMask0" in "/local/nvme/ds004996_21.784026/ds/tmp/mriqc_wf/funcMRIQC/func_report_wf/1a4a61388dcb834430daea57e4fc88cc1577194b/SpikesFinderBgMask/mapflow/_SpikesFinderBgMask0".[0m
2026-03-27 02:15:47 |[34;20m INFO     [0m|[34;20m nipype.workflow  [0m|[34;20m [Node] Executing "_SpikesFinderBgMask0" <mriqc.interfaces.functional.Spikes>[0m
2026-03-27 02:15:47 |[34;20m INFO     [0m|[34;20m nipype.workflow  [0m|[34;20m [Node] Setting-up "_SpikesFinderBgMask0" in "/local/nvme/ds004996_21.784026/ds/tmp/mriqc_wf/funcMRIQC/func_report_wf/95485eb8cff37d557a8b39fda03b2710727ba5b0/SpikesFinderBgMask/mapflow/_SpikesFinderBgMask0".[0m
2026-03-27 02:15:47 |[34;20m INFO     [0m|[34;20m nipype.workflow  [0m|[34;20m [Node] Setting-up "_SpikesFinderBgMask0" in "/local/nvme/ds004996_21.784026/ds/tmp/mriqc_wf/funcMRIQC/func_report_wf/902833dc56194973aaf3605cf0bd8268961de8ae/SpikesFinderBgMask/mapflow/_SpikesFinderBgMask0".[0m
2026-03-27 02:15:47 |[34;20m INFO     [0m|[34;20m nipype.workflow  [0m|[34;20m [Node] Executing "_SpikesFinderBgMask0" <mriqc.interfaces.functional.Spikes>[0m
2026-03-27 02:15:47 |[34;20m INFO     [0m|[34;20m nipype.workflow  [0m|[34;20m [Node] Executing "_SpikesFinderBgMask0" <mriqc.interfaces.functional.Spikes>[0m
2026-03-27 02:15:51 |[34;20m INFO     [0m|[34;20m nipype.workflow  [0m|[34;20m [Node] Finished "_SpikesFinderBgMask0", elapsed time 3.73431s.[0m
2026-03-27 02:15:51 |[34;20m INFO     [0m|[34;20m nipype.workflow  [0m|[34;20m [Node] Finished "_SpikesFinderBgMask0", elapsed time 3.82379s.[0m
2026-03-27 02:15:51 |[34;20m INFO     [0m|[34;20m nipype.workflow  [0m|[34;20m [Node] Finished "_SpikesFinderBgMask0", elapsed time 4.253477s.[0m
2026-03-27 02:32:25 |[34;20m INFO     [0m|[34;20m nipype.workflow  [0m|[34;20m [Node] Finished "estimate_hm", elapsed time 1002.355622s.[0m
2026-03-27 02:32:27 |[34;20m INFO     [0m|[34;20m nipype.workflow  [0m|[34;20m [Node] Finished "estimate_hm", elapsed time 1003.982363s.[0m
2026-03-27 02:32:27 |[34;20m INFO     [0m|[34;20m nipype.workflow  [0m|[34;20m [Node] Setting-up "mriqc_wf.funcMRIQC.fMRI_HMC.ComputeFD" in "/local/nvme/ds004996_21.784026/ds/tmp/mriqc_wf/funcMRIQC/fMRI_HMC/902833dc56194973aaf3605cf0bd8268961de8ae/ComputeFD".[0m
2026-03-27 02:32:27 |[34;20m INFO     [0m|[34;20m nipype.workflow  [0m|[34;20m [Node] Executing "ComputeFD" <nipype.algorithms.confounds.FramewiseDisplacement>[0m
2026-03-27 02:32:27 |[34;20m INFO     [0m|[34;20m nipype.workflow  [0m|[34;20m [Node] Finished "ComputeFD", elapsed time 0.007841s.[0m
2026-03-27 02:32:29 |[34;20m INFO     [0m|[34;20m nipype.workflow  [0m|[34;20m [Node] Setting-up "mriqc_wf.funcMRIQC.fMRI_HMC.ComputeFD" in "/local/nvme/ds004996_21.784026/ds/tmp/mriqc_wf/funcMRIQC/fMRI_HMC/95485eb8cff37d557a8b39fda03b2710727ba5b0/ComputeFD".[0m
2026-03-27 02:32:29 |[34;20m INFO     [0m|[34;20m nipype.workflow  [0m|[34;20m [Node] Executing "ComputeFD" <nipype.algorithms.confounds.FramewiseDisplacement>[0m
2026-03-27 02:32:29 |[34;20m INFO     [0m|[34;20m nipype.workflow  [0m|[34;20m [Node] Finished "ComputeFD", elapsed time 0.007103s.[0m
2026-03-27 02:32:53 |[34;20m INFO     [0m|[34;20m nipype.workflow  [0m|[34;20m [Node] Finished "estimate_hm", elapsed time 1029.860526s.[0m
2026-03-27 02:32:55 |[34;20m INFO     [0m|[34;20m nipype.workflow  [0m|[34;20m [Node] Setting-up "_apply_hmc0" in "/local/nvme/ds004996_21.784026/ds/tmp/mriqc_wf/funcMRIQC/fMRI_HMC/1a4a61388dcb834430daea57e4fc88cc1577194b/apply_hmc/mapflow/_apply_hmc0".[0m
2026-03-27 02:32:55 |[34;20m INFO     [0m|[34;20m nipype.workflow  [0m|[34;20m [Node] Executing "_apply_hmc0" <nipype.interfaces.utility.wrappers.Function>[0m
2026-03-27 02:33:15 |[34;20m INFO     [0m|[34;20m nipype.workflow  [0m|[34;20m [Node] Finished "_apply_hmc0", elapsed time 19.842979s.[0m
2026-03-27 02:33:17 |[34;20m INFO     [0m|[34;20m nipype.workflow  [0m|[34;20m [Node] Setting-up "mriqc_wf.funcMRIQC.fMRI_HMC.ComputeFD" in "/local/nvme/ds004996_21.784026/ds/tmp/mriqc_wf/funcMRIQC/fMRI_HMC/1a4a61388dcb834430daea57e4fc88cc1577194b/ComputeFD".[0m
2026-03-27 02:33:17 |[34;20m INFO     [0m|[34;20m nipype.workflow  [0m|[34;20m [Node] Executing "ComputeFD" <nipype.algorithms.confounds.FramewiseDisplacement>[0m
2026-03-27 02:33:17 |[34;20m INFO     [0m|[34;20m nipype.workflow  [0m|[34;20m [Node] Setting-up "_mean0" in "/local/nvme/ds004996_21.784026/ds/tmp/mriqc_wf/funcMRIQC/1a4a61388dcb834430daea57e4fc88cc1577194b/mean/mapflow/_mean0".[0m
2026-03-27 02:33:17 |[34;20m INFO     [0m|[34;20m nipype.workflow  [0m|[34;20m [Node] Setting-up "_compute_tsnr0" in "/local/nvme/ds004996_21.784026/ds/tmp/mriqc_wf/funcMRIQC/1a4a61388dcb834430daea57e4fc88cc1577194b/compute_tsnr/mapflow/_compute_tsnr0".[0m
2026-03-27 02:33:17 |[34;20m INFO     [0m|[34;20m nipype.workflow  [0m|[34;20m [Node] Setting-up "_quality0" in "/local/nvme/ds004996_21.784026/ds/tmp/mriqc_wf/funcMRIQC/ComputeIQMs/1a4a61388dcb834430daea57e4fc88cc1577194b/quality/mapflow/_quality0".[0m
2026-03-27 02:33:17 |[34;20m INFO     [0m|[34;20m nipype.workflow  [0m|[34;20m [Node] Executing "_compute_tsnr0" <nipype.algorithms.confounds.TSNR>[0m
2026-03-27 02:33:17 |[34;20m INFO     [0m|[34;20m nipype.workflow  [0m|[34;20m [Node] Executing "_mean0" <nipype.interfaces.afni.utils.TStat>[0m
2026-03-27 02:33:17 |[34;20m INFO     [0m|[34;20m nipype.workflow  [0m|[34;20m [Node] Executing "_quality0" <nipype.interfaces.afni.preprocess.QualityIndex>[0m
2026-03-27 02:33:17 |[34;20m INFO     [0m|[34;20m nipype.workflow  [0m|[34;20m [Node] Finished "ComputeFD", elapsed time 0.017767s.[0m
2026-03-27 02:33:18 |[34;20m INFO     [0m|[34;20m nipype.workflow  [0m|[34;20m [Node] Finished "_compute_tsnr0", elapsed time 1.5256699999999999s.[0m
2026-03-27 02:33:19 |[34;20m INFO     [0m|[34;20m nipype.workflow  [0m|[34;20m [Node] Setting-up "_PlotMosaicSD0" in "/local/nvme/ds004996_21.784026/ds/tmp/mriqc_wf/funcMRIQC/func_report_wf/1a4a61388dcb834430daea57e4fc88cc1577194b/PlotMosaicSD/mapflow/_PlotMosaicSD0".[0m
2026-03-27 02:33:19 |[34;20m INFO     [0m|[34;20m nipype.workflow  [0m|[34;20m [Node] Executing "_PlotMosaicSD0" <nireports.interfaces.mosaic.PlotMosaic>[0m
2026-03-27 02:33:20 |[34;20m INFO     [0m|[34;20m nipype.workflow  [0m|[34;20m [Node] Finished "_mean0", elapsed time 3.193181s.[0m
2026-03-27 02:33:21 |[34;20m INFO     [0m|[34;20m nipype.workflow  [0m|[34;20m [Node] Finished "_PlotMosaicSD0", elapsed time 1.683969s.[0m
2026-03-27 02:33:21 |[34;20m INFO     [0m|[34;20m nipype.workflow  [0m|[34;20m [Node] Setting-up "mriqc_wf.funcMRIQC.synthstrip_wf.pre_clip" in "/local/nvme/ds004996_21.784026/ds/tmp/mriqc_wf/funcMRIQC/synthstrip_wf/1a4a61388dcb834430daea57e4fc88cc1577194b/pre_clip".[0m
2026-03-27 02:33:21 |[34;20m INFO     [0m|[34;20m nipype.workflow  [0m|[34;20m [Node] Setting-up "mriqc_wf.funcMRIQC.SpatialNormalization.SharpenEPI" in "/local/nvme/ds004996_21.784026/ds/tmp/mriqc_wf/funcMRIQC/SpatialNormalization/1a4a61388dcb834430daea57e4fc88cc1577194b/SharpenEPI".[0m
2026-03-27 02:33:21 |[34;20m INFO     [0m|[34;20m nipype.workflow  [0m|[34;20m [Node] Executing "SharpenEPI" <nipype.interfaces.ants.segmentation.N4BiasFieldCorrection>[0m
2026-03-27 02:33:21 |[34;20m INFO     [0m|[34;20m nipype.workflow  [0m|[34;20m [Node] Setting-up "_PlotMosaicMean0" in "/local/nvme/ds004996_21.784026/ds/tmp/mriqc_wf/funcMRIQC/func_report_wf/1a4a61388dcb834430daea57e4fc88cc1577194b/PlotMosaicMean/mapflow/_PlotMosaicMean0".[0m
2026-03-27 02:33:21 |[34;20m INFO     [0m|[34;20m nipype.workflow  [0m|[34;20m [Node] Executing "_PlotMosaicMean0" <nireports.interfaces.mosaic.PlotMosaic>[0m
2026-03-27 02:33:21 |[34;20m INFO     [0m|[34;20m nipype.workflow  [0m|[34;20m [Node] Setting-up "_PlotMosaicNoise0" in "/local/nvme/ds004996_21.784026/ds/tmp/mriqc_wf/funcMRIQC/func_report_wf/1a4a61388dcb834430daea57e4fc88cc1577194b/PlotMosaicNoise/mapflow/_PlotMosaicNoise0".[0m
2026-03-27 02:33:21 |[34;20m INFO     [0m|[34;20m nipype.workflow  [0m|[34;20m [Node] Executing "pre_clip" <niworkflows.interfaces.nibabel.IntensityClip>[0m
2026-03-27 02:33:21 |[34;20m INFO     [0m|[34;20m nipype.workflow  [0m|[34;20m [Node] Executing "_PlotMosaicNoise0" <nireports.interfaces.mosaic.PlotMosaic>[0m
2026-03-27 02:33:21 |[34;20m INFO     [0m|[34;20m nipype.workflow  [0m|[34;20m [Node] Setting-up "_ds_report_stdev0" in "/local/nvme/ds004996_21.784026/ds/tmp/mriqc_wf/funcMRIQC/func_report_wf/1a4a61388dcb834430daea57e4fc88cc1577194b/ds_report_stdev/mapflow/_ds_report_stdev0".[0m
2026-03-27 02:33:21 |[34;20m INFO     [0m|[34;20m nipype.workflow  [0m|[34;20m [Node] Executing "_ds_report_stdev0" <mriqc.interfaces.DerivativesDataSink>[0m
2026-03-27 02:33:21 |[34;20m INFO     [0m|[34;20m nipype.workflow  [0m|[34;20m [Node] Finished "_ds_report_stdev0", elapsed time 0.008688s.[0m
2026-03-27 02:33:22 |[34;20m INFO     [0m|[34;20m nipype.workflow  [0m|[34;20m [Node] Finished "pre_clip", elapsed time 0.798685s.[0m
2026-03-27 02:33:22 |[34;20m INFO     [0m|[34;20m nipype.workflow  [0m|[34;20m [Node] Finished "_PlotMosaicMean0", elapsed time 1.431394s.[0m
2026-03-27 02:33:22 |[34;20m INFO     [0m|[34;20m nipype.workflow  [0m|[34;20m [Node] Finished "_PlotMosaicNoise0", elapsed time 1.522437s.[0m
2026-03-27 02:33:23 |[34;20m INFO     [0m|[34;20m nipype.workflow  [0m|[34;20m [Node] Setting-up "_ds_report_mean0" in "/local/nvme/ds004996_21.784026/ds/tmp/mriqc_wf/funcMRIQC/func_report_wf/1a4a61388dcb834430daea57e4fc88cc1577194b/ds_report_mean/mapflow/_ds_report_mean0".[0m
2026-03-27 02:33:23 |[34;20m INFO     [0m|[34;20m nipype.workflow  [0m|[34;20m [Node] Executing "_ds_report_mean0" <mriqc.interfaces.DerivativesDataSink>[0m
2026-03-27 02:33:23 |[34;20m INFO     [0m|[34;20m nipype.workflow  [0m|[34;20m [Node] Finished "_ds_report_mean0", elapsed time 0.005761s.[0m
2026-03-27 02:33:23 |[34;20m INFO     [0m|[34;20m nipype.workflow  [0m|[34;20m [Node] Setting-up "_ds_report_background0" in "/local/nvme/ds004996_21.784026/ds/tmp/mriqc_wf/funcMRIQC/func_report_wf/1a4a61388dcb834430daea57e4fc88cc1577194b/ds_report_background/mapflow/_ds_report_background0".[0m
2026-03-27 02:33:23 |[34;20m INFO     [0m|[34;20m nipype.workflow  [0m|[34;20m [Node] Executing "_ds_report_background0" <mriqc.interfaces.DerivativesDataSink>[0m
2026-03-27 02:33:23 |[34;20m INFO     [0m|[34;20m nipype.workflow  [0m|[34;20m [Node] Finished "_ds_report_background0", elapsed time 0.005652s.[0m
2026-03-27 02:33:26 |[34;20m INFO     [0m|[34;20m nipype.workflow  [0m|[34;20m [Node] Finished "SharpenEPI", elapsed time 4.692183s.[0m
2026-03-27 02:33:29 |[34;20m INFO     [0m|[34;20m nipype.workflow  [0m|[34;20m [Node] Finished "_quality0", elapsed time 11.812139s.[0m
2026-03-27 02:33:29 |[34;20m INFO     [0m|[34;20m nipype.workflow  [0m|[34;20m [Node] Setting-up "_apply_hmc0" in "/local/nvme/ds004996_21.784026/ds/tmp/mriqc_wf/funcMRIQC/fMRI_HMC/95485eb8cff37d557a8b39fda03b2710727ba5b0/apply_hmc/mapflow/_apply_hmc0".[0m
2026-03-27 02:33:29 |[34;20m INFO     [0m|[34;20m nipype.workflow  [0m|[34;20m [Node] Executing "_apply_hmc0" <nipype.interfaces.utility.wrappers.Function>[0m
2026-03-27 02:33:49 |[34;20m INFO     [0m|[34;20m nipype.workflow  [0m|[34;20m [Node] Finished "_apply_hmc0", elapsed time 20.096907s.[0m
2026-03-27 02:33:51 |[34;20m INFO     [0m|[34;20m nipype.workflow  [0m|[34;20m [Node] Setting-up "_apply_hmc0" in "/local/nvme/ds004996_21.784026/ds/tmp/mriqc_wf/funcMRIQC/fMRI_HMC/902833dc56194973aaf3605cf0bd8268961de8ae/apply_hmc/mapflow/_apply_hmc0".[0m
2026-03-27 02:33:51 |[34;20m INFO     [0m|[34;20m nipype.workflow  [0m|[34;20m [Node] Executing "_apply_hmc0" <nipype.interfaces.utility.wrappers.Function>[0m
2026-03-27 02:34:13 |[34;20m INFO     [0m|[34;20m nipype.workflow  [0m|[34;20m [Node] Finished "_apply_hmc0", elapsed time 21.883497s.[0m
2026-03-27 02:34:15 |[34;20m INFO     [0m|[34;20m nipype.workflow  [0m|[34;20m [Node] Setting-up "_mean0" in "/local/nvme/ds004996_21.784026/ds/tmp/mriqc_wf/funcMRIQC/95485eb8cff37d557a8b39fda03b2710727ba5b0/mean/mapflow/_mean0".[0m
2026-03-27 02:34:15 |[34;20m INFO     [0m|[34;20m nipype.workflow  [0m|[34;20m [Node] Setting-up "_compute_tsnr0" in "/local/nvme/ds004996_21.784026/ds/tmp/mriqc_wf/funcMRIQC/95485eb8cff37d557a8b39fda03b2710727ba5b0/compute_tsnr/mapflow/_compute_tsnr0".[0m
2026-03-27 02:34:15 |[34;20m INFO     [0m|[34;20m nipype.workflow  [0m|[34;20m [Node] Executing "_mean0" <nipype.interfaces.afni.utils.TStat>[0m
2026-03-27 02:34:15 |[34;20m INFO     [0m|[34;20m nipype.workflow  [0m|[34;20m [Node] Executing "_compute_tsnr0" <nipype.algorithms.confounds.TSNR>[0m
2026-03-27 02:34:15 |[34;20m INFO     [0m|[34;20m nipype.workflow  [0m|[34;20m [Node] Setting-up "_quality0" in "/local/nvme/ds004996_21.784026/ds/tmp/mriqc_wf/funcMRIQC/ComputeIQMs/95485eb8cff37d557a8b39fda03b2710727ba5b0/quality/mapflow/_quality0".[0m
2026-03-27 02:34:15 |[34;20m INFO     [0m|[34;20m nipype.workflow  [0m|[34;20m [Node] Setting-up "_mean0" in "/local/nvme/ds004996_21.784026/ds/tmp/mriqc_wf/funcMRIQC/902833dc56194973aaf3605cf0bd8268961de8ae/mean/mapflow/_mean0".[0m
2026-03-27 02:34:15 |[34;20m INFO     [0m|[34;20m nipype.workflow  [0m|[34;20m [Node] Executing "_quality0" <nipype.interfaces.afni.preprocess.QualityIndex>[0m
2026-03-27 02:34:15 |[34;20m INFO     [0m|[34;20m nipype.workflow  [0m|[34;20m [Node] Setting-up "_compute_tsnr0" in "/local/nvme/ds004996_21.784026/ds/tmp/mriqc_wf/funcMRIQC/902833dc56194973aaf3605cf0bd8268961de8ae/compute_tsnr/mapflow/_compute_tsnr0".[0m
2026-03-27 02:34:15 |[34;20m INFO     [0m|[34;20m nipype.workflow  [0m|[34;20m [Node] Executing "_mean0" <nipype.interfaces.afni.utils.TStat>[0m
2026-03-27 02:34:15 |[34;20m INFO     [0m|[34;20m nipype.workflow  [0m|[34;20m [Node] Setting-up "_quality0" in "/local/nvme/ds004996_21.784026/ds/tmp/mriqc_wf/funcMRIQC/ComputeIQMs/902833dc56194973aaf3605cf0bd8268961de8ae/quality/mapflow/_quality0".[0m
2026-03-27 02:34:15 |[34;20m INFO     [0m|[34;20m nipype.workflow  [0m|[34;20m [Node] Executing "_compute_tsnr0" <nipype.algorithms.confounds.TSNR>[0m
2026-03-27 02:34:15 |[34;20m INFO     [0m|[34;20m nipype.workflow  [0m|[34;20m [Node] Executing "_quality0" <nipype.interfaces.afni.preprocess.QualityIndex>[0m
2026-03-27 02:34:18 |[34;20m INFO     [0m|[34;20m nipype.workflow  [0m|[34;20m [Node] Finished "_compute_tsnr0", elapsed time 2.985701s.[0m
2026-03-27 02:34:18 |[34;20m INFO     [0m|[34;20m nipype.workflow  [0m|[34;20m [Node] Finished "_compute_tsnr0", elapsed time 3.133097s.[0m
2026-03-27 02:34:18 |[34;20m INFO     [0m|[34;20m nipype.workflow  [0m|[34;20m [Node] Finished "_mean0", elapsed time 3.411161s.[0m
2026-03-27 02:34:18 |[34;20m INFO     [0m|[34;20m nipype.workflow  [0m|[34;20m [Node] Finished "_mean0", elapsed time 3.458486s.[0m
2026-03-27 02:34:19 |[34;20m INFO     [0m|[34;20m nipype.workflow  [0m|[34;20m [Node] Setting-up "mriqc_wf.funcMRIQC.synthstrip_wf.pre_clip" in "/local/nvme/ds004996_21.784026/ds/tmp/mriqc_wf/funcMRIQC/synthstrip_wf/95485eb8cff37d557a8b39fda03b2710727ba5b0/pre_clip".[0m
2026-03-27 02:34:19 |[34;20m INFO     [0m|[34;20m nipype.workflow  [0m|[34;20m [Node] Setting-up "mriqc_wf.funcMRIQC.SpatialNormalization.SharpenEPI" in "/local/nvme/ds004996_21.784026/ds/tmp/mriqc_wf/funcMRIQC/SpatialNormalization/95485eb8cff37d557a8b39fda03b2710727ba5b0/SharpenEPI".[0m
2026-03-27 02:34:19 |[34;20m INFO     [0m|[34;20m nipype.workflow  [0m|[34;20m [Node] Executing "pre_clip" <niworkflows.interfaces.nibabel.IntensityClip>[0m
2026-03-27 02:34:19 |[34;20m INFO     [0m|[34;20m nipype.workflow  [0m|[34;20m [Node] Executing "SharpenEPI" <nipype.interfaces.ants.segmentation.N4BiasFieldCorrection>[0m
2026-03-27 02:34:19 |[34;20m INFO     [0m|[34;20m nipype.workflow  [0m|[34;20m [Node] Setting-up "mriqc_wf.funcMRIQC.synthstrip_wf.pre_clip" in "/local/nvme/ds004996_21.784026/ds/tmp/mriqc_wf/funcMRIQC/synthstrip_wf/902833dc56194973aaf3605cf0bd8268961de8ae/pre_clip".[0m
2026-03-27 02:34:19 |[34;20m INFO     [0m|[34;20m nipype.workflow  [0m|[34;20m [Node] Setting-up "_PlotMosaicNoise0" in "/local/nvme/ds004996_21.784026/ds/tmp/mriqc_wf/funcMRIQC/func_report_wf/95485eb8cff37d557a8b39fda03b2710727ba5b0/PlotMosaicNoise/mapflow/_PlotMosaicNoise0".[0m
2026-03-27 02:34:19 |[34;20m INFO     [0m|[34;20m nipype.workflow  [0m|[34;20m [Node] Setting-up "_PlotMosaicMean0" in "/local/nvme/ds004996_21.784026/ds/tmp/mriqc_wf/funcMRIQC/func_report_wf/95485eb8cff37d557a8b39fda03b2710727ba5b0/PlotMosaicMean/mapflow/_PlotMosaicMean0".[0m
2026-03-27 02:34:19 |[34;20m INFO     [0m|[34;20m nipype.workflow  [0m|[34;20m [Node] Executing "_PlotMosaicNoise0" <nireports.interfaces.mosaic.PlotMosaic>[0m
2026-03-27 02:34:19 |[34;20m INFO     [0m|[34;20m nipype.workflow  [0m|[34;20m [Node] Executing "pre_clip" <niworkflows.interfaces.nibabel.IntensityClip>[0m
2026-03-27 02:34:19 |[34;20m INFO     [0m|[34;20m nipype.workflow  [0m|[34;20m [Node] Executing "_PlotMosaicMean0" <nireports.interfaces.mosaic.PlotMosaic>[0m
2026-03-27 02:34:19 |[34;20m INFO     [0m|[34;20m nipype.workflow  [0m|[34;20m [Node] Setting-up "_PlotMosaicSD0" in "/local/nvme/ds004996_21.784026/ds/tmp/mriqc_wf/funcMRIQC/func_report_wf/95485eb8cff37d557a8b39fda03b2710727ba5b0/PlotMosaicSD/mapflow/_PlotMosaicSD0".[0m
2026-03-27 02:34:19 |[34;20m INFO     [0m|[34;20m nipype.workflow  [0m|[34;20m [Node] Executing "_PlotMosaicSD0" <nireports.interfaces.mosaic.PlotMosaic>[0m
2026-03-27 02:34:20 |[34;20m INFO     [0m|[34;20m nipype.workflow  [0m|[34;20m [Node] Finished "pre_clip", elapsed time 0.74117s.[0m
2026-03-27 02:34:20 |[34;20m INFO     [0m|[34;20m nipype.workflow  [0m|[34;20m [Node] Finished "pre_clip", elapsed time 0.756241s.[0m
2026-03-27 02:34:20 |[34;20m INFO     [0m|[34;20m nipype.workflow  [0m|[34;20m [Node] Finished "_PlotMosaicNoise0", elapsed time 1.440448s.[0m
2026-03-27 02:34:20 |[34;20m INFO     [0m|[34;20m nipype.workflow  [0m|[34;20m [Node] Finished "_PlotMosaicSD0", elapsed time 1.534524s.[0m
2026-03-27 02:34:20 |[34;20m INFO     [0m|[34;20m nipype.workflow  [0m|[34;20m [Node] Finished "_PlotMosaicMean0", elapsed time 1.601143s.[0m
2026-03-27 02:34:21 |[34;20m INFO     [0m|[34;20m nipype.workflow  [0m|[34;20m [Node] Setting-up "mriqc_wf.funcMRIQC.SpatialNormalization.SharpenEPI" in "/local/nvme/ds004996_21.784026/ds/tmp/mriqc_wf/funcMRIQC/SpatialNormalization/902833dc56194973aaf3605cf0bd8268961de8ae/SharpenEPI".[0m
2026-03-27 02:34:21 |[34;20m INFO     [0m|[34;20m nipype.workflow  [0m|[34;20m [Node] Executing "SharpenEPI" <nipype.interfaces.ants.segmentation.N4BiasFieldCorrection>[0m
2026-03-27 02:34:21 |[34;20m INFO     [0m|[34;20m nipype.workflow  [0m|[34;20m [Node] Setting-up "_PlotMosaicMean0" in "/local/nvme/ds004996_21.784026/ds/tmp/mriqc_wf/funcMRIQC/func_report_wf/902833dc56194973aaf3605cf0bd8268961de8ae/PlotMosaicMean/mapflow/_PlotMosaicMean0".[0m
2026-03-27 02:34:21 |[34;20m INFO     [0m|[34;20m nipype.workflow  [0m|[34;20m [Node] Executing "_PlotMosaicMean0" <nireports.interfaces.mosaic.PlotMosaic>[0m
2026-03-27 02:34:21 |[34;20m INFO     [0m|[34;20m nipype.workflow  [0m|[34;20m [Node] Setting-up "_ds_report_mean0" in "/local/nvme/ds004996_21.784026/ds/tmp/mriqc_wf/funcMRIQC/func_report_wf/95485eb8cff37d557a8b39fda03b2710727ba5b0/ds_report_mean/mapflow/_ds_report_mean0".[0m
2026-03-27 02:34:21 |[34;20m INFO     [0m|[34;20m nipype.workflow  [0m|[34;20m [Node] Setting-up "_PlotMosaicSD0" in "/local/nvme/ds004996_21.784026/ds/tmp/mriqc_wf/funcMRIQC/func_report_wf/902833dc56194973aaf3605cf0bd8268961de8ae/PlotMosaicSD/mapflow/_PlotMosaicSD0".[0m
2026-03-27 02:34:21 |[34;20m INFO     [0m|[34;20m nipype.workflow  [0m|[34;20m [Node] Executing "_ds_report_mean0" <mriqc.interfaces.DerivativesDataSink>[0m
2026-03-27 02:34:21 |[34;20m INFO     [0m|[34;20m nipype.workflow  [0m|[34;20m [Node] Executing "_PlotMosaicSD0" <nireports.interfaces.mosaic.PlotMosaic>[0m
2026-03-27 02:34:21 |[34;20m INFO     [0m|[34;20m nipype.workflow  [0m|[34;20m [Node] Finished "_ds_report_mean0", elapsed time 0.005403s.[0m
2026-03-27 02:34:21 |[34;20m INFO     [0m|[34;20m nipype.workflow  [0m|[34;20m [Node] Setting-up "_PlotMosaicNoise0" in "/local/nvme/ds004996_21.784026/ds/tmp/mriqc_wf/funcMRIQC/func_report_wf/902833dc56194973aaf3605cf0bd8268961de8ae/PlotMosaicNoise/mapflow/_PlotMosaicNoise0".[0m
2026-03-27 02:34:21 |[34;20m INFO     [0m|[34;20m nipype.workflow  [0m|[34;20m [Node] Executing "_PlotMosaicNoise0" <nireports.interfaces.mosaic.PlotMosaic>[0m
2026-03-27 02:34:21 |[34;20m INFO     [0m|[34;20m nipype.workflow  [0m|[34;20m [Node] Setting-up "_ds_report_background0" in "/local/nvme/ds004996_21.784026/ds/tmp/mriqc_wf/funcMRIQC/func_report_wf/95485eb8cff37d557a8b39fda03b2710727ba5b0/ds_report_background/mapflow/_ds_report_background0".[0m
2026-03-27 02:34:21 |[34;20m INFO     [0m|[34;20m nipype.workflow  [0m|[34;20m [Node] Executing "_ds_report_background0" <mriqc.interfaces.DerivativesDataSink>[0m
2026-03-27 02:34:21 |[34;20m INFO     [0m|[34;20m nipype.workflow  [0m|[34;20m [Node] Finished "_ds_report_background0", elapsed time 0.005173s.[0m
2026-03-27 02:34:21 |[34;20m INFO     [0m|[34;20m nipype.workflow  [0m|[34;20m [Node] Setting-up "_ds_report_stdev0" in "/local/nvme/ds004996_21.784026/ds/tmp/mriqc_wf/funcMRIQC/func_report_wf/95485eb8cff37d557a8b39fda03b2710727ba5b0/ds_report_stdev/mapflow/_ds_report_stdev0".[0m
2026-03-27 02:34:21 |[34;20m INFO     [0m|[34;20m nipype.workflow  [0m|[34;20m [Node] Executing "_ds_report_stdev0" <mriqc.interfaces.DerivativesDataSink>[0m
2026-03-27 02:34:21 |[34;20m INFO     [0m|[34;20m nipype.workflow  [0m|[34;20m [Node] Finished "_ds_report_stdev0", elapsed time 0.005001s.[0m
2026-03-27 02:34:22 |[34;20m INFO     [0m|[34;20m nipype.workflow  [0m|[34;20m [Node] Finished "_PlotMosaicMean0", elapsed time 1.462185s.[0m
2026-03-27 02:34:23 |[34;20m INFO     [0m|[34;20m nipype.workflow  [0m|[34;20m [Node] Finished "_PlotMosaicSD0", elapsed time 1.934741s.[0m
2026-03-27 02:34:23 |[34;20m INFO     [0m|[34;20m nipype.workflow  [0m|[34;20m [Node] Setting-up "_ds_report_mean0" in "/local/nvme/ds004996_21.784026/ds/tmp/mriqc_wf/funcMRIQC/func_report_wf/902833dc56194973aaf3605cf0bd8268961de8ae/ds_report_mean/mapflow/_ds_report_mean0".[0m
2026-03-27 02:34:23 |[34;20m INFO     [0m|[34;20m nipype.workflow  [0m|[34;20m [Node] Executing "_ds_report_mean0" <mriqc.interfaces.DerivativesDataSink>[0m
2026-03-27 02:34:23 |[34;20m INFO     [0m|[34;20m nipype.workflow  [0m|[34;20m [Node] Finished "_ds_report_mean0", elapsed time 0.005229s.[0m
2026-03-27 02:34:23 |[34;20m INFO     [0m|[34;20m nipype.workflow  [0m|[34;20m [Node] Finished "_PlotMosaicNoise0", elapsed time 2.008538s.[0m
2026-03-27 02:34:23 |[34;20m INFO     [0m|[34;20m nipype.workflow  [0m|[34;20m [Node] Finished "SharpenEPI", elapsed time 4.30226s.[0m
2026-03-27 02:34:25 |[34;20m INFO     [0m|[34;20m nipype.workflow  [0m|[34;20m [Node] Setting-up "_ds_report_background0" in "/local/nvme/ds004996_21.784026/ds/tmp/mriqc_wf/funcMRIQC/func_report_wf/902833dc56194973aaf3605cf0bd8268961de8ae/ds_report_background/mapflow/_ds_report_background0".[0m
2026-03-27 02:34:25 |[34;20m INFO     [0m|[34;20m nipype.workflow  [0m|[34;20m [Node] Executing "_ds_report_background0" <mriqc.interfaces.DerivativesDataSink>[0m
2026-03-27 02:34:25 |[34;20m INFO     [0m|[34;20m nipype.workflow  [0m|[34;20m [Node] Finished "_ds_report_background0", elapsed time 0.005122s.[0m
2026-03-27 02:34:25 |[34;20m INFO     [0m|[34;20m nipype.workflow  [0m|[34;20m [Node] Setting-up "_ds_report_stdev0" in "/local/nvme/ds004996_21.784026/ds/tmp/mriqc_wf/funcMRIQC/func_report_wf/902833dc56194973aaf3605cf0bd8268961de8ae/ds_report_stdev/mapflow/_ds_report_stdev0".[0m
2026-03-27 02:34:25 |[34;20m INFO     [0m|[34;20m nipype.workflow  [0m|[34;20m [Node] Executing "_ds_report_stdev0" <mriqc.interfaces.DerivativesDataSink>[0m
2026-03-27 02:34:25 |[34;20m INFO     [0m|[34;20m nipype.workflow  [0m|[34;20m [Node] Finished "_ds_report_stdev0", elapsed time 0.005243s.[0m
2026-03-27 02:34:26 |[34;20m INFO     [0m|[34;20m nipype.workflow  [0m|[34;20m [Node] Finished "SharpenEPI", elapsed time 4.433025s.[0m
2026-03-27 02:34:27 |[34;20m INFO     [0m|[34;20m nipype.workflow  [0m|[34;20m [Node] Finished "_quality0", elapsed time 12.135372s.[0m
2026-03-27 02:34:28 |[34;20m INFO     [0m|[34;20m nipype.workflow  [0m|[34;20m [Node] Finished "_quality0", elapsed time 12.610686s.[0m
2026-03-27 02:34:29 |[34;20m INFO     [0m|[34;20m nipype.workflow  [0m|[34;20m [Node] Setting-up "mriqc_wf.funcMRIQC.synthstrip_wf.pre_n4" in "/local/nvme/ds004996_21.784026/ds/tmp/mriqc_wf/funcMRIQC/synthstrip_wf/1a4a61388dcb834430daea57e4fc88cc1577194b/pre_n4".[0m
2026-03-27 02:34:29 |[34;20m INFO     [0m|[34;20m nipype.workflow  [0m|[34;20m [Node] Executing "pre_n4" <nipype.interfaces.ants.segmentation.N4BiasFieldCorrection>[0m
2026-03-27 02:34:31 |[34;20m INFO     [0m|[34;20m nipype.workflow  [0m|[34;20m [Node] Finished "pre_n4", elapsed time 1.900845s.[0m
2026-03-27 02:34:33 |[34;20m INFO     [0m|[34;20m nipype.workflow  [0m|[34;20m [Node] Setting-up "mriqc_wf.funcMRIQC.synthstrip_wf.pre_n4" in "/local/nvme/ds004996_21.784026/ds/tmp/mriqc_wf/funcMRIQC/synthstrip_wf/95485eb8cff37d557a8b39fda03b2710727ba5b0/pre_n4".[0m
2026-03-27 02:34:33 |[34;20m INFO     [0m|[34;20m nipype.workflow  [0m|[34;20m [Node] Executing "pre_n4" <nipype.interfaces.ants.segmentation.N4BiasFieldCorrection>[0m
2026-03-27 02:34:35 |[34;20m INFO     [0m|[34;20m nipype.workflow  [0m|[34;20m [Node] Finished "pre_n4", elapsed time 1.384695s.[0m
2026-03-27 02:34:35 |[34;20m INFO     [0m|[34;20m nipype.workflow  [0m|[34;20m [Node] Setting-up "mriqc_wf.funcMRIQC.synthstrip_wf.pre_n4" in "/local/nvme/ds004996_21.784026/ds/tmp/mriqc_wf/funcMRIQC/synthstrip_wf/902833dc56194973aaf3605cf0bd8268961de8ae/pre_n4".[0m
2026-03-27 02:34:35 |[34;20m INFO     [0m|[34;20m nipype.workflow  [0m|[34;20m [Node] Executing "pre_n4" <nipype.interfaces.ants.segmentation.N4BiasFieldCorrection>[0m
2026-03-27 02:34:37 |[34;20m INFO     [0m|[34;20m nipype.workflow  [0m|[34;20m [Node] Finished "pre_n4", elapsed time 1.598512s.[0m
2026-03-27 02:34:39 |[34;20m INFO     [0m|[34;20m nipype.workflow  [0m|[34;20m [Node] Setting-up "mriqc_wf.funcMRIQC.synthstrip_wf.synthstrip" in "/local/nvme/ds004996_21.784026/ds/tmp/mriqc_wf/funcMRIQC/synthstrip_wf/1a4a61388dcb834430daea57e4fc88cc1577194b/synthstrip".[0m
2026-03-27 02:34:39 |[34;20m INFO     [0m|[34;20m nipype.workflow  [0m|[34;20m [Node] Executing "synthstrip" <mriqc.interfaces.synthstrip.SynthStrip>[0m
2026-03-27 02:34:57 |[34;20m INFO     [0m|[34;20m nipype.workflow  [0m|[34;20m [Node] Finished "synthstrip", elapsed time 18.298832s.[0m
2026-03-27 02:34:59 |[34;20m INFO     [0m|[34;20m nipype.workflow  [0m|[34;20m [Node] Setting-up "mriqc_wf.funcMRIQC.synthstrip_wf.synthstrip" in "/local/nvme/ds004996_21.784026/ds/tmp/mriqc_wf/funcMRIQC/synthstrip_wf/95485eb8cff37d557a8b39fda03b2710727ba5b0/synthstrip".[0m
2026-03-27 02:34:59 |[34;20m INFO     [0m|[34;20m nipype.workflow  [0m|[34;20m [Node] Executing "synthstrip" <mriqc.interfaces.synthstrip.SynthStrip>[0m
2026-03-27 02:35:14 |[34;20m INFO     [0m|[34;20m nipype.workflow  [0m|[34;20m [Node] Finished "synthstrip", elapsed time 14.665047s.[0m
2026-03-27 02:35:15 |[34;20m INFO     [0m|[34;20m nipype.workflow  [0m|[34;20m [Node] Setting-up "mriqc_wf.funcMRIQC.synthstrip_wf.synthstrip" in "/local/nvme/ds004996_21.784026/ds/tmp/mriqc_wf/funcMRIQC/synthstrip_wf/902833dc56194973aaf3605cf0bd8268961de8ae/synthstrip".[0m
2026-03-27 02:35:15 |[34;20m INFO     [0m|[34;20m nipype.workflow  [0m|[34;20m [Node] Executing "synthstrip" <mriqc.interfaces.synthstrip.SynthStrip>[0m
2026-03-27 02:35:30 |[34;20m INFO     [0m|[34;20m nipype.workflow  [0m|[34;20m [Node] Finished "synthstrip", elapsed time 15.203295s.[0m
2026-03-27 02:35:31 |[34;20m INFO     [0m|[34;20m nipype.workflow  [0m|[34;20m [Node] Setting-up "mriqc_wf.funcMRIQC.synthstrip_wf.post_n4" in "/local/nvme/ds004996_21.784026/ds/tmp/mriqc_wf/funcMRIQC/synthstrip_wf/1a4a61388dcb834430daea57e4fc88cc1577194b/post_n4".[0m
2026-03-27 02:35:31 |[34;20m INFO     [0m|[34;20m nipype.workflow  [0m|[34;20m [Node] Executing "post_n4" <nipype.interfaces.ants.segmentation.N4BiasFieldCorrection>[0m
2026-03-27 02:35:32 |[34;20m INFO     [0m|[34;20m nipype.workflow  [0m|[34;20m [Node] Finished "post_n4", elapsed time 1.038077s.[0m
2026-03-27 02:35:33 |[34;20m INFO     [0m|[34;20m nipype.workflow  [0m|[34;20m [Node] Setting-up "mriqc_wf.funcMRIQC.SpatialNormalization.EPI2MNI" in "/local/nvme/ds004996_21.784026/ds/tmp/mriqc_wf/funcMRIQC/SpatialNormalization/1a4a61388dcb834430daea57e4fc88cc1577194b/EPI2MNI".[0m
2026-03-27 02:35:33 |[34;20m INFO     [0m|[34;20m nipype.workflow  [0m|[34;20m [Node] Executing "EPI2MNI" <niworkflows.interfaces.reportlets.registration.SpatialNormalizationRPT>[0m
2026-03-27 02:35:33 |[34;20m INFO     [0m|[34;20m niworkflows      [0m|[34;20m Estimating initial transform using AffineInitializer[0m
2026-03-27 02:35:39 |[34;20m INFO     [0m|[34;20m niworkflows      [0m|[34;20m Loading settings from file /opt/conda/lib/python3.11/site-packages/niworkflows/data/boldref-mni_registration_precise_000.json.[0m
2026-03-27 02:35:39 |[34;20m INFO     [0m|[34;20m niworkflows      [0m|[34;20m Retry #1, commandline: 
antsRegistration --collapse-output-transforms 1 --dimensionality 3 --float 0 --initial-moving-transform [ /local/nvme/ds004996_21.784026/ds/tmp/mriqc_wf/funcMRIQC/SpatialNormalization/1a4a61388dcb834430daea57e4fc88cc1577194b/EPI2MNI/transform.mat, 0 ] --initialize-transforms-per-stage 0 --interpolation LanczosWindowedSinc --output [ epi_to_mni, epi_to_mni_Warped.nii.gz ] --transform Rigid[ 0.05 ] --metric Mattes[ /templateflow/tpl-MNI152NLin2009cAsym/tpl-MNI152NLin2009cAsym_res-02_desc-fMRIPrep_boldref.nii.gz, /local/nvme/ds004996_21.784026/ds/tmp/mriqc_wf/funcMRIQC/SpatialNormalization/1a4a61388dcb834430daea57e4fc88cc1577194b/SharpenEPI/sub-21_task-conversation_run-01_bold_desc-realigned_valid_tstat_corrected.nii.gz, 1, 56, Regular, 0.25 ] --convergence [ 10000x1000x100, 1e-06, 20 ] --smoothing-sigmas 4.0x2.0x1.0vox --shrink-factors 4x2x1 --use-histogram-matching 1 --masks [ /templateflow/tpl-MNI152NLin2009cAsym/tpl-MNI152NLin2009cAsym_res-02_desc-brain_mask.nii.gz, /local/nvme/ds004996_21.784026/ds/tmp/mriqc_wf/funcMRIQC/synthstrip_wf/1a4a61388dcb834430daea57e4fc88cc1577194b/synthstrip/clipped_corrected_desc-brain_mask.nii.gz ] --transform Affine[ 0.08 ] --metric Mattes[ /templateflow/tpl-MNI152NLin2009cAsym/tpl-MNI152NLin2009cAsym_res-02_desc-fMRIPrep_boldref.nii.gz, /local/nvme/ds004996_21.784026/ds/tmp/mriqc_wf/funcMRIQC/SpatialNormalization/1a4a61388dcb834430daea57e4fc88cc1577194b/SharpenEPI/sub-21_task-conversation_run-01_bold_desc-realigned_valid_tstat_corrected.nii.gz, 1, 56, Regular, 0.25 ] --convergence [ 500x250x100, 1e-06, 20 ] --smoothing-sigmas 4.0x2.0x1.0vox --shrink-factors 8x4x2 --use-histogram-matching 1 --masks [ /templateflow/tpl-MNI152NLin2009cAsym/tpl-MNI152NLin2009cAsym_res-02_desc-brain_mask.nii.gz, /local/nvme/ds004996_21.784026/ds/tmp/mriqc_wf/funcMRIQC/synthstrip_wf/1a4a61388dcb834430daea57e4fc88cc1577194b/synthstrip/clipped_corrected_desc-brain_mask.nii.gz ] --transform SyN[ 0.1, 3.0, 0.0 ] --metric CC[ /templateflow/tpl-MNI152NLin2009cAsym/tpl-MNI152NLin2009cAsym_res-02_desc-fMRIPrep_boldref.nii.gz, /local/nvme/ds004996_21.784026/ds/tmp/mriqc_wf/funcMRIQC/SpatialNormalization/1a4a61388dcb834430daea57e4fc88cc1577194b/SharpenEPI/sub-21_task-conversation_run-01_bold_desc-realigned_valid_tstat_corrected.nii.gz, 1, 4, None, 1 ] --convergence [ 100x30x20, 1e-06, 10 ] --smoothing-sigmas 3.0x2.0x1.0vox --shrink-factors 8x4x2 --use-histogram-matching 1 --masks [ /templateflow/tpl-MNI152NLin2009cAsym/tpl-MNI152NLin2009cAsym_res-02_desc-brain_mask.nii.gz, /local/nvme/ds004996_21.784026/ds/tmp/mriqc_wf/funcMRIQC/synthstrip_wf/1a4a61388dcb834430daea57e4fc88cc1577194b/synthstrip/clipped_corrected_desc-brain_mask.nii.gz ] --winsorize-image-intensities [ 0.005, 0.995 ]  --write-composite-transform 1[0m
2026-03-27 02:35:51 |[34;20m INFO     [0m|[34;20m niworkflows      [0m|[34;20m Successful spatial normalization (retry #1).[0m
2026-03-27 02:35:51 |[34;20m INFO     [0m|[34;20m niworkflows      [0m|[34;20m Report - setting fixed (/templateflow/tpl-MNI152NLin2009cAsym/tpl-MNI152NLin2009cAsym_res-02_desc-fMRIPrep_boldref.nii.gz) and moving (/local/nvme/ds004996_21.784026/ds/tmp/mriqc_wf/funcMRIQC/SpatialNormalization/1a4a61388dcb834430daea57e4fc88cc1577194b/EPI2MNI/epi_to_mni_Warped.nii.gz) images[0m
2026-03-27 02:35:51 |[34;20m INFO     [0m|[34;20m niworkflows      [0m|[34;20m Generating visual report[0m
2026-03-27 02:36:08 |[34;20m INFO     [0m|[34;20m nipype.workflow  [0m|[34;20m [Node] Finished "EPI2MNI", elapsed time 34.819761s.[0m
2026-03-27 02:36:09 |[34;20m INFO     [0m|[34;20m nipype.workflow  [0m|[34;20m [Node] Setting-up "mriqc_wf.funcMRIQC.func_report_wf.dilated_mask" in "/local/nvme/ds004996_21.784026/ds/tmp/mriqc_wf/funcMRIQC/func_report_wf/1a4a61388dcb834430daea57e4fc88cc1577194b/dilated_mask".[0m
2026-03-27 02:36:09 |[34;20m INFO     [0m|[34;20m nipype.workflow  [0m|[34;20m [Node] Setting-up "_ComputeDVARS0" in "/local/nvme/ds004996_21.784026/ds/tmp/mriqc_wf/funcMRIQC/ComputeIQMs/1a4a61388dcb834430daea57e4fc88cc1577194b/ComputeDVARS/mapflow/_ComputeDVARS0".[0m
2026-03-27 02:36:09 |[34;20m INFO     [0m|[34;20m nipype.workflow  [0m|[34;20m [Node] Setting-up "_outliers0" in "/local/nvme/ds004996_21.784026/ds/tmp/mriqc_wf/funcMRIQC/ComputeIQMs/1a4a61388dcb834430daea57e4fc88cc1577194b/outliers/mapflow/_outliers0".[0m
2026-03-27 02:36:09 |[34;20m INFO     [0m|[34;20m nipype.workflow  [0m|[34;20m [Node] Setting-up "mriqc_wf.funcMRIQC.func_report_wf.PlotBrainmask" in "/local/nvme/ds004996_21.784026/ds/tmp/mriqc_wf/funcMRIQC/func_report_wf/1a4a61388dcb834430daea57e4fc88cc1577194b/PlotBrainmask".[0m
2026-03-27 02:36:09 |[34;20m INFO     [0m|[34;20m nipype.workflow  [0m|[34;20m [Node] Setting-up "_gcor0" in "/local/nvme/ds004996_21.784026/ds/tmp/mriqc_wf/funcMRIQC/ComputeIQMs/1a4a61388dcb834430daea57e4fc88cc1577194b/gcor/mapflow/_gcor0".[0m
2026-03-27 02:36:09 |[34;20m INFO     [0m|[34;20m nipype.workflow  [0m|[34;20m [Node] Executing "dilated_mask" <niworkflows.interfaces.morphology.BinaryDilation>[0m
2026-03-27 02:36:09 |[34;20m INFO     [0m|[34;20m nipype.workflow  [0m|[34;20m [Node] Executing "_ComputeDVARS0" <nipype.algorithms.confounds.ComputeDVARS>[0m
2026-03-27 02:36:09 |[34;20m INFO     [0m|[34;20m nipype.workflow  [0m|[34;20m [Node] Executing "_outliers0" <nipype.interfaces.afni.preprocess.OutlierCount>[0m
2026-03-27 02:36:09 |[34;20m INFO     [0m|[34;20m nipype.workflow  [0m|[34;20m [Node] Executing "_gcor0" <mriqc.interfaces.transitional.GCOR>[0m
2026-03-27 02:36:09 |[34;20m INFO     [0m|[34;20m nipype.workflow  [0m|[34;20m [Node] Executing "PlotBrainmask" <nireports.interfaces.mosaic.PlotContours>[0m
2026-03-27 02:36:09 |[34;20m INFO     [0m|[34;20m nipype.workflow  [0m|[34;20m [Node] Setting-up "_PlotMosaicZoomed0" in "/local/nvme/ds004996_21.784026/ds/tmp/mriqc_wf/funcMRIQC/func_report_wf/1a4a61388dcb834430daea57e4fc88cc1577194b/PlotMosaicZoomed/mapflow/_PlotMosaicZoomed0".[0m
2026-03-27 02:36:09 |[34;20m INFO     [0m|[34;20m nipype.workflow  [0m|[34;20m [Node] Setting-up "_ComputeDVARS0" in "/local/nvme/ds004996_21.784026/ds/tmp/mriqc_wf/funcMRIQC/ComputeIQMs/95485eb8cff37d557a8b39fda03b2710727ba5b0/ComputeDVARS/mapflow/_ComputeDVARS0".[0m
2026-03-27 02:36:09 |[34;20m INFO     [0m|[34;20m nipype.workflow  [0m|[34;20m [Node] Executing "_PlotMosaicZoomed0" <nireports.interfaces.mosaic.PlotMosaic>[0m
2026-03-27 02:36:09 |[34;20m INFO     [0m|[34;20m nipype.workflow  [0m|[34;20m [Node] Executing "_ComputeDVARS0" <nipype.algorithms.confounds.ComputeDVARS>[0m
2026-03-27 02:36:09 |[34;20m INFO     [0m|[34;20m nipype.workflow  [0m|[34;20m [Node] Setting-up "_smoothness0" in "/local/nvme/ds004996_21.784026/ds/tmp/mriqc_wf/funcMRIQC/ComputeIQMs/1a4a61388dcb834430daea57e4fc88cc1577194b/smoothness/mapflow/_smoothness0".[0m
2026-03-27 02:36:09 |[34;20m INFO     [0m|[34;20m nipype.workflow  [0m|[34;20m [Node] Executing "_smoothness0" <nipype.interfaces.afni.utils.FWHMx>[0m
2026-03-27 02:36:09 |[34;20m INFO     [0m|[34;20m nipype.workflow  [0m|[34;20m [Node] Finished "dilated_mask", elapsed time 0.047166s.[0m
2026-03-27 02:36:09 |[34;20m INFO     [0m|[34;20m nipype.workflow  [0m|[34;20m [Node] Finished "_smoothness0", elapsed time 0.574283s.[0m
2026-03-27 02:36:11 |[34;20m INFO     [0m|[34;20m nipype.workflow  [0m|[34;20m [Node] Finished "PlotBrainmask", elapsed time 1.681583s.[0m
2026-03-27 02:36:11 |[34;20m INFO     [0m|[34;20m nipype.workflow  [0m|[34;20m [Node] Finished "_PlotMosaicZoomed0", elapsed time 1.748233s.[0m
2026-03-27 02:36:11 |[34;20m INFO     [0m|[34;20m nipype.workflow  [0m|[34;20m [Node] Setting-up "_smoothness0" in "/local/nvme/ds004996_21.784026/ds/tmp/mriqc_wf/funcMRIQC/ComputeIQMs/95485eb8cff37d557a8b39fda03b2710727ba5b0/smoothness/mapflow/_smoothness0".[0m
2026-03-27 02:36:11 |[34;20m INFO     [0m|[34;20m nipype.workflow  [0m|[34;20m [Node] Setting-up "mriqc_wf.funcMRIQC.func_report_wf.dilated_mask" in "/local/nvme/ds004996_21.784026/ds/tmp/mriqc_wf/funcMRIQC/func_report_wf/95485eb8cff37d557a8b39fda03b2710727ba5b0/dilated_mask".[0m
2026-03-27 02:36:11 |[34;20m INFO     [0m|[34;20m nipype.workflow  [0m|[34;20m [Node] Executing "_smoothness0" <nipype.interfaces.afni.utils.FWHMx>[0m
2026-03-27 02:36:11 |[34;20m INFO     [0m|[34;20m nipype.workflow  [0m|[34;20m [Node] Setting-up "_outliers0" in "/local/nvme/ds004996_21.784026/ds/tmp/mriqc_wf/funcMRIQC/ComputeIQMs/95485eb8cff37d557a8b39fda03b2710727ba5b0/outliers/mapflow/_outliers0".[0m
2026-03-27 02:36:11 |[34;20m INFO     [0m|[34;20m nipype.workflow  [0m|[34;20m [Node] Executing "dilated_mask" <niworkflows.interfaces.morphology.BinaryDilation>[0m
2026-03-27 02:36:11 |[34;20m INFO     [0m|[34;20m nipype.workflow  [0m|[34;20m [Node] Setting-up "_gcor0" in "/local/nvme/ds004996_21.784026/ds/tmp/mriqc_wf/funcMRIQC/ComputeIQMs/95485eb8cff37d557a8b39fda03b2710727ba5b0/gcor/mapflow/_gcor0".[0m
2026-03-27 02:36:11 |[34;20m INFO     [0m|[34;20m nipype.workflow  [0m|[34;20m [Node] Executing "_outliers0" <nipype.interfaces.afni.preprocess.OutlierCount>[0m
2026-03-27 02:36:11 |[34;20m INFO     [0m|[34;20m nipype.workflow  [0m|[34;20m [Node] Executing "_gcor0" <mriqc.interfaces.transitional.GCOR>[0m
2026-03-27 02:36:11 |[34;20m INFO     [0m|[34;20m nipype.workflow  [0m|[34;20m [Node] Finished "dilated_mask", elapsed time 0.02907s.[0m
2026-03-27 02:36:12 |[34;20m INFO     [0m|[34;20m nipype.workflow  [0m|[34;20m [Node] Finished "_smoothness0", elapsed time 0.663398s.[0m
2026-03-27 02:36:13 |[34;20m INFO     [0m|[34;20m nipype.workflow  [0m|[34;20m [Node] Setting-up "mriqc_wf.funcMRIQC.func_report_wf.PlotBrainmask" in "/local/nvme/ds004996_21.784026/ds/tmp/mriqc_wf/funcMRIQC/func_report_wf/95485eb8cff37d557a8b39fda03b2710727ba5b0/PlotBrainmask".[0m
2026-03-27 02:36:13 |[34;20m INFO     [0m|[34;20m nipype.workflow  [0m|[34;20m [Node] Executing "PlotBrainmask" <nireports.interfaces.mosaic.PlotContours>[0m
2026-03-27 02:36:13 |[34;20m INFO     [0m|[34;20m nipype.workflow  [0m|[34;20m [Node] Setting-up "_PlotMosaicZoomed0" in "/local/nvme/ds004996_21.784026/ds/tmp/mriqc_wf/funcMRIQC/func_report_wf/95485eb8cff37d557a8b39fda03b2710727ba5b0/PlotMosaicZoomed/mapflow/_PlotMosaicZoomed0".[0m
2026-03-27 02:36:13 |[34;20m INFO     [0m|[34;20m nipype.workflow  [0m|[34;20m [Node] Executing "_PlotMosaicZoomed0" <nireports.interfaces.mosaic.PlotMosaic>[0m
2026-03-27 02:36:13 |[34;20m INFO     [0m|[34;20m nipype.workflow  [0m|[34;20m [Node] Finished "_outliers0", elapsed time 4.385163s.[0m
2026-03-27 02:36:14 |[34;20m INFO     [0m|[34;20m nipype.workflow  [0m|[34;20m [Node] Finished "PlotBrainmask", elapsed time 1.200871s.[0m
2026-03-27 02:36:15 |[34;20m INFO     [0m|[34;20m nipype.workflow  [0m|[34;20m [Node] Finished "_PlotMosaicZoomed0", elapsed time 1.8875790000000001s.[0m
2026-03-27 02:36:15 |[34;20m INFO     [0m|[34;20m nipype.workflow  [0m|[34;20m [Node] Setting-up "_ComputeDVARS0" in "/local/nvme/ds004996_21.784026/ds/tmp/mriqc_wf/funcMRIQC/ComputeIQMs/902833dc56194973aaf3605cf0bd8268961de8ae/ComputeDVARS/mapflow/_ComputeDVARS0".[0m
2026-03-27 02:36:15 |[34;20m INFO     [0m|[34;20m nipype.workflow  [0m|[34;20m [Node] Executing "_ComputeDVARS0" <nipype.algorithms.confounds.ComputeDVARS>[0m
2026-03-27 02:36:15 |[34;20m INFO     [0m|[34;20m nipype.workflow  [0m|[34;20m [Node] Setting-up "_smoothness0" in "/local/nvme/ds004996_21.784026/ds/tmp/mriqc_wf/funcMRIQC/ComputeIQMs/902833dc56194973aaf3605cf0bd8268961de8ae/smoothness/mapflow/_smoothness0".[0m
2026-03-27 02:36:15 |[34;20m INFO     [0m|[34;20m nipype.workflow  [0m|[34;20m [Node] Executing "_smoothness0" <nipype.interfaces.afni.utils.FWHMx>[0m
2026-03-27 02:36:15 |[34;20m INFO     [0m|[34;20m nipype.workflow  [0m|[34;20m [Node] Finished "_outliers0", elapsed time 4.366841s.[0m
2026-03-27 02:36:16 |[34;20m INFO     [0m|[34;20m nipype.workflow  [0m|[34;20m [Node] Finished "_smoothness0", elapsed time 0.584137s.[0m
2026-03-27 02:36:17 |[34;20m INFO     [0m|[34;20m nipype.workflow  [0m|[34;20m [Node] Setting-up "mriqc_wf.funcMRIQC.func_report_wf.dilated_mask" in "/local/nvme/ds004996_21.784026/ds/tmp/mriqc_wf/funcMRIQC/func_report_wf/902833dc56194973aaf3605cf0bd8268961de8ae/dilated_mask".[0m
2026-03-27 02:36:17 |[34;20m INFO     [0m|[34;20m nipype.workflow  [0m|[34;20m [Node] Setting-up "_outliers0" in "/local/nvme/ds004996_21.784026/ds/tmp/mriqc_wf/funcMRIQC/ComputeIQMs/902833dc56194973aaf3605cf0bd8268961de8ae/outliers/mapflow/_outliers0".[0m
2026-03-27 02:36:17 |[34;20m INFO     [0m|[34;20m nipype.workflow  [0m|[34;20m [Node] Executing "dilated_mask" <niworkflows.interfaces.morphology.BinaryDilation>[0m
2026-03-27 02:36:17 |[34;20m INFO     [0m|[34;20m nipype.workflow  [0m|[34;20m [Node] Setting-up "_gcor0" in "/local/nvme/ds004996_21.784026/ds/tmp/mriqc_wf/funcMRIQC/ComputeIQMs/902833dc56194973aaf3605cf0bd8268961de8ae/gcor/mapflow/_gcor0".[0m
2026-03-27 02:36:17 |[34;20m INFO     [0m|[34;20m nipype.workflow  [0m|[34;20m [Node] Executing "_outliers0" <nipype.interfaces.afni.preprocess.OutlierCount>[0m
2026-03-27 02:36:17 |[34;20m INFO     [0m|[34;20m nipype.workflow  [0m|[34;20m [Node] Executing "_gcor0" <mriqc.interfaces.transitional.GCOR>[0m
2026-03-27 02:36:17 |[34;20m INFO     [0m|[34;20m nipype.workflow  [0m|[34;20m [Node] Finished "dilated_mask", elapsed time 0.023397s.[0m
2026-03-27 02:36:17 |[34;20m INFO     [0m|[34;20m nipype.workflow  [0m|[34;20m [Node] Finished "_gcor0", elapsed time 8.509673s.[0m
2026-03-27 02:36:19 |[34;20m INFO     [0m|[34;20m nipype.workflow  [0m|[34;20m [Node] Setting-up "mriqc_wf.funcMRIQC.func_report_wf.PlotBrainmask" in "/local/nvme/ds004996_21.784026/ds/tmp/mriqc_wf/funcMRIQC/func_report_wf/902833dc56194973aaf3605cf0bd8268961de8ae/PlotBrainmask".[0m
2026-03-27 02:36:19 |[34;20m INFO     [0m|[34;20m nipype.workflow  [0m|[34;20m [Node] Setting-up "_PlotMosaicZoomed0" in "/local/nvme/ds004996_21.784026/ds/tmp/mriqc_wf/funcMRIQC/func_report_wf/902833dc56194973aaf3605cf0bd8268961de8ae/PlotMosaicZoomed/mapflow/_PlotMosaicZoomed0".[0m
2026-03-27 02:36:19 |[34;20m INFO     [0m|[34;20m nipype.workflow  [0m|[34;20m [Node] Executing "PlotBrainmask" <nireports.interfaces.mosaic.PlotContours>[0m
2026-03-27 02:36:19 |[34;20m INFO     [0m|[34;20m nipype.workflow  [0m|[34;20m [Node] Executing "_PlotMosaicZoomed0" <nireports.interfaces.mosaic.PlotMosaic>[0m
2026-03-27 02:36:19 |[34;20m INFO     [0m|[34;20m nipype.workflow  [0m|[34;20m [Node] Finished "_gcor0", elapsed time 8.250577s.[0m
2026-03-27 02:36:20 |[34;20m INFO     [0m|[34;20m nipype.workflow  [0m|[34;20m [Node] Finished "PlotBrainmask", elapsed time 1.264628s.[0m
2026-03-27 02:36:20 |[34;20m INFO     [0m|[34;20m nipype.workflow  [0m|[34;20m [Node] Finished "_PlotMosaicZoomed0", elapsed time 1.449124s.[0m
2026-03-27 02:36:21 |[34;20m INFO     [0m|[34;20m nipype.workflow  [0m|[34;20m [Node] Setting-up "mriqc_wf.funcMRIQC.func_report_wf.ds_report_norm" in "/local/nvme/ds004996_21.784026/ds/tmp/mriqc_wf/funcMRIQC/func_report_wf/1a4a61388dcb834430daea57e4fc88cc1577194b/ds_report_norm".[0m
2026-03-27 02:36:21 |[34;20m INFO     [0m|[34;20m nipype.workflow  [0m|[34;20m [Node] Setting-up "mriqc_wf.funcMRIQC.synthstrip_wf.final_masked" in "/local/nvme/ds004996_21.784026/ds/tmp/mriqc_wf/funcMRIQC/synthstrip_wf/1a4a61388dcb834430daea57e4fc88cc1577194b/final_masked".[0m
2026-03-27 02:36:21 |[34;20m INFO     [0m|[34;20m nipype.workflow  [0m|[34;20m [Node] Setting-up "mriqc_wf.funcMRIQC.SpatialNormalization.ResampleSegmentation" in "/local/nvme/ds004996_21.784026/ds/tmp/mriqc_wf/funcMRIQC/SpatialNormalization/1a4a61388dcb834430daea57e4fc88cc1577194b/ResampleSegmentation".[0m
2026-03-27 02:36:21 |[34;20m INFO     [0m|[34;20m nipype.workflow  [0m|[34;20m [Node] Executing "final_masked" <niworkflows.interfaces.nibabel.ApplyMask>[0m
2026-03-27 02:36:21 |[34;20m INFO     [0m|[34;20m nipype.workflow  [0m|[34;20m [Node] Executing "ds_report_norm" <mriqc.interfaces.DerivativesDataSink>[0m
2026-03-27 02:36:21 |[34;20m INFO     [0m|[34;20m nipype.workflow  [0m|[34;20m [Node] Executing "ResampleSegmentation" <nipype.interfaces.ants.resampling.ApplyTransforms>[0m
2026-03-27 02:36:21 |[34;20m INFO     [0m|[34;20m nipype.workflow  [0m|[34;20m [Node] Finished "ds_report_norm", elapsed time 0.005236s.[0m
2026-03-27 02:36:21 |[34;20m INFO     [0m|[34;20m nipype.workflow  [0m|[34;20m [Node] Finished "final_masked", elapsed time 0.032255s.[0m
2026-03-27 02:36:21 |[34;20m INFO     [0m|[34;20m nipype.workflow  [0m|[34;20m [Node] Setting-up "mriqc_wf.funcMRIQC.func_report_wf.subtract_mask" in "/local/nvme/ds004996_21.784026/ds/tmp/mriqc_wf/funcMRIQC/func_report_wf/1a4a61388dcb834430daea57e4fc88cc1577194b/subtract_mask".[0m
2026-03-27 02:36:21 |[34;20m INFO     [0m|[34;20m nipype.workflow  [0m|[34;20m [Node] Executing "subtract_mask" <niworkflows.interfaces.morphology.BinarySubtraction>[0m
2026-03-27 02:36:21 |[34;20m INFO     [0m|[34;20m nipype.workflow  [0m|[34;20m [Node] Finished "subtract_mask", elapsed time 0.01205s.[0m
2026-03-27 02:36:21 |[34;20m INFO     [0m|[34;20m nipype.workflow  [0m|[34;20m [Node] Finished "_outliers0", elapsed time 4.593473s.[0m
2026-03-27 02:36:23 |[34;20m INFO     [0m|[34;20m nipype.workflow  [0m|[34;20m [Node] Setting-up "_ds_report_zoomed0" in "/local/nvme/ds004996_21.784026/ds/tmp/mriqc_wf/funcMRIQC/func_report_wf/1a4a61388dcb834430daea57e4fc88cc1577194b/ds_report_zoomed/mapflow/_ds_report_zoomed0".[0m
2026-03-27 02:36:23 |[34;20m INFO     [0m|[34;20m nipype.workflow  [0m|[34;20m [Node] Executing "_ds_report_zoomed0" <mriqc.interfaces.DerivativesDataSink>[0m
2026-03-27 02:36:23 |[34;20m INFO     [0m|[34;20m nipype.workflow  [0m|[34;20m [Node] Finished "_ds_report_zoomed0", elapsed time 0.00519s.[0m
2026-03-27 02:36:23 |[34;20m INFO     [0m|[34;20m nipype.workflow  [0m|[34;20m [Node] Setting-up "mriqc_wf.funcMRIQC.func_report_wf.ds_report_bmask" in "/local/nvme/ds004996_21.784026/ds/tmp/mriqc_wf/funcMRIQC/func_report_wf/1a4a61388dcb834430daea57e4fc88cc1577194b/ds_report_bmask".[0m
2026-03-27 02:36:23 |[34;20m INFO     [0m|[34;20m nipype.workflow  [0m|[34;20m [Node] Executing "ds_report_bmask" <mriqc.interfaces.DerivativesDataSink>[0m
2026-03-27 02:36:23 |[34;20m INFO     [0m|[34;20m nipype.workflow  [0m|[34;20m [Node] Finished "ds_report_bmask", elapsed time 0.005001s.[0m
2026-03-27 02:36:23 |[34;20m INFO     [0m|[34;20m nipype.workflow  [0m|[34;20m [Node] Setting-up "mriqc_wf.funcMRIQC.func_report_wf.subtract_mask" in "/local/nvme/ds004996_21.784026/ds/tmp/mriqc_wf/funcMRIQC/func_report_wf/95485eb8cff37d557a8b39fda03b2710727ba5b0/subtract_mask".[0m
2026-03-27 02:36:23 |[34;20m INFO     [0m|[34;20m nipype.workflow  [0m|[34;20m [Node] Executing "subtract_mask" <niworkflows.interfaces.morphology.BinarySubtraction>[0m
2026-03-27 02:36:23 |[34;20m INFO     [0m|[34;20m nipype.workflow  [0m|[34;20m [Node] Setting-up "_ds_report_zoomed0" in "/local/nvme/ds004996_21.784026/ds/tmp/mriqc_wf/funcMRIQC/func_report_wf/95485eb8cff37d557a8b39fda03b2710727ba5b0/ds_report_zoomed/mapflow/_ds_report_zoomed0".[0m
2026-03-27 02:36:23 |[34;20m INFO     [0m|[34;20m nipype.workflow  [0m|[34;20m [Node] Executing "_ds_report_zoomed0" <mriqc.interfaces.DerivativesDataSink>[0m
2026-03-27 02:36:23 |[34;20m INFO     [0m|[34;20m nipype.workflow  [0m|[34;20m [Node] Finished "_ds_report_zoomed0", elapsed time 0.00534s.[0m
2026-03-27 02:36:23 |[34;20m INFO     [0m|[34;20m nipype.workflow  [0m|[34;20m [Node] Finished "subtract_mask", elapsed time 0.011092s.[0m
2026-03-27 02:36:23 |[34;20m INFO     [0m|[34;20m nipype.workflow  [0m|[34;20m [Node] Setting-up "mriqc_wf.funcMRIQC.func_report_wf.ds_report_bmask" in "/local/nvme/ds004996_21.784026/ds/tmp/mriqc_wf/funcMRIQC/func_report_wf/95485eb8cff37d557a8b39fda03b2710727ba5b0/ds_report_bmask".[0m
2026-03-27 02:36:23 |[34;20m INFO     [0m|[34;20m nipype.workflow  [0m|[34;20m [Node] Executing "ds_report_bmask" <mriqc.interfaces.DerivativesDataSink>[0m
2026-03-27 02:36:23 |[34;20m INFO     [0m|[34;20m nipype.workflow  [0m|[34;20m [Node] Finished "ds_report_bmask", elapsed time 0.005172s.[0m
2026-03-27 02:36:23 |[34;20m INFO     [0m|[34;20m nipype.workflow  [0m|[34;20m [Node] Setting-up "mriqc_wf.funcMRIQC.func_report_wf.subtract_mask" in "/local/nvme/ds004996_21.784026/ds/tmp/mriqc_wf/funcMRIQC/func_report_wf/902833dc56194973aaf3605cf0bd8268961de8ae/subtract_mask".[0m
2026-03-27 02:36:23 |[34;20m INFO     [0m|[34;20m nipype.workflow  [0m|[34;20m [Node] Setting-up "_ds_report_zoomed0" in "/local/nvme/ds004996_21.784026/ds/tmp/mriqc_wf/funcMRIQC/func_report_wf/902833dc56194973aaf3605cf0bd8268961de8ae/ds_report_zoomed/mapflow/_ds_report_zoomed0".[0m
2026-03-27 02:36:23 |[34;20m INFO     [0m|[34;20m nipype.workflow  [0m|[34;20m [Node] Executing "subtract_mask" <niworkflows.interfaces.morphology.BinarySubtraction>[0m
2026-03-27 02:36:23 |[34;20m INFO     [0m|[34;20m nipype.workflow  [0m|[34;20m [Node] Executing "_ds_report_zoomed0" <mriqc.interfaces.DerivativesDataSink>[0m
2026-03-27 02:36:23 |[34;20m INFO     [0m|[34;20m nipype.workflow  [0m|[34;20m [Node] Finished "_ds_report_zoomed0", elapsed time 0.005193s.[0m
2026-03-27 02:36:23 |[34;20m INFO     [0m|[34;20m nipype.workflow  [0m|[34;20m [Node] Finished "subtract_mask", elapsed time 0.01129s.[0m
2026-03-27 02:36:24 |[34;20m INFO     [0m|[34;20m nipype.workflow  [0m|[34;20m [Node] Setting-up "mriqc_wf.funcMRIQC.func_report_wf.ds_report_bmask" in "/local/nvme/ds004996_21.784026/ds/tmp/mriqc_wf/funcMRIQC/func_report_wf/902833dc56194973aaf3605cf0bd8268961de8ae/ds_report_bmask".[0m
2026-03-27 02:36:24 |[34;20m INFO     [0m|[34;20m nipype.workflow  [0m|[34;20m [Node] Executing "ds_report_bmask" <mriqc.interfaces.DerivativesDataSink>[0m
2026-03-27 02:36:24 |[34;20m INFO     [0m|[34;20m nipype.workflow  [0m|[34;20m [Node] Finished "ds_report_bmask", elapsed time 0.005219s.[0m
2026-03-27 02:36:24 |[34;20m INFO     [0m|[34;20m nipype.workflow  [0m|[34;20m [Node] Finished "ResampleSegmentation", elapsed time 2.714322s.[0m
2026-03-27 02:36:25 |[34;20m INFO     [0m|[34;20m nipype.workflow  [0m|[34;20m [Node] Finished "_gcor0", elapsed time 7.87652s.[0m
2026-03-27 02:36:25 |[34;20m INFO     [0m|[34;20m nipype.workflow  [0m|[34;20m [Node] Setting-up "mriqc_wf.funcMRIQC.func_report_wf.parcels" in "/local/nvme/ds004996_21.784026/ds/tmp/mriqc_wf/funcMRIQC/func_report_wf/1a4a61388dcb834430daea57e4fc88cc1577194b/parcels".[0m
2026-03-27 02:36:25 |[34;20m INFO     [0m|[34;20m nipype.workflow  [0m|[34;20m [Node] Executing "parcels" <nipype.interfaces.utility.wrappers.Function>[0m
2026-03-27 02:36:25 |[34;20m INFO     [0m|[34;20m nipype.workflow  [0m|[34;20m [Node] Finished "parcels", elapsed time 0.028652s.[0m
2026-03-27 02:36:29 |[34;20m INFO     [0m|[34;20m nipype.workflow  [0m|[34;20m [Node] Finished "_ComputeDVARS0", elapsed time 20.204156s.[0m
2026-03-27 02:36:30 |[34;20m INFO     [0m|[34;20m nipype.workflow  [0m|[34;20m [Node] Finished "_ComputeDVARS0", elapsed time 20.834737s.[0m
2026-03-27 02:36:31 |[34;20m INFO     [0m|[34;20m nipype.workflow  [0m|[34;20m [Node] Setting-up "_measures0" in "/local/nvme/ds004996_21.784026/ds/tmp/mriqc_wf/funcMRIQC/ComputeIQMs/1a4a61388dcb834430daea57e4fc88cc1577194b/measures/mapflow/_measures0".[0m
2026-03-27 02:36:31 |[34;20m INFO     [0m|[34;20m nipype.workflow  [0m|[34;20m [Node] Executing "_measures0" <mriqc.interfaces.functional.FunctionalQC>[0m
2026-03-27 02:36:31 |[34;20m INFO     [0m|[34;20m nipype.workflow  [0m|[34;20m [Node] Setting-up "_timeseries0" in "/local/nvme/ds004996_21.784026/ds/tmp/mriqc_wf/funcMRIQC/ComputeIQMs/1a4a61388dcb834430daea57e4fc88cc1577194b/timeseries/mapflow/_timeseries0".[0m
2026-03-27 02:36:31 |[34;20m INFO     [0m|[34;20m nipype.workflow  [0m|[34;20m [Node] Executing "_timeseries0" <mriqc.interfaces.functional.GatherTimeseries>[0m
2026-03-27 02:36:31 |[34;20m INFO     [0m|[34;20m nipype.workflow  [0m|[34;20m [Node] Setting-up "_timeseries0" in "/local/nvme/ds004996_21.784026/ds/tmp/mriqc_wf/funcMRIQC/ComputeIQMs/95485eb8cff37d557a8b39fda03b2710727ba5b0/timeseries/mapflow/_timeseries0".[0m
2026-03-27 02:36:31 |[34;20m INFO     [0m|[34;20m nipype.workflow  [0m|[34;20m [Node] Executing "_timeseries0" <mriqc.interfaces.functional.GatherTimeseries>[0m
2026-03-27 02:36:31 |[34;20m INFO     [0m|[34;20m nipype.workflow  [0m|[34;20m [Node] Finished "_timeseries0", elapsed time 0.02199s.[0m
2026-03-27 02:36:31 |[34;20m INFO     [0m|[34;20m nipype.workflow  [0m|[34;20m [Node] Finished "_timeseries0", elapsed time 0.028566s.[0m
2026-03-27 02:36:32 |[34;20m INFO     [0m|[34;20m nipype.workflow  [0m|[34;20m [Node] Finished "_measures0", elapsed time 1.176057s.[0m
2026-03-27 02:36:33 |[34;20m INFO     [0m|[34;20m nipype.workflow  [0m|[34;20m [Node] Setting-up "_measures0" in "/local/nvme/ds004996_21.784026/ds/tmp/mriqc_wf/funcMRIQC/ComputeIQMs/95485eb8cff37d557a8b39fda03b2710727ba5b0/measures/mapflow/_measures0".[0m
2026-03-27 02:36:33 |[34;20m INFO     [0m|[34;20m nipype.workflow  [0m|[34;20m [Node] Executing "_measures0" <mriqc.interfaces.functional.FunctionalQC>[0m
2026-03-27 02:36:33 |[34;20m INFO     [0m|[34;20m nipype.workflow  [0m|[34;20m [Node] Setting-up "_datasink0" in "/local/nvme/ds004996_21.784026/ds/tmp/mriqc_wf/funcMRIQC/ComputeIQMs/1a4a61388dcb834430daea57e4fc88cc1577194b/datasink/mapflow/_datasink0".[0m
2026-03-27 02:36:33 |[34;20m INFO     [0m|[34;20m nipype.workflow  [0m|[34;20m [Node] Executing "_datasink0" <mriqc.interfaces.bids.IQMFileSink>[0m
2026-03-27 02:36:33 |[34;20m INFO     [0m|[34;20m nipype.workflow  [0m|[34;20m [Node] Finished "_datasink0", elapsed time 0.00219s.[0m
2026-03-27 02:36:33 |[34;20m INFO     [0m|[34;20m nipype.workflow  [0m|[34;20m [Node] Setting-up "_ds_timeseries0" in "/local/nvme/ds004996_21.784026/ds/tmp/mriqc_wf/funcMRIQC/ComputeIQMs/1a4a61388dcb834430daea57e4fc88cc1577194b/ds_timeseries/mapflow/_ds_timeseries0".[0m
2026-03-27 02:36:33 |[34;20m INFO     [0m|[34;20m nipype.workflow  [0m|[34;20m [Node] Executing "_ds_timeseries0" <mriqc.interfaces.DerivativesDataSink>[0m
2026-03-27 02:36:33 |[34;20m INFO     [0m|[34;20m nipype.workflow  [0m|[34;20m [Node] Finished "_ds_timeseries0", elapsed time 0.004228s.[0m
2026-03-27 02:36:33 |[34;20m INFO     [0m|[34;20m nipype.workflow  [0m|[34;20m [Node] Setting-up "_ds_timeseries0" in "/local/nvme/ds004996_21.784026/ds/tmp/mriqc_wf/funcMRIQC/ComputeIQMs/95485eb8cff37d557a8b39fda03b2710727ba5b0/ds_timeseries/mapflow/_ds_timeseries0".[0m
2026-03-27 02:36:33 |[34;20m INFO     [0m|[34;20m nipype.workflow  [0m|[34;20m [Node] Executing "_ds_timeseries0" <mriqc.interfaces.DerivativesDataSink>[0m
2026-03-27 02:36:33 |[34;20m INFO     [0m|[34;20m nipype.workflow  [0m|[34;20m [Node] Finished "_ds_timeseries0", elapsed time 0.004193s.[0m
2026-03-27 02:36:33 |[34;20m INFO     [0m|[34;20m nipype.workflow  [0m|[34;20m [Node] Setting-up "_BigPlot0" in "/local/nvme/ds004996_21.784026/ds/tmp/mriqc_wf/funcMRIQC/func_report_wf/1a4a61388dcb834430daea57e4fc88cc1577194b/BigPlot/mapflow/_BigPlot0".[0m
2026-03-27 02:36:33 |[34;20m INFO     [0m|[34;20m nipype.workflow  [0m|[34;20m [Node] Executing "_BigPlot0" <nireports.interfaces.fmri.FMRISummary>[0m
2026-03-27 02:36:34 |[34;20m INFO     [0m|[34;20m nipype.workflow  [0m|[34;20m [Node] Finished "_measures0", elapsed time 1.169371s.[0m
2026-03-27 02:36:35 |[34;20m INFO     [0m|[34;20m nipype.workflow  [0m|[34;20m [Node] Setting-up "_datasink0" in "/local/nvme/ds004996_21.784026/ds/tmp/mriqc_wf/funcMRIQC/ComputeIQMs/95485eb8cff37d557a8b39fda03b2710727ba5b0/datasink/mapflow/_datasink0".[0m
2026-03-27 02:36:35 |[34;20m INFO     [0m|[34;20m nipype.workflow  [0m|[34;20m [Node] Executing "_datasink0" <mriqc.interfaces.bids.IQMFileSink>[0m
2026-03-27 02:36:35 |[34;20m INFO     [0m|[34;20m nipype.workflow  [0m|[34;20m [Node] Finished "_datasink0", elapsed time 0.000623s.[0m
2026-03-27 02:36:36 |[34;20m INFO     [0m|[34;20m nipype.workflow  [0m|[34;20m [Node] Finished "_ComputeDVARS0", elapsed time 20.736026s.[0m
2026-03-27 02:36:37 |[34;20m INFO     [0m|[34;20m nipype.workflow  [0m|[34;20m [Node] Setting-up "_timeseries0" in "/local/nvme/ds004996_21.784026/ds/tmp/mriqc_wf/funcMRIQC/ComputeIQMs/902833dc56194973aaf3605cf0bd8268961de8ae/timeseries/mapflow/_timeseries0".[0m
2026-03-27 02:36:37 |[34;20m INFO     [0m|[34;20m nipype.workflow  [0m|[34;20m [Node] Executing "_timeseries0" <mriqc.interfaces.functional.GatherTimeseries>[0m
2026-03-27 02:36:37 |[34;20m INFO     [0m|[34;20m nipype.workflow  [0m|[34;20m [Node] Setting-up "_measures0" in "/local/nvme/ds004996_21.784026/ds/tmp/mriqc_wf/funcMRIQC/ComputeIQMs/902833dc56194973aaf3605cf0bd8268961de8ae/measures/mapflow/_measures0".[0m
2026-03-27 02:36:37 |[34;20m INFO     [0m|[34;20m nipype.workflow  [0m|[34;20m [Node] Executing "_measures0" <mriqc.interfaces.functional.FunctionalQC>[0m
2026-03-27 02:36:37 |[34;20m INFO     [0m|[34;20m nipype.workflow  [0m|[34;20m [Node] Finished "_timeseries0", elapsed time 0.020984s.[0m
2026-03-27 02:36:38 |[34;20m INFO     [0m|[34;20m nipype.workflow  [0m|[34;20m [Node] Finished "_measures0", elapsed time 1.077988s.[0m
2026-03-27 02:36:38 |[34;20m INFO     [0m|[34;20m nipype.workflow  [0m|[34;20m [Node] Finished "_BigPlot0", elapsed time 4.697159s.[0m
2026-03-27 02:36:39 |[34;20m INFO     [0m|[34;20m nipype.workflow  [0m|[34;20m [Node] Setting-up "mriqc_wf.funcMRIQC.synthstrip_wf.post_n4" in "/local/nvme/ds004996_21.784026/ds/tmp/mriqc_wf/funcMRIQC/synthstrip_wf/95485eb8cff37d557a8b39fda03b2710727ba5b0/post_n4".[0m
2026-03-27 02:36:39 |[34;20m INFO     [0m|[34;20m nipype.workflow  [0m|[34;20m [Node] Executing "post_n4" <nipype.interfaces.ants.segmentation.N4BiasFieldCorrection>[0m
2026-03-27 02:36:40 |[34;20m INFO     [0m|[34;20m nipype.workflow  [0m|[34;20m [Node] Finished "post_n4", elapsed time 1.069331s.[0m
2026-03-27 02:36:41 |[34;20m INFO     [0m|[34;20m nipype.workflow  [0m|[34;20m [Node] Setting-up "mriqc_wf.funcMRIQC.SpatialNormalization.EPI2MNI" in "/local/nvme/ds004996_21.784026/ds/tmp/mriqc_wf/funcMRIQC/SpatialNormalization/95485eb8cff37d557a8b39fda03b2710727ba5b0/EPI2MNI".[0m
2026-03-27 02:36:41 |[34;20m INFO     [0m|[34;20m nipype.workflow  [0m|[34;20m [Node] Executing "EPI2MNI" <niworkflows.interfaces.reportlets.registration.SpatialNormalizationRPT>[0m
2026-03-27 02:36:41 |[34;20m INFO     [0m|[34;20m niworkflows      [0m|[34;20m Estimating initial transform using AffineInitializer[0m
2026-03-27 02:36:46 |[34;20m INFO     [0m|[34;20m niworkflows      [0m|[34;20m Loading settings from file /opt/conda/lib/python3.11/site-packages/niworkflows/data/boldref-mni_registration_precise_000.json.[0m
2026-03-27 02:36:46 |[34;20m INFO     [0m|[34;20m niworkflows      [0m|[34;20m Retry #1, commandline: 
antsRegistration --collapse-output-transforms 1 --dimensionality 3 --float 0 --initial-moving-transform [ /local/nvme/ds004996_21.784026/ds/tmp/mriqc_wf/funcMRIQC/SpatialNormalization/95485eb8cff37d557a8b39fda03b2710727ba5b0/EPI2MNI/transform.mat, 0 ] --initialize-transforms-per-stage 0 --interpolation LanczosWindowedSinc --output [ epi_to_mni, epi_to_mni_Warped.nii.gz ] --transform Rigid[ 0.05 ] --metric Mattes[ /templateflow/tpl-MNI152NLin2009cAsym/tpl-MNI152NLin2009cAsym_res-02_desc-fMRIPrep_boldref.nii.gz, /local/nvme/ds004996_21.784026/ds/tmp/mriqc_wf/funcMRIQC/SpatialNormalization/95485eb8cff37d557a8b39fda03b2710727ba5b0/SharpenEPI/sub-21_task-conversation_run-02_bold_desc-realigned_valid_tstat_corrected.nii.gz, 1, 56, Regular, 0.25 ] --convergence [ 10000x1000x100, 1e-06, 20 ] --smoothing-sigmas 4.0x2.0x1.0vox --shrink-factors 4x2x1 --use-histogram-matching 1 --masks [ /templateflow/tpl-MNI152NLin2009cAsym/tpl-MNI152NLin2009cAsym_res-02_desc-brain_mask.nii.gz, /local/nvme/ds004996_21.784026/ds/tmp/mriqc_wf/funcMRIQC/synthstrip_wf/95485eb8cff37d557a8b39fda03b2710727ba5b0/synthstrip/clipped_corrected_desc-brain_mask.nii.gz ] --transform Affine[ 0.08 ] --metric Mattes[ /templateflow/tpl-MNI152NLin2009cAsym/tpl-MNI152NLin2009cAsym_res-02_desc-fMRIPrep_boldref.nii.gz, /local/nvme/ds004996_21.784026/ds/tmp/mriqc_wf/funcMRIQC/SpatialNormalization/95485eb8cff37d557a8b39fda03b2710727ba5b0/SharpenEPI/sub-21_task-conversation_run-02_bold_desc-realigned_valid_tstat_corrected.nii.gz, 1, 56, Regular, 0.25 ] --convergence [ 500x250x100, 1e-06, 20 ] --smoothing-sigmas 4.0x2.0x1.0vox --shrink-factors 8x4x2 --use-histogram-matching 1 --masks [ /templateflow/tpl-MNI152NLin2009cAsym/tpl-MNI152NLin2009cAsym_res-02_desc-brain_mask.nii.gz, /local/nvme/ds004996_21.784026/ds/tmp/mriqc_wf/funcMRIQC/synthstrip_wf/95485eb8cff37d557a8b39fda03b2710727ba5b0/synthstrip/clipped_corrected_desc-brain_mask.nii.gz ] --transform SyN[ 0.1, 3.0, 0.0 ] --metric CC[ /templateflow/tpl-MNI152NLin2009cAsym/tpl-MNI152NLin2009cAsym_res-02_desc-fMRIPrep_boldref.nii.gz, /local/nvme/ds004996_21.784026/ds/tmp/mriqc_wf/funcMRIQC/SpatialNormalization/95485eb8cff37d557a8b39fda03b2710727ba5b0/SharpenEPI/sub-21_task-conversation_run-02_bold_desc-realigned_valid_tstat_corrected.nii.gz, 1, 4, None, 1 ] --convergence [ 100x30x20, 1e-06, 10 ] --smoothing-sigmas 3.0x2.0x1.0vox --shrink-factors 8x4x2 --use-histogram-matching 1 --masks [ /templateflow/tpl-MNI152NLin2009cAsym/tpl-MNI152NLin2009cAsym_res-02_desc-brain_mask.nii.gz, /local/nvme/ds004996_21.784026/ds/tmp/mriqc_wf/funcMRIQC/synthstrip_wf/95485eb8cff37d557a8b39fda03b2710727ba5b0/synthstrip/clipped_corrected_desc-brain_mask.nii.gz ] --winsorize-image-intensities [ 0.005, 0.995 ]  --write-composite-transform 1[0m
2026-03-27 02:36:57 |[34;20m INFO     [0m|[34;20m niworkflows      [0m|[34;20m Successful spatial normalization (retry #1).[0m
2026-03-27 02:36:57 |[34;20m INFO     [0m|[34;20m niworkflows      [0m|[34;20m Report - setting fixed (/templateflow/tpl-MNI152NLin2009cAsym/tpl-MNI152NLin2009cAsym_res-02_desc-fMRIPrep_boldref.nii.gz) and moving (/local/nvme/ds004996_21.784026/ds/tmp/mriqc_wf/funcMRIQC/SpatialNormalization/95485eb8cff37d557a8b39fda03b2710727ba5b0/EPI2MNI/epi_to_mni_Warped.nii.gz) images[0m
2026-03-27 02:36:57 |[34;20m INFO     [0m|[34;20m niworkflows      [0m|[34;20m Generating visual report[0m
2026-03-27 02:37:13 |[34;20m INFO     [0m|[34;20m nipype.workflow  [0m|[34;20m [Node] Finished "EPI2MNI", elapsed time 32.010067s.[0m
2026-03-27 02:37:15 |[34;20m INFO     [0m|[34;20m nipype.workflow  [0m|[34;20m [Node] Setting-up "mriqc_wf.funcMRIQC.synthstrip_wf.post_n4" in "/local/nvme/ds004996_21.784026/ds/tmp/mriqc_wf/funcMRIQC/synthstrip_wf/902833dc56194973aaf3605cf0bd8268961de8ae/post_n4".[0m
2026-03-27 02:37:15 |[34;20m INFO     [0m|[34;20m nipype.workflow  [0m|[34;20m [Node] Executing "post_n4" <nipype.interfaces.ants.segmentation.N4BiasFieldCorrection>[0m
2026-03-27 02:37:16 |[34;20m INFO     [0m|[34;20m nipype.workflow  [0m|[34;20m [Node] Finished "post_n4", elapsed time 1.00029s.[0m
2026-03-27 02:37:17 |[34;20m INFO     [0m|[34;20m nipype.workflow  [0m|[34;20m [Node] Setting-up "mriqc_wf.funcMRIQC.SpatialNormalization.EPI2MNI" in "/local/nvme/ds004996_21.784026/ds/tmp/mriqc_wf/funcMRIQC/SpatialNormalization/902833dc56194973aaf3605cf0bd8268961de8ae/EPI2MNI".[0m
2026-03-27 02:37:17 |[34;20m INFO     [0m|[34;20m nipype.workflow  [0m|[34;20m [Node] Executing "EPI2MNI" <niworkflows.interfaces.reportlets.registration.SpatialNormalizationRPT>[0m
2026-03-27 02:37:17 |[34;20m INFO     [0m|[34;20m niworkflows      [0m|[34;20m Estimating initial transform using AffineInitializer[0m
2026-03-27 02:37:22 |[34;20m INFO     [0m|[34;20m niworkflows      [0m|[34;20m Terminal outputs of initialization saved (/local/nvme/ds004996_21.784026/ds/tmp/mriqc_wf/funcMRIQC/SpatialNormalization/902833dc56194973aaf3605cf0bd8268961de8ae/EPI2MNI/stderr.nipype-init).[0m
2026-03-27 02:37:22 |[34;20m INFO     [0m|[34;20m niworkflows      [0m|[34;20m Loading settings from file /opt/conda/lib/python3.11/site-packages/niworkflows/data/boldref-mni_registration_precise_000.json.[0m
2026-03-27 02:37:22 |[34;20m INFO     [0m|[34;20m niworkflows      [0m|[34;20m Retry #1, commandline: 
antsRegistration --collapse-output-transforms 1 --dimensionality 3 --float 0 --initial-moving-transform [ /local/nvme/ds004996_21.784026/ds/tmp/mriqc_wf/funcMRIQC/SpatialNormalization/902833dc56194973aaf3605cf0bd8268961de8ae/EPI2MNI/transform.mat, 0 ] --initialize-transforms-per-stage 0 --interpolation LanczosWindowedSinc --output [ epi_to_mni, epi_to_mni_Warped.nii.gz ] --transform Rigid[ 0.05 ] --metric Mattes[ /templateflow/tpl-MNI152NLin2009cAsym/tpl-MNI152NLin2009cAsym_res-02_desc-fMRIPrep_boldref.nii.gz, /local/nvme/ds004996_21.784026/ds/tmp/mriqc_wf/funcMRIQC/SpatialNormalization/902833dc56194973aaf3605cf0bd8268961de8ae/SharpenEPI/sub-21_task-conversation_run-03_bold_desc-realigned_valid_tstat_corrected.nii.gz, 1, 56, Regular, 0.25 ] --convergence [ 10000x1000x100, 1e-06, 20 ] --smoothing-sigmas 4.0x2.0x1.0vox --shrink-factors 4x2x1 --use-histogram-matching 1 --masks [ /templateflow/tpl-MNI152NLin2009cAsym/tpl-MNI152NLin2009cAsym_res-02_desc-brain_mask.nii.gz, /local/nvme/ds004996_21.784026/ds/tmp/mriqc_wf/funcMRIQC/synthstrip_wf/902833dc56194973aaf3605cf0bd8268961de8ae/synthstrip/clipped_corrected_desc-brain_mask.nii.gz ] --transform Affine[ 0.08 ] --metric Mattes[ /templateflow/tpl-MNI152NLin2009cAsym/tpl-MNI152NLin2009cAsym_res-02_desc-fMRIPrep_boldref.nii.gz, /local/nvme/ds004996_21.784026/ds/tmp/mriqc_wf/funcMRIQC/SpatialNormalization/902833dc56194973aaf3605cf0bd8268961de8ae/SharpenEPI/sub-21_task-conversation_run-03_bold_desc-realigned_valid_tstat_corrected.nii.gz, 1, 56, Regular, 0.25 ] --convergence [ 500x250x100, 1e-06, 20 ] --smoothing-sigmas 4.0x2.0x1.0vox --shrink-factors 8x4x2 --use-histogram-matching 1 --masks [ /templateflow/tpl-MNI152NLin2009cAsym/tpl-MNI152NLin2009cAsym_res-02_desc-brain_mask.nii.gz, /local/nvme/ds004996_21.784026/ds/tmp/mriqc_wf/funcMRIQC/synthstrip_wf/902833dc56194973aaf3605cf0bd8268961de8ae/synthstrip/clipped_corrected_desc-brain_mask.nii.gz ] --transform SyN[ 0.1, 3.0, 0.0 ] --metric CC[ /templateflow/tpl-MNI152NLin2009cAsym/tpl-MNI152NLin2009cAsym_res-02_desc-fMRIPrep_boldref.nii.gz, /local/nvme/ds004996_21.784026/ds/tmp/mriqc_wf/funcMRIQC/SpatialNormalization/902833dc56194973aaf3605cf0bd8268961de8ae/SharpenEPI/sub-21_task-conversation_run-03_bold_desc-realigned_valid_tstat_corrected.nii.gz, 1, 4, None, 1 ] --convergence [ 100x30x20, 1e-06, 10 ] --smoothing-sigmas 3.0x2.0x1.0vox --shrink-factors 8x4x2 --use-histogram-matching 1 --masks [ /templateflow/tpl-MNI152NLin2009cAsym/tpl-MNI152NLin2009cAsym_res-02_desc-brain_mask.nii.gz, /local/nvme/ds004996_21.784026/ds/tmp/mriqc_wf/funcMRIQC/synthstrip_wf/902833dc56194973aaf3605cf0bd8268961de8ae/synthstrip/clipped_corrected_desc-brain_mask.nii.gz ] --winsorize-image-intensities [ 0.005, 0.995 ]  --write-composite-transform 1[0m
2026-03-27 02:37:33 |[34;20m INFO     [0m|[34;20m niworkflows      [0m|[34;20m Successful spatial normalization (retry #1).[0m
2026-03-27 02:37:33 |[34;20m INFO     [0m|[34;20m niworkflows      [0m|[34;20m Report - setting fixed (/templateflow/tpl-MNI152NLin2009cAsym/tpl-MNI152NLin2009cAsym_res-02_desc-fMRIPrep_boldref.nii.gz) and moving (/local/nvme/ds004996_21.784026/ds/tmp/mriqc_wf/funcMRIQC/SpatialNormalization/902833dc56194973aaf3605cf0bd8268961de8ae/EPI2MNI/epi_to_mni_Warped.nii.gz) images[0m
2026-03-27 02:37:33 |[34;20m INFO     [0m|[34;20m niworkflows      [0m|[34;20m Generating visual report[0m
2026-03-27 02:37:49 |[34;20m INFO     [0m|[34;20m nipype.workflow  [0m|[34;20m [Node] Finished "EPI2MNI", elapsed time 31.674326s.[0m
2026-03-27 02:37:49 |[34;20m INFO     [0m|[34;20m nipype.workflow  [0m|[34;20m [Node] Setting-up "mriqc_wf.funcMRIQC.func_report_wf.ds_report_norm" in "/local/nvme/ds004996_21.784026/ds/tmp/mriqc_wf/funcMRIQC/func_report_wf/95485eb8cff37d557a8b39fda03b2710727ba5b0/ds_report_norm".[0m
2026-03-27 02:37:49 |[34;20m INFO     [0m|[34;20m nipype.workflow  [0m|[34;20m [Node] Setting-up "mriqc_wf.funcMRIQC.synthstrip_wf.final_masked" in "/local/nvme/ds004996_21.784026/ds/tmp/mriqc_wf/funcMRIQC/synthstrip_wf/95485eb8cff37d557a8b39fda03b2710727ba5b0/final_masked".[0m
2026-03-27 02:37:49 |[34;20m INFO     [0m|[34;20m nipype.workflow  [0m|[34;20m [Node] Setting-up "mriqc_wf.funcMRIQC.SpatialNormalization.ResampleSegmentation" in "/local/nvme/ds004996_21.784026/ds/tmp/mriqc_wf/funcMRIQC/SpatialNormalization/95485eb8cff37d557a8b39fda03b2710727ba5b0/ResampleSegmentation".[0m
2026-03-27 02:37:49 |[34;20m INFO     [0m|[34;20m nipype.workflow  [0m|[34;20m [Node] Executing "final_masked" <niworkflows.interfaces.nibabel.ApplyMask>[0m
2026-03-27 02:37:49 |[34;20m INFO     [0m|[34;20m nipype.workflow  [0m|[34;20m [Node] Executing "ResampleSegmentation" <nipype.interfaces.ants.resampling.ApplyTransforms>[0m
2026-03-27 02:37:49 |[34;20m INFO     [0m|[34;20m nipype.workflow  [0m|[34;20m [Node] Executing "ds_report_norm" <mriqc.interfaces.DerivativesDataSink>[0m
2026-03-27 02:37:49 |[34;20m INFO     [0m|[34;20m nipype.workflow  [0m|[34;20m [Node] Finished "ds_report_norm", elapsed time 0.005421s.[0m
2026-03-27 02:37:49 |[34;20m INFO     [0m|[34;20m nipype.workflow  [0m|[34;20m [Node] Finished "final_masked", elapsed time 0.04157s.[0m
2026-03-27 02:37:49 |[34;20m INFO     [0m|[34;20m nipype.workflow  [0m|[34;20m [Node] Setting-up "mriqc_wf.funcMRIQC.func_report_wf.ds_report_norm" in "/local/nvme/ds004996_21.784026/ds/tmp/mriqc_wf/funcMRIQC/func_report_wf/902833dc56194973aaf3605cf0bd8268961de8ae/ds_report_norm".[0m
2026-03-27 02:37:49 |[34;20m INFO     [0m|[34;20m nipype.workflow  [0m|[34;20m [Node] Setting-up "mriqc_wf.funcMRIQC.synthstrip_wf.final_masked" in "/local/nvme/ds004996_21.784026/ds/tmp/mriqc_wf/funcMRIQC/synthstrip_wf/902833dc56194973aaf3605cf0bd8268961de8ae/final_masked".[0m
2026-03-27 02:37:49 |[34;20m INFO     [0m|[34;20m nipype.workflow  [0m|[34;20m [Node] Setting-up "mriqc_wf.funcMRIQC.SpatialNormalization.ResampleSegmentation" in "/local/nvme/ds004996_21.784026/ds/tmp/mriqc_wf/funcMRIQC/SpatialNormalization/902833dc56194973aaf3605cf0bd8268961de8ae/ResampleSegmentation".[0m
2026-03-27 02:37:49 |[34;20m INFO     [0m|[34;20m nipype.workflow  [0m|[34;20m [Node] Executing "final_masked" <niworkflows.interfaces.nibabel.ApplyMask>[0m
2026-03-27 02:37:49 |[34;20m INFO     [0m|[34;20m nipype.workflow  [0m|[34;20m [Node] Executing "ds_report_norm" <mriqc.interfaces.DerivativesDataSink>[0m
2026-03-27 02:37:49 |[34;20m INFO     [0m|[34;20m nipype.workflow  [0m|[34;20m [Node] Executing "ResampleSegmentation" <nipype.interfaces.ants.resampling.ApplyTransforms>[0m
2026-03-27 02:37:49 |[34;20m INFO     [0m|[34;20m nipype.workflow  [0m|[34;20m [Node] Finished "ds_report_norm", elapsed time 0.005085s.[0m
2026-03-27 02:37:49 |[34;20m INFO     [0m|[34;20m nipype.workflow  [0m|[34;20m [Node] Finished "final_masked", elapsed time 0.032487s.[0m
2026-03-27 02:37:49 |[34;20m INFO     [0m|[34;20m nipype.workflow  [0m|[34;20m [Node] Setting-up "_datasink0" in "/local/nvme/ds004996_21.784026/ds/tmp/mriqc_wf/funcMRIQC/ComputeIQMs/902833dc56194973aaf3605cf0bd8268961de8ae/datasink/mapflow/_datasink0".[0m
2026-03-27 02:37:49 |[34;20m INFO     [0m|[34;20m nipype.workflow  [0m|[34;20m [Node] Executing "_datasink0" <mriqc.interfaces.bids.IQMFileSink>[0m
2026-03-27 02:37:49 |[34;20m INFO     [0m|[34;20m nipype.workflow  [0m|[34;20m [Node] Finished "_datasink0", elapsed time 0.000642s.[0m
2026-03-27 02:37:49 |[34;20m INFO     [0m|[34;20m nipype.workflow  [0m|[34;20m [Node] Setting-up "_ds_timeseries0" in "/local/nvme/ds004996_21.784026/ds/tmp/mriqc_wf/funcMRIQC/ComputeIQMs/902833dc56194973aaf3605cf0bd8268961de8ae/ds_timeseries/mapflow/_ds_timeseries0".[0m
2026-03-27 02:37:49 |[34;20m INFO     [0m|[34;20m nipype.workflow  [0m|[34;20m [Node] Executing "_ds_timeseries0" <mriqc.interfaces.DerivativesDataSink>[0m
2026-03-27 02:37:49 |[34;20m INFO     [0m|[34;20m nipype.workflow  [0m|[34;20m [Node] Finished "_ds_timeseries0", elapsed time 0.004046s.[0m
2026-03-27 02:37:49 |[34;20m INFO     [0m|[34;20m nipype.workflow  [0m|[34;20m [Node] Setting-up "_ds_report_carpet0" in "/local/nvme/ds004996_21.784026/ds/tmp/mriqc_wf/funcMRIQC/func_report_wf/1a4a61388dcb834430daea57e4fc88cc1577194b/ds_report_carpet/mapflow/_ds_report_carpet0".[0m
2026-03-27 02:37:49 |[34;20m INFO     [0m|[34;20m nipype.workflow  [0m|[34;20m [Node] Executing "_ds_report_carpet0" <mriqc.interfaces.DerivativesDataSink>[0m
2026-03-27 02:37:49 |[34;20m INFO     [0m|[34;20m nipype.workflow  [0m|[34;20m [Node] Finished "_ds_report_carpet0", elapsed time 0.005097s.[0m
2026-03-27 02:37:52 |[34;20m INFO     [0m|[34;20m nipype.workflow  [0m|[34;20m [Node] Finished "ResampleSegmentation", elapsed time 2.653861s.[0m
2026-03-27 02:37:52 |[34;20m INFO     [0m|[34;20m nipype.workflow  [0m|[34;20m [Node] Finished "ResampleSegmentation", elapsed time 2.703716s.[0m
2026-03-27 02:37:53 |[34;20m INFO     [0m|[34;20m nipype.workflow  [0m|[34;20m [Node] Setting-up "mriqc_wf.funcMRIQC.func_report_wf.parcels" in "/local/nvme/ds004996_21.784026/ds/tmp/mriqc_wf/funcMRIQC/func_report_wf/95485eb8cff37d557a8b39fda03b2710727ba5b0/parcels".[0m
2026-03-27 02:37:53 |[34;20m INFO     [0m|[34;20m nipype.workflow  [0m|[34;20m [Node] Setting-up "mriqc_wf.funcMRIQC.func_report_wf.parcels" in "/local/nvme/ds004996_21.784026/ds/tmp/mriqc_wf/funcMRIQC/func_report_wf/902833dc56194973aaf3605cf0bd8268961de8ae/parcels".[0m
2026-03-27 02:37:53 |[34;20m INFO     [0m|[34;20m nipype.workflow  [0m|[34;20m [Node] Executing "parcels" <nipype.interfaces.utility.wrappers.Function>[0m
2026-03-27 02:37:53 |[34;20m INFO     [0m|[34;20m nipype.workflow  [0m|[34;20m [Node] Executing "parcels" <nipype.interfaces.utility.wrappers.Function>[0m
2026-03-27 02:37:53 |[34;20m INFO     [0m|[34;20m nipype.workflow  [0m|[34;20m [Node] Finished "parcels", elapsed time 0.022283s.[0m
2026-03-27 02:37:53 |[34;20m INFO     [0m|[34;20m nipype.workflow  [0m|[34;20m [Node] Finished "parcels", elapsed time 0.030003s.[0m
2026-03-27 02:37:55 |[34;20m INFO     [0m|[34;20m nipype.workflow  [0m|[34;20m [Node] Setting-up "_BigPlot0" in "/local/nvme/ds004996_21.784026/ds/tmp/mriqc_wf/funcMRIQC/func_report_wf/902833dc56194973aaf3605cf0bd8268961de8ae/BigPlot/mapflow/_BigPlot0".[0m
2026-03-27 02:37:55 |[34;20m INFO     [0m|[34;20m nipype.workflow  [0m|[34;20m [Node] Executing "_BigPlot0" <nireports.interfaces.fmri.FMRISummary>[0m
2026-03-27 02:37:55 |[34;20m INFO     [0m|[34;20m nipype.workflow  [0m|[34;20m [Node] Setting-up "_BigPlot0" in "/local/nvme/ds004996_21.784026/ds/tmp/mriqc_wf/funcMRIQC/func_report_wf/95485eb8cff37d557a8b39fda03b2710727ba5b0/BigPlot/mapflow/_BigPlot0".[0m
2026-03-27 02:37:55 |[34;20m INFO     [0m|[34;20m nipype.workflow  [0m|[34;20m [Node] Executing "_BigPlot0" <nireports.interfaces.fmri.FMRISummary>[0m
2026-03-27 02:37:59 |[34;20m INFO     [0m|[34;20m nipype.workflow  [0m|[34;20m [Node] Finished "_BigPlot0", elapsed time 4.280569s.[0m
2026-03-27 02:38:00 |[34;20m INFO     [0m|[34;20m nipype.workflow  [0m|[34;20m [Node] Finished "_BigPlot0", elapsed time 4.764937s.[0m
2026-03-27 02:38:01 |[34;20m INFO     [0m|[34;20m nipype.workflow  [0m|[34;20m [Node] Setting-up "_ds_report_carpet0" in "/local/nvme/ds004996_21.784026/ds/tmp/mriqc_wf/funcMRIQC/func_report_wf/95485eb8cff37d557a8b39fda03b2710727ba5b0/ds_report_carpet/mapflow/_ds_report_carpet0".[0m
2026-03-27 02:38:01 |[34;20m INFO     [0m|[34;20m nipype.workflow  [0m|[34;20m [Node] Executing "_ds_report_carpet0" <mriqc.interfaces.DerivativesDataSink>[0m
2026-03-27 02:38:01 |[34;20m INFO     [0m|[34;20m nipype.workflow  [0m|[34;20m [Node] Finished "_ds_report_carpet0", elapsed time 0.005015s.[0m
2026-03-27 02:38:01 |[34;20m INFO     [0m|[34;20m nipype.workflow  [0m|[34;20m [Node] Setting-up "_ds_report_carpet0" in "/local/nvme/ds004996_21.784026/ds/tmp/mriqc_wf/funcMRIQC/func_report_wf/902833dc56194973aaf3605cf0bd8268961de8ae/ds_report_carpet/mapflow/_ds_report_carpet0".[0m
2026-03-27 02:38:01 |[34;20m INFO     [0m|[34;20m nipype.workflow  [0m|[34;20m [Node] Executing "_ds_report_carpet0" <mriqc.interfaces.DerivativesDataSink>[0m
2026-03-27 02:38:01 |[34;20m INFO     [0m|[34;20m nipype.workflow  [0m|[34;20m [Node] Finished "_ds_report_carpet0", elapsed time 0.004938s.[0m
2026-03-27 02:38:03 |[34;20m INFO     [0m|[34;20m nipype.workflow  [0m|[34;20m Generating reports...[0m
2026-03-27 02:38:04 |[34;20m INFO     [0m|[34;20m nipype.workflow  [0m|[34;20m Report generation finished (3 reports).[0m
2026-03-27 02:38:04 |[33;20m IMPORTANT [0m|[33;20m mriqc            [0m|[33;20m Participant level finished successfully averaging 00h 07min 38s per subject.[0m
2026-03-27 02:38:04 |[34;20m INFO     [0m|[34;20m mriqc            [0m|[34;20m Generating BIDS derivatives metadata.[0m
----------------------------------------------------------------
  MRIQC completed (elapsed time 00h 22min 54s).
----------------------------------------------------------------

