------------------------------------------------------------------
  Running MRIQC version 24.1.0.dev0+gd5b13cb5.d20240826
  ----------------------------------------------------------------

  NOTICE
  Copyright © The NiPreps Developers.
  
  This product includes software developed by
  the NiPreps Community (https://nipreps.org/).
  
  Portions of this software were developed at the Department of
  Psychology at Stanford University, Stanford, CA, US.
  
  This software contains code ultimately derived from the
  PCP Quality Assessment Protocol (QAP;
  http://preprocessed-connectomes-project.org/quality-assessment-protocol)
  by C. Craddock, S. Giavasis, D. Clark, Z. Shezhad, and J. Pellman.
  
  This software is also distributed as a Docker container image.
  The bootstrapping file for the image ("Dockerfile") is licensed
  under the MIT License.

  ----------------------------------------------------------------

  * BIDS dataset path: /local/nvme/ds004996_28.784026/ds/sourcedata/raw.
  * Output folder: mriqc.
  * Analysis levels: ['participant'].
------------------------------------------------------------------

2026-03-27 02:10:09 |[33;20m IMPORTANT [0m|[33;20m mriqc            [0m|[33;20m Extracting metadata and entities for 3 input runs of modality 'bold'...[0m
2026-03-27 02:10:09 |[33;20m IMPORTANT [0m|[33;20m mriqc            [0m|[33;20m File size ('bold'): 0.41|0.41 GB [maximum|average].[0m
2026-03-27 02:10:09 |[34;20m INFO     [0m|[34;20m mriqc            [0m|[34;20m MRIQC config file: /local/nvme/ds004996_28.784026/ds/tmp/config-20260327-021000_cb5841f1-51ae-4978-be55-500af3ae8b7a.toml.[0m
2026-03-27 02:10:13 |[34;20m INFO     [0m|[34;20m matplotlib.font_manager [0m|[34;20m generated new fontManager[0m
2026-03-27 02:10:14 |[33;20m IMPORTANT [0m|[33;20m mriqc            [0m|[33;20m Building MRIQC's workflows...[0m
2026-03-27 02:10:15 |[34;20m INFO     [0m|[34;20m nipype.workflow  [0m|[34;20m Building functional MRIQC workflow for 3 BOLD runs..[0m
2026-03-27 02:10:20 |[33;20m IMPORTANT [0m|[33;20m mriqc            [0m|[33;20m Workflow building finished (exit code 0).[0m
2026-03-27 02:10:25 |[34;20m INFO     [0m|[34;20m nipype.workflow  [0m|[34;20m Workflow mriqc_wf settings: ['check', 'execution', 'logging', 'monitoring'][0m
2026-03-27 02:10:26 |[34;20m INFO     [0m|[34;20m nipype.workflow  [0m|[34;20m [Node] Setting-up "mriqc_wf.funcMRIQC.pick_echo" in "/local/nvme/ds004996_28.784026/ds/tmp/mriqc_wf/funcMRIQC/21ea7e8db05c236cd8a44099f065877519c8e1f2/pick_echo".[0m
2026-03-27 02:10:26 |[34;20m INFO     [0m|[34;20m nipype.workflow  [0m|[34;20m [Node] Setting-up "_provenance0" in "/local/nvme/ds004996_28.784026/ds/tmp/mriqc_wf/funcMRIQC/ComputeIQMs/21ea7e8db05c236cd8a44099f065877519c8e1f2/provenance/mapflow/_provenance0".[0m
2026-03-27 02:10:26 |[34;20m INFO     [0m|[34;20m nipype.workflow  [0m|[34;20m [Node] Executing "_provenance0" <mriqc.interfaces.reports.AddProvenance>[0m
2026-03-27 02:10:26 |[34;20m INFO     [0m|[34;20m nipype.workflow  [0m|[34;20m [Node] Executing "pick_echo" <mriqc.interfaces.functional.SelectEcho>[0m
2026-03-27 02:10:26 |[34;20m INFO     [0m|[34;20m nipype.workflow  [0m|[34;20m [Node] Finished "pick_echo", elapsed time 0.000533s.[0m
2026-03-27 02:10:27 |[34;20m INFO     [0m|[34;20m nipype.workflow  [0m|[34;20m [Node] Finished "_provenance0", elapsed time 1.020589s.[0m
2026-03-27 02:10:27 |[34;20m INFO     [0m|[34;20m nipype.workflow  [0m|[34;20m [Node] Setting-up "mriqc_wf.funcMRIQC.pick_echo" in "/local/nvme/ds004996_28.784026/ds/tmp/mriqc_wf/funcMRIQC/4ffce63a368ba2746cba9304f0910fe9f69f2d55/pick_echo".[0m
2026-03-27 02:10:27 |[34;20m INFO     [0m|[34;20m nipype.workflow  [0m|[34;20m [Node] Setting-up "_provenance0" in "/local/nvme/ds004996_28.784026/ds/tmp/mriqc_wf/funcMRIQC/ComputeIQMs/4ffce63a368ba2746cba9304f0910fe9f69f2d55/provenance/mapflow/_provenance0".[0m
2026-03-27 02:10:27 |[34;20m INFO     [0m|[34;20m nipype.workflow  [0m|[34;20m [Node] Executing "_provenance0" <mriqc.interfaces.reports.AddProvenance>[0m
2026-03-27 02:10:27 |[34;20m INFO     [0m|[34;20m nipype.workflow  [0m|[34;20m [Node] Executing "pick_echo" <mriqc.interfaces.functional.SelectEcho>[0m
2026-03-27 02:10:27 |[34;20m INFO     [0m|[34;20m nipype.workflow  [0m|[34;20m [Node] Finished "pick_echo", elapsed time 0.000407s.[0m
2026-03-27 02:10:28 |[34;20m INFO     [0m|[34;20m nipype.workflow  [0m|[34;20m [Node] Finished "_provenance0", elapsed time 0.975018s.[0m
2026-03-27 02:10:28 |[34;20m INFO     [0m|[34;20m nipype.workflow  [0m|[34;20m [Node] Setting-up "mriqc_wf.funcMRIQC.pick_echo" in "/local/nvme/ds004996_28.784026/ds/tmp/mriqc_wf/funcMRIQC/efd06d4e48efdcb19a84e48f89d85a45cd6b8bb0/pick_echo".[0m
2026-03-27 02:10:28 |[34;20m INFO     [0m|[34;20m nipype.workflow  [0m|[34;20m [Node] Setting-up "_provenance0" in "/local/nvme/ds004996_28.784026/ds/tmp/mriqc_wf/funcMRIQC/ComputeIQMs/efd06d4e48efdcb19a84e48f89d85a45cd6b8bb0/provenance/mapflow/_provenance0".[0m
2026-03-27 02:10:28 |[34;20m INFO     [0m|[34;20m nipype.workflow  [0m|[34;20m [Node] Executing "_provenance0" <mriqc.interfaces.reports.AddProvenance>[0m
2026-03-27 02:10:28 |[34;20m INFO     [0m|[34;20m nipype.workflow  [0m|[34;20m [Node] Executing "pick_echo" <mriqc.interfaces.functional.SelectEcho>[0m
2026-03-27 02:10:28 |[34;20m INFO     [0m|[34;20m nipype.workflow  [0m|[34;20m [Node] Finished "pick_echo", elapsed time 0.000724s.[0m
2026-03-27 02:10:29 |[34;20m INFO     [0m|[34;20m nipype.workflow  [0m|[34;20m [Node] Finished "_provenance0", elapsed time 0.967212s.[0m
2026-03-27 02:10:29 |[34;20m INFO     [0m|[34;20m nipype.workflow  [0m|[34;20m [Node] Setting-up "mriqc_wf.funcMRIQC.non_steady_state_detector" in "/local/nvme/ds004996_28.784026/ds/tmp/mriqc_wf/funcMRIQC/21ea7e8db05c236cd8a44099f065877519c8e1f2/non_steady_state_detector".[0m
2026-03-27 02:10:29 |[34;20m INFO     [0m|[34;20m nipype.workflow  [0m|[34;20m [Node] Setting-up "mriqc_wf.funcMRIQC.non_steady_state_detector" in "/local/nvme/ds004996_28.784026/ds/tmp/mriqc_wf/funcMRIQC/4ffce63a368ba2746cba9304f0910fe9f69f2d55/non_steady_state_detector".[0m
2026-03-27 02:10:29 |[34;20m INFO     [0m|[34;20m nipype.workflow  [0m|[34;20m [Node] Setting-up "mriqc_wf.funcMRIQC.non_steady_state_detector" in "/local/nvme/ds004996_28.784026/ds/tmp/mriqc_wf/funcMRIQC/efd06d4e48efdcb19a84e48f89d85a45cd6b8bb0/non_steady_state_detector".[0m
2026-03-27 02:10:29 |[34;20m INFO     [0m|[34;20m nipype.workflow  [0m|[34;20m [Node] Executing "non_steady_state_detector" <nipype.algorithms.confounds.NonSteadyStateDetector>[0m
2026-03-27 02:10:29 |[34;20m INFO     [0m|[34;20m nipype.workflow  [0m|[34;20m [Node] Executing "non_steady_state_detector" <nipype.algorithms.confounds.NonSteadyStateDetector>[0m
2026-03-27 02:10:29 |[34;20m INFO     [0m|[34;20m nipype.workflow  [0m|[34;20m [Node] Executing "non_steady_state_detector" <nipype.algorithms.confounds.NonSteadyStateDetector>[0m
2026-03-27 02:10:29 |[34;20m INFO     [0m|[34;20m nipype.workflow  [0m|[34;20m [Node] Finished "non_steady_state_detector", elapsed time 0.02612s.[0m
2026-03-27 02:10:29 |[34;20m INFO     [0m|[34;20m nipype.workflow  [0m|[34;20m [Node] Finished "non_steady_state_detector", elapsed time 0.026913s.[0m
2026-03-27 02:10:29 |[34;20m INFO     [0m|[34;20m nipype.workflow  [0m|[34;20m [Node] Finished "non_steady_state_detector", elapsed time 0.030409s.[0m
2026-03-27 02:10:31 |[34;20m INFO     [0m|[34;20m nipype.workflow  [0m|[34;20m [Node] Setting-up "_sanitize0" in "/local/nvme/ds004996_28.784026/ds/tmp/mriqc_wf/funcMRIQC/efd06d4e48efdcb19a84e48f89d85a45cd6b8bb0/sanitize/mapflow/_sanitize0".[0m
2026-03-27 02:10:31 |[34;20m INFO     [0m|[34;20m nipype.workflow  [0m|[34;20m [Node] Executing "_sanitize0" <niworkflows.interfaces.header.SanitizeImage>[0m
2026-03-27 02:10:31 |[34;20m INFO     [0m|[34;20m nipype.workflow  [0m|[34;20m [Node] Setting-up "_sanitize0" in "/local/nvme/ds004996_28.784026/ds/tmp/mriqc_wf/funcMRIQC/21ea7e8db05c236cd8a44099f065877519c8e1f2/sanitize/mapflow/_sanitize0".[0m
2026-03-27 02:10:31 |[34;20m INFO     [0m|[34;20m nipype.workflow  [0m|[34;20m [Node] Setting-up "_sanitize0" in "/local/nvme/ds004996_28.784026/ds/tmp/mriqc_wf/funcMRIQC/4ffce63a368ba2746cba9304f0910fe9f69f2d55/sanitize/mapflow/_sanitize0".[0m
2026-03-27 02:10:31 |[34;20m INFO     [0m|[34;20m nipype.workflow  [0m|[34;20m [Node] Executing "_sanitize0" <niworkflows.interfaces.header.SanitizeImage>[0m
2026-03-27 02:10:31 |[34;20m INFO     [0m|[34;20m nipype.workflow  [0m|[34;20m [Node] Executing "_sanitize0" <niworkflows.interfaces.header.SanitizeImage>[0m
2026-03-27 02:10:32 |[34;20m INFO     [0m|[34;20m nipype.workflow  [0m|[34;20m [Node] Finished "_sanitize0", elapsed time 0.784218s.[0m
2026-03-27 02:10:32 |[34;20m INFO     [0m|[34;20m nipype.workflow  [0m|[34;20m [Node] Finished "_sanitize0", elapsed time 0.825804s.[0m
2026-03-27 02:10:32 |[34;20m INFO     [0m|[34;20m nipype.workflow  [0m|[34;20m [Node] Finished "_sanitize0", elapsed time 1.022388s.[0m
2026-03-27 02:10:33 |[34;20m INFO     [0m|[34;20m nipype.workflow  [0m|[34;20m [Node] Setting-up "mriqc_wf.funcMRIQC.fMRI_HMC.estimate_hm" in "/local/nvme/ds004996_28.784026/ds/tmp/mriqc_wf/funcMRIQC/fMRI_HMC/21ea7e8db05c236cd8a44099f065877519c8e1f2/estimate_hm".[0m
2026-03-27 02:10:33 |[34;20m INFO     [0m|[34;20m nipype.workflow  [0m|[34;20m [Node] Setting-up "mriqc_wf.funcMRIQC.fMRI_HMC.estimate_hm" in "/local/nvme/ds004996_28.784026/ds/tmp/mriqc_wf/funcMRIQC/fMRI_HMC/4ffce63a368ba2746cba9304f0910fe9f69f2d55/estimate_hm".[0m
2026-03-27 02:10:33 |[34;20m INFO     [0m|[34;20m nipype.workflow  [0m|[34;20m [Node] Setting-up "mriqc_wf.funcMRIQC.fMRI_HMC.estimate_hm" in "/local/nvme/ds004996_28.784026/ds/tmp/mriqc_wf/funcMRIQC/fMRI_HMC/efd06d4e48efdcb19a84e48f89d85a45cd6b8bb0/estimate_hm".[0m
2026-03-27 02:10:33 |[34;20m INFO     [0m|[34;20m nipype.workflow  [0m|[34;20m [Node] Executing "estimate_hm" <nipype.interfaces.afni.preprocess.Volreg>[0m
2026-03-27 02:10:33 |[34;20m INFO     [0m|[34;20m nipype.workflow  [0m|[34;20m [Node] Executing "estimate_hm" <nipype.interfaces.afni.preprocess.Volreg>[0m
2026-03-27 02:10:33 |[34;20m INFO     [0m|[34;20m nipype.workflow  [0m|[34;20m [Node] Setting-up "_SpikesMask0" in "/local/nvme/ds004996_28.784026/ds/tmp/mriqc_wf/funcMRIQC/func_report_wf/4ffce63a368ba2746cba9304f0910fe9f69f2d55/SpikesMask/mapflow/_SpikesMask0".[0m
2026-03-27 02:10:33 |[34;20m INFO     [0m|[34;20m nipype.workflow  [0m|[34;20m [Node] Executing "estimate_hm" <nipype.interfaces.afni.preprocess.Volreg>[0m
2026-03-27 02:10:33 |[34;20m INFO     [0m|[34;20m nipype.workflow  [0m|[34;20m [Node] Setting-up "_SpikesMask0" in "/local/nvme/ds004996_28.784026/ds/tmp/mriqc_wf/funcMRIQC/func_report_wf/efd06d4e48efdcb19a84e48f89d85a45cd6b8bb0/SpikesMask/mapflow/_SpikesMask0".[0m
2026-03-27 02:10:33 |[34;20m INFO     [0m|[34;20m nipype.workflow  [0m|[34;20m [Node] Executing "_SpikesMask0" <nipype.interfaces.utility.wrappers.Function>[0m
2026-03-27 02:10:33 |[34;20m INFO     [0m|[34;20m nipype.workflow  [0m|[34;20m [Node] Executing "_SpikesMask0" <nipype.interfaces.utility.wrappers.Function>[0m
2026-03-27 02:10:33 |[34;20m INFO     [0m|[34;20m nipype.workflow  [0m|[34;20m [Node] Setting-up "_SpikesMask0" in "/local/nvme/ds004996_28.784026/ds/tmp/mriqc_wf/funcMRIQC/func_report_wf/21ea7e8db05c236cd8a44099f065877519c8e1f2/SpikesMask/mapflow/_SpikesMask0".[0m
2026-03-27 02:10:33 |[34;20m INFO     [0m|[34;20m nipype.workflow  [0m|[34;20m [Node] Executing "_SpikesMask0" <nipype.interfaces.utility.wrappers.Function>[0m
2026-03-27 02:10:35 |[34;20m INFO     [0m|[34;20m nipype.workflow  [0m|[34;20m [Node] Finished "_SpikesMask0", elapsed time 1.635059s.[0m
2026-03-27 02:10:35 |[34;20m INFO     [0m|[34;20m nipype.workflow  [0m|[34;20m [Node] Finished "_SpikesMask0", elapsed time 1.643214s.[0m
2026-03-27 02:10:35 |[34;20m INFO     [0m|[34;20m nipype.workflow  [0m|[34;20m [Node] Finished "_SpikesMask0", elapsed time 1.968722s.[0m
2026-03-27 02:10:35 |[34;20m INFO     [0m|[34;20m nipype.workflow  [0m|[34;20m [Node] Setting-up "_SpikesFinderBgMask0" in "/local/nvme/ds004996_28.784026/ds/tmp/mriqc_wf/funcMRIQC/func_report_wf/4ffce63a368ba2746cba9304f0910fe9f69f2d55/SpikesFinderBgMask/mapflow/_SpikesFinderBgMask0".[0m
2026-03-27 02:10:35 |[34;20m INFO     [0m|[34;20m nipype.workflow  [0m|[34;20m [Node] Setting-up "_SpikesFinderBgMask0" in "/local/nvme/ds004996_28.784026/ds/tmp/mriqc_wf/funcMRIQC/func_report_wf/21ea7e8db05c236cd8a44099f065877519c8e1f2/SpikesFinderBgMask/mapflow/_SpikesFinderBgMask0".[0m
2026-03-27 02:10:35 |[34;20m INFO     [0m|[34;20m nipype.workflow  [0m|[34;20m [Node] Executing "_SpikesFinderBgMask0" <mriqc.interfaces.functional.Spikes>[0m
2026-03-27 02:10:35 |[34;20m INFO     [0m|[34;20m nipype.workflow  [0m|[34;20m [Node] Executing "_SpikesFinderBgMask0" <mriqc.interfaces.functional.Spikes>[0m
2026-03-27 02:10:37 |[34;20m INFO     [0m|[34;20m nipype.workflow  [0m|[34;20m [Node] Setting-up "_SpikesFinderBgMask0" in "/local/nvme/ds004996_28.784026/ds/tmp/mriqc_wf/funcMRIQC/func_report_wf/efd06d4e48efdcb19a84e48f89d85a45cd6b8bb0/SpikesFinderBgMask/mapflow/_SpikesFinderBgMask0".[0m
2026-03-27 02:10:37 |[34;20m INFO     [0m|[34;20m nipype.workflow  [0m|[34;20m [Node] Executing "_SpikesFinderBgMask0" <mriqc.interfaces.functional.Spikes>[0m
2026-03-27 02:10:39 |[34;20m INFO     [0m|[34;20m nipype.workflow  [0m|[34;20m [Node] Finished "_SpikesFinderBgMask0", elapsed time 3.5717879999999997s.[0m
2026-03-27 02:10:39 |[34;20m INFO     [0m|[34;20m nipype.workflow  [0m|[34;20m [Node] Finished "_SpikesFinderBgMask0", elapsed time 4.191313s.[0m
2026-03-27 02:10:40 |[34;20m INFO     [0m|[34;20m nipype.workflow  [0m|[34;20m [Node] Finished "_SpikesFinderBgMask0", elapsed time 2.995532s.[0m
2026-03-27 02:26:55 |[34;20m INFO     [0m|[34;20m nipype.workflow  [0m|[34;20m [Node] Finished "estimate_hm", elapsed time 981.907473s.[0m
2026-03-27 02:26:57 |[34;20m INFO     [0m|[34;20m nipype.workflow  [0m|[34;20m [Node] Setting-up "mriqc_wf.funcMRIQC.fMRI_HMC.ComputeFD" in "/local/nvme/ds004996_28.784026/ds/tmp/mriqc_wf/funcMRIQC/fMRI_HMC/21ea7e8db05c236cd8a44099f065877519c8e1f2/ComputeFD".[0m
2026-03-27 02:26:57 |[34;20m INFO     [0m|[34;20m nipype.workflow  [0m|[34;20m [Node] Executing "ComputeFD" <nipype.algorithms.confounds.FramewiseDisplacement>[0m
2026-03-27 02:26:57 |[34;20m INFO     [0m|[34;20m nipype.workflow  [0m|[34;20m [Node] Finished "ComputeFD", elapsed time 0.009325s.[0m
2026-03-27 02:26:58 |[34;20m INFO     [0m|[34;20m nipype.workflow  [0m|[34;20m [Node] Finished "estimate_hm", elapsed time 984.336591s.[0m
2026-03-27 02:26:59 |[34;20m INFO     [0m|[34;20m nipype.workflow  [0m|[34;20m [Node] Setting-up "mriqc_wf.funcMRIQC.fMRI_HMC.ComputeFD" in "/local/nvme/ds004996_28.784026/ds/tmp/mriqc_wf/funcMRIQC/fMRI_HMC/efd06d4e48efdcb19a84e48f89d85a45cd6b8bb0/ComputeFD".[0m
2026-03-27 02:26:59 |[34;20m INFO     [0m|[34;20m nipype.workflow  [0m|[34;20m [Node] Executing "ComputeFD" <nipype.algorithms.confounds.FramewiseDisplacement>[0m
2026-03-27 02:26:59 |[34;20m INFO     [0m|[34;20m nipype.workflow  [0m|[34;20m [Node] Finished "ComputeFD", elapsed time 0.009648s.[0m
2026-03-27 02:27:42 |[34;20m INFO     [0m|[34;20m nipype.workflow  [0m|[34;20m [Node] Finished "estimate_hm", elapsed time 1029.035642s.[0m
2026-03-27 02:27:43 |[34;20m INFO     [0m|[34;20m nipype.workflow  [0m|[34;20m [Node] Setting-up "_apply_hmc0" in "/local/nvme/ds004996_28.784026/ds/tmp/mriqc_wf/funcMRIQC/fMRI_HMC/21ea7e8db05c236cd8a44099f065877519c8e1f2/apply_hmc/mapflow/_apply_hmc0".[0m
2026-03-27 02:27:43 |[34;20m INFO     [0m|[34;20m nipype.workflow  [0m|[34;20m [Node] Executing "_apply_hmc0" <nipype.interfaces.utility.wrappers.Function>[0m
2026-03-27 02:28:05 |[34;20m INFO     [0m|[34;20m nipype.workflow  [0m|[34;20m [Node] Finished "_apply_hmc0", elapsed time 21.463086s.[0m
2026-03-27 02:28:05 |[34;20m INFO     [0m|[34;20m nipype.workflow  [0m|[34;20m [Node] Setting-up "_apply_hmc0" in "/local/nvme/ds004996_28.784026/ds/tmp/mriqc_wf/funcMRIQC/fMRI_HMC/4ffce63a368ba2746cba9304f0910fe9f69f2d55/apply_hmc/mapflow/_apply_hmc0".[0m
2026-03-27 02:28:05 |[34;20m INFO     [0m|[34;20m nipype.workflow  [0m|[34;20m [Node] Executing "_apply_hmc0" <nipype.interfaces.utility.wrappers.Function>[0m
2026-03-27 02:28:28 |[34;20m INFO     [0m|[34;20m nipype.workflow  [0m|[34;20m [Node] Finished "_apply_hmc0", elapsed time 22.570022s.[0m
2026-03-27 02:28:29 |[34;20m INFO     [0m|[34;20m nipype.workflow  [0m|[34;20m [Node] Setting-up "mriqc_wf.funcMRIQC.fMRI_HMC.ComputeFD" in "/local/nvme/ds004996_28.784026/ds/tmp/mriqc_wf/funcMRIQC/fMRI_HMC/4ffce63a368ba2746cba9304f0910fe9f69f2d55/ComputeFD".[0m
2026-03-27 02:28:29 |[34;20m INFO     [0m|[34;20m nipype.workflow  [0m|[34;20m [Node] Executing "ComputeFD" <nipype.algorithms.confounds.FramewiseDisplacement>[0m
2026-03-27 02:28:29 |[34;20m INFO     [0m|[34;20m nipype.workflow  [0m|[34;20m [Node] Setting-up "_mean0" in "/local/nvme/ds004996_28.784026/ds/tmp/mriqc_wf/funcMRIQC/21ea7e8db05c236cd8a44099f065877519c8e1f2/mean/mapflow/_mean0".[0m
2026-03-27 02:28:29 |[34;20m INFO     [0m|[34;20m nipype.workflow  [0m|[34;20m [Node] Executing "_mean0" <nipype.interfaces.afni.utils.TStat>[0m
2026-03-27 02:28:29 |[34;20m INFO     [0m|[34;20m nipype.workflow  [0m|[34;20m [Node] Setting-up "_compute_tsnr0" in "/local/nvme/ds004996_28.784026/ds/tmp/mriqc_wf/funcMRIQC/21ea7e8db05c236cd8a44099f065877519c8e1f2/compute_tsnr/mapflow/_compute_tsnr0".[0m
2026-03-27 02:28:29 |[34;20m INFO     [0m|[34;20m nipype.workflow  [0m|[34;20m [Node] Setting-up "_quality0" in "/local/nvme/ds004996_28.784026/ds/tmp/mriqc_wf/funcMRIQC/ComputeIQMs/21ea7e8db05c236cd8a44099f065877519c8e1f2/quality/mapflow/_quality0".[0m
2026-03-27 02:28:29 |[34;20m INFO     [0m|[34;20m nipype.workflow  [0m|[34;20m [Node] Executing "_compute_tsnr0" <nipype.algorithms.confounds.TSNR>[0m
2026-03-27 02:28:29 |[34;20m INFO     [0m|[34;20m nipype.workflow  [0m|[34;20m [Node] Setting-up "_mean0" in "/local/nvme/ds004996_28.784026/ds/tmp/mriqc_wf/funcMRIQC/4ffce63a368ba2746cba9304f0910fe9f69f2d55/mean/mapflow/_mean0".[0m
2026-03-27 02:28:29 |[34;20m INFO     [0m|[34;20m nipype.workflow  [0m|[34;20m [Node] Executing "_quality0" <nipype.interfaces.afni.preprocess.QualityIndex>[0m
2026-03-27 02:28:29 |[34;20m INFO     [0m|[34;20m nipype.workflow  [0m|[34;20m [Node] Setting-up "_compute_tsnr0" in "/local/nvme/ds004996_28.784026/ds/tmp/mriqc_wf/funcMRIQC/4ffce63a368ba2746cba9304f0910fe9f69f2d55/compute_tsnr/mapflow/_compute_tsnr0".[0m
2026-03-27 02:28:29 |[34;20m INFO     [0m|[34;20m nipype.workflow  [0m|[34;20m [Node] Executing "_mean0" <nipype.interfaces.afni.utils.TStat>[0m
2026-03-27 02:28:29 |[34;20m INFO     [0m|[34;20m nipype.workflow  [0m|[34;20m [Node] Executing "_compute_tsnr0" <nipype.algorithms.confounds.TSNR>[0m
2026-03-27 02:28:29 |[34;20m INFO     [0m|[34;20m nipype.workflow  [0m|[34;20m [Node] Finished "ComputeFD", elapsed time 0.008085s.[0m
2026-03-27 02:28:29 |[34;20m INFO     [0m|[34;20m nipype.workflow  [0m|[34;20m [Node] Setting-up "_quality0" in "/local/nvme/ds004996_28.784026/ds/tmp/mriqc_wf/funcMRIQC/ComputeIQMs/4ffce63a368ba2746cba9304f0910fe9f69f2d55/quality/mapflow/_quality0".[0m
2026-03-27 02:28:29 |[34;20m INFO     [0m|[34;20m nipype.workflow  [0m|[34;20m [Node] Executing "_quality0" <nipype.interfaces.afni.preprocess.QualityIndex>[0m
2026-03-27 02:28:32 |[34;20m INFO     [0m|[34;20m nipype.workflow  [0m|[34;20m [Node] Finished "_compute_tsnr0", elapsed time 2.126324s.[0m
2026-03-27 02:28:32 |[34;20m INFO     [0m|[34;20m nipype.workflow  [0m|[34;20m [Node] Finished "_compute_tsnr0", elapsed time 2.867734s.[0m
2026-03-27 02:28:33 |[34;20m INFO     [0m|[34;20m nipype.workflow  [0m|[34;20m [Node] Finished "_mean0", elapsed time 3.617114s.[0m
2026-03-27 02:28:33 |[34;20m INFO     [0m|[34;20m nipype.workflow  [0m|[34;20m [Node] Finished "_mean0", elapsed time 3.700068s.[0m
2026-03-27 02:28:33 |[34;20m INFO     [0m|[34;20m nipype.workflow  [0m|[34;20m [Node] Setting-up "mriqc_wf.funcMRIQC.synthstrip_wf.pre_clip" in "/local/nvme/ds004996_28.784026/ds/tmp/mriqc_wf/funcMRIQC/synthstrip_wf/21ea7e8db05c236cd8a44099f065877519c8e1f2/pre_clip".[0m
2026-03-27 02:28:33 |[34;20m INFO     [0m|[34;20m nipype.workflow  [0m|[34;20m [Node] Setting-up "mriqc_wf.funcMRIQC.SpatialNormalization.SharpenEPI" in "/local/nvme/ds004996_28.784026/ds/tmp/mriqc_wf/funcMRIQC/SpatialNormalization/21ea7e8db05c236cd8a44099f065877519c8e1f2/SharpenEPI".[0m
2026-03-27 02:28:33 |[34;20m INFO     [0m|[34;20m nipype.workflow  [0m|[34;20m [Node] Executing "pre_clip" <niworkflows.interfaces.nibabel.IntensityClip>[0m
2026-03-27 02:28:33 |[34;20m INFO     [0m|[34;20m nipype.workflow  [0m|[34;20m [Node] Executing "SharpenEPI" <nipype.interfaces.ants.segmentation.N4BiasFieldCorrection>[0m
2026-03-27 02:28:33 |[34;20m INFO     [0m|[34;20m nipype.workflow  [0m|[34;20m [Node] Setting-up "mriqc_wf.funcMRIQC.synthstrip_wf.pre_clip" in "/local/nvme/ds004996_28.784026/ds/tmp/mriqc_wf/funcMRIQC/synthstrip_wf/4ffce63a368ba2746cba9304f0910fe9f69f2d55/pre_clip".[0m
2026-03-27 02:28:33 |[34;20m INFO     [0m|[34;20m nipype.workflow  [0m|[34;20m [Node] Setting-up "_PlotMosaicMean0" in "/local/nvme/ds004996_28.784026/ds/tmp/mriqc_wf/funcMRIQC/func_report_wf/21ea7e8db05c236cd8a44099f065877519c8e1f2/PlotMosaicMean/mapflow/_PlotMosaicMean0".[0m
2026-03-27 02:28:33 |[34;20m INFO     [0m|[34;20m nipype.workflow  [0m|[34;20m [Node] Executing "pre_clip" <niworkflows.interfaces.nibabel.IntensityClip>[0m
2026-03-27 02:28:33 |[34;20m INFO     [0m|[34;20m nipype.workflow  [0m|[34;20m [Node] Executing "_PlotMosaicMean0" <nireports.interfaces.mosaic.PlotMosaic>[0m
2026-03-27 02:28:33 |[34;20m INFO     [0m|[34;20m nipype.workflow  [0m|[34;20m [Node] Setting-up "_PlotMosaicSD0" in "/local/nvme/ds004996_28.784026/ds/tmp/mriqc_wf/funcMRIQC/func_report_wf/21ea7e8db05c236cd8a44099f065877519c8e1f2/PlotMosaicSD/mapflow/_PlotMosaicSD0".[0m
2026-03-27 02:28:33 |[34;20m INFO     [0m|[34;20m nipype.workflow  [0m|[34;20m [Node] Setting-up "_PlotMosaicNoise0" in "/local/nvme/ds004996_28.784026/ds/tmp/mriqc_wf/funcMRIQC/func_report_wf/21ea7e8db05c236cd8a44099f065877519c8e1f2/PlotMosaicNoise/mapflow/_PlotMosaicNoise0".[0m
2026-03-27 02:28:33 |[34;20m INFO     [0m|[34;20m nipype.workflow  [0m|[34;20m [Node] Executing "_PlotMosaicSD0" <nireports.interfaces.mosaic.PlotMosaic>[0m
2026-03-27 02:28:33 |[34;20m INFO     [0m|[34;20m nipype.workflow  [0m|[34;20m [Node] Executing "_PlotMosaicNoise0" <nireports.interfaces.mosaic.PlotMosaic>[0m
2026-03-27 02:28:34 |[34;20m INFO     [0m|[34;20m nipype.workflow  [0m|[34;20m [Node] Finished "pre_clip", elapsed time 0.87542s.[0m
2026-03-27 02:28:34 |[34;20m INFO     [0m|[34;20m nipype.workflow  [0m|[34;20m [Node] Finished "pre_clip", elapsed time 0.86875s.[0m
2026-03-27 02:28:35 |[34;20m INFO     [0m|[34;20m nipype.workflow  [0m|[34;20m [Node] Finished "_PlotMosaicSD0", elapsed time 1.4653990000000001s.[0m
2026-03-27 02:28:35 |[34;20m INFO     [0m|[34;20m nipype.workflow  [0m|[34;20m [Node] Finished "_PlotMosaicNoise0", elapsed time 1.5837210000000002s.[0m
2026-03-27 02:28:35 |[34;20m INFO     [0m|[34;20m nipype.workflow  [0m|[34;20m [Node] Finished "_PlotMosaicMean0", elapsed time 1.711692s.[0m
2026-03-27 02:28:35 |[34;20m INFO     [0m|[34;20m nipype.workflow  [0m|[34;20m [Node] Setting-up "mriqc_wf.funcMRIQC.SpatialNormalization.SharpenEPI" in "/local/nvme/ds004996_28.784026/ds/tmp/mriqc_wf/funcMRIQC/SpatialNormalization/4ffce63a368ba2746cba9304f0910fe9f69f2d55/SharpenEPI".[0m
2026-03-27 02:28:35 |[34;20m INFO     [0m|[34;20m nipype.workflow  [0m|[34;20m [Node] Executing "SharpenEPI" <nipype.interfaces.ants.segmentation.N4BiasFieldCorrection>[0m
2026-03-27 02:28:35 |[34;20m INFO     [0m|[34;20m nipype.workflow  [0m|[34;20m [Node] Setting-up "_PlotMosaicNoise0" in "/local/nvme/ds004996_28.784026/ds/tmp/mriqc_wf/funcMRIQC/func_report_wf/4ffce63a368ba2746cba9304f0910fe9f69f2d55/PlotMosaicNoise/mapflow/_PlotMosaicNoise0".[0m
2026-03-27 02:28:35 |[34;20m INFO     [0m|[34;20m nipype.workflow  [0m|[34;20m [Node] Setting-up "_PlotMosaicMean0" in "/local/nvme/ds004996_28.784026/ds/tmp/mriqc_wf/funcMRIQC/func_report_wf/4ffce63a368ba2746cba9304f0910fe9f69f2d55/PlotMosaicMean/mapflow/_PlotMosaicMean0".[0m
2026-03-27 02:28:35 |[34;20m INFO     [0m|[34;20m nipype.workflow  [0m|[34;20m [Node] Executing "_PlotMosaicNoise0" <nireports.interfaces.mosaic.PlotMosaic>[0m
2026-03-27 02:28:35 |[34;20m INFO     [0m|[34;20m nipype.workflow  [0m|[34;20m [Node] Executing "_PlotMosaicMean0" <nireports.interfaces.mosaic.PlotMosaic>[0m
2026-03-27 02:28:35 |[34;20m INFO     [0m|[34;20m nipype.workflow  [0m|[34;20m [Node] Setting-up "_PlotMosaicSD0" in "/local/nvme/ds004996_28.784026/ds/tmp/mriqc_wf/funcMRIQC/func_report_wf/4ffce63a368ba2746cba9304f0910fe9f69f2d55/PlotMosaicSD/mapflow/_PlotMosaicSD0".[0m
2026-03-27 02:28:35 |[34;20m INFO     [0m|[34;20m nipype.workflow  [0m|[34;20m [Node] Executing "_PlotMosaicSD0" <nireports.interfaces.mosaic.PlotMosaic>[0m
2026-03-27 02:28:35 |[34;20m INFO     [0m|[34;20m nipype.workflow  [0m|[34;20m [Node] Setting-up "_ds_report_mean0" in "/local/nvme/ds004996_28.784026/ds/tmp/mriqc_wf/funcMRIQC/func_report_wf/21ea7e8db05c236cd8a44099f065877519c8e1f2/ds_report_mean/mapflow/_ds_report_mean0".[0m
2026-03-27 02:28:35 |[34;20m INFO     [0m|[34;20m nipype.workflow  [0m|[34;20m [Node] Executing "_ds_report_mean0" <mriqc.interfaces.DerivativesDataSink>[0m
2026-03-27 02:28:35 |[34;20m INFO     [0m|[34;20m nipype.workflow  [0m|[34;20m [Node] Finished "_ds_report_mean0", elapsed time 0.009045s.[0m
2026-03-27 02:28:36 |[34;20m INFO     [0m|[34;20m nipype.workflow  [0m|[34;20m [Node] Setting-up "_ds_report_background0" in "/local/nvme/ds004996_28.784026/ds/tmp/mriqc_wf/funcMRIQC/func_report_wf/21ea7e8db05c236cd8a44099f065877519c8e1f2/ds_report_background/mapflow/_ds_report_background0".[0m
2026-03-27 02:28:36 |[34;20m INFO     [0m|[34;20m nipype.workflow  [0m|[34;20m [Node] Executing "_ds_report_background0" <mriqc.interfaces.DerivativesDataSink>[0m
2026-03-27 02:28:36 |[34;20m INFO     [0m|[34;20m nipype.workflow  [0m|[34;20m [Node] Finished "_ds_report_background0", elapsed time 0.00537s.[0m
2026-03-27 02:28:36 |[34;20m INFO     [0m|[34;20m nipype.workflow  [0m|[34;20m [Node] Setting-up "_ds_report_stdev0" in "/local/nvme/ds004996_28.784026/ds/tmp/mriqc_wf/funcMRIQC/func_report_wf/21ea7e8db05c236cd8a44099f065877519c8e1f2/ds_report_stdev/mapflow/_ds_report_stdev0".[0m
2026-03-27 02:28:36 |[34;20m INFO     [0m|[34;20m nipype.workflow  [0m|[34;20m [Node] Executing "_ds_report_stdev0" <mriqc.interfaces.DerivativesDataSink>[0m
2026-03-27 02:28:36 |[34;20m INFO     [0m|[34;20m nipype.workflow  [0m|[34;20m [Node] Finished "_ds_report_stdev0", elapsed time 0.005354s.[0m
2026-03-27 02:28:37 |[34;20m INFO     [0m|[34;20m nipype.workflow  [0m|[34;20m [Node] Finished "_PlotMosaicMean0", elapsed time 1.467876s.[0m
2026-03-27 02:28:37 |[34;20m INFO     [0m|[34;20m nipype.workflow  [0m|[34;20m [Node] Finished "_PlotMosaicSD0", elapsed time 1.636829s.[0m
2026-03-27 02:28:37 |[34;20m INFO     [0m|[34;20m nipype.workflow  [0m|[34;20m [Node] Finished "_PlotMosaicNoise0", elapsed time 1.671956s.[0m
2026-03-27 02:28:37 |[34;20m INFO     [0m|[34;20m nipype.workflow  [0m|[34;20m [Node] Setting-up "_ds_report_mean0" in "/local/nvme/ds004996_28.784026/ds/tmp/mriqc_wf/funcMRIQC/func_report_wf/4ffce63a368ba2746cba9304f0910fe9f69f2d55/ds_report_mean/mapflow/_ds_report_mean0".[0m
2026-03-27 02:28:37 |[34;20m INFO     [0m|[34;20m nipype.workflow  [0m|[34;20m [Node] Executing "_ds_report_mean0" <mriqc.interfaces.DerivativesDataSink>[0m
2026-03-27 02:28:37 |[34;20m INFO     [0m|[34;20m nipype.workflow  [0m|[34;20m [Node] Finished "_ds_report_mean0", elapsed time 0.005169s.[0m
2026-03-27 02:28:38 |[34;20m INFO     [0m|[34;20m nipype.workflow  [0m|[34;20m [Node] Setting-up "_ds_report_background0" in "/local/nvme/ds004996_28.784026/ds/tmp/mriqc_wf/funcMRIQC/func_report_wf/4ffce63a368ba2746cba9304f0910fe9f69f2d55/ds_report_background/mapflow/_ds_report_background0".[0m
2026-03-27 02:28:38 |[34;20m INFO     [0m|[34;20m nipype.workflow  [0m|[34;20m [Node] Executing "_ds_report_background0" <mriqc.interfaces.DerivativesDataSink>[0m
2026-03-27 02:28:38 |[34;20m INFO     [0m|[34;20m nipype.workflow  [0m|[34;20m [Node] Finished "_ds_report_background0", elapsed time 0.005241s.[0m
2026-03-27 02:28:38 |[34;20m INFO     [0m|[34;20m nipype.workflow  [0m|[34;20m [Node] Setting-up "_ds_report_stdev0" in "/local/nvme/ds004996_28.784026/ds/tmp/mriqc_wf/funcMRIQC/func_report_wf/4ffce63a368ba2746cba9304f0910fe9f69f2d55/ds_report_stdev/mapflow/_ds_report_stdev0".[0m
2026-03-27 02:28:38 |[34;20m INFO     [0m|[34;20m nipype.workflow  [0m|[34;20m [Node] Executing "_ds_report_stdev0" <mriqc.interfaces.DerivativesDataSink>[0m
2026-03-27 02:28:38 |[34;20m INFO     [0m|[34;20m nipype.workflow  [0m|[34;20m [Node] Finished "_ds_report_stdev0", elapsed time 0.004812s.[0m
2026-03-27 02:28:38 |[34;20m INFO     [0m|[34;20m nipype.workflow  [0m|[34;20m [Node] Finished "SharpenEPI", elapsed time 4.490195s.[0m
2026-03-27 02:28:40 |[34;20m INFO     [0m|[34;20m nipype.workflow  [0m|[34;20m [Node] Finished "SharpenEPI", elapsed time 4.43656s.[0m
2026-03-27 02:28:42 |[34;20m INFO     [0m|[34;20m nipype.workflow  [0m|[34;20m [Node] Finished "_quality0", elapsed time 12.848863s.[0m
2026-03-27 02:28:43 |[34;20m INFO     [0m|[34;20m nipype.workflow  [0m|[34;20m [Node] Finished "_quality0", elapsed time 13.297842s.[0m
2026-03-27 02:28:43 |[34;20m INFO     [0m|[34;20m nipype.workflow  [0m|[34;20m [Node] Setting-up "_apply_hmc0" in "/local/nvme/ds004996_28.784026/ds/tmp/mriqc_wf/funcMRIQC/fMRI_HMC/efd06d4e48efdcb19a84e48f89d85a45cd6b8bb0/apply_hmc/mapflow/_apply_hmc0".[0m
2026-03-27 02:28:43 |[34;20m INFO     [0m|[34;20m nipype.workflow  [0m|[34;20m [Node] Executing "_apply_hmc0" <nipype.interfaces.utility.wrappers.Function>[0m
2026-03-27 02:29:07 |[34;20m INFO     [0m|[34;20m nipype.workflow  [0m|[34;20m [Node] Finished "_apply_hmc0", elapsed time 23.295488s.[0m
2026-03-27 02:29:07 |[34;20m INFO     [0m|[34;20m nipype.workflow  [0m|[34;20m [Node] Setting-up "_mean0" in "/local/nvme/ds004996_28.784026/ds/tmp/mriqc_wf/funcMRIQC/efd06d4e48efdcb19a84e48f89d85a45cd6b8bb0/mean/mapflow/_mean0".[0m
2026-03-27 02:29:07 |[34;20m INFO     [0m|[34;20m nipype.workflow  [0m|[34;20m [Node] Setting-up "_compute_tsnr0" in "/local/nvme/ds004996_28.784026/ds/tmp/mriqc_wf/funcMRIQC/efd06d4e48efdcb19a84e48f89d85a45cd6b8bb0/compute_tsnr/mapflow/_compute_tsnr0".[0m
2026-03-27 02:29:07 |[34;20m INFO     [0m|[34;20m nipype.workflow  [0m|[34;20m [Node] Executing "_mean0" <nipype.interfaces.afni.utils.TStat>[0m
2026-03-27 02:29:07 |[34;20m INFO     [0m|[34;20m nipype.workflow  [0m|[34;20m [Node] Executing "_compute_tsnr0" <nipype.algorithms.confounds.TSNR>[0m
2026-03-27 02:29:07 |[34;20m INFO     [0m|[34;20m nipype.workflow  [0m|[34;20m [Node] Setting-up "_quality0" in "/local/nvme/ds004996_28.784026/ds/tmp/mriqc_wf/funcMRIQC/ComputeIQMs/efd06d4e48efdcb19a84e48f89d85a45cd6b8bb0/quality/mapflow/_quality0".[0m
2026-03-27 02:29:07 |[34;20m INFO     [0m|[34;20m nipype.workflow  [0m|[34;20m [Node] Executing "_quality0" <nipype.interfaces.afni.preprocess.QualityIndex>[0m
2026-03-27 02:29:10 |[34;20m INFO     [0m|[34;20m nipype.workflow  [0m|[34;20m [Node] Finished "_compute_tsnr0", elapsed time 2.95473s.[0m
2026-03-27 02:29:11 |[34;20m INFO     [0m|[34;20m nipype.workflow  [0m|[34;20m [Node] Finished "_mean0", elapsed time 3.592357s.[0m
2026-03-27 02:29:11 |[34;20m INFO     [0m|[34;20m nipype.workflow  [0m|[34;20m [Node] Setting-up "mriqc_wf.funcMRIQC.synthstrip_wf.pre_clip" in "/local/nvme/ds004996_28.784026/ds/tmp/mriqc_wf/funcMRIQC/synthstrip_wf/efd06d4e48efdcb19a84e48f89d85a45cd6b8bb0/pre_clip".[0m
2026-03-27 02:29:11 |[34;20m INFO     [0m|[34;20m nipype.workflow  [0m|[34;20m [Node] Executing "pre_clip" <niworkflows.interfaces.nibabel.IntensityClip>[0m
2026-03-27 02:29:11 |[34;20m INFO     [0m|[34;20m nipype.workflow  [0m|[34;20m [Node] Setting-up "_PlotMosaicMean0" in "/local/nvme/ds004996_28.784026/ds/tmp/mriqc_wf/funcMRIQC/func_report_wf/efd06d4e48efdcb19a84e48f89d85a45cd6b8bb0/PlotMosaicMean/mapflow/_PlotMosaicMean0".[0m
2026-03-27 02:29:11 |[34;20m INFO     [0m|[34;20m nipype.workflow  [0m|[34;20m [Node] Executing "_PlotMosaicMean0" <nireports.interfaces.mosaic.PlotMosaic>[0m
2026-03-27 02:29:11 |[34;20m INFO     [0m|[34;20m nipype.workflow  [0m|[34;20m [Node] Setting-up "mriqc_wf.funcMRIQC.SpatialNormalization.SharpenEPI" in "/local/nvme/ds004996_28.784026/ds/tmp/mriqc_wf/funcMRIQC/SpatialNormalization/efd06d4e48efdcb19a84e48f89d85a45cd6b8bb0/SharpenEPI".[0m
2026-03-27 02:29:11 |[34;20m INFO     [0m|[34;20m nipype.workflow  [0m|[34;20m [Node] Setting-up "_PlotMosaicNoise0" in "/local/nvme/ds004996_28.784026/ds/tmp/mriqc_wf/funcMRIQC/func_report_wf/efd06d4e48efdcb19a84e48f89d85a45cd6b8bb0/PlotMosaicNoise/mapflow/_PlotMosaicNoise0".[0m
2026-03-27 02:29:11 |[34;20m INFO     [0m|[34;20m nipype.workflow  [0m|[34;20m [Node] Executing "_PlotMosaicNoise0" <nireports.interfaces.mosaic.PlotMosaic>[0m
2026-03-27 02:29:11 |[34;20m INFO     [0m|[34;20m nipype.workflow  [0m|[34;20m [Node] Executing "SharpenEPI" <nipype.interfaces.ants.segmentation.N4BiasFieldCorrection>[0m
2026-03-27 02:29:11 |[34;20m INFO     [0m|[34;20m nipype.workflow  [0m|[34;20m [Node] Setting-up "_PlotMosaicSD0" in "/local/nvme/ds004996_28.784026/ds/tmp/mriqc_wf/funcMRIQC/func_report_wf/efd06d4e48efdcb19a84e48f89d85a45cd6b8bb0/PlotMosaicSD/mapflow/_PlotMosaicSD0".[0m
2026-03-27 02:29:11 |[34;20m INFO     [0m|[34;20m nipype.workflow  [0m|[34;20m [Node] Executing "_PlotMosaicSD0" <nireports.interfaces.mosaic.PlotMosaic>[0m
2026-03-27 02:29:12 |[34;20m INFO     [0m|[34;20m nipype.workflow  [0m|[34;20m [Node] Finished "pre_clip", elapsed time 0.838523s.[0m
2026-03-27 02:29:13 |[34;20m INFO     [0m|[34;20m nipype.workflow  [0m|[34;20m [Node] Finished "_PlotMosaicMean0", elapsed time 1.893828s.[0m
2026-03-27 02:29:13 |[34;20m INFO     [0m|[34;20m nipype.workflow  [0m|[34;20m [Node] Finished "_PlotMosaicNoise0", elapsed time 1.941488s.[0m
2026-03-27 02:29:13 |[34;20m INFO     [0m|[34;20m nipype.workflow  [0m|[34;20m [Node] Finished "_PlotMosaicSD0", elapsed time 2.04597s.[0m
2026-03-27 02:29:15 |[34;20m INFO     [0m|[34;20m nipype.workflow  [0m|[34;20m [Node] Setting-up "_ds_report_mean0" in "/local/nvme/ds004996_28.784026/ds/tmp/mriqc_wf/funcMRIQC/func_report_wf/efd06d4e48efdcb19a84e48f89d85a45cd6b8bb0/ds_report_mean/mapflow/_ds_report_mean0".[0m
2026-03-27 02:29:15 |[34;20m INFO     [0m|[34;20m nipype.workflow  [0m|[34;20m [Node] Executing "_ds_report_mean0" <mriqc.interfaces.DerivativesDataSink>[0m
2026-03-27 02:29:15 |[34;20m INFO     [0m|[34;20m nipype.workflow  [0m|[34;20m [Node] Finished "_ds_report_mean0", elapsed time 0.005585s.[0m
2026-03-27 02:29:16 |[34;20m INFO     [0m|[34;20m nipype.workflow  [0m|[34;20m [Node] Setting-up "_ds_report_background0" in "/local/nvme/ds004996_28.784026/ds/tmp/mriqc_wf/funcMRIQC/func_report_wf/efd06d4e48efdcb19a84e48f89d85a45cd6b8bb0/ds_report_background/mapflow/_ds_report_background0".[0m
2026-03-27 02:29:16 |[34;20m INFO     [0m|[34;20m nipype.workflow  [0m|[34;20m [Node] Executing "_ds_report_background0" <mriqc.interfaces.DerivativesDataSink>[0m
2026-03-27 02:29:16 |[34;20m INFO     [0m|[34;20m nipype.workflow  [0m|[34;20m [Node] Finished "_ds_report_background0", elapsed time 0.005268s.[0m
2026-03-27 02:29:16 |[34;20m INFO     [0m|[34;20m nipype.workflow  [0m|[34;20m [Node] Setting-up "_ds_report_stdev0" in "/local/nvme/ds004996_28.784026/ds/tmp/mriqc_wf/funcMRIQC/func_report_wf/efd06d4e48efdcb19a84e48f89d85a45cd6b8bb0/ds_report_stdev/mapflow/_ds_report_stdev0".[0m
2026-03-27 02:29:16 |[34;20m INFO     [0m|[34;20m nipype.workflow  [0m|[34;20m [Node] Executing "_ds_report_stdev0" <mriqc.interfaces.DerivativesDataSink>[0m
2026-03-27 02:29:16 |[34;20m INFO     [0m|[34;20m nipype.workflow  [0m|[34;20m [Node] Finished "_ds_report_stdev0", elapsed time 0.005761s.[0m
2026-03-27 02:29:16 |[34;20m INFO     [0m|[34;20m nipype.workflow  [0m|[34;20m [Node] Finished "SharpenEPI", elapsed time 4.897145s.[0m
2026-03-27 02:29:20 |[34;20m INFO     [0m|[34;20m nipype.workflow  [0m|[34;20m [Node] Finished "_quality0", elapsed time 12.85164s.[0m
2026-03-27 02:29:21 |[34;20m INFO     [0m|[34;20m nipype.workflow  [0m|[34;20m [Node] Setting-up "mriqc_wf.funcMRIQC.synthstrip_wf.pre_n4" in "/local/nvme/ds004996_28.784026/ds/tmp/mriqc_wf/funcMRIQC/synthstrip_wf/21ea7e8db05c236cd8a44099f065877519c8e1f2/pre_n4".[0m
2026-03-27 02:29:21 |[34;20m INFO     [0m|[34;20m nipype.workflow  [0m|[34;20m [Node] Executing "pre_n4" <nipype.interfaces.ants.segmentation.N4BiasFieldCorrection>[0m
2026-03-27 02:29:23 |[34;20m INFO     [0m|[34;20m nipype.workflow  [0m|[34;20m [Node] Finished "pre_n4", elapsed time 1.442707s.[0m
2026-03-27 02:29:23 |[34;20m INFO     [0m|[34;20m nipype.workflow  [0m|[34;20m [Node] Setting-up "mriqc_wf.funcMRIQC.synthstrip_wf.pre_n4" in "/local/nvme/ds004996_28.784026/ds/tmp/mriqc_wf/funcMRIQC/synthstrip_wf/4ffce63a368ba2746cba9304f0910fe9f69f2d55/pre_n4".[0m
2026-03-27 02:29:23 |[34;20m INFO     [0m|[34;20m nipype.workflow  [0m|[34;20m [Node] Executing "pre_n4" <nipype.interfaces.ants.segmentation.N4BiasFieldCorrection>[0m
2026-03-27 02:29:25 |[34;20m INFO     [0m|[34;20m nipype.workflow  [0m|[34;20m [Node] Finished "pre_n4", elapsed time 1.40339s.[0m
2026-03-27 02:29:25 |[34;20m INFO     [0m|[34;20m nipype.workflow  [0m|[34;20m [Node] Setting-up "mriqc_wf.funcMRIQC.synthstrip_wf.pre_n4" in "/local/nvme/ds004996_28.784026/ds/tmp/mriqc_wf/funcMRIQC/synthstrip_wf/efd06d4e48efdcb19a84e48f89d85a45cd6b8bb0/pre_n4".[0m
2026-03-27 02:29:25 |[34;20m INFO     [0m|[34;20m nipype.workflow  [0m|[34;20m [Node] Executing "pre_n4" <nipype.interfaces.ants.segmentation.N4BiasFieldCorrection>[0m
2026-03-27 02:29:27 |[34;20m INFO     [0m|[34;20m nipype.workflow  [0m|[34;20m [Node] Finished "pre_n4", elapsed time 1.3655300000000001s.[0m
2026-03-27 02:29:28 |[34;20m INFO     [0m|[34;20m nipype.workflow  [0m|[34;20m [Node] Setting-up "mriqc_wf.funcMRIQC.synthstrip_wf.synthstrip" in "/local/nvme/ds004996_28.784026/ds/tmp/mriqc_wf/funcMRIQC/synthstrip_wf/21ea7e8db05c236cd8a44099f065877519c8e1f2/synthstrip".[0m
2026-03-27 02:29:28 |[34;20m INFO     [0m|[34;20m nipype.workflow  [0m|[34;20m [Node] Executing "synthstrip" <mriqc.interfaces.synthstrip.SynthStrip>[0m
2026-03-27 02:29:47 |[34;20m INFO     [0m|[34;20m nipype.workflow  [0m|[34;20m [Node] Finished "synthstrip", elapsed time 19.67871s.[0m
2026-03-27 02:29:48 |[34;20m INFO     [0m|[34;20m nipype.workflow  [0m|[34;20m [Node] Setting-up "mriqc_wf.funcMRIQC.synthstrip_wf.synthstrip" in "/local/nvme/ds004996_28.784026/ds/tmp/mriqc_wf/funcMRIQC/synthstrip_wf/4ffce63a368ba2746cba9304f0910fe9f69f2d55/synthstrip".[0m
2026-03-27 02:29:48 |[34;20m INFO     [0m|[34;20m nipype.workflow  [0m|[34;20m [Node] Executing "synthstrip" <mriqc.interfaces.synthstrip.SynthStrip>[0m
2026-03-27 02:30:09 |[34;20m INFO     [0m|[34;20m nipype.workflow  [0m|[34;20m [Node] Finished "synthstrip", elapsed time 21.575052s.[0m
2026-03-27 02:30:09 |[34;20m INFO     [0m|[34;20m nipype.workflow  [0m|[34;20m [Node] Setting-up "mriqc_wf.funcMRIQC.synthstrip_wf.synthstrip" in "/local/nvme/ds004996_28.784026/ds/tmp/mriqc_wf/funcMRIQC/synthstrip_wf/efd06d4e48efdcb19a84e48f89d85a45cd6b8bb0/synthstrip".[0m
2026-03-27 02:30:09 |[34;20m INFO     [0m|[34;20m nipype.workflow  [0m|[34;20m [Node] Executing "synthstrip" <mriqc.interfaces.synthstrip.SynthStrip>[0m
2026-03-27 02:30:30 |[34;20m INFO     [0m|[34;20m nipype.workflow  [0m|[34;20m [Node] Finished "synthstrip", elapsed time 20.443199s.[0m
2026-03-27 02:30:31 |[34;20m INFO     [0m|[34;20m nipype.workflow  [0m|[34;20m [Node] Setting-up "mriqc_wf.funcMRIQC.synthstrip_wf.post_n4" in "/local/nvme/ds004996_28.784026/ds/tmp/mriqc_wf/funcMRIQC/synthstrip_wf/21ea7e8db05c236cd8a44099f065877519c8e1f2/post_n4".[0m
2026-03-27 02:30:31 |[34;20m INFO     [0m|[34;20m nipype.workflow  [0m|[34;20m [Node] Executing "post_n4" <nipype.interfaces.ants.segmentation.N4BiasFieldCorrection>[0m
2026-03-27 02:30:33 |[34;20m INFO     [0m|[34;20m nipype.workflow  [0m|[34;20m [Node] Finished "post_n4", elapsed time 1.163475s.[0m
2026-03-27 02:30:33 |[34;20m INFO     [0m|[34;20m nipype.workflow  [0m|[34;20m [Node] Setting-up "mriqc_wf.funcMRIQC.SpatialNormalization.EPI2MNI" in "/local/nvme/ds004996_28.784026/ds/tmp/mriqc_wf/funcMRIQC/SpatialNormalization/21ea7e8db05c236cd8a44099f065877519c8e1f2/EPI2MNI".[0m
2026-03-27 02:30:33 |[34;20m INFO     [0m|[34;20m nipype.workflow  [0m|[34;20m [Node] Executing "EPI2MNI" <niworkflows.interfaces.reportlets.registration.SpatialNormalizationRPT>[0m
2026-03-27 02:30:33 |[34;20m INFO     [0m|[34;20m niworkflows      [0m|[34;20m Estimating initial transform using AffineInitializer[0m
2026-03-27 02:30:39 |[34;20m INFO     [0m|[34;20m niworkflows      [0m|[34;20m Terminal outputs of initialization saved (/local/nvme/ds004996_28.784026/ds/tmp/mriqc_wf/funcMRIQC/SpatialNormalization/21ea7e8db05c236cd8a44099f065877519c8e1f2/EPI2MNI/stderr.nipype-init).[0m
2026-03-27 02:30:39 |[34;20m INFO     [0m|[34;20m niworkflows      [0m|[34;20m Loading settings from file /opt/conda/lib/python3.11/site-packages/niworkflows/data/boldref-mni_registration_precise_000.json.[0m
2026-03-27 02:30:39 |[34;20m INFO     [0m|[34;20m niworkflows      [0m|[34;20m Retry #1, commandline: 
antsRegistration --collapse-output-transforms 1 --dimensionality 3 --float 0 --initial-moving-transform [ /local/nvme/ds004996_28.784026/ds/tmp/mriqc_wf/funcMRIQC/SpatialNormalization/21ea7e8db05c236cd8a44099f065877519c8e1f2/EPI2MNI/transform.mat, 0 ] --initialize-transforms-per-stage 0 --interpolation LanczosWindowedSinc --output [ epi_to_mni, epi_to_mni_Warped.nii.gz ] --transform Rigid[ 0.05 ] --metric Mattes[ /templateflow/tpl-MNI152NLin2009cAsym/tpl-MNI152NLin2009cAsym_res-02_desc-fMRIPrep_boldref.nii.gz, /local/nvme/ds004996_28.784026/ds/tmp/mriqc_wf/funcMRIQC/SpatialNormalization/21ea7e8db05c236cd8a44099f065877519c8e1f2/SharpenEPI/sub-28_task-conversation_run-01_bold_desc-realigned_valid_tstat_corrected.nii.gz, 1, 56, Regular, 0.25 ] --convergence [ 10000x1000x100, 1e-06, 20 ] --smoothing-sigmas 4.0x2.0x1.0vox --shrink-factors 4x2x1 --use-histogram-matching 1 --masks [ /templateflow/tpl-MNI152NLin2009cAsym/tpl-MNI152NLin2009cAsym_res-02_desc-brain_mask.nii.gz, /local/nvme/ds004996_28.784026/ds/tmp/mriqc_wf/funcMRIQC/synthstrip_wf/21ea7e8db05c236cd8a44099f065877519c8e1f2/synthstrip/clipped_corrected_desc-brain_mask.nii.gz ] --transform Affine[ 0.08 ] --metric Mattes[ /templateflow/tpl-MNI152NLin2009cAsym/tpl-MNI152NLin2009cAsym_res-02_desc-fMRIPrep_boldref.nii.gz, /local/nvme/ds004996_28.784026/ds/tmp/mriqc_wf/funcMRIQC/SpatialNormalization/21ea7e8db05c236cd8a44099f065877519c8e1f2/SharpenEPI/sub-28_task-conversation_run-01_bold_desc-realigned_valid_tstat_corrected.nii.gz, 1, 56, Regular, 0.25 ] --convergence [ 500x250x100, 1e-06, 20 ] --smoothing-sigmas 4.0x2.0x1.0vox --shrink-factors 8x4x2 --use-histogram-matching 1 --masks [ /templateflow/tpl-MNI152NLin2009cAsym/tpl-MNI152NLin2009cAsym_res-02_desc-brain_mask.nii.gz, /local/nvme/ds004996_28.784026/ds/tmp/mriqc_wf/funcMRIQC/synthstrip_wf/21ea7e8db05c236cd8a44099f065877519c8e1f2/synthstrip/clipped_corrected_desc-brain_mask.nii.gz ] --transform SyN[ 0.1, 3.0, 0.0 ] --metric CC[ /templateflow/tpl-MNI152NLin2009cAsym/tpl-MNI152NLin2009cAsym_res-02_desc-fMRIPrep_boldref.nii.gz, /local/nvme/ds004996_28.784026/ds/tmp/mriqc_wf/funcMRIQC/SpatialNormalization/21ea7e8db05c236cd8a44099f065877519c8e1f2/SharpenEPI/sub-28_task-conversation_run-01_bold_desc-realigned_valid_tstat_corrected.nii.gz, 1, 4, None, 1 ] --convergence [ 100x30x20, 1e-06, 10 ] --smoothing-sigmas 3.0x2.0x1.0vox --shrink-factors 8x4x2 --use-histogram-matching 1 --masks [ /templateflow/tpl-MNI152NLin2009cAsym/tpl-MNI152NLin2009cAsym_res-02_desc-brain_mask.nii.gz, /local/nvme/ds004996_28.784026/ds/tmp/mriqc_wf/funcMRIQC/synthstrip_wf/21ea7e8db05c236cd8a44099f065877519c8e1f2/synthstrip/clipped_corrected_desc-brain_mask.nii.gz ] --winsorize-image-intensities [ 0.005, 0.995 ]  --write-composite-transform 1[0m
2026-03-27 02:30:52 |[34;20m INFO     [0m|[34;20m niworkflows      [0m|[34;20m Successful spatial normalization (retry #1).[0m
2026-03-27 02:30:52 |[34;20m INFO     [0m|[34;20m niworkflows      [0m|[34;20m Report - setting fixed (/templateflow/tpl-MNI152NLin2009cAsym/tpl-MNI152NLin2009cAsym_res-02_desc-fMRIPrep_boldref.nii.gz) and moving (/local/nvme/ds004996_28.784026/ds/tmp/mriqc_wf/funcMRIQC/SpatialNormalization/21ea7e8db05c236cd8a44099f065877519c8e1f2/EPI2MNI/epi_to_mni_Warped.nii.gz) images[0m
2026-03-27 02:30:52 |[34;20m INFO     [0m|[34;20m niworkflows      [0m|[34;20m Generating visual report[0m
2026-03-27 02:31:11 |[34;20m INFO     [0m|[34;20m nipype.workflow  [0m|[34;20m [Node] Finished "EPI2MNI", elapsed time 37.922597s.[0m
2026-03-27 02:31:13 |[34;20m INFO     [0m|[34;20m nipype.workflow  [0m|[34;20m [Node] Setting-up "mriqc_wf.funcMRIQC.func_report_wf.dilated_mask" in "/local/nvme/ds004996_28.784026/ds/tmp/mriqc_wf/funcMRIQC/func_report_wf/21ea7e8db05c236cd8a44099f065877519c8e1f2/dilated_mask".[0m
2026-03-27 02:31:13 |[34;20m INFO     [0m|[34;20m nipype.workflow  [0m|[34;20m [Node] Setting-up "_smoothness0" in "/local/nvme/ds004996_28.784026/ds/tmp/mriqc_wf/funcMRIQC/ComputeIQMs/21ea7e8db05c236cd8a44099f065877519c8e1f2/smoothness/mapflow/_smoothness0".[0m
2026-03-27 02:31:13 |[34;20m INFO     [0m|[34;20m nipype.workflow  [0m|[34;20m [Node] Setting-up "_ComputeDVARS0" in "/local/nvme/ds004996_28.784026/ds/tmp/mriqc_wf/funcMRIQC/ComputeIQMs/21ea7e8db05c236cd8a44099f065877519c8e1f2/ComputeDVARS/mapflow/_ComputeDVARS0".[0m
2026-03-27 02:31:13 |[34;20m INFO     [0m|[34;20m nipype.workflow  [0m|[34;20m [Node] Executing "dilated_mask" <niworkflows.interfaces.morphology.BinaryDilation>[0m
2026-03-27 02:31:13 |[34;20m INFO     [0m|[34;20m nipype.workflow  [0m|[34;20m [Node] Setting-up "mriqc_wf.funcMRIQC.func_report_wf.PlotBrainmask" in "/local/nvme/ds004996_28.784026/ds/tmp/mriqc_wf/funcMRIQC/func_report_wf/21ea7e8db05c236cd8a44099f065877519c8e1f2/PlotBrainmask".[0m
2026-03-27 02:31:13 |[34;20m INFO     [0m|[34;20m nipype.workflow  [0m|[34;20m [Node] Executing "_smoothness0" <nipype.interfaces.afni.utils.FWHMx>[0m
2026-03-27 02:31:13 |[34;20m INFO     [0m|[34;20m nipype.workflow  [0m|[34;20m [Node] Setting-up "_outliers0" in "/local/nvme/ds004996_28.784026/ds/tmp/mriqc_wf/funcMRIQC/ComputeIQMs/21ea7e8db05c236cd8a44099f065877519c8e1f2/outliers/mapflow/_outliers0".[0m
2026-03-27 02:31:13 |[34;20m INFO     [0m|[34;20m nipype.workflow  [0m|[34;20m [Node] Executing "_ComputeDVARS0" <nipype.algorithms.confounds.ComputeDVARS>[0m
2026-03-27 02:31:13 |[34;20m INFO     [0m|[34;20m nipype.workflow  [0m|[34;20m [Node] Setting-up "_gcor0" in "/local/nvme/ds004996_28.784026/ds/tmp/mriqc_wf/funcMRIQC/ComputeIQMs/21ea7e8db05c236cd8a44099f065877519c8e1f2/gcor/mapflow/_gcor0".[0m
2026-03-27 02:31:13 |[34;20m INFO     [0m|[34;20m nipype.workflow  [0m|[34;20m [Node] Executing "_outliers0" <nipype.interfaces.afni.preprocess.OutlierCount>[0m
2026-03-27 02:31:13 |[34;20m INFO     [0m|[34;20m nipype.workflow  [0m|[34;20m [Node] Setting-up "_PlotMosaicZoomed0" in "/local/nvme/ds004996_28.784026/ds/tmp/mriqc_wf/funcMRIQC/func_report_wf/21ea7e8db05c236cd8a44099f065877519c8e1f2/PlotMosaicZoomed/mapflow/_PlotMosaicZoomed0".[0m
2026-03-27 02:31:13 |[34;20m INFO     [0m|[34;20m nipype.workflow  [0m|[34;20m [Node] Executing "PlotBrainmask" <nireports.interfaces.mosaic.PlotContours>[0m
2026-03-27 02:31:13 |[34;20m INFO     [0m|[34;20m nipype.workflow  [0m|[34;20m [Node] Executing "_gcor0" <mriqc.interfaces.transitional.GCOR>[0m
2026-03-27 02:31:13 |[34;20m INFO     [0m|[34;20m nipype.workflow  [0m|[34;20m [Node] Executing "_PlotMosaicZoomed0" <nireports.interfaces.mosaic.PlotMosaic>[0m
2026-03-27 02:31:13 |[34;20m INFO     [0m|[34;20m nipype.workflow  [0m|[34;20m [Node] Setting-up "_ComputeDVARS0" in "/local/nvme/ds004996_28.784026/ds/tmp/mriqc_wf/funcMRIQC/ComputeIQMs/4ffce63a368ba2746cba9304f0910fe9f69f2d55/ComputeDVARS/mapflow/_ComputeDVARS0".[0m
2026-03-27 02:31:13 |[34;20m INFO     [0m|[34;20m nipype.workflow  [0m|[34;20m [Node] Executing "_ComputeDVARS0" <nipype.algorithms.confounds.ComputeDVARS>[0m
2026-03-27 02:31:13 |[34;20m INFO     [0m|[34;20m nipype.workflow  [0m|[34;20m [Node] Finished "dilated_mask", elapsed time 0.048012s.[0m
2026-03-27 02:31:14 |[34;20m INFO     [0m|[34;20m nipype.workflow  [0m|[34;20m [Node] Finished "_smoothness0", elapsed time 0.796469s.[0m
2026-03-27 02:31:15 |[34;20m INFO     [0m|[34;20m nipype.workflow  [0m|[34;20m [Node] Finished "PlotBrainmask", elapsed time 1.464131s.[0m
2026-03-27 02:31:15 |[34;20m INFO     [0m|[34;20m nipype.workflow  [0m|[34;20m [Node] Finished "_PlotMosaicZoomed0", elapsed time 1.637617s.[0m
2026-03-27 02:31:15 |[34;20m INFO     [0m|[34;20m nipype.workflow  [0m|[34;20m [Node] Setting-up "mriqc_wf.funcMRIQC.func_report_wf.dilated_mask" in "/local/nvme/ds004996_28.784026/ds/tmp/mriqc_wf/funcMRIQC/func_report_wf/4ffce63a368ba2746cba9304f0910fe9f69f2d55/dilated_mask".[0m
2026-03-27 02:31:15 |[34;20m INFO     [0m|[34;20m nipype.workflow  [0m|[34;20m [Node] Setting-up "_smoothness0" in "/local/nvme/ds004996_28.784026/ds/tmp/mriqc_wf/funcMRIQC/ComputeIQMs/4ffce63a368ba2746cba9304f0910fe9f69f2d55/smoothness/mapflow/_smoothness0".[0m
2026-03-27 02:31:15 |[34;20m INFO     [0m|[34;20m nipype.workflow  [0m|[34;20m [Node] Executing "_smoothness0" <nipype.interfaces.afni.utils.FWHMx>[0m
2026-03-27 02:31:15 |[34;20m INFO     [0m|[34;20m nipype.workflow  [0m|[34;20m [Node] Setting-up "_gcor0" in "/local/nvme/ds004996_28.784026/ds/tmp/mriqc_wf/funcMRIQC/ComputeIQMs/4ffce63a368ba2746cba9304f0910fe9f69f2d55/gcor/mapflow/_gcor0".[0m
2026-03-27 02:31:15 |[34;20m INFO     [0m|[34;20m nipype.workflow  [0m|[34;20m [Node] Setting-up "_outliers0" in "/local/nvme/ds004996_28.784026/ds/tmp/mriqc_wf/funcMRIQC/ComputeIQMs/4ffce63a368ba2746cba9304f0910fe9f69f2d55/outliers/mapflow/_outliers0".[0m
2026-03-27 02:31:15 |[34;20m INFO     [0m|[34;20m nipype.workflow  [0m|[34;20m [Node] Executing "dilated_mask" <niworkflows.interfaces.morphology.BinaryDilation>[0m
2026-03-27 02:31:15 |[34;20m INFO     [0m|[34;20m nipype.workflow  [0m|[34;20m [Node] Executing "_gcor0" <mriqc.interfaces.transitional.GCOR>[0m
2026-03-27 02:31:15 |[34;20m INFO     [0m|[34;20m nipype.workflow  [0m|[34;20m [Node] Executing "_outliers0" <nipype.interfaces.afni.preprocess.OutlierCount>[0m
2026-03-27 02:31:15 |[34;20m INFO     [0m|[34;20m nipype.workflow  [0m|[34;20m [Node] Finished "dilated_mask", elapsed time 0.050183s.[0m
2026-03-27 02:31:16 |[34;20m INFO     [0m|[34;20m nipype.workflow  [0m|[34;20m [Node] Finished "_smoothness0", elapsed time 0.703083s.[0m
2026-03-27 02:31:17 |[34;20m INFO     [0m|[34;20m nipype.workflow  [0m|[34;20m [Node] Setting-up "mriqc_wf.funcMRIQC.func_report_wf.PlotBrainmask" in "/local/nvme/ds004996_28.784026/ds/tmp/mriqc_wf/funcMRIQC/func_report_wf/4ffce63a368ba2746cba9304f0910fe9f69f2d55/PlotBrainmask".[0m
2026-03-27 02:31:17 |[34;20m INFO     [0m|[34;20m nipype.workflow  [0m|[34;20m [Node] Executing "PlotBrainmask" <nireports.interfaces.mosaic.PlotContours>[0m
2026-03-27 02:31:17 |[34;20m INFO     [0m|[34;20m nipype.workflow  [0m|[34;20m [Node] Setting-up "_PlotMosaicZoomed0" in "/local/nvme/ds004996_28.784026/ds/tmp/mriqc_wf/funcMRIQC/func_report_wf/4ffce63a368ba2746cba9304f0910fe9f69f2d55/PlotMosaicZoomed/mapflow/_PlotMosaicZoomed0".[0m
2026-03-27 02:31:17 |[34;20m INFO     [0m|[34;20m nipype.workflow  [0m|[34;20m [Node] Executing "_PlotMosaicZoomed0" <nireports.interfaces.mosaic.PlotMosaic>[0m
2026-03-27 02:31:19 |[34;20m INFO     [0m|[34;20m nipype.workflow  [0m|[34;20m [Node] Finished "_outliers0", elapsed time 5.083868s.[0m
2026-03-27 02:31:19 |[34;20m INFO     [0m|[34;20m nipype.workflow  [0m|[34;20m [Node] Finished "PlotBrainmask", elapsed time 1.508119s.[0m
2026-03-27 02:31:19 |[34;20m INFO     [0m|[34;20m nipype.workflow  [0m|[34;20m [Node] Finished "_PlotMosaicZoomed0", elapsed time 1.793314s.[0m
2026-03-27 02:31:19 |[34;20m INFO     [0m|[34;20m nipype.workflow  [0m|[34;20m [Node] Setting-up "_ComputeDVARS0" in "/local/nvme/ds004996_28.784026/ds/tmp/mriqc_wf/funcMRIQC/ComputeIQMs/efd06d4e48efdcb19a84e48f89d85a45cd6b8bb0/ComputeDVARS/mapflow/_ComputeDVARS0".[0m
2026-03-27 02:31:19 |[34;20m INFO     [0m|[34;20m nipype.workflow  [0m|[34;20m [Node] Executing "_ComputeDVARS0" <nipype.algorithms.confounds.ComputeDVARS>[0m
2026-03-27 02:31:19 |[34;20m INFO     [0m|[34;20m nipype.workflow  [0m|[34;20m [Node] Setting-up "_smoothness0" in "/local/nvme/ds004996_28.784026/ds/tmp/mriqc_wf/funcMRIQC/ComputeIQMs/efd06d4e48efdcb19a84e48f89d85a45cd6b8bb0/smoothness/mapflow/_smoothness0".[0m
2026-03-27 02:31:19 |[34;20m INFO     [0m|[34;20m nipype.workflow  [0m|[34;20m [Node] Setting-up "_outliers0" in "/local/nvme/ds004996_28.784026/ds/tmp/mriqc_wf/funcMRIQC/ComputeIQMs/efd06d4e48efdcb19a84e48f89d85a45cd6b8bb0/outliers/mapflow/_outliers0".[0m
2026-03-27 02:31:19 |[34;20m INFO     [0m|[34;20m nipype.workflow  [0m|[34;20m [Node] Executing "_smoothness0" <nipype.interfaces.afni.utils.FWHMx>[0m
2026-03-27 02:31:19 |[34;20m INFO     [0m|[34;20m nipype.workflow  [0m|[34;20m [Node] Executing "_outliers0" <nipype.interfaces.afni.preprocess.OutlierCount>[0m
2026-03-27 02:31:20 |[34;20m INFO     [0m|[34;20m nipype.workflow  [0m|[34;20m [Node] Finished "_outliers0", elapsed time 4.61523s.[0m
2026-03-27 02:31:20 |[34;20m INFO     [0m|[34;20m nipype.workflow  [0m|[34;20m [Node] Finished "_smoothness0", elapsed time 0.700301s.[0m
2026-03-27 02:31:21 |[34;20m INFO     [0m|[34;20m nipype.workflow  [0m|[34;20m [Node] Setting-up "mriqc_wf.funcMRIQC.func_report_wf.dilated_mask" in "/local/nvme/ds004996_28.784026/ds/tmp/mriqc_wf/funcMRIQC/func_report_wf/efd06d4e48efdcb19a84e48f89d85a45cd6b8bb0/dilated_mask".[0m
2026-03-27 02:31:21 |[34;20m INFO     [0m|[34;20m nipype.workflow  [0m|[34;20m [Node] Executing "dilated_mask" <niworkflows.interfaces.morphology.BinaryDilation>[0m
2026-03-27 02:31:21 |[34;20m INFO     [0m|[34;20m nipype.workflow  [0m|[34;20m [Node] Setting-up "_gcor0" in "/local/nvme/ds004996_28.784026/ds/tmp/mriqc_wf/funcMRIQC/ComputeIQMs/efd06d4e48efdcb19a84e48f89d85a45cd6b8bb0/gcor/mapflow/_gcor0".[0m
2026-03-27 02:31:21 |[34;20m INFO     [0m|[34;20m nipype.workflow  [0m|[34;20m [Node] Executing "_gcor0" <mriqc.interfaces.transitional.GCOR>[0m
2026-03-27 02:31:21 |[34;20m INFO     [0m|[34;20m nipype.workflow  [0m|[34;20m [Node] Finished "dilated_mask", elapsed time 0.033129s.[0m
2026-03-27 02:31:23 |[34;20m INFO     [0m|[34;20m nipype.workflow  [0m|[34;20m [Node] Finished "_gcor0", elapsed time 9.738214s.[0m
2026-03-27 02:31:23 |[34;20m INFO     [0m|[34;20m nipype.workflow  [0m|[34;20m [Node] Setting-up "mriqc_wf.funcMRIQC.func_report_wf.PlotBrainmask" in "/local/nvme/ds004996_28.784026/ds/tmp/mriqc_wf/funcMRIQC/func_report_wf/efd06d4e48efdcb19a84e48f89d85a45cd6b8bb0/PlotBrainmask".[0m
2026-03-27 02:31:23 |[34;20m INFO     [0m|[34;20m nipype.workflow  [0m|[34;20m [Node] Executing "PlotBrainmask" <nireports.interfaces.mosaic.PlotContours>[0m
2026-03-27 02:31:23 |[34;20m INFO     [0m|[34;20m nipype.workflow  [0m|[34;20m [Node] Setting-up "_PlotMosaicZoomed0" in "/local/nvme/ds004996_28.784026/ds/tmp/mriqc_wf/funcMRIQC/func_report_wf/efd06d4e48efdcb19a84e48f89d85a45cd6b8bb0/PlotMosaicZoomed/mapflow/_PlotMosaicZoomed0".[0m
2026-03-27 02:31:23 |[34;20m INFO     [0m|[34;20m nipype.workflow  [0m|[34;20m [Node] Executing "_PlotMosaicZoomed0" <nireports.interfaces.mosaic.PlotMosaic>[0m
2026-03-27 02:31:24 |[34;20m INFO     [0m|[34;20m nipype.workflow  [0m|[34;20m [Node] Finished "_outliers0", elapsed time 4.796313s.[0m
2026-03-27 02:31:25 |[34;20m INFO     [0m|[34;20m nipype.workflow  [0m|[34;20m [Node] Finished "_gcor0", elapsed time 9.187948s.[0m
2026-03-27 02:31:25 |[34;20m INFO     [0m|[34;20m nipype.workflow  [0m|[34;20m [Node] Finished "PlotBrainmask", elapsed time 1.275447s.[0m
2026-03-27 02:31:25 |[34;20m INFO     [0m|[34;20m nipype.workflow  [0m|[34;20m [Node] Finished "_PlotMosaicZoomed0", elapsed time 1.769996s.[0m
2026-03-27 02:31:25 |[34;20m INFO     [0m|[34;20m nipype.workflow  [0m|[34;20m [Node] Setting-up "mriqc_wf.funcMRIQC.func_report_wf.ds_report_norm" in "/local/nvme/ds004996_28.784026/ds/tmp/mriqc_wf/funcMRIQC/func_report_wf/21ea7e8db05c236cd8a44099f065877519c8e1f2/ds_report_norm".[0m
2026-03-27 02:31:25 |[34;20m INFO     [0m|[34;20m nipype.workflow  [0m|[34;20m [Node] Setting-up "mriqc_wf.funcMRIQC.SpatialNormalization.ResampleSegmentation" in "/local/nvme/ds004996_28.784026/ds/tmp/mriqc_wf/funcMRIQC/SpatialNormalization/21ea7e8db05c236cd8a44099f065877519c8e1f2/ResampleSegmentation".[0m
2026-03-27 02:31:25 |[34;20m INFO     [0m|[34;20m nipype.workflow  [0m|[34;20m [Node] Setting-up "mriqc_wf.funcMRIQC.synthstrip_wf.final_masked" in "/local/nvme/ds004996_28.784026/ds/tmp/mriqc_wf/funcMRIQC/synthstrip_wf/21ea7e8db05c236cd8a44099f065877519c8e1f2/final_masked".[0m
2026-03-27 02:31:25 |[34;20m INFO     [0m|[34;20m nipype.workflow  [0m|[34;20m [Node] Executing "final_masked" <niworkflows.interfaces.nibabel.ApplyMask>[0m
2026-03-27 02:31:25 |[34;20m INFO     [0m|[34;20m nipype.workflow  [0m|[34;20m [Node] Executing "ResampleSegmentation" <nipype.interfaces.ants.resampling.ApplyTransforms>[0m
2026-03-27 02:31:25 |[34;20m INFO     [0m|[34;20m nipype.workflow  [0m|[34;20m [Node] Executing "ds_report_norm" <mriqc.interfaces.DerivativesDataSink>[0m
2026-03-27 02:31:25 |[34;20m INFO     [0m|[34;20m nipype.workflow  [0m|[34;20m [Node] Finished "ds_report_norm", elapsed time 0.006675s.[0m
2026-03-27 02:31:25 |[34;20m INFO     [0m|[34;20m nipype.workflow  [0m|[34;20m [Node] Finished "final_masked", elapsed time 0.036565s.[0m
2026-03-27 02:31:26 |[34;20m INFO     [0m|[34;20m nipype.workflow  [0m|[34;20m [Node] Setting-up "mriqc_wf.funcMRIQC.func_report_wf.subtract_mask" in "/local/nvme/ds004996_28.784026/ds/tmp/mriqc_wf/funcMRIQC/func_report_wf/21ea7e8db05c236cd8a44099f065877519c8e1f2/subtract_mask".[0m
2026-03-27 02:31:26 |[34;20m INFO     [0m|[34;20m nipype.workflow  [0m|[34;20m [Node] Executing "subtract_mask" <niworkflows.interfaces.morphology.BinarySubtraction>[0m
2026-03-27 02:31:26 |[34;20m INFO     [0m|[34;20m nipype.workflow  [0m|[34;20m [Node] Setting-up "_ds_report_zoomed0" in "/local/nvme/ds004996_28.784026/ds/tmp/mriqc_wf/funcMRIQC/func_report_wf/21ea7e8db05c236cd8a44099f065877519c8e1f2/ds_report_zoomed/mapflow/_ds_report_zoomed0".[0m
2026-03-27 02:31:26 |[34;20m INFO     [0m|[34;20m nipype.workflow  [0m|[34;20m [Node] Executing "_ds_report_zoomed0" <mriqc.interfaces.DerivativesDataSink>[0m
2026-03-27 02:31:26 |[34;20m INFO     [0m|[34;20m nipype.workflow  [0m|[34;20m [Node] Finished "_ds_report_zoomed0", elapsed time 0.005575s.[0m
2026-03-27 02:31:26 |[34;20m INFO     [0m|[34;20m nipype.workflow  [0m|[34;20m [Node] Finished "subtract_mask", elapsed time 0.013189s.[0m
2026-03-27 02:31:26 |[34;20m INFO     [0m|[34;20m nipype.workflow  [0m|[34;20m [Node] Setting-up "mriqc_wf.funcMRIQC.func_report_wf.ds_report_bmask" in "/local/nvme/ds004996_28.784026/ds/tmp/mriqc_wf/funcMRIQC/func_report_wf/21ea7e8db05c236cd8a44099f065877519c8e1f2/ds_report_bmask".[0m
2026-03-27 02:31:26 |[34;20m INFO     [0m|[34;20m nipype.workflow  [0m|[34;20m [Node] Executing "ds_report_bmask" <mriqc.interfaces.DerivativesDataSink>[0m
2026-03-27 02:31:26 |[34;20m INFO     [0m|[34;20m nipype.workflow  [0m|[34;20m [Node] Finished "ds_report_bmask", elapsed time 0.006231s.[0m
2026-03-27 02:31:26 |[34;20m INFO     [0m|[34;20m nipype.workflow  [0m|[34;20m [Node] Setting-up "mriqc_wf.funcMRIQC.func_report_wf.subtract_mask" in "/local/nvme/ds004996_28.784026/ds/tmp/mriqc_wf/funcMRIQC/func_report_wf/4ffce63a368ba2746cba9304f0910fe9f69f2d55/subtract_mask".[0m
2026-03-27 02:31:26 |[34;20m INFO     [0m|[34;20m nipype.workflow  [0m|[34;20m [Node] Executing "subtract_mask" <niworkflows.interfaces.morphology.BinarySubtraction>[0m
2026-03-27 02:31:26 |[34;20m INFO     [0m|[34;20m nipype.workflow  [0m|[34;20m [Node] Finished "subtract_mask", elapsed time 0.020997s.[0m
2026-03-27 02:31:27 |[34;20m INFO     [0m|[34;20m nipype.workflow  [0m|[34;20m [Node] Setting-up "_ds_report_zoomed0" in "/local/nvme/ds004996_28.784026/ds/tmp/mriqc_wf/funcMRIQC/func_report_wf/4ffce63a368ba2746cba9304f0910fe9f69f2d55/ds_report_zoomed/mapflow/_ds_report_zoomed0".[0m
2026-03-27 02:31:27 |[34;20m INFO     [0m|[34;20m nipype.workflow  [0m|[34;20m [Node] Executing "_ds_report_zoomed0" <mriqc.interfaces.DerivativesDataSink>[0m
2026-03-27 02:31:27 |[34;20m INFO     [0m|[34;20m nipype.workflow  [0m|[34;20m [Node] Finished "_ds_report_zoomed0", elapsed time 0.005785s.[0m
2026-03-27 02:31:28 |[34;20m INFO     [0m|[34;20m nipype.workflow  [0m|[34;20m [Node] Setting-up "mriqc_wf.funcMRIQC.func_report_wf.ds_report_bmask" in "/local/nvme/ds004996_28.784026/ds/tmp/mriqc_wf/funcMRIQC/func_report_wf/4ffce63a368ba2746cba9304f0910fe9f69f2d55/ds_report_bmask".[0m
2026-03-27 02:31:28 |[34;20m INFO     [0m|[34;20m nipype.workflow  [0m|[34;20m [Node] Executing "ds_report_bmask" <mriqc.interfaces.DerivativesDataSink>[0m
2026-03-27 02:31:28 |[34;20m INFO     [0m|[34;20m nipype.workflow  [0m|[34;20m [Node] Finished "ds_report_bmask", elapsed time 0.005553s.[0m
2026-03-27 02:31:28 |[34;20m INFO     [0m|[34;20m nipype.workflow  [0m|[34;20m [Node] Setting-up "mriqc_wf.funcMRIQC.func_report_wf.subtract_mask" in "/local/nvme/ds004996_28.784026/ds/tmp/mriqc_wf/funcMRIQC/func_report_wf/efd06d4e48efdcb19a84e48f89d85a45cd6b8bb0/subtract_mask".[0m
2026-03-27 02:31:28 |[34;20m INFO     [0m|[34;20m nipype.workflow  [0m|[34;20m [Node] Executing "subtract_mask" <niworkflows.interfaces.morphology.BinarySubtraction>[0m
2026-03-27 02:31:28 |[34;20m INFO     [0m|[34;20m nipype.workflow  [0m|[34;20m [Node] Setting-up "_ds_report_zoomed0" in "/local/nvme/ds004996_28.784026/ds/tmp/mriqc_wf/funcMRIQC/func_report_wf/efd06d4e48efdcb19a84e48f89d85a45cd6b8bb0/ds_report_zoomed/mapflow/_ds_report_zoomed0".[0m
2026-03-27 02:31:28 |[34;20m INFO     [0m|[34;20m nipype.workflow  [0m|[34;20m [Node] Executing "_ds_report_zoomed0" <mriqc.interfaces.DerivativesDataSink>[0m
2026-03-27 02:31:28 |[34;20m INFO     [0m|[34;20m nipype.workflow  [0m|[34;20m [Node] Finished "_ds_report_zoomed0", elapsed time 0.005771s.[0m
2026-03-27 02:31:28 |[34;20m INFO     [0m|[34;20m nipype.workflow  [0m|[34;20m [Node] Finished "subtract_mask", elapsed time 0.013443s.[0m
2026-03-27 02:31:28 |[34;20m INFO     [0m|[34;20m nipype.workflow  [0m|[34;20m [Node] Setting-up "mriqc_wf.funcMRIQC.func_report_wf.ds_report_bmask" in "/local/nvme/ds004996_28.784026/ds/tmp/mriqc_wf/funcMRIQC/func_report_wf/efd06d4e48efdcb19a84e48f89d85a45cd6b8bb0/ds_report_bmask".[0m
2026-03-27 02:31:28 |[34;20m INFO     [0m|[34;20m nipype.workflow  [0m|[34;20m [Node] Executing "ds_report_bmask" <mriqc.interfaces.DerivativesDataSink>[0m
2026-03-27 02:31:28 |[34;20m INFO     [0m|[34;20m nipype.workflow  [0m|[34;20m [Node] Finished "ds_report_bmask", elapsed time 0.006554s.[0m
2026-03-27 02:31:28 |[34;20m INFO     [0m|[34;20m nipype.workflow  [0m|[34;20m [Node] Finished "ResampleSegmentation", elapsed time 2.939077s.[0m
2026-03-27 02:31:29 |[34;20m INFO     [0m|[34;20m nipype.workflow  [0m|[34;20m [Node] Setting-up "mriqc_wf.funcMRIQC.func_report_wf.parcels" in "/local/nvme/ds004996_28.784026/ds/tmp/mriqc_wf/funcMRIQC/func_report_wf/21ea7e8db05c236cd8a44099f065877519c8e1f2/parcels".[0m
2026-03-27 02:31:29 |[34;20m INFO     [0m|[34;20m nipype.workflow  [0m|[34;20m [Node] Executing "parcels" <nipype.interfaces.utility.wrappers.Function>[0m
2026-03-27 02:31:29 |[34;20m INFO     [0m|[34;20m nipype.workflow  [0m|[34;20m [Node] Finished "parcels", elapsed time 0.028508s.[0m
2026-03-27 02:31:31 |[34;20m INFO     [0m|[34;20m nipype.workflow  [0m|[34;20m [Node] Finished "_gcor0", elapsed time 9.825786s.[0m
2026-03-27 02:31:35 |[34;20m INFO     [0m|[34;20m nipype.workflow  [0m|[34;20m [Node] Finished "_ComputeDVARS0", elapsed time 21.640349s.[0m
2026-03-27 02:31:35 |[34;20m INFO     [0m|[34;20m nipype.workflow  [0m|[34;20m [Node] Setting-up "_measures0" in "/local/nvme/ds004996_28.784026/ds/tmp/mriqc_wf/funcMRIQC/ComputeIQMs/21ea7e8db05c236cd8a44099f065877519c8e1f2/measures/mapflow/_measures0".[0m
2026-03-27 02:31:35 |[34;20m INFO     [0m|[34;20m nipype.workflow  [0m|[34;20m [Node] Setting-up "_timeseries0" in "/local/nvme/ds004996_28.784026/ds/tmp/mriqc_wf/funcMRIQC/ComputeIQMs/21ea7e8db05c236cd8a44099f065877519c8e1f2/timeseries/mapflow/_timeseries0".[0m
2026-03-27 02:31:35 |[34;20m INFO     [0m|[34;20m nipype.workflow  [0m|[34;20m [Node] Executing "_measures0" <mriqc.interfaces.functional.FunctionalQC>[0m
2026-03-27 02:31:35 |[34;20m INFO     [0m|[34;20m nipype.workflow  [0m|[34;20m [Node] Executing "_timeseries0" <mriqc.interfaces.functional.GatherTimeseries>[0m
2026-03-27 02:31:35 |[34;20m INFO     [0m|[34;20m nipype.workflow  [0m|[34;20m [Node] Finished "_timeseries0", elapsed time 0.027306s.[0m
2026-03-27 02:31:36 |[34;20m INFO     [0m|[34;20m nipype.workflow  [0m|[34;20m [Node] Finished "_ComputeDVARS0", elapsed time 23.05194s.[0m
2026-03-27 02:31:37 |[34;20m INFO     [0m|[34;20m nipype.workflow  [0m|[34;20m [Node] Finished "_measures0", elapsed time 1.817172s.[0m
2026-03-27 02:31:37 |[34;20m INFO     [0m|[34;20m nipype.workflow  [0m|[34;20m [Node] Setting-up "_measures0" in "/local/nvme/ds004996_28.784026/ds/tmp/mriqc_wf/funcMRIQC/ComputeIQMs/4ffce63a368ba2746cba9304f0910fe9f69f2d55/measures/mapflow/_measures0".[0m
2026-03-27 02:31:37 |[34;20m INFO     [0m|[34;20m nipype.workflow  [0m|[34;20m [Node] Executing "_measures0" <mriqc.interfaces.functional.FunctionalQC>[0m
2026-03-27 02:31:37 |[34;20m INFO     [0m|[34;20m nipype.workflow  [0m|[34;20m [Node] Setting-up "_timeseries0" in "/local/nvme/ds004996_28.784026/ds/tmp/mriqc_wf/funcMRIQC/ComputeIQMs/4ffce63a368ba2746cba9304f0910fe9f69f2d55/timeseries/mapflow/_timeseries0".[0m
2026-03-27 02:31:37 |[34;20m INFO     [0m|[34;20m nipype.workflow  [0m|[34;20m [Node] Executing "_timeseries0" <mriqc.interfaces.functional.GatherTimeseries>[0m
2026-03-27 02:31:37 |[34;20m INFO     [0m|[34;20m nipype.workflow  [0m|[34;20m [Node] Setting-up "_datasink0" in "/local/nvme/ds004996_28.784026/ds/tmp/mriqc_wf/funcMRIQC/ComputeIQMs/21ea7e8db05c236cd8a44099f065877519c8e1f2/datasink/mapflow/_datasink0".[0m
2026-03-27 02:31:38 |[34;20m INFO     [0m|[34;20m nipype.workflow  [0m|[34;20m [Node] Executing "_datasink0" <mriqc.interfaces.bids.IQMFileSink>[0m
2026-03-27 02:31:38 |[34;20m INFO     [0m|[34;20m nipype.workflow  [0m|[34;20m [Node] Finished "_datasink0", elapsed time 0.002062s.[0m
2026-03-27 02:31:38 |[34;20m INFO     [0m|[34;20m nipype.workflow  [0m|[34;20m [Node] Finished "_timeseries0", elapsed time 0.032166s.[0m
2026-03-27 02:31:38 |[34;20m INFO     [0m|[34;20m nipype.workflow  [0m|[34;20m [Node] Setting-up "_ds_timeseries0" in "/local/nvme/ds004996_28.784026/ds/tmp/mriqc_wf/funcMRIQC/ComputeIQMs/21ea7e8db05c236cd8a44099f065877519c8e1f2/ds_timeseries/mapflow/_ds_timeseries0".[0m
2026-03-27 02:31:38 |[34;20m INFO     [0m|[34;20m nipype.workflow  [0m|[34;20m [Node] Executing "_ds_timeseries0" <mriqc.interfaces.DerivativesDataSink>[0m
2026-03-27 02:31:38 |[34;20m INFO     [0m|[34;20m nipype.workflow  [0m|[34;20m [Node] Finished "_ds_timeseries0", elapsed time 0.004655s.[0m
2026-03-27 02:31:38 |[34;20m INFO     [0m|[34;20m nipype.workflow  [0m|[34;20m [Node] Setting-up "_BigPlot0" in "/local/nvme/ds004996_28.784026/ds/tmp/mriqc_wf/funcMRIQC/func_report_wf/21ea7e8db05c236cd8a44099f065877519c8e1f2/BigPlot/mapflow/_BigPlot0".[0m
2026-03-27 02:31:38 |[34;20m INFO     [0m|[34;20m nipype.workflow  [0m|[34;20m [Node] Executing "_BigPlot0" <nireports.interfaces.fmri.FMRISummary>[0m
2026-03-27 02:31:39 |[34;20m INFO     [0m|[34;20m nipype.workflow  [0m|[34;20m [Node] Finished "_measures0", elapsed time 1.491855s.[0m
2026-03-27 02:31:39 |[34;20m INFO     [0m|[34;20m nipype.workflow  [0m|[34;20m [Node] Setting-up "_datasink0" in "/local/nvme/ds004996_28.784026/ds/tmp/mriqc_wf/funcMRIQC/ComputeIQMs/4ffce63a368ba2746cba9304f0910fe9f69f2d55/datasink/mapflow/_datasink0".[0m
2026-03-27 02:31:39 |[34;20m INFO     [0m|[34;20m nipype.workflow  [0m|[34;20m [Node] Executing "_datasink0" <mriqc.interfaces.bids.IQMFileSink>[0m
2026-03-27 02:31:39 |[34;20m INFO     [0m|[34;20m nipype.workflow  [0m|[34;20m [Node] Finished "_datasink0", elapsed time 0.000675s.[0m
2026-03-27 02:31:40 |[34;20m INFO     [0m|[34;20m nipype.workflow  [0m|[34;20m [Node] Setting-up "_ds_timeseries0" in "/local/nvme/ds004996_28.784026/ds/tmp/mriqc_wf/funcMRIQC/ComputeIQMs/4ffce63a368ba2746cba9304f0910fe9f69f2d55/ds_timeseries/mapflow/_ds_timeseries0".[0m
2026-03-27 02:31:40 |[34;20m INFO     [0m|[34;20m nipype.workflow  [0m|[34;20m [Node] Executing "_ds_timeseries0" <mriqc.interfaces.DerivativesDataSink>[0m
2026-03-27 02:31:40 |[34;20m INFO     [0m|[34;20m nipype.workflow  [0m|[34;20m [Node] Finished "_ds_timeseries0", elapsed time 0.004555s.[0m
2026-03-27 02:31:43 |[34;20m INFO     [0m|[34;20m nipype.workflow  [0m|[34;20m [Node] Finished "_BigPlot0", elapsed time 4.862229s.[0m
2026-03-27 02:31:43 |[34;20m INFO     [0m|[34;20m nipype.workflow  [0m|[34;20m [Node] Finished "_ComputeDVARS0", elapsed time 23.452547s.[0m
2026-03-27 02:31:43 |[34;20m INFO     [0m|[34;20m nipype.workflow  [0m|[34;20m [Node] Setting-up "mriqc_wf.funcMRIQC.synthstrip_wf.post_n4" in "/local/nvme/ds004996_28.784026/ds/tmp/mriqc_wf/funcMRIQC/synthstrip_wf/4ffce63a368ba2746cba9304f0910fe9f69f2d55/post_n4".[0m
2026-03-27 02:31:43 |[34;20m INFO     [0m|[34;20m nipype.workflow  [0m|[34;20m [Node] Executing "post_n4" <nipype.interfaces.ants.segmentation.N4BiasFieldCorrection>[0m
2026-03-27 02:31:45 |[34;20m INFO     [0m|[34;20m nipype.workflow  [0m|[34;20m [Node] Finished "post_n4", elapsed time 1.1039349999999999s.[0m
2026-03-27 02:31:45 |[34;20m INFO     [0m|[34;20m nipype.workflow  [0m|[34;20m [Node] Setting-up "mriqc_wf.funcMRIQC.SpatialNormalization.EPI2MNI" in "/local/nvme/ds004996_28.784026/ds/tmp/mriqc_wf/funcMRIQC/SpatialNormalization/4ffce63a368ba2746cba9304f0910fe9f69f2d55/EPI2MNI".[0m
2026-03-27 02:31:45 |[34;20m INFO     [0m|[34;20m nipype.workflow  [0m|[34;20m [Node] Executing "EPI2MNI" <niworkflows.interfaces.reportlets.registration.SpatialNormalizationRPT>[0m
2026-03-27 02:31:45 |[34;20m INFO     [0m|[34;20m niworkflows      [0m|[34;20m Estimating initial transform using AffineInitializer[0m
2026-03-27 02:31:51 |[34;20m INFO     [0m|[34;20m niworkflows      [0m|[34;20m Loading settings from file /opt/conda/lib/python3.11/site-packages/niworkflows/data/boldref-mni_registration_precise_000.json.[0m
2026-03-27 02:31:51 |[34;20m INFO     [0m|[34;20m niworkflows      [0m|[34;20m Retry #1, commandline: 
antsRegistration --collapse-output-transforms 1 --dimensionality 3 --float 0 --initial-moving-transform [ /local/nvme/ds004996_28.784026/ds/tmp/mriqc_wf/funcMRIQC/SpatialNormalization/4ffce63a368ba2746cba9304f0910fe9f69f2d55/EPI2MNI/transform.mat, 0 ] --initialize-transforms-per-stage 0 --interpolation LanczosWindowedSinc --output [ epi_to_mni, epi_to_mni_Warped.nii.gz ] --transform Rigid[ 0.05 ] --metric Mattes[ /templateflow/tpl-MNI152NLin2009cAsym/tpl-MNI152NLin2009cAsym_res-02_desc-fMRIPrep_boldref.nii.gz, /local/nvme/ds004996_28.784026/ds/tmp/mriqc_wf/funcMRIQC/SpatialNormalization/4ffce63a368ba2746cba9304f0910fe9f69f2d55/SharpenEPI/sub-28_task-conversation_run-02_bold_desc-realigned_valid_tstat_corrected.nii.gz, 1, 56, Regular, 0.25 ] --convergence [ 10000x1000x100, 1e-06, 20 ] --smoothing-sigmas 4.0x2.0x1.0vox --shrink-factors 4x2x1 --use-histogram-matching 1 --masks [ /templateflow/tpl-MNI152NLin2009cAsym/tpl-MNI152NLin2009cAsym_res-02_desc-brain_mask.nii.gz, /local/nvme/ds004996_28.784026/ds/tmp/mriqc_wf/funcMRIQC/synthstrip_wf/4ffce63a368ba2746cba9304f0910fe9f69f2d55/synthstrip/clipped_corrected_desc-brain_mask.nii.gz ] --transform Affine[ 0.08 ] --metric Mattes[ /templateflow/tpl-MNI152NLin2009cAsym/tpl-MNI152NLin2009cAsym_res-02_desc-fMRIPrep_boldref.nii.gz, /local/nvme/ds004996_28.784026/ds/tmp/mriqc_wf/funcMRIQC/SpatialNormalization/4ffce63a368ba2746cba9304f0910fe9f69f2d55/SharpenEPI/sub-28_task-conversation_run-02_bold_desc-realigned_valid_tstat_corrected.nii.gz, 1, 56, Regular, 0.25 ] --convergence [ 500x250x100, 1e-06, 20 ] --smoothing-sigmas 4.0x2.0x1.0vox --shrink-factors 8x4x2 --use-histogram-matching 1 --masks [ /templateflow/tpl-MNI152NLin2009cAsym/tpl-MNI152NLin2009cAsym_res-02_desc-brain_mask.nii.gz, /local/nvme/ds004996_28.784026/ds/tmp/mriqc_wf/funcMRIQC/synthstrip_wf/4ffce63a368ba2746cba9304f0910fe9f69f2d55/synthstrip/clipped_corrected_desc-brain_mask.nii.gz ] --transform SyN[ 0.1, 3.0, 0.0 ] --metric CC[ /templateflow/tpl-MNI152NLin2009cAsym/tpl-MNI152NLin2009cAsym_res-02_desc-fMRIPrep_boldref.nii.gz, /local/nvme/ds004996_28.784026/ds/tmp/mriqc_wf/funcMRIQC/SpatialNormalization/4ffce63a368ba2746cba9304f0910fe9f69f2d55/SharpenEPI/sub-28_task-conversation_run-02_bold_desc-realigned_valid_tstat_corrected.nii.gz, 1, 4, None, 1 ] --convergence [ 100x30x20, 1e-06, 10 ] --smoothing-sigmas 3.0x2.0x1.0vox --shrink-factors 8x4x2 --use-histogram-matching 1 --masks [ /templateflow/tpl-MNI152NLin2009cAsym/tpl-MNI152NLin2009cAsym_res-02_desc-brain_mask.nii.gz, /local/nvme/ds004996_28.784026/ds/tmp/mriqc_wf/funcMRIQC/synthstrip_wf/4ffce63a368ba2746cba9304f0910fe9f69f2d55/synthstrip/clipped_corrected_desc-brain_mask.nii.gz ] --winsorize-image-intensities [ 0.005, 0.995 ]  --write-composite-transform 1[0m
2026-03-27 02:32:04 |[34;20m INFO     [0m|[34;20m niworkflows      [0m|[34;20m Successful spatial normalization (retry #1).[0m
2026-03-27 02:32:04 |[34;20m INFO     [0m|[34;20m niworkflows      [0m|[34;20m Report - setting fixed (/templateflow/tpl-MNI152NLin2009cAsym/tpl-MNI152NLin2009cAsym_res-02_desc-fMRIPrep_boldref.nii.gz) and moving (/local/nvme/ds004996_28.784026/ds/tmp/mriqc_wf/funcMRIQC/SpatialNormalization/4ffce63a368ba2746cba9304f0910fe9f69f2d55/EPI2MNI/epi_to_mni_Warped.nii.gz) images[0m
2026-03-27 02:32:04 |[34;20m INFO     [0m|[34;20m niworkflows      [0m|[34;20m Generating visual report[0m
2026-03-27 02:32:20 |[34;20m INFO     [0m|[34;20m nipype.workflow  [0m|[34;20m [Node] Finished "EPI2MNI", elapsed time 34.395327s.[0m
2026-03-27 02:32:21 |[34;20m INFO     [0m|[34;20m nipype.workflow  [0m|[34;20m [Node] Setting-up "mriqc_wf.funcMRIQC.synthstrip_wf.post_n4" in "/local/nvme/ds004996_28.784026/ds/tmp/mriqc_wf/funcMRIQC/synthstrip_wf/efd06d4e48efdcb19a84e48f89d85a45cd6b8bb0/post_n4".[0m
2026-03-27 02:32:21 |[34;20m INFO     [0m|[34;20m nipype.workflow  [0m|[34;20m [Node] Executing "post_n4" <nipype.interfaces.ants.segmentation.N4BiasFieldCorrection>[0m
2026-03-27 02:32:23 |[34;20m INFO     [0m|[34;20m nipype.workflow  [0m|[34;20m [Node] Finished "post_n4", elapsed time 1.074046s.[0m
2026-03-27 02:32:23 |[34;20m INFO     [0m|[34;20m nipype.workflow  [0m|[34;20m [Node] Setting-up "mriqc_wf.funcMRIQC.SpatialNormalization.EPI2MNI" in "/local/nvme/ds004996_28.784026/ds/tmp/mriqc_wf/funcMRIQC/SpatialNormalization/efd06d4e48efdcb19a84e48f89d85a45cd6b8bb0/EPI2MNI".[0m
2026-03-27 02:32:23 |[34;20m INFO     [0m|[34;20m nipype.workflow  [0m|[34;20m [Node] Executing "EPI2MNI" <niworkflows.interfaces.reportlets.registration.SpatialNormalizationRPT>[0m
2026-03-27 02:32:23 |[34;20m INFO     [0m|[34;20m niworkflows      [0m|[34;20m Estimating initial transform using AffineInitializer[0m
2026-03-27 02:32:29 |[34;20m INFO     [0m|[34;20m niworkflows      [0m|[34;20m Loading settings from file /opt/conda/lib/python3.11/site-packages/niworkflows/data/boldref-mni_registration_precise_000.json.[0m
2026-03-27 02:32:29 |[34;20m INFO     [0m|[34;20m niworkflows      [0m|[34;20m Retry #1, commandline: 
antsRegistration --collapse-output-transforms 1 --dimensionality 3 --float 0 --initial-moving-transform [ /local/nvme/ds004996_28.784026/ds/tmp/mriqc_wf/funcMRIQC/SpatialNormalization/efd06d4e48efdcb19a84e48f89d85a45cd6b8bb0/EPI2MNI/transform.mat, 0 ] --initialize-transforms-per-stage 0 --interpolation LanczosWindowedSinc --output [ epi_to_mni, epi_to_mni_Warped.nii.gz ] --transform Rigid[ 0.05 ] --metric Mattes[ /templateflow/tpl-MNI152NLin2009cAsym/tpl-MNI152NLin2009cAsym_res-02_desc-fMRIPrep_boldref.nii.gz, /local/nvme/ds004996_28.784026/ds/tmp/mriqc_wf/funcMRIQC/SpatialNormalization/efd06d4e48efdcb19a84e48f89d85a45cd6b8bb0/SharpenEPI/sub-28_task-conversation_run-03_bold_desc-realigned_valid_tstat_corrected.nii.gz, 1, 56, Regular, 0.25 ] --convergence [ 10000x1000x100, 1e-06, 20 ] --smoothing-sigmas 4.0x2.0x1.0vox --shrink-factors 4x2x1 --use-histogram-matching 1 --masks [ /templateflow/tpl-MNI152NLin2009cAsym/tpl-MNI152NLin2009cAsym_res-02_desc-brain_mask.nii.gz, /local/nvme/ds004996_28.784026/ds/tmp/mriqc_wf/funcMRIQC/synthstrip_wf/efd06d4e48efdcb19a84e48f89d85a45cd6b8bb0/synthstrip/clipped_corrected_desc-brain_mask.nii.gz ] --transform Affine[ 0.08 ] --metric Mattes[ /templateflow/tpl-MNI152NLin2009cAsym/tpl-MNI152NLin2009cAsym_res-02_desc-fMRIPrep_boldref.nii.gz, /local/nvme/ds004996_28.784026/ds/tmp/mriqc_wf/funcMRIQC/SpatialNormalization/efd06d4e48efdcb19a84e48f89d85a45cd6b8bb0/SharpenEPI/sub-28_task-conversation_run-03_bold_desc-realigned_valid_tstat_corrected.nii.gz, 1, 56, Regular, 0.25 ] --convergence [ 500x250x100, 1e-06, 20 ] --smoothing-sigmas 4.0x2.0x1.0vox --shrink-factors 8x4x2 --use-histogram-matching 1 --masks [ /templateflow/tpl-MNI152NLin2009cAsym/tpl-MNI152NLin2009cAsym_res-02_desc-brain_mask.nii.gz, /local/nvme/ds004996_28.784026/ds/tmp/mriqc_wf/funcMRIQC/synthstrip_wf/efd06d4e48efdcb19a84e48f89d85a45cd6b8bb0/synthstrip/clipped_corrected_desc-brain_mask.nii.gz ] --transform SyN[ 0.1, 3.0, 0.0 ] --metric CC[ /templateflow/tpl-MNI152NLin2009cAsym/tpl-MNI152NLin2009cAsym_res-02_desc-fMRIPrep_boldref.nii.gz, /local/nvme/ds004996_28.784026/ds/tmp/mriqc_wf/funcMRIQC/SpatialNormalization/efd06d4e48efdcb19a84e48f89d85a45cd6b8bb0/SharpenEPI/sub-28_task-conversation_run-03_bold_desc-realigned_valid_tstat_corrected.nii.gz, 1, 4, None, 1 ] --convergence [ 100x30x20, 1e-06, 10 ] --smoothing-sigmas 3.0x2.0x1.0vox --shrink-factors 8x4x2 --use-histogram-matching 1 --masks [ /templateflow/tpl-MNI152NLin2009cAsym/tpl-MNI152NLin2009cAsym_res-02_desc-brain_mask.nii.gz, /local/nvme/ds004996_28.784026/ds/tmp/mriqc_wf/funcMRIQC/synthstrip_wf/efd06d4e48efdcb19a84e48f89d85a45cd6b8bb0/synthstrip/clipped_corrected_desc-brain_mask.nii.gz ] --winsorize-image-intensities [ 0.005, 0.995 ]  --write-composite-transform 1[0m
2026-03-27 02:32:40 |[34;20m INFO     [0m|[34;20m niworkflows      [0m|[34;20m Successful spatial normalization (retry #1).[0m
2026-03-27 02:32:40 |[34;20m INFO     [0m|[34;20m niworkflows      [0m|[34;20m Report - setting fixed (/templateflow/tpl-MNI152NLin2009cAsym/tpl-MNI152NLin2009cAsym_res-02_desc-fMRIPrep_boldref.nii.gz) and moving (/local/nvme/ds004996_28.784026/ds/tmp/mriqc_wf/funcMRIQC/SpatialNormalization/efd06d4e48efdcb19a84e48f89d85a45cd6b8bb0/EPI2MNI/epi_to_mni_Warped.nii.gz) images[0m
2026-03-27 02:32:40 |[34;20m INFO     [0m|[34;20m niworkflows      [0m|[34;20m Generating visual report[0m
2026-03-27 02:32:56 |[34;20m INFO     [0m|[34;20m nipype.workflow  [0m|[34;20m [Node] Finished "EPI2MNI", elapsed time 32.383546s.[0m
2026-03-27 02:32:57 |[34;20m INFO     [0m|[34;20m nipype.workflow  [0m|[34;20m [Node] Setting-up "mriqc_wf.funcMRIQC.func_report_wf.ds_report_norm" in "/local/nvme/ds004996_28.784026/ds/tmp/mriqc_wf/funcMRIQC/func_report_wf/4ffce63a368ba2746cba9304f0910fe9f69f2d55/ds_report_norm".[0m
2026-03-27 02:32:57 |[34;20m INFO     [0m|[34;20m nipype.workflow  [0m|[34;20m [Node] Setting-up "mriqc_wf.funcMRIQC.synthstrip_wf.final_masked" in "/local/nvme/ds004996_28.784026/ds/tmp/mriqc_wf/funcMRIQC/synthstrip_wf/4ffce63a368ba2746cba9304f0910fe9f69f2d55/final_masked".[0m
2026-03-27 02:32:57 |[34;20m INFO     [0m|[34;20m nipype.workflow  [0m|[34;20m [Node] Setting-up "mriqc_wf.funcMRIQC.SpatialNormalization.ResampleSegmentation" in "/local/nvme/ds004996_28.784026/ds/tmp/mriqc_wf/funcMRIQC/SpatialNormalization/4ffce63a368ba2746cba9304f0910fe9f69f2d55/ResampleSegmentation".[0m
2026-03-27 02:32:57 |[34;20m INFO     [0m|[34;20m nipype.workflow  [0m|[34;20m [Node] Executing "final_masked" <niworkflows.interfaces.nibabel.ApplyMask>[0m
2026-03-27 02:32:57 |[34;20m INFO     [0m|[34;20m nipype.workflow  [0m|[34;20m [Node] Executing "ResampleSegmentation" <nipype.interfaces.ants.resampling.ApplyTransforms>[0m
2026-03-27 02:32:57 |[34;20m INFO     [0m|[34;20m nipype.workflow  [0m|[34;20m [Node] Executing "ds_report_norm" <mriqc.interfaces.DerivativesDataSink>[0m
2026-03-27 02:32:57 |[34;20m INFO     [0m|[34;20m nipype.workflow  [0m|[34;20m [Node] Finished "ds_report_norm", elapsed time 0.005168s.[0m
2026-03-27 02:32:57 |[34;20m INFO     [0m|[34;20m nipype.workflow  [0m|[34;20m [Node] Finished "final_masked", elapsed time 0.031042s.[0m
2026-03-27 02:32:58 |[34;20m INFO     [0m|[34;20m nipype.workflow  [0m|[34;20m [Node] Setting-up "mriqc_wf.funcMRIQC.func_report_wf.ds_report_norm" in "/local/nvme/ds004996_28.784026/ds/tmp/mriqc_wf/funcMRIQC/func_report_wf/efd06d4e48efdcb19a84e48f89d85a45cd6b8bb0/ds_report_norm".[0m
2026-03-27 02:32:58 |[34;20m INFO     [0m|[34;20m nipype.workflow  [0m|[34;20m [Node] Setting-up "mriqc_wf.funcMRIQC.synthstrip_wf.final_masked" in "/local/nvme/ds004996_28.784026/ds/tmp/mriqc_wf/funcMRIQC/synthstrip_wf/efd06d4e48efdcb19a84e48f89d85a45cd6b8bb0/final_masked".[0m
2026-03-27 02:32:58 |[34;20m INFO     [0m|[34;20m nipype.workflow  [0m|[34;20m [Node] Setting-up "mriqc_wf.funcMRIQC.SpatialNormalization.ResampleSegmentation" in "/local/nvme/ds004996_28.784026/ds/tmp/mriqc_wf/funcMRIQC/SpatialNormalization/efd06d4e48efdcb19a84e48f89d85a45cd6b8bb0/ResampleSegmentation".[0m
2026-03-27 02:32:58 |[34;20m INFO     [0m|[34;20m nipype.workflow  [0m|[34;20m [Node] Executing "final_masked" <niworkflows.interfaces.nibabel.ApplyMask>[0m
2026-03-27 02:32:58 |[34;20m INFO     [0m|[34;20m nipype.workflow  [0m|[34;20m [Node] Executing "ds_report_norm" <mriqc.interfaces.DerivativesDataSink>[0m
2026-03-27 02:32:58 |[34;20m INFO     [0m|[34;20m nipype.workflow  [0m|[34;20m [Node] Executing "ResampleSegmentation" <nipype.interfaces.ants.resampling.ApplyTransforms>[0m
2026-03-27 02:32:58 |[34;20m INFO     [0m|[34;20m nipype.workflow  [0m|[34;20m [Node] Finished "ds_report_norm", elapsed time 0.005113s.[0m
2026-03-27 02:32:58 |[34;20m INFO     [0m|[34;20m nipype.workflow  [0m|[34;20m [Node] Finished "final_masked", elapsed time 0.031053s.[0m
2026-03-27 02:32:58 |[34;20m INFO     [0m|[34;20m nipype.workflow  [0m|[34;20m [Node] Setting-up "_measures0" in "/local/nvme/ds004996_28.784026/ds/tmp/mriqc_wf/funcMRIQC/ComputeIQMs/efd06d4e48efdcb19a84e48f89d85a45cd6b8bb0/measures/mapflow/_measures0".[0m
2026-03-27 02:32:58 |[34;20m INFO     [0m|[34;20m nipype.workflow  [0m|[34;20m [Node] Executing "_measures0" <mriqc.interfaces.functional.FunctionalQC>[0m
2026-03-27 02:32:59 |[34;20m INFO     [0m|[34;20m nipype.workflow  [0m|[34;20m [Node] Finished "_measures0", elapsed time 1.08501s.[0m
2026-03-27 02:32:59 |[34;20m INFO     [0m|[34;20m nipype.workflow  [0m|[34;20m [Node] Setting-up "_timeseries0" in "/local/nvme/ds004996_28.784026/ds/tmp/mriqc_wf/funcMRIQC/ComputeIQMs/efd06d4e48efdcb19a84e48f89d85a45cd6b8bb0/timeseries/mapflow/_timeseries0".[0m
2026-03-27 02:32:59 |[34;20m INFO     [0m|[34;20m nipype.workflow  [0m|[34;20m [Node] Executing "_timeseries0" <mriqc.interfaces.functional.GatherTimeseries>[0m
2026-03-27 02:32:59 |[34;20m INFO     [0m|[34;20m nipype.workflow  [0m|[34;20m [Node] Setting-up "_datasink0" in "/local/nvme/ds004996_28.784026/ds/tmp/mriqc_wf/funcMRIQC/ComputeIQMs/efd06d4e48efdcb19a84e48f89d85a45cd6b8bb0/datasink/mapflow/_datasink0".[0m
2026-03-27 02:32:59 |[34;20m INFO     [0m|[34;20m nipype.workflow  [0m|[34;20m [Node] Executing "_datasink0" <mriqc.interfaces.bids.IQMFileSink>[0m
2026-03-27 02:32:59 |[34;20m INFO     [0m|[34;20m nipype.workflow  [0m|[34;20m [Node] Finished "_datasink0", elapsed time 0.000649s.[0m
2026-03-27 02:32:59 |[34;20m INFO     [0m|[34;20m nipype.workflow  [0m|[34;20m [Node] Finished "_timeseries0", elapsed time 0.016524s.[0m
2026-03-27 02:33:00 |[34;20m INFO     [0m|[34;20m nipype.workflow  [0m|[34;20m [Node] Setting-up "_ds_report_carpet0" in "/local/nvme/ds004996_28.784026/ds/tmp/mriqc_wf/funcMRIQC/func_report_wf/21ea7e8db05c236cd8a44099f065877519c8e1f2/ds_report_carpet/mapflow/_ds_report_carpet0".[0m
2026-03-27 02:33:00 |[34;20m INFO     [0m|[34;20m nipype.workflow  [0m|[34;20m [Node] Executing "_ds_report_carpet0" <mriqc.interfaces.DerivativesDataSink>[0m
2026-03-27 02:33:00 |[34;20m INFO     [0m|[34;20m nipype.workflow  [0m|[34;20m [Node] Finished "_ds_report_carpet0", elapsed time 0.00536s.[0m
2026-03-27 02:33:00 |[34;20m INFO     [0m|[34;20m nipype.workflow  [0m|[34;20m [Node] Finished "ResampleSegmentation", elapsed time 2.613077s.[0m
2026-03-27 02:33:00 |[34;20m INFO     [0m|[34;20m nipype.workflow  [0m|[34;20m [Node] Finished "ResampleSegmentation", elapsed time 2.60279s.[0m
2026-03-27 02:33:01 |[34;20m INFO     [0m|[34;20m nipype.workflow  [0m|[34;20m [Node] Setting-up "mriqc_wf.funcMRIQC.func_report_wf.parcels" in "/local/nvme/ds004996_28.784026/ds/tmp/mriqc_wf/funcMRIQC/func_report_wf/4ffce63a368ba2746cba9304f0910fe9f69f2d55/parcels".[0m
2026-03-27 02:33:01 |[34;20m INFO     [0m|[34;20m nipype.workflow  [0m|[34;20m [Node] Executing "parcels" <nipype.interfaces.utility.wrappers.Function>[0m
2026-03-27 02:33:01 |[34;20m INFO     [0m|[34;20m nipype.workflow  [0m|[34;20m [Node] Setting-up "_ds_timeseries0" in "/local/nvme/ds004996_28.784026/ds/tmp/mriqc_wf/funcMRIQC/ComputeIQMs/efd06d4e48efdcb19a84e48f89d85a45cd6b8bb0/ds_timeseries/mapflow/_ds_timeseries0".[0m
2026-03-27 02:33:01 |[34;20m INFO     [0m|[34;20m nipype.workflow  [0m|[34;20m [Node] Executing "_ds_timeseries0" <mriqc.interfaces.DerivativesDataSink>[0m
2026-03-27 02:33:01 |[34;20m INFO     [0m|[34;20m nipype.workflow  [0m|[34;20m [Node] Finished "_ds_timeseries0", elapsed time 0.004134s.[0m
2026-03-27 02:33:01 |[34;20m INFO     [0m|[34;20m nipype.workflow  [0m|[34;20m [Node] Finished "parcels", elapsed time 0.025032s.[0m
2026-03-27 02:33:02 |[34;20m INFO     [0m|[34;20m nipype.workflow  [0m|[34;20m [Node] Setting-up "mriqc_wf.funcMRIQC.func_report_wf.parcels" in "/local/nvme/ds004996_28.784026/ds/tmp/mriqc_wf/funcMRIQC/func_report_wf/efd06d4e48efdcb19a84e48f89d85a45cd6b8bb0/parcels".[0m
2026-03-27 02:33:02 |[34;20m INFO     [0m|[34;20m nipype.workflow  [0m|[34;20m [Node] Executing "parcels" <nipype.interfaces.utility.wrappers.Function>[0m
2026-03-27 02:33:02 |[34;20m INFO     [0m|[34;20m nipype.workflow  [0m|[34;20m [Node] Finished "parcels", elapsed time 0.024768s.[0m
2026-03-27 02:33:03 |[34;20m INFO     [0m|[34;20m nipype.workflow  [0m|[34;20m [Node] Setting-up "_BigPlot0" in "/local/nvme/ds004996_28.784026/ds/tmp/mriqc_wf/funcMRIQC/func_report_wf/4ffce63a368ba2746cba9304f0910fe9f69f2d55/BigPlot/mapflow/_BigPlot0".[0m
2026-03-27 02:33:03 |[34;20m INFO     [0m|[34;20m nipype.workflow  [0m|[34;20m [Node] Setting-up "_BigPlot0" in "/local/nvme/ds004996_28.784026/ds/tmp/mriqc_wf/funcMRIQC/func_report_wf/efd06d4e48efdcb19a84e48f89d85a45cd6b8bb0/BigPlot/mapflow/_BigPlot0".[0m
2026-03-27 02:33:03 |[34;20m INFO     [0m|[34;20m nipype.workflow  [0m|[34;20m [Node] Executing "_BigPlot0" <nireports.interfaces.fmri.FMRISummary>[0m
2026-03-27 02:33:03 |[34;20m INFO     [0m|[34;20m nipype.workflow  [0m|[34;20m [Node] Executing "_BigPlot0" <nireports.interfaces.fmri.FMRISummary>[0m
2026-03-27 02:33:08 |[34;20m INFO     [0m|[34;20m nipype.workflow  [0m|[34;20m [Node] Finished "_BigPlot0", elapsed time 4.58361s.[0m
2026-03-27 02:33:08 |[34;20m INFO     [0m|[34;20m nipype.workflow  [0m|[34;20m [Node] Finished "_BigPlot0", elapsed time 4.894766s.[0m
2026-03-27 02:33:09 |[34;20m INFO     [0m|[34;20m nipype.workflow  [0m|[34;20m [Node] Setting-up "_ds_report_carpet0" in "/local/nvme/ds004996_28.784026/ds/tmp/mriqc_wf/funcMRIQC/func_report_wf/4ffce63a368ba2746cba9304f0910fe9f69f2d55/ds_report_carpet/mapflow/_ds_report_carpet0".[0m
2026-03-27 02:33:09 |[34;20m INFO     [0m|[34;20m nipype.workflow  [0m|[34;20m [Node] Executing "_ds_report_carpet0" <mriqc.interfaces.DerivativesDataSink>[0m
2026-03-27 02:33:09 |[34;20m INFO     [0m|[34;20m nipype.workflow  [0m|[34;20m [Node] Finished "_ds_report_carpet0", elapsed time 0.005065s.[0m
2026-03-27 02:33:10 |[34;20m INFO     [0m|[34;20m nipype.workflow  [0m|[34;20m [Node] Setting-up "_ds_report_carpet0" in "/local/nvme/ds004996_28.784026/ds/tmp/mriqc_wf/funcMRIQC/func_report_wf/efd06d4e48efdcb19a84e48f89d85a45cd6b8bb0/ds_report_carpet/mapflow/_ds_report_carpet0".[0m
2026-03-27 02:33:10 |[34;20m INFO     [0m|[34;20m nipype.workflow  [0m|[34;20m [Node] Executing "_ds_report_carpet0" <mriqc.interfaces.DerivativesDataSink>[0m
2026-03-27 02:33:10 |[34;20m INFO     [0m|[34;20m nipype.workflow  [0m|[34;20m [Node] Finished "_ds_report_carpet0", elapsed time 0.004988s.[0m
2026-03-27 02:33:11 |[34;20m INFO     [0m|[34;20m nipype.workflow  [0m|[34;20m Generating reports...[0m
2026-03-27 02:33:12 |[34;20m INFO     [0m|[34;20m nipype.workflow  [0m|[34;20m Report generation finished (3 reports).[0m
2026-03-27 02:33:12 |[33;20m IMPORTANT [0m|[33;20m mriqc            [0m|[33;20m Participant level finished successfully averaging 00h 07min 44s per subject.[0m
2026-03-27 02:33:12 |[34;20m INFO     [0m|[34;20m mriqc            [0m|[34;20m Generating BIDS derivatives metadata.[0m
----------------------------------------------------------------
  MRIQC completed (elapsed time 00h 23min 12s).
----------------------------------------------------------------

