------------------------------------------------------------------
  Running MRIQC version 24.1.0.dev0+gd5b13cb5.d20240826
  ----------------------------------------------------------------

  NOTICE
  Copyright © The NiPreps Developers.
  
  This product includes software developed by
  the NiPreps Community (https://nipreps.org/).
  
  Portions of this software were developed at the Department of
  Psychology at Stanford University, Stanford, CA, US.
  
  This software contains code ultimately derived from the
  PCP Quality Assessment Protocol (QAP;
  http://preprocessed-connectomes-project.org/quality-assessment-protocol)
  by C. Craddock, S. Giavasis, D. Clark, Z. Shezhad, and J. Pellman.
  
  This software is also distributed as a Docker container image.
  The bootstrapping file for the image ("Dockerfile") is licensed
  under the MIT License.

  ----------------------------------------------------------------

  * BIDS dataset path: /local/nvme/ds004996_12.784026/ds/sourcedata/raw.
  * Output folder: mriqc.
  * Analysis levels: ['participant'].
------------------------------------------------------------------

2026-03-27 02:10:37 |[33;20m IMPORTANT [0m|[33;20m mriqc            [0m|[33;20m Extracting metadata and entities for 3 input runs of modality 'bold'...[0m
2026-03-27 02:10:37 |[33;20m IMPORTANT [0m|[33;20m mriqc            [0m|[33;20m File size ('bold'): 0.41|0.41 GB [maximum|average].[0m
2026-03-27 02:10:37 |[34;20m INFO     [0m|[34;20m mriqc            [0m|[34;20m MRIQC config file: /local/nvme/ds004996_12.784026/ds/tmp/config-20260327-021028_f7bd20e9-6ac3-4bb6-8eab-e798dfaaf7c2.toml.[0m
2026-03-27 02:10:41 |[34;20m INFO     [0m|[34;20m matplotlib.font_manager [0m|[34;20m generated new fontManager[0m
2026-03-27 02:10:43 |[33;20m IMPORTANT [0m|[33;20m mriqc            [0m|[33;20m Building MRIQC's workflows...[0m
2026-03-27 02:10:43 |[34;20m INFO     [0m|[34;20m nipype.workflow  [0m|[34;20m Building functional MRIQC workflow for 3 BOLD runs..[0m
2026-03-27 02:10:48 |[33;20m IMPORTANT [0m|[33;20m mriqc            [0m|[33;20m Workflow building finished (exit code 0).[0m
2026-03-27 02:10:53 |[34;20m INFO     [0m|[34;20m nipype.workflow  [0m|[34;20m Workflow mriqc_wf settings: ['check', 'execution', 'logging', 'monitoring'][0m
2026-03-27 02:10:54 |[34;20m INFO     [0m|[34;20m nipype.workflow  [0m|[34;20m [Node] Setting-up "mriqc_wf.funcMRIQC.pick_echo" in "/local/nvme/ds004996_12.784026/ds/tmp/mriqc_wf/funcMRIQC/875acb4ee13ac039eb5500c9ecc8484e33329e43/pick_echo".[0m
2026-03-27 02:10:54 |[34;20m INFO     [0m|[34;20m nipype.workflow  [0m|[34;20m [Node] Setting-up "_provenance0" in "/local/nvme/ds004996_12.784026/ds/tmp/mriqc_wf/funcMRIQC/ComputeIQMs/875acb4ee13ac039eb5500c9ecc8484e33329e43/provenance/mapflow/_provenance0".[0m
2026-03-27 02:10:54 |[34;20m INFO     [0m|[34;20m nipype.workflow  [0m|[34;20m [Node] Executing "_provenance0" <mriqc.interfaces.reports.AddProvenance>[0m
2026-03-27 02:10:54 |[34;20m INFO     [0m|[34;20m nipype.workflow  [0m|[34;20m [Node] Executing "pick_echo" <mriqc.interfaces.functional.SelectEcho>[0m
2026-03-27 02:10:54 |[34;20m INFO     [0m|[34;20m nipype.workflow  [0m|[34;20m [Node] Finished "pick_echo", elapsed time 0.000539s.[0m
2026-03-27 02:10:54 |[34;20m INFO     [0m|[34;20m nipype.workflow  [0m|[34;20m [Node] Finished "_provenance0", elapsed time 0.836658s.[0m
2026-03-27 02:10:55 |[34;20m INFO     [0m|[34;20m nipype.workflow  [0m|[34;20m [Node] Setting-up "_provenance0" in "/local/nvme/ds004996_12.784026/ds/tmp/mriqc_wf/funcMRIQC/ComputeIQMs/470a6be4f9080d510730da815448a15c2c3af36a/provenance/mapflow/_provenance0".[0m
2026-03-27 02:10:55 |[34;20m INFO     [0m|[34;20m nipype.workflow  [0m|[34;20m [Node] Setting-up "mriqc_wf.funcMRIQC.pick_echo" in "/local/nvme/ds004996_12.784026/ds/tmp/mriqc_wf/funcMRIQC/470a6be4f9080d510730da815448a15c2c3af36a/pick_echo".[0m
2026-03-27 02:10:55 |[34;20m INFO     [0m|[34;20m nipype.workflow  [0m|[34;20m [Node] Executing "_provenance0" <mriqc.interfaces.reports.AddProvenance>[0m
2026-03-27 02:10:55 |[34;20m INFO     [0m|[34;20m nipype.workflow  [0m|[34;20m [Node] Executing "pick_echo" <mriqc.interfaces.functional.SelectEcho>[0m
2026-03-27 02:10:55 |[34;20m INFO     [0m|[34;20m nipype.workflow  [0m|[34;20m [Node] Finished "pick_echo", elapsed time 0.000468s.[0m
2026-03-27 02:10:55 |[34;20m INFO     [0m|[34;20m nipype.workflow  [0m|[34;20m [Node] Finished "_provenance0", elapsed time 0.803286s.[0m
2026-03-27 02:10:56 |[34;20m INFO     [0m|[34;20m nipype.workflow  [0m|[34;20m [Node] Setting-up "mriqc_wf.funcMRIQC.pick_echo" in "/local/nvme/ds004996_12.784026/ds/tmp/mriqc_wf/funcMRIQC/23a770b2eacfb9b4beab0cb06fd4857934b277ec/pick_echo".[0m
2026-03-27 02:10:56 |[34;20m INFO     [0m|[34;20m nipype.workflow  [0m|[34;20m [Node] Setting-up "_provenance0" in "/local/nvme/ds004996_12.784026/ds/tmp/mriqc_wf/funcMRIQC/ComputeIQMs/23a770b2eacfb9b4beab0cb06fd4857934b277ec/provenance/mapflow/_provenance0".[0m
2026-03-27 02:10:56 |[34;20m INFO     [0m|[34;20m nipype.workflow  [0m|[34;20m [Node] Executing "_provenance0" <mriqc.interfaces.reports.AddProvenance>[0m
2026-03-27 02:10:56 |[34;20m INFO     [0m|[34;20m nipype.workflow  [0m|[34;20m [Node] Executing "pick_echo" <mriqc.interfaces.functional.SelectEcho>[0m
2026-03-27 02:10:56 |[34;20m INFO     [0m|[34;20m nipype.workflow  [0m|[34;20m [Node] Finished "pick_echo", elapsed time 0.000546s.[0m
2026-03-27 02:10:56 |[34;20m INFO     [0m|[34;20m nipype.workflow  [0m|[34;20m [Node] Finished "_provenance0", elapsed time 0.805595s.[0m
2026-03-27 02:10:57 |[34;20m INFO     [0m|[34;20m nipype.workflow  [0m|[34;20m [Node] Setting-up "mriqc_wf.funcMRIQC.non_steady_state_detector" in "/local/nvme/ds004996_12.784026/ds/tmp/mriqc_wf/funcMRIQC/23a770b2eacfb9b4beab0cb06fd4857934b277ec/non_steady_state_detector".[0m
2026-03-27 02:10:57 |[34;20m INFO     [0m|[34;20m nipype.workflow  [0m|[34;20m [Node] Setting-up "mriqc_wf.funcMRIQC.non_steady_state_detector" in "/local/nvme/ds004996_12.784026/ds/tmp/mriqc_wf/funcMRIQC/470a6be4f9080d510730da815448a15c2c3af36a/non_steady_state_detector".[0m
2026-03-27 02:10:57 |[34;20m INFO     [0m|[34;20m nipype.workflow  [0m|[34;20m [Node] Setting-up "mriqc_wf.funcMRIQC.non_steady_state_detector" in "/local/nvme/ds004996_12.784026/ds/tmp/mriqc_wf/funcMRIQC/875acb4ee13ac039eb5500c9ecc8484e33329e43/non_steady_state_detector".[0m
2026-03-27 02:10:57 |[34;20m INFO     [0m|[34;20m nipype.workflow  [0m|[34;20m [Node] Executing "non_steady_state_detector" <nipype.algorithms.confounds.NonSteadyStateDetector>[0m
2026-03-27 02:10:57 |[34;20m INFO     [0m|[34;20m nipype.workflow  [0m|[34;20m [Node] Executing "non_steady_state_detector" <nipype.algorithms.confounds.NonSteadyStateDetector>[0m
2026-03-27 02:10:57 |[34;20m INFO     [0m|[34;20m nipype.workflow  [0m|[34;20m [Node] Executing "non_steady_state_detector" <nipype.algorithms.confounds.NonSteadyStateDetector>[0m
2026-03-27 02:10:57 |[34;20m INFO     [0m|[34;20m nipype.workflow  [0m|[34;20m [Node] Finished "non_steady_state_detector", elapsed time 0.028162s.[0m
2026-03-27 02:10:57 |[34;20m INFO     [0m|[34;20m nipype.workflow  [0m|[34;20m [Node] Finished "non_steady_state_detector", elapsed time 0.029178s.[0m
2026-03-27 02:10:57 |[34;20m INFO     [0m|[34;20m nipype.workflow  [0m|[34;20m [Node] Finished "non_steady_state_detector", elapsed time 0.030705s.[0m
2026-03-27 02:10:59 |[34;20m INFO     [0m|[34;20m nipype.workflow  [0m|[34;20m [Node] Setting-up "_sanitize0" in "/local/nvme/ds004996_12.784026/ds/tmp/mriqc_wf/funcMRIQC/875acb4ee13ac039eb5500c9ecc8484e33329e43/sanitize/mapflow/_sanitize0".[0m
2026-03-27 02:10:59 |[34;20m INFO     [0m|[34;20m nipype.workflow  [0m|[34;20m [Node] Setting-up "_sanitize0" in "/local/nvme/ds004996_12.784026/ds/tmp/mriqc_wf/funcMRIQC/23a770b2eacfb9b4beab0cb06fd4857934b277ec/sanitize/mapflow/_sanitize0".[0m
2026-03-27 02:10:59 |[34;20m INFO     [0m|[34;20m nipype.workflow  [0m|[34;20m [Node] Executing "_sanitize0" <niworkflows.interfaces.header.SanitizeImage>[0m
2026-03-27 02:10:59 |[34;20m INFO     [0m|[34;20m nipype.workflow  [0m|[34;20m [Node] Setting-up "_sanitize0" in "/local/nvme/ds004996_12.784026/ds/tmp/mriqc_wf/funcMRIQC/470a6be4f9080d510730da815448a15c2c3af36a/sanitize/mapflow/_sanitize0".[0m
2026-03-27 02:10:59 |[34;20m INFO     [0m|[34;20m nipype.workflow  [0m|[34;20m [Node] Executing "_sanitize0" <niworkflows.interfaces.header.SanitizeImage>[0m
2026-03-27 02:10:59 |[34;20m INFO     [0m|[34;20m nipype.workflow  [0m|[34;20m [Node] Executing "_sanitize0" <niworkflows.interfaces.header.SanitizeImage>[0m
2026-03-27 02:10:59 |[34;20m INFO     [0m|[34;20m nipype.workflow  [0m|[34;20m [Node] Finished "_sanitize0", elapsed time 0.003371s.[0m
2026-03-27 02:10:59 |[34;20m INFO     [0m|[34;20m nipype.workflow  [0m|[34;20m [Node] Finished "_sanitize0", elapsed time 0.003661s.[0m
2026-03-27 02:10:59 |[34;20m INFO     [0m|[34;20m nipype.workflow  [0m|[34;20m [Node] Finished "_sanitize0", elapsed time 0.003659s.[0m
2026-03-27 02:11:01 |[34;20m INFO     [0m|[34;20m nipype.workflow  [0m|[34;20m [Node] Setting-up "mriqc_wf.funcMRIQC.fMRI_HMC.estimate_hm" in "/local/nvme/ds004996_12.784026/ds/tmp/mriqc_wf/funcMRIQC/fMRI_HMC/875acb4ee13ac039eb5500c9ecc8484e33329e43/estimate_hm".[0m
2026-03-27 02:11:01 |[34;20m INFO     [0m|[34;20m nipype.workflow  [0m|[34;20m [Node] Setting-up "mriqc_wf.funcMRIQC.fMRI_HMC.estimate_hm" in "/local/nvme/ds004996_12.784026/ds/tmp/mriqc_wf/funcMRIQC/fMRI_HMC/470a6be4f9080d510730da815448a15c2c3af36a/estimate_hm".[0m
2026-03-27 02:11:01 |[34;20m INFO     [0m|[34;20m nipype.workflow  [0m|[34;20m [Node] Executing "estimate_hm" <nipype.interfaces.afni.preprocess.Volreg>[0m
2026-03-27 02:11:01 |[34;20m INFO     [0m|[34;20m nipype.workflow  [0m|[34;20m [Node] Setting-up "mriqc_wf.funcMRIQC.fMRI_HMC.estimate_hm" in "/local/nvme/ds004996_12.784026/ds/tmp/mriqc_wf/funcMRIQC/fMRI_HMC/23a770b2eacfb9b4beab0cb06fd4857934b277ec/estimate_hm".[0m
2026-03-27 02:11:01 |[34;20m INFO     [0m|[34;20m nipype.workflow  [0m|[34;20m [Node] Executing "estimate_hm" <nipype.interfaces.afni.preprocess.Volreg>[0m
2026-03-27 02:11:01 |[34;20m INFO     [0m|[34;20m nipype.workflow  [0m|[34;20m [Node] Setting-up "_SpikesMask0" in "/local/nvme/ds004996_12.784026/ds/tmp/mriqc_wf/funcMRIQC/func_report_wf/875acb4ee13ac039eb5500c9ecc8484e33329e43/SpikesMask/mapflow/_SpikesMask0".[0m
2026-03-27 02:11:01 |[34;20m INFO     [0m|[34;20m nipype.workflow  [0m|[34;20m [Node] Executing "_SpikesMask0" <nipype.interfaces.utility.wrappers.Function>[0m
2026-03-27 02:11:01 |[34;20m INFO     [0m|[34;20m nipype.workflow  [0m|[34;20m [Node] Executing "estimate_hm" <nipype.interfaces.afni.preprocess.Volreg>[0m
2026-03-27 02:11:01 |[34;20m INFO     [0m|[34;20m nipype.workflow  [0m|[34;20m [Node] Setting-up "_SpikesMask0" in "/local/nvme/ds004996_12.784026/ds/tmp/mriqc_wf/funcMRIQC/func_report_wf/470a6be4f9080d510730da815448a15c2c3af36a/SpikesMask/mapflow/_SpikesMask0".[0m
2026-03-27 02:11:01 |[34;20m INFO     [0m|[34;20m nipype.workflow  [0m|[34;20m [Node] Setting-up "_SpikesMask0" in "/local/nvme/ds004996_12.784026/ds/tmp/mriqc_wf/funcMRIQC/func_report_wf/23a770b2eacfb9b4beab0cb06fd4857934b277ec/SpikesMask/mapflow/_SpikesMask0".[0m
2026-03-27 02:11:01 |[34;20m INFO     [0m|[34;20m nipype.workflow  [0m|[34;20m [Node] Executing "_SpikesMask0" <nipype.interfaces.utility.wrappers.Function>[0m
2026-03-27 02:11:01 |[34;20m INFO     [0m|[34;20m nipype.workflow  [0m|[34;20m [Node] Executing "_SpikesMask0" <nipype.interfaces.utility.wrappers.Function>[0m
2026-03-27 02:11:02 |[34;20m INFO     [0m|[34;20m nipype.workflow  [0m|[34;20m [Node] Finished "_SpikesMask0", elapsed time 1.7286510000000002s.[0m
2026-03-27 02:11:02 |[34;20m INFO     [0m|[34;20m nipype.workflow  [0m|[34;20m [Node] Finished "_SpikesMask0", elapsed time 1.728466s.[0m
2026-03-27 02:11:02 |[34;20m INFO     [0m|[34;20m nipype.workflow  [0m|[34;20m [Node] Finished "_SpikesMask0", elapsed time 1.732412s.[0m
2026-03-27 02:11:03 |[34;20m INFO     [0m|[34;20m nipype.workflow  [0m|[34;20m [Node] Setting-up "_SpikesFinderBgMask0" in "/local/nvme/ds004996_12.784026/ds/tmp/mriqc_wf/funcMRIQC/func_report_wf/470a6be4f9080d510730da815448a15c2c3af36a/SpikesFinderBgMask/mapflow/_SpikesFinderBgMask0".[0m
2026-03-27 02:11:03 |[34;20m INFO     [0m|[34;20m nipype.workflow  [0m|[34;20m [Node] Setting-up "_SpikesFinderBgMask0" in "/local/nvme/ds004996_12.784026/ds/tmp/mriqc_wf/funcMRIQC/func_report_wf/875acb4ee13ac039eb5500c9ecc8484e33329e43/SpikesFinderBgMask/mapflow/_SpikesFinderBgMask0".[0m
2026-03-27 02:11:03 |[34;20m INFO     [0m|[34;20m nipype.workflow  [0m|[34;20m [Node] Executing "_SpikesFinderBgMask0" <mriqc.interfaces.functional.Spikes>[0m
2026-03-27 02:11:03 |[34;20m INFO     [0m|[34;20m nipype.workflow  [0m|[34;20m [Node] Executing "_SpikesFinderBgMask0" <mriqc.interfaces.functional.Spikes>[0m
2026-03-27 02:11:03 |[34;20m INFO     [0m|[34;20m nipype.workflow  [0m|[34;20m [Node] Setting-up "_SpikesFinderBgMask0" in "/local/nvme/ds004996_12.784026/ds/tmp/mriqc_wf/funcMRIQC/func_report_wf/23a770b2eacfb9b4beab0cb06fd4857934b277ec/SpikesFinderBgMask/mapflow/_SpikesFinderBgMask0".[0m
2026-03-27 02:11:03 |[34;20m INFO     [0m|[34;20m nipype.workflow  [0m|[34;20m [Node] Executing "_SpikesFinderBgMask0" <mriqc.interfaces.functional.Spikes>[0m
2026-03-27 02:11:07 |[34;20m INFO     [0m|[34;20m nipype.workflow  [0m|[34;20m [Node] Finished "_SpikesFinderBgMask0", elapsed time 4.542379s.[0m
2026-03-27 02:11:07 |[34;20m INFO     [0m|[34;20m nipype.workflow  [0m|[34;20m [Node] Finished "_SpikesFinderBgMask0", elapsed time 4.767914s.[0m
2026-03-27 02:11:07 |[34;20m INFO     [0m|[34;20m nipype.workflow  [0m|[34;20m [Node] Finished "_SpikesFinderBgMask0", elapsed time 4.811847s.[0m
2026-03-27 02:26:50 |[34;20m INFO     [0m|[34;20m nipype.workflow  [0m|[34;20m [Node] Finished "estimate_hm", elapsed time 949.196012s.[0m
2026-03-27 02:26:51 |[34;20m INFO     [0m|[34;20m nipype.workflow  [0m|[34;20m [Node] Setting-up "mriqc_wf.funcMRIQC.fMRI_HMC.ComputeFD" in "/local/nvme/ds004996_12.784026/ds/tmp/mriqc_wf/funcMRIQC/fMRI_HMC/23a770b2eacfb9b4beab0cb06fd4857934b277ec/ComputeFD".[0m
2026-03-27 02:26:51 |[34;20m INFO     [0m|[34;20m nipype.workflow  [0m|[34;20m [Node] Executing "ComputeFD" <nipype.algorithms.confounds.FramewiseDisplacement>[0m
2026-03-27 02:26:51 |[34;20m INFO     [0m|[34;20m nipype.workflow  [0m|[34;20m [Node] Finished "ComputeFD", elapsed time 0.009422s.[0m
2026-03-27 02:26:57 |[34;20m INFO     [0m|[34;20m nipype.workflow  [0m|[34;20m [Node] Finished "estimate_hm", elapsed time 956.753694s.[0m
2026-03-27 02:26:59 |[34;20m INFO     [0m|[34;20m nipype.workflow  [0m|[34;20m [Node] Setting-up "mriqc_wf.funcMRIQC.fMRI_HMC.ComputeFD" in "/local/nvme/ds004996_12.784026/ds/tmp/mriqc_wf/funcMRIQC/fMRI_HMC/470a6be4f9080d510730da815448a15c2c3af36a/ComputeFD".[0m
2026-03-27 02:26:59 |[34;20m INFO     [0m|[34;20m nipype.workflow  [0m|[34;20m [Node] Executing "ComputeFD" <nipype.algorithms.confounds.FramewiseDisplacement>[0m
2026-03-27 02:26:59 |[34;20m INFO     [0m|[34;20m nipype.workflow  [0m|[34;20m [Node] Finished "ComputeFD", elapsed time 0.007298s.[0m
2026-03-27 02:27:23 |[34;20m INFO     [0m|[34;20m nipype.workflow  [0m|[34;20m [Node] Finished "estimate_hm", elapsed time 982.840003s.[0m
2026-03-27 02:27:25 |[34;20m INFO     [0m|[34;20m nipype.workflow  [0m|[34;20m [Node] Setting-up "_apply_hmc0" in "/local/nvme/ds004996_12.784026/ds/tmp/mriqc_wf/funcMRIQC/fMRI_HMC/875acb4ee13ac039eb5500c9ecc8484e33329e43/apply_hmc/mapflow/_apply_hmc0".[0m
2026-03-27 02:27:25 |[34;20m INFO     [0m|[34;20m nipype.workflow  [0m|[34;20m [Node] Executing "_apply_hmc0" <nipype.interfaces.utility.wrappers.Function>[0m
2026-03-27 02:27:46 |[34;20m INFO     [0m|[34;20m nipype.workflow  [0m|[34;20m [Node] Finished "_apply_hmc0", elapsed time 21.063933s.[0m
2026-03-27 02:27:47 |[34;20m INFO     [0m|[34;20m nipype.workflow  [0m|[34;20m [Node] Setting-up "mriqc_wf.funcMRIQC.fMRI_HMC.ComputeFD" in "/local/nvme/ds004996_12.784026/ds/tmp/mriqc_wf/funcMRIQC/fMRI_HMC/875acb4ee13ac039eb5500c9ecc8484e33329e43/ComputeFD".[0m
2026-03-27 02:27:47 |[34;20m INFO     [0m|[34;20m nipype.workflow  [0m|[34;20m [Node] Executing "ComputeFD" <nipype.algorithms.confounds.FramewiseDisplacement>[0m
2026-03-27 02:27:47 |[34;20m INFO     [0m|[34;20m nipype.workflow  [0m|[34;20m [Node] Setting-up "_mean0" in "/local/nvme/ds004996_12.784026/ds/tmp/mriqc_wf/funcMRIQC/875acb4ee13ac039eb5500c9ecc8484e33329e43/mean/mapflow/_mean0".[0m
2026-03-27 02:27:47 |[34;20m INFO     [0m|[34;20m nipype.workflow  [0m|[34;20m [Node] Executing "_mean0" <nipype.interfaces.afni.utils.TStat>[0m
2026-03-27 02:27:47 |[34;20m INFO     [0m|[34;20m nipype.workflow  [0m|[34;20m [Node] Setting-up "_compute_tsnr0" in "/local/nvme/ds004996_12.784026/ds/tmp/mriqc_wf/funcMRIQC/875acb4ee13ac039eb5500c9ecc8484e33329e43/compute_tsnr/mapflow/_compute_tsnr0".[0m
2026-03-27 02:27:47 |[34;20m INFO     [0m|[34;20m nipype.workflow  [0m|[34;20m [Node] Executing "_compute_tsnr0" <nipype.algorithms.confounds.TSNR>[0m
2026-03-27 02:27:47 |[34;20m INFO     [0m|[34;20m nipype.workflow  [0m|[34;20m [Node] Setting-up "_quality0" in "/local/nvme/ds004996_12.784026/ds/tmp/mriqc_wf/funcMRIQC/ComputeIQMs/875acb4ee13ac039eb5500c9ecc8484e33329e43/quality/mapflow/_quality0".[0m
2026-03-27 02:27:47 |[34;20m INFO     [0m|[34;20m nipype.workflow  [0m|[34;20m [Node] Finished "ComputeFD", elapsed time 0.007925s.[0m
2026-03-27 02:27:47 |[34;20m INFO     [0m|[34;20m nipype.workflow  [0m|[34;20m [Node] Executing "_quality0" <nipype.interfaces.afni.preprocess.QualityIndex>[0m
2026-03-27 02:27:49 |[34;20m INFO     [0m|[34;20m nipype.workflow  [0m|[34;20m [Node] Finished "_compute_tsnr0", elapsed time 2.04937s.[0m
2026-03-27 02:27:51 |[34;20m INFO     [0m|[34;20m nipype.workflow  [0m|[34;20m [Node] Finished "_mean0", elapsed time 3.847179s.[0m
2026-03-27 02:27:51 |[34;20m INFO     [0m|[34;20m nipype.workflow  [0m|[34;20m [Node] Setting-up "mriqc_wf.funcMRIQC.synthstrip_wf.pre_clip" in "/local/nvme/ds004996_12.784026/ds/tmp/mriqc_wf/funcMRIQC/synthstrip_wf/875acb4ee13ac039eb5500c9ecc8484e33329e43/pre_clip".[0m
2026-03-27 02:27:51 |[34;20m INFO     [0m|[34;20m nipype.workflow  [0m|[34;20m [Node] Setting-up "mriqc_wf.funcMRIQC.SpatialNormalization.SharpenEPI" in "/local/nvme/ds004996_12.784026/ds/tmp/mriqc_wf/funcMRIQC/SpatialNormalization/875acb4ee13ac039eb5500c9ecc8484e33329e43/SharpenEPI".[0m
2026-03-27 02:27:51 |[34;20m INFO     [0m|[34;20m nipype.workflow  [0m|[34;20m [Node] Executing "SharpenEPI" <nipype.interfaces.ants.segmentation.N4BiasFieldCorrection>[0m
2026-03-27 02:27:51 |[34;20m INFO     [0m|[34;20m nipype.workflow  [0m|[34;20m [Node] Executing "pre_clip" <niworkflows.interfaces.nibabel.IntensityClip>[0m
2026-03-27 02:27:51 |[34;20m INFO     [0m|[34;20m nipype.workflow  [0m|[34;20m [Node] Setting-up "_PlotMosaicMean0" in "/local/nvme/ds004996_12.784026/ds/tmp/mriqc_wf/funcMRIQC/func_report_wf/875acb4ee13ac039eb5500c9ecc8484e33329e43/PlotMosaicMean/mapflow/_PlotMosaicMean0".[0m
2026-03-27 02:27:51 |[34;20m INFO     [0m|[34;20m nipype.workflow  [0m|[34;20m [Node] Executing "_PlotMosaicMean0" <nireports.interfaces.mosaic.PlotMosaic>[0m
2026-03-27 02:27:51 |[34;20m INFO     [0m|[34;20m nipype.workflow  [0m|[34;20m [Node] Setting-up "_PlotMosaicNoise0" in "/local/nvme/ds004996_12.784026/ds/tmp/mriqc_wf/funcMRIQC/func_report_wf/875acb4ee13ac039eb5500c9ecc8484e33329e43/PlotMosaicNoise/mapflow/_PlotMosaicNoise0".[0m
2026-03-27 02:27:51 |[34;20m INFO     [0m|[34;20m nipype.workflow  [0m|[34;20m [Node] Setting-up "_PlotMosaicSD0" in "/local/nvme/ds004996_12.784026/ds/tmp/mriqc_wf/funcMRIQC/func_report_wf/875acb4ee13ac039eb5500c9ecc8484e33329e43/PlotMosaicSD/mapflow/_PlotMosaicSD0".[0m
2026-03-27 02:27:51 |[34;20m INFO     [0m|[34;20m nipype.workflow  [0m|[34;20m [Node] Executing "_PlotMosaicSD0" <nireports.interfaces.mosaic.PlotMosaic>[0m
2026-03-27 02:27:51 |[34;20m INFO     [0m|[34;20m nipype.workflow  [0m|[34;20m [Node] Executing "_PlotMosaicNoise0" <nireports.interfaces.mosaic.PlotMosaic>[0m
2026-03-27 02:27:52 |[34;20m INFO     [0m|[34;20m nipype.workflow  [0m|[34;20m [Node] Finished "pre_clip", elapsed time 0.847562s.[0m
2026-03-27 02:27:52 |[34;20m INFO     [0m|[34;20m nipype.workflow  [0m|[34;20m [Node] Finished "_PlotMosaicSD0", elapsed time 1.407153s.[0m
2026-03-27 02:27:52 |[34;20m INFO     [0m|[34;20m nipype.workflow  [0m|[34;20m [Node] Finished "_PlotMosaicMean0", elapsed time 1.4318629999999999s.[0m
2026-03-27 02:27:52 |[34;20m INFO     [0m|[34;20m nipype.workflow  [0m|[34;20m [Node] Finished "_PlotMosaicNoise0", elapsed time 1.434123s.[0m
2026-03-27 02:27:53 |[34;20m INFO     [0m|[34;20m nipype.workflow  [0m|[34;20m [Node] Setting-up "_ds_report_mean0" in "/local/nvme/ds004996_12.784026/ds/tmp/mriqc_wf/funcMRIQC/func_report_wf/875acb4ee13ac039eb5500c9ecc8484e33329e43/ds_report_mean/mapflow/_ds_report_mean0".[0m
2026-03-27 02:27:53 |[34;20m INFO     [0m|[34;20m nipype.workflow  [0m|[34;20m [Node] Executing "_ds_report_mean0" <mriqc.interfaces.DerivativesDataSink>[0m
2026-03-27 02:27:53 |[34;20m INFO     [0m|[34;20m nipype.workflow  [0m|[34;20m [Node] Finished "_ds_report_mean0", elapsed time 0.009032s.[0m
2026-03-27 02:27:53 |[34;20m INFO     [0m|[34;20m nipype.workflow  [0m|[34;20m [Node] Setting-up "_ds_report_background0" in "/local/nvme/ds004996_12.784026/ds/tmp/mriqc_wf/funcMRIQC/func_report_wf/875acb4ee13ac039eb5500c9ecc8484e33329e43/ds_report_background/mapflow/_ds_report_background0".[0m
2026-03-27 02:27:53 |[34;20m INFO     [0m|[34;20m nipype.workflow  [0m|[34;20m [Node] Executing "_ds_report_background0" <mriqc.interfaces.DerivativesDataSink>[0m
2026-03-27 02:27:53 |[34;20m INFO     [0m|[34;20m nipype.workflow  [0m|[34;20m [Node] Finished "_ds_report_background0", elapsed time 0.005004s.[0m
2026-03-27 02:27:53 |[34;20m INFO     [0m|[34;20m nipype.workflow  [0m|[34;20m [Node] Setting-up "_ds_report_stdev0" in "/local/nvme/ds004996_12.784026/ds/tmp/mriqc_wf/funcMRIQC/func_report_wf/875acb4ee13ac039eb5500c9ecc8484e33329e43/ds_report_stdev/mapflow/_ds_report_stdev0".[0m
2026-03-27 02:27:53 |[34;20m INFO     [0m|[34;20m nipype.workflow  [0m|[34;20m [Node] Executing "_ds_report_stdev0" <mriqc.interfaces.DerivativesDataSink>[0m
2026-03-27 02:27:53 |[34;20m INFO     [0m|[34;20m nipype.workflow  [0m|[34;20m [Node] Finished "_ds_report_stdev0", elapsed time 0.005123s.[0m
2026-03-27 02:27:55 |[34;20m INFO     [0m|[34;20m nipype.workflow  [0m|[34;20m [Node] Finished "SharpenEPI", elapsed time 4.431073s.[0m
2026-03-27 02:27:58 |[34;20m INFO     [0m|[34;20m nipype.workflow  [0m|[34;20m [Node] Finished "_quality0", elapsed time 11.554373s.[0m
2026-03-27 02:27:59 |[34;20m INFO     [0m|[34;20m nipype.workflow  [0m|[34;20m [Node] Setting-up "_apply_hmc0" in "/local/nvme/ds004996_12.784026/ds/tmp/mriqc_wf/funcMRIQC/fMRI_HMC/470a6be4f9080d510730da815448a15c2c3af36a/apply_hmc/mapflow/_apply_hmc0".[0m
2026-03-27 02:27:59 |[34;20m INFO     [0m|[34;20m nipype.workflow  [0m|[34;20m [Node] Executing "_apply_hmc0" <nipype.interfaces.utility.wrappers.Function>[0m
2026-03-27 02:28:20 |[34;20m INFO     [0m|[34;20m nipype.workflow  [0m|[34;20m [Node] Finished "_apply_hmc0", elapsed time 21.780427s.[0m
2026-03-27 02:28:21 |[34;20m INFO     [0m|[34;20m nipype.workflow  [0m|[34;20m [Node] Setting-up "_apply_hmc0" in "/local/nvme/ds004996_12.784026/ds/tmp/mriqc_wf/funcMRIQC/fMRI_HMC/23a770b2eacfb9b4beab0cb06fd4857934b277ec/apply_hmc/mapflow/_apply_hmc0".[0m
2026-03-27 02:28:21 |[34;20m INFO     [0m|[34;20m nipype.workflow  [0m|[34;20m [Node] Executing "_apply_hmc0" <nipype.interfaces.utility.wrappers.Function>[0m
2026-03-27 02:28:43 |[34;20m INFO     [0m|[34;20m nipype.workflow  [0m|[34;20m [Node] Finished "_apply_hmc0", elapsed time 22.016754s.[0m
2026-03-27 02:28:45 |[34;20m INFO     [0m|[34;20m nipype.workflow  [0m|[34;20m [Node] Setting-up "_quality0" in "/local/nvme/ds004996_12.784026/ds/tmp/mriqc_wf/funcMRIQC/ComputeIQMs/470a6be4f9080d510730da815448a15c2c3af36a/quality/mapflow/_quality0".[0m
2026-03-27 02:28:45 |[34;20m INFO     [0m|[34;20m nipype.workflow  [0m|[34;20m [Node] Setting-up "_mean0" in "/local/nvme/ds004996_12.784026/ds/tmp/mriqc_wf/funcMRIQC/470a6be4f9080d510730da815448a15c2c3af36a/mean/mapflow/_mean0".[0m
2026-03-27 02:28:45 |[34;20m INFO     [0m|[34;20m nipype.workflow  [0m|[34;20m [Node] Executing "_quality0" <nipype.interfaces.afni.preprocess.QualityIndex>[0m
2026-03-27 02:28:45 |[34;20m INFO     [0m|[34;20m nipype.workflow  [0m|[34;20m [Node] Setting-up "_mean0" in "/local/nvme/ds004996_12.784026/ds/tmp/mriqc_wf/funcMRIQC/23a770b2eacfb9b4beab0cb06fd4857934b277ec/mean/mapflow/_mean0".[0m
2026-03-27 02:28:45 |[34;20m INFO     [0m|[34;20m nipype.workflow  [0m|[34;20m [Node] Setting-up "_compute_tsnr0" in "/local/nvme/ds004996_12.784026/ds/tmp/mriqc_wf/funcMRIQC/470a6be4f9080d510730da815448a15c2c3af36a/compute_tsnr/mapflow/_compute_tsnr0".[0m
2026-03-27 02:28:45 |[34;20m INFO     [0m|[34;20m nipype.workflow  [0m|[34;20m [Node] Executing "_mean0" <nipype.interfaces.afni.utils.TStat>[0m
2026-03-27 02:28:45 |[34;20m INFO     [0m|[34;20m nipype.workflow  [0m|[34;20m [Node] Setting-up "_quality0" in "/local/nvme/ds004996_12.784026/ds/tmp/mriqc_wf/funcMRIQC/ComputeIQMs/23a770b2eacfb9b4beab0cb06fd4857934b277ec/quality/mapflow/_quality0".[0m
2026-03-27 02:28:45 |[34;20m INFO     [0m|[34;20m nipype.workflow  [0m|[34;20m [Node] Executing "_mean0" <nipype.interfaces.afni.utils.TStat>[0m
2026-03-27 02:28:45 |[34;20m INFO     [0m|[34;20m nipype.workflow  [0m|[34;20m [Node] Executing "_compute_tsnr0" <nipype.algorithms.confounds.TSNR>[0m
2026-03-27 02:28:45 |[34;20m INFO     [0m|[34;20m nipype.workflow  [0m|[34;20m [Node] Executing "_quality0" <nipype.interfaces.afni.preprocess.QualityIndex>[0m
2026-03-27 02:28:45 |[34;20m INFO     [0m|[34;20m nipype.workflow  [0m|[34;20m [Node] Setting-up "_compute_tsnr0" in "/local/nvme/ds004996_12.784026/ds/tmp/mriqc_wf/funcMRIQC/23a770b2eacfb9b4beab0cb06fd4857934b277ec/compute_tsnr/mapflow/_compute_tsnr0".[0m
2026-03-27 02:28:45 |[34;20m INFO     [0m|[34;20m nipype.workflow  [0m|[34;20m [Node] Executing "_compute_tsnr0" <nipype.algorithms.confounds.TSNR>[0m
2026-03-27 02:28:48 |[34;20m INFO     [0m|[34;20m nipype.workflow  [0m|[34;20m [Node] Finished "_compute_tsnr0", elapsed time 3.232669s.[0m
2026-03-27 02:28:48 |[34;20m INFO     [0m|[34;20m nipype.workflow  [0m|[34;20m [Node] Finished "_compute_tsnr0", elapsed time 3.251438s.[0m
2026-03-27 02:28:48 |[34;20m INFO     [0m|[34;20m nipype.workflow  [0m|[34;20m [Node] Finished "_mean0", elapsed time 3.652882s.[0m
2026-03-27 02:28:49 |[34;20m INFO     [0m|[34;20m nipype.workflow  [0m|[34;20m [Node] Finished "_mean0", elapsed time 3.828027s.[0m
2026-03-27 02:28:49 |[34;20m INFO     [0m|[34;20m nipype.workflow  [0m|[34;20m [Node] Setting-up "mriqc_wf.funcMRIQC.synthstrip_wf.pre_clip" in "/local/nvme/ds004996_12.784026/ds/tmp/mriqc_wf/funcMRIQC/synthstrip_wf/470a6be4f9080d510730da815448a15c2c3af36a/pre_clip".[0m
2026-03-27 02:28:49 |[34;20m INFO     [0m|[34;20m nipype.workflow  [0m|[34;20m [Node] Setting-up "mriqc_wf.funcMRIQC.SpatialNormalization.SharpenEPI" in "/local/nvme/ds004996_12.784026/ds/tmp/mriqc_wf/funcMRIQC/SpatialNormalization/470a6be4f9080d510730da815448a15c2c3af36a/SharpenEPI".[0m
2026-03-27 02:28:49 |[34;20m INFO     [0m|[34;20m nipype.workflow  [0m|[34;20m [Node] Executing "pre_clip" <niworkflows.interfaces.nibabel.IntensityClip>[0m
2026-03-27 02:28:49 |[34;20m INFO     [0m|[34;20m nipype.workflow  [0m|[34;20m [Node] Executing "SharpenEPI" <nipype.interfaces.ants.segmentation.N4BiasFieldCorrection>[0m
2026-03-27 02:28:49 |[34;20m INFO     [0m|[34;20m nipype.workflow  [0m|[34;20m [Node] Setting-up "mriqc_wf.funcMRIQC.synthstrip_wf.pre_clip" in "/local/nvme/ds004996_12.784026/ds/tmp/mriqc_wf/funcMRIQC/synthstrip_wf/23a770b2eacfb9b4beab0cb06fd4857934b277ec/pre_clip".[0m
2026-03-27 02:28:49 |[34;20m INFO     [0m|[34;20m nipype.workflow  [0m|[34;20m [Node] Setting-up "_PlotMosaicMean0" in "/local/nvme/ds004996_12.784026/ds/tmp/mriqc_wf/funcMRIQC/func_report_wf/470a6be4f9080d510730da815448a15c2c3af36a/PlotMosaicMean/mapflow/_PlotMosaicMean0".[0m
2026-03-27 02:28:49 |[34;20m INFO     [0m|[34;20m nipype.workflow  [0m|[34;20m [Node] Setting-up "_PlotMosaicNoise0" in "/local/nvme/ds004996_12.784026/ds/tmp/mriqc_wf/funcMRIQC/func_report_wf/470a6be4f9080d510730da815448a15c2c3af36a/PlotMosaicNoise/mapflow/_PlotMosaicNoise0".[0m
2026-03-27 02:28:49 |[34;20m INFO     [0m|[34;20m nipype.workflow  [0m|[34;20m [Node] Executing "pre_clip" <niworkflows.interfaces.nibabel.IntensityClip>[0m
2026-03-27 02:28:49 |[34;20m INFO     [0m|[34;20m nipype.workflow  [0m|[34;20m [Node] Setting-up "_PlotMosaicSD0" in "/local/nvme/ds004996_12.784026/ds/tmp/mriqc_wf/funcMRIQC/func_report_wf/470a6be4f9080d510730da815448a15c2c3af36a/PlotMosaicSD/mapflow/_PlotMosaicSD0".[0m
2026-03-27 02:28:49 |[34;20m INFO     [0m|[34;20m nipype.workflow  [0m|[34;20m [Node] Executing "_PlotMosaicNoise0" <nireports.interfaces.mosaic.PlotMosaic>[0m
2026-03-27 02:28:49 |[34;20m INFO     [0m|[34;20m nipype.workflow  [0m|[34;20m [Node] Executing "_PlotMosaicSD0" <nireports.interfaces.mosaic.PlotMosaic>[0m
2026-03-27 02:28:49 |[34;20m INFO     [0m|[34;20m nipype.workflow  [0m|[34;20m [Node] Executing "_PlotMosaicMean0" <nireports.interfaces.mosaic.PlotMosaic>[0m
2026-03-27 02:28:50 |[34;20m INFO     [0m|[34;20m nipype.workflow  [0m|[34;20m [Node] Finished "pre_clip", elapsed time 0.866249s.[0m
2026-03-27 02:28:50 |[34;20m INFO     [0m|[34;20m nipype.workflow  [0m|[34;20m [Node] Finished "pre_clip", elapsed time 0.914344s.[0m
2026-03-27 02:28:50 |[34;20m INFO     [0m|[34;20m nipype.workflow  [0m|[34;20m [Node] Finished "_PlotMosaicMean0", elapsed time 1.658843s.[0m
2026-03-27 02:28:51 |[34;20m INFO     [0m|[34;20m nipype.workflow  [0m|[34;20m [Node] Finished "_PlotMosaicNoise0", elapsed time 1.84131s.[0m
2026-03-27 02:28:51 |[34;20m INFO     [0m|[34;20m nipype.workflow  [0m|[34;20m [Node] Finished "_PlotMosaicSD0", elapsed time 1.844833s.[0m
2026-03-27 02:28:51 |[34;20m INFO     [0m|[34;20m nipype.workflow  [0m|[34;20m [Node] Setting-up "mriqc_wf.funcMRIQC.SpatialNormalization.SharpenEPI" in "/local/nvme/ds004996_12.784026/ds/tmp/mriqc_wf/funcMRIQC/SpatialNormalization/23a770b2eacfb9b4beab0cb06fd4857934b277ec/SharpenEPI".[0m
2026-03-27 02:28:51 |[34;20m INFO     [0m|[34;20m nipype.workflow  [0m|[34;20m [Node] Executing "SharpenEPI" <nipype.interfaces.ants.segmentation.N4BiasFieldCorrection>[0m
2026-03-27 02:28:51 |[34;20m INFO     [0m|[34;20m nipype.workflow  [0m|[34;20m [Node] Setting-up "_PlotMosaicNoise0" in "/local/nvme/ds004996_12.784026/ds/tmp/mriqc_wf/funcMRIQC/func_report_wf/23a770b2eacfb9b4beab0cb06fd4857934b277ec/PlotMosaicNoise/mapflow/_PlotMosaicNoise0".[0m
2026-03-27 02:28:51 |[34;20m INFO     [0m|[34;20m nipype.workflow  [0m|[34;20m [Node] Setting-up "_PlotMosaicMean0" in "/local/nvme/ds004996_12.784026/ds/tmp/mriqc_wf/funcMRIQC/func_report_wf/23a770b2eacfb9b4beab0cb06fd4857934b277ec/PlotMosaicMean/mapflow/_PlotMosaicMean0".[0m
2026-03-27 02:28:51 |[34;20m INFO     [0m|[34;20m nipype.workflow  [0m|[34;20m [Node] Executing "_PlotMosaicNoise0" <nireports.interfaces.mosaic.PlotMosaic>[0m
2026-03-27 02:28:51 |[34;20m INFO     [0m|[34;20m nipype.workflow  [0m|[34;20m [Node] Setting-up "_PlotMosaicSD0" in "/local/nvme/ds004996_12.784026/ds/tmp/mriqc_wf/funcMRIQC/func_report_wf/23a770b2eacfb9b4beab0cb06fd4857934b277ec/PlotMosaicSD/mapflow/_PlotMosaicSD0".[0m
2026-03-27 02:28:51 |[34;20m INFO     [0m|[34;20m nipype.workflow  [0m|[34;20m [Node] Executing "_PlotMosaicMean0" <nireports.interfaces.mosaic.PlotMosaic>[0m
2026-03-27 02:28:51 |[34;20m INFO     [0m|[34;20m nipype.workflow  [0m|[34;20m [Node] Executing "_PlotMosaicSD0" <nireports.interfaces.mosaic.PlotMosaic>[0m
2026-03-27 02:28:51 |[34;20m INFO     [0m|[34;20m nipype.workflow  [0m|[34;20m [Node] Setting-up "_ds_report_mean0" in "/local/nvme/ds004996_12.784026/ds/tmp/mriqc_wf/funcMRIQC/func_report_wf/470a6be4f9080d510730da815448a15c2c3af36a/ds_report_mean/mapflow/_ds_report_mean0".[0m
2026-03-27 02:28:51 |[34;20m INFO     [0m|[34;20m nipype.workflow  [0m|[34;20m [Node] Executing "_ds_report_mean0" <mriqc.interfaces.DerivativesDataSink>[0m
2026-03-27 02:28:51 |[34;20m INFO     [0m|[34;20m nipype.workflow  [0m|[34;20m [Node] Finished "_ds_report_mean0", elapsed time 0.005757s.[0m
2026-03-27 02:28:51 |[34;20m INFO     [0m|[34;20m nipype.workflow  [0m|[34;20m [Node] Setting-up "_ds_report_background0" in "/local/nvme/ds004996_12.784026/ds/tmp/mriqc_wf/funcMRIQC/func_report_wf/470a6be4f9080d510730da815448a15c2c3af36a/ds_report_background/mapflow/_ds_report_background0".[0m
2026-03-27 02:28:51 |[34;20m INFO     [0m|[34;20m nipype.workflow  [0m|[34;20m [Node] Executing "_ds_report_background0" <mriqc.interfaces.DerivativesDataSink>[0m
2026-03-27 02:28:51 |[34;20m INFO     [0m|[34;20m nipype.workflow  [0m|[34;20m [Node] Finished "_ds_report_background0", elapsed time 0.005924s.[0m
2026-03-27 02:28:51 |[34;20m INFO     [0m|[34;20m nipype.workflow  [0m|[34;20m [Node] Setting-up "_ds_report_stdev0" in "/local/nvme/ds004996_12.784026/ds/tmp/mriqc_wf/funcMRIQC/func_report_wf/470a6be4f9080d510730da815448a15c2c3af36a/ds_report_stdev/mapflow/_ds_report_stdev0".[0m
2026-03-27 02:28:51 |[34;20m INFO     [0m|[34;20m nipype.workflow  [0m|[34;20m [Node] Executing "_ds_report_stdev0" <mriqc.interfaces.DerivativesDataSink>[0m
2026-03-27 02:28:51 |[34;20m INFO     [0m|[34;20m nipype.workflow  [0m|[34;20m [Node] Finished "_ds_report_stdev0", elapsed time 0.006011s.[0m
2026-03-27 02:28:52 |[34;20m INFO     [0m|[34;20m nipype.workflow  [0m|[34;20m [Node] Finished "_PlotMosaicMean0", elapsed time 1.63172s.[0m
2026-03-27 02:28:52 |[34;20m INFO     [0m|[34;20m nipype.workflow  [0m|[34;20m [Node] Finished "_PlotMosaicSD0", elapsed time 1.7703069999999999s.[0m
2026-03-27 02:28:53 |[34;20m INFO     [0m|[34;20m nipype.workflow  [0m|[34;20m [Node] Setting-up "_ds_report_mean0" in "/local/nvme/ds004996_12.784026/ds/tmp/mriqc_wf/funcMRIQC/func_report_wf/23a770b2eacfb9b4beab0cb06fd4857934b277ec/ds_report_mean/mapflow/_ds_report_mean0".[0m
2026-03-27 02:28:53 |[34;20m INFO     [0m|[34;20m nipype.workflow  [0m|[34;20m [Node] Executing "_ds_report_mean0" <mriqc.interfaces.DerivativesDataSink>[0m
2026-03-27 02:28:53 |[34;20m INFO     [0m|[34;20m nipype.workflow  [0m|[34;20m [Node] Finished "_ds_report_mean0", elapsed time 0.005173s.[0m
2026-03-27 02:28:53 |[34;20m INFO     [0m|[34;20m nipype.workflow  [0m|[34;20m [Node] Finished "_PlotMosaicNoise0", elapsed time 2.06338s.[0m
2026-03-27 02:28:53 |[34;20m INFO     [0m|[34;20m nipype.workflow  [0m|[34;20m [Node] Setting-up "_ds_report_stdev0" in "/local/nvme/ds004996_12.784026/ds/tmp/mriqc_wf/funcMRIQC/func_report_wf/23a770b2eacfb9b4beab0cb06fd4857934b277ec/ds_report_stdev/mapflow/_ds_report_stdev0".[0m
2026-03-27 02:28:53 |[34;20m INFO     [0m|[34;20m nipype.workflow  [0m|[34;20m [Node] Executing "_ds_report_stdev0" <mriqc.interfaces.DerivativesDataSink>[0m
2026-03-27 02:28:53 |[34;20m INFO     [0m|[34;20m nipype.workflow  [0m|[34;20m [Node] Finished "_ds_report_stdev0", elapsed time 0.00515s.[0m
2026-03-27 02:28:54 |[34;20m INFO     [0m|[34;20m nipype.workflow  [0m|[34;20m [Node] Finished "SharpenEPI", elapsed time 4.884537s.[0m
2026-03-27 02:28:55 |[34;20m INFO     [0m|[34;20m nipype.workflow  [0m|[34;20m [Node] Setting-up "_ds_report_background0" in "/local/nvme/ds004996_12.784026/ds/tmp/mriqc_wf/funcMRIQC/func_report_wf/23a770b2eacfb9b4beab0cb06fd4857934b277ec/ds_report_background/mapflow/_ds_report_background0".[0m
2026-03-27 02:28:55 |[34;20m INFO     [0m|[34;20m nipype.workflow  [0m|[34;20m [Node] Executing "_ds_report_background0" <mriqc.interfaces.DerivativesDataSink>[0m
2026-03-27 02:28:55 |[34;20m INFO     [0m|[34;20m nipype.workflow  [0m|[34;20m [Node] Finished "_ds_report_background0", elapsed time 0.005765s.[0m
2026-03-27 02:28:56 |[34;20m INFO     [0m|[34;20m nipype.workflow  [0m|[34;20m [Node] Finished "SharpenEPI", elapsed time 4.617567s.[0m
2026-03-27 02:28:57 |[34;20m INFO     [0m|[34;20m nipype.workflow  [0m|[34;20m [Node] Finished "_quality0", elapsed time 12.32929s.[0m
2026-03-27 02:28:57 |[34;20m INFO     [0m|[34;20m nipype.workflow  [0m|[34;20m [Node] Finished "_quality0", elapsed time 12.557695s.[0m
2026-03-27 02:28:59 |[34;20m INFO     [0m|[34;20m nipype.workflow  [0m|[34;20m [Node] Setting-up "mriqc_wf.funcMRIQC.synthstrip_wf.pre_n4" in "/local/nvme/ds004996_12.784026/ds/tmp/mriqc_wf/funcMRIQC/synthstrip_wf/875acb4ee13ac039eb5500c9ecc8484e33329e43/pre_n4".[0m
2026-03-27 02:28:59 |[34;20m INFO     [0m|[34;20m nipype.workflow  [0m|[34;20m [Node] Executing "pre_n4" <nipype.interfaces.ants.segmentation.N4BiasFieldCorrection>[0m
2026-03-27 02:29:00 |[34;20m INFO     [0m|[34;20m nipype.workflow  [0m|[34;20m [Node] Finished "pre_n4", elapsed time 1.275479s.[0m
2026-03-27 02:29:01 |[34;20m INFO     [0m|[34;20m nipype.workflow  [0m|[34;20m [Node] Setting-up "mriqc_wf.funcMRIQC.synthstrip_wf.pre_n4" in "/local/nvme/ds004996_12.784026/ds/tmp/mriqc_wf/funcMRIQC/synthstrip_wf/470a6be4f9080d510730da815448a15c2c3af36a/pre_n4".[0m
2026-03-27 02:29:01 |[34;20m INFO     [0m|[34;20m nipype.workflow  [0m|[34;20m [Node] Executing "pre_n4" <nipype.interfaces.ants.segmentation.N4BiasFieldCorrection>[0m
2026-03-27 02:29:02 |[34;20m INFO     [0m|[34;20m nipype.workflow  [0m|[34;20m [Node] Finished "pre_n4", elapsed time 1.338779s.[0m
2026-03-27 02:29:03 |[34;20m INFO     [0m|[34;20m nipype.workflow  [0m|[34;20m [Node] Setting-up "mriqc_wf.funcMRIQC.synthstrip_wf.pre_n4" in "/local/nvme/ds004996_12.784026/ds/tmp/mriqc_wf/funcMRIQC/synthstrip_wf/23a770b2eacfb9b4beab0cb06fd4857934b277ec/pre_n4".[0m
2026-03-27 02:29:03 |[34;20m INFO     [0m|[34;20m nipype.workflow  [0m|[34;20m [Node] Executing "pre_n4" <nipype.interfaces.ants.segmentation.N4BiasFieldCorrection>[0m
2026-03-27 02:29:05 |[34;20m INFO     [0m|[34;20m nipype.workflow  [0m|[34;20m [Node] Finished "pre_n4", elapsed time 1.463464s.[0m
2026-03-27 02:29:05 |[34;20m INFO     [0m|[34;20m nipype.workflow  [0m|[34;20m [Node] Setting-up "mriqc_wf.funcMRIQC.synthstrip_wf.synthstrip" in "/local/nvme/ds004996_12.784026/ds/tmp/mriqc_wf/funcMRIQC/synthstrip_wf/875acb4ee13ac039eb5500c9ecc8484e33329e43/synthstrip".[0m
2026-03-27 02:29:05 |[34;20m INFO     [0m|[34;20m nipype.workflow  [0m|[34;20m [Node] Executing "synthstrip" <mriqc.interfaces.synthstrip.SynthStrip>[0m
2026-03-27 02:29:29 |[34;20m INFO     [0m|[34;20m nipype.workflow  [0m|[34;20m [Node] Finished "synthstrip", elapsed time 24.781103s.[0m
2026-03-27 02:29:31 |[34;20m INFO     [0m|[34;20m nipype.workflow  [0m|[34;20m [Node] Setting-up "mriqc_wf.funcMRIQC.synthstrip_wf.synthstrip" in "/local/nvme/ds004996_12.784026/ds/tmp/mriqc_wf/funcMRIQC/synthstrip_wf/470a6be4f9080d510730da815448a15c2c3af36a/synthstrip".[0m
2026-03-27 02:29:31 |[34;20m INFO     [0m|[34;20m nipype.workflow  [0m|[34;20m [Node] Executing "synthstrip" <mriqc.interfaces.synthstrip.SynthStrip>[0m
2026-03-27 02:29:56 |[34;20m INFO     [0m|[34;20m nipype.workflow  [0m|[34;20m [Node] Finished "synthstrip", elapsed time 25.50452s.[0m
2026-03-27 02:29:57 |[34;20m INFO     [0m|[34;20m nipype.workflow  [0m|[34;20m [Node] Setting-up "mriqc_wf.funcMRIQC.synthstrip_wf.synthstrip" in "/local/nvme/ds004996_12.784026/ds/tmp/mriqc_wf/funcMRIQC/synthstrip_wf/23a770b2eacfb9b4beab0cb06fd4857934b277ec/synthstrip".[0m
2026-03-27 02:29:57 |[34;20m INFO     [0m|[34;20m nipype.workflow  [0m|[34;20m [Node] Executing "synthstrip" <mriqc.interfaces.synthstrip.SynthStrip>[0m
2026-03-27 02:30:26 |[34;20m INFO     [0m|[34;20m nipype.workflow  [0m|[34;20m [Node] Finished "synthstrip", elapsed time 29.486686s.[0m
2026-03-27 02:30:27 |[34;20m INFO     [0m|[34;20m nipype.workflow  [0m|[34;20m [Node] Setting-up "mriqc_wf.funcMRIQC.synthstrip_wf.post_n4" in "/local/nvme/ds004996_12.784026/ds/tmp/mriqc_wf/funcMRIQC/synthstrip_wf/875acb4ee13ac039eb5500c9ecc8484e33329e43/post_n4".[0m
2026-03-27 02:30:27 |[34;20m INFO     [0m|[34;20m nipype.workflow  [0m|[34;20m [Node] Executing "post_n4" <nipype.interfaces.ants.segmentation.N4BiasFieldCorrection>[0m
2026-03-27 02:30:28 |[34;20m INFO     [0m|[34;20m nipype.workflow  [0m|[34;20m [Node] Finished "post_n4", elapsed time 1.101675s.[0m
2026-03-27 02:30:29 |[34;20m INFO     [0m|[34;20m nipype.workflow  [0m|[34;20m [Node] Setting-up "mriqc_wf.funcMRIQC.SpatialNormalization.EPI2MNI" in "/local/nvme/ds004996_12.784026/ds/tmp/mriqc_wf/funcMRIQC/SpatialNormalization/875acb4ee13ac039eb5500c9ecc8484e33329e43/EPI2MNI".[0m
2026-03-27 02:30:29 |[34;20m INFO     [0m|[34;20m nipype.workflow  [0m|[34;20m [Node] Executing "EPI2MNI" <niworkflows.interfaces.reportlets.registration.SpatialNormalizationRPT>[0m
2026-03-27 02:30:29 |[34;20m INFO     [0m|[34;20m niworkflows      [0m|[34;20m Estimating initial transform using AffineInitializer[0m
2026-03-27 02:30:35 |[34;20m INFO     [0m|[34;20m niworkflows      [0m|[34;20m Loading settings from file /opt/conda/lib/python3.11/site-packages/niworkflows/data/boldref-mni_registration_precise_000.json.[0m
2026-03-27 02:30:35 |[34;20m INFO     [0m|[34;20m niworkflows      [0m|[34;20m Retry #1, commandline: 
antsRegistration --collapse-output-transforms 1 --dimensionality 3 --float 0 --initial-moving-transform [ /local/nvme/ds004996_12.784026/ds/tmp/mriqc_wf/funcMRIQC/SpatialNormalization/875acb4ee13ac039eb5500c9ecc8484e33329e43/EPI2MNI/transform.mat, 0 ] --initialize-transforms-per-stage 0 --interpolation LanczosWindowedSinc --output [ epi_to_mni, epi_to_mni_Warped.nii.gz ] --transform Rigid[ 0.05 ] --metric Mattes[ /templateflow/tpl-MNI152NLin2009cAsym/tpl-MNI152NLin2009cAsym_res-02_desc-fMRIPrep_boldref.nii.gz, /local/nvme/ds004996_12.784026/ds/tmp/mriqc_wf/funcMRIQC/SpatialNormalization/875acb4ee13ac039eb5500c9ecc8484e33329e43/SharpenEPI/sub-12_task-conversation_run-01_desc-realigned_bold_tstat_corrected.nii.gz, 1, 56, Regular, 0.25 ] --convergence [ 10000x1000x100, 1e-06, 20 ] --smoothing-sigmas 4.0x2.0x1.0vox --shrink-factors 4x2x1 --use-histogram-matching 1 --masks [ /templateflow/tpl-MNI152NLin2009cAsym/tpl-MNI152NLin2009cAsym_res-02_desc-brain_mask.nii.gz, /local/nvme/ds004996_12.784026/ds/tmp/mriqc_wf/funcMRIQC/synthstrip_wf/875acb4ee13ac039eb5500c9ecc8484e33329e43/synthstrip/clipped_corrected_desc-brain_mask.nii.gz ] --transform Affine[ 0.08 ] --metric Mattes[ /templateflow/tpl-MNI152NLin2009cAsym/tpl-MNI152NLin2009cAsym_res-02_desc-fMRIPrep_boldref.nii.gz, /local/nvme/ds004996_12.784026/ds/tmp/mriqc_wf/funcMRIQC/SpatialNormalization/875acb4ee13ac039eb5500c9ecc8484e33329e43/SharpenEPI/sub-12_task-conversation_run-01_desc-realigned_bold_tstat_corrected.nii.gz, 1, 56, Regular, 0.25 ] --convergence [ 500x250x100, 1e-06, 20 ] --smoothing-sigmas 4.0x2.0x1.0vox --shrink-factors 8x4x2 --use-histogram-matching 1 --masks [ /templateflow/tpl-MNI152NLin2009cAsym/tpl-MNI152NLin2009cAsym_res-02_desc-brain_mask.nii.gz, /local/nvme/ds004996_12.784026/ds/tmp/mriqc_wf/funcMRIQC/synthstrip_wf/875acb4ee13ac039eb5500c9ecc8484e33329e43/synthstrip/clipped_corrected_desc-brain_mask.nii.gz ] --transform SyN[ 0.1, 3.0, 0.0 ] --metric CC[ /templateflow/tpl-MNI152NLin2009cAsym/tpl-MNI152NLin2009cAsym_res-02_desc-fMRIPrep_boldref.nii.gz, /local/nvme/ds004996_12.784026/ds/tmp/mriqc_wf/funcMRIQC/SpatialNormalization/875acb4ee13ac039eb5500c9ecc8484e33329e43/SharpenEPI/sub-12_task-conversation_run-01_desc-realigned_bold_tstat_corrected.nii.gz, 1, 4, None, 1 ] --convergence [ 100x30x20, 1e-06, 10 ] --smoothing-sigmas 3.0x2.0x1.0vox --shrink-factors 8x4x2 --use-histogram-matching 1 --masks [ /templateflow/tpl-MNI152NLin2009cAsym/tpl-MNI152NLin2009cAsym_res-02_desc-brain_mask.nii.gz, /local/nvme/ds004996_12.784026/ds/tmp/mriqc_wf/funcMRIQC/synthstrip_wf/875acb4ee13ac039eb5500c9ecc8484e33329e43/synthstrip/clipped_corrected_desc-brain_mask.nii.gz ] --winsorize-image-intensities [ 0.005, 0.995 ]  --write-composite-transform 1[0m
2026-03-27 02:30:49 |[34;20m INFO     [0m|[34;20m niworkflows      [0m|[34;20m Successful spatial normalization (retry #1).[0m
2026-03-27 02:30:49 |[34;20m INFO     [0m|[34;20m niworkflows      [0m|[34;20m Report - setting fixed (/templateflow/tpl-MNI152NLin2009cAsym/tpl-MNI152NLin2009cAsym_res-02_desc-fMRIPrep_boldref.nii.gz) and moving (/local/nvme/ds004996_12.784026/ds/tmp/mriqc_wf/funcMRIQC/SpatialNormalization/875acb4ee13ac039eb5500c9ecc8484e33329e43/EPI2MNI/epi_to_mni_Warped.nii.gz) images[0m
2026-03-27 02:30:49 |[34;20m INFO     [0m|[34;20m niworkflows      [0m|[34;20m Generating visual report[0m
2026-03-27 02:31:07 |[34;20m INFO     [0m|[34;20m nipype.workflow  [0m|[34;20m [Node] Finished "EPI2MNI", elapsed time 38.282849s.[0m
2026-03-27 02:31:09 |[34;20m INFO     [0m|[34;20m nipype.workflow  [0m|[34;20m [Node] Setting-up "mriqc_wf.funcMRIQC.func_report_wf.dilated_mask" in "/local/nvme/ds004996_12.784026/ds/tmp/mriqc_wf/funcMRIQC/func_report_wf/875acb4ee13ac039eb5500c9ecc8484e33329e43/dilated_mask".[0m
2026-03-27 02:31:09 |[34;20m INFO     [0m|[34;20m nipype.workflow  [0m|[34;20m [Node] Setting-up "_ComputeDVARS0" in "/local/nvme/ds004996_12.784026/ds/tmp/mriqc_wf/funcMRIQC/ComputeIQMs/875acb4ee13ac039eb5500c9ecc8484e33329e43/ComputeDVARS/mapflow/_ComputeDVARS0".[0m
2026-03-27 02:31:09 |[34;20m INFO     [0m|[34;20m nipype.workflow  [0m|[34;20m [Node] Setting-up "_smoothness0" in "/local/nvme/ds004996_12.784026/ds/tmp/mriqc_wf/funcMRIQC/ComputeIQMs/875acb4ee13ac039eb5500c9ecc8484e33329e43/smoothness/mapflow/_smoothness0".[0m
2026-03-27 02:31:09 |[34;20m INFO     [0m|[34;20m nipype.workflow  [0m|[34;20m [Node] Executing "dilated_mask" <niworkflows.interfaces.morphology.BinaryDilation>[0m
2026-03-27 02:31:09 |[34;20m INFO     [0m|[34;20m nipype.workflow  [0m|[34;20m [Node] Setting-up "_outliers0" in "/local/nvme/ds004996_12.784026/ds/tmp/mriqc_wf/funcMRIQC/ComputeIQMs/875acb4ee13ac039eb5500c9ecc8484e33329e43/outliers/mapflow/_outliers0".[0m
2026-03-27 02:31:09 |[34;20m INFO     [0m|[34;20m nipype.workflow  [0m|[34;20m [Node] Executing "_smoothness0" <nipype.interfaces.afni.utils.FWHMx>[0m
2026-03-27 02:31:09 |[34;20m INFO     [0m|[34;20m nipype.workflow  [0m|[34;20m [Node] Setting-up "mriqc_wf.funcMRIQC.func_report_wf.PlotBrainmask" in "/local/nvme/ds004996_12.784026/ds/tmp/mriqc_wf/funcMRIQC/func_report_wf/875acb4ee13ac039eb5500c9ecc8484e33329e43/PlotBrainmask".[0m
2026-03-27 02:31:09 |[34;20m INFO     [0m|[34;20m nipype.workflow  [0m|[34;20m [Node] Executing "_ComputeDVARS0" <nipype.algorithms.confounds.ComputeDVARS>[0m
2026-03-27 02:31:09 |[34;20m INFO     [0m|[34;20m nipype.workflow  [0m|[34;20m [Node] Executing "_outliers0" <nipype.interfaces.afni.preprocess.OutlierCount>[0m
2026-03-27 02:31:09 |[34;20m INFO     [0m|[34;20m nipype.workflow  [0m|[34;20m [Node] Setting-up "_gcor0" in "/local/nvme/ds004996_12.784026/ds/tmp/mriqc_wf/funcMRIQC/ComputeIQMs/875acb4ee13ac039eb5500c9ecc8484e33329e43/gcor/mapflow/_gcor0".[0m
2026-03-27 02:31:09 |[34;20m INFO     [0m|[34;20m nipype.workflow  [0m|[34;20m [Node] Executing "PlotBrainmask" <nireports.interfaces.mosaic.PlotContours>[0m
2026-03-27 02:31:09 |[34;20m INFO     [0m|[34;20m nipype.workflow  [0m|[34;20m [Node] Setting-up "_PlotMosaicZoomed0" in "/local/nvme/ds004996_12.784026/ds/tmp/mriqc_wf/funcMRIQC/func_report_wf/875acb4ee13ac039eb5500c9ecc8484e33329e43/PlotMosaicZoomed/mapflow/_PlotMosaicZoomed0".[0m
2026-03-27 02:31:09 |[34;20m INFO     [0m|[34;20m nipype.workflow  [0m|[34;20m [Node] Executing "_gcor0" <mriqc.interfaces.transitional.GCOR>[0m
2026-03-27 02:31:09 |[34;20m INFO     [0m|[34;20m nipype.workflow  [0m|[34;20m [Node] Setting-up "_ComputeDVARS0" in "/local/nvme/ds004996_12.784026/ds/tmp/mriqc_wf/funcMRIQC/ComputeIQMs/470a6be4f9080d510730da815448a15c2c3af36a/ComputeDVARS/mapflow/_ComputeDVARS0".[0m
2026-03-27 02:31:09 |[34;20m INFO     [0m|[34;20m nipype.workflow  [0m|[34;20m [Node] Executing "_PlotMosaicZoomed0" <nireports.interfaces.mosaic.PlotMosaic>[0m
2026-03-27 02:31:09 |[34;20m INFO     [0m|[34;20m nipype.workflow  [0m|[34;20m [Node] Executing "_ComputeDVARS0" <nipype.algorithms.confounds.ComputeDVARS>[0m
2026-03-27 02:31:09 |[34;20m INFO     [0m|[34;20m nipype.workflow  [0m|[34;20m [Node] Finished "dilated_mask", elapsed time 0.060282s.[0m
2026-03-27 02:31:09 |[34;20m INFO     [0m|[34;20m nipype.workflow  [0m|[34;20m [Node] Finished "_smoothness0", elapsed time 0.780372s.[0m
2026-03-27 02:31:10 |[34;20m INFO     [0m|[34;20m nipype.workflow  [0m|[34;20m [Node] Finished "PlotBrainmask", elapsed time 1.385755s.[0m
2026-03-27 02:31:10 |[34;20m INFO     [0m|[34;20m nipype.workflow  [0m|[34;20m [Node] Finished "_PlotMosaicZoomed0", elapsed time 1.667218s.[0m
2026-03-27 02:31:11 |[34;20m INFO     [0m|[34;20m nipype.workflow  [0m|[34;20m [Node] Setting-up "mriqc_wf.funcMRIQC.func_report_wf.dilated_mask" in "/local/nvme/ds004996_12.784026/ds/tmp/mriqc_wf/funcMRIQC/func_report_wf/470a6be4f9080d510730da815448a15c2c3af36a/dilated_mask".[0m
2026-03-27 02:31:11 |[34;20m INFO     [0m|[34;20m nipype.workflow  [0m|[34;20m [Node] Setting-up "_smoothness0" in "/local/nvme/ds004996_12.784026/ds/tmp/mriqc_wf/funcMRIQC/ComputeIQMs/470a6be4f9080d510730da815448a15c2c3af36a/smoothness/mapflow/_smoothness0".[0m
2026-03-27 02:31:11 |[34;20m INFO     [0m|[34;20m nipype.workflow  [0m|[34;20m [Node] Executing "_smoothness0" <nipype.interfaces.afni.utils.FWHMx>[0m
2026-03-27 02:31:11 |[34;20m INFO     [0m|[34;20m nipype.workflow  [0m|[34;20m [Node] Executing "dilated_mask" <niworkflows.interfaces.morphology.BinaryDilation>[0m
2026-03-27 02:31:11 |[34;20m INFO     [0m|[34;20m nipype.workflow  [0m|[34;20m [Node] Setting-up "_outliers0" in "/local/nvme/ds004996_12.784026/ds/tmp/mriqc_wf/funcMRIQC/ComputeIQMs/470a6be4f9080d510730da815448a15c2c3af36a/outliers/mapflow/_outliers0".[0m
2026-03-27 02:31:11 |[34;20m INFO     [0m|[34;20m nipype.workflow  [0m|[34;20m [Node] Setting-up "_gcor0" in "/local/nvme/ds004996_12.784026/ds/tmp/mriqc_wf/funcMRIQC/ComputeIQMs/470a6be4f9080d510730da815448a15c2c3af36a/gcor/mapflow/_gcor0".[0m
2026-03-27 02:31:11 |[34;20m INFO     [0m|[34;20m nipype.workflow  [0m|[34;20m [Node] Executing "_outliers0" <nipype.interfaces.afni.preprocess.OutlierCount>[0m
2026-03-27 02:31:11 |[34;20m INFO     [0m|[34;20m nipype.workflow  [0m|[34;20m [Node] Executing "_gcor0" <mriqc.interfaces.transitional.GCOR>[0m
2026-03-27 02:31:11 |[34;20m INFO     [0m|[34;20m nipype.workflow  [0m|[34;20m [Node] Finished "dilated_mask", elapsed time 0.033408s.[0m
2026-03-27 02:31:12 |[34;20m INFO     [0m|[34;20m nipype.workflow  [0m|[34;20m [Node] Finished "_smoothness0", elapsed time 0.821815s.[0m
2026-03-27 02:31:13 |[34;20m INFO     [0m|[34;20m nipype.workflow  [0m|[34;20m [Node] Setting-up "mriqc_wf.funcMRIQC.func_report_wf.PlotBrainmask" in "/local/nvme/ds004996_12.784026/ds/tmp/mriqc_wf/funcMRIQC/func_report_wf/470a6be4f9080d510730da815448a15c2c3af36a/PlotBrainmask".[0m
2026-03-27 02:31:13 |[34;20m INFO     [0m|[34;20m nipype.workflow  [0m|[34;20m [Node] Executing "PlotBrainmask" <nireports.interfaces.mosaic.PlotContours>[0m
2026-03-27 02:31:13 |[34;20m INFO     [0m|[34;20m nipype.workflow  [0m|[34;20m [Node] Setting-up "_PlotMosaicZoomed0" in "/local/nvme/ds004996_12.784026/ds/tmp/mriqc_wf/funcMRIQC/func_report_wf/470a6be4f9080d510730da815448a15c2c3af36a/PlotMosaicZoomed/mapflow/_PlotMosaicZoomed0".[0m
2026-03-27 02:31:13 |[34;20m INFO     [0m|[34;20m nipype.workflow  [0m|[34;20m [Node] Executing "_PlotMosaicZoomed0" <nireports.interfaces.mosaic.PlotMosaic>[0m
2026-03-27 02:31:13 |[34;20m INFO     [0m|[34;20m nipype.workflow  [0m|[34;20m [Node] Finished "_outliers0", elapsed time 4.72363s.[0m
2026-03-27 02:31:14 |[34;20m INFO     [0m|[34;20m nipype.workflow  [0m|[34;20m [Node] Finished "PlotBrainmask", elapsed time 1.600967s.[0m
2026-03-27 02:31:15 |[34;20m INFO     [0m|[34;20m nipype.workflow  [0m|[34;20m [Node] Finished "_PlotMosaicZoomed0", elapsed time 1.8837679999999999s.[0m
2026-03-27 02:31:15 |[34;20m INFO     [0m|[34;20m nipype.workflow  [0m|[34;20m [Node] Setting-up "_ComputeDVARS0" in "/local/nvme/ds004996_12.784026/ds/tmp/mriqc_wf/funcMRIQC/ComputeIQMs/23a770b2eacfb9b4beab0cb06fd4857934b277ec/ComputeDVARS/mapflow/_ComputeDVARS0".[0m
2026-03-27 02:31:15 |[34;20m INFO     [0m|[34;20m nipype.workflow  [0m|[34;20m [Node] Setting-up "_smoothness0" in "/local/nvme/ds004996_12.784026/ds/tmp/mriqc_wf/funcMRIQC/ComputeIQMs/23a770b2eacfb9b4beab0cb06fd4857934b277ec/smoothness/mapflow/_smoothness0".[0m
2026-03-27 02:31:15 |[34;20m INFO     [0m|[34;20m nipype.workflow  [0m|[34;20m [Node] Executing "_ComputeDVARS0" <nipype.algorithms.confounds.ComputeDVARS>[0m
2026-03-27 02:31:15 |[34;20m INFO     [0m|[34;20m nipype.workflow  [0m|[34;20m [Node] Executing "_smoothness0" <nipype.interfaces.afni.utils.FWHMx>[0m
2026-03-27 02:31:15 |[34;20m INFO     [0m|[34;20m nipype.workflow  [0m|[34;20m [Node] Finished "_outliers0", elapsed time 4.747441s.[0m
2026-03-27 02:31:16 |[34;20m INFO     [0m|[34;20m nipype.workflow  [0m|[34;20m [Node] Finished "_smoothness0", elapsed time 0.824509s.[0m
2026-03-27 02:31:17 |[34;20m INFO     [0m|[34;20m nipype.workflow  [0m|[34;20m [Node] Setting-up "mriqc_wf.funcMRIQC.func_report_wf.dilated_mask" in "/local/nvme/ds004996_12.784026/ds/tmp/mriqc_wf/funcMRIQC/func_report_wf/23a770b2eacfb9b4beab0cb06fd4857934b277ec/dilated_mask".[0m
2026-03-27 02:31:17 |[34;20m INFO     [0m|[34;20m nipype.workflow  [0m|[34;20m [Node] Executing "dilated_mask" <niworkflows.interfaces.morphology.BinaryDilation>[0m
2026-03-27 02:31:17 |[34;20m INFO     [0m|[34;20m nipype.workflow  [0m|[34;20m [Node] Setting-up "_outliers0" in "/local/nvme/ds004996_12.784026/ds/tmp/mriqc_wf/funcMRIQC/ComputeIQMs/23a770b2eacfb9b4beab0cb06fd4857934b277ec/outliers/mapflow/_outliers0".[0m
2026-03-27 02:31:17 |[34;20m INFO     [0m|[34;20m nipype.workflow  [0m|[34;20m [Node] Setting-up "_gcor0" in "/local/nvme/ds004996_12.784026/ds/tmp/mriqc_wf/funcMRIQC/ComputeIQMs/23a770b2eacfb9b4beab0cb06fd4857934b277ec/gcor/mapflow/_gcor0".[0m
2026-03-27 02:31:17 |[34;20m INFO     [0m|[34;20m nipype.workflow  [0m|[34;20m [Node] Executing "_outliers0" <nipype.interfaces.afni.preprocess.OutlierCount>[0m
2026-03-27 02:31:17 |[34;20m INFO     [0m|[34;20m nipype.workflow  [0m|[34;20m [Node] Executing "_gcor0" <mriqc.interfaces.transitional.GCOR>[0m
2026-03-27 02:31:17 |[34;20m INFO     [0m|[34;20m nipype.workflow  [0m|[34;20m [Node] Finished "dilated_mask", elapsed time 0.024565s.[0m
2026-03-27 02:31:19 |[34;20m INFO     [0m|[34;20m nipype.workflow  [0m|[34;20m [Node] Setting-up "_PlotMosaicZoomed0" in "/local/nvme/ds004996_12.784026/ds/tmp/mriqc_wf/funcMRIQC/func_report_wf/23a770b2eacfb9b4beab0cb06fd4857934b277ec/PlotMosaicZoomed/mapflow/_PlotMosaicZoomed0".[0m
2026-03-27 02:31:19 |[34;20m INFO     [0m|[34;20m nipype.workflow  [0m|[34;20m [Node] Executing "_PlotMosaicZoomed0" <nireports.interfaces.mosaic.PlotMosaic>[0m
2026-03-27 02:31:20 |[34;20m INFO     [0m|[34;20m nipype.workflow  [0m|[34;20m [Node] Finished "_gcor0", elapsed time 10.881264999999999s.[0m
2026-03-27 02:31:20 |[34;20m INFO     [0m|[34;20m nipype.workflow  [0m|[34;20m [Node] Finished "_PlotMosaicZoomed0", elapsed time 1.454962s.[0m
2026-03-27 02:31:21 |[34;20m INFO     [0m|[34;20m nipype.workflow  [0m|[34;20m [Node] Setting-up "mriqc_wf.funcMRIQC.func_report_wf.PlotBrainmask" in "/local/nvme/ds004996_12.784026/ds/tmp/mriqc_wf/funcMRIQC/func_report_wf/23a770b2eacfb9b4beab0cb06fd4857934b277ec/PlotBrainmask".[0m
2026-03-27 02:31:21 |[34;20m INFO     [0m|[34;20m nipype.workflow  [0m|[34;20m [Node] Setting-up "mriqc_wf.funcMRIQC.synthstrip_wf.final_masked" in "/local/nvme/ds004996_12.784026/ds/tmp/mriqc_wf/funcMRIQC/synthstrip_wf/875acb4ee13ac039eb5500c9ecc8484e33329e43/final_masked".[0m
2026-03-27 02:31:21 |[34;20m INFO     [0m|[34;20m nipype.workflow  [0m|[34;20m [Node] Executing "final_masked" <niworkflows.interfaces.nibabel.ApplyMask>[0m
2026-03-27 02:31:21 |[34;20m INFO     [0m|[34;20m nipype.workflow  [0m|[34;20m [Node] Executing "PlotBrainmask" <nireports.interfaces.mosaic.PlotContours>[0m
2026-03-27 02:31:21 |[34;20m INFO     [0m|[34;20m nipype.workflow  [0m|[34;20m [Node] Finished "final_masked", elapsed time 0.033056s.[0m
2026-03-27 02:31:21 |[34;20m INFO     [0m|[34;20m nipype.workflow  [0m|[34;20m [Node] Finished "_gcor0", elapsed time 10.083162s.[0m
2026-03-27 02:31:21 |[34;20m INFO     [0m|[34;20m nipype.workflow  [0m|[34;20m [Node] Finished "_outliers0", elapsed time 4.572915s.[0m
2026-03-27 02:31:22 |[34;20m INFO     [0m|[34;20m nipype.workflow  [0m|[34;20m [Node] Finished "PlotBrainmask", elapsed time 1.527243s.[0m
2026-03-27 02:31:23 |[34;20m INFO     [0m|[34;20m nipype.workflow  [0m|[34;20m [Node] Setting-up "mriqc_wf.funcMRIQC.func_report_wf.ds_report_norm" in "/local/nvme/ds004996_12.784026/ds/tmp/mriqc_wf/funcMRIQC/func_report_wf/875acb4ee13ac039eb5500c9ecc8484e33329e43/ds_report_norm".[0m
2026-03-27 02:31:23 |[34;20m INFO     [0m|[34;20m nipype.workflow  [0m|[34;20m [Node] Setting-up "mriqc_wf.funcMRIQC.SpatialNormalization.ResampleSegmentation" in "/local/nvme/ds004996_12.784026/ds/tmp/mriqc_wf/funcMRIQC/SpatialNormalization/875acb4ee13ac039eb5500c9ecc8484e33329e43/ResampleSegmentation".[0m
2026-03-27 02:31:23 |[34;20m INFO     [0m|[34;20m nipype.workflow  [0m|[34;20m [Node] Executing "ResampleSegmentation" <nipype.interfaces.ants.resampling.ApplyTransforms>[0m
2026-03-27 02:31:23 |[34;20m INFO     [0m|[34;20m nipype.workflow  [0m|[34;20m [Node] Executing "ds_report_norm" <mriqc.interfaces.DerivativesDataSink>[0m
2026-03-27 02:31:23 |[34;20m INFO     [0m|[34;20m nipype.workflow  [0m|[34;20m [Node] Finished "ds_report_norm", elapsed time 0.006219s.[0m
2026-03-27 02:31:23 |[34;20m INFO     [0m|[34;20m nipype.workflow  [0m|[34;20m [Node] Setting-up "mriqc_wf.funcMRIQC.func_report_wf.subtract_mask" in "/local/nvme/ds004996_12.784026/ds/tmp/mriqc_wf/funcMRIQC/func_report_wf/875acb4ee13ac039eb5500c9ecc8484e33329e43/subtract_mask".[0m
2026-03-27 02:31:23 |[34;20m INFO     [0m|[34;20m nipype.workflow  [0m|[34;20m [Node] Executing "subtract_mask" <niworkflows.interfaces.morphology.BinarySubtraction>[0m
2026-03-27 02:31:23 |[34;20m INFO     [0m|[34;20m nipype.workflow  [0m|[34;20m [Node] Setting-up "_ds_report_zoomed0" in "/local/nvme/ds004996_12.784026/ds/tmp/mriqc_wf/funcMRIQC/func_report_wf/875acb4ee13ac039eb5500c9ecc8484e33329e43/ds_report_zoomed/mapflow/_ds_report_zoomed0".[0m
2026-03-27 02:31:23 |[34;20m INFO     [0m|[34;20m nipype.workflow  [0m|[34;20m [Node] Executing "_ds_report_zoomed0" <mriqc.interfaces.DerivativesDataSink>[0m
2026-03-27 02:31:23 |[34;20m INFO     [0m|[34;20m nipype.workflow  [0m|[34;20m [Node] Finished "_ds_report_zoomed0", elapsed time 0.006252s.[0m
2026-03-27 02:31:23 |[34;20m INFO     [0m|[34;20m nipype.workflow  [0m|[34;20m [Node] Finished "subtract_mask", elapsed time 0.019142s.[0m
2026-03-27 02:31:23 |[34;20m INFO     [0m|[34;20m nipype.workflow  [0m|[34;20m [Node] Setting-up "mriqc_wf.funcMRIQC.func_report_wf.ds_report_bmask" in "/local/nvme/ds004996_12.784026/ds/tmp/mriqc_wf/funcMRIQC/func_report_wf/875acb4ee13ac039eb5500c9ecc8484e33329e43/ds_report_bmask".[0m
2026-03-27 02:31:23 |[34;20m INFO     [0m|[34;20m nipype.workflow  [0m|[34;20m [Node] Executing "ds_report_bmask" <mriqc.interfaces.DerivativesDataSink>[0m
2026-03-27 02:31:23 |[34;20m INFO     [0m|[34;20m nipype.workflow  [0m|[34;20m [Node] Finished "ds_report_bmask", elapsed time 0.005818s.[0m
2026-03-27 02:31:23 |[34;20m INFO     [0m|[34;20m nipype.workflow  [0m|[34;20m [Node] Setting-up "mriqc_wf.funcMRIQC.func_report_wf.subtract_mask" in "/local/nvme/ds004996_12.784026/ds/tmp/mriqc_wf/funcMRIQC/func_report_wf/470a6be4f9080d510730da815448a15c2c3af36a/subtract_mask".[0m
2026-03-27 02:31:23 |[34;20m INFO     [0m|[34;20m nipype.workflow  [0m|[34;20m [Node] Setting-up "_ds_report_zoomed0" in "/local/nvme/ds004996_12.784026/ds/tmp/mriqc_wf/funcMRIQC/func_report_wf/470a6be4f9080d510730da815448a15c2c3af36a/ds_report_zoomed/mapflow/_ds_report_zoomed0".[0m
2026-03-27 02:31:23 |[34;20m INFO     [0m|[34;20m nipype.workflow  [0m|[34;20m [Node] Executing "_ds_report_zoomed0" <mriqc.interfaces.DerivativesDataSink>[0m
2026-03-27 02:31:23 |[34;20m INFO     [0m|[34;20m nipype.workflow  [0m|[34;20m [Node] Finished "_ds_report_zoomed0", elapsed time 0.005696s.[0m
2026-03-27 02:31:23 |[34;20m INFO     [0m|[34;20m nipype.workflow  [0m|[34;20m [Node] Executing "subtract_mask" <niworkflows.interfaces.morphology.BinarySubtraction>[0m
2026-03-27 02:31:23 |[34;20m INFO     [0m|[34;20m nipype.workflow  [0m|[34;20m [Node] Finished "subtract_mask", elapsed time 0.035316s.[0m
2026-03-27 02:31:23 |[34;20m INFO     [0m|[34;20m nipype.workflow  [0m|[34;20m [Node] Setting-up "mriqc_wf.funcMRIQC.func_report_wf.ds_report_bmask" in "/local/nvme/ds004996_12.784026/ds/tmp/mriqc_wf/funcMRIQC/func_report_wf/470a6be4f9080d510730da815448a15c2c3af36a/ds_report_bmask".[0m
2026-03-27 02:31:23 |[34;20m INFO     [0m|[34;20m nipype.workflow  [0m|[34;20m [Node] Executing "ds_report_bmask" <mriqc.interfaces.DerivativesDataSink>[0m
2026-03-27 02:31:23 |[34;20m INFO     [0m|[34;20m nipype.workflow  [0m|[34;20m [Node] Finished "ds_report_bmask", elapsed time 0.005644s.[0m
2026-03-27 02:31:23 |[34;20m INFO     [0m|[34;20m nipype.workflow  [0m|[34;20m [Node] Setting-up "mriqc_wf.funcMRIQC.func_report_wf.subtract_mask" in "/local/nvme/ds004996_12.784026/ds/tmp/mriqc_wf/funcMRIQC/func_report_wf/23a770b2eacfb9b4beab0cb06fd4857934b277ec/subtract_mask".[0m
2026-03-27 02:31:23 |[34;20m INFO     [0m|[34;20m nipype.workflow  [0m|[34;20m [Node] Executing "subtract_mask" <niworkflows.interfaces.morphology.BinarySubtraction>[0m
2026-03-27 02:31:23 |[34;20m INFO     [0m|[34;20m nipype.workflow  [0m|[34;20m [Node] Finished "subtract_mask", elapsed time 0.014795s.[0m
2026-03-27 02:31:25 |[34;20m INFO     [0m|[34;20m nipype.workflow  [0m|[34;20m [Node] Setting-up "_ds_report_zoomed0" in "/local/nvme/ds004996_12.784026/ds/tmp/mriqc_wf/funcMRIQC/func_report_wf/23a770b2eacfb9b4beab0cb06fd4857934b277ec/ds_report_zoomed/mapflow/_ds_report_zoomed0".[0m
2026-03-27 02:31:25 |[34;20m INFO     [0m|[34;20m nipype.workflow  [0m|[34;20m [Node] Executing "_ds_report_zoomed0" <mriqc.interfaces.DerivativesDataSink>[0m
2026-03-27 02:31:25 |[34;20m INFO     [0m|[34;20m nipype.workflow  [0m|[34;20m [Node] Finished "_ds_report_zoomed0", elapsed time 0.005813s.[0m
2026-03-27 02:31:25 |[34;20m INFO     [0m|[34;20m nipype.workflow  [0m|[34;20m [Node] Setting-up "mriqc_wf.funcMRIQC.func_report_wf.ds_report_bmask" in "/local/nvme/ds004996_12.784026/ds/tmp/mriqc_wf/funcMRIQC/func_report_wf/23a770b2eacfb9b4beab0cb06fd4857934b277ec/ds_report_bmask".[0m
2026-03-27 02:31:25 |[34;20m INFO     [0m|[34;20m nipype.workflow  [0m|[34;20m [Node] Executing "ds_report_bmask" <mriqc.interfaces.DerivativesDataSink>[0m
2026-03-27 02:31:25 |[34;20m INFO     [0m|[34;20m nipype.workflow  [0m|[34;20m [Node] Finished "ds_report_bmask", elapsed time 0.005555s.[0m
2026-03-27 02:31:26 |[34;20m INFO     [0m|[34;20m nipype.workflow  [0m|[34;20m [Node] Finished "ResampleSegmentation", elapsed time 2.878343s.[0m
2026-03-27 02:31:26 |[34;20m INFO     [0m|[34;20m nipype.workflow  [0m|[34;20m [Node] Finished "_gcor0", elapsed time 9.354936s.[0m
2026-03-27 02:31:27 |[34;20m INFO     [0m|[34;20m nipype.workflow  [0m|[34;20m [Node] Setting-up "mriqc_wf.funcMRIQC.func_report_wf.parcels" in "/local/nvme/ds004996_12.784026/ds/tmp/mriqc_wf/funcMRIQC/func_report_wf/875acb4ee13ac039eb5500c9ecc8484e33329e43/parcels".[0m
2026-03-27 02:31:27 |[34;20m INFO     [0m|[34;20m nipype.workflow  [0m|[34;20m [Node] Executing "parcels" <nipype.interfaces.utility.wrappers.Function>[0m
2026-03-27 02:31:27 |[34;20m INFO     [0m|[34;20m nipype.workflow  [0m|[34;20m [Node] Finished "parcels", elapsed time 0.025339s.[0m
2026-03-27 02:31:28 |[34;20m INFO     [0m|[34;20m nipype.workflow  [0m|[34;20m [Node] Finished "_ComputeDVARS0", elapsed time 19.203994s.[0m
2026-03-27 02:31:28 |[34;20m INFO     [0m|[34;20m nipype.workflow  [0m|[34;20m [Node] Finished "_ComputeDVARS0", elapsed time 19.753642s.[0m
2026-03-27 02:31:29 |[34;20m INFO     [0m|[34;20m nipype.workflow  [0m|[34;20m [Node] Setting-up "_measures0" in "/local/nvme/ds004996_12.784026/ds/tmp/mriqc_wf/funcMRIQC/ComputeIQMs/875acb4ee13ac039eb5500c9ecc8484e33329e43/measures/mapflow/_measures0".[0m
2026-03-27 02:31:29 |[34;20m INFO     [0m|[34;20m nipype.workflow  [0m|[34;20m [Node] Setting-up "_timeseries0" in "/local/nvme/ds004996_12.784026/ds/tmp/mriqc_wf/funcMRIQC/ComputeIQMs/875acb4ee13ac039eb5500c9ecc8484e33329e43/timeseries/mapflow/_timeseries0".[0m
2026-03-27 02:31:29 |[34;20m INFO     [0m|[34;20m nipype.workflow  [0m|[34;20m [Node] Executing "_measures0" <mriqc.interfaces.functional.FunctionalQC>[0m
2026-03-27 02:31:29 |[34;20m INFO     [0m|[34;20m nipype.workflow  [0m|[34;20m [Node] Executing "_timeseries0" <mriqc.interfaces.functional.GatherTimeseries>[0m
2026-03-27 02:31:29 |[34;20m INFO     [0m|[34;20m nipype.workflow  [0m|[34;20m [Node] Setting-up "_timeseries0" in "/local/nvme/ds004996_12.784026/ds/tmp/mriqc_wf/funcMRIQC/ComputeIQMs/470a6be4f9080d510730da815448a15c2c3af36a/timeseries/mapflow/_timeseries0".[0m
2026-03-27 02:31:29 |[34;20m INFO     [0m|[34;20m nipype.workflow  [0m|[34;20m [Node] Executing "_timeseries0" <mriqc.interfaces.functional.GatherTimeseries>[0m
2026-03-27 02:31:29 |[34;20m INFO     [0m|[34;20m nipype.workflow  [0m|[34;20m [Node] Finished "_timeseries0", elapsed time 0.022487s.[0m
2026-03-27 02:31:29 |[34;20m INFO     [0m|[34;20m nipype.workflow  [0m|[34;20m [Node] Finished "_timeseries0", elapsed time 0.028046s.[0m
2026-03-27 02:31:31 |[34;20m INFO     [0m|[34;20m nipype.workflow  [0m|[34;20m [Node] Setting-up "_ds_timeseries0" in "/local/nvme/ds004996_12.784026/ds/tmp/mriqc_wf/funcMRIQC/ComputeIQMs/875acb4ee13ac039eb5500c9ecc8484e33329e43/ds_timeseries/mapflow/_ds_timeseries0".[0m
2026-03-27 02:31:31 |[34;20m INFO     [0m|[34;20m nipype.workflow  [0m|[34;20m [Node] Executing "_ds_timeseries0" <mriqc.interfaces.DerivativesDataSink>[0m
2026-03-27 02:31:31 |[34;20m INFO     [0m|[34;20m nipype.workflow  [0m|[34;20m [Node] Finished "_ds_timeseries0", elapsed time 0.004593s.[0m
2026-03-27 02:31:31 |[34;20m INFO     [0m|[34;20m nipype.workflow  [0m|[34;20m [Node] Setting-up "_ds_timeseries0" in "/local/nvme/ds004996_12.784026/ds/tmp/mriqc_wf/funcMRIQC/ComputeIQMs/470a6be4f9080d510730da815448a15c2c3af36a/ds_timeseries/mapflow/_ds_timeseries0".[0m
2026-03-27 02:31:31 |[34;20m INFO     [0m|[34;20m nipype.workflow  [0m|[34;20m [Node] Executing "_ds_timeseries0" <mriqc.interfaces.DerivativesDataSink>[0m
2026-03-27 02:31:31 |[34;20m INFO     [0m|[34;20m nipype.workflow  [0m|[34;20m [Node] Finished "_ds_timeseries0", elapsed time 0.004497s.[0m
2026-03-27 02:31:31 |[34;20m INFO     [0m|[34;20m nipype.workflow  [0m|[34;20m [Node] Setting-up "_BigPlot0" in "/local/nvme/ds004996_12.784026/ds/tmp/mriqc_wf/funcMRIQC/func_report_wf/875acb4ee13ac039eb5500c9ecc8484e33329e43/BigPlot/mapflow/_BigPlot0".[0m
2026-03-27 02:31:31 |[34;20m INFO     [0m|[34;20m nipype.workflow  [0m|[34;20m [Node] Executing "_BigPlot0" <nireports.interfaces.fmri.FMRISummary>[0m
2026-03-27 02:31:31 |[34;20m INFO     [0m|[34;20m nipype.workflow  [0m|[34;20m [Node] Finished "_measures0", elapsed time 2.440376s.[0m
2026-03-27 02:31:33 |[34;20m INFO     [0m|[34;20m nipype.workflow  [0m|[34;20m [Node] Setting-up "_measures0" in "/local/nvme/ds004996_12.784026/ds/tmp/mriqc_wf/funcMRIQC/ComputeIQMs/470a6be4f9080d510730da815448a15c2c3af36a/measures/mapflow/_measures0".[0m
2026-03-27 02:31:33 |[34;20m INFO     [0m|[34;20m nipype.workflow  [0m|[34;20m [Node] Executing "_measures0" <mriqc.interfaces.functional.FunctionalQC>[0m
2026-03-27 02:31:33 |[34;20m INFO     [0m|[34;20m nipype.workflow  [0m|[34;20m [Node] Setting-up "_datasink0" in "/local/nvme/ds004996_12.784026/ds/tmp/mriqc_wf/funcMRIQC/ComputeIQMs/875acb4ee13ac039eb5500c9ecc8484e33329e43/datasink/mapflow/_datasink0".[0m
2026-03-27 02:31:33 |[34;20m INFO     [0m|[34;20m nipype.workflow  [0m|[34;20m [Node] Executing "_datasink0" <mriqc.interfaces.bids.IQMFileSink>[0m
2026-03-27 02:31:33 |[34;20m INFO     [0m|[34;20m nipype.workflow  [0m|[34;20m [Node] Finished "_datasink0", elapsed time 0.002003s.[0m
2026-03-27 02:31:34 |[34;20m INFO     [0m|[34;20m nipype.workflow  [0m|[34;20m [Node] Finished "_ComputeDVARS0", elapsed time 19.452581s.[0m
2026-03-27 02:31:35 |[34;20m INFO     [0m|[34;20m nipype.workflow  [0m|[34;20m [Node] Setting-up "_timeseries0" in "/local/nvme/ds004996_12.784026/ds/tmp/mriqc_wf/funcMRIQC/ComputeIQMs/23a770b2eacfb9b4beab0cb06fd4857934b277ec/timeseries/mapflow/_timeseries0".[0m
2026-03-27 02:31:35 |[34;20m INFO     [0m|[34;20m nipype.workflow  [0m|[34;20m [Node] Executing "_timeseries0" <mriqc.interfaces.functional.GatherTimeseries>[0m
2026-03-27 02:31:35 |[34;20m INFO     [0m|[34;20m nipype.workflow  [0m|[34;20m [Node] Finished "_timeseries0", elapsed time 0.023098s.[0m
2026-03-27 02:31:35 |[34;20m INFO     [0m|[34;20m nipype.workflow  [0m|[34;20m [Node] Finished "_measures0", elapsed time 2.06924s.[0m
2026-03-27 02:31:37 |[34;20m INFO     [0m|[34;20m nipype.workflow  [0m|[34;20m [Node] Finished "_BigPlot0", elapsed time 5.734813s.[0m
2026-03-27 02:31:37 |[34;20m INFO     [0m|[34;20m nipype.workflow  [0m|[34;20m [Node] Setting-up "_measures0" in "/local/nvme/ds004996_12.784026/ds/tmp/mriqc_wf/funcMRIQC/ComputeIQMs/23a770b2eacfb9b4beab0cb06fd4857934b277ec/measures/mapflow/_measures0".[0m
2026-03-27 02:31:37 |[34;20m INFO     [0m|[34;20m nipype.workflow  [0m|[34;20m [Node] Executing "_measures0" <mriqc.interfaces.functional.FunctionalQC>[0m
2026-03-27 02:31:37 |[34;20m INFO     [0m|[34;20m nipype.workflow  [0m|[34;20m [Node] Setting-up "_datasink0" in "/local/nvme/ds004996_12.784026/ds/tmp/mriqc_wf/funcMRIQC/ComputeIQMs/470a6be4f9080d510730da815448a15c2c3af36a/datasink/mapflow/_datasink0".[0m
2026-03-27 02:31:37 |[34;20m INFO     [0m|[34;20m nipype.workflow  [0m|[34;20m [Node] Executing "_datasink0" <mriqc.interfaces.bids.IQMFileSink>[0m
2026-03-27 02:31:37 |[34;20m INFO     [0m|[34;20m nipype.workflow  [0m|[34;20m [Node] Finished "_datasink0", elapsed time 0.00065s.[0m
2026-03-27 02:31:37 |[34;20m INFO     [0m|[34;20m nipype.workflow  [0m|[34;20m [Node] Setting-up "_ds_timeseries0" in "/local/nvme/ds004996_12.784026/ds/tmp/mriqc_wf/funcMRIQC/ComputeIQMs/23a770b2eacfb9b4beab0cb06fd4857934b277ec/ds_timeseries/mapflow/_ds_timeseries0".[0m
2026-03-27 02:31:37 |[34;20m INFO     [0m|[34;20m nipype.workflow  [0m|[34;20m [Node] Executing "_ds_timeseries0" <mriqc.interfaces.DerivativesDataSink>[0m
2026-03-27 02:31:37 |[34;20m INFO     [0m|[34;20m nipype.workflow  [0m|[34;20m [Node] Finished "_ds_timeseries0", elapsed time 0.004374s.[0m
2026-03-27 02:31:38 |[34;20m INFO     [0m|[34;20m nipype.workflow  [0m|[34;20m [Node] Finished "_measures0", elapsed time 1.48365s.[0m
2026-03-27 02:31:39 |[34;20m INFO     [0m|[34;20m nipype.workflow  [0m|[34;20m [Node] Setting-up "mriqc_wf.funcMRIQC.synthstrip_wf.post_n4" in "/local/nvme/ds004996_12.784026/ds/tmp/mriqc_wf/funcMRIQC/synthstrip_wf/470a6be4f9080d510730da815448a15c2c3af36a/post_n4".[0m
2026-03-27 02:31:39 |[34;20m INFO     [0m|[34;20m nipype.workflow  [0m|[34;20m [Node] Executing "post_n4" <nipype.interfaces.ants.segmentation.N4BiasFieldCorrection>[0m
2026-03-27 02:31:40 |[34;20m INFO     [0m|[34;20m nipype.workflow  [0m|[34;20m [Node] Finished "post_n4", elapsed time 0.99408s.[0m
2026-03-27 02:31:41 |[34;20m INFO     [0m|[34;20m nipype.workflow  [0m|[34;20m [Node] Setting-up "mriqc_wf.funcMRIQC.SpatialNormalization.EPI2MNI" in "/local/nvme/ds004996_12.784026/ds/tmp/mriqc_wf/funcMRIQC/SpatialNormalization/470a6be4f9080d510730da815448a15c2c3af36a/EPI2MNI".[0m
2026-03-27 02:31:41 |[34;20m INFO     [0m|[34;20m nipype.workflow  [0m|[34;20m [Node] Executing "EPI2MNI" <niworkflows.interfaces.reportlets.registration.SpatialNormalizationRPT>[0m
2026-03-27 02:31:41 |[34;20m INFO     [0m|[34;20m niworkflows      [0m|[34;20m Estimating initial transform using AffineInitializer[0m
2026-03-27 02:31:46 |[34;20m INFO     [0m|[34;20m niworkflows      [0m|[34;20m Loading settings from file /opt/conda/lib/python3.11/site-packages/niworkflows/data/boldref-mni_registration_precise_000.json.[0m
2026-03-27 02:31:46 |[34;20m INFO     [0m|[34;20m niworkflows      [0m|[34;20m Retry #1, commandline: 
antsRegistration --collapse-output-transforms 1 --dimensionality 3 --float 0 --initial-moving-transform [ /local/nvme/ds004996_12.784026/ds/tmp/mriqc_wf/funcMRIQC/SpatialNormalization/470a6be4f9080d510730da815448a15c2c3af36a/EPI2MNI/transform.mat, 0 ] --initialize-transforms-per-stage 0 --interpolation LanczosWindowedSinc --output [ epi_to_mni, epi_to_mni_Warped.nii.gz ] --transform Rigid[ 0.05 ] --metric Mattes[ /templateflow/tpl-MNI152NLin2009cAsym/tpl-MNI152NLin2009cAsym_res-02_desc-fMRIPrep_boldref.nii.gz, /local/nvme/ds004996_12.784026/ds/tmp/mriqc_wf/funcMRIQC/SpatialNormalization/470a6be4f9080d510730da815448a15c2c3af36a/SharpenEPI/sub-12_task-conversation_run-02_desc-realigned_bold_tstat_corrected.nii.gz, 1, 56, Regular, 0.25 ] --convergence [ 10000x1000x100, 1e-06, 20 ] --smoothing-sigmas 4.0x2.0x1.0vox --shrink-factors 4x2x1 --use-histogram-matching 1 --masks [ /templateflow/tpl-MNI152NLin2009cAsym/tpl-MNI152NLin2009cAsym_res-02_desc-brain_mask.nii.gz, /local/nvme/ds004996_12.784026/ds/tmp/mriqc_wf/funcMRIQC/synthstrip_wf/470a6be4f9080d510730da815448a15c2c3af36a/synthstrip/clipped_corrected_desc-brain_mask.nii.gz ] --transform Affine[ 0.08 ] --metric Mattes[ /templateflow/tpl-MNI152NLin2009cAsym/tpl-MNI152NLin2009cAsym_res-02_desc-fMRIPrep_boldref.nii.gz, /local/nvme/ds004996_12.784026/ds/tmp/mriqc_wf/funcMRIQC/SpatialNormalization/470a6be4f9080d510730da815448a15c2c3af36a/SharpenEPI/sub-12_task-conversation_run-02_desc-realigned_bold_tstat_corrected.nii.gz, 1, 56, Regular, 0.25 ] --convergence [ 500x250x100, 1e-06, 20 ] --smoothing-sigmas 4.0x2.0x1.0vox --shrink-factors 8x4x2 --use-histogram-matching 1 --masks [ /templateflow/tpl-MNI152NLin2009cAsym/tpl-MNI152NLin2009cAsym_res-02_desc-brain_mask.nii.gz, /local/nvme/ds004996_12.784026/ds/tmp/mriqc_wf/funcMRIQC/synthstrip_wf/470a6be4f9080d510730da815448a15c2c3af36a/synthstrip/clipped_corrected_desc-brain_mask.nii.gz ] --transform SyN[ 0.1, 3.0, 0.0 ] --metric CC[ /templateflow/tpl-MNI152NLin2009cAsym/tpl-MNI152NLin2009cAsym_res-02_desc-fMRIPrep_boldref.nii.gz, /local/nvme/ds004996_12.784026/ds/tmp/mriqc_wf/funcMRIQC/SpatialNormalization/470a6be4f9080d510730da815448a15c2c3af36a/SharpenEPI/sub-12_task-conversation_run-02_desc-realigned_bold_tstat_corrected.nii.gz, 1, 4, None, 1 ] --convergence [ 100x30x20, 1e-06, 10 ] --smoothing-sigmas 3.0x2.0x1.0vox --shrink-factors 8x4x2 --use-histogram-matching 1 --masks [ /templateflow/tpl-MNI152NLin2009cAsym/tpl-MNI152NLin2009cAsym_res-02_desc-brain_mask.nii.gz, /local/nvme/ds004996_12.784026/ds/tmp/mriqc_wf/funcMRIQC/synthstrip_wf/470a6be4f9080d510730da815448a15c2c3af36a/synthstrip/clipped_corrected_desc-brain_mask.nii.gz ] --winsorize-image-intensities [ 0.005, 0.995 ]  --write-composite-transform 1[0m
2026-03-27 02:31:58 |[34;20m INFO     [0m|[34;20m niworkflows      [0m|[34;20m Successful spatial normalization (retry #1).[0m
2026-03-27 02:31:58 |[34;20m INFO     [0m|[34;20m niworkflows      [0m|[34;20m Report - setting fixed (/templateflow/tpl-MNI152NLin2009cAsym/tpl-MNI152NLin2009cAsym_res-02_desc-fMRIPrep_boldref.nii.gz) and moving (/local/nvme/ds004996_12.784026/ds/tmp/mriqc_wf/funcMRIQC/SpatialNormalization/470a6be4f9080d510730da815448a15c2c3af36a/EPI2MNI/epi_to_mni_Warped.nii.gz) images[0m
2026-03-27 02:31:58 |[34;20m INFO     [0m|[34;20m niworkflows      [0m|[34;20m Generating visual report[0m
2026-03-27 02:32:14 |[34;20m INFO     [0m|[34;20m nipype.workflow  [0m|[34;20m [Node] Finished "EPI2MNI", elapsed time 33.749389s.[0m
2026-03-27 02:32:15 |[34;20m INFO     [0m|[34;20m nipype.workflow  [0m|[34;20m [Node] Setting-up "mriqc_wf.funcMRIQC.synthstrip_wf.post_n4" in "/local/nvme/ds004996_12.784026/ds/tmp/mriqc_wf/funcMRIQC/synthstrip_wf/23a770b2eacfb9b4beab0cb06fd4857934b277ec/post_n4".[0m
2026-03-27 02:32:15 |[34;20m INFO     [0m|[34;20m nipype.workflow  [0m|[34;20m [Node] Executing "post_n4" <nipype.interfaces.ants.segmentation.N4BiasFieldCorrection>[0m
2026-03-27 02:32:16 |[34;20m INFO     [0m|[34;20m nipype.workflow  [0m|[34;20m [Node] Finished "post_n4", elapsed time 1.086157s.[0m
2026-03-27 02:32:17 |[34;20m INFO     [0m|[34;20m nipype.workflow  [0m|[34;20m [Node] Setting-up "mriqc_wf.funcMRIQC.SpatialNormalization.EPI2MNI" in "/local/nvme/ds004996_12.784026/ds/tmp/mriqc_wf/funcMRIQC/SpatialNormalization/23a770b2eacfb9b4beab0cb06fd4857934b277ec/EPI2MNI".[0m
2026-03-27 02:32:17 |[34;20m INFO     [0m|[34;20m nipype.workflow  [0m|[34;20m [Node] Executing "EPI2MNI" <niworkflows.interfaces.reportlets.registration.SpatialNormalizationRPT>[0m
2026-03-27 02:32:17 |[34;20m INFO     [0m|[34;20m niworkflows      [0m|[34;20m Estimating initial transform using AffineInitializer[0m
2026-03-27 02:32:22 |[34;20m INFO     [0m|[34;20m niworkflows      [0m|[34;20m Terminal outputs of initialization saved (/local/nvme/ds004996_12.784026/ds/tmp/mriqc_wf/funcMRIQC/SpatialNormalization/23a770b2eacfb9b4beab0cb06fd4857934b277ec/EPI2MNI/stderr.nipype-init).[0m
2026-03-27 02:32:22 |[34;20m INFO     [0m|[34;20m niworkflows      [0m|[34;20m Loading settings from file /opt/conda/lib/python3.11/site-packages/niworkflows/data/boldref-mni_registration_precise_000.json.[0m
2026-03-27 02:32:22 |[34;20m INFO     [0m|[34;20m niworkflows      [0m|[34;20m Retry #1, commandline: 
antsRegistration --collapse-output-transforms 1 --dimensionality 3 --float 0 --initial-moving-transform [ /local/nvme/ds004996_12.784026/ds/tmp/mriqc_wf/funcMRIQC/SpatialNormalization/23a770b2eacfb9b4beab0cb06fd4857934b277ec/EPI2MNI/transform.mat, 0 ] --initialize-transforms-per-stage 0 --interpolation LanczosWindowedSinc --output [ epi_to_mni, epi_to_mni_Warped.nii.gz ] --transform Rigid[ 0.05 ] --metric Mattes[ /templateflow/tpl-MNI152NLin2009cAsym/tpl-MNI152NLin2009cAsym_res-02_desc-fMRIPrep_boldref.nii.gz, /local/nvme/ds004996_12.784026/ds/tmp/mriqc_wf/funcMRIQC/SpatialNormalization/23a770b2eacfb9b4beab0cb06fd4857934b277ec/SharpenEPI/sub-12_task-conversation_run-03_desc-realigned_bold_tstat_corrected.nii.gz, 1, 56, Regular, 0.25 ] --convergence [ 10000x1000x100, 1e-06, 20 ] --smoothing-sigmas 4.0x2.0x1.0vox --shrink-factors 4x2x1 --use-histogram-matching 1 --masks [ /templateflow/tpl-MNI152NLin2009cAsym/tpl-MNI152NLin2009cAsym_res-02_desc-brain_mask.nii.gz, /local/nvme/ds004996_12.784026/ds/tmp/mriqc_wf/funcMRIQC/synthstrip_wf/23a770b2eacfb9b4beab0cb06fd4857934b277ec/synthstrip/clipped_corrected_desc-brain_mask.nii.gz ] --transform Affine[ 0.08 ] --metric Mattes[ /templateflow/tpl-MNI152NLin2009cAsym/tpl-MNI152NLin2009cAsym_res-02_desc-fMRIPrep_boldref.nii.gz, /local/nvme/ds004996_12.784026/ds/tmp/mriqc_wf/funcMRIQC/SpatialNormalization/23a770b2eacfb9b4beab0cb06fd4857934b277ec/SharpenEPI/sub-12_task-conversation_run-03_desc-realigned_bold_tstat_corrected.nii.gz, 1, 56, Regular, 0.25 ] --convergence [ 500x250x100, 1e-06, 20 ] --smoothing-sigmas 4.0x2.0x1.0vox --shrink-factors 8x4x2 --use-histogram-matching 1 --masks [ /templateflow/tpl-MNI152NLin2009cAsym/tpl-MNI152NLin2009cAsym_res-02_desc-brain_mask.nii.gz, /local/nvme/ds004996_12.784026/ds/tmp/mriqc_wf/funcMRIQC/synthstrip_wf/23a770b2eacfb9b4beab0cb06fd4857934b277ec/synthstrip/clipped_corrected_desc-brain_mask.nii.gz ] --transform SyN[ 0.1, 3.0, 0.0 ] --metric CC[ /templateflow/tpl-MNI152NLin2009cAsym/tpl-MNI152NLin2009cAsym_res-02_desc-fMRIPrep_boldref.nii.gz, /local/nvme/ds004996_12.784026/ds/tmp/mriqc_wf/funcMRIQC/SpatialNormalization/23a770b2eacfb9b4beab0cb06fd4857934b277ec/SharpenEPI/sub-12_task-conversation_run-03_desc-realigned_bold_tstat_corrected.nii.gz, 1, 4, None, 1 ] --convergence [ 100x30x20, 1e-06, 10 ] --smoothing-sigmas 3.0x2.0x1.0vox --shrink-factors 8x4x2 --use-histogram-matching 1 --masks [ /templateflow/tpl-MNI152NLin2009cAsym/tpl-MNI152NLin2009cAsym_res-02_desc-brain_mask.nii.gz, /local/nvme/ds004996_12.784026/ds/tmp/mriqc_wf/funcMRIQC/synthstrip_wf/23a770b2eacfb9b4beab0cb06fd4857934b277ec/synthstrip/clipped_corrected_desc-brain_mask.nii.gz ] --winsorize-image-intensities [ 0.005, 0.995 ]  --write-composite-transform 1[0m
2026-03-27 02:32:33 |[34;20m INFO     [0m|[34;20m niworkflows      [0m|[34;20m Successful spatial normalization (retry #1).[0m
2026-03-27 02:32:33 |[34;20m INFO     [0m|[34;20m niworkflows      [0m|[34;20m Report - setting fixed (/templateflow/tpl-MNI152NLin2009cAsym/tpl-MNI152NLin2009cAsym_res-02_desc-fMRIPrep_boldref.nii.gz) and moving (/local/nvme/ds004996_12.784026/ds/tmp/mriqc_wf/funcMRIQC/SpatialNormalization/23a770b2eacfb9b4beab0cb06fd4857934b277ec/EPI2MNI/epi_to_mni_Warped.nii.gz) images[0m
2026-03-27 02:32:33 |[34;20m INFO     [0m|[34;20m niworkflows      [0m|[34;20m Generating visual report[0m
2026-03-27 02:32:49 |[34;20m INFO     [0m|[34;20m nipype.workflow  [0m|[34;20m [Node] Finished "EPI2MNI", elapsed time 32.161122s.[0m
2026-03-27 02:32:51 |[34;20m INFO     [0m|[34;20m nipype.workflow  [0m|[34;20m [Node] Setting-up "mriqc_wf.funcMRIQC.func_report_wf.ds_report_norm" in "/local/nvme/ds004996_12.784026/ds/tmp/mriqc_wf/funcMRIQC/func_report_wf/470a6be4f9080d510730da815448a15c2c3af36a/ds_report_norm".[0m
2026-03-27 02:32:51 |[34;20m INFO     [0m|[34;20m nipype.workflow  [0m|[34;20m [Node] Setting-up "mriqc_wf.funcMRIQC.synthstrip_wf.final_masked" in "/local/nvme/ds004996_12.784026/ds/tmp/mriqc_wf/funcMRIQC/synthstrip_wf/470a6be4f9080d510730da815448a15c2c3af36a/final_masked".[0m
2026-03-27 02:32:51 |[34;20m INFO     [0m|[34;20m nipype.workflow  [0m|[34;20m [Node] Setting-up "mriqc_wf.funcMRIQC.SpatialNormalization.ResampleSegmentation" in "/local/nvme/ds004996_12.784026/ds/tmp/mriqc_wf/funcMRIQC/SpatialNormalization/470a6be4f9080d510730da815448a15c2c3af36a/ResampleSegmentation".[0m
2026-03-27 02:32:51 |[34;20m INFO     [0m|[34;20m nipype.workflow  [0m|[34;20m [Node] Executing "final_masked" <niworkflows.interfaces.nibabel.ApplyMask>[0m
2026-03-27 02:32:51 |[34;20m INFO     [0m|[34;20m nipype.workflow  [0m|[34;20m [Node] Executing "ResampleSegmentation" <nipype.interfaces.ants.resampling.ApplyTransforms>[0m
2026-03-27 02:32:51 |[34;20m INFO     [0m|[34;20m nipype.workflow  [0m|[34;20m [Node] Executing "ds_report_norm" <mriqc.interfaces.DerivativesDataSink>[0m
2026-03-27 02:32:51 |[34;20m INFO     [0m|[34;20m nipype.workflow  [0m|[34;20m [Node] Finished "ds_report_norm", elapsed time 0.007003s.[0m
2026-03-27 02:32:51 |[34;20m INFO     [0m|[34;20m nipype.workflow  [0m|[34;20m [Node] Finished "final_masked", elapsed time 0.036025s.[0m
2026-03-27 02:32:51 |[34;20m INFO     [0m|[34;20m nipype.workflow  [0m|[34;20m [Node] Setting-up "mriqc_wf.funcMRIQC.func_report_wf.ds_report_norm" in "/local/nvme/ds004996_12.784026/ds/tmp/mriqc_wf/funcMRIQC/func_report_wf/23a770b2eacfb9b4beab0cb06fd4857934b277ec/ds_report_norm".[0m
2026-03-27 02:32:51 |[34;20m INFO     [0m|[34;20m nipype.workflow  [0m|[34;20m [Node] Setting-up "mriqc_wf.funcMRIQC.synthstrip_wf.final_masked" in "/local/nvme/ds004996_12.784026/ds/tmp/mriqc_wf/funcMRIQC/synthstrip_wf/23a770b2eacfb9b4beab0cb06fd4857934b277ec/final_masked".[0m
2026-03-27 02:32:51 |[34;20m INFO     [0m|[34;20m nipype.workflow  [0m|[34;20m [Node] Setting-up "mriqc_wf.funcMRIQC.SpatialNormalization.ResampleSegmentation" in "/local/nvme/ds004996_12.784026/ds/tmp/mriqc_wf/funcMRIQC/SpatialNormalization/23a770b2eacfb9b4beab0cb06fd4857934b277ec/ResampleSegmentation".[0m
2026-03-27 02:32:51 |[34;20m INFO     [0m|[34;20m nipype.workflow  [0m|[34;20m [Node] Executing "final_masked" <niworkflows.interfaces.nibabel.ApplyMask>[0m
2026-03-27 02:32:51 |[34;20m INFO     [0m|[34;20m nipype.workflow  [0m|[34;20m [Node] Executing "ds_report_norm" <mriqc.interfaces.DerivativesDataSink>[0m
2026-03-27 02:32:51 |[34;20m INFO     [0m|[34;20m nipype.workflow  [0m|[34;20m [Node] Executing "ResampleSegmentation" <nipype.interfaces.ants.resampling.ApplyTransforms>[0m
2026-03-27 02:32:51 |[34;20m INFO     [0m|[34;20m nipype.workflow  [0m|[34;20m [Node] Finished "ds_report_norm", elapsed time 0.005586s.[0m
2026-03-27 02:32:51 |[34;20m INFO     [0m|[34;20m nipype.workflow  [0m|[34;20m [Node] Finished "final_masked", elapsed time 0.037461s.[0m
2026-03-27 02:32:51 |[34;20m INFO     [0m|[34;20m nipype.workflow  [0m|[34;20m [Node] Setting-up "_datasink0" in "/local/nvme/ds004996_12.784026/ds/tmp/mriqc_wf/funcMRIQC/ComputeIQMs/23a770b2eacfb9b4beab0cb06fd4857934b277ec/datasink/mapflow/_datasink0".[0m
2026-03-27 02:32:51 |[34;20m INFO     [0m|[34;20m nipype.workflow  [0m|[34;20m [Node] Executing "_datasink0" <mriqc.interfaces.bids.IQMFileSink>[0m
2026-03-27 02:32:51 |[34;20m INFO     [0m|[34;20m nipype.workflow  [0m|[34;20m [Node] Finished "_datasink0", elapsed time 0.00066s.[0m
2026-03-27 02:32:51 |[34;20m INFO     [0m|[34;20m nipype.workflow  [0m|[34;20m [Node] Setting-up "_ds_report_carpet0" in "/local/nvme/ds004996_12.784026/ds/tmp/mriqc_wf/funcMRIQC/func_report_wf/875acb4ee13ac039eb5500c9ecc8484e33329e43/ds_report_carpet/mapflow/_ds_report_carpet0".[0m
2026-03-27 02:32:51 |[34;20m INFO     [0m|[34;20m nipype.workflow  [0m|[34;20m [Node] Executing "_ds_report_carpet0" <mriqc.interfaces.DerivativesDataSink>[0m
2026-03-27 02:32:51 |[34;20m INFO     [0m|[34;20m nipype.workflow  [0m|[34;20m [Node] Finished "_ds_report_carpet0", elapsed time 0.006216s.[0m
2026-03-27 02:32:53 |[34;20m INFO     [0m|[34;20m nipype.workflow  [0m|[34;20m [Node] Finished "ResampleSegmentation", elapsed time 2.34047s.[0m
2026-03-27 02:32:53 |[34;20m INFO     [0m|[34;20m nipype.workflow  [0m|[34;20m [Node] Finished "ResampleSegmentation", elapsed time 2.377932s.[0m
2026-03-27 02:32:55 |[34;20m INFO     [0m|[34;20m nipype.workflow  [0m|[34;20m [Node] Setting-up "mriqc_wf.funcMRIQC.func_report_wf.parcels" in "/local/nvme/ds004996_12.784026/ds/tmp/mriqc_wf/funcMRIQC/func_report_wf/470a6be4f9080d510730da815448a15c2c3af36a/parcels".[0m
2026-03-27 02:32:55 |[34;20m INFO     [0m|[34;20m nipype.workflow  [0m|[34;20m [Node] Setting-up "mriqc_wf.funcMRIQC.func_report_wf.parcels" in "/local/nvme/ds004996_12.784026/ds/tmp/mriqc_wf/funcMRIQC/func_report_wf/23a770b2eacfb9b4beab0cb06fd4857934b277ec/parcels".[0m
2026-03-27 02:32:55 |[34;20m INFO     [0m|[34;20m nipype.workflow  [0m|[34;20m [Node] Executing "parcels" <nipype.interfaces.utility.wrappers.Function>[0m
2026-03-27 02:32:55 |[34;20m INFO     [0m|[34;20m nipype.workflow  [0m|[34;20m [Node] Executing "parcels" <nipype.interfaces.utility.wrappers.Function>[0m
2026-03-27 02:32:55 |[34;20m INFO     [0m|[34;20m nipype.workflow  [0m|[34;20m [Node] Finished "parcels", elapsed time 0.023481s.[0m
2026-03-27 02:32:55 |[34;20m INFO     [0m|[34;20m nipype.workflow  [0m|[34;20m [Node] Finished "parcels", elapsed time 0.023274s.[0m
2026-03-27 02:32:57 |[34;20m INFO     [0m|[34;20m nipype.workflow  [0m|[34;20m [Node] Setting-up "_BigPlot0" in "/local/nvme/ds004996_12.784026/ds/tmp/mriqc_wf/funcMRIQC/func_report_wf/23a770b2eacfb9b4beab0cb06fd4857934b277ec/BigPlot/mapflow/_BigPlot0".[0m
2026-03-27 02:32:57 |[34;20m INFO     [0m|[34;20m nipype.workflow  [0m|[34;20m [Node] Executing "_BigPlot0" <nireports.interfaces.fmri.FMRISummary>[0m
2026-03-27 02:32:57 |[34;20m INFO     [0m|[34;20m nipype.workflow  [0m|[34;20m [Node] Setting-up "_BigPlot0" in "/local/nvme/ds004996_12.784026/ds/tmp/mriqc_wf/funcMRIQC/func_report_wf/470a6be4f9080d510730da815448a15c2c3af36a/BigPlot/mapflow/_BigPlot0".[0m
2026-03-27 02:32:57 |[34;20m INFO     [0m|[34;20m nipype.workflow  [0m|[34;20m [Node] Executing "_BigPlot0" <nireports.interfaces.fmri.FMRISummary>[0m
2026-03-27 02:33:01 |[34;20m INFO     [0m|[34;20m nipype.workflow  [0m|[34;20m [Node] Finished "_BigPlot0", elapsed time 4.156332s.[0m
2026-03-27 02:33:01 |[34;20m INFO     [0m|[34;20m nipype.workflow  [0m|[34;20m [Node] Finished "_BigPlot0", elapsed time 4.474901s.[0m
2026-03-27 02:33:03 |[34;20m INFO     [0m|[34;20m nipype.workflow  [0m|[34;20m [Node] Setting-up "_ds_report_carpet0" in "/local/nvme/ds004996_12.784026/ds/tmp/mriqc_wf/funcMRIQC/func_report_wf/470a6be4f9080d510730da815448a15c2c3af36a/ds_report_carpet/mapflow/_ds_report_carpet0".[0m
2026-03-27 02:33:03 |[34;20m INFO     [0m|[34;20m nipype.workflow  [0m|[34;20m [Node] Executing "_ds_report_carpet0" <mriqc.interfaces.DerivativesDataSink>[0m
2026-03-27 02:33:03 |[34;20m INFO     [0m|[34;20m nipype.workflow  [0m|[34;20m [Node] Finished "_ds_report_carpet0", elapsed time 0.005055s.[0m
2026-03-27 02:33:03 |[34;20m INFO     [0m|[34;20m nipype.workflow  [0m|[34;20m [Node] Setting-up "_ds_report_carpet0" in "/local/nvme/ds004996_12.784026/ds/tmp/mriqc_wf/funcMRIQC/func_report_wf/23a770b2eacfb9b4beab0cb06fd4857934b277ec/ds_report_carpet/mapflow/_ds_report_carpet0".[0m
2026-03-27 02:33:03 |[34;20m INFO     [0m|[34;20m nipype.workflow  [0m|[34;20m [Node] Executing "_ds_report_carpet0" <mriqc.interfaces.DerivativesDataSink>[0m
2026-03-27 02:33:03 |[34;20m INFO     [0m|[34;20m nipype.workflow  [0m|[34;20m [Node] Finished "_ds_report_carpet0", elapsed time 0.005065s.[0m
2026-03-27 02:33:05 |[34;20m INFO     [0m|[34;20m nipype.workflow  [0m|[34;20m Generating reports...[0m
2026-03-27 02:33:05 |[34;20m INFO     [0m|[34;20m nipype.workflow  [0m|[34;20m Report generation finished (3 reports).[0m
2026-03-27 02:33:05 |[33;20m IMPORTANT [0m|[33;20m mriqc            [0m|[33;20m Participant level finished successfully averaging 00h 07min 32s per subject.[0m
2026-03-27 02:33:05 |[34;20m INFO     [0m|[34;20m mriqc            [0m|[34;20m Generating BIDS derivatives metadata.[0m
----------------------------------------------------------------
  MRIQC completed (elapsed time 00h 22min 37s).
----------------------------------------------------------------

