------------------------------------------------------------------
  Running MRIQC version 24.1.0.dev0+gd5b13cb5.d20240826
  ----------------------------------------------------------------

  NOTICE
  Copyright © The NiPreps Developers.
  
  This product includes software developed by
  the NiPreps Community (https://nipreps.org/).
  
  Portions of this software were developed at the Department of
  Psychology at Stanford University, Stanford, CA, US.
  
  This software contains code ultimately derived from the
  PCP Quality Assessment Protocol (QAP;
  http://preprocessed-connectomes-project.org/quality-assessment-protocol)
  by C. Craddock, S. Giavasis, D. Clark, Z. Shezhad, and J. Pellman.
  
  This software is also distributed as a Docker container image.
  The bootstrapping file for the image ("Dockerfile") is licensed
  under the MIT License.

  ----------------------------------------------------------------

  * BIDS dataset path: /local/nvme/ds004996_26.784026/ds/sourcedata/raw.
  * Output folder: mriqc.
  * Analysis levels: ['participant'].
------------------------------------------------------------------

2026-03-27 02:15:16 |[33;20m IMPORTANT [0m|[33;20m mriqc            [0m|[33;20m Extracting metadata and entities for 3 input runs of modality 'bold'...[0m
2026-03-27 02:15:16 |[33;20m IMPORTANT [0m|[33;20m mriqc            [0m|[33;20m File size ('bold'): 0.41|0.41 GB [maximum|average].[0m
2026-03-27 02:15:16 |[34;20m INFO     [0m|[34;20m mriqc            [0m|[34;20m MRIQC config file: /local/nvme/ds004996_26.784026/ds/tmp/config-20260327-021506_bfe40f11-7c43-40fa-becf-6bb6571b8a5a.toml.[0m
2026-03-27 02:15:20 |[34;20m INFO     [0m|[34;20m matplotlib.font_manager [0m|[34;20m generated new fontManager[0m
2026-03-27 02:15:21 |[33;20m IMPORTANT [0m|[33;20m mriqc            [0m|[33;20m Building MRIQC's workflows...[0m
2026-03-27 02:15:21 |[34;20m INFO     [0m|[34;20m nipype.workflow  [0m|[34;20m Building functional MRIQC workflow for 3 BOLD runs..[0m
2026-03-27 02:15:27 |[33;20m IMPORTANT [0m|[33;20m mriqc            [0m|[33;20m Workflow building finished (exit code 0).[0m
2026-03-27 02:15:32 |[34;20m INFO     [0m|[34;20m nipype.workflow  [0m|[34;20m Workflow mriqc_wf settings: ['check', 'execution', 'logging', 'monitoring'][0m
2026-03-27 02:15:33 |[34;20m INFO     [0m|[34;20m nipype.workflow  [0m|[34;20m [Node] Setting-up "mriqc_wf.funcMRIQC.pick_echo" in "/local/nvme/ds004996_26.784026/ds/tmp/mriqc_wf/funcMRIQC/2b9d98b98838b397e977a9d5d50a3d77deaf4d13/pick_echo".[0m
2026-03-27 02:15:33 |[34;20m INFO     [0m|[34;20m nipype.workflow  [0m|[34;20m [Node] Setting-up "_provenance0" in "/local/nvme/ds004996_26.784026/ds/tmp/mriqc_wf/funcMRIQC/ComputeIQMs/2b9d98b98838b397e977a9d5d50a3d77deaf4d13/provenance/mapflow/_provenance0".[0m
2026-03-27 02:15:33 |[34;20m INFO     [0m|[34;20m nipype.workflow  [0m|[34;20m [Node] Executing "_provenance0" <mriqc.interfaces.reports.AddProvenance>[0m
2026-03-27 02:15:33 |[34;20m INFO     [0m|[34;20m nipype.workflow  [0m|[34;20m [Node] Executing "pick_echo" <mriqc.interfaces.functional.SelectEcho>[0m
2026-03-27 02:15:33 |[34;20m INFO     [0m|[34;20m nipype.workflow  [0m|[34;20m [Node] Finished "pick_echo", elapsed time 0.000504s.[0m
2026-03-27 02:15:33 |[34;20m INFO     [0m|[34;20m nipype.workflow  [0m|[34;20m [Node] Finished "_provenance0", elapsed time 0.833593s.[0m
2026-03-27 02:15:34 |[34;20m INFO     [0m|[34;20m nipype.workflow  [0m|[34;20m [Node] Setting-up "mriqc_wf.funcMRIQC.pick_echo" in "/local/nvme/ds004996_26.784026/ds/tmp/mriqc_wf/funcMRIQC/fb33c01198368f3f7bb62b6345f2e31f18b221d6/pick_echo".[0m
2026-03-27 02:15:34 |[34;20m INFO     [0m|[34;20m nipype.workflow  [0m|[34;20m [Node] Setting-up "_provenance0" in "/local/nvme/ds004996_26.784026/ds/tmp/mriqc_wf/funcMRIQC/ComputeIQMs/fb33c01198368f3f7bb62b6345f2e31f18b221d6/provenance/mapflow/_provenance0".[0m
2026-03-27 02:15:34 |[34;20m INFO     [0m|[34;20m nipype.workflow  [0m|[34;20m [Node] Executing "_provenance0" <mriqc.interfaces.reports.AddProvenance>[0m
2026-03-27 02:15:34 |[34;20m INFO     [0m|[34;20m nipype.workflow  [0m|[34;20m [Node] Executing "pick_echo" <mriqc.interfaces.functional.SelectEcho>[0m
2026-03-27 02:15:34 |[34;20m INFO     [0m|[34;20m nipype.workflow  [0m|[34;20m [Node] Finished "pick_echo", elapsed time 0.00048s.[0m
2026-03-27 02:15:35 |[34;20m INFO     [0m|[34;20m nipype.workflow  [0m|[34;20m [Node] Finished "_provenance0", elapsed time 0.930518s.[0m
2026-03-27 02:15:35 |[34;20m INFO     [0m|[34;20m nipype.workflow  [0m|[34;20m [Node] Setting-up "mriqc_wf.funcMRIQC.pick_echo" in "/local/nvme/ds004996_26.784026/ds/tmp/mriqc_wf/funcMRIQC/dc208f23db9b1eb00e683decf979c7e42ba12ad7/pick_echo".[0m
2026-03-27 02:15:35 |[34;20m INFO     [0m|[34;20m nipype.workflow  [0m|[34;20m [Node] Setting-up "_provenance0" in "/local/nvme/ds004996_26.784026/ds/tmp/mriqc_wf/funcMRIQC/ComputeIQMs/dc208f23db9b1eb00e683decf979c7e42ba12ad7/provenance/mapflow/_provenance0".[0m
2026-03-27 02:15:35 |[34;20m INFO     [0m|[34;20m nipype.workflow  [0m|[34;20m [Node] Executing "_provenance0" <mriqc.interfaces.reports.AddProvenance>[0m
2026-03-27 02:15:35 |[34;20m INFO     [0m|[34;20m nipype.workflow  [0m|[34;20m [Node] Executing "pick_echo" <mriqc.interfaces.functional.SelectEcho>[0m
2026-03-27 02:15:35 |[34;20m INFO     [0m|[34;20m nipype.workflow  [0m|[34;20m [Node] Finished "pick_echo", elapsed time 0.000793s.[0m
2026-03-27 02:15:35 |[34;20m INFO     [0m|[34;20m nipype.workflow  [0m|[34;20m [Node] Finished "_provenance0", elapsed time 0.851321s.[0m
2026-03-27 02:15:36 |[34;20m INFO     [0m|[34;20m nipype.workflow  [0m|[34;20m [Node] Setting-up "mriqc_wf.funcMRIQC.non_steady_state_detector" in "/local/nvme/ds004996_26.784026/ds/tmp/mriqc_wf/funcMRIQC/2b9d98b98838b397e977a9d5d50a3d77deaf4d13/non_steady_state_detector".[0m
2026-03-27 02:15:36 |[34;20m INFO     [0m|[34;20m nipype.workflow  [0m|[34;20m [Node] Setting-up "mriqc_wf.funcMRIQC.non_steady_state_detector" in "/local/nvme/ds004996_26.784026/ds/tmp/mriqc_wf/funcMRIQC/dc208f23db9b1eb00e683decf979c7e42ba12ad7/non_steady_state_detector".[0m
2026-03-27 02:15:36 |[34;20m INFO     [0m|[34;20m nipype.workflow  [0m|[34;20m [Node] Setting-up "mriqc_wf.funcMRIQC.non_steady_state_detector" in "/local/nvme/ds004996_26.784026/ds/tmp/mriqc_wf/funcMRIQC/fb33c01198368f3f7bb62b6345f2e31f18b221d6/non_steady_state_detector".[0m
2026-03-27 02:15:36 |[34;20m INFO     [0m|[34;20m nipype.workflow  [0m|[34;20m [Node] Executing "non_steady_state_detector" <nipype.algorithms.confounds.NonSteadyStateDetector>[0m
2026-03-27 02:15:36 |[34;20m INFO     [0m|[34;20m nipype.workflow  [0m|[34;20m [Node] Executing "non_steady_state_detector" <nipype.algorithms.confounds.NonSteadyStateDetector>[0m
2026-03-27 02:15:36 |[34;20m INFO     [0m|[34;20m nipype.workflow  [0m|[34;20m [Node] Executing "non_steady_state_detector" <nipype.algorithms.confounds.NonSteadyStateDetector>[0m
2026-03-27 02:15:36 |[34;20m INFO     [0m|[34;20m nipype.workflow  [0m|[34;20m [Node] Finished "non_steady_state_detector", elapsed time 0.028172s.[0m
2026-03-27 02:15:36 |[34;20m INFO     [0m|[34;20m nipype.workflow  [0m|[34;20m [Node] Finished "non_steady_state_detector", elapsed time 0.027709s.[0m
2026-03-27 02:15:36 |[34;20m INFO     [0m|[34;20m nipype.workflow  [0m|[34;20m [Node] Finished "non_steady_state_detector", elapsed time 0.02757s.[0m
2026-03-27 02:15:38 |[34;20m INFO     [0m|[34;20m nipype.workflow  [0m|[34;20m [Node] Setting-up "_sanitize0" in "/local/nvme/ds004996_26.784026/ds/tmp/mriqc_wf/funcMRIQC/dc208f23db9b1eb00e683decf979c7e42ba12ad7/sanitize/mapflow/_sanitize0".[0m
2026-03-27 02:15:38 |[34;20m INFO     [0m|[34;20m nipype.workflow  [0m|[34;20m [Node] Executing "_sanitize0" <niworkflows.interfaces.header.SanitizeImage>[0m
2026-03-27 02:15:38 |[34;20m INFO     [0m|[34;20m nipype.workflow  [0m|[34;20m [Node] Setting-up "_sanitize0" in "/local/nvme/ds004996_26.784026/ds/tmp/mriqc_wf/funcMRIQC/2b9d98b98838b397e977a9d5d50a3d77deaf4d13/sanitize/mapflow/_sanitize0".[0m
2026-03-27 02:15:38 |[34;20m INFO     [0m|[34;20m nipype.workflow  [0m|[34;20m [Node] Setting-up "_sanitize0" in "/local/nvme/ds004996_26.784026/ds/tmp/mriqc_wf/funcMRIQC/fb33c01198368f3f7bb62b6345f2e31f18b221d6/sanitize/mapflow/_sanitize0".[0m
2026-03-27 02:15:38 |[34;20m INFO     [0m|[34;20m nipype.workflow  [0m|[34;20m [Node] Executing "_sanitize0" <niworkflows.interfaces.header.SanitizeImage>[0m
2026-03-27 02:15:38 |[34;20m INFO     [0m|[34;20m nipype.workflow  [0m|[34;20m [Node] Executing "_sanitize0" <niworkflows.interfaces.header.SanitizeImage>[0m
2026-03-27 02:15:38 |[34;20m INFO     [0m|[34;20m nipype.workflow  [0m|[34;20m [Node] Finished "_sanitize0", elapsed time 0.757239s.[0m
2026-03-27 02:15:39 |[34;20m INFO     [0m|[34;20m nipype.workflow  [0m|[34;20m [Node] Finished "_sanitize0", elapsed time 0.792262s.[0m
2026-03-27 02:15:39 |[34;20m INFO     [0m|[34;20m nipype.workflow  [0m|[34;20m [Node] Finished "_sanitize0", elapsed time 0.848948s.[0m
2026-03-27 02:15:40 |[34;20m INFO     [0m|[34;20m nipype.workflow  [0m|[34;20m [Node] Setting-up "mriqc_wf.funcMRIQC.fMRI_HMC.estimate_hm" in "/local/nvme/ds004996_26.784026/ds/tmp/mriqc_wf/funcMRIQC/fMRI_HMC/2b9d98b98838b397e977a9d5d50a3d77deaf4d13/estimate_hm".[0m
2026-03-27 02:15:40 |[34;20m INFO     [0m|[34;20m nipype.workflow  [0m|[34;20m [Node] Setting-up "mriqc_wf.funcMRIQC.fMRI_HMC.estimate_hm" in "/local/nvme/ds004996_26.784026/ds/tmp/mriqc_wf/funcMRIQC/fMRI_HMC/fb33c01198368f3f7bb62b6345f2e31f18b221d6/estimate_hm".[0m
2026-03-27 02:15:40 |[34;20m INFO     [0m|[34;20m nipype.workflow  [0m|[34;20m [Node] Setting-up "mriqc_wf.funcMRIQC.fMRI_HMC.estimate_hm" in "/local/nvme/ds004996_26.784026/ds/tmp/mriqc_wf/funcMRIQC/fMRI_HMC/dc208f23db9b1eb00e683decf979c7e42ba12ad7/estimate_hm".[0m
2026-03-27 02:15:40 |[34;20m INFO     [0m|[34;20m nipype.workflow  [0m|[34;20m [Node] Executing "estimate_hm" <nipype.interfaces.afni.preprocess.Volreg>[0m
2026-03-27 02:15:40 |[34;20m INFO     [0m|[34;20m nipype.workflow  [0m|[34;20m [Node] Executing "estimate_hm" <nipype.interfaces.afni.preprocess.Volreg>[0m
2026-03-27 02:15:40 |[34;20m INFO     [0m|[34;20m nipype.workflow  [0m|[34;20m [Node] Setting-up "_SpikesMask0" in "/local/nvme/ds004996_26.784026/ds/tmp/mriqc_wf/funcMRIQC/func_report_wf/2b9d98b98838b397e977a9d5d50a3d77deaf4d13/SpikesMask/mapflow/_SpikesMask0".[0m
2026-03-27 02:15:40 |[34;20m INFO     [0m|[34;20m nipype.workflow  [0m|[34;20m [Node] Executing "estimate_hm" <nipype.interfaces.afni.preprocess.Volreg>[0m
2026-03-27 02:15:40 |[34;20m INFO     [0m|[34;20m nipype.workflow  [0m|[34;20m [Node] Setting-up "_SpikesMask0" in "/local/nvme/ds004996_26.784026/ds/tmp/mriqc_wf/funcMRIQC/func_report_wf/fb33c01198368f3f7bb62b6345f2e31f18b221d6/SpikesMask/mapflow/_SpikesMask0".[0m
2026-03-27 02:15:40 |[34;20m INFO     [0m|[34;20m nipype.workflow  [0m|[34;20m [Node] Executing "_SpikesMask0" <nipype.interfaces.utility.wrappers.Function>[0m
2026-03-27 02:15:40 |[34;20m INFO     [0m|[34;20m nipype.workflow  [0m|[34;20m [Node] Setting-up "_SpikesMask0" in "/local/nvme/ds004996_26.784026/ds/tmp/mriqc_wf/funcMRIQC/func_report_wf/dc208f23db9b1eb00e683decf979c7e42ba12ad7/SpikesMask/mapflow/_SpikesMask0".[0m
2026-03-27 02:15:40 |[34;20m INFO     [0m|[34;20m nipype.workflow  [0m|[34;20m [Node] Executing "_SpikesMask0" <nipype.interfaces.utility.wrappers.Function>[0m
2026-03-27 02:15:40 |[34;20m INFO     [0m|[34;20m nipype.workflow  [0m|[34;20m [Node] Executing "_SpikesMask0" <nipype.interfaces.utility.wrappers.Function>[0m
2026-03-27 02:15:41 |[34;20m INFO     [0m|[34;20m nipype.workflow  [0m|[34;20m [Node] Finished "_SpikesMask0", elapsed time 1.606032s.[0m
2026-03-27 02:15:41 |[34;20m INFO     [0m|[34;20m nipype.workflow  [0m|[34;20m [Node] Finished "_SpikesMask0", elapsed time 1.651221s.[0m
2026-03-27 02:15:42 |[34;20m INFO     [0m|[34;20m nipype.workflow  [0m|[34;20m [Node] Setting-up "_SpikesFinderBgMask0" in "/local/nvme/ds004996_26.784026/ds/tmp/mriqc_wf/funcMRIQC/func_report_wf/2b9d98b98838b397e977a9d5d50a3d77deaf4d13/SpikesFinderBgMask/mapflow/_SpikesFinderBgMask0".[0m
2026-03-27 02:15:42 |[34;20m INFO     [0m|[34;20m nipype.workflow  [0m|[34;20m [Node] Setting-up "_SpikesFinderBgMask0" in "/local/nvme/ds004996_26.784026/ds/tmp/mriqc_wf/funcMRIQC/func_report_wf/fb33c01198368f3f7bb62b6345f2e31f18b221d6/SpikesFinderBgMask/mapflow/_SpikesFinderBgMask0".[0m
2026-03-27 02:15:42 |[34;20m INFO     [0m|[34;20m nipype.workflow  [0m|[34;20m [Node] Executing "_SpikesFinderBgMask0" <mriqc.interfaces.functional.Spikes>[0m
2026-03-27 02:15:42 |[34;20m INFO     [0m|[34;20m nipype.workflow  [0m|[34;20m [Node] Executing "_SpikesFinderBgMask0" <mriqc.interfaces.functional.Spikes>[0m
2026-03-27 02:15:42 |[34;20m INFO     [0m|[34;20m nipype.workflow  [0m|[34;20m [Node] Finished "_SpikesMask0", elapsed time 2.039168s.[0m
2026-03-27 02:15:44 |[34;20m INFO     [0m|[34;20m nipype.workflow  [0m|[34;20m [Node] Setting-up "_SpikesFinderBgMask0" in "/local/nvme/ds004996_26.784026/ds/tmp/mriqc_wf/funcMRIQC/func_report_wf/dc208f23db9b1eb00e683decf979c7e42ba12ad7/SpikesFinderBgMask/mapflow/_SpikesFinderBgMask0".[0m
2026-03-27 02:15:44 |[34;20m INFO     [0m|[34;20m nipype.workflow  [0m|[34;20m [Node] Executing "_SpikesFinderBgMask0" <mriqc.interfaces.functional.Spikes>[0m
2026-03-27 02:15:45 |[34;20m INFO     [0m|[34;20m nipype.workflow  [0m|[34;20m [Node] Finished "_SpikesFinderBgMask0", elapsed time 3.032015s.[0m
2026-03-27 02:15:45 |[34;20m INFO     [0m|[34;20m nipype.workflow  [0m|[34;20m [Node] Finished "_SpikesFinderBgMask0", elapsed time 3.182516s.[0m
2026-03-27 02:15:47 |[34;20m INFO     [0m|[34;20m nipype.workflow  [0m|[34;20m [Node] Finished "_SpikesFinderBgMask0", elapsed time 3.075309s.[0m
2026-03-27 02:32:18 |[34;20m INFO     [0m|[34;20m nipype.workflow  [0m|[34;20m [Node] Finished "estimate_hm", elapsed time 998.766705s.[0m
2026-03-27 02:32:20 |[34;20m INFO     [0m|[34;20m nipype.workflow  [0m|[34;20m [Node] Setting-up "mriqc_wf.funcMRIQC.fMRI_HMC.ComputeFD" in "/local/nvme/ds004996_26.784026/ds/tmp/mriqc_wf/funcMRIQC/fMRI_HMC/fb33c01198368f3f7bb62b6345f2e31f18b221d6/ComputeFD".[0m
2026-03-27 02:32:20 |[34;20m INFO     [0m|[34;20m nipype.workflow  [0m|[34;20m [Node] Executing "ComputeFD" <nipype.algorithms.confounds.FramewiseDisplacement>[0m
2026-03-27 02:32:20 |[34;20m INFO     [0m|[34;20m nipype.workflow  [0m|[34;20m [Node] Finished "ComputeFD", elapsed time 0.008293s.[0m
2026-03-27 02:32:23 |[34;20m INFO     [0m|[34;20m nipype.workflow  [0m|[34;20m [Node] Finished "estimate_hm", elapsed time 1003.059785s.[0m
2026-03-27 02:32:24 |[34;20m INFO     [0m|[34;20m nipype.workflow  [0m|[34;20m [Node] Setting-up "mriqc_wf.funcMRIQC.fMRI_HMC.ComputeFD" in "/local/nvme/ds004996_26.784026/ds/tmp/mriqc_wf/funcMRIQC/fMRI_HMC/dc208f23db9b1eb00e683decf979c7e42ba12ad7/ComputeFD".[0m
2026-03-27 02:32:24 |[34;20m INFO     [0m|[34;20m nipype.workflow  [0m|[34;20m [Node] Executing "ComputeFD" <nipype.algorithms.confounds.FramewiseDisplacement>[0m
2026-03-27 02:32:24 |[34;20m INFO     [0m|[34;20m nipype.workflow  [0m|[34;20m [Node] Finished "ComputeFD", elapsed time 0.007237s.[0m
2026-03-27 02:32:26 |[34;20m INFO     [0m|[34;20m nipype.workflow  [0m|[34;20m [Node] Finished "estimate_hm", elapsed time 1006.261567s.[0m
2026-03-27 02:32:28 |[34;20m INFO     [0m|[34;20m nipype.workflow  [0m|[34;20m [Node] Setting-up "_apply_hmc0" in "/local/nvme/ds004996_26.784026/ds/tmp/mriqc_wf/funcMRIQC/fMRI_HMC/2b9d98b98838b397e977a9d5d50a3d77deaf4d13/apply_hmc/mapflow/_apply_hmc0".[0m
2026-03-27 02:32:28 |[34;20m INFO     [0m|[34;20m nipype.workflow  [0m|[34;20m [Node] Executing "_apply_hmc0" <nipype.interfaces.utility.wrappers.Function>[0m
2026-03-27 02:32:47 |[34;20m INFO     [0m|[34;20m nipype.workflow  [0m|[34;20m [Node] Finished "_apply_hmc0", elapsed time 19.511373s.[0m
2026-03-27 02:32:48 |[34;20m INFO     [0m|[34;20m nipype.workflow  [0m|[34;20m [Node] Setting-up "mriqc_wf.funcMRIQC.fMRI_HMC.ComputeFD" in "/local/nvme/ds004996_26.784026/ds/tmp/mriqc_wf/funcMRIQC/fMRI_HMC/2b9d98b98838b397e977a9d5d50a3d77deaf4d13/ComputeFD".[0m
2026-03-27 02:32:48 |[34;20m INFO     [0m|[34;20m nipype.workflow  [0m|[34;20m [Node] Executing "ComputeFD" <nipype.algorithms.confounds.FramewiseDisplacement>[0m
2026-03-27 02:32:48 |[34;20m INFO     [0m|[34;20m nipype.workflow  [0m|[34;20m [Node] Setting-up "_mean0" in "/local/nvme/ds004996_26.784026/ds/tmp/mriqc_wf/funcMRIQC/2b9d98b98838b397e977a9d5d50a3d77deaf4d13/mean/mapflow/_mean0".[0m
2026-03-27 02:32:48 |[34;20m INFO     [0m|[34;20m nipype.workflow  [0m|[34;20m [Node] Executing "_mean0" <nipype.interfaces.afni.utils.TStat>[0m
2026-03-27 02:32:48 |[34;20m INFO     [0m|[34;20m nipype.workflow  [0m|[34;20m [Node] Setting-up "_compute_tsnr0" in "/local/nvme/ds004996_26.784026/ds/tmp/mriqc_wf/funcMRIQC/2b9d98b98838b397e977a9d5d50a3d77deaf4d13/compute_tsnr/mapflow/_compute_tsnr0".[0m
2026-03-27 02:32:48 |[34;20m INFO     [0m|[34;20m nipype.workflow  [0m|[34;20m [Node] Setting-up "_quality0" in "/local/nvme/ds004996_26.784026/ds/tmp/mriqc_wf/funcMRIQC/ComputeIQMs/2b9d98b98838b397e977a9d5d50a3d77deaf4d13/quality/mapflow/_quality0".[0m
2026-03-27 02:32:48 |[34;20m INFO     [0m|[34;20m nipype.workflow  [0m|[34;20m [Node] Executing "_compute_tsnr0" <nipype.algorithms.confounds.TSNR>[0m
2026-03-27 02:32:48 |[34;20m INFO     [0m|[34;20m nipype.workflow  [0m|[34;20m [Node] Executing "_quality0" <nipype.interfaces.afni.preprocess.QualityIndex>[0m
2026-03-27 02:32:48 |[34;20m INFO     [0m|[34;20m nipype.workflow  [0m|[34;20m [Node] Finished "ComputeFD", elapsed time 0.009352s.[0m
2026-03-27 02:32:49 |[34;20m INFO     [0m|[34;20m nipype.workflow  [0m|[34;20m [Node] Finished "_compute_tsnr0", elapsed time 1.5031219999999998s.[0m
2026-03-27 02:32:50 |[34;20m INFO     [0m|[34;20m nipype.workflow  [0m|[34;20m [Node] Setting-up "_PlotMosaicSD0" in "/local/nvme/ds004996_26.784026/ds/tmp/mriqc_wf/funcMRIQC/func_report_wf/2b9d98b98838b397e977a9d5d50a3d77deaf4d13/PlotMosaicSD/mapflow/_PlotMosaicSD0".[0m
2026-03-27 02:32:50 |[34;20m INFO     [0m|[34;20m nipype.workflow  [0m|[34;20m [Node] Executing "_PlotMosaicSD0" <nireports.interfaces.mosaic.PlotMosaic>[0m
2026-03-27 02:32:51 |[34;20m INFO     [0m|[34;20m nipype.workflow  [0m|[34;20m [Node] Finished "_mean0", elapsed time 3.140074s.[0m
2026-03-27 02:32:52 |[34;20m INFO     [0m|[34;20m nipype.workflow  [0m|[34;20m [Node] Finished "_PlotMosaicSD0", elapsed time 1.71411s.[0m
2026-03-27 02:32:52 |[34;20m INFO     [0m|[34;20m nipype.workflow  [0m|[34;20m [Node] Setting-up "mriqc_wf.funcMRIQC.synthstrip_wf.pre_clip" in "/local/nvme/ds004996_26.784026/ds/tmp/mriqc_wf/funcMRIQC/synthstrip_wf/2b9d98b98838b397e977a9d5d50a3d77deaf4d13/pre_clip".[0m
2026-03-27 02:32:52 |[34;20m INFO     [0m|[34;20m nipype.workflow  [0m|[34;20m [Node] Setting-up "mriqc_wf.funcMRIQC.SpatialNormalization.SharpenEPI" in "/local/nvme/ds004996_26.784026/ds/tmp/mriqc_wf/funcMRIQC/SpatialNormalization/2b9d98b98838b397e977a9d5d50a3d77deaf4d13/SharpenEPI".[0m
2026-03-27 02:32:52 |[34;20m INFO     [0m|[34;20m nipype.workflow  [0m|[34;20m [Node] Executing "SharpenEPI" <nipype.interfaces.ants.segmentation.N4BiasFieldCorrection>[0m
2026-03-27 02:32:52 |[34;20m INFO     [0m|[34;20m nipype.workflow  [0m|[34;20m [Node] Executing "pre_clip" <niworkflows.interfaces.nibabel.IntensityClip>[0m
2026-03-27 02:32:52 |[34;20m INFO     [0m|[34;20m nipype.workflow  [0m|[34;20m [Node] Setting-up "_PlotMosaicMean0" in "/local/nvme/ds004996_26.784026/ds/tmp/mriqc_wf/funcMRIQC/func_report_wf/2b9d98b98838b397e977a9d5d50a3d77deaf4d13/PlotMosaicMean/mapflow/_PlotMosaicMean0".[0m
2026-03-27 02:32:52 |[34;20m INFO     [0m|[34;20m nipype.workflow  [0m|[34;20m [Node] Executing "_PlotMosaicMean0" <nireports.interfaces.mosaic.PlotMosaic>[0m
2026-03-27 02:32:52 |[34;20m INFO     [0m|[34;20m nipype.workflow  [0m|[34;20m [Node] Setting-up "_PlotMosaicNoise0" in "/local/nvme/ds004996_26.784026/ds/tmp/mriqc_wf/funcMRIQC/func_report_wf/2b9d98b98838b397e977a9d5d50a3d77deaf4d13/PlotMosaicNoise/mapflow/_PlotMosaicNoise0".[0m
2026-03-27 02:32:52 |[34;20m INFO     [0m|[34;20m nipype.workflow  [0m|[34;20m [Node] Executing "_PlotMosaicNoise0" <nireports.interfaces.mosaic.PlotMosaic>[0m
2026-03-27 02:32:52 |[34;20m INFO     [0m|[34;20m nipype.workflow  [0m|[34;20m [Node] Setting-up "_ds_report_stdev0" in "/local/nvme/ds004996_26.784026/ds/tmp/mriqc_wf/funcMRIQC/func_report_wf/2b9d98b98838b397e977a9d5d50a3d77deaf4d13/ds_report_stdev/mapflow/_ds_report_stdev0".[0m
2026-03-27 02:32:52 |[34;20m INFO     [0m|[34;20m nipype.workflow  [0m|[34;20m [Node] Executing "_ds_report_stdev0" <mriqc.interfaces.DerivativesDataSink>[0m
2026-03-27 02:32:52 |[34;20m INFO     [0m|[34;20m nipype.workflow  [0m|[34;20m [Node] Finished "_ds_report_stdev0", elapsed time 0.008449s.[0m
2026-03-27 02:32:53 |[34;20m INFO     [0m|[34;20m nipype.workflow  [0m|[34;20m [Node] Finished "pre_clip", elapsed time 0.81264s.[0m
2026-03-27 02:32:53 |[34;20m INFO     [0m|[34;20m nipype.workflow  [0m|[34;20m [Node] Finished "_PlotMosaicMean0", elapsed time 1.439199s.[0m
2026-03-27 02:32:53 |[34;20m INFO     [0m|[34;20m nipype.workflow  [0m|[34;20m [Node] Finished "_PlotMosaicNoise0", elapsed time 1.57424s.[0m
2026-03-27 02:32:54 |[34;20m INFO     [0m|[34;20m nipype.workflow  [0m|[34;20m [Node] Setting-up "_ds_report_mean0" in "/local/nvme/ds004996_26.784026/ds/tmp/mriqc_wf/funcMRIQC/func_report_wf/2b9d98b98838b397e977a9d5d50a3d77deaf4d13/ds_report_mean/mapflow/_ds_report_mean0".[0m
2026-03-27 02:32:54 |[34;20m INFO     [0m|[34;20m nipype.workflow  [0m|[34;20m [Node] Executing "_ds_report_mean0" <mriqc.interfaces.DerivativesDataSink>[0m
2026-03-27 02:32:54 |[34;20m INFO     [0m|[34;20m nipype.workflow  [0m|[34;20m [Node] Finished "_ds_report_mean0", elapsed time 0.00603s.[0m
2026-03-27 02:32:54 |[34;20m INFO     [0m|[34;20m nipype.workflow  [0m|[34;20m [Node] Setting-up "_ds_report_background0" in "/local/nvme/ds004996_26.784026/ds/tmp/mriqc_wf/funcMRIQC/func_report_wf/2b9d98b98838b397e977a9d5d50a3d77deaf4d13/ds_report_background/mapflow/_ds_report_background0".[0m
2026-03-27 02:32:54 |[34;20m INFO     [0m|[34;20m nipype.workflow  [0m|[34;20m [Node] Executing "_ds_report_background0" <mriqc.interfaces.DerivativesDataSink>[0m
2026-03-27 02:32:54 |[34;20m INFO     [0m|[34;20m nipype.workflow  [0m|[34;20m [Node] Finished "_ds_report_background0", elapsed time 0.005902s.[0m
2026-03-27 02:32:57 |[34;20m INFO     [0m|[34;20m nipype.workflow  [0m|[34;20m [Node] Finished "SharpenEPI", elapsed time 4.567024s.[0m
2026-03-27 02:32:59 |[34;20m INFO     [0m|[34;20m nipype.workflow  [0m|[34;20m [Node] Finished "_quality0", elapsed time 11.343882s.[0m
2026-03-27 02:33:00 |[34;20m INFO     [0m|[34;20m nipype.workflow  [0m|[34;20m [Node] Setting-up "_apply_hmc0" in "/local/nvme/ds004996_26.784026/ds/tmp/mriqc_wf/funcMRIQC/fMRI_HMC/fb33c01198368f3f7bb62b6345f2e31f18b221d6/apply_hmc/mapflow/_apply_hmc0".[0m
2026-03-27 02:33:00 |[34;20m INFO     [0m|[34;20m nipype.workflow  [0m|[34;20m [Node] Executing "_apply_hmc0" <nipype.interfaces.utility.wrappers.Function>[0m
2026-03-27 02:33:19 |[34;20m INFO     [0m|[34;20m nipype.workflow  [0m|[34;20m [Node] Finished "_apply_hmc0", elapsed time 19.274333s.[0m
2026-03-27 02:33:20 |[34;20m INFO     [0m|[34;20m nipype.workflow  [0m|[34;20m [Node] Setting-up "_apply_hmc0" in "/local/nvme/ds004996_26.784026/ds/tmp/mriqc_wf/funcMRIQC/fMRI_HMC/dc208f23db9b1eb00e683decf979c7e42ba12ad7/apply_hmc/mapflow/_apply_hmc0".[0m
2026-03-27 02:33:20 |[34;20m INFO     [0m|[34;20m nipype.workflow  [0m|[34;20m [Node] Executing "_apply_hmc0" <nipype.interfaces.utility.wrappers.Function>[0m
2026-03-27 02:33:40 |[34;20m INFO     [0m|[34;20m nipype.workflow  [0m|[34;20m [Node] Finished "_apply_hmc0", elapsed time 19.795599s.[0m
2026-03-27 02:33:40 |[34;20m INFO     [0m|[34;20m nipype.workflow  [0m|[34;20m [Node] Setting-up "_mean0" in "/local/nvme/ds004996_26.784026/ds/tmp/mriqc_wf/funcMRIQC/fb33c01198368f3f7bb62b6345f2e31f18b221d6/mean/mapflow/_mean0".[0m
2026-03-27 02:33:40 |[34;20m INFO     [0m|[34;20m nipype.workflow  [0m|[34;20m [Node] Setting-up "_compute_tsnr0" in "/local/nvme/ds004996_26.784026/ds/tmp/mriqc_wf/funcMRIQC/fb33c01198368f3f7bb62b6345f2e31f18b221d6/compute_tsnr/mapflow/_compute_tsnr0".[0m
2026-03-27 02:33:40 |[34;20m INFO     [0m|[34;20m nipype.workflow  [0m|[34;20m [Node] Executing "_compute_tsnr0" <nipype.algorithms.confounds.TSNR>[0m
2026-03-27 02:33:40 |[34;20m INFO     [0m|[34;20m nipype.workflow  [0m|[34;20m [Node] Executing "_mean0" <nipype.interfaces.afni.utils.TStat>[0m
2026-03-27 02:33:40 |[34;20m INFO     [0m|[34;20m nipype.workflow  [0m|[34;20m [Node] Setting-up "_mean0" in "/local/nvme/ds004996_26.784026/ds/tmp/mriqc_wf/funcMRIQC/dc208f23db9b1eb00e683decf979c7e42ba12ad7/mean/mapflow/_mean0".[0m
2026-03-27 02:33:40 |[34;20m INFO     [0m|[34;20m nipype.workflow  [0m|[34;20m [Node] Setting-up "_compute_tsnr0" in "/local/nvme/ds004996_26.784026/ds/tmp/mriqc_wf/funcMRIQC/dc208f23db9b1eb00e683decf979c7e42ba12ad7/compute_tsnr/mapflow/_compute_tsnr0".[0m
2026-03-27 02:33:40 |[34;20m INFO     [0m|[34;20m nipype.workflow  [0m|[34;20m [Node] Setting-up "_quality0" in "/local/nvme/ds004996_26.784026/ds/tmp/mriqc_wf/funcMRIQC/ComputeIQMs/fb33c01198368f3f7bb62b6345f2e31f18b221d6/quality/mapflow/_quality0".[0m
2026-03-27 02:33:40 |[34;20m INFO     [0m|[34;20m nipype.workflow  [0m|[34;20m [Node] Setting-up "_quality0" in "/local/nvme/ds004996_26.784026/ds/tmp/mriqc_wf/funcMRIQC/ComputeIQMs/dc208f23db9b1eb00e683decf979c7e42ba12ad7/quality/mapflow/_quality0".[0m
2026-03-27 02:33:40 |[34;20m INFO     [0m|[34;20m nipype.workflow  [0m|[34;20m [Node] Executing "_mean0" <nipype.interfaces.afni.utils.TStat>[0m
2026-03-27 02:33:40 |[34;20m INFO     [0m|[34;20m nipype.workflow  [0m|[34;20m [Node] Executing "_compute_tsnr0" <nipype.algorithms.confounds.TSNR>[0m
2026-03-27 02:33:40 |[34;20m INFO     [0m|[34;20m nipype.workflow  [0m|[34;20m [Node] Executing "_quality0" <nipype.interfaces.afni.preprocess.QualityIndex>[0m
2026-03-27 02:33:40 |[34;20m INFO     [0m|[34;20m nipype.workflow  [0m|[34;20m [Node] Executing "_quality0" <nipype.interfaces.afni.preprocess.QualityIndex>[0m
2026-03-27 02:33:42 |[34;20m INFO     [0m|[34;20m nipype.workflow  [0m|[34;20m [Node] Finished "_compute_tsnr0", elapsed time 1.77522s.[0m
2026-03-27 02:33:42 |[34;20m INFO     [0m|[34;20m nipype.workflow  [0m|[34;20m [Node] Setting-up "_PlotMosaicSD0" in "/local/nvme/ds004996_26.784026/ds/tmp/mriqc_wf/funcMRIQC/func_report_wf/fb33c01198368f3f7bb62b6345f2e31f18b221d6/PlotMosaicSD/mapflow/_PlotMosaicSD0".[0m
2026-03-27 02:33:42 |[34;20m INFO     [0m|[34;20m nipype.workflow  [0m|[34;20m [Node] Executing "_PlotMosaicSD0" <nireports.interfaces.mosaic.PlotMosaic>[0m
2026-03-27 02:33:43 |[34;20m INFO     [0m|[34;20m nipype.workflow  [0m|[34;20m [Node] Finished "_compute_tsnr0", elapsed time 2.73066s.[0m
2026-03-27 02:33:43 |[34;20m INFO     [0m|[34;20m nipype.workflow  [0m|[34;20m [Node] Finished "_mean0", elapsed time 3.480415s.[0m
2026-03-27 02:33:43 |[34;20m INFO     [0m|[34;20m nipype.workflow  [0m|[34;20m [Node] Finished "_PlotMosaicSD0", elapsed time 1.532841s.[0m
2026-03-27 02:33:43 |[34;20m INFO     [0m|[34;20m nipype.workflow  [0m|[34;20m [Node] Finished "_mean0", elapsed time 3.535108s.[0m
2026-03-27 02:33:44 |[34;20m INFO     [0m|[34;20m nipype.workflow  [0m|[34;20m [Node] Setting-up "mriqc_wf.funcMRIQC.synthstrip_wf.pre_clip" in "/local/nvme/ds004996_26.784026/ds/tmp/mriqc_wf/funcMRIQC/synthstrip_wf/fb33c01198368f3f7bb62b6345f2e31f18b221d6/pre_clip".[0m
2026-03-27 02:33:44 |[34;20m INFO     [0m|[34;20m nipype.workflow  [0m|[34;20m [Node] Setting-up "mriqc_wf.funcMRIQC.SpatialNormalization.SharpenEPI" in "/local/nvme/ds004996_26.784026/ds/tmp/mriqc_wf/funcMRIQC/SpatialNormalization/fb33c01198368f3f7bb62b6345f2e31f18b221d6/SharpenEPI".[0m
2026-03-27 02:33:44 |[34;20m INFO     [0m|[34;20m nipype.workflow  [0m|[34;20m [Node] Executing "pre_clip" <niworkflows.interfaces.nibabel.IntensityClip>[0m
2026-03-27 02:33:44 |[34;20m INFO     [0m|[34;20m nipype.workflow  [0m|[34;20m [Node] Executing "SharpenEPI" <nipype.interfaces.ants.segmentation.N4BiasFieldCorrection>[0m
2026-03-27 02:33:44 |[34;20m INFO     [0m|[34;20m nipype.workflow  [0m|[34;20m [Node] Setting-up "mriqc_wf.funcMRIQC.synthstrip_wf.pre_clip" in "/local/nvme/ds004996_26.784026/ds/tmp/mriqc_wf/funcMRIQC/synthstrip_wf/dc208f23db9b1eb00e683decf979c7e42ba12ad7/pre_clip".[0m
2026-03-27 02:33:44 |[34;20m INFO     [0m|[34;20m nipype.workflow  [0m|[34;20m [Node] Setting-up "mriqc_wf.funcMRIQC.SpatialNormalization.SharpenEPI" in "/local/nvme/ds004996_26.784026/ds/tmp/mriqc_wf/funcMRIQC/SpatialNormalization/dc208f23db9b1eb00e683decf979c7e42ba12ad7/SharpenEPI".[0m
2026-03-27 02:33:44 |[34;20m INFO     [0m|[34;20m nipype.workflow  [0m|[34;20m [Node] Setting-up "_PlotMosaicMean0" in "/local/nvme/ds004996_26.784026/ds/tmp/mriqc_wf/funcMRIQC/func_report_wf/fb33c01198368f3f7bb62b6345f2e31f18b221d6/PlotMosaicMean/mapflow/_PlotMosaicMean0".[0m
2026-03-27 02:33:44 |[34;20m INFO     [0m|[34;20m nipype.workflow  [0m|[34;20m [Node] Executing "pre_clip" <niworkflows.interfaces.nibabel.IntensityClip>[0m
2026-03-27 02:33:44 |[34;20m INFO     [0m|[34;20m nipype.workflow  [0m|[34;20m [Node] Executing "_PlotMosaicMean0" <nireports.interfaces.mosaic.PlotMosaic>[0m
2026-03-27 02:33:44 |[34;20m INFO     [0m|[34;20m nipype.workflow  [0m|[34;20m [Node] Executing "SharpenEPI" <nipype.interfaces.ants.segmentation.N4BiasFieldCorrection>[0m
2026-03-27 02:33:44 |[34;20m INFO     [0m|[34;20m nipype.workflow  [0m|[34;20m [Node] Setting-up "_PlotMosaicNoise0" in "/local/nvme/ds004996_26.784026/ds/tmp/mriqc_wf/funcMRIQC/func_report_wf/fb33c01198368f3f7bb62b6345f2e31f18b221d6/PlotMosaicNoise/mapflow/_PlotMosaicNoise0".[0m
2026-03-27 02:33:44 |[34;20m INFO     [0m|[34;20m nipype.workflow  [0m|[34;20m [Node] Executing "_PlotMosaicNoise0" <nireports.interfaces.mosaic.PlotMosaic>[0m
2026-03-27 02:33:45 |[34;20m INFO     [0m|[34;20m nipype.workflow  [0m|[34;20m [Node] Finished "pre_clip", elapsed time 0.749642s.[0m
2026-03-27 02:33:45 |[34;20m INFO     [0m|[34;20m nipype.workflow  [0m|[34;20m [Node] Finished "pre_clip", elapsed time 0.7547s.[0m
2026-03-27 02:33:45 |[34;20m INFO     [0m|[34;20m nipype.workflow  [0m|[34;20m [Node] Finished "_PlotMosaicMean0", elapsed time 1.390632s.[0m
2026-03-27 02:33:45 |[34;20m INFO     [0m|[34;20m nipype.workflow  [0m|[34;20m [Node] Finished "_PlotMosaicNoise0", elapsed time 1.415375s.[0m
2026-03-27 02:33:46 |[34;20m INFO     [0m|[34;20m nipype.workflow  [0m|[34;20m [Node] Setting-up "_PlotMosaicMean0" in "/local/nvme/ds004996_26.784026/ds/tmp/mriqc_wf/funcMRIQC/func_report_wf/dc208f23db9b1eb00e683decf979c7e42ba12ad7/PlotMosaicMean/mapflow/_PlotMosaicMean0".[0m
2026-03-27 02:33:46 |[34;20m INFO     [0m|[34;20m nipype.workflow  [0m|[34;20m [Node] Setting-up "_PlotMosaicNoise0" in "/local/nvme/ds004996_26.784026/ds/tmp/mriqc_wf/funcMRIQC/func_report_wf/dc208f23db9b1eb00e683decf979c7e42ba12ad7/PlotMosaicNoise/mapflow/_PlotMosaicNoise0".[0m
2026-03-27 02:33:46 |[34;20m INFO     [0m|[34;20m nipype.workflow  [0m|[34;20m [Node] Executing "_PlotMosaicMean0" <nireports.interfaces.mosaic.PlotMosaic>[0m
2026-03-27 02:33:46 |[34;20m INFO     [0m|[34;20m nipype.workflow  [0m|[34;20m [Node] Executing "_PlotMosaicNoise0" <nireports.interfaces.mosaic.PlotMosaic>[0m
2026-03-27 02:33:46 |[34;20m INFO     [0m|[34;20m nipype.workflow  [0m|[34;20m [Node] Setting-up "_PlotMosaicSD0" in "/local/nvme/ds004996_26.784026/ds/tmp/mriqc_wf/funcMRIQC/func_report_wf/dc208f23db9b1eb00e683decf979c7e42ba12ad7/PlotMosaicSD/mapflow/_PlotMosaicSD0".[0m
2026-03-27 02:33:46 |[34;20m INFO     [0m|[34;20m nipype.workflow  [0m|[34;20m [Node] Executing "_PlotMosaicSD0" <nireports.interfaces.mosaic.PlotMosaic>[0m
2026-03-27 02:33:46 |[34;20m INFO     [0m|[34;20m nipype.workflow  [0m|[34;20m [Node] Setting-up "_ds_report_mean0" in "/local/nvme/ds004996_26.784026/ds/tmp/mriqc_wf/funcMRIQC/func_report_wf/fb33c01198368f3f7bb62b6345f2e31f18b221d6/ds_report_mean/mapflow/_ds_report_mean0".[0m
2026-03-27 02:33:46 |[34;20m INFO     [0m|[34;20m nipype.workflow  [0m|[34;20m [Node] Executing "_ds_report_mean0" <mriqc.interfaces.DerivativesDataSink>[0m
2026-03-27 02:33:46 |[34;20m INFO     [0m|[34;20m nipype.workflow  [0m|[34;20m [Node] Finished "_ds_report_mean0", elapsed time 0.005848s.[0m
2026-03-27 02:33:46 |[34;20m INFO     [0m|[34;20m nipype.workflow  [0m|[34;20m [Node] Setting-up "_ds_report_background0" in "/local/nvme/ds004996_26.784026/ds/tmp/mriqc_wf/funcMRIQC/func_report_wf/fb33c01198368f3f7bb62b6345f2e31f18b221d6/ds_report_background/mapflow/_ds_report_background0".[0m
2026-03-27 02:33:46 |[34;20m INFO     [0m|[34;20m nipype.workflow  [0m|[34;20m [Node] Executing "_ds_report_background0" <mriqc.interfaces.DerivativesDataSink>[0m
2026-03-27 02:33:46 |[34;20m INFO     [0m|[34;20m nipype.workflow  [0m|[34;20m [Node] Finished "_ds_report_background0", elapsed time 0.005319s.[0m
2026-03-27 02:33:46 |[34;20m INFO     [0m|[34;20m nipype.workflow  [0m|[34;20m [Node] Setting-up "_ds_report_stdev0" in "/local/nvme/ds004996_26.784026/ds/tmp/mriqc_wf/funcMRIQC/func_report_wf/fb33c01198368f3f7bb62b6345f2e31f18b221d6/ds_report_stdev/mapflow/_ds_report_stdev0".[0m
2026-03-27 02:33:46 |[34;20m INFO     [0m|[34;20m nipype.workflow  [0m|[34;20m [Node] Executing "_ds_report_stdev0" <mriqc.interfaces.DerivativesDataSink>[0m
2026-03-27 02:33:46 |[34;20m INFO     [0m|[34;20m nipype.workflow  [0m|[34;20m [Node] Finished "_ds_report_stdev0", elapsed time 0.005233s.[0m
2026-03-27 02:33:47 |[34;20m INFO     [0m|[34;20m nipype.workflow  [0m|[34;20m [Node] Finished "_PlotMosaicMean0", elapsed time 1.445188s.[0m
2026-03-27 02:33:48 |[34;20m INFO     [0m|[34;20m nipype.workflow  [0m|[34;20m [Node] Finished "_PlotMosaicSD0", elapsed time 1.69616s.[0m
2026-03-27 02:33:48 |[34;20m INFO     [0m|[34;20m nipype.workflow  [0m|[34;20m [Node] Finished "_PlotMosaicNoise0", elapsed time 1.806475s.[0m
2026-03-27 02:33:48 |[34;20m INFO     [0m|[34;20m nipype.workflow  [0m|[34;20m [Node] Setting-up "_ds_report_mean0" in "/local/nvme/ds004996_26.784026/ds/tmp/mriqc_wf/funcMRIQC/func_report_wf/dc208f23db9b1eb00e683decf979c7e42ba12ad7/ds_report_mean/mapflow/_ds_report_mean0".[0m
2026-03-27 02:33:48 |[34;20m INFO     [0m|[34;20m nipype.workflow  [0m|[34;20m [Node] Executing "_ds_report_mean0" <mriqc.interfaces.DerivativesDataSink>[0m
2026-03-27 02:33:48 |[34;20m INFO     [0m|[34;20m nipype.workflow  [0m|[34;20m [Node] Finished "_ds_report_mean0", elapsed time 0.005355s.[0m
2026-03-27 02:33:48 |[34;20m INFO     [0m|[34;20m nipype.workflow  [0m|[34;20m [Node] Setting-up "_ds_report_background0" in "/local/nvme/ds004996_26.784026/ds/tmp/mriqc_wf/funcMRIQC/func_report_wf/dc208f23db9b1eb00e683decf979c7e42ba12ad7/ds_report_background/mapflow/_ds_report_background0".[0m
2026-03-27 02:33:48 |[34;20m INFO     [0m|[34;20m nipype.workflow  [0m|[34;20m [Node] Executing "_ds_report_background0" <mriqc.interfaces.DerivativesDataSink>[0m
2026-03-27 02:33:48 |[34;20m INFO     [0m|[34;20m nipype.workflow  [0m|[34;20m [Node] Finished "_ds_report_background0", elapsed time 0.005066s.[0m
2026-03-27 02:33:48 |[34;20m INFO     [0m|[34;20m nipype.workflow  [0m|[34;20m [Node] Setting-up "_ds_report_stdev0" in "/local/nvme/ds004996_26.784026/ds/tmp/mriqc_wf/funcMRIQC/func_report_wf/dc208f23db9b1eb00e683decf979c7e42ba12ad7/ds_report_stdev/mapflow/_ds_report_stdev0".[0m
2026-03-27 02:33:48 |[34;20m INFO     [0m|[34;20m nipype.workflow  [0m|[34;20m [Node] Executing "_ds_report_stdev0" <mriqc.interfaces.DerivativesDataSink>[0m
2026-03-27 02:33:48 |[34;20m INFO     [0m|[34;20m nipype.workflow  [0m|[34;20m [Node] Finished "_ds_report_stdev0", elapsed time 0.00536s.[0m
2026-03-27 02:33:49 |[34;20m INFO     [0m|[34;20m nipype.workflow  [0m|[34;20m [Node] Finished "SharpenEPI", elapsed time 4.464093s.[0m
2026-03-27 02:33:49 |[34;20m INFO     [0m|[34;20m nipype.workflow  [0m|[34;20m [Node] Finished "SharpenEPI", elapsed time 4.519609s.[0m
2026-03-27 02:33:51 |[34;20m INFO     [0m|[34;20m nipype.workflow  [0m|[34;20m [Node] Finished "_quality0", elapsed time 11.610792s.[0m
2026-03-27 02:33:52 |[34;20m INFO     [0m|[34;20m nipype.workflow  [0m|[34;20m [Node] Finished "_quality0", elapsed time 11.997298s.[0m
2026-03-27 02:33:54 |[34;20m INFO     [0m|[34;20m nipype.workflow  [0m|[34;20m [Node] Setting-up "mriqc_wf.funcMRIQC.synthstrip_wf.pre_n4" in "/local/nvme/ds004996_26.784026/ds/tmp/mriqc_wf/funcMRIQC/synthstrip_wf/2b9d98b98838b397e977a9d5d50a3d77deaf4d13/pre_n4".[0m
2026-03-27 02:33:54 |[34;20m INFO     [0m|[34;20m nipype.workflow  [0m|[34;20m [Node] Executing "pre_n4" <nipype.interfaces.ants.segmentation.N4BiasFieldCorrection>[0m
2026-03-27 02:33:56 |[34;20m INFO     [0m|[34;20m nipype.workflow  [0m|[34;20m [Node] Finished "pre_n4", elapsed time 1.473938s.[0m
2026-03-27 02:33:56 |[34;20m INFO     [0m|[34;20m nipype.workflow  [0m|[34;20m [Node] Setting-up "mriqc_wf.funcMRIQC.synthstrip_wf.pre_n4" in "/local/nvme/ds004996_26.784026/ds/tmp/mriqc_wf/funcMRIQC/synthstrip_wf/fb33c01198368f3f7bb62b6345f2e31f18b221d6/pre_n4".[0m
2026-03-27 02:33:56 |[34;20m INFO     [0m|[34;20m nipype.workflow  [0m|[34;20m [Node] Executing "pre_n4" <nipype.interfaces.ants.segmentation.N4BiasFieldCorrection>[0m
2026-03-27 02:33:58 |[34;20m INFO     [0m|[34;20m nipype.workflow  [0m|[34;20m [Node] Finished "pre_n4", elapsed time 1.347931s.[0m
2026-03-27 02:33:58 |[34;20m INFO     [0m|[34;20m nipype.workflow  [0m|[34;20m [Node] Setting-up "mriqc_wf.funcMRIQC.synthstrip_wf.pre_n4" in "/local/nvme/ds004996_26.784026/ds/tmp/mriqc_wf/funcMRIQC/synthstrip_wf/dc208f23db9b1eb00e683decf979c7e42ba12ad7/pre_n4".[0m
2026-03-27 02:33:58 |[34;20m INFO     [0m|[34;20m nipype.workflow  [0m|[34;20m [Node] Executing "pre_n4" <nipype.interfaces.ants.segmentation.N4BiasFieldCorrection>[0m
2026-03-27 02:33:59 |[34;20m INFO     [0m|[34;20m nipype.workflow  [0m|[34;20m [Node] Finished "pre_n4", elapsed time 1.5377290000000001s.[0m
2026-03-27 02:34:00 |[34;20m INFO     [0m|[34;20m nipype.workflow  [0m|[34;20m [Node] Setting-up "mriqc_wf.funcMRIQC.synthstrip_wf.synthstrip" in "/local/nvme/ds004996_26.784026/ds/tmp/mriqc_wf/funcMRIQC/synthstrip_wf/2b9d98b98838b397e977a9d5d50a3d77deaf4d13/synthstrip".[0m
2026-03-27 02:34:00 |[34;20m INFO     [0m|[34;20m nipype.workflow  [0m|[34;20m [Node] Executing "synthstrip" <mriqc.interfaces.synthstrip.SynthStrip>[0m
2026-03-27 02:34:19 |[34;20m INFO     [0m|[34;20m nipype.workflow  [0m|[34;20m [Node] Finished "synthstrip", elapsed time 19.437225s.[0m
2026-03-27 02:34:20 |[34;20m INFO     [0m|[34;20m nipype.workflow  [0m|[34;20m [Node] Setting-up "mriqc_wf.funcMRIQC.synthstrip_wf.synthstrip" in "/local/nvme/ds004996_26.784026/ds/tmp/mriqc_wf/funcMRIQC/synthstrip_wf/fb33c01198368f3f7bb62b6345f2e31f18b221d6/synthstrip".[0m
2026-03-27 02:34:20 |[34;20m INFO     [0m|[34;20m nipype.workflow  [0m|[34;20m [Node] Executing "synthstrip" <mriqc.interfaces.synthstrip.SynthStrip>[0m
2026-03-27 02:34:35 |[34;20m INFO     [0m|[34;20m nipype.workflow  [0m|[34;20m [Node] Finished "synthstrip", elapsed time 15.673259999999999s.[0m
2026-03-27 02:34:36 |[34;20m INFO     [0m|[34;20m nipype.workflow  [0m|[34;20m [Node] Setting-up "mriqc_wf.funcMRIQC.synthstrip_wf.synthstrip" in "/local/nvme/ds004996_26.784026/ds/tmp/mriqc_wf/funcMRIQC/synthstrip_wf/dc208f23db9b1eb00e683decf979c7e42ba12ad7/synthstrip".[0m
2026-03-27 02:34:36 |[34;20m INFO     [0m|[34;20m nipype.workflow  [0m|[34;20m [Node] Executing "synthstrip" <mriqc.interfaces.synthstrip.SynthStrip>[0m
2026-03-27 02:34:51 |[34;20m INFO     [0m|[34;20m nipype.workflow  [0m|[34;20m [Node] Finished "synthstrip", elapsed time 15.285605s.[0m
2026-03-27 02:34:52 |[34;20m INFO     [0m|[34;20m nipype.workflow  [0m|[34;20m [Node] Setting-up "mriqc_wf.funcMRIQC.synthstrip_wf.post_n4" in "/local/nvme/ds004996_26.784026/ds/tmp/mriqc_wf/funcMRIQC/synthstrip_wf/2b9d98b98838b397e977a9d5d50a3d77deaf4d13/post_n4".[0m
2026-03-27 02:34:52 |[34;20m INFO     [0m|[34;20m nipype.workflow  [0m|[34;20m [Node] Executing "post_n4" <nipype.interfaces.ants.segmentation.N4BiasFieldCorrection>[0m
2026-03-27 02:34:53 |[34;20m INFO     [0m|[34;20m nipype.workflow  [0m|[34;20m [Node] Finished "post_n4", elapsed time 0.974753s.[0m
2026-03-27 02:34:54 |[34;20m INFO     [0m|[34;20m nipype.workflow  [0m|[34;20m [Node] Setting-up "mriqc_wf.funcMRIQC.SpatialNormalization.EPI2MNI" in "/local/nvme/ds004996_26.784026/ds/tmp/mriqc_wf/funcMRIQC/SpatialNormalization/2b9d98b98838b397e977a9d5d50a3d77deaf4d13/EPI2MNI".[0m
2026-03-27 02:34:54 |[34;20m INFO     [0m|[34;20m nipype.workflow  [0m|[34;20m [Node] Executing "EPI2MNI" <niworkflows.interfaces.reportlets.registration.SpatialNormalizationRPT>[0m
2026-03-27 02:34:54 |[34;20m INFO     [0m|[34;20m niworkflows      [0m|[34;20m Estimating initial transform using AffineInitializer[0m
2026-03-27 02:34:59 |[34;20m INFO     [0m|[34;20m niworkflows      [0m|[34;20m Loading settings from file /opt/conda/lib/python3.11/site-packages/niworkflows/data/boldref-mni_registration_precise_000.json.[0m
2026-03-27 02:34:59 |[34;20m INFO     [0m|[34;20m niworkflows      [0m|[34;20m Retry #1, commandline: 
antsRegistration --collapse-output-transforms 1 --dimensionality 3 --float 0 --initial-moving-transform [ /local/nvme/ds004996_26.784026/ds/tmp/mriqc_wf/funcMRIQC/SpatialNormalization/2b9d98b98838b397e977a9d5d50a3d77deaf4d13/EPI2MNI/transform.mat, 0 ] --initialize-transforms-per-stage 0 --interpolation LanczosWindowedSinc --output [ epi_to_mni, epi_to_mni_Warped.nii.gz ] --transform Rigid[ 0.05 ] --metric Mattes[ /templateflow/tpl-MNI152NLin2009cAsym/tpl-MNI152NLin2009cAsym_res-02_desc-fMRIPrep_boldref.nii.gz, /local/nvme/ds004996_26.784026/ds/tmp/mriqc_wf/funcMRIQC/SpatialNormalization/2b9d98b98838b397e977a9d5d50a3d77deaf4d13/SharpenEPI/sub-26_task-conversation_run-01_bold_desc-realigned_valid_tstat_corrected.nii.gz, 1, 56, Regular, 0.25 ] --convergence [ 10000x1000x100, 1e-06, 20 ] --smoothing-sigmas 4.0x2.0x1.0vox --shrink-factors 4x2x1 --use-histogram-matching 1 --masks [ /templateflow/tpl-MNI152NLin2009cAsym/tpl-MNI152NLin2009cAsym_res-02_desc-brain_mask.nii.gz, /local/nvme/ds004996_26.784026/ds/tmp/mriqc_wf/funcMRIQC/synthstrip_wf/2b9d98b98838b397e977a9d5d50a3d77deaf4d13/synthstrip/clipped_corrected_desc-brain_mask.nii.gz ] --transform Affine[ 0.08 ] --metric Mattes[ /templateflow/tpl-MNI152NLin2009cAsym/tpl-MNI152NLin2009cAsym_res-02_desc-fMRIPrep_boldref.nii.gz, /local/nvme/ds004996_26.784026/ds/tmp/mriqc_wf/funcMRIQC/SpatialNormalization/2b9d98b98838b397e977a9d5d50a3d77deaf4d13/SharpenEPI/sub-26_task-conversation_run-01_bold_desc-realigned_valid_tstat_corrected.nii.gz, 1, 56, Regular, 0.25 ] --convergence [ 500x250x100, 1e-06, 20 ] --smoothing-sigmas 4.0x2.0x1.0vox --shrink-factors 8x4x2 --use-histogram-matching 1 --masks [ /templateflow/tpl-MNI152NLin2009cAsym/tpl-MNI152NLin2009cAsym_res-02_desc-brain_mask.nii.gz, /local/nvme/ds004996_26.784026/ds/tmp/mriqc_wf/funcMRIQC/synthstrip_wf/2b9d98b98838b397e977a9d5d50a3d77deaf4d13/synthstrip/clipped_corrected_desc-brain_mask.nii.gz ] --transform SyN[ 0.1, 3.0, 0.0 ] --metric CC[ /templateflow/tpl-MNI152NLin2009cAsym/tpl-MNI152NLin2009cAsym_res-02_desc-fMRIPrep_boldref.nii.gz, /local/nvme/ds004996_26.784026/ds/tmp/mriqc_wf/funcMRIQC/SpatialNormalization/2b9d98b98838b397e977a9d5d50a3d77deaf4d13/SharpenEPI/sub-26_task-conversation_run-01_bold_desc-realigned_valid_tstat_corrected.nii.gz, 1, 4, None, 1 ] --convergence [ 100x30x20, 1e-06, 10 ] --smoothing-sigmas 3.0x2.0x1.0vox --shrink-factors 8x4x2 --use-histogram-matching 1 --masks [ /templateflow/tpl-MNI152NLin2009cAsym/tpl-MNI152NLin2009cAsym_res-02_desc-brain_mask.nii.gz, /local/nvme/ds004996_26.784026/ds/tmp/mriqc_wf/funcMRIQC/synthstrip_wf/2b9d98b98838b397e977a9d5d50a3d77deaf4d13/synthstrip/clipped_corrected_desc-brain_mask.nii.gz ] --winsorize-image-intensities [ 0.005, 0.995 ]  --write-composite-transform 1[0m
2026-03-27 02:35:11 |[34;20m INFO     [0m|[34;20m niworkflows      [0m|[34;20m Successful spatial normalization (retry #1).[0m
2026-03-27 02:35:11 |[34;20m INFO     [0m|[34;20m niworkflows      [0m|[34;20m Report - setting fixed (/templateflow/tpl-MNI152NLin2009cAsym/tpl-MNI152NLin2009cAsym_res-02_desc-fMRIPrep_boldref.nii.gz) and moving (/local/nvme/ds004996_26.784026/ds/tmp/mriqc_wf/funcMRIQC/SpatialNormalization/2b9d98b98838b397e977a9d5d50a3d77deaf4d13/EPI2MNI/epi_to_mni_Warped.nii.gz) images[0m
2026-03-27 02:35:11 |[34;20m INFO     [0m|[34;20m niworkflows      [0m|[34;20m Generating visual report[0m
2026-03-27 02:35:29 |[34;20m INFO     [0m|[34;20m nipype.workflow  [0m|[34;20m [Node] Finished "EPI2MNI", elapsed time 35.313267s.[0m
2026-03-27 02:35:30 |[34;20m INFO     [0m|[34;20m nipype.workflow  [0m|[34;20m [Node] Setting-up "mriqc_wf.funcMRIQC.func_report_wf.dilated_mask" in "/local/nvme/ds004996_26.784026/ds/tmp/mriqc_wf/funcMRIQC/func_report_wf/2b9d98b98838b397e977a9d5d50a3d77deaf4d13/dilated_mask".[0m
2026-03-27 02:35:30 |[34;20m INFO     [0m|[34;20m nipype.workflow  [0m|[34;20m [Node] Setting-up "_smoothness0" in "/local/nvme/ds004996_26.784026/ds/tmp/mriqc_wf/funcMRIQC/ComputeIQMs/2b9d98b98838b397e977a9d5d50a3d77deaf4d13/smoothness/mapflow/_smoothness0".[0m
2026-03-27 02:35:30 |[34;20m INFO     [0m|[34;20m nipype.workflow  [0m|[34;20m [Node] Setting-up "_ComputeDVARS0" in "/local/nvme/ds004996_26.784026/ds/tmp/mriqc_wf/funcMRIQC/ComputeIQMs/2b9d98b98838b397e977a9d5d50a3d77deaf4d13/ComputeDVARS/mapflow/_ComputeDVARS0".[0m
2026-03-27 02:35:30 |[34;20m INFO     [0m|[34;20m nipype.workflow  [0m|[34;20m [Node] Setting-up "mriqc_wf.funcMRIQC.func_report_wf.PlotBrainmask" in "/local/nvme/ds004996_26.784026/ds/tmp/mriqc_wf/funcMRIQC/func_report_wf/2b9d98b98838b397e977a9d5d50a3d77deaf4d13/PlotBrainmask".[0m
2026-03-27 02:35:30 |[34;20m INFO     [0m|[34;20m nipype.workflow  [0m|[34;20m [Node] Executing "dilated_mask" <niworkflows.interfaces.morphology.BinaryDilation>[0m
2026-03-27 02:35:30 |[34;20m INFO     [0m|[34;20m nipype.workflow  [0m|[34;20m [Node] Setting-up "_outliers0" in "/local/nvme/ds004996_26.784026/ds/tmp/mriqc_wf/funcMRIQC/ComputeIQMs/2b9d98b98838b397e977a9d5d50a3d77deaf4d13/outliers/mapflow/_outliers0".[0m
2026-03-27 02:35:30 |[34;20m INFO     [0m|[34;20m nipype.workflow  [0m|[34;20m [Node] Executing "_smoothness0" <nipype.interfaces.afni.utils.FWHMx>[0m
2026-03-27 02:35:30 |[34;20m INFO     [0m|[34;20m nipype.workflow  [0m|[34;20m [Node] Setting-up "_gcor0" in "/local/nvme/ds004996_26.784026/ds/tmp/mriqc_wf/funcMRIQC/ComputeIQMs/2b9d98b98838b397e977a9d5d50a3d77deaf4d13/gcor/mapflow/_gcor0".[0m
2026-03-27 02:35:30 |[34;20m INFO     [0m|[34;20m nipype.workflow  [0m|[34;20m [Node] Executing "_ComputeDVARS0" <nipype.algorithms.confounds.ComputeDVARS>[0m
2026-03-27 02:35:30 |[34;20m INFO     [0m|[34;20m nipype.workflow  [0m|[34;20m [Node] Executing "_outliers0" <nipype.interfaces.afni.preprocess.OutlierCount>[0m
2026-03-27 02:35:30 |[34;20m INFO     [0m|[34;20m nipype.workflow  [0m|[34;20m [Node] Executing "_gcor0" <mriqc.interfaces.transitional.GCOR>[0m
2026-03-27 02:35:30 |[34;20m INFO     [0m|[34;20m nipype.workflow  [0m|[34;20m [Node] Executing "PlotBrainmask" <nireports.interfaces.mosaic.PlotContours>[0m
2026-03-27 02:35:30 |[34;20m INFO     [0m|[34;20m nipype.workflow  [0m|[34;20m [Node] Setting-up "_PlotMosaicZoomed0" in "/local/nvme/ds004996_26.784026/ds/tmp/mriqc_wf/funcMRIQC/func_report_wf/2b9d98b98838b397e977a9d5d50a3d77deaf4d13/PlotMosaicZoomed/mapflow/_PlotMosaicZoomed0".[0m
2026-03-27 02:35:30 |[34;20m INFO     [0m|[34;20m nipype.workflow  [0m|[34;20m [Node] Executing "_PlotMosaicZoomed0" <nireports.interfaces.mosaic.PlotMosaic>[0m
2026-03-27 02:35:30 |[34;20m INFO     [0m|[34;20m nipype.workflow  [0m|[34;20m [Node] Setting-up "_ComputeDVARS0" in "/local/nvme/ds004996_26.784026/ds/tmp/mriqc_wf/funcMRIQC/ComputeIQMs/fb33c01198368f3f7bb62b6345f2e31f18b221d6/ComputeDVARS/mapflow/_ComputeDVARS0".[0m
2026-03-27 02:35:30 |[34;20m INFO     [0m|[34;20m nipype.workflow  [0m|[34;20m [Node] Executing "_ComputeDVARS0" <nipype.algorithms.confounds.ComputeDVARS>[0m
2026-03-27 02:35:30 |[34;20m INFO     [0m|[34;20m nipype.workflow  [0m|[34;20m [Node] Finished "dilated_mask", elapsed time 0.026353s.[0m
2026-03-27 02:35:30 |[34;20m INFO     [0m|[34;20m nipype.workflow  [0m|[34;20m [Node] Finished "_smoothness0", elapsed time 0.598956s.[0m
2026-03-27 02:35:31 |[34;20m INFO     [0m|[34;20m nipype.workflow  [0m|[34;20m [Node] Finished "PlotBrainmask", elapsed time 1.261515s.[0m
2026-03-27 02:35:31 |[34;20m INFO     [0m|[34;20m nipype.workflow  [0m|[34;20m [Node] Finished "_PlotMosaicZoomed0", elapsed time 1.5210590000000002s.[0m
2026-03-27 02:35:32 |[34;20m INFO     [0m|[34;20m nipype.workflow  [0m|[34;20m [Node] Setting-up "_smoothness0" in "/local/nvme/ds004996_26.784026/ds/tmp/mriqc_wf/funcMRIQC/ComputeIQMs/fb33c01198368f3f7bb62b6345f2e31f18b221d6/smoothness/mapflow/_smoothness0".[0m
2026-03-27 02:35:32 |[34;20m INFO     [0m|[34;20m nipype.workflow  [0m|[34;20m [Node] Setting-up "_outliers0" in "/local/nvme/ds004996_26.784026/ds/tmp/mriqc_wf/funcMRIQC/ComputeIQMs/fb33c01198368f3f7bb62b6345f2e31f18b221d6/outliers/mapflow/_outliers0".[0m
2026-03-27 02:35:32 |[34;20m INFO     [0m|[34;20m nipype.workflow  [0m|[34;20m [Node] Setting-up "_gcor0" in "/local/nvme/ds004996_26.784026/ds/tmp/mriqc_wf/funcMRIQC/ComputeIQMs/fb33c01198368f3f7bb62b6345f2e31f18b221d6/gcor/mapflow/_gcor0".[0m
2026-03-27 02:35:32 |[34;20m INFO     [0m|[34;20m nipype.workflow  [0m|[34;20m [Node] Executing "_smoothness0" <nipype.interfaces.afni.utils.FWHMx>[0m
2026-03-27 02:35:32 |[34;20m INFO     [0m|[34;20m nipype.workflow  [0m|[34;20m [Node] Executing "_outliers0" <nipype.interfaces.afni.preprocess.OutlierCount>[0m
2026-03-27 02:35:32 |[34;20m INFO     [0m|[34;20m nipype.workflow  [0m|[34;20m [Node] Executing "_gcor0" <mriqc.interfaces.transitional.GCOR>[0m
2026-03-27 02:35:32 |[34;20m INFO     [0m|[34;20m nipype.workflow  [0m|[34;20m [Node] Setting-up "mriqc_wf.funcMRIQC.func_report_wf.dilated_mask" in "/local/nvme/ds004996_26.784026/ds/tmp/mriqc_wf/funcMRIQC/func_report_wf/fb33c01198368f3f7bb62b6345f2e31f18b221d6/dilated_mask".[0m
2026-03-27 02:35:32 |[34;20m INFO     [0m|[34;20m nipype.workflow  [0m|[34;20m [Node] Executing "dilated_mask" <niworkflows.interfaces.morphology.BinaryDilation>[0m
2026-03-27 02:35:32 |[34;20m INFO     [0m|[34;20m nipype.workflow  [0m|[34;20m [Node] Finished "dilated_mask", elapsed time 0.073446s.[0m
2026-03-27 02:35:32 |[34;20m INFO     [0m|[34;20m nipype.workflow  [0m|[34;20m [Node] Finished "_smoothness0", elapsed time 0.515608s.[0m
2026-03-27 02:35:34 |[34;20m INFO     [0m|[34;20m nipype.workflow  [0m|[34;20m [Node] Setting-up "mriqc_wf.funcMRIQC.func_report_wf.PlotBrainmask" in "/local/nvme/ds004996_26.784026/ds/tmp/mriqc_wf/funcMRIQC/func_report_wf/fb33c01198368f3f7bb62b6345f2e31f18b221d6/PlotBrainmask".[0m
2026-03-27 02:35:34 |[34;20m INFO     [0m|[34;20m nipype.workflow  [0m|[34;20m [Node] Executing "PlotBrainmask" <nireports.interfaces.mosaic.PlotContours>[0m
2026-03-27 02:35:34 |[34;20m INFO     [0m|[34;20m nipype.workflow  [0m|[34;20m [Node] Setting-up "_PlotMosaicZoomed0" in "/local/nvme/ds004996_26.784026/ds/tmp/mriqc_wf/funcMRIQC/func_report_wf/fb33c01198368f3f7bb62b6345f2e31f18b221d6/PlotMosaicZoomed/mapflow/_PlotMosaicZoomed0".[0m
2026-03-27 02:35:34 |[34;20m INFO     [0m|[34;20m nipype.workflow  [0m|[34;20m [Node] Executing "_PlotMosaicZoomed0" <nireports.interfaces.mosaic.PlotMosaic>[0m
2026-03-27 02:35:35 |[34;20m INFO     [0m|[34;20m nipype.workflow  [0m|[34;20m [Node] Finished "_outliers0", elapsed time 4.679138s.[0m
2026-03-27 02:35:35 |[34;20m INFO     [0m|[34;20m nipype.workflow  [0m|[34;20m [Node] Finished "PlotBrainmask", elapsed time 1.345885s.[0m
2026-03-27 02:35:36 |[34;20m INFO     [0m|[34;20m nipype.workflow  [0m|[34;20m [Node] Finished "_PlotMosaicZoomed0", elapsed time 1.7266650000000001s.[0m
2026-03-27 02:35:36 |[34;20m INFO     [0m|[34;20m nipype.workflow  [0m|[34;20m [Node] Setting-up "_ComputeDVARS0" in "/local/nvme/ds004996_26.784026/ds/tmp/mriqc_wf/funcMRIQC/ComputeIQMs/dc208f23db9b1eb00e683decf979c7e42ba12ad7/ComputeDVARS/mapflow/_ComputeDVARS0".[0m
2026-03-27 02:35:36 |[34;20m INFO     [0m|[34;20m nipype.workflow  [0m|[34;20m [Node] Setting-up "_smoothness0" in "/local/nvme/ds004996_26.784026/ds/tmp/mriqc_wf/funcMRIQC/ComputeIQMs/dc208f23db9b1eb00e683decf979c7e42ba12ad7/smoothness/mapflow/_smoothness0".[0m
2026-03-27 02:35:36 |[34;20m INFO     [0m|[34;20m nipype.workflow  [0m|[34;20m [Node] Executing "_ComputeDVARS0" <nipype.algorithms.confounds.ComputeDVARS>[0m
2026-03-27 02:35:36 |[34;20m INFO     [0m|[34;20m nipype.workflow  [0m|[34;20m [Node] Executing "_smoothness0" <nipype.interfaces.afni.utils.FWHMx>[0m
2026-03-27 02:35:36 |[34;20m INFO     [0m|[34;20m nipype.workflow  [0m|[34;20m [Node] Setting-up "_outliers0" in "/local/nvme/ds004996_26.784026/ds/tmp/mriqc_wf/funcMRIQC/ComputeIQMs/dc208f23db9b1eb00e683decf979c7e42ba12ad7/outliers/mapflow/_outliers0".[0m
2026-03-27 02:35:36 |[34;20m INFO     [0m|[34;20m nipype.workflow  [0m|[34;20m [Node] Executing "_outliers0" <nipype.interfaces.afni.preprocess.OutlierCount>[0m
2026-03-27 02:35:36 |[34;20m INFO     [0m|[34;20m nipype.workflow  [0m|[34;20m [Node] Finished "_outliers0", elapsed time 4.143906s.[0m
2026-03-27 02:35:36 |[34;20m INFO     [0m|[34;20m nipype.workflow  [0m|[34;20m [Node] Finished "_smoothness0", elapsed time 0.60986s.[0m
2026-03-27 02:35:38 |[34;20m INFO     [0m|[34;20m nipype.workflow  [0m|[34;20m [Node] Setting-up "mriqc_wf.funcMRIQC.func_report_wf.dilated_mask" in "/local/nvme/ds004996_26.784026/ds/tmp/mriqc_wf/funcMRIQC/func_report_wf/dc208f23db9b1eb00e683decf979c7e42ba12ad7/dilated_mask".[0m
2026-03-27 02:35:38 |[34;20m INFO     [0m|[34;20m nipype.workflow  [0m|[34;20m [Node] Setting-up "_gcor0" in "/local/nvme/ds004996_26.784026/ds/tmp/mriqc_wf/funcMRIQC/ComputeIQMs/dc208f23db9b1eb00e683decf979c7e42ba12ad7/gcor/mapflow/_gcor0".[0m
2026-03-27 02:35:38 |[34;20m INFO     [0m|[34;20m nipype.workflow  [0m|[34;20m [Node] Executing "dilated_mask" <niworkflows.interfaces.morphology.BinaryDilation>[0m
2026-03-27 02:35:38 |[34;20m INFO     [0m|[34;20m nipype.workflow  [0m|[34;20m [Node] Executing "_gcor0" <mriqc.interfaces.transitional.GCOR>[0m
2026-03-27 02:35:38 |[34;20m INFO     [0m|[34;20m nipype.workflow  [0m|[34;20m [Node] Finished "dilated_mask", elapsed time 0.025428s.[0m
2026-03-27 02:35:39 |[34;20m INFO     [0m|[34;20m nipype.workflow  [0m|[34;20m [Node] Finished "_gcor0", elapsed time 9.109002s.[0m
2026-03-27 02:35:40 |[34;20m INFO     [0m|[34;20m nipype.workflow  [0m|[34;20m [Node] Setting-up "mriqc_wf.funcMRIQC.func_report_wf.PlotBrainmask" in "/local/nvme/ds004996_26.784026/ds/tmp/mriqc_wf/funcMRIQC/func_report_wf/dc208f23db9b1eb00e683decf979c7e42ba12ad7/PlotBrainmask".[0m
2026-03-27 02:35:40 |[34;20m INFO     [0m|[34;20m nipype.workflow  [0m|[34;20m [Node] Executing "PlotBrainmask" <nireports.interfaces.mosaic.PlotContours>[0m
2026-03-27 02:35:40 |[34;20m INFO     [0m|[34;20m nipype.workflow  [0m|[34;20m [Node] Setting-up "_PlotMosaicZoomed0" in "/local/nvme/ds004996_26.784026/ds/tmp/mriqc_wf/funcMRIQC/func_report_wf/dc208f23db9b1eb00e683decf979c7e42ba12ad7/PlotMosaicZoomed/mapflow/_PlotMosaicZoomed0".[0m
2026-03-27 02:35:40 |[34;20m INFO     [0m|[34;20m nipype.workflow  [0m|[34;20m [Node] Executing "_PlotMosaicZoomed0" <nireports.interfaces.mosaic.PlotMosaic>[0m
2026-03-27 02:35:40 |[34;20m INFO     [0m|[34;20m nipype.workflow  [0m|[34;20m [Node] Finished "_outliers0", elapsed time 4.167514s.[0m
2026-03-27 02:35:40 |[34;20m INFO     [0m|[34;20m nipype.workflow  [0m|[34;20m [Node] Finished "_gcor0", elapsed time 8.178642s.[0m
2026-03-27 02:35:41 |[34;20m INFO     [0m|[34;20m nipype.workflow  [0m|[34;20m [Node] Finished "PlotBrainmask", elapsed time 1.330842s.[0m
2026-03-27 02:35:41 |[34;20m INFO     [0m|[34;20m nipype.workflow  [0m|[34;20m [Node] Finished "_PlotMosaicZoomed0", elapsed time 1.421103s.[0m
2026-03-27 02:35:42 |[34;20m INFO     [0m|[34;20m nipype.workflow  [0m|[34;20m [Node] Setting-up "mriqc_wf.funcMRIQC.func_report_wf.ds_report_norm" in "/local/nvme/ds004996_26.784026/ds/tmp/mriqc_wf/funcMRIQC/func_report_wf/2b9d98b98838b397e977a9d5d50a3d77deaf4d13/ds_report_norm".[0m
2026-03-27 02:35:42 |[34;20m INFO     [0m|[34;20m nipype.workflow  [0m|[34;20m [Node] Setting-up "mriqc_wf.funcMRIQC.synthstrip_wf.final_masked" in "/local/nvme/ds004996_26.784026/ds/tmp/mriqc_wf/funcMRIQC/synthstrip_wf/2b9d98b98838b397e977a9d5d50a3d77deaf4d13/final_masked".[0m
2026-03-27 02:35:42 |[34;20m INFO     [0m|[34;20m nipype.workflow  [0m|[34;20m [Node] Setting-up "mriqc_wf.funcMRIQC.SpatialNormalization.ResampleSegmentation" in "/local/nvme/ds004996_26.784026/ds/tmp/mriqc_wf/funcMRIQC/SpatialNormalization/2b9d98b98838b397e977a9d5d50a3d77deaf4d13/ResampleSegmentation".[0m
2026-03-27 02:35:42 |[34;20m INFO     [0m|[34;20m nipype.workflow  [0m|[34;20m [Node] Executing "ds_report_norm" <mriqc.interfaces.DerivativesDataSink>[0m
2026-03-27 02:35:42 |[34;20m INFO     [0m|[34;20m nipype.workflow  [0m|[34;20m [Node] Executing "ResampleSegmentation" <nipype.interfaces.ants.resampling.ApplyTransforms>[0m
2026-03-27 02:35:42 |[34;20m INFO     [0m|[34;20m nipype.workflow  [0m|[34;20m [Node] Executing "final_masked" <niworkflows.interfaces.nibabel.ApplyMask>[0m
2026-03-27 02:35:42 |[34;20m INFO     [0m|[34;20m nipype.workflow  [0m|[34;20m [Node] Finished "ds_report_norm", elapsed time 0.006127s.[0m
2026-03-27 02:35:42 |[34;20m INFO     [0m|[34;20m nipype.workflow  [0m|[34;20m [Node] Finished "final_masked", elapsed time 0.040242s.[0m
2026-03-27 02:35:42 |[34;20m INFO     [0m|[34;20m nipype.workflow  [0m|[34;20m [Node] Setting-up "mriqc_wf.funcMRIQC.func_report_wf.subtract_mask" in "/local/nvme/ds004996_26.784026/ds/tmp/mriqc_wf/funcMRIQC/func_report_wf/2b9d98b98838b397e977a9d5d50a3d77deaf4d13/subtract_mask".[0m
2026-03-27 02:35:42 |[34;20m INFO     [0m|[34;20m nipype.workflow  [0m|[34;20m [Node] Executing "subtract_mask" <niworkflows.interfaces.morphology.BinarySubtraction>[0m
2026-03-27 02:35:42 |[34;20m INFO     [0m|[34;20m nipype.workflow  [0m|[34;20m [Node] Setting-up "_ds_report_zoomed0" in "/local/nvme/ds004996_26.784026/ds/tmp/mriqc_wf/funcMRIQC/func_report_wf/2b9d98b98838b397e977a9d5d50a3d77deaf4d13/ds_report_zoomed/mapflow/_ds_report_zoomed0".[0m
2026-03-27 02:35:42 |[34;20m INFO     [0m|[34;20m nipype.workflow  [0m|[34;20m [Node] Executing "_ds_report_zoomed0" <mriqc.interfaces.DerivativesDataSink>[0m
2026-03-27 02:35:42 |[34;20m INFO     [0m|[34;20m nipype.workflow  [0m|[34;20m [Node] Finished "_ds_report_zoomed0", elapsed time 0.005622s.[0m
2026-03-27 02:35:42 |[34;20m INFO     [0m|[34;20m nipype.workflow  [0m|[34;20m [Node] Finished "subtract_mask", elapsed time 0.016061s.[0m
2026-03-27 02:35:42 |[34;20m INFO     [0m|[34;20m nipype.workflow  [0m|[34;20m [Node] Setting-up "mriqc_wf.funcMRIQC.func_report_wf.ds_report_bmask" in "/local/nvme/ds004996_26.784026/ds/tmp/mriqc_wf/funcMRIQC/func_report_wf/2b9d98b98838b397e977a9d5d50a3d77deaf4d13/ds_report_bmask".[0m
2026-03-27 02:35:42 |[34;20m INFO     [0m|[34;20m nipype.workflow  [0m|[34;20m [Node] Executing "ds_report_bmask" <mriqc.interfaces.DerivativesDataSink>[0m
2026-03-27 02:35:42 |[34;20m INFO     [0m|[34;20m nipype.workflow  [0m|[34;20m [Node] Finished "ds_report_bmask", elapsed time 0.00525s.[0m
2026-03-27 02:35:42 |[34;20m INFO     [0m|[34;20m nipype.workflow  [0m|[34;20m [Node] Setting-up "mriqc_wf.funcMRIQC.func_report_wf.subtract_mask" in "/local/nvme/ds004996_26.784026/ds/tmp/mriqc_wf/funcMRIQC/func_report_wf/fb33c01198368f3f7bb62b6345f2e31f18b221d6/subtract_mask".[0m
2026-03-27 02:35:42 |[34;20m INFO     [0m|[34;20m nipype.workflow  [0m|[34;20m [Node] Executing "subtract_mask" <niworkflows.interfaces.morphology.BinarySubtraction>[0m
2026-03-27 02:35:42 |[34;20m INFO     [0m|[34;20m nipype.workflow  [0m|[34;20m [Node] Finished "subtract_mask", elapsed time 0.015229s.[0m
2026-03-27 02:35:44 |[34;20m INFO     [0m|[34;20m nipype.workflow  [0m|[34;20m [Node] Setting-up "_ds_report_zoomed0" in "/local/nvme/ds004996_26.784026/ds/tmp/mriqc_wf/funcMRIQC/func_report_wf/fb33c01198368f3f7bb62b6345f2e31f18b221d6/ds_report_zoomed/mapflow/_ds_report_zoomed0".[0m
2026-03-27 02:35:44 |[34;20m INFO     [0m|[34;20m nipype.workflow  [0m|[34;20m [Node] Executing "_ds_report_zoomed0" <mriqc.interfaces.DerivativesDataSink>[0m
2026-03-27 02:35:44 |[34;20m INFO     [0m|[34;20m nipype.workflow  [0m|[34;20m [Node] Finished "_ds_report_zoomed0", elapsed time 0.005344s.[0m
2026-03-27 02:35:44 |[34;20m INFO     [0m|[34;20m nipype.workflow  [0m|[34;20m [Node] Setting-up "mriqc_wf.funcMRIQC.func_report_wf.ds_report_bmask" in "/local/nvme/ds004996_26.784026/ds/tmp/mriqc_wf/funcMRIQC/func_report_wf/fb33c01198368f3f7bb62b6345f2e31f18b221d6/ds_report_bmask".[0m
2026-03-27 02:35:44 |[34;20m INFO     [0m|[34;20m nipype.workflow  [0m|[34;20m [Node] Executing "ds_report_bmask" <mriqc.interfaces.DerivativesDataSink>[0m
2026-03-27 02:35:44 |[34;20m INFO     [0m|[34;20m nipype.workflow  [0m|[34;20m [Node] Finished "ds_report_bmask", elapsed time 0.005191s.[0m
2026-03-27 02:35:44 |[34;20m INFO     [0m|[34;20m nipype.workflow  [0m|[34;20m [Node] Setting-up "mriqc_wf.funcMRIQC.func_report_wf.subtract_mask" in "/local/nvme/ds004996_26.784026/ds/tmp/mriqc_wf/funcMRIQC/func_report_wf/dc208f23db9b1eb00e683decf979c7e42ba12ad7/subtract_mask".[0m
2026-03-27 02:35:44 |[34;20m INFO     [0m|[34;20m nipype.workflow  [0m|[34;20m [Node] Executing "subtract_mask" <niworkflows.interfaces.morphology.BinarySubtraction>[0m
2026-03-27 02:35:44 |[34;20m INFO     [0m|[34;20m nipype.workflow  [0m|[34;20m [Node] Setting-up "_ds_report_zoomed0" in "/local/nvme/ds004996_26.784026/ds/tmp/mriqc_wf/funcMRIQC/func_report_wf/dc208f23db9b1eb00e683decf979c7e42ba12ad7/ds_report_zoomed/mapflow/_ds_report_zoomed0".[0m
2026-03-27 02:35:44 |[34;20m INFO     [0m|[34;20m nipype.workflow  [0m|[34;20m [Node] Executing "_ds_report_zoomed0" <mriqc.interfaces.DerivativesDataSink>[0m
2026-03-27 02:35:44 |[34;20m INFO     [0m|[34;20m nipype.workflow  [0m|[34;20m [Node] Finished "_ds_report_zoomed0", elapsed time 0.005875s.[0m
2026-03-27 02:35:44 |[34;20m INFO     [0m|[34;20m nipype.workflow  [0m|[34;20m [Node] Finished "subtract_mask", elapsed time 0.013339s.[0m
2026-03-27 02:35:44 |[34;20m INFO     [0m|[34;20m nipype.workflow  [0m|[34;20m [Node] Setting-up "mriqc_wf.funcMRIQC.func_report_wf.ds_report_bmask" in "/local/nvme/ds004996_26.784026/ds/tmp/mriqc_wf/funcMRIQC/func_report_wf/dc208f23db9b1eb00e683decf979c7e42ba12ad7/ds_report_bmask".[0m
2026-03-27 02:35:44 |[34;20m INFO     [0m|[34;20m nipype.workflow  [0m|[34;20m [Node] Executing "ds_report_bmask" <mriqc.interfaces.DerivativesDataSink>[0m
2026-03-27 02:35:44 |[34;20m INFO     [0m|[34;20m nipype.workflow  [0m|[34;20m [Node] Finished "ds_report_bmask", elapsed time 0.005537s.[0m
2026-03-27 02:35:44 |[34;20m INFO     [0m|[34;20m nipype.workflow  [0m|[34;20m [Node] Finished "ResampleSegmentation", elapsed time 2.630688s.[0m
2026-03-27 02:35:46 |[34;20m INFO     [0m|[34;20m nipype.workflow  [0m|[34;20m [Node] Setting-up "mriqc_wf.funcMRIQC.func_report_wf.parcels" in "/local/nvme/ds004996_26.784026/ds/tmp/mriqc_wf/funcMRIQC/func_report_wf/2b9d98b98838b397e977a9d5d50a3d77deaf4d13/parcels".[0m
2026-03-27 02:35:46 |[34;20m INFO     [0m|[34;20m nipype.workflow  [0m|[34;20m [Node] Executing "parcels" <nipype.interfaces.utility.wrappers.Function>[0m
2026-03-27 02:35:46 |[34;20m INFO     [0m|[34;20m nipype.workflow  [0m|[34;20m [Node] Finished "parcels", elapsed time 0.026213s.[0m
2026-03-27 02:35:46 |[34;20m INFO     [0m|[34;20m nipype.workflow  [0m|[34;20m [Node] Finished "_gcor0", elapsed time 8.337517s.[0m
2026-03-27 02:35:48 |[34;20m INFO     [0m|[34;20m nipype.workflow  [0m|[34;20m [Node] Finished "_ComputeDVARS0", elapsed time 18.240734s.[0m
2026-03-27 02:35:49 |[34;20m INFO     [0m|[34;20m nipype.workflow  [0m|[34;20m [Node] Finished "_ComputeDVARS0", elapsed time 18.990694s.[0m
2026-03-27 02:35:50 |[34;20m INFO     [0m|[34;20m nipype.workflow  [0m|[34;20m [Node] Setting-up "_timeseries0" in "/local/nvme/ds004996_26.784026/ds/tmp/mriqc_wf/funcMRIQC/ComputeIQMs/2b9d98b98838b397e977a9d5d50a3d77deaf4d13/timeseries/mapflow/_timeseries0".[0m
2026-03-27 02:35:50 |[34;20m INFO     [0m|[34;20m nipype.workflow  [0m|[34;20m [Node] Setting-up "_measures0" in "/local/nvme/ds004996_26.784026/ds/tmp/mriqc_wf/funcMRIQC/ComputeIQMs/2b9d98b98838b397e977a9d5d50a3d77deaf4d13/measures/mapflow/_measures0".[0m
2026-03-27 02:35:50 |[34;20m INFO     [0m|[34;20m nipype.workflow  [0m|[34;20m [Node] Executing "_timeseries0" <mriqc.interfaces.functional.GatherTimeseries>[0m
2026-03-27 02:35:50 |[34;20m INFO     [0m|[34;20m nipype.workflow  [0m|[34;20m [Node] Executing "_measures0" <mriqc.interfaces.functional.FunctionalQC>[0m
2026-03-27 02:35:50 |[34;20m INFO     [0m|[34;20m nipype.workflow  [0m|[34;20m [Node] Setting-up "_timeseries0" in "/local/nvme/ds004996_26.784026/ds/tmp/mriqc_wf/funcMRIQC/ComputeIQMs/fb33c01198368f3f7bb62b6345f2e31f18b221d6/timeseries/mapflow/_timeseries0".[0m
2026-03-27 02:35:50 |[34;20m INFO     [0m|[34;20m nipype.workflow  [0m|[34;20m [Node] Executing "_timeseries0" <mriqc.interfaces.functional.GatherTimeseries>[0m
2026-03-27 02:35:50 |[34;20m INFO     [0m|[34;20m nipype.workflow  [0m|[34;20m [Node] Finished "_timeseries0", elapsed time 0.02565s.[0m
2026-03-27 02:35:50 |[34;20m INFO     [0m|[34;20m nipype.workflow  [0m|[34;20m [Node] Finished "_timeseries0", elapsed time 0.044445s.[0m
2026-03-27 02:35:51 |[34;20m INFO     [0m|[34;20m nipype.workflow  [0m|[34;20m [Node] Finished "_measures0", elapsed time 1.164971s.[0m
2026-03-27 02:35:52 |[34;20m INFO     [0m|[34;20m nipype.workflow  [0m|[34;20m [Node] Setting-up "_measures0" in "/local/nvme/ds004996_26.784026/ds/tmp/mriqc_wf/funcMRIQC/ComputeIQMs/fb33c01198368f3f7bb62b6345f2e31f18b221d6/measures/mapflow/_measures0".[0m
2026-03-27 02:35:52 |[34;20m INFO     [0m|[34;20m nipype.workflow  [0m|[34;20m [Node] Executing "_measures0" <mriqc.interfaces.functional.FunctionalQC>[0m
2026-03-27 02:35:52 |[34;20m INFO     [0m|[34;20m nipype.workflow  [0m|[34;20m [Node] Setting-up "_datasink0" in "/local/nvme/ds004996_26.784026/ds/tmp/mriqc_wf/funcMRIQC/ComputeIQMs/2b9d98b98838b397e977a9d5d50a3d77deaf4d13/datasink/mapflow/_datasink0".[0m
2026-03-27 02:35:52 |[34;20m INFO     [0m|[34;20m nipype.workflow  [0m|[34;20m [Node] Executing "_datasink0" <mriqc.interfaces.bids.IQMFileSink>[0m
2026-03-27 02:35:52 |[34;20m INFO     [0m|[34;20m nipype.workflow  [0m|[34;20m [Node] Finished "_datasink0", elapsed time 0.002277s.[0m
2026-03-27 02:35:52 |[34;20m INFO     [0m|[34;20m nipype.workflow  [0m|[34;20m [Node] Setting-up "_ds_timeseries0" in "/local/nvme/ds004996_26.784026/ds/tmp/mriqc_wf/funcMRIQC/ComputeIQMs/2b9d98b98838b397e977a9d5d50a3d77deaf4d13/ds_timeseries/mapflow/_ds_timeseries0".[0m
2026-03-27 02:35:52 |[34;20m INFO     [0m|[34;20m nipype.workflow  [0m|[34;20m [Node] Executing "_ds_timeseries0" <mriqc.interfaces.DerivativesDataSink>[0m
2026-03-27 02:35:52 |[34;20m INFO     [0m|[34;20m nipype.workflow  [0m|[34;20m [Node] Finished "_ds_timeseries0", elapsed time 0.004371s.[0m
2026-03-27 02:35:52 |[34;20m INFO     [0m|[34;20m nipype.workflow  [0m|[34;20m [Node] Setting-up "_ds_timeseries0" in "/local/nvme/ds004996_26.784026/ds/tmp/mriqc_wf/funcMRIQC/ComputeIQMs/fb33c01198368f3f7bb62b6345f2e31f18b221d6/ds_timeseries/mapflow/_ds_timeseries0".[0m
2026-03-27 02:35:52 |[34;20m INFO     [0m|[34;20m nipype.workflow  [0m|[34;20m [Node] Executing "_ds_timeseries0" <mriqc.interfaces.DerivativesDataSink>[0m
2026-03-27 02:35:52 |[34;20m INFO     [0m|[34;20m nipype.workflow  [0m|[34;20m [Node] Finished "_ds_timeseries0", elapsed time 0.004291s.[0m
2026-03-27 02:35:52 |[34;20m INFO     [0m|[34;20m nipype.workflow  [0m|[34;20m [Node] Setting-up "_BigPlot0" in "/local/nvme/ds004996_26.784026/ds/tmp/mriqc_wf/funcMRIQC/func_report_wf/2b9d98b98838b397e977a9d5d50a3d77deaf4d13/BigPlot/mapflow/_BigPlot0".[0m
2026-03-27 02:35:52 |[34;20m INFO     [0m|[34;20m nipype.workflow  [0m|[34;20m [Node] Executing "_BigPlot0" <nireports.interfaces.fmri.FMRISummary>[0m
2026-03-27 02:35:53 |[34;20m INFO     [0m|[34;20m nipype.workflow  [0m|[34;20m [Node] Finished "_measures0", elapsed time 1.258072s.[0m
2026-03-27 02:35:54 |[34;20m INFO     [0m|[34;20m nipype.workflow  [0m|[34;20m [Node] Setting-up "_datasink0" in "/local/nvme/ds004996_26.784026/ds/tmp/mriqc_wf/funcMRIQC/ComputeIQMs/fb33c01198368f3f7bb62b6345f2e31f18b221d6/datasink/mapflow/_datasink0".[0m
2026-03-27 02:35:54 |[34;20m INFO     [0m|[34;20m nipype.workflow  [0m|[34;20m [Node] Executing "_datasink0" <mriqc.interfaces.bids.IQMFileSink>[0m
2026-03-27 02:35:54 |[34;20m INFO     [0m|[34;20m nipype.workflow  [0m|[34;20m [Node] Finished "_datasink0", elapsed time 0.00069s.[0m
2026-03-27 02:35:55 |[34;20m INFO     [0m|[34;20m nipype.workflow  [0m|[34;20m [Node] Finished "_ComputeDVARS0", elapsed time 18.877426s.[0m
2026-03-27 02:35:56 |[34;20m INFO     [0m|[34;20m nipype.workflow  [0m|[34;20m [Node] Setting-up "_measures0" in "/local/nvme/ds004996_26.784026/ds/tmp/mriqc_wf/funcMRIQC/ComputeIQMs/dc208f23db9b1eb00e683decf979c7e42ba12ad7/measures/mapflow/_measures0".[0m
2026-03-27 02:35:56 |[34;20m INFO     [0m|[34;20m nipype.workflow  [0m|[34;20m [Node] Executing "_measures0" <mriqc.interfaces.functional.FunctionalQC>[0m
2026-03-27 02:35:56 |[34;20m INFO     [0m|[34;20m nipype.workflow  [0m|[34;20m [Node] Setting-up "_timeseries0" in "/local/nvme/ds004996_26.784026/ds/tmp/mriqc_wf/funcMRIQC/ComputeIQMs/dc208f23db9b1eb00e683decf979c7e42ba12ad7/timeseries/mapflow/_timeseries0".[0m
2026-03-27 02:35:56 |[34;20m INFO     [0m|[34;20m nipype.workflow  [0m|[34;20m [Node] Executing "_timeseries0" <mriqc.interfaces.functional.GatherTimeseries>[0m
2026-03-27 02:35:56 |[34;20m INFO     [0m|[34;20m nipype.workflow  [0m|[34;20m [Node] Finished "_timeseries0", elapsed time 0.01809s.[0m
2026-03-27 02:35:56 |[34;20m INFO     [0m|[34;20m nipype.workflow  [0m|[34;20m [Node] Finished "_BigPlot0", elapsed time 4.153908s.[0m
2026-03-27 02:35:57 |[34;20m INFO     [0m|[34;20m nipype.workflow  [0m|[34;20m [Node] Finished "_measures0", elapsed time 1.1334089999999999s.[0m
2026-03-27 02:35:58 |[34;20m INFO     [0m|[34;20m nipype.workflow  [0m|[34;20m [Node] Setting-up "mriqc_wf.funcMRIQC.synthstrip_wf.post_n4" in "/local/nvme/ds004996_26.784026/ds/tmp/mriqc_wf/funcMRIQC/synthstrip_wf/fb33c01198368f3f7bb62b6345f2e31f18b221d6/post_n4".[0m
2026-03-27 02:35:58 |[34;20m INFO     [0m|[34;20m nipype.workflow  [0m|[34;20m [Node] Executing "post_n4" <nipype.interfaces.ants.segmentation.N4BiasFieldCorrection>[0m
2026-03-27 02:35:59 |[34;20m INFO     [0m|[34;20m nipype.workflow  [0m|[34;20m [Node] Finished "post_n4", elapsed time 1.054353s.[0m
2026-03-27 02:36:00 |[34;20m INFO     [0m|[34;20m nipype.workflow  [0m|[34;20m [Node] Setting-up "mriqc_wf.funcMRIQC.SpatialNormalization.EPI2MNI" in "/local/nvme/ds004996_26.784026/ds/tmp/mriqc_wf/funcMRIQC/SpatialNormalization/fb33c01198368f3f7bb62b6345f2e31f18b221d6/EPI2MNI".[0m
2026-03-27 02:36:00 |[34;20m INFO     [0m|[34;20m nipype.workflow  [0m|[34;20m [Node] Executing "EPI2MNI" <niworkflows.interfaces.reportlets.registration.SpatialNormalizationRPT>[0m
2026-03-27 02:36:00 |[34;20m INFO     [0m|[34;20m niworkflows      [0m|[34;20m Estimating initial transform using AffineInitializer[0m
2026-03-27 02:36:05 |[34;20m INFO     [0m|[34;20m niworkflows      [0m|[34;20m Terminal outputs of initialization saved (/local/nvme/ds004996_26.784026/ds/tmp/mriqc_wf/funcMRIQC/SpatialNormalization/fb33c01198368f3f7bb62b6345f2e31f18b221d6/EPI2MNI/stderr.nipype-init).[0m
2026-03-27 02:36:05 |[34;20m INFO     [0m|[34;20m niworkflows      [0m|[34;20m Loading settings from file /opt/conda/lib/python3.11/site-packages/niworkflows/data/boldref-mni_registration_precise_000.json.[0m
2026-03-27 02:36:05 |[34;20m INFO     [0m|[34;20m niworkflows      [0m|[34;20m Retry #1, commandline: 
antsRegistration --collapse-output-transforms 1 --dimensionality 3 --float 0 --initial-moving-transform [ /local/nvme/ds004996_26.784026/ds/tmp/mriqc_wf/funcMRIQC/SpatialNormalization/fb33c01198368f3f7bb62b6345f2e31f18b221d6/EPI2MNI/transform.mat, 0 ] --initialize-transforms-per-stage 0 --interpolation LanczosWindowedSinc --output [ epi_to_mni, epi_to_mni_Warped.nii.gz ] --transform Rigid[ 0.05 ] --metric Mattes[ /templateflow/tpl-MNI152NLin2009cAsym/tpl-MNI152NLin2009cAsym_res-02_desc-fMRIPrep_boldref.nii.gz, /local/nvme/ds004996_26.784026/ds/tmp/mriqc_wf/funcMRIQC/SpatialNormalization/fb33c01198368f3f7bb62b6345f2e31f18b221d6/SharpenEPI/sub-26_task-conversation_run-02_bold_desc-realigned_valid_tstat_corrected.nii.gz, 1, 56, Regular, 0.25 ] --convergence [ 10000x1000x100, 1e-06, 20 ] --smoothing-sigmas 4.0x2.0x1.0vox --shrink-factors 4x2x1 --use-histogram-matching 1 --masks [ /templateflow/tpl-MNI152NLin2009cAsym/tpl-MNI152NLin2009cAsym_res-02_desc-brain_mask.nii.gz, /local/nvme/ds004996_26.784026/ds/tmp/mriqc_wf/funcMRIQC/synthstrip_wf/fb33c01198368f3f7bb62b6345f2e31f18b221d6/synthstrip/clipped_corrected_desc-brain_mask.nii.gz ] --transform Affine[ 0.08 ] --metric Mattes[ /templateflow/tpl-MNI152NLin2009cAsym/tpl-MNI152NLin2009cAsym_res-02_desc-fMRIPrep_boldref.nii.gz, /local/nvme/ds004996_26.784026/ds/tmp/mriqc_wf/funcMRIQC/SpatialNormalization/fb33c01198368f3f7bb62b6345f2e31f18b221d6/SharpenEPI/sub-26_task-conversation_run-02_bold_desc-realigned_valid_tstat_corrected.nii.gz, 1, 56, Regular, 0.25 ] --convergence [ 500x250x100, 1e-06, 20 ] --smoothing-sigmas 4.0x2.0x1.0vox --shrink-factors 8x4x2 --use-histogram-matching 1 --masks [ /templateflow/tpl-MNI152NLin2009cAsym/tpl-MNI152NLin2009cAsym_res-02_desc-brain_mask.nii.gz, /local/nvme/ds004996_26.784026/ds/tmp/mriqc_wf/funcMRIQC/synthstrip_wf/fb33c01198368f3f7bb62b6345f2e31f18b221d6/synthstrip/clipped_corrected_desc-brain_mask.nii.gz ] --transform SyN[ 0.1, 3.0, 0.0 ] --metric CC[ /templateflow/tpl-MNI152NLin2009cAsym/tpl-MNI152NLin2009cAsym_res-02_desc-fMRIPrep_boldref.nii.gz, /local/nvme/ds004996_26.784026/ds/tmp/mriqc_wf/funcMRIQC/SpatialNormalization/fb33c01198368f3f7bb62b6345f2e31f18b221d6/SharpenEPI/sub-26_task-conversation_run-02_bold_desc-realigned_valid_tstat_corrected.nii.gz, 1, 4, None, 1 ] --convergence [ 100x30x20, 1e-06, 10 ] --smoothing-sigmas 3.0x2.0x1.0vox --shrink-factors 8x4x2 --use-histogram-matching 1 --masks [ /templateflow/tpl-MNI152NLin2009cAsym/tpl-MNI152NLin2009cAsym_res-02_desc-brain_mask.nii.gz, /local/nvme/ds004996_26.784026/ds/tmp/mriqc_wf/funcMRIQC/synthstrip_wf/fb33c01198368f3f7bb62b6345f2e31f18b221d6/synthstrip/clipped_corrected_desc-brain_mask.nii.gz ] --winsorize-image-intensities [ 0.005, 0.995 ]  --write-composite-transform 1[0m
2026-03-27 02:36:16 |[34;20m INFO     [0m|[34;20m niworkflows      [0m|[34;20m Successful spatial normalization (retry #1).[0m
2026-03-27 02:36:16 |[34;20m INFO     [0m|[34;20m niworkflows      [0m|[34;20m Report - setting fixed (/templateflow/tpl-MNI152NLin2009cAsym/tpl-MNI152NLin2009cAsym_res-02_desc-fMRIPrep_boldref.nii.gz) and moving (/local/nvme/ds004996_26.784026/ds/tmp/mriqc_wf/funcMRIQC/SpatialNormalization/fb33c01198368f3f7bb62b6345f2e31f18b221d6/EPI2MNI/epi_to_mni_Warped.nii.gz) images[0m
2026-03-27 02:36:16 |[34;20m INFO     [0m|[34;20m niworkflows      [0m|[34;20m Generating visual report[0m
2026-03-27 02:36:32 |[34;20m INFO     [0m|[34;20m nipype.workflow  [0m|[34;20m [Node] Finished "EPI2MNI", elapsed time 32.005368s.[0m
2026-03-27 02:36:34 |[34;20m INFO     [0m|[34;20m nipype.workflow  [0m|[34;20m [Node] Setting-up "mriqc_wf.funcMRIQC.synthstrip_wf.post_n4" in "/local/nvme/ds004996_26.784026/ds/tmp/mriqc_wf/funcMRIQC/synthstrip_wf/dc208f23db9b1eb00e683decf979c7e42ba12ad7/post_n4".[0m
2026-03-27 02:36:34 |[34;20m INFO     [0m|[34;20m nipype.workflow  [0m|[34;20m [Node] Executing "post_n4" <nipype.interfaces.ants.segmentation.N4BiasFieldCorrection>[0m
2026-03-27 02:36:35 |[34;20m INFO     [0m|[34;20m nipype.workflow  [0m|[34;20m [Node] Finished "post_n4", elapsed time 1.106787s.[0m
2026-03-27 02:36:36 |[34;20m INFO     [0m|[34;20m nipype.workflow  [0m|[34;20m [Node] Setting-up "mriqc_wf.funcMRIQC.SpatialNormalization.EPI2MNI" in "/local/nvme/ds004996_26.784026/ds/tmp/mriqc_wf/funcMRIQC/SpatialNormalization/dc208f23db9b1eb00e683decf979c7e42ba12ad7/EPI2MNI".[0m
2026-03-27 02:36:36 |[34;20m INFO     [0m|[34;20m nipype.workflow  [0m|[34;20m [Node] Executing "EPI2MNI" <niworkflows.interfaces.reportlets.registration.SpatialNormalizationRPT>[0m
2026-03-27 02:36:36 |[34;20m INFO     [0m|[34;20m niworkflows      [0m|[34;20m Estimating initial transform using AffineInitializer[0m
2026-03-27 02:36:41 |[34;20m INFO     [0m|[34;20m niworkflows      [0m|[34;20m Loading settings from file /opt/conda/lib/python3.11/site-packages/niworkflows/data/boldref-mni_registration_precise_000.json.[0m
2026-03-27 02:36:41 |[34;20m INFO     [0m|[34;20m niworkflows      [0m|[34;20m Retry #1, commandline: 
antsRegistration --collapse-output-transforms 1 --dimensionality 3 --float 0 --initial-moving-transform [ /local/nvme/ds004996_26.784026/ds/tmp/mriqc_wf/funcMRIQC/SpatialNormalization/dc208f23db9b1eb00e683decf979c7e42ba12ad7/EPI2MNI/transform.mat, 0 ] --initialize-transforms-per-stage 0 --interpolation LanczosWindowedSinc --output [ epi_to_mni, epi_to_mni_Warped.nii.gz ] --transform Rigid[ 0.05 ] --metric Mattes[ /templateflow/tpl-MNI152NLin2009cAsym/tpl-MNI152NLin2009cAsym_res-02_desc-fMRIPrep_boldref.nii.gz, /local/nvme/ds004996_26.784026/ds/tmp/mriqc_wf/funcMRIQC/SpatialNormalization/dc208f23db9b1eb00e683decf979c7e42ba12ad7/SharpenEPI/sub-26_task-conversation_run-03_bold_desc-realigned_valid_tstat_corrected.nii.gz, 1, 56, Regular, 0.25 ] --convergence [ 10000x1000x100, 1e-06, 20 ] --smoothing-sigmas 4.0x2.0x1.0vox --shrink-factors 4x2x1 --use-histogram-matching 1 --masks [ /templateflow/tpl-MNI152NLin2009cAsym/tpl-MNI152NLin2009cAsym_res-02_desc-brain_mask.nii.gz, /local/nvme/ds004996_26.784026/ds/tmp/mriqc_wf/funcMRIQC/synthstrip_wf/dc208f23db9b1eb00e683decf979c7e42ba12ad7/synthstrip/clipped_corrected_desc-brain_mask.nii.gz ] --transform Affine[ 0.08 ] --metric Mattes[ /templateflow/tpl-MNI152NLin2009cAsym/tpl-MNI152NLin2009cAsym_res-02_desc-fMRIPrep_boldref.nii.gz, /local/nvme/ds004996_26.784026/ds/tmp/mriqc_wf/funcMRIQC/SpatialNormalization/dc208f23db9b1eb00e683decf979c7e42ba12ad7/SharpenEPI/sub-26_task-conversation_run-03_bold_desc-realigned_valid_tstat_corrected.nii.gz, 1, 56, Regular, 0.25 ] --convergence [ 500x250x100, 1e-06, 20 ] --smoothing-sigmas 4.0x2.0x1.0vox --shrink-factors 8x4x2 --use-histogram-matching 1 --masks [ /templateflow/tpl-MNI152NLin2009cAsym/tpl-MNI152NLin2009cAsym_res-02_desc-brain_mask.nii.gz, /local/nvme/ds004996_26.784026/ds/tmp/mriqc_wf/funcMRIQC/synthstrip_wf/dc208f23db9b1eb00e683decf979c7e42ba12ad7/synthstrip/clipped_corrected_desc-brain_mask.nii.gz ] --transform SyN[ 0.1, 3.0, 0.0 ] --metric CC[ /templateflow/tpl-MNI152NLin2009cAsym/tpl-MNI152NLin2009cAsym_res-02_desc-fMRIPrep_boldref.nii.gz, /local/nvme/ds004996_26.784026/ds/tmp/mriqc_wf/funcMRIQC/SpatialNormalization/dc208f23db9b1eb00e683decf979c7e42ba12ad7/SharpenEPI/sub-26_task-conversation_run-03_bold_desc-realigned_valid_tstat_corrected.nii.gz, 1, 4, None, 1 ] --convergence [ 100x30x20, 1e-06, 10 ] --smoothing-sigmas 3.0x2.0x1.0vox --shrink-factors 8x4x2 --use-histogram-matching 1 --masks [ /templateflow/tpl-MNI152NLin2009cAsym/tpl-MNI152NLin2009cAsym_res-02_desc-brain_mask.nii.gz, /local/nvme/ds004996_26.784026/ds/tmp/mriqc_wf/funcMRIQC/synthstrip_wf/dc208f23db9b1eb00e683decf979c7e42ba12ad7/synthstrip/clipped_corrected_desc-brain_mask.nii.gz ] --winsorize-image-intensities [ 0.005, 0.995 ]  --write-composite-transform 1[0m
2026-03-27 02:36:53 |[34;20m INFO     [0m|[34;20m niworkflows      [0m|[34;20m Successful spatial normalization (retry #1).[0m
2026-03-27 02:36:53 |[34;20m INFO     [0m|[34;20m niworkflows      [0m|[34;20m Report - setting fixed (/templateflow/tpl-MNI152NLin2009cAsym/tpl-MNI152NLin2009cAsym_res-02_desc-fMRIPrep_boldref.nii.gz) and moving (/local/nvme/ds004996_26.784026/ds/tmp/mriqc_wf/funcMRIQC/SpatialNormalization/dc208f23db9b1eb00e683decf979c7e42ba12ad7/EPI2MNI/epi_to_mni_Warped.nii.gz) images[0m
2026-03-27 02:36:53 |[34;20m INFO     [0m|[34;20m niworkflows      [0m|[34;20m Generating visual report[0m
2026-03-27 02:37:08 |[34;20m INFO     [0m|[34;20m nipype.workflow  [0m|[34;20m [Node] Finished "EPI2MNI", elapsed time 32.447111s.[0m
2026-03-27 02:37:10 |[34;20m INFO     [0m|[34;20m nipype.workflow  [0m|[34;20m [Node] Setting-up "mriqc_wf.funcMRIQC.func_report_wf.ds_report_norm" in "/local/nvme/ds004996_26.784026/ds/tmp/mriqc_wf/funcMRIQC/func_report_wf/fb33c01198368f3f7bb62b6345f2e31f18b221d6/ds_report_norm".[0m
2026-03-27 02:37:10 |[34;20m INFO     [0m|[34;20m nipype.workflow  [0m|[34;20m [Node] Setting-up "mriqc_wf.funcMRIQC.SpatialNormalization.ResampleSegmentation" in "/local/nvme/ds004996_26.784026/ds/tmp/mriqc_wf/funcMRIQC/SpatialNormalization/fb33c01198368f3f7bb62b6345f2e31f18b221d6/ResampleSegmentation".[0m
2026-03-27 02:37:10 |[34;20m INFO     [0m|[34;20m nipype.workflow  [0m|[34;20m [Node] Executing "ds_report_norm" <mriqc.interfaces.DerivativesDataSink>[0m
2026-03-27 02:37:10 |[34;20m INFO     [0m|[34;20m nipype.workflow  [0m|[34;20m [Node] Executing "ResampleSegmentation" <nipype.interfaces.ants.resampling.ApplyTransforms>[0m
2026-03-27 02:37:10 |[34;20m INFO     [0m|[34;20m nipype.workflow  [0m|[34;20m [Node] Setting-up "mriqc_wf.funcMRIQC.synthstrip_wf.final_masked" in "/local/nvme/ds004996_26.784026/ds/tmp/mriqc_wf/funcMRIQC/synthstrip_wf/fb33c01198368f3f7bb62b6345f2e31f18b221d6/final_masked".[0m
2026-03-27 02:37:10 |[34;20m INFO     [0m|[34;20m nipype.workflow  [0m|[34;20m [Node] Executing "final_masked" <niworkflows.interfaces.nibabel.ApplyMask>[0m
2026-03-27 02:37:10 |[34;20m INFO     [0m|[34;20m nipype.workflow  [0m|[34;20m [Node] Finished "ds_report_norm", elapsed time 0.005157s.[0m
2026-03-27 02:37:10 |[34;20m INFO     [0m|[34;20m nipype.workflow  [0m|[34;20m [Node] Finished "final_masked", elapsed time 0.032016s.[0m
2026-03-27 02:37:10 |[34;20m INFO     [0m|[34;20m nipype.workflow  [0m|[34;20m [Node] Setting-up "mriqc_wf.funcMRIQC.func_report_wf.ds_report_norm" in "/local/nvme/ds004996_26.784026/ds/tmp/mriqc_wf/funcMRIQC/func_report_wf/dc208f23db9b1eb00e683decf979c7e42ba12ad7/ds_report_norm".[0m
2026-03-27 02:37:10 |[34;20m INFO     [0m|[34;20m nipype.workflow  [0m|[34;20m [Node] Setting-up "mriqc_wf.funcMRIQC.synthstrip_wf.final_masked" in "/local/nvme/ds004996_26.784026/ds/tmp/mriqc_wf/funcMRIQC/synthstrip_wf/dc208f23db9b1eb00e683decf979c7e42ba12ad7/final_masked".[0m
2026-03-27 02:37:10 |[34;20m INFO     [0m|[34;20m nipype.workflow  [0m|[34;20m [Node] Setting-up "mriqc_wf.funcMRIQC.SpatialNormalization.ResampleSegmentation" in "/local/nvme/ds004996_26.784026/ds/tmp/mriqc_wf/funcMRIQC/SpatialNormalization/dc208f23db9b1eb00e683decf979c7e42ba12ad7/ResampleSegmentation".[0m
2026-03-27 02:37:10 |[34;20m INFO     [0m|[34;20m nipype.workflow  [0m|[34;20m [Node] Executing "ds_report_norm" <mriqc.interfaces.DerivativesDataSink>[0m
2026-03-27 02:37:10 |[34;20m INFO     [0m|[34;20m nipype.workflow  [0m|[34;20m [Node] Executing "final_masked" <niworkflows.interfaces.nibabel.ApplyMask>[0m
2026-03-27 02:37:10 |[34;20m INFO     [0m|[34;20m nipype.workflow  [0m|[34;20m [Node] Executing "ResampleSegmentation" <nipype.interfaces.ants.resampling.ApplyTransforms>[0m
2026-03-27 02:37:10 |[34;20m INFO     [0m|[34;20m nipype.workflow  [0m|[34;20m [Node] Finished "ds_report_norm", elapsed time 0.005089s.[0m
2026-03-27 02:37:10 |[34;20m INFO     [0m|[34;20m nipype.workflow  [0m|[34;20m [Node] Finished "final_masked", elapsed time 0.032484s.[0m
2026-03-27 02:37:10 |[34;20m INFO     [0m|[34;20m nipype.workflow  [0m|[34;20m [Node] Setting-up "_datasink0" in "/local/nvme/ds004996_26.784026/ds/tmp/mriqc_wf/funcMRIQC/ComputeIQMs/dc208f23db9b1eb00e683decf979c7e42ba12ad7/datasink/mapflow/_datasink0".[0m
2026-03-27 02:37:10 |[34;20m INFO     [0m|[34;20m nipype.workflow  [0m|[34;20m [Node] Executing "_datasink0" <mriqc.interfaces.bids.IQMFileSink>[0m
2026-03-27 02:37:10 |[34;20m INFO     [0m|[34;20m nipype.workflow  [0m|[34;20m [Node] Finished "_datasink0", elapsed time 0.000649s.[0m
2026-03-27 02:37:10 |[34;20m INFO     [0m|[34;20m nipype.workflow  [0m|[34;20m [Node] Setting-up "_ds_timeseries0" in "/local/nvme/ds004996_26.784026/ds/tmp/mriqc_wf/funcMRIQC/ComputeIQMs/dc208f23db9b1eb00e683decf979c7e42ba12ad7/ds_timeseries/mapflow/_ds_timeseries0".[0m
2026-03-27 02:37:10 |[34;20m INFO     [0m|[34;20m nipype.workflow  [0m|[34;20m [Node] Executing "_ds_timeseries0" <mriqc.interfaces.DerivativesDataSink>[0m
2026-03-27 02:37:10 |[34;20m INFO     [0m|[34;20m nipype.workflow  [0m|[34;20m [Node] Finished "_ds_timeseries0", elapsed time 0.00411s.[0m
2026-03-27 02:37:10 |[34;20m INFO     [0m|[34;20m nipype.workflow  [0m|[34;20m [Node] Setting-up "_ds_report_carpet0" in "/local/nvme/ds004996_26.784026/ds/tmp/mriqc_wf/funcMRIQC/func_report_wf/2b9d98b98838b397e977a9d5d50a3d77deaf4d13/ds_report_carpet/mapflow/_ds_report_carpet0".[0m
2026-03-27 02:37:10 |[34;20m INFO     [0m|[34;20m nipype.workflow  [0m|[34;20m [Node] Executing "_ds_report_carpet0" <mriqc.interfaces.DerivativesDataSink>[0m
2026-03-27 02:37:10 |[34;20m INFO     [0m|[34;20m nipype.workflow  [0m|[34;20m [Node] Finished "_ds_report_carpet0", elapsed time 0.00518s.[0m
2026-03-27 02:37:12 |[34;20m INFO     [0m|[34;20m nipype.workflow  [0m|[34;20m [Node] Finished "ResampleSegmentation", elapsed time 2.552727s.[0m
2026-03-27 02:37:12 |[34;20m INFO     [0m|[34;20m nipype.workflow  [0m|[34;20m [Node] Finished "ResampleSegmentation", elapsed time 2.512328s.[0m
2026-03-27 02:37:14 |[34;20m INFO     [0m|[34;20m nipype.workflow  [0m|[34;20m [Node] Setting-up "mriqc_wf.funcMRIQC.func_report_wf.parcels" in "/local/nvme/ds004996_26.784026/ds/tmp/mriqc_wf/funcMRIQC/func_report_wf/fb33c01198368f3f7bb62b6345f2e31f18b221d6/parcels".[0m
2026-03-27 02:37:14 |[34;20m INFO     [0m|[34;20m nipype.workflow  [0m|[34;20m [Node] Setting-up "mriqc_wf.funcMRIQC.func_report_wf.parcels" in "/local/nvme/ds004996_26.784026/ds/tmp/mriqc_wf/funcMRIQC/func_report_wf/dc208f23db9b1eb00e683decf979c7e42ba12ad7/parcels".[0m
2026-03-27 02:37:14 |[34;20m INFO     [0m|[34;20m nipype.workflow  [0m|[34;20m [Node] Executing "parcels" <nipype.interfaces.utility.wrappers.Function>[0m
2026-03-27 02:37:14 |[34;20m INFO     [0m|[34;20m nipype.workflow  [0m|[34;20m [Node] Executing "parcels" <nipype.interfaces.utility.wrappers.Function>[0m
2026-03-27 02:37:14 |[34;20m INFO     [0m|[34;20m nipype.workflow  [0m|[34;20m [Node] Finished "parcels", elapsed time 0.022801s.[0m
2026-03-27 02:37:14 |[34;20m INFO     [0m|[34;20m nipype.workflow  [0m|[34;20m [Node] Finished "parcels", elapsed time 0.028794s.[0m
2026-03-27 02:37:16 |[34;20m INFO     [0m|[34;20m nipype.workflow  [0m|[34;20m [Node] Setting-up "_BigPlot0" in "/local/nvme/ds004996_26.784026/ds/tmp/mriqc_wf/funcMRIQC/func_report_wf/fb33c01198368f3f7bb62b6345f2e31f18b221d6/BigPlot/mapflow/_BigPlot0".[0m
2026-03-27 02:37:16 |[34;20m INFO     [0m|[34;20m nipype.workflow  [0m|[34;20m [Node] Executing "_BigPlot0" <nireports.interfaces.fmri.FMRISummary>[0m
2026-03-27 02:37:16 |[34;20m INFO     [0m|[34;20m nipype.workflow  [0m|[34;20m [Node] Setting-up "_BigPlot0" in "/local/nvme/ds004996_26.784026/ds/tmp/mriqc_wf/funcMRIQC/func_report_wf/dc208f23db9b1eb00e683decf979c7e42ba12ad7/BigPlot/mapflow/_BigPlot0".[0m
2026-03-27 02:37:16 |[34;20m INFO     [0m|[34;20m nipype.workflow  [0m|[34;20m [Node] Executing "_BigPlot0" <nireports.interfaces.fmri.FMRISummary>[0m
2026-03-27 02:37:20 |[34;20m INFO     [0m|[34;20m nipype.workflow  [0m|[34;20m [Node] Finished "_BigPlot0", elapsed time 4.081871s.[0m
2026-03-27 02:37:20 |[34;20m INFO     [0m|[34;20m nipype.workflow  [0m|[34;20m [Node] Finished "_BigPlot0", elapsed time 4.371426s.[0m
2026-03-27 02:37:22 |[34;20m INFO     [0m|[34;20m nipype.workflow  [0m|[34;20m [Node] Setting-up "_ds_report_carpet0" in "/local/nvme/ds004996_26.784026/ds/tmp/mriqc_wf/funcMRIQC/func_report_wf/fb33c01198368f3f7bb62b6345f2e31f18b221d6/ds_report_carpet/mapflow/_ds_report_carpet0".[0m
2026-03-27 02:37:22 |[34;20m INFO     [0m|[34;20m nipype.workflow  [0m|[34;20m [Node] Executing "_ds_report_carpet0" <mriqc.interfaces.DerivativesDataSink>[0m
2026-03-27 02:37:22 |[34;20m INFO     [0m|[34;20m nipype.workflow  [0m|[34;20m [Node] Finished "_ds_report_carpet0", elapsed time 0.004937s.[0m
2026-03-27 02:37:22 |[34;20m INFO     [0m|[34;20m nipype.workflow  [0m|[34;20m [Node] Setting-up "_ds_report_carpet0" in "/local/nvme/ds004996_26.784026/ds/tmp/mriqc_wf/funcMRIQC/func_report_wf/dc208f23db9b1eb00e683decf979c7e42ba12ad7/ds_report_carpet/mapflow/_ds_report_carpet0".[0m
2026-03-27 02:37:22 |[34;20m INFO     [0m|[34;20m nipype.workflow  [0m|[34;20m [Node] Executing "_ds_report_carpet0" <mriqc.interfaces.DerivativesDataSink>[0m
2026-03-27 02:37:22 |[34;20m INFO     [0m|[34;20m nipype.workflow  [0m|[34;20m [Node] Finished "_ds_report_carpet0", elapsed time 0.0053s.[0m
2026-03-27 02:37:24 |[34;20m INFO     [0m|[34;20m nipype.workflow  [0m|[34;20m Generating reports...[0m
2026-03-27 02:37:24 |[34;20m INFO     [0m|[34;20m nipype.workflow  [0m|[34;20m Report generation finished (3 reports).[0m
2026-03-27 02:37:24 |[33;20m IMPORTANT [0m|[33;20m mriqc            [0m|[33;20m Participant level finished successfully averaging 00h 07min 26s per subject.[0m
2026-03-27 02:37:24 |[34;20m INFO     [0m|[34;20m mriqc            [0m|[34;20m Generating BIDS derivatives metadata.[0m
----------------------------------------------------------------
  MRIQC completed (elapsed time 00h 22min 18s).
----------------------------------------------------------------

