------------------------------------------------------------------
  Running MRIQC version 24.1.0.dev0+gd5b13cb5.d20240826
  ----------------------------------------------------------------

  NOTICE
  Copyright © The NiPreps Developers.
  
  This product includes software developed by
  the NiPreps Community (https://nipreps.org/).
  
  Portions of this software were developed at the Department of
  Psychology at Stanford University, Stanford, CA, US.
  
  This software contains code ultimately derived from the
  PCP Quality Assessment Protocol (QAP;
  http://preprocessed-connectomes-project.org/quality-assessment-protocol)
  by C. Craddock, S. Giavasis, D. Clark, Z. Shezhad, and J. Pellman.
  
  This software is also distributed as a Docker container image.
  The bootstrapping file for the image ("Dockerfile") is licensed
  under the MIT License.

  ----------------------------------------------------------------

  * BIDS dataset path: /local/nvme/ds004996_22.784026/ds/sourcedata/raw.
  * Output folder: mriqc.
  * Analysis levels: ['participant'].
------------------------------------------------------------------

2026-03-27 02:14:40 |[33;20m IMPORTANT [0m|[33;20m mriqc            [0m|[33;20m Extracting metadata and entities for 3 input runs of modality 'bold'...[0m
2026-03-27 02:14:40 |[33;20m IMPORTANT [0m|[33;20m mriqc            [0m|[33;20m File size ('bold'): 0.41|0.41 GB [maximum|average].[0m
2026-03-27 02:14:41 |[34;20m INFO     [0m|[34;20m mriqc            [0m|[34;20m MRIQC config file: /local/nvme/ds004996_22.784026/ds/tmp/config-20260327-021438_2cbca810-57b4-4a53-8b5b-114078472f0b.toml.[0m
2026-03-27 02:14:46 |[34;20m INFO     [0m|[34;20m matplotlib.font_manager [0m|[34;20m generated new fontManager[0m
2026-03-27 02:14:47 |[33;20m IMPORTANT [0m|[33;20m mriqc            [0m|[33;20m Building MRIQC's workflows...[0m
2026-03-27 02:14:48 |[34;20m INFO     [0m|[34;20m nipype.workflow  [0m|[34;20m Building functional MRIQC workflow for 3 BOLD runs..[0m
2026-03-27 02:14:53 |[33;20m IMPORTANT [0m|[33;20m mriqc            [0m|[33;20m Workflow building finished (exit code 0).[0m
2026-03-27 02:14:58 |[34;20m INFO     [0m|[34;20m nipype.workflow  [0m|[34;20m Workflow mriqc_wf settings: ['check', 'execution', 'logging', 'monitoring'][0m
2026-03-27 02:14:58 |[34;20m INFO     [0m|[34;20m nipype.workflow  [0m|[34;20m [Node] Setting-up "mriqc_wf.funcMRIQC.pick_echo" in "/local/nvme/ds004996_22.784026/ds/tmp/mriqc_wf/funcMRIQC/a6523387e9b7aa0a444aa6d89f039e62ae7493ef/pick_echo".[0m
2026-03-27 02:14:58 |[34;20m INFO     [0m|[34;20m nipype.workflow  [0m|[34;20m [Node] Setting-up "_provenance0" in "/local/nvme/ds004996_22.784026/ds/tmp/mriqc_wf/funcMRIQC/ComputeIQMs/a6523387e9b7aa0a444aa6d89f039e62ae7493ef/provenance/mapflow/_provenance0".[0m
2026-03-27 02:14:58 |[34;20m INFO     [0m|[34;20m nipype.workflow  [0m|[34;20m [Node] Executing "_provenance0" <mriqc.interfaces.reports.AddProvenance>[0m
2026-03-27 02:14:58 |[34;20m INFO     [0m|[34;20m nipype.workflow  [0m|[34;20m [Node] Executing "pick_echo" <mriqc.interfaces.functional.SelectEcho>[0m
2026-03-27 02:14:58 |[34;20m INFO     [0m|[34;20m nipype.workflow  [0m|[34;20m [Node] Finished "pick_echo", elapsed time 0.000804s.[0m
2026-03-27 02:14:59 |[34;20m INFO     [0m|[34;20m nipype.workflow  [0m|[34;20m [Node] Finished "_provenance0", elapsed time 0.845139s.[0m
2026-03-27 02:14:59 |[34;20m INFO     [0m|[34;20m nipype.workflow  [0m|[34;20m [Node] Setting-up "_provenance0" in "/local/nvme/ds004996_22.784026/ds/tmp/mriqc_wf/funcMRIQC/ComputeIQMs/4b1478d6f8c276c488bdde65106736214d4ad392/provenance/mapflow/_provenance0".[0m
2026-03-27 02:14:59 |[34;20m INFO     [0m|[34;20m nipype.workflow  [0m|[34;20m [Node] Setting-up "mriqc_wf.funcMRIQC.pick_echo" in "/local/nvme/ds004996_22.784026/ds/tmp/mriqc_wf/funcMRIQC/4b1478d6f8c276c488bdde65106736214d4ad392/pick_echo".[0m
2026-03-27 02:14:59 |[34;20m INFO     [0m|[34;20m nipype.workflow  [0m|[34;20m [Node] Executing "_provenance0" <mriqc.interfaces.reports.AddProvenance>[0m
2026-03-27 02:14:59 |[34;20m INFO     [0m|[34;20m nipype.workflow  [0m|[34;20m [Node] Executing "pick_echo" <mriqc.interfaces.functional.SelectEcho>[0m
2026-03-27 02:14:59 |[34;20m INFO     [0m|[34;20m nipype.workflow  [0m|[34;20m [Node] Finished "pick_echo", elapsed time 0.000758s.[0m
2026-03-27 02:15:00 |[34;20m INFO     [0m|[34;20m nipype.workflow  [0m|[34;20m [Node] Finished "_provenance0", elapsed time 0.836157s.[0m
2026-03-27 02:15:00 |[34;20m INFO     [0m|[34;20m nipype.workflow  [0m|[34;20m [Node] Setting-up "_provenance0" in "/local/nvme/ds004996_22.784026/ds/tmp/mriqc_wf/funcMRIQC/ComputeIQMs/d17985ba9c342a77c2dd8e0d8306b7f250bb03a3/provenance/mapflow/_provenance0".[0m
2026-03-27 02:15:00 |[34;20m INFO     [0m|[34;20m nipype.workflow  [0m|[34;20m [Node] Setting-up "mriqc_wf.funcMRIQC.pick_echo" in "/local/nvme/ds004996_22.784026/ds/tmp/mriqc_wf/funcMRIQC/d17985ba9c342a77c2dd8e0d8306b7f250bb03a3/pick_echo".[0m
2026-03-27 02:15:00 |[34;20m INFO     [0m|[34;20m nipype.workflow  [0m|[34;20m [Node] Executing "_provenance0" <mriqc.interfaces.reports.AddProvenance>[0m
2026-03-27 02:15:00 |[34;20m INFO     [0m|[34;20m nipype.workflow  [0m|[34;20m [Node] Executing "pick_echo" <mriqc.interfaces.functional.SelectEcho>[0m
2026-03-27 02:15:00 |[34;20m INFO     [0m|[34;20m nipype.workflow  [0m|[34;20m [Node] Finished "pick_echo", elapsed time 0.000791s.[0m
2026-03-27 02:15:01 |[34;20m INFO     [0m|[34;20m nipype.workflow  [0m|[34;20m [Node] Finished "_provenance0", elapsed time 0.897131s.[0m
2026-03-27 02:15:01 |[34;20m INFO     [0m|[34;20m nipype.workflow  [0m|[34;20m [Node] Setting-up "mriqc_wf.funcMRIQC.non_steady_state_detector" in "/local/nvme/ds004996_22.784026/ds/tmp/mriqc_wf/funcMRIQC/a6523387e9b7aa0a444aa6d89f039e62ae7493ef/non_steady_state_detector".[0m
2026-03-27 02:15:01 |[34;20m INFO     [0m|[34;20m nipype.workflow  [0m|[34;20m [Node] Setting-up "mriqc_wf.funcMRIQC.non_steady_state_detector" in "/local/nvme/ds004996_22.784026/ds/tmp/mriqc_wf/funcMRIQC/4b1478d6f8c276c488bdde65106736214d4ad392/non_steady_state_detector".[0m
2026-03-27 02:15:01 |[34;20m INFO     [0m|[34;20m nipype.workflow  [0m|[34;20m [Node] Setting-up "mriqc_wf.funcMRIQC.non_steady_state_detector" in "/local/nvme/ds004996_22.784026/ds/tmp/mriqc_wf/funcMRIQC/d17985ba9c342a77c2dd8e0d8306b7f250bb03a3/non_steady_state_detector".[0m
2026-03-27 02:15:01 |[34;20m INFO     [0m|[34;20m nipype.workflow  [0m|[34;20m [Node] Executing "non_steady_state_detector" <nipype.algorithms.confounds.NonSteadyStateDetector>[0m
2026-03-27 02:15:01 |[34;20m INFO     [0m|[34;20m nipype.workflow  [0m|[34;20m [Node] Executing "non_steady_state_detector" <nipype.algorithms.confounds.NonSteadyStateDetector>[0m
2026-03-27 02:15:01 |[34;20m INFO     [0m|[34;20m nipype.workflow  [0m|[34;20m [Node] Executing "non_steady_state_detector" <nipype.algorithms.confounds.NonSteadyStateDetector>[0m
2026-03-27 02:15:01 |[34;20m INFO     [0m|[34;20m nipype.workflow  [0m|[34;20m [Node] Finished "non_steady_state_detector", elapsed time 0.028196s.[0m
2026-03-27 02:15:01 |[34;20m INFO     [0m|[34;20m nipype.workflow  [0m|[34;20m [Node] Finished "non_steady_state_detector", elapsed time 0.033373s.[0m
2026-03-27 02:15:01 |[34;20m INFO     [0m|[34;20m nipype.workflow  [0m|[34;20m [Node] Finished "non_steady_state_detector", elapsed time 0.033354s.[0m
2026-03-27 02:15:03 |[34;20m INFO     [0m|[34;20m nipype.workflow  [0m|[34;20m [Node] Setting-up "_sanitize0" in "/local/nvme/ds004996_22.784026/ds/tmp/mriqc_wf/funcMRIQC/d17985ba9c342a77c2dd8e0d8306b7f250bb03a3/sanitize/mapflow/_sanitize0".[0m
2026-03-27 02:15:03 |[34;20m INFO     [0m|[34;20m nipype.workflow  [0m|[34;20m [Node] Setting-up "_sanitize0" in "/local/nvme/ds004996_22.784026/ds/tmp/mriqc_wf/funcMRIQC/4b1478d6f8c276c488bdde65106736214d4ad392/sanitize/mapflow/_sanitize0".[0m
2026-03-27 02:15:03 |[34;20m INFO     [0m|[34;20m nipype.workflow  [0m|[34;20m [Node] Setting-up "_sanitize0" in "/local/nvme/ds004996_22.784026/ds/tmp/mriqc_wf/funcMRIQC/a6523387e9b7aa0a444aa6d89f039e62ae7493ef/sanitize/mapflow/_sanitize0".[0m
2026-03-27 02:15:03 |[34;20m INFO     [0m|[34;20m nipype.workflow  [0m|[34;20m [Node] Executing "_sanitize0" <niworkflows.interfaces.header.SanitizeImage>[0m
2026-03-27 02:15:03 |[34;20m INFO     [0m|[34;20m nipype.workflow  [0m|[34;20m [Node] Executing "_sanitize0" <niworkflows.interfaces.header.SanitizeImage>[0m
2026-03-27 02:15:03 |[34;20m INFO     [0m|[34;20m nipype.workflow  [0m|[34;20m [Node] Executing "_sanitize0" <niworkflows.interfaces.header.SanitizeImage>[0m
2026-03-27 02:15:04 |[34;20m INFO     [0m|[34;20m nipype.workflow  [0m|[34;20m [Node] Finished "_sanitize0", elapsed time 0.722583s.[0m
2026-03-27 02:15:04 |[34;20m INFO     [0m|[34;20m nipype.workflow  [0m|[34;20m [Node] Finished "_sanitize0", elapsed time 0.732796s.[0m
2026-03-27 02:15:04 |[34;20m INFO     [0m|[34;20m nipype.workflow  [0m|[34;20m [Node] Finished "_sanitize0", elapsed time 0.756854s.[0m
2026-03-27 02:15:05 |[34;20m INFO     [0m|[34;20m nipype.workflow  [0m|[34;20m [Node] Setting-up "mriqc_wf.funcMRIQC.fMRI_HMC.estimate_hm" in "/local/nvme/ds004996_22.784026/ds/tmp/mriqc_wf/funcMRIQC/fMRI_HMC/a6523387e9b7aa0a444aa6d89f039e62ae7493ef/estimate_hm".[0m
2026-03-27 02:15:05 |[34;20m INFO     [0m|[34;20m nipype.workflow  [0m|[34;20m [Node] Setting-up "mriqc_wf.funcMRIQC.fMRI_HMC.estimate_hm" in "/local/nvme/ds004996_22.784026/ds/tmp/mriqc_wf/funcMRIQC/fMRI_HMC/4b1478d6f8c276c488bdde65106736214d4ad392/estimate_hm".[0m
2026-03-27 02:15:05 |[34;20m INFO     [0m|[34;20m nipype.workflow  [0m|[34;20m [Node] Executing "estimate_hm" <nipype.interfaces.afni.preprocess.Volreg>[0m
2026-03-27 02:15:05 |[34;20m INFO     [0m|[34;20m nipype.workflow  [0m|[34;20m [Node] Setting-up "mriqc_wf.funcMRIQC.fMRI_HMC.estimate_hm" in "/local/nvme/ds004996_22.784026/ds/tmp/mriqc_wf/funcMRIQC/fMRI_HMC/d17985ba9c342a77c2dd8e0d8306b7f250bb03a3/estimate_hm".[0m
2026-03-27 02:15:05 |[34;20m INFO     [0m|[34;20m nipype.workflow  [0m|[34;20m [Node] Executing "estimate_hm" <nipype.interfaces.afni.preprocess.Volreg>[0m
2026-03-27 02:15:05 |[34;20m INFO     [0m|[34;20m nipype.workflow  [0m|[34;20m [Node] Setting-up "_SpikesMask0" in "/local/nvme/ds004996_22.784026/ds/tmp/mriqc_wf/funcMRIQC/func_report_wf/a6523387e9b7aa0a444aa6d89f039e62ae7493ef/SpikesMask/mapflow/_SpikesMask0".[0m
2026-03-27 02:15:05 |[34;20m INFO     [0m|[34;20m nipype.workflow  [0m|[34;20m [Node] Executing "_SpikesMask0" <nipype.interfaces.utility.wrappers.Function>[0m
2026-03-27 02:15:05 |[34;20m INFO     [0m|[34;20m nipype.workflow  [0m|[34;20m [Node] Executing "estimate_hm" <nipype.interfaces.afni.preprocess.Volreg>[0m
2026-03-27 02:15:05 |[34;20m INFO     [0m|[34;20m nipype.workflow  [0m|[34;20m [Node] Setting-up "_SpikesMask0" in "/local/nvme/ds004996_22.784026/ds/tmp/mriqc_wf/funcMRIQC/func_report_wf/d17985ba9c342a77c2dd8e0d8306b7f250bb03a3/SpikesMask/mapflow/_SpikesMask0".[0m
2026-03-27 02:15:05 |[34;20m INFO     [0m|[34;20m nipype.workflow  [0m|[34;20m [Node] Setting-up "_SpikesMask0" in "/local/nvme/ds004996_22.784026/ds/tmp/mriqc_wf/funcMRIQC/func_report_wf/4b1478d6f8c276c488bdde65106736214d4ad392/SpikesMask/mapflow/_SpikesMask0".[0m
2026-03-27 02:15:05 |[34;20m INFO     [0m|[34;20m nipype.workflow  [0m|[34;20m [Node] Executing "_SpikesMask0" <nipype.interfaces.utility.wrappers.Function>[0m
2026-03-27 02:15:05 |[34;20m INFO     [0m|[34;20m nipype.workflow  [0m|[34;20m [Node] Executing "_SpikesMask0" <nipype.interfaces.utility.wrappers.Function>[0m
2026-03-27 02:15:07 |[34;20m INFO     [0m|[34;20m nipype.workflow  [0m|[34;20m [Node] Finished "_SpikesMask0", elapsed time 1.725851s.[0m
2026-03-27 02:15:07 |[34;20m INFO     [0m|[34;20m nipype.workflow  [0m|[34;20m [Node] Finished "_SpikesMask0", elapsed time 1.73553s.[0m
2026-03-27 02:15:07 |[34;20m INFO     [0m|[34;20m nipype.workflow  [0m|[34;20m [Node] Finished "_SpikesMask0", elapsed time 1.73882s.[0m
2026-03-27 02:15:07 |[34;20m INFO     [0m|[34;20m nipype.workflow  [0m|[34;20m [Node] Setting-up "_SpikesFinderBgMask0" in "/local/nvme/ds004996_22.784026/ds/tmp/mriqc_wf/funcMRIQC/func_report_wf/a6523387e9b7aa0a444aa6d89f039e62ae7493ef/SpikesFinderBgMask/mapflow/_SpikesFinderBgMask0".[0m
2026-03-27 02:15:07 |[34;20m INFO     [0m|[34;20m nipype.workflow  [0m|[34;20m [Node] Setting-up "_SpikesFinderBgMask0" in "/local/nvme/ds004996_22.784026/ds/tmp/mriqc_wf/funcMRIQC/func_report_wf/d17985ba9c342a77c2dd8e0d8306b7f250bb03a3/SpikesFinderBgMask/mapflow/_SpikesFinderBgMask0".[0m
2026-03-27 02:15:07 |[34;20m INFO     [0m|[34;20m nipype.workflow  [0m|[34;20m [Node] Executing "_SpikesFinderBgMask0" <mriqc.interfaces.functional.Spikes>[0m
2026-03-27 02:15:07 |[34;20m INFO     [0m|[34;20m nipype.workflow  [0m|[34;20m [Node] Setting-up "_SpikesFinderBgMask0" in "/local/nvme/ds004996_22.784026/ds/tmp/mriqc_wf/funcMRIQC/func_report_wf/4b1478d6f8c276c488bdde65106736214d4ad392/SpikesFinderBgMask/mapflow/_SpikesFinderBgMask0".[0m
2026-03-27 02:15:07 |[34;20m INFO     [0m|[34;20m nipype.workflow  [0m|[34;20m [Node] Executing "_SpikesFinderBgMask0" <mriqc.interfaces.functional.Spikes>[0m
2026-03-27 02:15:07 |[34;20m INFO     [0m|[34;20m nipype.workflow  [0m|[34;20m [Node] Executing "_SpikesFinderBgMask0" <mriqc.interfaces.functional.Spikes>[0m
2026-03-27 02:15:10 |[34;20m INFO     [0m|[34;20m nipype.workflow  [0m|[34;20m [Node] Finished "_SpikesFinderBgMask0", elapsed time 2.83825s.[0m
2026-03-27 02:15:11 |[34;20m INFO     [0m|[34;20m nipype.workflow  [0m|[34;20m [Node] Finished "_SpikesFinderBgMask0", elapsed time 3.594593s.[0m
2026-03-27 02:15:11 |[34;20m INFO     [0m|[34;20m nipype.workflow  [0m|[34;20m [Node] Finished "_SpikesFinderBgMask0", elapsed time 3.592116s.[0m
2026-03-27 02:31:34 |[34;20m INFO     [0m|[34;20m nipype.workflow  [0m|[34;20m [Node] Finished "estimate_hm", elapsed time 988.784883s.[0m
2026-03-27 02:31:35 |[34;20m INFO     [0m|[34;20m nipype.workflow  [0m|[34;20m [Node] Finished "estimate_hm", elapsed time 989.300882s.[0m
2026-03-27 02:31:35 |[34;20m INFO     [0m|[34;20m nipype.workflow  [0m|[34;20m [Node] Finished "estimate_hm", elapsed time 989.932301s.[0m
2026-03-27 02:31:35 |[34;20m INFO     [0m|[34;20m nipype.workflow  [0m|[34;20m [Node] Setting-up "mriqc_wf.funcMRIQC.fMRI_HMC.ComputeFD" in "/local/nvme/ds004996_22.784026/ds/tmp/mriqc_wf/funcMRIQC/fMRI_HMC/a6523387e9b7aa0a444aa6d89f039e62ae7493ef/ComputeFD".[0m
2026-03-27 02:31:35 |[34;20m INFO     [0m|[34;20m nipype.workflow  [0m|[34;20m [Node] Setting-up "mriqc_wf.funcMRIQC.fMRI_HMC.ComputeFD" in "/local/nvme/ds004996_22.784026/ds/tmp/mriqc_wf/funcMRIQC/fMRI_HMC/4b1478d6f8c276c488bdde65106736214d4ad392/ComputeFD".[0m
2026-03-27 02:31:35 |[34;20m INFO     [0m|[34;20m nipype.workflow  [0m|[34;20m [Node] Executing "ComputeFD" <nipype.algorithms.confounds.FramewiseDisplacement>[0m
2026-03-27 02:31:35 |[34;20m INFO     [0m|[34;20m nipype.workflow  [0m|[34;20m [Node] Executing "ComputeFD" <nipype.algorithms.confounds.FramewiseDisplacement>[0m
2026-03-27 02:31:35 |[34;20m INFO     [0m|[34;20m nipype.workflow  [0m|[34;20m [Node] Finished "ComputeFD", elapsed time 0.007337s.[0m
2026-03-27 02:31:35 |[34;20m INFO     [0m|[34;20m nipype.workflow  [0m|[34;20m [Node] Finished "ComputeFD", elapsed time 0.007189s.[0m
2026-03-27 02:31:37 |[34;20m INFO     [0m|[34;20m nipype.workflow  [0m|[34;20m [Node] Setting-up "_apply_hmc0" in "/local/nvme/ds004996_22.784026/ds/tmp/mriqc_wf/funcMRIQC/fMRI_HMC/a6523387e9b7aa0a444aa6d89f039e62ae7493ef/apply_hmc/mapflow/_apply_hmc0".[0m
2026-03-27 02:31:37 |[34;20m INFO     [0m|[34;20m nipype.workflow  [0m|[34;20m [Node] Executing "_apply_hmc0" <nipype.interfaces.utility.wrappers.Function>[0m
2026-03-27 02:31:58 |[34;20m INFO     [0m|[34;20m nipype.workflow  [0m|[34;20m [Node] Finished "_apply_hmc0", elapsed time 20.95107s.[0m
2026-03-27 02:31:59 |[34;20m INFO     [0m|[34;20m nipype.workflow  [0m|[34;20m [Node] Setting-up "_apply_hmc0" in "/local/nvme/ds004996_22.784026/ds/tmp/mriqc_wf/funcMRIQC/fMRI_HMC/4b1478d6f8c276c488bdde65106736214d4ad392/apply_hmc/mapflow/_apply_hmc0".[0m
2026-03-27 02:31:59 |[34;20m INFO     [0m|[34;20m nipype.workflow  [0m|[34;20m [Node] Executing "_apply_hmc0" <nipype.interfaces.utility.wrappers.Function>[0m
2026-03-27 02:32:19 |[34;20m INFO     [0m|[34;20m nipype.workflow  [0m|[34;20m [Node] Finished "_apply_hmc0", elapsed time 19.179189s.[0m
2026-03-27 02:32:19 |[34;20m INFO     [0m|[34;20m nipype.workflow  [0m|[34;20m [Node] Setting-up "_apply_hmc0" in "/local/nvme/ds004996_22.784026/ds/tmp/mriqc_wf/funcMRIQC/fMRI_HMC/d17985ba9c342a77c2dd8e0d8306b7f250bb03a3/apply_hmc/mapflow/_apply_hmc0".[0m
2026-03-27 02:32:19 |[34;20m INFO     [0m|[34;20m nipype.workflow  [0m|[34;20m [Node] Executing "_apply_hmc0" <nipype.interfaces.utility.wrappers.Function>[0m
2026-03-27 02:32:38 |[34;20m INFO     [0m|[34;20m nipype.workflow  [0m|[34;20m [Node] Finished "_apply_hmc0", elapsed time 19.115329s.[0m
2026-03-27 02:32:39 |[34;20m INFO     [0m|[34;20m nipype.workflow  [0m|[34;20m [Node] Setting-up "mriqc_wf.funcMRIQC.fMRI_HMC.ComputeFD" in "/local/nvme/ds004996_22.784026/ds/tmp/mriqc_wf/funcMRIQC/fMRI_HMC/d17985ba9c342a77c2dd8e0d8306b7f250bb03a3/ComputeFD".[0m
2026-03-27 02:32:39 |[34;20m INFO     [0m|[34;20m nipype.workflow  [0m|[34;20m [Node] Executing "ComputeFD" <nipype.algorithms.confounds.FramewiseDisplacement>[0m
2026-03-27 02:32:39 |[34;20m INFO     [0m|[34;20m nipype.workflow  [0m|[34;20m [Node] Setting-up "_mean0" in "/local/nvme/ds004996_22.784026/ds/tmp/mriqc_wf/funcMRIQC/a6523387e9b7aa0a444aa6d89f039e62ae7493ef/mean/mapflow/_mean0".[0m
2026-03-27 02:32:39 |[34;20m INFO     [0m|[34;20m nipype.workflow  [0m|[34;20m [Node] Setting-up "_compute_tsnr0" in "/local/nvme/ds004996_22.784026/ds/tmp/mriqc_wf/funcMRIQC/a6523387e9b7aa0a444aa6d89f039e62ae7493ef/compute_tsnr/mapflow/_compute_tsnr0".[0m
2026-03-27 02:32:39 |[34;20m INFO     [0m|[34;20m nipype.workflow  [0m|[34;20m [Node] Executing "_mean0" <nipype.interfaces.afni.utils.TStat>[0m
2026-03-27 02:32:39 |[34;20m INFO     [0m|[34;20m nipype.workflow  [0m|[34;20m [Node] Executing "_compute_tsnr0" <nipype.algorithms.confounds.TSNR>[0m
2026-03-27 02:32:39 |[34;20m INFO     [0m|[34;20m nipype.workflow  [0m|[34;20m [Node] Setting-up "_quality0" in "/local/nvme/ds004996_22.784026/ds/tmp/mriqc_wf/funcMRIQC/ComputeIQMs/a6523387e9b7aa0a444aa6d89f039e62ae7493ef/quality/mapflow/_quality0".[0m
2026-03-27 02:32:39 |[34;20m INFO     [0m|[34;20m nipype.workflow  [0m|[34;20m [Node] Setting-up "_mean0" in "/local/nvme/ds004996_22.784026/ds/tmp/mriqc_wf/funcMRIQC/4b1478d6f8c276c488bdde65106736214d4ad392/mean/mapflow/_mean0".[0m
2026-03-27 02:32:39 |[34;20m INFO     [0m|[34;20m nipype.workflow  [0m|[34;20m [Node] Executing "_quality0" <nipype.interfaces.afni.preprocess.QualityIndex>[0m
2026-03-27 02:32:39 |[34;20m INFO     [0m|[34;20m nipype.workflow  [0m|[34;20m [Node] Executing "_mean0" <nipype.interfaces.afni.utils.TStat>[0m
2026-03-27 02:32:39 |[34;20m INFO     [0m|[34;20m nipype.workflow  [0m|[34;20m [Node] Finished "ComputeFD", elapsed time 0.009867s.[0m
2026-03-27 02:32:39 |[34;20m INFO     [0m|[34;20m nipype.workflow  [0m|[34;20m [Node] Setting-up "_mean0" in "/local/nvme/ds004996_22.784026/ds/tmp/mriqc_wf/funcMRIQC/d17985ba9c342a77c2dd8e0d8306b7f250bb03a3/mean/mapflow/_mean0".[0m
2026-03-27 02:32:39 |[34;20m INFO     [0m|[34;20m nipype.workflow  [0m|[34;20m [Node] Setting-up "_quality0" in "/local/nvme/ds004996_22.784026/ds/tmp/mriqc_wf/funcMRIQC/ComputeIQMs/4b1478d6f8c276c488bdde65106736214d4ad392/quality/mapflow/_quality0".[0m
2026-03-27 02:32:39 |[34;20m INFO     [0m|[34;20m nipype.workflow  [0m|[34;20m [Node] Executing "_quality0" <nipype.interfaces.afni.preprocess.QualityIndex>[0m
2026-03-27 02:32:39 |[34;20m INFO     [0m|[34;20m nipype.workflow  [0m|[34;20m [Node] Executing "_mean0" <nipype.interfaces.afni.utils.TStat>[0m
2026-03-27 02:32:39 |[34;20m INFO     [0m|[34;20m nipype.workflow  [0m|[34;20m [Node] Setting-up "_compute_tsnr0" in "/local/nvme/ds004996_22.784026/ds/tmp/mriqc_wf/funcMRIQC/4b1478d6f8c276c488bdde65106736214d4ad392/compute_tsnr/mapflow/_compute_tsnr0".[0m
2026-03-27 02:32:39 |[34;20m INFO     [0m|[34;20m nipype.workflow  [0m|[34;20m [Node] Executing "_compute_tsnr0" <nipype.algorithms.confounds.TSNR>[0m
2026-03-27 02:32:41 |[34;20m INFO     [0m|[34;20m nipype.workflow  [0m|[34;20m [Node] Finished "_compute_tsnr0", elapsed time 1.6377890000000002s.[0m
2026-03-27 02:32:41 |[34;20m INFO     [0m|[34;20m nipype.workflow  [0m|[34;20m [Node] Finished "_compute_tsnr0", elapsed time 1.9608020000000002s.[0m
2026-03-27 02:32:41 |[34;20m INFO     [0m|[34;20m nipype.workflow  [0m|[34;20m [Node] Setting-up "_compute_tsnr0" in "/local/nvme/ds004996_22.784026/ds/tmp/mriqc_wf/funcMRIQC/d17985ba9c342a77c2dd8e0d8306b7f250bb03a3/compute_tsnr/mapflow/_compute_tsnr0".[0m
2026-03-27 02:32:41 |[34;20m INFO     [0m|[34;20m nipype.workflow  [0m|[34;20m [Node] Setting-up "_quality0" in "/local/nvme/ds004996_22.784026/ds/tmp/mriqc_wf/funcMRIQC/ComputeIQMs/d17985ba9c342a77c2dd8e0d8306b7f250bb03a3/quality/mapflow/_quality0".[0m
2026-03-27 02:32:41 |[34;20m INFO     [0m|[34;20m nipype.workflow  [0m|[34;20m [Node] Executing "_compute_tsnr0" <nipype.algorithms.confounds.TSNR>[0m
2026-03-27 02:32:41 |[34;20m INFO     [0m|[34;20m nipype.workflow  [0m|[34;20m [Node] Executing "_quality0" <nipype.interfaces.afni.preprocess.QualityIndex>[0m
2026-03-27 02:32:43 |[34;20m INFO     [0m|[34;20m nipype.workflow  [0m|[34;20m [Node] Finished "_mean0", elapsed time 3.25805s.[0m
2026-03-27 02:32:43 |[34;20m INFO     [0m|[34;20m nipype.workflow  [0m|[34;20m [Node] Finished "_mean0", elapsed time 3.332077s.[0m
2026-03-27 02:32:43 |[34;20m INFO     [0m|[34;20m nipype.workflow  [0m|[34;20m [Node] Finished "_mean0", elapsed time 3.386317s.[0m
2026-03-27 02:32:43 |[34;20m INFO     [0m|[34;20m nipype.workflow  [0m|[34;20m [Node] Finished "_compute_tsnr0", elapsed time 1.475674s.[0m
2026-03-27 02:32:43 |[34;20m INFO     [0m|[34;20m nipype.workflow  [0m|[34;20m [Node] Setting-up "mriqc_wf.funcMRIQC.SpatialNormalization.SharpenEPI" in "/local/nvme/ds004996_22.784026/ds/tmp/mriqc_wf/funcMRIQC/SpatialNormalization/a6523387e9b7aa0a444aa6d89f039e62ae7493ef/SharpenEPI".[0m
2026-03-27 02:32:43 |[34;20m INFO     [0m|[34;20m nipype.workflow  [0m|[34;20m [Node] Executing "SharpenEPI" <nipype.interfaces.ants.segmentation.N4BiasFieldCorrection>[0m
2026-03-27 02:32:43 |[34;20m INFO     [0m|[34;20m nipype.workflow  [0m|[34;20m [Node] Setting-up "mriqc_wf.funcMRIQC.synthstrip_wf.pre_clip" in "/local/nvme/ds004996_22.784026/ds/tmp/mriqc_wf/funcMRIQC/synthstrip_wf/a6523387e9b7aa0a444aa6d89f039e62ae7493ef/pre_clip".[0m
2026-03-27 02:32:43 |[34;20m INFO     [0m|[34;20m nipype.workflow  [0m|[34;20m [Node] Setting-up "_PlotMosaicMean0" in "/local/nvme/ds004996_22.784026/ds/tmp/mriqc_wf/funcMRIQC/func_report_wf/a6523387e9b7aa0a444aa6d89f039e62ae7493ef/PlotMosaicMean/mapflow/_PlotMosaicMean0".[0m
2026-03-27 02:32:43 |[34;20m INFO     [0m|[34;20m nipype.workflow  [0m|[34;20m [Node] Setting-up "_PlotMosaicNoise0" in "/local/nvme/ds004996_22.784026/ds/tmp/mriqc_wf/funcMRIQC/func_report_wf/a6523387e9b7aa0a444aa6d89f039e62ae7493ef/PlotMosaicNoise/mapflow/_PlotMosaicNoise0".[0m
2026-03-27 02:32:43 |[34;20m INFO     [0m|[34;20m nipype.workflow  [0m|[34;20m [Node] Executing "_PlotMosaicMean0" <nireports.interfaces.mosaic.PlotMosaic>[0m
2026-03-27 02:32:43 |[34;20m INFO     [0m|[34;20m nipype.workflow  [0m|[34;20m [Node] Executing "pre_clip" <niworkflows.interfaces.nibabel.IntensityClip>[0m
2026-03-27 02:32:43 |[34;20m INFO     [0m|[34;20m nipype.workflow  [0m|[34;20m [Node] Setting-up "_PlotMosaicSD0" in "/local/nvme/ds004996_22.784026/ds/tmp/mriqc_wf/funcMRIQC/func_report_wf/a6523387e9b7aa0a444aa6d89f039e62ae7493ef/PlotMosaicSD/mapflow/_PlotMosaicSD0".[0m
2026-03-27 02:32:43 |[34;20m INFO     [0m|[34;20m nipype.workflow  [0m|[34;20m [Node] Executing "_PlotMosaicNoise0" <nireports.interfaces.mosaic.PlotMosaic>[0m
2026-03-27 02:32:43 |[34;20m INFO     [0m|[34;20m nipype.workflow  [0m|[34;20m [Node] Executing "_PlotMosaicSD0" <nireports.interfaces.mosaic.PlotMosaic>[0m
2026-03-27 02:32:44 |[34;20m INFO     [0m|[34;20m nipype.workflow  [0m|[34;20m [Node] Finished "pre_clip", elapsed time 0.788682s.[0m
2026-03-27 02:32:45 |[34;20m INFO     [0m|[34;20m nipype.workflow  [0m|[34;20m [Node] Finished "_PlotMosaicMean0", elapsed time 1.54769s.[0m
2026-03-27 02:32:45 |[34;20m INFO     [0m|[34;20m nipype.workflow  [0m|[34;20m [Node] Finished "_PlotMosaicSD0", elapsed time 1.581054s.[0m
2026-03-27 02:32:45 |[34;20m INFO     [0m|[34;20m nipype.workflow  [0m|[34;20m [Node] Finished "_PlotMosaicNoise0", elapsed time 1.6789969999999999s.[0m
2026-03-27 02:32:45 |[34;20m INFO     [0m|[34;20m nipype.workflow  [0m|[34;20m [Node] Setting-up "mriqc_wf.funcMRIQC.synthstrip_wf.pre_clip" in "/local/nvme/ds004996_22.784026/ds/tmp/mriqc_wf/funcMRIQC/synthstrip_wf/4b1478d6f8c276c488bdde65106736214d4ad392/pre_clip".[0m
2026-03-27 02:32:45 |[34;20m INFO     [0m|[34;20m nipype.workflow  [0m|[34;20m [Node] Setting-up "mriqc_wf.funcMRIQC.SpatialNormalization.SharpenEPI" in "/local/nvme/ds004996_22.784026/ds/tmp/mriqc_wf/funcMRIQC/SpatialNormalization/4b1478d6f8c276c488bdde65106736214d4ad392/SharpenEPI".[0m
2026-03-27 02:32:45 |[34;20m INFO     [0m|[34;20m nipype.workflow  [0m|[34;20m [Node] Executing "pre_clip" <niworkflows.interfaces.nibabel.IntensityClip>[0m
2026-03-27 02:32:45 |[34;20m INFO     [0m|[34;20m nipype.workflow  [0m|[34;20m [Node] Executing "SharpenEPI" <nipype.interfaces.ants.segmentation.N4BiasFieldCorrection>[0m
2026-03-27 02:32:45 |[34;20m INFO     [0m|[34;20m nipype.workflow  [0m|[34;20m [Node] Setting-up "_PlotMosaicMean0" in "/local/nvme/ds004996_22.784026/ds/tmp/mriqc_wf/funcMRIQC/func_report_wf/4b1478d6f8c276c488bdde65106736214d4ad392/PlotMosaicMean/mapflow/_PlotMosaicMean0".[0m
2026-03-27 02:32:45 |[34;20m INFO     [0m|[34;20m nipype.workflow  [0m|[34;20m [Node] Executing "_PlotMosaicMean0" <nireports.interfaces.mosaic.PlotMosaic>[0m
2026-03-27 02:32:45 |[34;20m INFO     [0m|[34;20m nipype.workflow  [0m|[34;20m [Node] Setting-up "_PlotMosaicNoise0" in "/local/nvme/ds004996_22.784026/ds/tmp/mriqc_wf/funcMRIQC/func_report_wf/4b1478d6f8c276c488bdde65106736214d4ad392/PlotMosaicNoise/mapflow/_PlotMosaicNoise0".[0m
2026-03-27 02:32:45 |[34;20m INFO     [0m|[34;20m nipype.workflow  [0m|[34;20m [Node] Executing "_PlotMosaicNoise0" <nireports.interfaces.mosaic.PlotMosaic>[0m
2026-03-27 02:32:46 |[34;20m INFO     [0m|[34;20m nipype.workflow  [0m|[34;20m [Node] Finished "pre_clip", elapsed time 0.726268s.[0m
2026-03-27 02:32:47 |[34;20m INFO     [0m|[34;20m nipype.workflow  [0m|[34;20m [Node] Finished "_PlotMosaicMean0", elapsed time 1.5878679999999998s.[0m
2026-03-27 02:32:47 |[34;20m INFO     [0m|[34;20m nipype.workflow  [0m|[34;20m [Node] Finished "_PlotMosaicNoise0", elapsed time 1.630239s.[0m
2026-03-27 02:32:47 |[34;20m INFO     [0m|[34;20m nipype.workflow  [0m|[34;20m [Node] Setting-up "mriqc_wf.funcMRIQC.synthstrip_wf.pre_clip" in "/local/nvme/ds004996_22.784026/ds/tmp/mriqc_wf/funcMRIQC/synthstrip_wf/d17985ba9c342a77c2dd8e0d8306b7f250bb03a3/pre_clip".[0m
2026-03-27 02:32:47 |[34;20m INFO     [0m|[34;20m nipype.workflow  [0m|[34;20m [Node] Setting-up "_PlotMosaicSD0" in "/local/nvme/ds004996_22.784026/ds/tmp/mriqc_wf/funcMRIQC/func_report_wf/4b1478d6f8c276c488bdde65106736214d4ad392/PlotMosaicSD/mapflow/_PlotMosaicSD0".[0m
2026-03-27 02:32:47 |[34;20m INFO     [0m|[34;20m nipype.workflow  [0m|[34;20m [Node] Setting-up "mriqc_wf.funcMRIQC.SpatialNormalization.SharpenEPI" in "/local/nvme/ds004996_22.784026/ds/tmp/mriqc_wf/funcMRIQC/SpatialNormalization/d17985ba9c342a77c2dd8e0d8306b7f250bb03a3/SharpenEPI".[0m
2026-03-27 02:32:47 |[34;20m INFO     [0m|[34;20m nipype.workflow  [0m|[34;20m [Node] Executing "pre_clip" <niworkflows.interfaces.nibabel.IntensityClip>[0m
2026-03-27 02:32:47 |[34;20m INFO     [0m|[34;20m nipype.workflow  [0m|[34;20m [Node] Executing "_PlotMosaicSD0" <nireports.interfaces.mosaic.PlotMosaic>[0m
2026-03-27 02:32:47 |[34;20m INFO     [0m|[34;20m nipype.workflow  [0m|[34;20m [Node] Executing "SharpenEPI" <nipype.interfaces.ants.segmentation.N4BiasFieldCorrection>[0m
2026-03-27 02:32:48 |[34;20m INFO     [0m|[34;20m nipype.workflow  [0m|[34;20m [Node] Finished "SharpenEPI", elapsed time 4.28767s.[0m
2026-03-27 02:32:48 |[34;20m INFO     [0m|[34;20m nipype.workflow  [0m|[34;20m [Node] Finished "pre_clip", elapsed time 0.75572s.[0m
2026-03-27 02:32:49 |[34;20m INFO     [0m|[34;20m nipype.workflow  [0m|[34;20m [Node] Finished "_PlotMosaicSD0", elapsed time 1.519135s.[0m
2026-03-27 02:32:49 |[34;20m INFO     [0m|[34;20m nipype.workflow  [0m|[34;20m [Node] Setting-up "_PlotMosaicMean0" in "/local/nvme/ds004996_22.784026/ds/tmp/mriqc_wf/funcMRIQC/func_report_wf/d17985ba9c342a77c2dd8e0d8306b7f250bb03a3/PlotMosaicMean/mapflow/_PlotMosaicMean0".[0m
2026-03-27 02:32:49 |[34;20m INFO     [0m|[34;20m nipype.workflow  [0m|[34;20m [Node] Executing "_PlotMosaicMean0" <nireports.interfaces.mosaic.PlotMosaic>[0m
2026-03-27 02:32:49 |[34;20m INFO     [0m|[34;20m nipype.workflow  [0m|[34;20m [Node] Setting-up "_PlotMosaicNoise0" in "/local/nvme/ds004996_22.784026/ds/tmp/mriqc_wf/funcMRIQC/func_report_wf/d17985ba9c342a77c2dd8e0d8306b7f250bb03a3/PlotMosaicNoise/mapflow/_PlotMosaicNoise0".[0m
2026-03-27 02:32:49 |[34;20m INFO     [0m|[34;20m nipype.workflow  [0m|[34;20m [Node] Executing "_PlotMosaicNoise0" <nireports.interfaces.mosaic.PlotMosaic>[0m
2026-03-27 02:32:49 |[34;20m INFO     [0m|[34;20m nipype.workflow  [0m|[34;20m [Node] Setting-up "_PlotMosaicSD0" in "/local/nvme/ds004996_22.784026/ds/tmp/mriqc_wf/funcMRIQC/func_report_wf/d17985ba9c342a77c2dd8e0d8306b7f250bb03a3/PlotMosaicSD/mapflow/_PlotMosaicSD0".[0m
2026-03-27 02:32:49 |[34;20m INFO     [0m|[34;20m nipype.workflow  [0m|[34;20m [Node] Executing "_PlotMosaicSD0" <nireports.interfaces.mosaic.PlotMosaic>[0m
2026-03-27 02:32:50 |[34;20m INFO     [0m|[34;20m nipype.workflow  [0m|[34;20m [Node] Finished "SharpenEPI", elapsed time 4.265258s.[0m
2026-03-27 02:32:51 |[34;20m INFO     [0m|[34;20m nipype.workflow  [0m|[34;20m [Node] Finished "_quality0", elapsed time 11.172513s.[0m
2026-03-27 02:32:51 |[34;20m INFO     [0m|[34;20m nipype.workflow  [0m|[34;20m [Node] Finished "_quality0", elapsed time 11.463545s.[0m
2026-03-27 02:32:51 |[34;20m INFO     [0m|[34;20m nipype.workflow  [0m|[34;20m [Node] Finished "_PlotMosaicNoise0", elapsed time 1.528582s.[0m
2026-03-27 02:32:51 |[34;20m INFO     [0m|[34;20m nipype.workflow  [0m|[34;20m [Node] Finished "_PlotMosaicMean0", elapsed time 1.596957s.[0m
2026-03-27 02:32:51 |[34;20m INFO     [0m|[34;20m nipype.workflow  [0m|[34;20m [Node] Finished "_PlotMosaicSD0", elapsed time 1.6677089999999999s.[0m
2026-03-27 02:32:51 |[34;20m INFO     [0m|[34;20m nipype.workflow  [0m|[34;20m [Node] Setting-up "_ds_report_mean0" in "/local/nvme/ds004996_22.784026/ds/tmp/mriqc_wf/funcMRIQC/func_report_wf/a6523387e9b7aa0a444aa6d89f039e62ae7493ef/ds_report_mean/mapflow/_ds_report_mean0".[0m
2026-03-27 02:32:51 |[34;20m INFO     [0m|[34;20m nipype.workflow  [0m|[34;20m [Node] Executing "_ds_report_mean0" <mriqc.interfaces.DerivativesDataSink>[0m
2026-03-27 02:32:51 |[34;20m INFO     [0m|[34;20m nipype.workflow  [0m|[34;20m [Node] Finished "_ds_report_mean0", elapsed time 0.009167s.[0m
2026-03-27 02:32:51 |[34;20m INFO     [0m|[34;20m nipype.workflow  [0m|[34;20m [Node] Setting-up "_ds_report_background0" in "/local/nvme/ds004996_22.784026/ds/tmp/mriqc_wf/funcMRIQC/func_report_wf/a6523387e9b7aa0a444aa6d89f039e62ae7493ef/ds_report_background/mapflow/_ds_report_background0".[0m
2026-03-27 02:32:51 |[34;20m INFO     [0m|[34;20m nipype.workflow  [0m|[34;20m [Node] Executing "_ds_report_background0" <mriqc.interfaces.DerivativesDataSink>[0m
2026-03-27 02:32:51 |[34;20m INFO     [0m|[34;20m nipype.workflow  [0m|[34;20m [Node] Finished "_ds_report_background0", elapsed time 0.005295s.[0m
2026-03-27 02:32:52 |[34;20m INFO     [0m|[34;20m nipype.workflow  [0m|[34;20m [Node] Setting-up "_ds_report_stdev0" in "/local/nvme/ds004996_22.784026/ds/tmp/mriqc_wf/funcMRIQC/func_report_wf/a6523387e9b7aa0a444aa6d89f039e62ae7493ef/ds_report_stdev/mapflow/_ds_report_stdev0".[0m
2026-03-27 02:32:52 |[34;20m INFO     [0m|[34;20m nipype.workflow  [0m|[34;20m [Node] Executing "_ds_report_stdev0" <mriqc.interfaces.DerivativesDataSink>[0m
2026-03-27 02:32:52 |[34;20m INFO     [0m|[34;20m nipype.workflow  [0m|[34;20m [Node] Finished "_ds_report_stdev0", elapsed time 0.005315s.[0m
2026-03-27 02:32:52 |[34;20m INFO     [0m|[34;20m nipype.workflow  [0m|[34;20m [Node] Setting-up "_ds_report_mean0" in "/local/nvme/ds004996_22.784026/ds/tmp/mriqc_wf/funcMRIQC/func_report_wf/4b1478d6f8c276c488bdde65106736214d4ad392/ds_report_mean/mapflow/_ds_report_mean0".[0m
2026-03-27 02:32:52 |[34;20m INFO     [0m|[34;20m nipype.workflow  [0m|[34;20m [Node] Executing "_ds_report_mean0" <mriqc.interfaces.DerivativesDataSink>[0m
2026-03-27 02:32:52 |[34;20m INFO     [0m|[34;20m nipype.workflow  [0m|[34;20m [Node] Finished "_ds_report_mean0", elapsed time 0.005303s.[0m
2026-03-27 02:32:52 |[34;20m INFO     [0m|[34;20m nipype.workflow  [0m|[34;20m [Node] Setting-up "_ds_report_background0" in "/local/nvme/ds004996_22.784026/ds/tmp/mriqc_wf/funcMRIQC/func_report_wf/4b1478d6f8c276c488bdde65106736214d4ad392/ds_report_background/mapflow/_ds_report_background0".[0m
2026-03-27 02:32:52 |[34;20m INFO     [0m|[34;20m nipype.workflow  [0m|[34;20m [Node] Executing "_ds_report_background0" <mriqc.interfaces.DerivativesDataSink>[0m
2026-03-27 02:32:52 |[34;20m INFO     [0m|[34;20m nipype.workflow  [0m|[34;20m [Node] Finished "_ds_report_background0", elapsed time 0.005306s.[0m
2026-03-27 02:32:52 |[34;20m INFO     [0m|[34;20m nipype.workflow  [0m|[34;20m [Node] Finished "SharpenEPI", elapsed time 4.27618s.[0m
2026-03-27 02:32:52 |[34;20m INFO     [0m|[34;20m nipype.workflow  [0m|[34;20m [Node] Setting-up "_ds_report_stdev0" in "/local/nvme/ds004996_22.784026/ds/tmp/mriqc_wf/funcMRIQC/func_report_wf/4b1478d6f8c276c488bdde65106736214d4ad392/ds_report_stdev/mapflow/_ds_report_stdev0".[0m
2026-03-27 02:32:52 |[34;20m INFO     [0m|[34;20m nipype.workflow  [0m|[34;20m [Node] Executing "_ds_report_stdev0" <mriqc.interfaces.DerivativesDataSink>[0m
2026-03-27 02:32:52 |[34;20m INFO     [0m|[34;20m nipype.workflow  [0m|[34;20m [Node] Finished "_ds_report_stdev0", elapsed time 0.005219s.[0m
2026-03-27 02:32:52 |[34;20m INFO     [0m|[34;20m nipype.workflow  [0m|[34;20m [Node] Setting-up "_ds_report_mean0" in "/local/nvme/ds004996_22.784026/ds/tmp/mriqc_wf/funcMRIQC/func_report_wf/d17985ba9c342a77c2dd8e0d8306b7f250bb03a3/ds_report_mean/mapflow/_ds_report_mean0".[0m
2026-03-27 02:32:52 |[34;20m INFO     [0m|[34;20m nipype.workflow  [0m|[34;20m [Node] Executing "_ds_report_mean0" <mriqc.interfaces.DerivativesDataSink>[0m
2026-03-27 02:32:52 |[34;20m INFO     [0m|[34;20m nipype.workflow  [0m|[34;20m [Node] Finished "_ds_report_mean0", elapsed time 0.005069s.[0m
2026-03-27 02:32:52 |[34;20m INFO     [0m|[34;20m nipype.workflow  [0m|[34;20m [Node] Setting-up "_ds_report_background0" in "/local/nvme/ds004996_22.784026/ds/tmp/mriqc_wf/funcMRIQC/func_report_wf/d17985ba9c342a77c2dd8e0d8306b7f250bb03a3/ds_report_background/mapflow/_ds_report_background0".[0m
2026-03-27 02:32:52 |[34;20m INFO     [0m|[34;20m nipype.workflow  [0m|[34;20m [Node] Executing "_ds_report_background0" <mriqc.interfaces.DerivativesDataSink>[0m
2026-03-27 02:32:52 |[34;20m INFO     [0m|[34;20m nipype.workflow  [0m|[34;20m [Node] Finished "_ds_report_background0", elapsed time 0.004966s.[0m
2026-03-27 02:32:52 |[34;20m INFO     [0m|[34;20m nipype.workflow  [0m|[34;20m [Node] Finished "_quality0", elapsed time 10.939412s.[0m
2026-03-27 02:32:52 |[34;20m INFO     [0m|[34;20m nipype.workflow  [0m|[34;20m [Node] Setting-up "_ds_report_stdev0" in "/local/nvme/ds004996_22.784026/ds/tmp/mriqc_wf/funcMRIQC/func_report_wf/d17985ba9c342a77c2dd8e0d8306b7f250bb03a3/ds_report_stdev/mapflow/_ds_report_stdev0".[0m
2026-03-27 02:32:52 |[34;20m INFO     [0m|[34;20m nipype.workflow  [0m|[34;20m [Node] Executing "_ds_report_stdev0" <mriqc.interfaces.DerivativesDataSink>[0m
2026-03-27 02:32:52 |[34;20m INFO     [0m|[34;20m nipype.workflow  [0m|[34;20m [Node] Finished "_ds_report_stdev0", elapsed time 0.005075s.[0m
2026-03-27 02:32:53 |[34;20m INFO     [0m|[34;20m nipype.workflow  [0m|[34;20m [Node] Setting-up "mriqc_wf.funcMRIQC.synthstrip_wf.pre_n4" in "/local/nvme/ds004996_22.784026/ds/tmp/mriqc_wf/funcMRIQC/synthstrip_wf/a6523387e9b7aa0a444aa6d89f039e62ae7493ef/pre_n4".[0m
2026-03-27 02:32:53 |[34;20m INFO     [0m|[34;20m nipype.workflow  [0m|[34;20m [Node] Executing "pre_n4" <nipype.interfaces.ants.segmentation.N4BiasFieldCorrection>[0m
2026-03-27 02:32:55 |[34;20m INFO     [0m|[34;20m nipype.workflow  [0m|[34;20m [Node] Finished "pre_n4", elapsed time 1.233852s.[0m
2026-03-27 02:32:55 |[34;20m INFO     [0m|[34;20m nipype.workflow  [0m|[34;20m [Node] Setting-up "mriqc_wf.funcMRIQC.synthstrip_wf.pre_n4" in "/local/nvme/ds004996_22.784026/ds/tmp/mriqc_wf/funcMRIQC/synthstrip_wf/4b1478d6f8c276c488bdde65106736214d4ad392/pre_n4".[0m
2026-03-27 02:32:55 |[34;20m INFO     [0m|[34;20m nipype.workflow  [0m|[34;20m [Node] Executing "pre_n4" <nipype.interfaces.ants.segmentation.N4BiasFieldCorrection>[0m
2026-03-27 02:32:57 |[34;20m INFO     [0m|[34;20m nipype.workflow  [0m|[34;20m [Node] Finished "pre_n4", elapsed time 1.190899s.[0m
2026-03-27 02:32:57 |[34;20m INFO     [0m|[34;20m nipype.workflow  [0m|[34;20m [Node] Setting-up "mriqc_wf.funcMRIQC.synthstrip_wf.pre_n4" in "/local/nvme/ds004996_22.784026/ds/tmp/mriqc_wf/funcMRIQC/synthstrip_wf/d17985ba9c342a77c2dd8e0d8306b7f250bb03a3/pre_n4".[0m
2026-03-27 02:32:57 |[34;20m INFO     [0m|[34;20m nipype.workflow  [0m|[34;20m [Node] Executing "pre_n4" <nipype.interfaces.ants.segmentation.N4BiasFieldCorrection>[0m
2026-03-27 02:32:59 |[34;20m INFO     [0m|[34;20m nipype.workflow  [0m|[34;20m [Node] Finished "pre_n4", elapsed time 1.27047s.[0m
2026-03-27 02:32:59 |[34;20m INFO     [0m|[34;20m nipype.workflow  [0m|[34;20m [Node] Setting-up "mriqc_wf.funcMRIQC.synthstrip_wf.synthstrip" in "/local/nvme/ds004996_22.784026/ds/tmp/mriqc_wf/funcMRIQC/synthstrip_wf/a6523387e9b7aa0a444aa6d89f039e62ae7493ef/synthstrip".[0m
2026-03-27 02:32:59 |[34;20m INFO     [0m|[34;20m nipype.workflow  [0m|[34;20m [Node] Executing "synthstrip" <mriqc.interfaces.synthstrip.SynthStrip>[0m
2026-03-27 02:33:15 |[34;20m INFO     [0m|[34;20m nipype.workflow  [0m|[34;20m [Node] Finished "synthstrip", elapsed time 16.018224s.[0m
2026-03-27 02:33:17 |[34;20m INFO     [0m|[34;20m nipype.workflow  [0m|[34;20m [Node] Setting-up "mriqc_wf.funcMRIQC.synthstrip_wf.synthstrip" in "/local/nvme/ds004996_22.784026/ds/tmp/mriqc_wf/funcMRIQC/synthstrip_wf/4b1478d6f8c276c488bdde65106736214d4ad392/synthstrip".[0m
2026-03-27 02:33:17 |[34;20m INFO     [0m|[34;20m nipype.workflow  [0m|[34;20m [Node] Executing "synthstrip" <mriqc.interfaces.synthstrip.SynthStrip>[0m
2026-03-27 02:33:32 |[34;20m INFO     [0m|[34;20m nipype.workflow  [0m|[34;20m [Node] Finished "synthstrip", elapsed time 14.637167999999999s.[0m
2026-03-27 02:33:33 |[34;20m INFO     [0m|[34;20m nipype.workflow  [0m|[34;20m [Node] Setting-up "mriqc_wf.funcMRIQC.synthstrip_wf.synthstrip" in "/local/nvme/ds004996_22.784026/ds/tmp/mriqc_wf/funcMRIQC/synthstrip_wf/d17985ba9c342a77c2dd8e0d8306b7f250bb03a3/synthstrip".[0m
2026-03-27 02:33:33 |[34;20m INFO     [0m|[34;20m nipype.workflow  [0m|[34;20m [Node] Executing "synthstrip" <mriqc.interfaces.synthstrip.SynthStrip>[0m
2026-03-27 02:33:48 |[34;20m INFO     [0m|[34;20m nipype.workflow  [0m|[34;20m [Node] Finished "synthstrip", elapsed time 14.986136s.[0m
2026-03-27 02:33:49 |[34;20m INFO     [0m|[34;20m nipype.workflow  [0m|[34;20m [Node] Setting-up "mriqc_wf.funcMRIQC.synthstrip_wf.post_n4" in "/local/nvme/ds004996_22.784026/ds/tmp/mriqc_wf/funcMRIQC/synthstrip_wf/a6523387e9b7aa0a444aa6d89f039e62ae7493ef/post_n4".[0m
2026-03-27 02:33:49 |[34;20m INFO     [0m|[34;20m nipype.workflow  [0m|[34;20m [Node] Executing "post_n4" <nipype.interfaces.ants.segmentation.N4BiasFieldCorrection>[0m
2026-03-27 02:33:50 |[34;20m INFO     [0m|[34;20m nipype.workflow  [0m|[34;20m [Node] Finished "post_n4", elapsed time 1.071073s.[0m
2026-03-27 02:33:51 |[34;20m INFO     [0m|[34;20m nipype.workflow  [0m|[34;20m [Node] Setting-up "mriqc_wf.funcMRIQC.SpatialNormalization.EPI2MNI" in "/local/nvme/ds004996_22.784026/ds/tmp/mriqc_wf/funcMRIQC/SpatialNormalization/a6523387e9b7aa0a444aa6d89f039e62ae7493ef/EPI2MNI".[0m
2026-03-27 02:33:51 |[34;20m INFO     [0m|[34;20m nipype.workflow  [0m|[34;20m [Node] Executing "EPI2MNI" <niworkflows.interfaces.reportlets.registration.SpatialNormalizationRPT>[0m
2026-03-27 02:33:51 |[34;20m INFO     [0m|[34;20m niworkflows      [0m|[34;20m Estimating initial transform using AffineInitializer[0m
2026-03-27 02:33:57 |[34;20m INFO     [0m|[34;20m niworkflows      [0m|[34;20m Loading settings from file /opt/conda/lib/python3.11/site-packages/niworkflows/data/boldref-mni_registration_precise_000.json.[0m
2026-03-27 02:33:57 |[34;20m INFO     [0m|[34;20m niworkflows      [0m|[34;20m Retry #1, commandline: 
antsRegistration --collapse-output-transforms 1 --dimensionality 3 --float 0 --initial-moving-transform [ /local/nvme/ds004996_22.784026/ds/tmp/mriqc_wf/funcMRIQC/SpatialNormalization/a6523387e9b7aa0a444aa6d89f039e62ae7493ef/EPI2MNI/transform.mat, 0 ] --initialize-transforms-per-stage 0 --interpolation LanczosWindowedSinc --output [ epi_to_mni, epi_to_mni_Warped.nii.gz ] --transform Rigid[ 0.05 ] --metric Mattes[ /templateflow/tpl-MNI152NLin2009cAsym/tpl-MNI152NLin2009cAsym_res-02_desc-fMRIPrep_boldref.nii.gz, /local/nvme/ds004996_22.784026/ds/tmp/mriqc_wf/funcMRIQC/SpatialNormalization/a6523387e9b7aa0a444aa6d89f039e62ae7493ef/SharpenEPI/sub-22_task-conversation_run-01_bold_desc-realigned_valid_tstat_corrected.nii.gz, 1, 56, Regular, 0.25 ] --convergence [ 10000x1000x100, 1e-06, 20 ] --smoothing-sigmas 4.0x2.0x1.0vox --shrink-factors 4x2x1 --use-histogram-matching 1 --masks [ /templateflow/tpl-MNI152NLin2009cAsym/tpl-MNI152NLin2009cAsym_res-02_desc-brain_mask.nii.gz, /local/nvme/ds004996_22.784026/ds/tmp/mriqc_wf/funcMRIQC/synthstrip_wf/a6523387e9b7aa0a444aa6d89f039e62ae7493ef/synthstrip/clipped_corrected_desc-brain_mask.nii.gz ] --transform Affine[ 0.08 ] --metric Mattes[ /templateflow/tpl-MNI152NLin2009cAsym/tpl-MNI152NLin2009cAsym_res-02_desc-fMRIPrep_boldref.nii.gz, /local/nvme/ds004996_22.784026/ds/tmp/mriqc_wf/funcMRIQC/SpatialNormalization/a6523387e9b7aa0a444aa6d89f039e62ae7493ef/SharpenEPI/sub-22_task-conversation_run-01_bold_desc-realigned_valid_tstat_corrected.nii.gz, 1, 56, Regular, 0.25 ] --convergence [ 500x250x100, 1e-06, 20 ] --smoothing-sigmas 4.0x2.0x1.0vox --shrink-factors 8x4x2 --use-histogram-matching 1 --masks [ /templateflow/tpl-MNI152NLin2009cAsym/tpl-MNI152NLin2009cAsym_res-02_desc-brain_mask.nii.gz, /local/nvme/ds004996_22.784026/ds/tmp/mriqc_wf/funcMRIQC/synthstrip_wf/a6523387e9b7aa0a444aa6d89f039e62ae7493ef/synthstrip/clipped_corrected_desc-brain_mask.nii.gz ] --transform SyN[ 0.1, 3.0, 0.0 ] --metric CC[ /templateflow/tpl-MNI152NLin2009cAsym/tpl-MNI152NLin2009cAsym_res-02_desc-fMRIPrep_boldref.nii.gz, /local/nvme/ds004996_22.784026/ds/tmp/mriqc_wf/funcMRIQC/SpatialNormalization/a6523387e9b7aa0a444aa6d89f039e62ae7493ef/SharpenEPI/sub-22_task-conversation_run-01_bold_desc-realigned_valid_tstat_corrected.nii.gz, 1, 4, None, 1 ] --convergence [ 100x30x20, 1e-06, 10 ] --smoothing-sigmas 3.0x2.0x1.0vox --shrink-factors 8x4x2 --use-histogram-matching 1 --masks [ /templateflow/tpl-MNI152NLin2009cAsym/tpl-MNI152NLin2009cAsym_res-02_desc-brain_mask.nii.gz, /local/nvme/ds004996_22.784026/ds/tmp/mriqc_wf/funcMRIQC/synthstrip_wf/a6523387e9b7aa0a444aa6d89f039e62ae7493ef/synthstrip/clipped_corrected_desc-brain_mask.nii.gz ] --winsorize-image-intensities [ 0.005, 0.995 ]  --write-composite-transform 1[0m
2026-03-27 02:34:10 |[34;20m INFO     [0m|[34;20m niworkflows      [0m|[34;20m Successful spatial normalization (retry #1).[0m
2026-03-27 02:34:10 |[34;20m INFO     [0m|[34;20m niworkflows      [0m|[34;20m Report - setting fixed (/templateflow/tpl-MNI152NLin2009cAsym/tpl-MNI152NLin2009cAsym_res-02_desc-fMRIPrep_boldref.nii.gz) and moving (/local/nvme/ds004996_22.784026/ds/tmp/mriqc_wf/funcMRIQC/SpatialNormalization/a6523387e9b7aa0a444aa6d89f039e62ae7493ef/EPI2MNI/epi_to_mni_Warped.nii.gz) images[0m
2026-03-27 02:34:10 |[34;20m INFO     [0m|[34;20m niworkflows      [0m|[34;20m Generating visual report[0m
2026-03-27 02:34:27 |[34;20m INFO     [0m|[34;20m nipype.workflow  [0m|[34;20m [Node] Finished "EPI2MNI", elapsed time 35.764451s.[0m
2026-03-27 02:34:27 |[34;20m INFO     [0m|[34;20m nipype.workflow  [0m|[34;20m [Node] Setting-up "_ComputeDVARS0" in "/local/nvme/ds004996_22.784026/ds/tmp/mriqc_wf/funcMRIQC/ComputeIQMs/a6523387e9b7aa0a444aa6d89f039e62ae7493ef/ComputeDVARS/mapflow/_ComputeDVARS0".[0m
2026-03-27 02:34:27 |[34;20m INFO     [0m|[34;20m nipype.workflow  [0m|[34;20m [Node] Setting-up "mriqc_wf.funcMRIQC.func_report_wf.dilated_mask" in "/local/nvme/ds004996_22.784026/ds/tmp/mriqc_wf/funcMRIQC/func_report_wf/a6523387e9b7aa0a444aa6d89f039e62ae7493ef/dilated_mask".[0m
2026-03-27 02:34:27 |[34;20m INFO     [0m|[34;20m nipype.workflow  [0m|[34;20m [Node] Executing "_ComputeDVARS0" <nipype.algorithms.confounds.ComputeDVARS>[0m
2026-03-27 02:34:27 |[34;20m INFO     [0m|[34;20m nipype.workflow  [0m|[34;20m [Node] Executing "dilated_mask" <niworkflows.interfaces.morphology.BinaryDilation>[0m
2026-03-27 02:34:27 |[34;20m INFO     [0m|[34;20m nipype.workflow  [0m|[34;20m [Node] Setting-up "_outliers0" in "/local/nvme/ds004996_22.784026/ds/tmp/mriqc_wf/funcMRIQC/ComputeIQMs/a6523387e9b7aa0a444aa6d89f039e62ae7493ef/outliers/mapflow/_outliers0".[0m
2026-03-27 02:34:27 |[34;20m INFO     [0m|[34;20m nipype.workflow  [0m|[34;20m [Node] Setting-up "_smoothness0" in "/local/nvme/ds004996_22.784026/ds/tmp/mriqc_wf/funcMRIQC/ComputeIQMs/a6523387e9b7aa0a444aa6d89f039e62ae7493ef/smoothness/mapflow/_smoothness0".[0m
2026-03-27 02:34:27 |[34;20m INFO     [0m|[34;20m nipype.workflow  [0m|[34;20m [Node] Setting-up "_gcor0" in "/local/nvme/ds004996_22.784026/ds/tmp/mriqc_wf/funcMRIQC/ComputeIQMs/a6523387e9b7aa0a444aa6d89f039e62ae7493ef/gcor/mapflow/_gcor0".[0m
2026-03-27 02:34:27 |[34;20m INFO     [0m|[34;20m nipype.workflow  [0m|[34;20m [Node] Setting-up "mriqc_wf.funcMRIQC.func_report_wf.PlotBrainmask" in "/local/nvme/ds004996_22.784026/ds/tmp/mriqc_wf/funcMRIQC/func_report_wf/a6523387e9b7aa0a444aa6d89f039e62ae7493ef/PlotBrainmask".[0m
2026-03-27 02:34:27 |[34;20m INFO     [0m|[34;20m nipype.workflow  [0m|[34;20m [Node] Executing "_smoothness0" <nipype.interfaces.afni.utils.FWHMx>[0m
2026-03-27 02:34:27 |[34;20m INFO     [0m|[34;20m nipype.workflow  [0m|[34;20m [Node] Executing "_outliers0" <nipype.interfaces.afni.preprocess.OutlierCount>[0m
2026-03-27 02:34:27 |[34;20m INFO     [0m|[34;20m nipype.workflow  [0m|[34;20m [Node] Executing "_gcor0" <mriqc.interfaces.transitional.GCOR>[0m
2026-03-27 02:34:27 |[34;20m INFO     [0m|[34;20m nipype.workflow  [0m|[34;20m [Node] Setting-up "_PlotMosaicZoomed0" in "/local/nvme/ds004996_22.784026/ds/tmp/mriqc_wf/funcMRIQC/func_report_wf/a6523387e9b7aa0a444aa6d89f039e62ae7493ef/PlotMosaicZoomed/mapflow/_PlotMosaicZoomed0".[0m
2026-03-27 02:34:27 |[34;20m INFO     [0m|[34;20m nipype.workflow  [0m|[34;20m [Node] Executing "PlotBrainmask" <nireports.interfaces.mosaic.PlotContours>[0m
2026-03-27 02:34:27 |[34;20m INFO     [0m|[34;20m nipype.workflow  [0m|[34;20m [Node] Executing "_PlotMosaicZoomed0" <nireports.interfaces.mosaic.PlotMosaic>[0m
2026-03-27 02:34:27 |[34;20m INFO     [0m|[34;20m nipype.workflow  [0m|[34;20m [Node] Setting-up "_ComputeDVARS0" in "/local/nvme/ds004996_22.784026/ds/tmp/mriqc_wf/funcMRIQC/ComputeIQMs/4b1478d6f8c276c488bdde65106736214d4ad392/ComputeDVARS/mapflow/_ComputeDVARS0".[0m
2026-03-27 02:34:27 |[34;20m INFO     [0m|[34;20m nipype.workflow  [0m|[34;20m [Node] Executing "_ComputeDVARS0" <nipype.algorithms.confounds.ComputeDVARS>[0m
2026-03-27 02:34:27 |[34;20m INFO     [0m|[34;20m nipype.workflow  [0m|[34;20m [Node] Finished "dilated_mask", elapsed time 0.046925s.[0m
2026-03-27 02:34:28 |[34;20m INFO     [0m|[34;20m nipype.workflow  [0m|[34;20m [Node] Finished "_smoothness0", elapsed time 0.626647s.[0m
2026-03-27 02:34:29 |[34;20m INFO     [0m|[34;20m nipype.workflow  [0m|[34;20m [Node] Finished "PlotBrainmask", elapsed time 1.457712s.[0m
2026-03-27 02:34:29 |[34;20m INFO     [0m|[34;20m nipype.workflow  [0m|[34;20m [Node] Finished "_PlotMosaicZoomed0", elapsed time 1.770942s.[0m
2026-03-27 02:34:29 |[34;20m INFO     [0m|[34;20m nipype.workflow  [0m|[34;20m [Node] Setting-up "mriqc_wf.funcMRIQC.func_report_wf.dilated_mask" in "/local/nvme/ds004996_22.784026/ds/tmp/mriqc_wf/funcMRIQC/func_report_wf/4b1478d6f8c276c488bdde65106736214d4ad392/dilated_mask".[0m
2026-03-27 02:34:29 |[34;20m INFO     [0m|[34;20m nipype.workflow  [0m|[34;20m [Node] Setting-up "_smoothness0" in "/local/nvme/ds004996_22.784026/ds/tmp/mriqc_wf/funcMRIQC/ComputeIQMs/4b1478d6f8c276c488bdde65106736214d4ad392/smoothness/mapflow/_smoothness0".[0m
2026-03-27 02:34:29 |[34;20m INFO     [0m|[34;20m nipype.workflow  [0m|[34;20m [Node] Executing "_smoothness0" <nipype.interfaces.afni.utils.FWHMx>[0m
2026-03-27 02:34:29 |[34;20m INFO     [0m|[34;20m nipype.workflow  [0m|[34;20m [Node] Setting-up "_outliers0" in "/local/nvme/ds004996_22.784026/ds/tmp/mriqc_wf/funcMRIQC/ComputeIQMs/4b1478d6f8c276c488bdde65106736214d4ad392/outliers/mapflow/_outliers0".[0m
2026-03-27 02:34:29 |[34;20m INFO     [0m|[34;20m nipype.workflow  [0m|[34;20m [Node] Setting-up "_gcor0" in "/local/nvme/ds004996_22.784026/ds/tmp/mriqc_wf/funcMRIQC/ComputeIQMs/4b1478d6f8c276c488bdde65106736214d4ad392/gcor/mapflow/_gcor0".[0m
2026-03-27 02:34:29 |[34;20m INFO     [0m|[34;20m nipype.workflow  [0m|[34;20m [Node] Executing "_outliers0" <nipype.interfaces.afni.preprocess.OutlierCount>[0m
2026-03-27 02:34:29 |[34;20m INFO     [0m|[34;20m nipype.workflow  [0m|[34;20m [Node] Executing "_gcor0" <mriqc.interfaces.transitional.GCOR>[0m
2026-03-27 02:34:29 |[34;20m INFO     [0m|[34;20m nipype.workflow  [0m|[34;20m [Node] Executing "dilated_mask" <niworkflows.interfaces.morphology.BinaryDilation>[0m
2026-03-27 02:34:29 |[34;20m INFO     [0m|[34;20m nipype.workflow  [0m|[34;20m [Node] Finished "dilated_mask", elapsed time 0.027761s.[0m
2026-03-27 02:34:30 |[34;20m INFO     [0m|[34;20m nipype.workflow  [0m|[34;20m [Node] Finished "_smoothness0", elapsed time 0.710348s.[0m
2026-03-27 02:34:31 |[34;20m INFO     [0m|[34;20m nipype.workflow  [0m|[34;20m [Node] Setting-up "mriqc_wf.funcMRIQC.func_report_wf.PlotBrainmask" in "/local/nvme/ds004996_22.784026/ds/tmp/mriqc_wf/funcMRIQC/func_report_wf/4b1478d6f8c276c488bdde65106736214d4ad392/PlotBrainmask".[0m
2026-03-27 02:34:31 |[34;20m INFO     [0m|[34;20m nipype.workflow  [0m|[34;20m [Node] Executing "PlotBrainmask" <nireports.interfaces.mosaic.PlotContours>[0m
2026-03-27 02:34:31 |[34;20m INFO     [0m|[34;20m nipype.workflow  [0m|[34;20m [Node] Setting-up "_PlotMosaicZoomed0" in "/local/nvme/ds004996_22.784026/ds/tmp/mriqc_wf/funcMRIQC/func_report_wf/4b1478d6f8c276c488bdde65106736214d4ad392/PlotMosaicZoomed/mapflow/_PlotMosaicZoomed0".[0m
2026-03-27 02:34:31 |[34;20m INFO     [0m|[34;20m nipype.workflow  [0m|[34;20m [Node] Executing "_PlotMosaicZoomed0" <nireports.interfaces.mosaic.PlotMosaic>[0m
2026-03-27 02:34:32 |[34;20m INFO     [0m|[34;20m nipype.workflow  [0m|[34;20m [Node] Finished "_outliers0", elapsed time 5.05144s.[0m
2026-03-27 02:34:33 |[34;20m INFO     [0m|[34;20m nipype.workflow  [0m|[34;20m [Node] Finished "PlotBrainmask", elapsed time 1.466499s.[0m
2026-03-27 02:34:33 |[34;20m INFO     [0m|[34;20m nipype.workflow  [0m|[34;20m [Node] Setting-up "_ComputeDVARS0" in "/local/nvme/ds004996_22.784026/ds/tmp/mriqc_wf/funcMRIQC/ComputeIQMs/d17985ba9c342a77c2dd8e0d8306b7f250bb03a3/ComputeDVARS/mapflow/_ComputeDVARS0".[0m
2026-03-27 02:34:33 |[34;20m INFO     [0m|[34;20m nipype.workflow  [0m|[34;20m [Node] Setting-up "_smoothness0" in "/local/nvme/ds004996_22.784026/ds/tmp/mriqc_wf/funcMRIQC/ComputeIQMs/d17985ba9c342a77c2dd8e0d8306b7f250bb03a3/smoothness/mapflow/_smoothness0".[0m
2026-03-27 02:34:33 |[34;20m INFO     [0m|[34;20m nipype.workflow  [0m|[34;20m [Node] Executing "_ComputeDVARS0" <nipype.algorithms.confounds.ComputeDVARS>[0m
2026-03-27 02:34:33 |[34;20m INFO     [0m|[34;20m nipype.workflow  [0m|[34;20m [Node] Executing "_smoothness0" <nipype.interfaces.afni.utils.FWHMx>[0m
2026-03-27 02:34:34 |[34;20m INFO     [0m|[34;20m nipype.workflow  [0m|[34;20m [Node] Finished "_PlotMosaicZoomed0", elapsed time 2.242856s.[0m
2026-03-27 02:34:34 |[34;20m INFO     [0m|[34;20m nipype.workflow  [0m|[34;20m [Node] Finished "_outliers0", elapsed time 4.584002s.[0m
2026-03-27 02:34:34 |[34;20m INFO     [0m|[34;20m nipype.workflow  [0m|[34;20m [Node] Finished "_smoothness0", elapsed time 0.651253s.[0m
2026-03-27 02:34:35 |[34;20m INFO     [0m|[34;20m nipype.workflow  [0m|[34;20m [Node] Setting-up "mriqc_wf.funcMRIQC.func_report_wf.dilated_mask" in "/local/nvme/ds004996_22.784026/ds/tmp/mriqc_wf/funcMRIQC/func_report_wf/d17985ba9c342a77c2dd8e0d8306b7f250bb03a3/dilated_mask".[0m
2026-03-27 02:34:35 |[34;20m INFO     [0m|[34;20m nipype.workflow  [0m|[34;20m [Node] Setting-up "_outliers0" in "/local/nvme/ds004996_22.784026/ds/tmp/mriqc_wf/funcMRIQC/ComputeIQMs/d17985ba9c342a77c2dd8e0d8306b7f250bb03a3/outliers/mapflow/_outliers0".[0m
2026-03-27 02:34:35 |[34;20m INFO     [0m|[34;20m nipype.workflow  [0m|[34;20m [Node] Setting-up "_gcor0" in "/local/nvme/ds004996_22.784026/ds/tmp/mriqc_wf/funcMRIQC/ComputeIQMs/d17985ba9c342a77c2dd8e0d8306b7f250bb03a3/gcor/mapflow/_gcor0".[0m
2026-03-27 02:34:35 |[34;20m INFO     [0m|[34;20m nipype.workflow  [0m|[34;20m [Node] Executing "_outliers0" <nipype.interfaces.afni.preprocess.OutlierCount>[0m
2026-03-27 02:34:35 |[34;20m INFO     [0m|[34;20m nipype.workflow  [0m|[34;20m [Node] Executing "dilated_mask" <niworkflows.interfaces.morphology.BinaryDilation>[0m
2026-03-27 02:34:35 |[34;20m INFO     [0m|[34;20m nipype.workflow  [0m|[34;20m [Node] Executing "_gcor0" <mriqc.interfaces.transitional.GCOR>[0m
2026-03-27 02:34:35 |[34;20m INFO     [0m|[34;20m nipype.workflow  [0m|[34;20m [Node] Finished "dilated_mask", elapsed time 0.027144s.[0m
2026-03-27 02:34:37 |[34;20m INFO     [0m|[34;20m nipype.workflow  [0m|[34;20m [Node] Setting-up "_PlotMosaicZoomed0" in "/local/nvme/ds004996_22.784026/ds/tmp/mriqc_wf/funcMRIQC/func_report_wf/d17985ba9c342a77c2dd8e0d8306b7f250bb03a3/PlotMosaicZoomed/mapflow/_PlotMosaicZoomed0".[0m
2026-03-27 02:34:37 |[34;20m INFO     [0m|[34;20m nipype.workflow  [0m|[34;20m [Node] Executing "_PlotMosaicZoomed0" <nireports.interfaces.mosaic.PlotMosaic>[0m
2026-03-27 02:34:38 |[34;20m INFO     [0m|[34;20m nipype.workflow  [0m|[34;20m [Node] Finished "_gcor0", elapsed time 10.394688s.[0m
2026-03-27 02:34:38 |[34;20m INFO     [0m|[34;20m nipype.workflow  [0m|[34;20m [Node] Finished "_gcor0", elapsed time 8.876095s.[0m
2026-03-27 02:34:39 |[34;20m INFO     [0m|[34;20m nipype.workflow  [0m|[34;20m [Node] Finished "_PlotMosaicZoomed0", elapsed time 1.559078s.[0m
2026-03-27 02:34:39 |[34;20m INFO     [0m|[34;20m nipype.workflow  [0m|[34;20m [Node] Setting-up "mriqc_wf.funcMRIQC.func_report_wf.PlotBrainmask" in "/local/nvme/ds004996_22.784026/ds/tmp/mriqc_wf/funcMRIQC/func_report_wf/d17985ba9c342a77c2dd8e0d8306b7f250bb03a3/PlotBrainmask".[0m
2026-03-27 02:34:39 |[34;20m INFO     [0m|[34;20m nipype.workflow  [0m|[34;20m [Node] Setting-up "mriqc_wf.funcMRIQC.synthstrip_wf.final_masked" in "/local/nvme/ds004996_22.784026/ds/tmp/mriqc_wf/funcMRIQC/synthstrip_wf/a6523387e9b7aa0a444aa6d89f039e62ae7493ef/final_masked".[0m
2026-03-27 02:34:39 |[34;20m INFO     [0m|[34;20m nipype.workflow  [0m|[34;20m [Node] Setting-up "mriqc_wf.funcMRIQC.SpatialNormalization.ResampleSegmentation" in "/local/nvme/ds004996_22.784026/ds/tmp/mriqc_wf/funcMRIQC/SpatialNormalization/a6523387e9b7aa0a444aa6d89f039e62ae7493ef/ResampleSegmentation".[0m
2026-03-27 02:34:39 |[34;20m INFO     [0m|[34;20m nipype.workflow  [0m|[34;20m [Node] Executing "PlotBrainmask" <nireports.interfaces.mosaic.PlotContours>[0m
2026-03-27 02:34:39 |[34;20m INFO     [0m|[34;20m nipype.workflow  [0m|[34;20m [Node] Executing "final_masked" <niworkflows.interfaces.nibabel.ApplyMask>[0m
2026-03-27 02:34:39 |[34;20m INFO     [0m|[34;20m nipype.workflow  [0m|[34;20m [Node] Executing "ResampleSegmentation" <nipype.interfaces.ants.resampling.ApplyTransforms>[0m
2026-03-27 02:34:39 |[34;20m INFO     [0m|[34;20m nipype.workflow  [0m|[34;20m [Node] Finished "final_masked", elapsed time 0.035496s.[0m
2026-03-27 02:34:40 |[34;20m INFO     [0m|[34;20m nipype.workflow  [0m|[34;20m [Node] Finished "_outliers0", elapsed time 4.411046s.[0m
2026-03-27 02:34:41 |[34;20m INFO     [0m|[34;20m nipype.workflow  [0m|[34;20m [Node] Finished "PlotBrainmask", elapsed time 1.319037s.[0m
2026-03-27 02:34:41 |[34;20m INFO     [0m|[34;20m nipype.workflow  [0m|[34;20m [Node] Setting-up "mriqc_wf.funcMRIQC.func_report_wf.ds_report_norm" in "/local/nvme/ds004996_22.784026/ds/tmp/mriqc_wf/funcMRIQC/func_report_wf/a6523387e9b7aa0a444aa6d89f039e62ae7493ef/ds_report_norm".[0m
2026-03-27 02:34:41 |[34;20m INFO     [0m|[34;20m nipype.workflow  [0m|[34;20m [Node] Executing "ds_report_norm" <mriqc.interfaces.DerivativesDataSink>[0m
2026-03-27 02:34:41 |[34;20m INFO     [0m|[34;20m nipype.workflow  [0m|[34;20m [Node] Finished "ds_report_norm", elapsed time 0.005544s.[0m
2026-03-27 02:34:41 |[34;20m INFO     [0m|[34;20m nipype.workflow  [0m|[34;20m [Node] Setting-up "mriqc_wf.funcMRIQC.func_report_wf.subtract_mask" in "/local/nvme/ds004996_22.784026/ds/tmp/mriqc_wf/funcMRIQC/func_report_wf/a6523387e9b7aa0a444aa6d89f039e62ae7493ef/subtract_mask".[0m
2026-03-27 02:34:41 |[34;20m INFO     [0m|[34;20m nipype.workflow  [0m|[34;20m [Node] Setting-up "_ds_report_zoomed0" in "/local/nvme/ds004996_22.784026/ds/tmp/mriqc_wf/funcMRIQC/func_report_wf/a6523387e9b7aa0a444aa6d89f039e62ae7493ef/ds_report_zoomed/mapflow/_ds_report_zoomed0".[0m
2026-03-27 02:34:41 |[34;20m INFO     [0m|[34;20m nipype.workflow  [0m|[34;20m [Node] Executing "subtract_mask" <niworkflows.interfaces.morphology.BinarySubtraction>[0m
2026-03-27 02:34:41 |[34;20m INFO     [0m|[34;20m nipype.workflow  [0m|[34;20m [Node] Executing "_ds_report_zoomed0" <mriqc.interfaces.DerivativesDataSink>[0m
2026-03-27 02:34:41 |[34;20m INFO     [0m|[34;20m nipype.workflow  [0m|[34;20m [Node] Finished "_ds_report_zoomed0", elapsed time 0.005425s.[0m
2026-03-27 02:34:41 |[34;20m INFO     [0m|[34;20m nipype.workflow  [0m|[34;20m [Node] Finished "subtract_mask", elapsed time 0.014315s.[0m
2026-03-27 02:34:42 |[34;20m INFO     [0m|[34;20m nipype.workflow  [0m|[34;20m [Node] Setting-up "mriqc_wf.funcMRIQC.func_report_wf.ds_report_bmask" in "/local/nvme/ds004996_22.784026/ds/tmp/mriqc_wf/funcMRIQC/func_report_wf/a6523387e9b7aa0a444aa6d89f039e62ae7493ef/ds_report_bmask".[0m
2026-03-27 02:34:42 |[34;20m INFO     [0m|[34;20m nipype.workflow  [0m|[34;20m [Node] Executing "ds_report_bmask" <mriqc.interfaces.DerivativesDataSink>[0m
2026-03-27 02:34:42 |[34;20m INFO     [0m|[34;20m nipype.workflow  [0m|[34;20m [Node] Finished "ds_report_bmask", elapsed time 0.005755s.[0m
2026-03-27 02:34:42 |[34;20m INFO     [0m|[34;20m nipype.workflow  [0m|[34;20m [Node] Setting-up "mriqc_wf.funcMRIQC.func_report_wf.subtract_mask" in "/local/nvme/ds004996_22.784026/ds/tmp/mriqc_wf/funcMRIQC/func_report_wf/4b1478d6f8c276c488bdde65106736214d4ad392/subtract_mask".[0m
2026-03-27 02:34:42 |[34;20m INFO     [0m|[34;20m nipype.workflow  [0m|[34;20m [Node] Setting-up "_ds_report_zoomed0" in "/local/nvme/ds004996_22.784026/ds/tmp/mriqc_wf/funcMRIQC/func_report_wf/4b1478d6f8c276c488bdde65106736214d4ad392/ds_report_zoomed/mapflow/_ds_report_zoomed0".[0m
2026-03-27 02:34:42 |[34;20m INFO     [0m|[34;20m nipype.workflow  [0m|[34;20m [Node] Executing "subtract_mask" <niworkflows.interfaces.morphology.BinarySubtraction>[0m
2026-03-27 02:34:42 |[34;20m INFO     [0m|[34;20m nipype.workflow  [0m|[34;20m [Node] Executing "_ds_report_zoomed0" <mriqc.interfaces.DerivativesDataSink>[0m
2026-03-27 02:34:42 |[34;20m INFO     [0m|[34;20m nipype.workflow  [0m|[34;20m [Node] Finished "_ds_report_zoomed0", elapsed time 0.005809s.[0m
2026-03-27 02:34:42 |[34;20m INFO     [0m|[34;20m nipype.workflow  [0m|[34;20m [Node] Finished "subtract_mask", elapsed time 0.011445s.[0m
2026-03-27 02:34:42 |[34;20m INFO     [0m|[34;20m nipype.workflow  [0m|[34;20m [Node] Setting-up "mriqc_wf.funcMRIQC.func_report_wf.ds_report_bmask" in "/local/nvme/ds004996_22.784026/ds/tmp/mriqc_wf/funcMRIQC/func_report_wf/4b1478d6f8c276c488bdde65106736214d4ad392/ds_report_bmask".[0m
2026-03-27 02:34:42 |[34;20m INFO     [0m|[34;20m nipype.workflow  [0m|[34;20m [Node] Executing "ds_report_bmask" <mriqc.interfaces.DerivativesDataSink>[0m
2026-03-27 02:34:42 |[34;20m INFO     [0m|[34;20m nipype.workflow  [0m|[34;20m [Node] Finished "ds_report_bmask", elapsed time 0.005567s.[0m
2026-03-27 02:34:42 |[34;20m INFO     [0m|[34;20m nipype.workflow  [0m|[34;20m [Node] Setting-up "mriqc_wf.funcMRIQC.func_report_wf.subtract_mask" in "/local/nvme/ds004996_22.784026/ds/tmp/mriqc_wf/funcMRIQC/func_report_wf/d17985ba9c342a77c2dd8e0d8306b7f250bb03a3/subtract_mask".[0m
2026-03-27 02:34:42 |[34;20m INFO     [0m|[34;20m nipype.workflow  [0m|[34;20m [Node] Executing "subtract_mask" <niworkflows.interfaces.morphology.BinarySubtraction>[0m
2026-03-27 02:34:42 |[34;20m INFO     [0m|[34;20m nipype.workflow  [0m|[34;20m [Node] Finished "subtract_mask", elapsed time 0.011513s.[0m
2026-03-27 02:34:42 |[34;20m INFO     [0m|[34;20m nipype.workflow  [0m|[34;20m [Node] Finished "ResampleSegmentation", elapsed time 2.609786s.[0m
2026-03-27 02:34:43 |[34;20m INFO     [0m|[34;20m nipype.workflow  [0m|[34;20m [Node] Setting-up "_ds_report_zoomed0" in "/local/nvme/ds004996_22.784026/ds/tmp/mriqc_wf/funcMRIQC/func_report_wf/d17985ba9c342a77c2dd8e0d8306b7f250bb03a3/ds_report_zoomed/mapflow/_ds_report_zoomed0".[0m
2026-03-27 02:34:43 |[34;20m INFO     [0m|[34;20m nipype.workflow  [0m|[34;20m [Node] Executing "_ds_report_zoomed0" <mriqc.interfaces.DerivativesDataSink>[0m
2026-03-27 02:34:43 |[34;20m INFO     [0m|[34;20m nipype.workflow  [0m|[34;20m [Node] Finished "_ds_report_zoomed0", elapsed time 0.005941s.[0m
2026-03-27 02:34:44 |[34;20m INFO     [0m|[34;20m nipype.workflow  [0m|[34;20m [Node] Setting-up "mriqc_wf.funcMRIQC.func_report_wf.ds_report_bmask" in "/local/nvme/ds004996_22.784026/ds/tmp/mriqc_wf/funcMRIQC/func_report_wf/d17985ba9c342a77c2dd8e0d8306b7f250bb03a3/ds_report_bmask".[0m
2026-03-27 02:34:44 |[34;20m INFO     [0m|[34;20m nipype.workflow  [0m|[34;20m [Node] Executing "ds_report_bmask" <mriqc.interfaces.DerivativesDataSink>[0m
2026-03-27 02:34:44 |[34;20m INFO     [0m|[34;20m nipype.workflow  [0m|[34;20m [Node] Finished "ds_report_bmask", elapsed time 0.005514s.[0m
2026-03-27 02:34:44 |[34;20m INFO     [0m|[34;20m nipype.workflow  [0m|[34;20m [Node] Setting-up "mriqc_wf.funcMRIQC.func_report_wf.parcels" in "/local/nvme/ds004996_22.784026/ds/tmp/mriqc_wf/funcMRIQC/func_report_wf/a6523387e9b7aa0a444aa6d89f039e62ae7493ef/parcels".[0m
2026-03-27 02:34:44 |[34;20m INFO     [0m|[34;20m nipype.workflow  [0m|[34;20m [Node] Executing "parcels" <nipype.interfaces.utility.wrappers.Function>[0m
2026-03-27 02:34:44 |[34;20m INFO     [0m|[34;20m nipype.workflow  [0m|[34;20m [Node] Finished "parcels", elapsed time 0.030603s.[0m
2026-03-27 02:34:44 |[34;20m INFO     [0m|[34;20m nipype.workflow  [0m|[34;20m [Node] Finished "_gcor0", elapsed time 8.874713s.[0m
2026-03-27 02:34:46 |[34;20m INFO     [0m|[34;20m nipype.workflow  [0m|[34;20m [Node] Finished "_ComputeDVARS0", elapsed time 18.824242s.[0m
2026-03-27 02:34:47 |[34;20m INFO     [0m|[34;20m nipype.workflow  [0m|[34;20m [Node] Finished "_ComputeDVARS0", elapsed time 19.391953s.[0m
2026-03-27 02:34:47 |[34;20m INFO     [0m|[34;20m nipype.workflow  [0m|[34;20m [Node] Setting-up "_measures0" in "/local/nvme/ds004996_22.784026/ds/tmp/mriqc_wf/funcMRIQC/ComputeIQMs/a6523387e9b7aa0a444aa6d89f039e62ae7493ef/measures/mapflow/_measures0".[0m
2026-03-27 02:34:47 |[34;20m INFO     [0m|[34;20m nipype.workflow  [0m|[34;20m [Node] Executing "_measures0" <mriqc.interfaces.functional.FunctionalQC>[0m
2026-03-27 02:34:47 |[34;20m INFO     [0m|[34;20m nipype.workflow  [0m|[34;20m [Node] Setting-up "_timeseries0" in "/local/nvme/ds004996_22.784026/ds/tmp/mriqc_wf/funcMRIQC/ComputeIQMs/a6523387e9b7aa0a444aa6d89f039e62ae7493ef/timeseries/mapflow/_timeseries0".[0m
2026-03-27 02:34:48 |[34;20m INFO     [0m|[34;20m nipype.workflow  [0m|[34;20m [Node] Executing "_timeseries0" <mriqc.interfaces.functional.GatherTimeseries>[0m
2026-03-27 02:34:48 |[34;20m INFO     [0m|[34;20m nipype.workflow  [0m|[34;20m [Node] Setting-up "_timeseries0" in "/local/nvme/ds004996_22.784026/ds/tmp/mriqc_wf/funcMRIQC/ComputeIQMs/4b1478d6f8c276c488bdde65106736214d4ad392/timeseries/mapflow/_timeseries0".[0m
2026-03-27 02:34:48 |[34;20m INFO     [0m|[34;20m nipype.workflow  [0m|[34;20m [Node] Executing "_timeseries0" <mriqc.interfaces.functional.GatherTimeseries>[0m
2026-03-27 02:34:48 |[34;20m INFO     [0m|[34;20m nipype.workflow  [0m|[34;20m [Node] Finished "_timeseries0", elapsed time 0.0204s.[0m
2026-03-27 02:34:48 |[34;20m INFO     [0m|[34;20m nipype.workflow  [0m|[34;20m [Node] Finished "_timeseries0", elapsed time 0.032249s.[0m
2026-03-27 02:34:49 |[34;20m INFO     [0m|[34;20m nipype.workflow  [0m|[34;20m [Node] Finished "_measures0", elapsed time 1.7736459999999998s.[0m
2026-03-27 02:34:49 |[34;20m INFO     [0m|[34;20m nipype.workflow  [0m|[34;20m [Node] Setting-up "_ds_timeseries0" in "/local/nvme/ds004996_22.784026/ds/tmp/mriqc_wf/funcMRIQC/ComputeIQMs/a6523387e9b7aa0a444aa6d89f039e62ae7493ef/ds_timeseries/mapflow/_ds_timeseries0".[0m
2026-03-27 02:34:49 |[34;20m INFO     [0m|[34;20m nipype.workflow  [0m|[34;20m [Node] Executing "_ds_timeseries0" <mriqc.interfaces.DerivativesDataSink>[0m
2026-03-27 02:34:49 |[34;20m INFO     [0m|[34;20m nipype.workflow  [0m|[34;20m [Node] Finished "_ds_timeseries0", elapsed time 0.007067s.[0m
2026-03-27 02:34:50 |[34;20m INFO     [0m|[34;20m nipype.workflow  [0m|[34;20m [Node] Setting-up "_ds_timeseries0" in "/local/nvme/ds004996_22.784026/ds/tmp/mriqc_wf/funcMRIQC/ComputeIQMs/4b1478d6f8c276c488bdde65106736214d4ad392/ds_timeseries/mapflow/_ds_timeseries0".[0m
2026-03-27 02:34:50 |[34;20m INFO     [0m|[34;20m nipype.workflow  [0m|[34;20m [Node] Executing "_ds_timeseries0" <mriqc.interfaces.DerivativesDataSink>[0m
2026-03-27 02:34:50 |[34;20m INFO     [0m|[34;20m nipype.workflow  [0m|[34;20m [Node] Finished "_ds_timeseries0", elapsed time 0.00512s.[0m
2026-03-27 02:34:50 |[34;20m INFO     [0m|[34;20m nipype.workflow  [0m|[34;20m [Node] Setting-up "_BigPlot0" in "/local/nvme/ds004996_22.784026/ds/tmp/mriqc_wf/funcMRIQC/func_report_wf/a6523387e9b7aa0a444aa6d89f039e62ae7493ef/BigPlot/mapflow/_BigPlot0".[0m
2026-03-27 02:34:50 |[34;20m INFO     [0m|[34;20m nipype.workflow  [0m|[34;20m [Node] Executing "_BigPlot0" <nireports.interfaces.fmri.FMRISummary>[0m
2026-03-27 02:34:51 |[34;20m INFO     [0m|[34;20m nipype.workflow  [0m|[34;20m [Node] Setting-up "_measures0" in "/local/nvme/ds004996_22.784026/ds/tmp/mriqc_wf/funcMRIQC/ComputeIQMs/4b1478d6f8c276c488bdde65106736214d4ad392/measures/mapflow/_measures0".[0m
2026-03-27 02:34:51 |[34;20m INFO     [0m|[34;20m nipype.workflow  [0m|[34;20m [Node] Executing "_measures0" <mriqc.interfaces.functional.FunctionalQC>[0m
2026-03-27 02:34:51 |[34;20m INFO     [0m|[34;20m nipype.workflow  [0m|[34;20m [Node] Setting-up "_datasink0" in "/local/nvme/ds004996_22.784026/ds/tmp/mriqc_wf/funcMRIQC/ComputeIQMs/a6523387e9b7aa0a444aa6d89f039e62ae7493ef/datasink/mapflow/_datasink0".[0m
2026-03-27 02:34:51 |[34;20m INFO     [0m|[34;20m nipype.workflow  [0m|[34;20m [Node] Executing "_datasink0" <mriqc.interfaces.bids.IQMFileSink>[0m
2026-03-27 02:34:51 |[34;20m INFO     [0m|[34;20m nipype.workflow  [0m|[34;20m [Node] Finished "_datasink0", elapsed time 0.001891s.[0m
2026-03-27 02:34:53 |[34;20m INFO     [0m|[34;20m nipype.workflow  [0m|[34;20m [Node] Finished "_measures0", elapsed time 1.270747s.[0m
2026-03-27 02:34:53 |[34;20m INFO     [0m|[34;20m nipype.workflow  [0m|[34;20m [Node] Finished "_ComputeDVARS0", elapsed time 19.994114s.[0m
2026-03-27 02:34:53 |[34;20m INFO     [0m|[34;20m nipype.workflow  [0m|[34;20m [Node] Setting-up "_datasink0" in "/local/nvme/ds004996_22.784026/ds/tmp/mriqc_wf/funcMRIQC/ComputeIQMs/4b1478d6f8c276c488bdde65106736214d4ad392/datasink/mapflow/_datasink0".[0m
2026-03-27 02:34:53 |[34;20m INFO     [0m|[34;20m nipype.workflow  [0m|[34;20m [Node] Executing "_datasink0" <mriqc.interfaces.bids.IQMFileSink>[0m
2026-03-27 02:34:53 |[34;20m INFO     [0m|[34;20m nipype.workflow  [0m|[34;20m [Node] Finished "_datasink0", elapsed time 0.000632s.[0m
2026-03-27 02:34:54 |[34;20m INFO     [0m|[34;20m nipype.workflow  [0m|[34;20m [Node] Finished "_BigPlot0", elapsed time 4.585538s.[0m
2026-03-27 02:34:55 |[34;20m INFO     [0m|[34;20m nipype.workflow  [0m|[34;20m [Node] Setting-up "mriqc_wf.funcMRIQC.synthstrip_wf.post_n4" in "/local/nvme/ds004996_22.784026/ds/tmp/mriqc_wf/funcMRIQC/synthstrip_wf/4b1478d6f8c276c488bdde65106736214d4ad392/post_n4".[0m
2026-03-27 02:34:55 |[34;20m INFO     [0m|[34;20m nipype.workflow  [0m|[34;20m [Node] Executing "post_n4" <nipype.interfaces.ants.segmentation.N4BiasFieldCorrection>[0m
2026-03-27 02:34:56 |[34;20m INFO     [0m|[34;20m nipype.workflow  [0m|[34;20m [Node] Finished "post_n4", elapsed time 0.946751s.[0m
2026-03-27 02:34:57 |[34;20m INFO     [0m|[34;20m nipype.workflow  [0m|[34;20m [Node] Setting-up "mriqc_wf.funcMRIQC.SpatialNormalization.EPI2MNI" in "/local/nvme/ds004996_22.784026/ds/tmp/mriqc_wf/funcMRIQC/SpatialNormalization/4b1478d6f8c276c488bdde65106736214d4ad392/EPI2MNI".[0m
2026-03-27 02:34:57 |[34;20m INFO     [0m|[34;20m nipype.workflow  [0m|[34;20m [Node] Executing "EPI2MNI" <niworkflows.interfaces.reportlets.registration.SpatialNormalizationRPT>[0m
2026-03-27 02:34:57 |[34;20m INFO     [0m|[34;20m niworkflows      [0m|[34;20m Estimating initial transform using AffineInitializer[0m
2026-03-27 02:35:03 |[34;20m INFO     [0m|[34;20m niworkflows      [0m|[34;20m Loading settings from file /opt/conda/lib/python3.11/site-packages/niworkflows/data/boldref-mni_registration_precise_000.json.[0m
2026-03-27 02:35:03 |[34;20m INFO     [0m|[34;20m niworkflows      [0m|[34;20m Retry #1, commandline: 
antsRegistration --collapse-output-transforms 1 --dimensionality 3 --float 0 --initial-moving-transform [ /local/nvme/ds004996_22.784026/ds/tmp/mriqc_wf/funcMRIQC/SpatialNormalization/4b1478d6f8c276c488bdde65106736214d4ad392/EPI2MNI/transform.mat, 0 ] --initialize-transforms-per-stage 0 --interpolation LanczosWindowedSinc --output [ epi_to_mni, epi_to_mni_Warped.nii.gz ] --transform Rigid[ 0.05 ] --metric Mattes[ /templateflow/tpl-MNI152NLin2009cAsym/tpl-MNI152NLin2009cAsym_res-02_desc-fMRIPrep_boldref.nii.gz, /local/nvme/ds004996_22.784026/ds/tmp/mriqc_wf/funcMRIQC/SpatialNormalization/4b1478d6f8c276c488bdde65106736214d4ad392/SharpenEPI/sub-22_task-conversation_run-02_bold_desc-realigned_valid_tstat_corrected.nii.gz, 1, 56, Regular, 0.25 ] --convergence [ 10000x1000x100, 1e-06, 20 ] --smoothing-sigmas 4.0x2.0x1.0vox --shrink-factors 4x2x1 --use-histogram-matching 1 --masks [ /templateflow/tpl-MNI152NLin2009cAsym/tpl-MNI152NLin2009cAsym_res-02_desc-brain_mask.nii.gz, /local/nvme/ds004996_22.784026/ds/tmp/mriqc_wf/funcMRIQC/synthstrip_wf/4b1478d6f8c276c488bdde65106736214d4ad392/synthstrip/clipped_corrected_desc-brain_mask.nii.gz ] --transform Affine[ 0.08 ] --metric Mattes[ /templateflow/tpl-MNI152NLin2009cAsym/tpl-MNI152NLin2009cAsym_res-02_desc-fMRIPrep_boldref.nii.gz, /local/nvme/ds004996_22.784026/ds/tmp/mriqc_wf/funcMRIQC/SpatialNormalization/4b1478d6f8c276c488bdde65106736214d4ad392/SharpenEPI/sub-22_task-conversation_run-02_bold_desc-realigned_valid_tstat_corrected.nii.gz, 1, 56, Regular, 0.25 ] --convergence [ 500x250x100, 1e-06, 20 ] --smoothing-sigmas 4.0x2.0x1.0vox --shrink-factors 8x4x2 --use-histogram-matching 1 --masks [ /templateflow/tpl-MNI152NLin2009cAsym/tpl-MNI152NLin2009cAsym_res-02_desc-brain_mask.nii.gz, /local/nvme/ds004996_22.784026/ds/tmp/mriqc_wf/funcMRIQC/synthstrip_wf/4b1478d6f8c276c488bdde65106736214d4ad392/synthstrip/clipped_corrected_desc-brain_mask.nii.gz ] --transform SyN[ 0.1, 3.0, 0.0 ] --metric CC[ /templateflow/tpl-MNI152NLin2009cAsym/tpl-MNI152NLin2009cAsym_res-02_desc-fMRIPrep_boldref.nii.gz, /local/nvme/ds004996_22.784026/ds/tmp/mriqc_wf/funcMRIQC/SpatialNormalization/4b1478d6f8c276c488bdde65106736214d4ad392/SharpenEPI/sub-22_task-conversation_run-02_bold_desc-realigned_valid_tstat_corrected.nii.gz, 1, 4, None, 1 ] --convergence [ 100x30x20, 1e-06, 10 ] --smoothing-sigmas 3.0x2.0x1.0vox --shrink-factors 8x4x2 --use-histogram-matching 1 --masks [ /templateflow/tpl-MNI152NLin2009cAsym/tpl-MNI152NLin2009cAsym_res-02_desc-brain_mask.nii.gz, /local/nvme/ds004996_22.784026/ds/tmp/mriqc_wf/funcMRIQC/synthstrip_wf/4b1478d6f8c276c488bdde65106736214d4ad392/synthstrip/clipped_corrected_desc-brain_mask.nii.gz ] --winsorize-image-intensities [ 0.005, 0.995 ]  --write-composite-transform 1[0m
2026-03-27 02:35:15 |[34;20m INFO     [0m|[34;20m niworkflows      [0m|[34;20m Successful spatial normalization (retry #1).[0m
2026-03-27 02:35:15 |[34;20m INFO     [0m|[34;20m niworkflows      [0m|[34;20m Report - setting fixed (/templateflow/tpl-MNI152NLin2009cAsym/tpl-MNI152NLin2009cAsym_res-02_desc-fMRIPrep_boldref.nii.gz) and moving (/local/nvme/ds004996_22.784026/ds/tmp/mriqc_wf/funcMRIQC/SpatialNormalization/4b1478d6f8c276c488bdde65106736214d4ad392/EPI2MNI/epi_to_mni_Warped.nii.gz) images[0m
2026-03-27 02:35:15 |[34;20m INFO     [0m|[34;20m niworkflows      [0m|[34;20m Generating visual report[0m
2026-03-27 02:35:31 |[34;20m INFO     [0m|[34;20m nipype.workflow  [0m|[34;20m [Node] Finished "EPI2MNI", elapsed time 33.819718s.[0m
2026-03-27 02:35:31 |[34;20m INFO     [0m|[34;20m nipype.workflow  [0m|[34;20m [Node] Setting-up "mriqc_wf.funcMRIQC.synthstrip_wf.post_n4" in "/local/nvme/ds004996_22.784026/ds/tmp/mriqc_wf/funcMRIQC/synthstrip_wf/d17985ba9c342a77c2dd8e0d8306b7f250bb03a3/post_n4".[0m
2026-03-27 02:35:31 |[34;20m INFO     [0m|[34;20m nipype.workflow  [0m|[34;20m [Node] Executing "post_n4" <nipype.interfaces.ants.segmentation.N4BiasFieldCorrection>[0m
2026-03-27 02:35:32 |[34;20m INFO     [0m|[34;20m nipype.workflow  [0m|[34;20m [Node] Finished "post_n4", elapsed time 0.983207s.[0m
2026-03-27 02:35:33 |[34;20m INFO     [0m|[34;20m nipype.workflow  [0m|[34;20m [Node] Setting-up "mriqc_wf.funcMRIQC.SpatialNormalization.EPI2MNI" in "/local/nvme/ds004996_22.784026/ds/tmp/mriqc_wf/funcMRIQC/SpatialNormalization/d17985ba9c342a77c2dd8e0d8306b7f250bb03a3/EPI2MNI".[0m
2026-03-27 02:35:33 |[34;20m INFO     [0m|[34;20m nipype.workflow  [0m|[34;20m [Node] Executing "EPI2MNI" <niworkflows.interfaces.reportlets.registration.SpatialNormalizationRPT>[0m
2026-03-27 02:35:33 |[34;20m INFO     [0m|[34;20m niworkflows      [0m|[34;20m Estimating initial transform using AffineInitializer[0m
2026-03-27 02:35:39 |[34;20m INFO     [0m|[34;20m niworkflows      [0m|[34;20m Loading settings from file /opt/conda/lib/python3.11/site-packages/niworkflows/data/boldref-mni_registration_precise_000.json.[0m
2026-03-27 02:35:39 |[34;20m INFO     [0m|[34;20m niworkflows      [0m|[34;20m Retry #1, commandline: 
antsRegistration --collapse-output-transforms 1 --dimensionality 3 --float 0 --initial-moving-transform [ /local/nvme/ds004996_22.784026/ds/tmp/mriqc_wf/funcMRIQC/SpatialNormalization/d17985ba9c342a77c2dd8e0d8306b7f250bb03a3/EPI2MNI/transform.mat, 0 ] --initialize-transforms-per-stage 0 --interpolation LanczosWindowedSinc --output [ epi_to_mni, epi_to_mni_Warped.nii.gz ] --transform Rigid[ 0.05 ] --metric Mattes[ /templateflow/tpl-MNI152NLin2009cAsym/tpl-MNI152NLin2009cAsym_res-02_desc-fMRIPrep_boldref.nii.gz, /local/nvme/ds004996_22.784026/ds/tmp/mriqc_wf/funcMRIQC/SpatialNormalization/d17985ba9c342a77c2dd8e0d8306b7f250bb03a3/SharpenEPI/sub-22_task-conversation_run-03_bold_desc-realigned_valid_tstat_corrected.nii.gz, 1, 56, Regular, 0.25 ] --convergence [ 10000x1000x100, 1e-06, 20 ] --smoothing-sigmas 4.0x2.0x1.0vox --shrink-factors 4x2x1 --use-histogram-matching 1 --masks [ /templateflow/tpl-MNI152NLin2009cAsym/tpl-MNI152NLin2009cAsym_res-02_desc-brain_mask.nii.gz, /local/nvme/ds004996_22.784026/ds/tmp/mriqc_wf/funcMRIQC/synthstrip_wf/d17985ba9c342a77c2dd8e0d8306b7f250bb03a3/synthstrip/clipped_corrected_desc-brain_mask.nii.gz ] --transform Affine[ 0.08 ] --metric Mattes[ /templateflow/tpl-MNI152NLin2009cAsym/tpl-MNI152NLin2009cAsym_res-02_desc-fMRIPrep_boldref.nii.gz, /local/nvme/ds004996_22.784026/ds/tmp/mriqc_wf/funcMRIQC/SpatialNormalization/d17985ba9c342a77c2dd8e0d8306b7f250bb03a3/SharpenEPI/sub-22_task-conversation_run-03_bold_desc-realigned_valid_tstat_corrected.nii.gz, 1, 56, Regular, 0.25 ] --convergence [ 500x250x100, 1e-06, 20 ] --smoothing-sigmas 4.0x2.0x1.0vox --shrink-factors 8x4x2 --use-histogram-matching 1 --masks [ /templateflow/tpl-MNI152NLin2009cAsym/tpl-MNI152NLin2009cAsym_res-02_desc-brain_mask.nii.gz, /local/nvme/ds004996_22.784026/ds/tmp/mriqc_wf/funcMRIQC/synthstrip_wf/d17985ba9c342a77c2dd8e0d8306b7f250bb03a3/synthstrip/clipped_corrected_desc-brain_mask.nii.gz ] --transform SyN[ 0.1, 3.0, 0.0 ] --metric CC[ /templateflow/tpl-MNI152NLin2009cAsym/tpl-MNI152NLin2009cAsym_res-02_desc-fMRIPrep_boldref.nii.gz, /local/nvme/ds004996_22.784026/ds/tmp/mriqc_wf/funcMRIQC/SpatialNormalization/d17985ba9c342a77c2dd8e0d8306b7f250bb03a3/SharpenEPI/sub-22_task-conversation_run-03_bold_desc-realigned_valid_tstat_corrected.nii.gz, 1, 4, None, 1 ] --convergence [ 100x30x20, 1e-06, 10 ] --smoothing-sigmas 3.0x2.0x1.0vox --shrink-factors 8x4x2 --use-histogram-matching 1 --masks [ /templateflow/tpl-MNI152NLin2009cAsym/tpl-MNI152NLin2009cAsym_res-02_desc-brain_mask.nii.gz, /local/nvme/ds004996_22.784026/ds/tmp/mriqc_wf/funcMRIQC/synthstrip_wf/d17985ba9c342a77c2dd8e0d8306b7f250bb03a3/synthstrip/clipped_corrected_desc-brain_mask.nii.gz ] --winsorize-image-intensities [ 0.005, 0.995 ]  --write-composite-transform 1[0m
2026-03-27 02:35:51 |[34;20m INFO     [0m|[34;20m niworkflows      [0m|[34;20m Successful spatial normalization (retry #1).[0m
2026-03-27 02:35:51 |[34;20m INFO     [0m|[34;20m niworkflows      [0m|[34;20m Report - setting fixed (/templateflow/tpl-MNI152NLin2009cAsym/tpl-MNI152NLin2009cAsym_res-02_desc-fMRIPrep_boldref.nii.gz) and moving (/local/nvme/ds004996_22.784026/ds/tmp/mriqc_wf/funcMRIQC/SpatialNormalization/d17985ba9c342a77c2dd8e0d8306b7f250bb03a3/EPI2MNI/epi_to_mni_Warped.nii.gz) images[0m
2026-03-27 02:35:51 |[34;20m INFO     [0m|[34;20m niworkflows      [0m|[34;20m Generating visual report[0m
2026-03-27 02:36:07 |[34;20m INFO     [0m|[34;20m nipype.workflow  [0m|[34;20m [Node] Finished "EPI2MNI", elapsed time 33.477063s.[0m
2026-03-27 02:36:07 |[34;20m INFO     [0m|[34;20m nipype.workflow  [0m|[34;20m [Node] Setting-up "mriqc_wf.funcMRIQC.func_report_wf.ds_report_norm" in "/local/nvme/ds004996_22.784026/ds/tmp/mriqc_wf/funcMRIQC/func_report_wf/4b1478d6f8c276c488bdde65106736214d4ad392/ds_report_norm".[0m
2026-03-27 02:36:07 |[34;20m INFO     [0m|[34;20m nipype.workflow  [0m|[34;20m [Node] Setting-up "mriqc_wf.funcMRIQC.synthstrip_wf.final_masked" in "/local/nvme/ds004996_22.784026/ds/tmp/mriqc_wf/funcMRIQC/synthstrip_wf/4b1478d6f8c276c488bdde65106736214d4ad392/final_masked".[0m
2026-03-27 02:36:07 |[34;20m INFO     [0m|[34;20m nipype.workflow  [0m|[34;20m [Node] Setting-up "mriqc_wf.funcMRIQC.SpatialNormalization.ResampleSegmentation" in "/local/nvme/ds004996_22.784026/ds/tmp/mriqc_wf/funcMRIQC/SpatialNormalization/4b1478d6f8c276c488bdde65106736214d4ad392/ResampleSegmentation".[0m
2026-03-27 02:36:07 |[34;20m INFO     [0m|[34;20m nipype.workflow  [0m|[34;20m [Node] Executing "ResampleSegmentation" <nipype.interfaces.ants.resampling.ApplyTransforms>[0m
2026-03-27 02:36:07 |[34;20m INFO     [0m|[34;20m nipype.workflow  [0m|[34;20m [Node] Executing "final_masked" <niworkflows.interfaces.nibabel.ApplyMask>[0m
2026-03-27 02:36:07 |[34;20m INFO     [0m|[34;20m nipype.workflow  [0m|[34;20m [Node] Executing "ds_report_norm" <mriqc.interfaces.DerivativesDataSink>[0m
2026-03-27 02:36:07 |[34;20m INFO     [0m|[34;20m nipype.workflow  [0m|[34;20m [Node] Finished "ds_report_norm", elapsed time 0.006953s.[0m
2026-03-27 02:36:07 |[34;20m INFO     [0m|[34;20m nipype.workflow  [0m|[34;20m [Node] Finished "final_masked", elapsed time 0.037577s.[0m
2026-03-27 02:36:07 |[34;20m INFO     [0m|[34;20m nipype.workflow  [0m|[34;20m [Node] Setting-up "mriqc_wf.funcMRIQC.func_report_wf.ds_report_norm" in "/local/nvme/ds004996_22.784026/ds/tmp/mriqc_wf/funcMRIQC/func_report_wf/d17985ba9c342a77c2dd8e0d8306b7f250bb03a3/ds_report_norm".[0m
2026-03-27 02:36:07 |[34;20m INFO     [0m|[34;20m nipype.workflow  [0m|[34;20m [Node] Setting-up "mriqc_wf.funcMRIQC.synthstrip_wf.final_masked" in "/local/nvme/ds004996_22.784026/ds/tmp/mriqc_wf/funcMRIQC/synthstrip_wf/d17985ba9c342a77c2dd8e0d8306b7f250bb03a3/final_masked".[0m
2026-03-27 02:36:07 |[34;20m INFO     [0m|[34;20m nipype.workflow  [0m|[34;20m [Node] Setting-up "mriqc_wf.funcMRIQC.SpatialNormalization.ResampleSegmentation" in "/local/nvme/ds004996_22.784026/ds/tmp/mriqc_wf/funcMRIQC/SpatialNormalization/d17985ba9c342a77c2dd8e0d8306b7f250bb03a3/ResampleSegmentation".[0m
2026-03-27 02:36:07 |[34;20m INFO     [0m|[34;20m nipype.workflow  [0m|[34;20m [Node] Executing "final_masked" <niworkflows.interfaces.nibabel.ApplyMask>[0m
2026-03-27 02:36:07 |[34;20m INFO     [0m|[34;20m nipype.workflow  [0m|[34;20m [Node] Executing "ds_report_norm" <mriqc.interfaces.DerivativesDataSink>[0m
2026-03-27 02:36:07 |[34;20m INFO     [0m|[34;20m nipype.workflow  [0m|[34;20m [Node] Executing "ResampleSegmentation" <nipype.interfaces.ants.resampling.ApplyTransforms>[0m
2026-03-27 02:36:07 |[34;20m INFO     [0m|[34;20m nipype.workflow  [0m|[34;20m [Node] Finished "ds_report_norm", elapsed time 0.005261s.[0m
2026-03-27 02:36:08 |[34;20m INFO     [0m|[34;20m nipype.workflow  [0m|[34;20m [Node] Finished "final_masked", elapsed time 0.029621s.[0m
2026-03-27 02:36:08 |[34;20m INFO     [0m|[34;20m nipype.workflow  [0m|[34;20m [Node] Setting-up "_measures0" in "/local/nvme/ds004996_22.784026/ds/tmp/mriqc_wf/funcMRIQC/ComputeIQMs/d17985ba9c342a77c2dd8e0d8306b7f250bb03a3/measures/mapflow/_measures0".[0m
2026-03-27 02:36:08 |[34;20m INFO     [0m|[34;20m nipype.workflow  [0m|[34;20m [Node] Executing "_measures0" <mriqc.interfaces.functional.FunctionalQC>[0m
2026-03-27 02:36:09 |[34;20m INFO     [0m|[34;20m nipype.workflow  [0m|[34;20m [Node] Finished "_measures0", elapsed time 1.490635s.[0m
2026-03-27 02:36:09 |[34;20m INFO     [0m|[34;20m nipype.workflow  [0m|[34;20m [Node] Setting-up "_timeseries0" in "/local/nvme/ds004996_22.784026/ds/tmp/mriqc_wf/funcMRIQC/ComputeIQMs/d17985ba9c342a77c2dd8e0d8306b7f250bb03a3/timeseries/mapflow/_timeseries0".[0m
2026-03-27 02:36:09 |[34;20m INFO     [0m|[34;20m nipype.workflow  [0m|[34;20m [Node] Executing "_timeseries0" <mriqc.interfaces.functional.GatherTimeseries>[0m
2026-03-27 02:36:09 |[34;20m INFO     [0m|[34;20m nipype.workflow  [0m|[34;20m [Node] Setting-up "_datasink0" in "/local/nvme/ds004996_22.784026/ds/tmp/mriqc_wf/funcMRIQC/ComputeIQMs/d17985ba9c342a77c2dd8e0d8306b7f250bb03a3/datasink/mapflow/_datasink0".[0m
2026-03-27 02:36:09 |[34;20m INFO     [0m|[34;20m nipype.workflow  [0m|[34;20m [Node] Executing "_datasink0" <mriqc.interfaces.bids.IQMFileSink>[0m
2026-03-27 02:36:09 |[34;20m INFO     [0m|[34;20m nipype.workflow  [0m|[34;20m [Node] Finished "_datasink0", elapsed time 0.000885s.[0m
2026-03-27 02:36:09 |[34;20m INFO     [0m|[34;20m nipype.workflow  [0m|[34;20m [Node] Finished "_timeseries0", elapsed time 0.018488s.[0m
2026-03-27 02:36:10 |[34;20m INFO     [0m|[34;20m nipype.workflow  [0m|[34;20m [Node] Setting-up "_ds_report_carpet0" in "/local/nvme/ds004996_22.784026/ds/tmp/mriqc_wf/funcMRIQC/func_report_wf/a6523387e9b7aa0a444aa6d89f039e62ae7493ef/ds_report_carpet/mapflow/_ds_report_carpet0".[0m
2026-03-27 02:36:10 |[34;20m INFO     [0m|[34;20m nipype.workflow  [0m|[34;20m [Node] Executing "_ds_report_carpet0" <mriqc.interfaces.DerivativesDataSink>[0m
2026-03-27 02:36:10 |[34;20m INFO     [0m|[34;20m nipype.workflow  [0m|[34;20m [Node] Finished "_ds_report_carpet0", elapsed time 0.006162s.[0m
2026-03-27 02:36:10 |[34;20m INFO     [0m|[34;20m nipype.workflow  [0m|[34;20m [Node] Finished "ResampleSegmentation", elapsed time 2.5632s.[0m
2026-03-27 02:36:10 |[34;20m INFO     [0m|[34;20m nipype.workflow  [0m|[34;20m [Node] Finished "ResampleSegmentation", elapsed time 2.514634s.[0m
2026-03-27 02:36:11 |[34;20m INFO     [0m|[34;20m nipype.workflow  [0m|[34;20m [Node] Setting-up "mriqc_wf.funcMRIQC.func_report_wf.parcels" in "/local/nvme/ds004996_22.784026/ds/tmp/mriqc_wf/funcMRIQC/func_report_wf/4b1478d6f8c276c488bdde65106736214d4ad392/parcels".[0m
2026-03-27 02:36:11 |[34;20m INFO     [0m|[34;20m nipype.workflow  [0m|[34;20m [Node] Executing "parcels" <nipype.interfaces.utility.wrappers.Function>[0m
2026-03-27 02:36:11 |[34;20m INFO     [0m|[34;20m nipype.workflow  [0m|[34;20m [Node] Setting-up "_ds_timeseries0" in "/local/nvme/ds004996_22.784026/ds/tmp/mriqc_wf/funcMRIQC/ComputeIQMs/d17985ba9c342a77c2dd8e0d8306b7f250bb03a3/ds_timeseries/mapflow/_ds_timeseries0".[0m
2026-03-27 02:36:11 |[34;20m INFO     [0m|[34;20m nipype.workflow  [0m|[34;20m [Node] Executing "_ds_timeseries0" <mriqc.interfaces.DerivativesDataSink>[0m
2026-03-27 02:36:11 |[34;20m INFO     [0m|[34;20m nipype.workflow  [0m|[34;20m [Node] Finished "_ds_timeseries0", elapsed time 0.004688s.[0m
2026-03-27 02:36:11 |[34;20m INFO     [0m|[34;20m nipype.workflow  [0m|[34;20m [Node] Finished "parcels", elapsed time 0.024044s.[0m
2026-03-27 02:36:11 |[34;20m INFO     [0m|[34;20m nipype.workflow  [0m|[34;20m [Node] Setting-up "mriqc_wf.funcMRIQC.func_report_wf.parcels" in "/local/nvme/ds004996_22.784026/ds/tmp/mriqc_wf/funcMRIQC/func_report_wf/d17985ba9c342a77c2dd8e0d8306b7f250bb03a3/parcels".[0m
2026-03-27 02:36:11 |[34;20m INFO     [0m|[34;20m nipype.workflow  [0m|[34;20m [Node] Executing "parcels" <nipype.interfaces.utility.wrappers.Function>[0m
2026-03-27 02:36:12 |[34;20m INFO     [0m|[34;20m nipype.workflow  [0m|[34;20m [Node] Finished "parcels", elapsed time 0.027792s.[0m
2026-03-27 02:36:13 |[34;20m INFO     [0m|[34;20m nipype.workflow  [0m|[34;20m [Node] Setting-up "_BigPlot0" in "/local/nvme/ds004996_22.784026/ds/tmp/mriqc_wf/funcMRIQC/func_report_wf/4b1478d6f8c276c488bdde65106736214d4ad392/BigPlot/mapflow/_BigPlot0".[0m
2026-03-27 02:36:13 |[34;20m INFO     [0m|[34;20m nipype.workflow  [0m|[34;20m [Node] Executing "_BigPlot0" <nireports.interfaces.fmri.FMRISummary>[0m
2026-03-27 02:36:13 |[34;20m INFO     [0m|[34;20m nipype.workflow  [0m|[34;20m [Node] Setting-up "_BigPlot0" in "/local/nvme/ds004996_22.784026/ds/tmp/mriqc_wf/funcMRIQC/func_report_wf/d17985ba9c342a77c2dd8e0d8306b7f250bb03a3/BigPlot/mapflow/_BigPlot0".[0m
2026-03-27 02:36:13 |[34;20m INFO     [0m|[34;20m nipype.workflow  [0m|[34;20m [Node] Executing "_BigPlot0" <nireports.interfaces.fmri.FMRISummary>[0m
2026-03-27 02:36:18 |[34;20m INFO     [0m|[34;20m nipype.workflow  [0m|[34;20m [Node] Finished "_BigPlot0", elapsed time 4.210806s.[0m
2026-03-27 02:36:19 |[34;20m INFO     [0m|[34;20m nipype.workflow  [0m|[34;20m [Node] Setting-up "_ds_report_carpet0" in "/local/nvme/ds004996_22.784026/ds/tmp/mriqc_wf/funcMRIQC/func_report_wf/4b1478d6f8c276c488bdde65106736214d4ad392/ds_report_carpet/mapflow/_ds_report_carpet0".[0m
2026-03-27 02:36:19 |[34;20m INFO     [0m|[34;20m nipype.workflow  [0m|[34;20m [Node] Executing "_ds_report_carpet0" <mriqc.interfaces.DerivativesDataSink>[0m
2026-03-27 02:36:19 |[34;20m INFO     [0m|[34;20m nipype.workflow  [0m|[34;20m [Node] Finished "_ds_report_carpet0", elapsed time 0.005031s.[0m
2026-03-27 02:36:20 |[34;20m INFO     [0m|[34;20m nipype.workflow  [0m|[34;20m [Node] Finished "_BigPlot0", elapsed time 6.196554s.[0m
2026-03-27 02:36:21 |[34;20m INFO     [0m|[34;20m nipype.workflow  [0m|[34;20m [Node] Setting-up "_ds_report_carpet0" in "/local/nvme/ds004996_22.784026/ds/tmp/mriqc_wf/funcMRIQC/func_report_wf/d17985ba9c342a77c2dd8e0d8306b7f250bb03a3/ds_report_carpet/mapflow/_ds_report_carpet0".[0m
2026-03-27 02:36:21 |[34;20m INFO     [0m|[34;20m nipype.workflow  [0m|[34;20m [Node] Executing "_ds_report_carpet0" <mriqc.interfaces.DerivativesDataSink>[0m
2026-03-27 02:36:21 |[34;20m INFO     [0m|[34;20m nipype.workflow  [0m|[34;20m [Node] Finished "_ds_report_carpet0", elapsed time 0.005095s.[0m
2026-03-27 02:36:23 |[34;20m INFO     [0m|[34;20m nipype.workflow  [0m|[34;20m Generating reports...[0m
2026-03-27 02:36:24 |[34;20m INFO     [0m|[34;20m nipype.workflow  [0m|[34;20m Report generation finished (3 reports).[0m
2026-03-27 02:36:24 |[33;20m IMPORTANT [0m|[33;20m mriqc            [0m|[33;20m Participant level finished successfully averaging 00h 07min 15s per subject.[0m
2026-03-27 02:36:24 |[34;20m INFO     [0m|[34;20m mriqc            [0m|[34;20m Generating BIDS derivatives metadata.[0m
----------------------------------------------------------------
  MRIQC completed (elapsed time 00h 21min 45s).
----------------------------------------------------------------

