------------------------------------------------------------------
  Running MRIQC version 24.1.0.dev0+gd5b13cb5.d20240826
  ----------------------------------------------------------------

  NOTICE
  Copyright © The NiPreps Developers.
  
  This product includes software developed by
  the NiPreps Community (https://nipreps.org/).
  
  Portions of this software were developed at the Department of
  Psychology at Stanford University, Stanford, CA, US.
  
  This software contains code ultimately derived from the
  PCP Quality Assessment Protocol (QAP;
  http://preprocessed-connectomes-project.org/quality-assessment-protocol)
  by C. Craddock, S. Giavasis, D. Clark, Z. Shezhad, and J. Pellman.
  
  This software is also distributed as a Docker container image.
  The bootstrapping file for the image ("Dockerfile") is licensed
  under the MIT License.

  ----------------------------------------------------------------

  * BIDS dataset path: /local/nvme/ds004996_15.784026/ds/sourcedata/raw.
  * Output folder: mriqc.
  * Analysis levels: ['participant'].
------------------------------------------------------------------

2026-03-27 02:15:02 |[33;20m IMPORTANT [0m|[33;20m mriqc            [0m|[33;20m Extracting metadata and entities for 3 input runs of modality 'bold'...[0m
2026-03-27 02:15:02 |[33;20m IMPORTANT [0m|[33;20m mriqc            [0m|[33;20m File size ('bold'): 0.41|0.41 GB [maximum|average].[0m
2026-03-27 02:15:02 |[34;20m INFO     [0m|[34;20m mriqc            [0m|[34;20m MRIQC config file: /local/nvme/ds004996_15.784026/ds/tmp/config-20260327-021458_7ae82140-8178-4627-b9b9-80dc838dfc3b.toml.[0m
2026-03-27 02:15:10 |[34;20m INFO     [0m|[34;20m matplotlib.font_manager [0m|[34;20m generated new fontManager[0m
2026-03-27 02:15:11 |[33;20m IMPORTANT [0m|[33;20m mriqc            [0m|[33;20m Building MRIQC's workflows...[0m
2026-03-27 02:15:11 |[34;20m INFO     [0m|[34;20m nipype.workflow  [0m|[34;20m Building functional MRIQC workflow for 3 BOLD runs..[0m
2026-03-27 02:15:17 |[33;20m IMPORTANT [0m|[33;20m mriqc            [0m|[33;20m Workflow building finished (exit code 0).[0m
2026-03-27 02:15:21 |[34;20m INFO     [0m|[34;20m nipype.workflow  [0m|[34;20m Workflow mriqc_wf settings: ['check', 'execution', 'logging', 'monitoring'][0m
2026-03-27 02:15:22 |[34;20m INFO     [0m|[34;20m nipype.workflow  [0m|[34;20m [Node] Setting-up "mriqc_wf.funcMRIQC.pick_echo" in "/local/nvme/ds004996_15.784026/ds/tmp/mriqc_wf/funcMRIQC/99116aabb49286c399ad16005e69d83a7d1314a3/pick_echo".[0m
2026-03-27 02:15:22 |[34;20m INFO     [0m|[34;20m nipype.workflow  [0m|[34;20m [Node] Setting-up "_provenance0" in "/local/nvme/ds004996_15.784026/ds/tmp/mriqc_wf/funcMRIQC/ComputeIQMs/99116aabb49286c399ad16005e69d83a7d1314a3/provenance/mapflow/_provenance0".[0m
2026-03-27 02:15:22 |[34;20m INFO     [0m|[34;20m nipype.workflow  [0m|[34;20m [Node] Executing "_provenance0" <mriqc.interfaces.reports.AddProvenance>[0m
2026-03-27 02:15:22 |[34;20m INFO     [0m|[34;20m nipype.workflow  [0m|[34;20m [Node] Executing "pick_echo" <mriqc.interfaces.functional.SelectEcho>[0m
2026-03-27 02:15:22 |[34;20m INFO     [0m|[34;20m nipype.workflow  [0m|[34;20m [Node] Finished "pick_echo", elapsed time 0.000422s.[0m
2026-03-27 02:15:23 |[34;20m INFO     [0m|[34;20m nipype.workflow  [0m|[34;20m [Node] Finished "_provenance0", elapsed time 0.861543s.[0m
2026-03-27 02:15:23 |[34;20m INFO     [0m|[34;20m nipype.workflow  [0m|[34;20m [Node] Setting-up "mriqc_wf.funcMRIQC.pick_echo" in "/local/nvme/ds004996_15.784026/ds/tmp/mriqc_wf/funcMRIQC/d9ea42a2bfe7147f0a3b5ca8542bb6c1e1cce53d/pick_echo".[0m
2026-03-27 02:15:23 |[34;20m INFO     [0m|[34;20m nipype.workflow  [0m|[34;20m [Node] Setting-up "_provenance0" in "/local/nvme/ds004996_15.784026/ds/tmp/mriqc_wf/funcMRIQC/ComputeIQMs/d9ea42a2bfe7147f0a3b5ca8542bb6c1e1cce53d/provenance/mapflow/_provenance0".[0m
2026-03-27 02:15:23 |[34;20m INFO     [0m|[34;20m nipype.workflow  [0m|[34;20m [Node] Executing "_provenance0" <mriqc.interfaces.reports.AddProvenance>[0m
2026-03-27 02:15:23 |[34;20m INFO     [0m|[34;20m nipype.workflow  [0m|[34;20m [Node] Executing "pick_echo" <mriqc.interfaces.functional.SelectEcho>[0m
2026-03-27 02:15:23 |[34;20m INFO     [0m|[34;20m nipype.workflow  [0m|[34;20m [Node] Finished "pick_echo", elapsed time 0.000497s.[0m
2026-03-27 02:15:23 |[34;20m INFO     [0m|[34;20m nipype.workflow  [0m|[34;20m [Node] Finished "_provenance0", elapsed time 0.815148s.[0m
2026-03-27 02:15:24 |[34;20m INFO     [0m|[34;20m nipype.workflow  [0m|[34;20m [Node] Setting-up "_provenance0" in "/local/nvme/ds004996_15.784026/ds/tmp/mriqc_wf/funcMRIQC/ComputeIQMs/ea6faad846f0d9e1f0782a96c6cf6b25e420381a/provenance/mapflow/_provenance0".[0m
2026-03-27 02:15:24 |[34;20m INFO     [0m|[34;20m nipype.workflow  [0m|[34;20m [Node] Setting-up "mriqc_wf.funcMRIQC.pick_echo" in "/local/nvme/ds004996_15.784026/ds/tmp/mriqc_wf/funcMRIQC/ea6faad846f0d9e1f0782a96c6cf6b25e420381a/pick_echo".[0m
2026-03-27 02:15:24 |[34;20m INFO     [0m|[34;20m nipype.workflow  [0m|[34;20m [Node] Executing "_provenance0" <mriqc.interfaces.reports.AddProvenance>[0m
2026-03-27 02:15:24 |[34;20m INFO     [0m|[34;20m nipype.workflow  [0m|[34;20m [Node] Executing "pick_echo" <mriqc.interfaces.functional.SelectEcho>[0m
2026-03-27 02:15:24 |[34;20m INFO     [0m|[34;20m nipype.workflow  [0m|[34;20m [Node] Finished "pick_echo", elapsed time 0.000716s.[0m
2026-03-27 02:15:24 |[34;20m INFO     [0m|[34;20m nipype.workflow  [0m|[34;20m [Node] Finished "_provenance0", elapsed time 0.828825s.[0m
2026-03-27 02:15:25 |[34;20m INFO     [0m|[34;20m nipype.workflow  [0m|[34;20m [Node] Setting-up "mriqc_wf.funcMRIQC.non_steady_state_detector" in "/local/nvme/ds004996_15.784026/ds/tmp/mriqc_wf/funcMRIQC/99116aabb49286c399ad16005e69d83a7d1314a3/non_steady_state_detector".[0m
2026-03-27 02:15:25 |[34;20m INFO     [0m|[34;20m nipype.workflow  [0m|[34;20m [Node] Setting-up "mriqc_wf.funcMRIQC.non_steady_state_detector" in "/local/nvme/ds004996_15.784026/ds/tmp/mriqc_wf/funcMRIQC/d9ea42a2bfe7147f0a3b5ca8542bb6c1e1cce53d/non_steady_state_detector".[0m
2026-03-27 02:15:25 |[34;20m INFO     [0m|[34;20m nipype.workflow  [0m|[34;20m [Node] Setting-up "mriqc_wf.funcMRIQC.non_steady_state_detector" in "/local/nvme/ds004996_15.784026/ds/tmp/mriqc_wf/funcMRIQC/ea6faad846f0d9e1f0782a96c6cf6b25e420381a/non_steady_state_detector".[0m
2026-03-27 02:15:25 |[34;20m INFO     [0m|[34;20m nipype.workflow  [0m|[34;20m [Node] Executing "non_steady_state_detector" <nipype.algorithms.confounds.NonSteadyStateDetector>[0m
2026-03-27 02:15:25 |[34;20m INFO     [0m|[34;20m nipype.workflow  [0m|[34;20m [Node] Executing "non_steady_state_detector" <nipype.algorithms.confounds.NonSteadyStateDetector>[0m
2026-03-27 02:15:25 |[34;20m INFO     [0m|[34;20m nipype.workflow  [0m|[34;20m [Node] Executing "non_steady_state_detector" <nipype.algorithms.confounds.NonSteadyStateDetector>[0m
2026-03-27 02:15:25 |[34;20m INFO     [0m|[34;20m nipype.workflow  [0m|[34;20m [Node] Finished "non_steady_state_detector", elapsed time 0.028576s.[0m
2026-03-27 02:15:25 |[34;20m INFO     [0m|[34;20m nipype.workflow  [0m|[34;20m [Node] Finished "non_steady_state_detector", elapsed time 0.029523s.[0m
2026-03-27 02:15:25 |[34;20m INFO     [0m|[34;20m nipype.workflow  [0m|[34;20m [Node] Finished "non_steady_state_detector", elapsed time 0.029587s.[0m
2026-03-27 02:15:27 |[34;20m INFO     [0m|[34;20m nipype.workflow  [0m|[34;20m [Node] Setting-up "_sanitize0" in "/local/nvme/ds004996_15.784026/ds/tmp/mriqc_wf/funcMRIQC/ea6faad846f0d9e1f0782a96c6cf6b25e420381a/sanitize/mapflow/_sanitize0".[0m
2026-03-27 02:15:27 |[34;20m INFO     [0m|[34;20m nipype.workflow  [0m|[34;20m [Node] Setting-up "_sanitize0" in "/local/nvme/ds004996_15.784026/ds/tmp/mriqc_wf/funcMRIQC/99116aabb49286c399ad16005e69d83a7d1314a3/sanitize/mapflow/_sanitize0".[0m
2026-03-27 02:15:27 |[34;20m INFO     [0m|[34;20m nipype.workflow  [0m|[34;20m [Node] Setting-up "_sanitize0" in "/local/nvme/ds004996_15.784026/ds/tmp/mriqc_wf/funcMRIQC/d9ea42a2bfe7147f0a3b5ca8542bb6c1e1cce53d/sanitize/mapflow/_sanitize0".[0m
2026-03-27 02:15:27 |[34;20m INFO     [0m|[34;20m nipype.workflow  [0m|[34;20m [Node] Executing "_sanitize0" <niworkflows.interfaces.header.SanitizeImage>[0m
2026-03-27 02:15:27 |[34;20m INFO     [0m|[34;20m nipype.workflow  [0m|[34;20m [Node] Executing "_sanitize0" <niworkflows.interfaces.header.SanitizeImage>[0m
2026-03-27 02:15:27 |[34;20m INFO     [0m|[34;20m nipype.workflow  [0m|[34;20m [Node] Executing "_sanitize0" <niworkflows.interfaces.header.SanitizeImage>[0m
2026-03-27 02:15:27 |[34;20m INFO     [0m|[34;20m nipype.workflow  [0m|[34;20m [Node] Finished "_sanitize0", elapsed time 0.74755s.[0m
2026-03-27 02:15:27 |[34;20m INFO     [0m|[34;20m nipype.workflow  [0m|[34;20m [Node] Finished "_sanitize0", elapsed time 0.752613s.[0m
2026-03-27 02:15:27 |[34;20m INFO     [0m|[34;20m nipype.workflow  [0m|[34;20m [Node] Finished "_sanitize0", elapsed time 0.818403s.[0m
2026-03-27 02:15:29 |[34;20m INFO     [0m|[34;20m nipype.workflow  [0m|[34;20m [Node] Setting-up "mriqc_wf.funcMRIQC.fMRI_HMC.estimate_hm" in "/local/nvme/ds004996_15.784026/ds/tmp/mriqc_wf/funcMRIQC/fMRI_HMC/99116aabb49286c399ad16005e69d83a7d1314a3/estimate_hm".[0m
2026-03-27 02:15:29 |[34;20m INFO     [0m|[34;20m nipype.workflow  [0m|[34;20m [Node] Setting-up "mriqc_wf.funcMRIQC.fMRI_HMC.estimate_hm" in "/local/nvme/ds004996_15.784026/ds/tmp/mriqc_wf/funcMRIQC/fMRI_HMC/d9ea42a2bfe7147f0a3b5ca8542bb6c1e1cce53d/estimate_hm".[0m
2026-03-27 02:15:29 |[34;20m INFO     [0m|[34;20m nipype.workflow  [0m|[34;20m [Node] Setting-up "mriqc_wf.funcMRIQC.fMRI_HMC.estimate_hm" in "/local/nvme/ds004996_15.784026/ds/tmp/mriqc_wf/funcMRIQC/fMRI_HMC/ea6faad846f0d9e1f0782a96c6cf6b25e420381a/estimate_hm".[0m
2026-03-27 02:15:29 |[34;20m INFO     [0m|[34;20m nipype.workflow  [0m|[34;20m [Node] Executing "estimate_hm" <nipype.interfaces.afni.preprocess.Volreg>[0m
2026-03-27 02:15:29 |[34;20m INFO     [0m|[34;20m nipype.workflow  [0m|[34;20m [Node] Setting-up "_SpikesMask0" in "/local/nvme/ds004996_15.784026/ds/tmp/mriqc_wf/funcMRIQC/func_report_wf/99116aabb49286c399ad16005e69d83a7d1314a3/SpikesMask/mapflow/_SpikesMask0".[0m
2026-03-27 02:15:29 |[34;20m INFO     [0m|[34;20m nipype.workflow  [0m|[34;20m [Node] Executing "estimate_hm" <nipype.interfaces.afni.preprocess.Volreg>[0m
2026-03-27 02:15:29 |[34;20m INFO     [0m|[34;20m nipype.workflow  [0m|[34;20m [Node] Executing "_SpikesMask0" <nipype.interfaces.utility.wrappers.Function>[0m
2026-03-27 02:15:29 |[34;20m INFO     [0m|[34;20m nipype.workflow  [0m|[34;20m [Node] Executing "estimate_hm" <nipype.interfaces.afni.preprocess.Volreg>[0m
2026-03-27 02:15:29 |[34;20m INFO     [0m|[34;20m nipype.workflow  [0m|[34;20m [Node] Setting-up "_SpikesMask0" in "/local/nvme/ds004996_15.784026/ds/tmp/mriqc_wf/funcMRIQC/func_report_wf/d9ea42a2bfe7147f0a3b5ca8542bb6c1e1cce53d/SpikesMask/mapflow/_SpikesMask0".[0m
2026-03-27 02:15:29 |[34;20m INFO     [0m|[34;20m nipype.workflow  [0m|[34;20m [Node] Setting-up "_SpikesMask0" in "/local/nvme/ds004996_15.784026/ds/tmp/mriqc_wf/funcMRIQC/func_report_wf/ea6faad846f0d9e1f0782a96c6cf6b25e420381a/SpikesMask/mapflow/_SpikesMask0".[0m
2026-03-27 02:15:29 |[34;20m INFO     [0m|[34;20m nipype.workflow  [0m|[34;20m [Node] Executing "_SpikesMask0" <nipype.interfaces.utility.wrappers.Function>[0m
2026-03-27 02:15:29 |[34;20m INFO     [0m|[34;20m nipype.workflow  [0m|[34;20m [Node] Executing "_SpikesMask0" <nipype.interfaces.utility.wrappers.Function>[0m
2026-03-27 02:15:30 |[34;20m INFO     [0m|[34;20m nipype.workflow  [0m|[34;20m [Node] Finished "_SpikesMask0", elapsed time 1.588471s.[0m
2026-03-27 02:15:30 |[34;20m INFO     [0m|[34;20m nipype.workflow  [0m|[34;20m [Node] Finished "_SpikesMask0", elapsed time 1.593277s.[0m
2026-03-27 02:15:30 |[34;20m INFO     [0m|[34;20m nipype.workflow  [0m|[34;20m [Node] Finished "_SpikesMask0", elapsed time 1.603674s.[0m
2026-03-27 02:15:31 |[34;20m INFO     [0m|[34;20m nipype.workflow  [0m|[34;20m [Node] Setting-up "_SpikesFinderBgMask0" in "/local/nvme/ds004996_15.784026/ds/tmp/mriqc_wf/funcMRIQC/func_report_wf/99116aabb49286c399ad16005e69d83a7d1314a3/SpikesFinderBgMask/mapflow/_SpikesFinderBgMask0".[0m
2026-03-27 02:15:31 |[34;20m INFO     [0m|[34;20m nipype.workflow  [0m|[34;20m [Node] Setting-up "_SpikesFinderBgMask0" in "/local/nvme/ds004996_15.784026/ds/tmp/mriqc_wf/funcMRIQC/func_report_wf/d9ea42a2bfe7147f0a3b5ca8542bb6c1e1cce53d/SpikesFinderBgMask/mapflow/_SpikesFinderBgMask0".[0m
2026-03-27 02:15:31 |[34;20m INFO     [0m|[34;20m nipype.workflow  [0m|[34;20m [Node] Setting-up "_SpikesFinderBgMask0" in "/local/nvme/ds004996_15.784026/ds/tmp/mriqc_wf/funcMRIQC/func_report_wf/ea6faad846f0d9e1f0782a96c6cf6b25e420381a/SpikesFinderBgMask/mapflow/_SpikesFinderBgMask0".[0m
2026-03-27 02:15:31 |[34;20m INFO     [0m|[34;20m nipype.workflow  [0m|[34;20m [Node] Executing "_SpikesFinderBgMask0" <mriqc.interfaces.functional.Spikes>[0m
2026-03-27 02:15:31 |[34;20m INFO     [0m|[34;20m nipype.workflow  [0m|[34;20m [Node] Executing "_SpikesFinderBgMask0" <mriqc.interfaces.functional.Spikes>[0m
2026-03-27 02:15:31 |[34;20m INFO     [0m|[34;20m nipype.workflow  [0m|[34;20m [Node] Executing "_SpikesFinderBgMask0" <mriqc.interfaces.functional.Spikes>[0m
2026-03-27 02:15:33 |[34;20m INFO     [0m|[34;20m nipype.workflow  [0m|[34;20m [Node] Finished "_SpikesFinderBgMask0", elapsed time 2.749262s.[0m
2026-03-27 02:15:34 |[34;20m INFO     [0m|[34;20m nipype.workflow  [0m|[34;20m [Node] Finished "_SpikesFinderBgMask0", elapsed time 2.908147s.[0m
2026-03-27 02:15:34 |[34;20m INFO     [0m|[34;20m nipype.workflow  [0m|[34;20m [Node] Finished "_SpikesFinderBgMask0", elapsed time 2.9222479999999997s.[0m
2026-03-27 02:32:10 |[34;20m INFO     [0m|[34;20m nipype.workflow  [0m|[34;20m [Node] Finished "estimate_hm", elapsed time 1001.2298s.[0m
2026-03-27 02:32:11 |[34;20m INFO     [0m|[34;20m nipype.workflow  [0m|[34;20m [Node] Setting-up "mriqc_wf.funcMRIQC.fMRI_HMC.ComputeFD" in "/local/nvme/ds004996_15.784026/ds/tmp/mriqc_wf/funcMRIQC/fMRI_HMC/d9ea42a2bfe7147f0a3b5ca8542bb6c1e1cce53d/ComputeFD".[0m
2026-03-27 02:32:11 |[34;20m INFO     [0m|[34;20m nipype.workflow  [0m|[34;20m [Node] Executing "ComputeFD" <nipype.algorithms.confounds.FramewiseDisplacement>[0m
2026-03-27 02:32:11 |[34;20m INFO     [0m|[34;20m nipype.workflow  [0m|[34;20m [Node] Finished "ComputeFD", elapsed time 0.007054s.[0m
2026-03-27 02:32:16 |[34;20m INFO     [0m|[34;20m nipype.workflow  [0m|[34;20m [Node] Finished "estimate_hm", elapsed time 1006.984661s.[0m
2026-03-27 02:32:17 |[34;20m INFO     [0m|[34;20m nipype.workflow  [0m|[34;20m [Node] Setting-up "mriqc_wf.funcMRIQC.fMRI_HMC.ComputeFD" in "/local/nvme/ds004996_15.784026/ds/tmp/mriqc_wf/funcMRIQC/fMRI_HMC/ea6faad846f0d9e1f0782a96c6cf6b25e420381a/ComputeFD".[0m
2026-03-27 02:32:17 |[34;20m INFO     [0m|[34;20m nipype.workflow  [0m|[34;20m [Node] Executing "ComputeFD" <nipype.algorithms.confounds.FramewiseDisplacement>[0m
2026-03-27 02:32:17 |[34;20m INFO     [0m|[34;20m nipype.workflow  [0m|[34;20m [Node] Finished "ComputeFD", elapsed time 0.006828s.[0m
2026-03-27 02:32:44 |[34;20m INFO     [0m|[34;20m nipype.workflow  [0m|[34;20m [Node] Finished "estimate_hm", elapsed time 1035.360151s.[0m
2026-03-27 02:32:45 |[34;20m INFO     [0m|[34;20m nipype.workflow  [0m|[34;20m [Node] Setting-up "_apply_hmc0" in "/local/nvme/ds004996_15.784026/ds/tmp/mriqc_wf/funcMRIQC/fMRI_HMC/99116aabb49286c399ad16005e69d83a7d1314a3/apply_hmc/mapflow/_apply_hmc0".[0m
2026-03-27 02:32:45 |[34;20m INFO     [0m|[34;20m nipype.workflow  [0m|[34;20m [Node] Executing "_apply_hmc0" <nipype.interfaces.utility.wrappers.Function>[0m
2026-03-27 02:33:04 |[34;20m INFO     [0m|[34;20m nipype.workflow  [0m|[34;20m [Node] Finished "_apply_hmc0", elapsed time 19.108104s.[0m
2026-03-27 02:33:05 |[34;20m INFO     [0m|[34;20m nipype.workflow  [0m|[34;20m [Node] Setting-up "mriqc_wf.funcMRIQC.fMRI_HMC.ComputeFD" in "/local/nvme/ds004996_15.784026/ds/tmp/mriqc_wf/funcMRIQC/fMRI_HMC/99116aabb49286c399ad16005e69d83a7d1314a3/ComputeFD".[0m
2026-03-27 02:33:05 |[34;20m INFO     [0m|[34;20m nipype.workflow  [0m|[34;20m [Node] Executing "ComputeFD" <nipype.algorithms.confounds.FramewiseDisplacement>[0m
2026-03-27 02:33:05 |[34;20m INFO     [0m|[34;20m nipype.workflow  [0m|[34;20m [Node] Setting-up "_mean0" in "/local/nvme/ds004996_15.784026/ds/tmp/mriqc_wf/funcMRIQC/99116aabb49286c399ad16005e69d83a7d1314a3/mean/mapflow/_mean0".[0m
2026-03-27 02:33:05 |[34;20m INFO     [0m|[34;20m nipype.workflow  [0m|[34;20m [Node] Setting-up "_quality0" in "/local/nvme/ds004996_15.784026/ds/tmp/mriqc_wf/funcMRIQC/ComputeIQMs/99116aabb49286c399ad16005e69d83a7d1314a3/quality/mapflow/_quality0".[0m
2026-03-27 02:33:05 |[34;20m INFO     [0m|[34;20m nipype.workflow  [0m|[34;20m [Node] Setting-up "_compute_tsnr0" in "/local/nvme/ds004996_15.784026/ds/tmp/mriqc_wf/funcMRIQC/99116aabb49286c399ad16005e69d83a7d1314a3/compute_tsnr/mapflow/_compute_tsnr0".[0m
2026-03-27 02:33:05 |[34;20m INFO     [0m|[34;20m nipype.workflow  [0m|[34;20m [Node] Executing "_mean0" <nipype.interfaces.afni.utils.TStat>[0m
2026-03-27 02:33:05 |[34;20m INFO     [0m|[34;20m nipype.workflow  [0m|[34;20m [Node] Executing "_quality0" <nipype.interfaces.afni.preprocess.QualityIndex>[0m
2026-03-27 02:33:05 |[34;20m INFO     [0m|[34;20m nipype.workflow  [0m|[34;20m [Node] Executing "_compute_tsnr0" <nipype.algorithms.confounds.TSNR>[0m
2026-03-27 02:33:05 |[34;20m INFO     [0m|[34;20m nipype.workflow  [0m|[34;20m [Node] Finished "ComputeFD", elapsed time 0.008658s.[0m
2026-03-27 02:33:07 |[34;20m INFO     [0m|[34;20m nipype.workflow  [0m|[34;20m [Node] Finished "_compute_tsnr0", elapsed time 2.053092s.[0m
2026-03-27 02:33:08 |[34;20m INFO     [0m|[34;20m nipype.workflow  [0m|[34;20m [Node] Finished "_mean0", elapsed time 3.197916s.[0m
2026-03-27 02:33:09 |[34;20m INFO     [0m|[34;20m nipype.workflow  [0m|[34;20m [Node] Setting-up "mriqc_wf.funcMRIQC.synthstrip_wf.pre_clip" in "/local/nvme/ds004996_15.784026/ds/tmp/mriqc_wf/funcMRIQC/synthstrip_wf/99116aabb49286c399ad16005e69d83a7d1314a3/pre_clip".[0m
2026-03-27 02:33:09 |[34;20m INFO     [0m|[34;20m nipype.workflow  [0m|[34;20m [Node] Setting-up "mriqc_wf.funcMRIQC.SpatialNormalization.SharpenEPI" in "/local/nvme/ds004996_15.784026/ds/tmp/mriqc_wf/funcMRIQC/SpatialNormalization/99116aabb49286c399ad16005e69d83a7d1314a3/SharpenEPI".[0m
2026-03-27 02:33:09 |[34;20m INFO     [0m|[34;20m nipype.workflow  [0m|[34;20m [Node] Executing "pre_clip" <niworkflows.interfaces.nibabel.IntensityClip>[0m
2026-03-27 02:33:09 |[34;20m INFO     [0m|[34;20m nipype.workflow  [0m|[34;20m [Node] Executing "SharpenEPI" <nipype.interfaces.ants.segmentation.N4BiasFieldCorrection>[0m
2026-03-27 02:33:09 |[34;20m INFO     [0m|[34;20m nipype.workflow  [0m|[34;20m [Node] Setting-up "_PlotMosaicMean0" in "/local/nvme/ds004996_15.784026/ds/tmp/mriqc_wf/funcMRIQC/func_report_wf/99116aabb49286c399ad16005e69d83a7d1314a3/PlotMosaicMean/mapflow/_PlotMosaicMean0".[0m
2026-03-27 02:33:09 |[34;20m INFO     [0m|[34;20m nipype.workflow  [0m|[34;20m [Node] Executing "_PlotMosaicMean0" <nireports.interfaces.mosaic.PlotMosaic>[0m
2026-03-27 02:33:09 |[34;20m INFO     [0m|[34;20m nipype.workflow  [0m|[34;20m [Node] Setting-up "_PlotMosaicNoise0" in "/local/nvme/ds004996_15.784026/ds/tmp/mriqc_wf/funcMRIQC/func_report_wf/99116aabb49286c399ad16005e69d83a7d1314a3/PlotMosaicNoise/mapflow/_PlotMosaicNoise0".[0m
2026-03-27 02:33:09 |[34;20m INFO     [0m|[34;20m nipype.workflow  [0m|[34;20m [Node] Setting-up "_PlotMosaicSD0" in "/local/nvme/ds004996_15.784026/ds/tmp/mriqc_wf/funcMRIQC/func_report_wf/99116aabb49286c399ad16005e69d83a7d1314a3/PlotMosaicSD/mapflow/_PlotMosaicSD0".[0m
2026-03-27 02:33:09 |[34;20m INFO     [0m|[34;20m nipype.workflow  [0m|[34;20m [Node] Executing "_PlotMosaicNoise0" <nireports.interfaces.mosaic.PlotMosaic>[0m
2026-03-27 02:33:09 |[34;20m INFO     [0m|[34;20m nipype.workflow  [0m|[34;20m [Node] Executing "_PlotMosaicSD0" <nireports.interfaces.mosaic.PlotMosaic>[0m
2026-03-27 02:33:10 |[34;20m INFO     [0m|[34;20m nipype.workflow  [0m|[34;20m [Node] Finished "pre_clip", elapsed time 0.80531s.[0m
2026-03-27 02:33:10 |[34;20m INFO     [0m|[34;20m nipype.workflow  [0m|[34;20m [Node] Finished "_PlotMosaicNoise0", elapsed time 1.400586s.[0m
2026-03-27 02:33:10 |[34;20m INFO     [0m|[34;20m nipype.workflow  [0m|[34;20m [Node] Finished "_PlotMosaicMean0", elapsed time 1.476245s.[0m
2026-03-27 02:33:10 |[34;20m INFO     [0m|[34;20m nipype.workflow  [0m|[34;20m [Node] Finished "_PlotMosaicSD0", elapsed time 1.4957150000000001s.[0m
2026-03-27 02:33:11 |[34;20m INFO     [0m|[34;20m nipype.workflow  [0m|[34;20m [Node] Setting-up "_ds_report_mean0" in "/local/nvme/ds004996_15.784026/ds/tmp/mriqc_wf/funcMRIQC/func_report_wf/99116aabb49286c399ad16005e69d83a7d1314a3/ds_report_mean/mapflow/_ds_report_mean0".[0m
2026-03-27 02:33:11 |[34;20m INFO     [0m|[34;20m nipype.workflow  [0m|[34;20m [Node] Executing "_ds_report_mean0" <mriqc.interfaces.DerivativesDataSink>[0m
2026-03-27 02:33:11 |[34;20m INFO     [0m|[34;20m nipype.workflow  [0m|[34;20m [Node] Finished "_ds_report_mean0", elapsed time 0.008795s.[0m
2026-03-27 02:33:11 |[34;20m INFO     [0m|[34;20m nipype.workflow  [0m|[34;20m [Node] Setting-up "_ds_report_background0" in "/local/nvme/ds004996_15.784026/ds/tmp/mriqc_wf/funcMRIQC/func_report_wf/99116aabb49286c399ad16005e69d83a7d1314a3/ds_report_background/mapflow/_ds_report_background0".[0m
2026-03-27 02:33:11 |[34;20m INFO     [0m|[34;20m nipype.workflow  [0m|[34;20m [Node] Executing "_ds_report_background0" <mriqc.interfaces.DerivativesDataSink>[0m
2026-03-27 02:33:11 |[34;20m INFO     [0m|[34;20m nipype.workflow  [0m|[34;20m [Node] Finished "_ds_report_background0", elapsed time 0.005204s.[0m
2026-03-27 02:33:11 |[34;20m INFO     [0m|[34;20m nipype.workflow  [0m|[34;20m [Node] Setting-up "_ds_report_stdev0" in "/local/nvme/ds004996_15.784026/ds/tmp/mriqc_wf/funcMRIQC/func_report_wf/99116aabb49286c399ad16005e69d83a7d1314a3/ds_report_stdev/mapflow/_ds_report_stdev0".[0m
2026-03-27 02:33:11 |[34;20m INFO     [0m|[34;20m nipype.workflow  [0m|[34;20m [Node] Executing "_ds_report_stdev0" <mriqc.interfaces.DerivativesDataSink>[0m
2026-03-27 02:33:11 |[34;20m INFO     [0m|[34;20m nipype.workflow  [0m|[34;20m [Node] Finished "_ds_report_stdev0", elapsed time 0.005345s.[0m
2026-03-27 02:33:13 |[34;20m INFO     [0m|[34;20m nipype.workflow  [0m|[34;20m [Node] Finished "SharpenEPI", elapsed time 4.309222s.[0m
2026-03-27 02:33:15 |[34;20m INFO     [0m|[34;20m nipype.workflow  [0m|[34;20m [Node] Finished "_quality0", elapsed time 10.612255s.[0m
2026-03-27 02:33:17 |[34;20m INFO     [0m|[34;20m nipype.workflow  [0m|[34;20m [Node] Setting-up "_apply_hmc0" in "/local/nvme/ds004996_15.784026/ds/tmp/mriqc_wf/funcMRIQC/fMRI_HMC/d9ea42a2bfe7147f0a3b5ca8542bb6c1e1cce53d/apply_hmc/mapflow/_apply_hmc0".[0m
2026-03-27 02:33:17 |[34;20m INFO     [0m|[34;20m nipype.workflow  [0m|[34;20m [Node] Executing "_apply_hmc0" <nipype.interfaces.utility.wrappers.Function>[0m
2026-03-27 02:33:36 |[34;20m INFO     [0m|[34;20m nipype.workflow  [0m|[34;20m [Node] Finished "_apply_hmc0", elapsed time 19.376928s.[0m
2026-03-27 02:33:37 |[34;20m INFO     [0m|[34;20m nipype.workflow  [0m|[34;20m [Node] Setting-up "_apply_hmc0" in "/local/nvme/ds004996_15.784026/ds/tmp/mriqc_wf/funcMRIQC/fMRI_HMC/ea6faad846f0d9e1f0782a96c6cf6b25e420381a/apply_hmc/mapflow/_apply_hmc0".[0m
2026-03-27 02:33:37 |[34;20m INFO     [0m|[34;20m nipype.workflow  [0m|[34;20m [Node] Executing "_apply_hmc0" <nipype.interfaces.utility.wrappers.Function>[0m
2026-03-27 02:33:57 |[34;20m INFO     [0m|[34;20m nipype.workflow  [0m|[34;20m [Node] Finished "_apply_hmc0", elapsed time 20.195107s.[0m
2026-03-27 02:33:59 |[34;20m INFO     [0m|[34;20m nipype.workflow  [0m|[34;20m [Node] Setting-up "_compute_tsnr0" in "/local/nvme/ds004996_15.784026/ds/tmp/mriqc_wf/funcMRIQC/d9ea42a2bfe7147f0a3b5ca8542bb6c1e1cce53d/compute_tsnr/mapflow/_compute_tsnr0".[0m
2026-03-27 02:33:59 |[34;20m INFO     [0m|[34;20m nipype.workflow  [0m|[34;20m [Node] Executing "_compute_tsnr0" <nipype.algorithms.confounds.TSNR>[0m
2026-03-27 02:33:59 |[34;20m INFO     [0m|[34;20m nipype.workflow  [0m|[34;20m [Node] Setting-up "_quality0" in "/local/nvme/ds004996_15.784026/ds/tmp/mriqc_wf/funcMRIQC/ComputeIQMs/d9ea42a2bfe7147f0a3b5ca8542bb6c1e1cce53d/quality/mapflow/_quality0".[0m
2026-03-27 02:33:59 |[34;20m INFO     [0m|[34;20m nipype.workflow  [0m|[34;20m [Node] Executing "_quality0" <nipype.interfaces.afni.preprocess.QualityIndex>[0m
2026-03-27 02:33:59 |[34;20m INFO     [0m|[34;20m nipype.workflow  [0m|[34;20m [Node] Setting-up "_mean0" in "/local/nvme/ds004996_15.784026/ds/tmp/mriqc_wf/funcMRIQC/ea6faad846f0d9e1f0782a96c6cf6b25e420381a/mean/mapflow/_mean0".[0m
2026-03-27 02:33:59 |[34;20m INFO     [0m|[34;20m nipype.workflow  [0m|[34;20m [Node] Setting-up "_mean0" in "/local/nvme/ds004996_15.784026/ds/tmp/mriqc_wf/funcMRIQC/d9ea42a2bfe7147f0a3b5ca8542bb6c1e1cce53d/mean/mapflow/_mean0".[0m
2026-03-27 02:33:59 |[34;20m INFO     [0m|[34;20m nipype.workflow  [0m|[34;20m [Node] Executing "_mean0" <nipype.interfaces.afni.utils.TStat>[0m
2026-03-27 02:33:59 |[34;20m INFO     [0m|[34;20m nipype.workflow  [0m|[34;20m [Node] Setting-up "_compute_tsnr0" in "/local/nvme/ds004996_15.784026/ds/tmp/mriqc_wf/funcMRIQC/ea6faad846f0d9e1f0782a96c6cf6b25e420381a/compute_tsnr/mapflow/_compute_tsnr0".[0m
2026-03-27 02:33:59 |[34;20m INFO     [0m|[34;20m nipype.workflow  [0m|[34;20m [Node] Executing "_mean0" <nipype.interfaces.afni.utils.TStat>[0m
2026-03-27 02:33:59 |[34;20m INFO     [0m|[34;20m nipype.workflow  [0m|[34;20m [Node] Executing "_compute_tsnr0" <nipype.algorithms.confounds.TSNR>[0m
2026-03-27 02:33:59 |[34;20m INFO     [0m|[34;20m nipype.workflow  [0m|[34;20m [Node] Setting-up "_quality0" in "/local/nvme/ds004996_15.784026/ds/tmp/mriqc_wf/funcMRIQC/ComputeIQMs/ea6faad846f0d9e1f0782a96c6cf6b25e420381a/quality/mapflow/_quality0".[0m
2026-03-27 02:33:59 |[34;20m INFO     [0m|[34;20m nipype.workflow  [0m|[34;20m [Node] Executing "_quality0" <nipype.interfaces.afni.preprocess.QualityIndex>[0m
2026-03-27 02:34:02 |[34;20m INFO     [0m|[34;20m nipype.workflow  [0m|[34;20m [Node] Finished "_mean0", elapsed time 3.240883s.[0m
2026-03-27 02:34:02 |[34;20m INFO     [0m|[34;20m nipype.workflow  [0m|[34;20m [Node] Finished "_compute_tsnr0", elapsed time 3.63654s.[0m
2026-03-27 02:34:02 |[34;20m INFO     [0m|[34;20m nipype.workflow  [0m|[34;20m [Node] Finished "_mean0", elapsed time 3.692942s.[0m
2026-03-27 02:34:02 |[34;20m INFO     [0m|[34;20m nipype.workflow  [0m|[34;20m [Node] Finished "_compute_tsnr0", elapsed time 3.737812s.[0m
2026-03-27 02:34:03 |[34;20m INFO     [0m|[34;20m nipype.workflow  [0m|[34;20m [Node] Setting-up "mriqc_wf.funcMRIQC.synthstrip_wf.pre_clip" in "/local/nvme/ds004996_15.784026/ds/tmp/mriqc_wf/funcMRIQC/synthstrip_wf/d9ea42a2bfe7147f0a3b5ca8542bb6c1e1cce53d/pre_clip".[0m
2026-03-27 02:34:03 |[34;20m INFO     [0m|[34;20m nipype.workflow  [0m|[34;20m [Node] Setting-up "mriqc_wf.funcMRIQC.synthstrip_wf.pre_clip" in "/local/nvme/ds004996_15.784026/ds/tmp/mriqc_wf/funcMRIQC/synthstrip_wf/ea6faad846f0d9e1f0782a96c6cf6b25e420381a/pre_clip".[0m
2026-03-27 02:34:03 |[34;20m INFO     [0m|[34;20m nipype.workflow  [0m|[34;20m [Node] Setting-up "_PlotMosaicMean0" in "/local/nvme/ds004996_15.784026/ds/tmp/mriqc_wf/funcMRIQC/func_report_wf/d9ea42a2bfe7147f0a3b5ca8542bb6c1e1cce53d/PlotMosaicMean/mapflow/_PlotMosaicMean0".[0m
2026-03-27 02:34:03 |[34;20m INFO     [0m|[34;20m nipype.workflow  [0m|[34;20m [Node] Setting-up "mriqc_wf.funcMRIQC.SpatialNormalization.SharpenEPI" in "/local/nvme/ds004996_15.784026/ds/tmp/mriqc_wf/funcMRIQC/SpatialNormalization/d9ea42a2bfe7147f0a3b5ca8542bb6c1e1cce53d/SharpenEPI".[0m
2026-03-27 02:34:03 |[34;20m INFO     [0m|[34;20m nipype.workflow  [0m|[34;20m [Node] Executing "pre_clip" <niworkflows.interfaces.nibabel.IntensityClip>[0m
2026-03-27 02:34:03 |[34;20m INFO     [0m|[34;20m nipype.workflow  [0m|[34;20m [Node] Setting-up "_PlotMosaicNoise0" in "/local/nvme/ds004996_15.784026/ds/tmp/mriqc_wf/funcMRIQC/func_report_wf/d9ea42a2bfe7147f0a3b5ca8542bb6c1e1cce53d/PlotMosaicNoise/mapflow/_PlotMosaicNoise0".[0m
2026-03-27 02:34:03 |[34;20m INFO     [0m|[34;20m nipype.workflow  [0m|[34;20m [Node] Executing "pre_clip" <niworkflows.interfaces.nibabel.IntensityClip>[0m
2026-03-27 02:34:03 |[34;20m INFO     [0m|[34;20m nipype.workflow  [0m|[34;20m [Node] Setting-up "_PlotMosaicSD0" in "/local/nvme/ds004996_15.784026/ds/tmp/mriqc_wf/funcMRIQC/func_report_wf/d9ea42a2bfe7147f0a3b5ca8542bb6c1e1cce53d/PlotMosaicSD/mapflow/_PlotMosaicSD0".[0m
2026-03-27 02:34:03 |[34;20m INFO     [0m|[34;20m nipype.workflow  [0m|[34;20m [Node] Executing "_PlotMosaicMean0" <nireports.interfaces.mosaic.PlotMosaic>[0m
2026-03-27 02:34:03 |[34;20m INFO     [0m|[34;20m nipype.workflow  [0m|[34;20m [Node] Executing "_PlotMosaicNoise0" <nireports.interfaces.mosaic.PlotMosaic>[0m
2026-03-27 02:34:03 |[34;20m INFO     [0m|[34;20m nipype.workflow  [0m|[34;20m [Node] Executing "_PlotMosaicSD0" <nireports.interfaces.mosaic.PlotMosaic>[0m
2026-03-27 02:34:03 |[34;20m INFO     [0m|[34;20m nipype.workflow  [0m|[34;20m [Node] Executing "SharpenEPI" <nipype.interfaces.ants.segmentation.N4BiasFieldCorrection>[0m
2026-03-27 02:34:04 |[34;20m INFO     [0m|[34;20m nipype.workflow  [0m|[34;20m [Node] Finished "pre_clip", elapsed time 0.802215s.[0m
2026-03-27 02:34:04 |[34;20m INFO     [0m|[34;20m nipype.workflow  [0m|[34;20m [Node] Finished "pre_clip", elapsed time 0.808774s.[0m
2026-03-27 02:34:04 |[34;20m INFO     [0m|[34;20m nipype.workflow  [0m|[34;20m [Node] Finished "_PlotMosaicSD0", elapsed time 1.3479320000000001s.[0m
2026-03-27 02:34:04 |[34;20m INFO     [0m|[34;20m nipype.workflow  [0m|[34;20m [Node] Finished "_PlotMosaicNoise0", elapsed time 1.425608s.[0m
2026-03-27 02:34:04 |[34;20m INFO     [0m|[34;20m nipype.workflow  [0m|[34;20m [Node] Finished "_PlotMosaicMean0", elapsed time 1.443236s.[0m
2026-03-27 02:34:05 |[34;20m INFO     [0m|[34;20m nipype.workflow  [0m|[34;20m [Node] Setting-up "mriqc_wf.funcMRIQC.SpatialNormalization.SharpenEPI" in "/local/nvme/ds004996_15.784026/ds/tmp/mriqc_wf/funcMRIQC/SpatialNormalization/ea6faad846f0d9e1f0782a96c6cf6b25e420381a/SharpenEPI".[0m
2026-03-27 02:34:05 |[34;20m INFO     [0m|[34;20m nipype.workflow  [0m|[34;20m [Node] Executing "SharpenEPI" <nipype.interfaces.ants.segmentation.N4BiasFieldCorrection>[0m
2026-03-27 02:34:05 |[34;20m INFO     [0m|[34;20m nipype.workflow  [0m|[34;20m [Node] Setting-up "_PlotMosaicMean0" in "/local/nvme/ds004996_15.784026/ds/tmp/mriqc_wf/funcMRIQC/func_report_wf/ea6faad846f0d9e1f0782a96c6cf6b25e420381a/PlotMosaicMean/mapflow/_PlotMosaicMean0".[0m
2026-03-27 02:34:05 |[34;20m INFO     [0m|[34;20m nipype.workflow  [0m|[34;20m [Node] Executing "_PlotMosaicMean0" <nireports.interfaces.mosaic.PlotMosaic>[0m
2026-03-27 02:34:05 |[34;20m INFO     [0m|[34;20m nipype.workflow  [0m|[34;20m [Node] Setting-up "_PlotMosaicNoise0" in "/local/nvme/ds004996_15.784026/ds/tmp/mriqc_wf/funcMRIQC/func_report_wf/ea6faad846f0d9e1f0782a96c6cf6b25e420381a/PlotMosaicNoise/mapflow/_PlotMosaicNoise0".[0m
2026-03-27 02:34:05 |[34;20m INFO     [0m|[34;20m nipype.workflow  [0m|[34;20m [Node] Setting-up "_PlotMosaicSD0" in "/local/nvme/ds004996_15.784026/ds/tmp/mriqc_wf/funcMRIQC/func_report_wf/ea6faad846f0d9e1f0782a96c6cf6b25e420381a/PlotMosaicSD/mapflow/_PlotMosaicSD0".[0m
2026-03-27 02:34:05 |[34;20m INFO     [0m|[34;20m nipype.workflow  [0m|[34;20m [Node] Executing "_PlotMosaicNoise0" <nireports.interfaces.mosaic.PlotMosaic>[0m
2026-03-27 02:34:05 |[34;20m INFO     [0m|[34;20m nipype.workflow  [0m|[34;20m [Node] Executing "_PlotMosaicSD0" <nireports.interfaces.mosaic.PlotMosaic>[0m
2026-03-27 02:34:05 |[34;20m INFO     [0m|[34;20m nipype.workflow  [0m|[34;20m [Node] Setting-up "_ds_report_mean0" in "/local/nvme/ds004996_15.784026/ds/tmp/mriqc_wf/funcMRIQC/func_report_wf/d9ea42a2bfe7147f0a3b5ca8542bb6c1e1cce53d/ds_report_mean/mapflow/_ds_report_mean0".[0m
2026-03-27 02:34:05 |[34;20m INFO     [0m|[34;20m nipype.workflow  [0m|[34;20m [Node] Executing "_ds_report_mean0" <mriqc.interfaces.DerivativesDataSink>[0m
2026-03-27 02:34:05 |[34;20m INFO     [0m|[34;20m nipype.workflow  [0m|[34;20m [Node] Finished "_ds_report_mean0", elapsed time 0.007227s.[0m
2026-03-27 02:34:05 |[34;20m INFO     [0m|[34;20m nipype.workflow  [0m|[34;20m [Node] Setting-up "_ds_report_background0" in "/local/nvme/ds004996_15.784026/ds/tmp/mriqc_wf/funcMRIQC/func_report_wf/d9ea42a2bfe7147f0a3b5ca8542bb6c1e1cce53d/ds_report_background/mapflow/_ds_report_background0".[0m
2026-03-27 02:34:05 |[34;20m INFO     [0m|[34;20m nipype.workflow  [0m|[34;20m [Node] Executing "_ds_report_background0" <mriqc.interfaces.DerivativesDataSink>[0m
2026-03-27 02:34:05 |[34;20m INFO     [0m|[34;20m nipype.workflow  [0m|[34;20m [Node] Finished "_ds_report_background0", elapsed time 0.005534s.[0m
2026-03-27 02:34:05 |[34;20m INFO     [0m|[34;20m nipype.workflow  [0m|[34;20m [Node] Setting-up "_ds_report_stdev0" in "/local/nvme/ds004996_15.784026/ds/tmp/mriqc_wf/funcMRIQC/func_report_wf/d9ea42a2bfe7147f0a3b5ca8542bb6c1e1cce53d/ds_report_stdev/mapflow/_ds_report_stdev0".[0m
2026-03-27 02:34:05 |[34;20m INFO     [0m|[34;20m nipype.workflow  [0m|[34;20m [Node] Executing "_ds_report_stdev0" <mriqc.interfaces.DerivativesDataSink>[0m
2026-03-27 02:34:05 |[34;20m INFO     [0m|[34;20m nipype.workflow  [0m|[34;20m [Node] Finished "_ds_report_stdev0", elapsed time 0.005161s.[0m
2026-03-27 02:34:06 |[34;20m INFO     [0m|[34;20m nipype.workflow  [0m|[34;20m [Node] Finished "_PlotMosaicNoise0", elapsed time 1.623808s.[0m
2026-03-27 02:34:06 |[34;20m INFO     [0m|[34;20m nipype.workflow  [0m|[34;20m [Node] Finished "_PlotMosaicMean0", elapsed time 1.686251s.[0m
2026-03-27 02:34:06 |[34;20m INFO     [0m|[34;20m nipype.workflow  [0m|[34;20m [Node] Finished "_PlotMosaicSD0", elapsed time 1.7123059999999999s.[0m
2026-03-27 02:34:07 |[34;20m INFO     [0m|[34;20m nipype.workflow  [0m|[34;20m [Node] Setting-up "_ds_report_mean0" in "/local/nvme/ds004996_15.784026/ds/tmp/mriqc_wf/funcMRIQC/func_report_wf/ea6faad846f0d9e1f0782a96c6cf6b25e420381a/ds_report_mean/mapflow/_ds_report_mean0".[0m
2026-03-27 02:34:07 |[34;20m INFO     [0m|[34;20m nipype.workflow  [0m|[34;20m [Node] Executing "_ds_report_mean0" <mriqc.interfaces.DerivativesDataSink>[0m
2026-03-27 02:34:07 |[34;20m INFO     [0m|[34;20m nipype.workflow  [0m|[34;20m [Node] Finished "_ds_report_mean0", elapsed time 0.005571s.[0m
2026-03-27 02:34:07 |[34;20m INFO     [0m|[34;20m nipype.workflow  [0m|[34;20m [Node] Setting-up "_ds_report_background0" in "/local/nvme/ds004996_15.784026/ds/tmp/mriqc_wf/funcMRIQC/func_report_wf/ea6faad846f0d9e1f0782a96c6cf6b25e420381a/ds_report_background/mapflow/_ds_report_background0".[0m
2026-03-27 02:34:07 |[34;20m INFO     [0m|[34;20m nipype.workflow  [0m|[34;20m [Node] Executing "_ds_report_background0" <mriqc.interfaces.DerivativesDataSink>[0m
2026-03-27 02:34:07 |[34;20m INFO     [0m|[34;20m nipype.workflow  [0m|[34;20m [Node] Finished "_ds_report_background0", elapsed time 0.005379s.[0m
2026-03-27 02:34:07 |[34;20m INFO     [0m|[34;20m nipype.workflow  [0m|[34;20m [Node] Setting-up "_ds_report_stdev0" in "/local/nvme/ds004996_15.784026/ds/tmp/mriqc_wf/funcMRIQC/func_report_wf/ea6faad846f0d9e1f0782a96c6cf6b25e420381a/ds_report_stdev/mapflow/_ds_report_stdev0".[0m
2026-03-27 02:34:07 |[34;20m INFO     [0m|[34;20m nipype.workflow  [0m|[34;20m [Node] Executing "_ds_report_stdev0" <mriqc.interfaces.DerivativesDataSink>[0m
2026-03-27 02:34:07 |[34;20m INFO     [0m|[34;20m nipype.workflow  [0m|[34;20m [Node] Finished "_ds_report_stdev0", elapsed time 0.005001s.[0m
2026-03-27 02:34:08 |[34;20m INFO     [0m|[34;20m nipype.workflow  [0m|[34;20m [Node] Finished "SharpenEPI", elapsed time 4.618778s.[0m
2026-03-27 02:34:10 |[34;20m INFO     [0m|[34;20m nipype.workflow  [0m|[34;20m [Node] Finished "SharpenEPI", elapsed time 4.655078s.[0m
2026-03-27 02:34:10 |[34;20m INFO     [0m|[34;20m nipype.workflow  [0m|[34;20m [Node] Finished "_quality0", elapsed time 11.505253s.[0m
2026-03-27 02:34:11 |[34;20m INFO     [0m|[34;20m nipype.workflow  [0m|[34;20m [Node] Finished "_quality0", elapsed time 12.22793s.[0m
2026-03-27 02:34:13 |[34;20m INFO     [0m|[34;20m nipype.workflow  [0m|[34;20m [Node] Setting-up "mriqc_wf.funcMRIQC.synthstrip_wf.pre_n4" in "/local/nvme/ds004996_15.784026/ds/tmp/mriqc_wf/funcMRIQC/synthstrip_wf/99116aabb49286c399ad16005e69d83a7d1314a3/pre_n4".[0m
2026-03-27 02:34:13 |[34;20m INFO     [0m|[34;20m nipype.workflow  [0m|[34;20m [Node] Executing "pre_n4" <nipype.interfaces.ants.segmentation.N4BiasFieldCorrection>[0m
2026-03-27 02:34:15 |[34;20m INFO     [0m|[34;20m nipype.workflow  [0m|[34;20m [Node] Finished "pre_n4", elapsed time 1.391341s.[0m
2026-03-27 02:34:17 |[34;20m INFO     [0m|[34;20m nipype.workflow  [0m|[34;20m [Node] Setting-up "mriqc_wf.funcMRIQC.synthstrip_wf.pre_n4" in "/local/nvme/ds004996_15.784026/ds/tmp/mriqc_wf/funcMRIQC/synthstrip_wf/d9ea42a2bfe7147f0a3b5ca8542bb6c1e1cce53d/pre_n4".[0m
2026-03-27 02:34:17 |[34;20m INFO     [0m|[34;20m nipype.workflow  [0m|[34;20m [Node] Executing "pre_n4" <nipype.interfaces.ants.segmentation.N4BiasFieldCorrection>[0m
2026-03-27 02:34:18 |[34;20m INFO     [0m|[34;20m nipype.workflow  [0m|[34;20m [Node] Finished "pre_n4", elapsed time 1.2627329999999999s.[0m
2026-03-27 02:34:19 |[34;20m INFO     [0m|[34;20m nipype.workflow  [0m|[34;20m [Node] Setting-up "mriqc_wf.funcMRIQC.synthstrip_wf.pre_n4" in "/local/nvme/ds004996_15.784026/ds/tmp/mriqc_wf/funcMRIQC/synthstrip_wf/ea6faad846f0d9e1f0782a96c6cf6b25e420381a/pre_n4".[0m
2026-03-27 02:34:19 |[34;20m INFO     [0m|[34;20m nipype.workflow  [0m|[34;20m [Node] Executing "pre_n4" <nipype.interfaces.ants.segmentation.N4BiasFieldCorrection>[0m
2026-03-27 02:34:20 |[34;20m INFO     [0m|[34;20m nipype.workflow  [0m|[34;20m [Node] Finished "pre_n4", elapsed time 1.29571s.[0m
2026-03-27 02:34:21 |[34;20m INFO     [0m|[34;20m nipype.workflow  [0m|[34;20m [Node] Setting-up "mriqc_wf.funcMRIQC.synthstrip_wf.synthstrip" in "/local/nvme/ds004996_15.784026/ds/tmp/mriqc_wf/funcMRIQC/synthstrip_wf/99116aabb49286c399ad16005e69d83a7d1314a3/synthstrip".[0m
2026-03-27 02:34:21 |[34;20m INFO     [0m|[34;20m nipype.workflow  [0m|[34;20m [Node] Executing "synthstrip" <mriqc.interfaces.synthstrip.SynthStrip>[0m
2026-03-27 02:34:39 |[34;20m INFO     [0m|[34;20m nipype.workflow  [0m|[34;20m [Node] Finished "synthstrip", elapsed time 18.190199s.[0m
2026-03-27 02:34:41 |[34;20m INFO     [0m|[34;20m nipype.workflow  [0m|[34;20m [Node] Setting-up "mriqc_wf.funcMRIQC.synthstrip_wf.synthstrip" in "/local/nvme/ds004996_15.784026/ds/tmp/mriqc_wf/funcMRIQC/synthstrip_wf/d9ea42a2bfe7147f0a3b5ca8542bb6c1e1cce53d/synthstrip".[0m
2026-03-27 02:34:41 |[34;20m INFO     [0m|[34;20m nipype.workflow  [0m|[34;20m [Node] Executing "synthstrip" <mriqc.interfaces.synthstrip.SynthStrip>[0m
2026-03-27 02:34:56 |[34;20m INFO     [0m|[34;20m nipype.workflow  [0m|[34;20m [Node] Finished "synthstrip", elapsed time 15.635361s.[0m
2026-03-27 02:34:57 |[34;20m INFO     [0m|[34;20m nipype.workflow  [0m|[34;20m [Node] Setting-up "mriqc_wf.funcMRIQC.synthstrip_wf.synthstrip" in "/local/nvme/ds004996_15.784026/ds/tmp/mriqc_wf/funcMRIQC/synthstrip_wf/ea6faad846f0d9e1f0782a96c6cf6b25e420381a/synthstrip".[0m
2026-03-27 02:34:57 |[34;20m INFO     [0m|[34;20m nipype.workflow  [0m|[34;20m [Node] Executing "synthstrip" <mriqc.interfaces.synthstrip.SynthStrip>[0m
2026-03-27 02:35:11 |[34;20m INFO     [0m|[34;20m nipype.workflow  [0m|[34;20m [Node] Finished "synthstrip", elapsed time 14.627866000000001s.[0m
2026-03-27 02:35:13 |[34;20m INFO     [0m|[34;20m nipype.workflow  [0m|[34;20m [Node] Setting-up "mriqc_wf.funcMRIQC.synthstrip_wf.post_n4" in "/local/nvme/ds004996_15.784026/ds/tmp/mriqc_wf/funcMRIQC/synthstrip_wf/99116aabb49286c399ad16005e69d83a7d1314a3/post_n4".[0m
2026-03-27 02:35:13 |[34;20m INFO     [0m|[34;20m nipype.workflow  [0m|[34;20m [Node] Executing "post_n4" <nipype.interfaces.ants.segmentation.N4BiasFieldCorrection>[0m
2026-03-27 02:35:14 |[34;20m INFO     [0m|[34;20m nipype.workflow  [0m|[34;20m [Node] Finished "post_n4", elapsed time 0.967676s.[0m
2026-03-27 02:35:15 |[34;20m INFO     [0m|[34;20m nipype.workflow  [0m|[34;20m [Node] Setting-up "mriqc_wf.funcMRIQC.SpatialNormalization.EPI2MNI" in "/local/nvme/ds004996_15.784026/ds/tmp/mriqc_wf/funcMRIQC/SpatialNormalization/99116aabb49286c399ad16005e69d83a7d1314a3/EPI2MNI".[0m
2026-03-27 02:35:15 |[34;20m INFO     [0m|[34;20m nipype.workflow  [0m|[34;20m [Node] Executing "EPI2MNI" <niworkflows.interfaces.reportlets.registration.SpatialNormalizationRPT>[0m
2026-03-27 02:35:15 |[34;20m INFO     [0m|[34;20m niworkflows      [0m|[34;20m Estimating initial transform using AffineInitializer[0m
2026-03-27 02:35:20 |[34;20m INFO     [0m|[34;20m niworkflows      [0m|[34;20m Loading settings from file /opt/conda/lib/python3.11/site-packages/niworkflows/data/boldref-mni_registration_precise_000.json.[0m
2026-03-27 02:35:20 |[34;20m INFO     [0m|[34;20m niworkflows      [0m|[34;20m Retry #1, commandline: 
antsRegistration --collapse-output-transforms 1 --dimensionality 3 --float 0 --initial-moving-transform [ /local/nvme/ds004996_15.784026/ds/tmp/mriqc_wf/funcMRIQC/SpatialNormalization/99116aabb49286c399ad16005e69d83a7d1314a3/EPI2MNI/transform.mat, 0 ] --initialize-transforms-per-stage 0 --interpolation LanczosWindowedSinc --output [ epi_to_mni, epi_to_mni_Warped.nii.gz ] --transform Rigid[ 0.05 ] --metric Mattes[ /templateflow/tpl-MNI152NLin2009cAsym/tpl-MNI152NLin2009cAsym_res-02_desc-fMRIPrep_boldref.nii.gz, /local/nvme/ds004996_15.784026/ds/tmp/mriqc_wf/funcMRIQC/SpatialNormalization/99116aabb49286c399ad16005e69d83a7d1314a3/SharpenEPI/sub-15_task-conversation_run-01_bold_desc-realigned_valid_tstat_corrected.nii.gz, 1, 56, Regular, 0.25 ] --convergence [ 10000x1000x100, 1e-06, 20 ] --smoothing-sigmas 4.0x2.0x1.0vox --shrink-factors 4x2x1 --use-histogram-matching 1 --masks [ /templateflow/tpl-MNI152NLin2009cAsym/tpl-MNI152NLin2009cAsym_res-02_desc-brain_mask.nii.gz, /local/nvme/ds004996_15.784026/ds/tmp/mriqc_wf/funcMRIQC/synthstrip_wf/99116aabb49286c399ad16005e69d83a7d1314a3/synthstrip/clipped_corrected_desc-brain_mask.nii.gz ] --transform Affine[ 0.08 ] --metric Mattes[ /templateflow/tpl-MNI152NLin2009cAsym/tpl-MNI152NLin2009cAsym_res-02_desc-fMRIPrep_boldref.nii.gz, /local/nvme/ds004996_15.784026/ds/tmp/mriqc_wf/funcMRIQC/SpatialNormalization/99116aabb49286c399ad16005e69d83a7d1314a3/SharpenEPI/sub-15_task-conversation_run-01_bold_desc-realigned_valid_tstat_corrected.nii.gz, 1, 56, Regular, 0.25 ] --convergence [ 500x250x100, 1e-06, 20 ] --smoothing-sigmas 4.0x2.0x1.0vox --shrink-factors 8x4x2 --use-histogram-matching 1 --masks [ /templateflow/tpl-MNI152NLin2009cAsym/tpl-MNI152NLin2009cAsym_res-02_desc-brain_mask.nii.gz, /local/nvme/ds004996_15.784026/ds/tmp/mriqc_wf/funcMRIQC/synthstrip_wf/99116aabb49286c399ad16005e69d83a7d1314a3/synthstrip/clipped_corrected_desc-brain_mask.nii.gz ] --transform SyN[ 0.1, 3.0, 0.0 ] --metric CC[ /templateflow/tpl-MNI152NLin2009cAsym/tpl-MNI152NLin2009cAsym_res-02_desc-fMRIPrep_boldref.nii.gz, /local/nvme/ds004996_15.784026/ds/tmp/mriqc_wf/funcMRIQC/SpatialNormalization/99116aabb49286c399ad16005e69d83a7d1314a3/SharpenEPI/sub-15_task-conversation_run-01_bold_desc-realigned_valid_tstat_corrected.nii.gz, 1, 4, None, 1 ] --convergence [ 100x30x20, 1e-06, 10 ] --smoothing-sigmas 3.0x2.0x1.0vox --shrink-factors 8x4x2 --use-histogram-matching 1 --masks [ /templateflow/tpl-MNI152NLin2009cAsym/tpl-MNI152NLin2009cAsym_res-02_desc-brain_mask.nii.gz, /local/nvme/ds004996_15.784026/ds/tmp/mriqc_wf/funcMRIQC/synthstrip_wf/99116aabb49286c399ad16005e69d83a7d1314a3/synthstrip/clipped_corrected_desc-brain_mask.nii.gz ] --winsorize-image-intensities [ 0.005, 0.995 ]  --write-composite-transform 1[0m
2026-03-27 02:35:32 |[34;20m INFO     [0m|[34;20m niworkflows      [0m|[34;20m Successful spatial normalization (retry #1).[0m
2026-03-27 02:35:32 |[34;20m INFO     [0m|[34;20m niworkflows      [0m|[34;20m Report - setting fixed (/templateflow/tpl-MNI152NLin2009cAsym/tpl-MNI152NLin2009cAsym_res-02_desc-fMRIPrep_boldref.nii.gz) and moving (/local/nvme/ds004996_15.784026/ds/tmp/mriqc_wf/funcMRIQC/SpatialNormalization/99116aabb49286c399ad16005e69d83a7d1314a3/EPI2MNI/epi_to_mni_Warped.nii.gz) images[0m
2026-03-27 02:35:32 |[34;20m INFO     [0m|[34;20m niworkflows      [0m|[34;20m Generating visual report[0m
2026-03-27 02:35:48 |[34;20m INFO     [0m|[34;20m nipype.workflow  [0m|[34;20m [Node] Finished "EPI2MNI", elapsed time 32.876832s.[0m
2026-03-27 02:35:49 |[34;20m INFO     [0m|[34;20m nipype.workflow  [0m|[34;20m [Node] Setting-up "mriqc_wf.funcMRIQC.func_report_wf.dilated_mask" in "/local/nvme/ds004996_15.784026/ds/tmp/mriqc_wf/funcMRIQC/func_report_wf/99116aabb49286c399ad16005e69d83a7d1314a3/dilated_mask".[0m
2026-03-27 02:35:49 |[34;20m INFO     [0m|[34;20m nipype.workflow  [0m|[34;20m [Node] Setting-up "_ComputeDVARS0" in "/local/nvme/ds004996_15.784026/ds/tmp/mriqc_wf/funcMRIQC/ComputeIQMs/99116aabb49286c399ad16005e69d83a7d1314a3/ComputeDVARS/mapflow/_ComputeDVARS0".[0m
2026-03-27 02:35:49 |[34;20m INFO     [0m|[34;20m nipype.workflow  [0m|[34;20m [Node] Executing "_ComputeDVARS0" <nipype.algorithms.confounds.ComputeDVARS>[0m
2026-03-27 02:35:49 |[34;20m INFO     [0m|[34;20m nipype.workflow  [0m|[34;20m [Node] Setting-up "_smoothness0" in "/local/nvme/ds004996_15.784026/ds/tmp/mriqc_wf/funcMRIQC/ComputeIQMs/99116aabb49286c399ad16005e69d83a7d1314a3/smoothness/mapflow/_smoothness0".[0m
2026-03-27 02:35:49 |[34;20m INFO     [0m|[34;20m nipype.workflow  [0m|[34;20m [Node] Setting-up "mriqc_wf.funcMRIQC.func_report_wf.PlotBrainmask" in "/local/nvme/ds004996_15.784026/ds/tmp/mriqc_wf/funcMRIQC/func_report_wf/99116aabb49286c399ad16005e69d83a7d1314a3/PlotBrainmask".[0m
2026-03-27 02:35:49 |[34;20m INFO     [0m|[34;20m nipype.workflow  [0m|[34;20m [Node] Executing "dilated_mask" <niworkflows.interfaces.morphology.BinaryDilation>[0m
2026-03-27 02:35:49 |[34;20m INFO     [0m|[34;20m nipype.workflow  [0m|[34;20m [Node] Setting-up "_outliers0" in "/local/nvme/ds004996_15.784026/ds/tmp/mriqc_wf/funcMRIQC/ComputeIQMs/99116aabb49286c399ad16005e69d83a7d1314a3/outliers/mapflow/_outliers0".[0m
2026-03-27 02:35:49 |[34;20m INFO     [0m|[34;20m nipype.workflow  [0m|[34;20m [Node] Setting-up "_gcor0" in "/local/nvme/ds004996_15.784026/ds/tmp/mriqc_wf/funcMRIQC/ComputeIQMs/99116aabb49286c399ad16005e69d83a7d1314a3/gcor/mapflow/_gcor0".[0m
2026-03-27 02:35:49 |[34;20m INFO     [0m|[34;20m nipype.workflow  [0m|[34;20m [Node] Executing "_smoothness0" <nipype.interfaces.afni.utils.FWHMx>[0m
2026-03-27 02:35:49 |[34;20m INFO     [0m|[34;20m nipype.workflow  [0m|[34;20m [Node] Executing "_outliers0" <nipype.interfaces.afni.preprocess.OutlierCount>[0m
2026-03-27 02:35:49 |[34;20m INFO     [0m|[34;20m nipype.workflow  [0m|[34;20m [Node] Executing "PlotBrainmask" <nireports.interfaces.mosaic.PlotContours>[0m
2026-03-27 02:35:49 |[34;20m INFO     [0m|[34;20m nipype.workflow  [0m|[34;20m [Node] Setting-up "_PlotMosaicZoomed0" in "/local/nvme/ds004996_15.784026/ds/tmp/mriqc_wf/funcMRIQC/func_report_wf/99116aabb49286c399ad16005e69d83a7d1314a3/PlotMosaicZoomed/mapflow/_PlotMosaicZoomed0".[0m
2026-03-27 02:35:49 |[34;20m INFO     [0m|[34;20m nipype.workflow  [0m|[34;20m [Node] Executing "_gcor0" <mriqc.interfaces.transitional.GCOR>[0m
2026-03-27 02:35:49 |[34;20m INFO     [0m|[34;20m nipype.workflow  [0m|[34;20m [Node] Executing "_PlotMosaicZoomed0" <nireports.interfaces.mosaic.PlotMosaic>[0m
2026-03-27 02:35:49 |[34;20m INFO     [0m|[34;20m nipype.workflow  [0m|[34;20m [Node] Setting-up "_ComputeDVARS0" in "/local/nvme/ds004996_15.784026/ds/tmp/mriqc_wf/funcMRIQC/ComputeIQMs/d9ea42a2bfe7147f0a3b5ca8542bb6c1e1cce53d/ComputeDVARS/mapflow/_ComputeDVARS0".[0m
2026-03-27 02:35:49 |[34;20m INFO     [0m|[34;20m nipype.workflow  [0m|[34;20m [Node] Executing "_ComputeDVARS0" <nipype.algorithms.confounds.ComputeDVARS>[0m
2026-03-27 02:35:49 |[34;20m INFO     [0m|[34;20m nipype.workflow  [0m|[34;20m [Node] Finished "dilated_mask", elapsed time 0.042068s.[0m
2026-03-27 02:35:49 |[34;20m INFO     [0m|[34;20m nipype.workflow  [0m|[34;20m [Node] Finished "_smoothness0", elapsed time 0.688272s.[0m
2026-03-27 02:35:50 |[34;20m INFO     [0m|[34;20m nipype.workflow  [0m|[34;20m [Node] Finished "PlotBrainmask", elapsed time 1.40378s.[0m
2026-03-27 02:35:50 |[34;20m INFO     [0m|[34;20m nipype.workflow  [0m|[34;20m [Node] Finished "_PlotMosaicZoomed0", elapsed time 1.42532s.[0m
2026-03-27 02:35:51 |[34;20m INFO     [0m|[34;20m nipype.workflow  [0m|[34;20m [Node] Setting-up "mriqc_wf.funcMRIQC.func_report_wf.dilated_mask" in "/local/nvme/ds004996_15.784026/ds/tmp/mriqc_wf/funcMRIQC/func_report_wf/d9ea42a2bfe7147f0a3b5ca8542bb6c1e1cce53d/dilated_mask".[0m
2026-03-27 02:35:51 |[34;20m INFO     [0m|[34;20m nipype.workflow  [0m|[34;20m [Node] Setting-up "_smoothness0" in "/local/nvme/ds004996_15.784026/ds/tmp/mriqc_wf/funcMRIQC/ComputeIQMs/d9ea42a2bfe7147f0a3b5ca8542bb6c1e1cce53d/smoothness/mapflow/_smoothness0".[0m
2026-03-27 02:35:51 |[34;20m INFO     [0m|[34;20m nipype.workflow  [0m|[34;20m [Node] Executing "_smoothness0" <nipype.interfaces.afni.utils.FWHMx>[0m
2026-03-27 02:35:51 |[34;20m INFO     [0m|[34;20m nipype.workflow  [0m|[34;20m [Node] Executing "dilated_mask" <niworkflows.interfaces.morphology.BinaryDilation>[0m
2026-03-27 02:35:51 |[34;20m INFO     [0m|[34;20m nipype.workflow  [0m|[34;20m [Node] Setting-up "_gcor0" in "/local/nvme/ds004996_15.784026/ds/tmp/mriqc_wf/funcMRIQC/ComputeIQMs/d9ea42a2bfe7147f0a3b5ca8542bb6c1e1cce53d/gcor/mapflow/_gcor0".[0m
2026-03-27 02:35:51 |[34;20m INFO     [0m|[34;20m nipype.workflow  [0m|[34;20m [Node] Setting-up "_outliers0" in "/local/nvme/ds004996_15.784026/ds/tmp/mriqc_wf/funcMRIQC/ComputeIQMs/d9ea42a2bfe7147f0a3b5ca8542bb6c1e1cce53d/outliers/mapflow/_outliers0".[0m
2026-03-27 02:35:51 |[34;20m INFO     [0m|[34;20m nipype.workflow  [0m|[34;20m [Node] Executing "_outliers0" <nipype.interfaces.afni.preprocess.OutlierCount>[0m
2026-03-27 02:35:51 |[34;20m INFO     [0m|[34;20m nipype.workflow  [0m|[34;20m [Node] Executing "_gcor0" <mriqc.interfaces.transitional.GCOR>[0m
2026-03-27 02:35:51 |[34;20m INFO     [0m|[34;20m nipype.workflow  [0m|[34;20m [Node] Finished "dilated_mask", elapsed time 0.03548s.[0m
2026-03-27 02:35:51 |[34;20m INFO     [0m|[34;20m nipype.workflow  [0m|[34;20m [Node] Finished "_smoothness0", elapsed time 0.520988s.[0m
2026-03-27 02:35:53 |[34;20m INFO     [0m|[34;20m nipype.workflow  [0m|[34;20m [Node] Setting-up "mriqc_wf.funcMRIQC.func_report_wf.PlotBrainmask" in "/local/nvme/ds004996_15.784026/ds/tmp/mriqc_wf/funcMRIQC/func_report_wf/d9ea42a2bfe7147f0a3b5ca8542bb6c1e1cce53d/PlotBrainmask".[0m
2026-03-27 02:35:53 |[34;20m INFO     [0m|[34;20m nipype.workflow  [0m|[34;20m [Node] Setting-up "_PlotMosaicZoomed0" in "/local/nvme/ds004996_15.784026/ds/tmp/mriqc_wf/funcMRIQC/func_report_wf/d9ea42a2bfe7147f0a3b5ca8542bb6c1e1cce53d/PlotMosaicZoomed/mapflow/_PlotMosaicZoomed0".[0m
2026-03-27 02:35:53 |[34;20m INFO     [0m|[34;20m nipype.workflow  [0m|[34;20m [Node] Executing "PlotBrainmask" <nireports.interfaces.mosaic.PlotContours>[0m
2026-03-27 02:35:53 |[34;20m INFO     [0m|[34;20m nipype.workflow  [0m|[34;20m [Node] Executing "_PlotMosaicZoomed0" <nireports.interfaces.mosaic.PlotMosaic>[0m
2026-03-27 02:35:53 |[34;20m INFO     [0m|[34;20m nipype.workflow  [0m|[34;20m [Node] Finished "_outliers0", elapsed time 4.003538s.[0m
2026-03-27 02:35:54 |[34;20m INFO     [0m|[34;20m nipype.workflow  [0m|[34;20m [Node] Finished "PlotBrainmask", elapsed time 1.37962s.[0m
2026-03-27 02:35:54 |[34;20m INFO     [0m|[34;20m nipype.workflow  [0m|[34;20m [Node] Finished "_PlotMosaicZoomed0", elapsed time 1.573097s.[0m
2026-03-27 02:35:55 |[34;20m INFO     [0m|[34;20m nipype.workflow  [0m|[34;20m [Node] Finished "_outliers0", elapsed time 3.862389s.[0m
2026-03-27 02:35:55 |[34;20m INFO     [0m|[34;20m nipype.workflow  [0m|[34;20m [Node] Setting-up "_ComputeDVARS0" in "/local/nvme/ds004996_15.784026/ds/tmp/mriqc_wf/funcMRIQC/ComputeIQMs/ea6faad846f0d9e1f0782a96c6cf6b25e420381a/ComputeDVARS/mapflow/_ComputeDVARS0".[0m
2026-03-27 02:35:55 |[34;20m INFO     [0m|[34;20m nipype.workflow  [0m|[34;20m [Node] Setting-up "_smoothness0" in "/local/nvme/ds004996_15.784026/ds/tmp/mriqc_wf/funcMRIQC/ComputeIQMs/ea6faad846f0d9e1f0782a96c6cf6b25e420381a/smoothness/mapflow/_smoothness0".[0m
2026-03-27 02:35:55 |[34;20m INFO     [0m|[34;20m nipype.workflow  [0m|[34;20m [Node] Executing "_ComputeDVARS0" <nipype.algorithms.confounds.ComputeDVARS>[0m
2026-03-27 02:35:55 |[34;20m INFO     [0m|[34;20m nipype.workflow  [0m|[34;20m [Node] Executing "_smoothness0" <nipype.interfaces.afni.utils.FWHMx>[0m
2026-03-27 02:35:55 |[34;20m INFO     [0m|[34;20m nipype.workflow  [0m|[34;20m [Node] Setting-up "_outliers0" in "/local/nvme/ds004996_15.784026/ds/tmp/mriqc_wf/funcMRIQC/ComputeIQMs/ea6faad846f0d9e1f0782a96c6cf6b25e420381a/outliers/mapflow/_outliers0".[0m
2026-03-27 02:35:55 |[34;20m INFO     [0m|[34;20m nipype.workflow  [0m|[34;20m [Node] Setting-up "_gcor0" in "/local/nvme/ds004996_15.784026/ds/tmp/mriqc_wf/funcMRIQC/ComputeIQMs/ea6faad846f0d9e1f0782a96c6cf6b25e420381a/gcor/mapflow/_gcor0".[0m
2026-03-27 02:35:55 |[34;20m INFO     [0m|[34;20m nipype.workflow  [0m|[34;20m [Node] Executing "_outliers0" <nipype.interfaces.afni.preprocess.OutlierCount>[0m
2026-03-27 02:35:55 |[34;20m INFO     [0m|[34;20m nipype.workflow  [0m|[34;20m [Node] Executing "_gcor0" <mriqc.interfaces.transitional.GCOR>[0m
2026-03-27 02:35:55 |[34;20m INFO     [0m|[34;20m nipype.workflow  [0m|[34;20m [Node] Finished "_smoothness0", elapsed time 0.542674s.[0m
2026-03-27 02:35:57 |[34;20m INFO     [0m|[34;20m nipype.workflow  [0m|[34;20m [Node] Setting-up "mriqc_wf.funcMRIQC.func_report_wf.dilated_mask" in "/local/nvme/ds004996_15.784026/ds/tmp/mriqc_wf/funcMRIQC/func_report_wf/ea6faad846f0d9e1f0782a96c6cf6b25e420381a/dilated_mask".[0m
2026-03-27 02:35:57 |[34;20m INFO     [0m|[34;20m nipype.workflow  [0m|[34;20m [Node] Executing "dilated_mask" <niworkflows.interfaces.morphology.BinaryDilation>[0m
2026-03-27 02:35:57 |[34;20m INFO     [0m|[34;20m nipype.workflow  [0m|[34;20m [Node] Finished "dilated_mask", elapsed time 0.024627s.[0m
2026-03-27 02:35:58 |[34;20m INFO     [0m|[34;20m nipype.workflow  [0m|[34;20m [Node] Finished "_gcor0", elapsed time 9.34562s.[0m
2026-03-27 02:35:59 |[34;20m INFO     [0m|[34;20m nipype.workflow  [0m|[34;20m [Node] Finished "_outliers0", elapsed time 3.89552s.[0m
2026-03-27 02:35:59 |[34;20m INFO     [0m|[34;20m nipype.workflow  [0m|[34;20m [Node] Setting-up "mriqc_wf.funcMRIQC.func_report_wf.PlotBrainmask" in "/local/nvme/ds004996_15.784026/ds/tmp/mriqc_wf/funcMRIQC/func_report_wf/ea6faad846f0d9e1f0782a96c6cf6b25e420381a/PlotBrainmask".[0m
2026-03-27 02:35:59 |[34;20m INFO     [0m|[34;20m nipype.workflow  [0m|[34;20m [Node] Executing "PlotBrainmask" <nireports.interfaces.mosaic.PlotContours>[0m
2026-03-27 02:35:59 |[34;20m INFO     [0m|[34;20m nipype.workflow  [0m|[34;20m [Node] Setting-up "_PlotMosaicZoomed0" in "/local/nvme/ds004996_15.784026/ds/tmp/mriqc_wf/funcMRIQC/func_report_wf/ea6faad846f0d9e1f0782a96c6cf6b25e420381a/PlotMosaicZoomed/mapflow/_PlotMosaicZoomed0".[0m
2026-03-27 02:35:59 |[34;20m INFO     [0m|[34;20m nipype.workflow  [0m|[34;20m [Node] Executing "_PlotMosaicZoomed0" <nireports.interfaces.mosaic.PlotMosaic>[0m
2026-03-27 02:36:00 |[34;20m INFO     [0m|[34;20m nipype.workflow  [0m|[34;20m [Node] Finished "_gcor0", elapsed time 9.089251s.[0m
2026-03-27 02:36:00 |[34;20m INFO     [0m|[34;20m nipype.workflow  [0m|[34;20m [Node] Finished "PlotBrainmask", elapsed time 1.170291s.[0m
2026-03-27 02:36:00 |[34;20m INFO     [0m|[34;20m nipype.workflow  [0m|[34;20m [Node] Finished "_PlotMosaicZoomed0", elapsed time 1.356457s.[0m
2026-03-27 02:36:01 |[34;20m INFO     [0m|[34;20m nipype.workflow  [0m|[34;20m [Node] Setting-up "mriqc_wf.funcMRIQC.func_report_wf.ds_report_norm" in "/local/nvme/ds004996_15.784026/ds/tmp/mriqc_wf/funcMRIQC/func_report_wf/99116aabb49286c399ad16005e69d83a7d1314a3/ds_report_norm".[0m
2026-03-27 02:36:01 |[34;20m INFO     [0m|[34;20m nipype.workflow  [0m|[34;20m [Node] Setting-up "mriqc_wf.funcMRIQC.synthstrip_wf.final_masked" in "/local/nvme/ds004996_15.784026/ds/tmp/mriqc_wf/funcMRIQC/synthstrip_wf/99116aabb49286c399ad16005e69d83a7d1314a3/final_masked".[0m
2026-03-27 02:36:01 |[34;20m INFO     [0m|[34;20m nipype.workflow  [0m|[34;20m [Node] Setting-up "mriqc_wf.funcMRIQC.SpatialNormalization.ResampleSegmentation" in "/local/nvme/ds004996_15.784026/ds/tmp/mriqc_wf/funcMRIQC/SpatialNormalization/99116aabb49286c399ad16005e69d83a7d1314a3/ResampleSegmentation".[0m
2026-03-27 02:36:01 |[34;20m INFO     [0m|[34;20m nipype.workflow  [0m|[34;20m [Node] Executing "final_masked" <niworkflows.interfaces.nibabel.ApplyMask>[0m
2026-03-27 02:36:01 |[34;20m INFO     [0m|[34;20m nipype.workflow  [0m|[34;20m [Node] Executing "ds_report_norm" <mriqc.interfaces.DerivativesDataSink>[0m
2026-03-27 02:36:01 |[34;20m INFO     [0m|[34;20m nipype.workflow  [0m|[34;20m [Node] Executing "ResampleSegmentation" <nipype.interfaces.ants.resampling.ApplyTransforms>[0m
2026-03-27 02:36:01 |[34;20m INFO     [0m|[34;20m nipype.workflow  [0m|[34;20m [Node] Finished "ds_report_norm", elapsed time 0.005245s.[0m
2026-03-27 02:36:01 |[34;20m INFO     [0m|[34;20m nipype.workflow  [0m|[34;20m [Node] Finished "final_masked", elapsed time 0.033117s.[0m
2026-03-27 02:36:01 |[34;20m INFO     [0m|[34;20m nipype.workflow  [0m|[34;20m [Node] Setting-up "mriqc_wf.funcMRIQC.func_report_wf.subtract_mask" in "/local/nvme/ds004996_15.784026/ds/tmp/mriqc_wf/funcMRIQC/func_report_wf/99116aabb49286c399ad16005e69d83a7d1314a3/subtract_mask".[0m
2026-03-27 02:36:01 |[34;20m INFO     [0m|[34;20m nipype.workflow  [0m|[34;20m [Node] Executing "subtract_mask" <niworkflows.interfaces.morphology.BinarySubtraction>[0m
2026-03-27 02:36:01 |[34;20m INFO     [0m|[34;20m nipype.workflow  [0m|[34;20m [Node] Setting-up "_ds_report_zoomed0" in "/local/nvme/ds004996_15.784026/ds/tmp/mriqc_wf/funcMRIQC/func_report_wf/99116aabb49286c399ad16005e69d83a7d1314a3/ds_report_zoomed/mapflow/_ds_report_zoomed0".[0m
2026-03-27 02:36:01 |[34;20m INFO     [0m|[34;20m nipype.workflow  [0m|[34;20m [Node] Executing "_ds_report_zoomed0" <mriqc.interfaces.DerivativesDataSink>[0m
2026-03-27 02:36:01 |[34;20m INFO     [0m|[34;20m nipype.workflow  [0m|[34;20m [Node] Finished "_ds_report_zoomed0", elapsed time 0.00532s.[0m
2026-03-27 02:36:01 |[34;20m INFO     [0m|[34;20m nipype.workflow  [0m|[34;20m [Node] Finished "subtract_mask", elapsed time 0.010607s.[0m
2026-03-27 02:36:01 |[34;20m INFO     [0m|[34;20m nipype.workflow  [0m|[34;20m [Node] Setting-up "mriqc_wf.funcMRIQC.func_report_wf.ds_report_bmask" in "/local/nvme/ds004996_15.784026/ds/tmp/mriqc_wf/funcMRIQC/func_report_wf/99116aabb49286c399ad16005e69d83a7d1314a3/ds_report_bmask".[0m
2026-03-27 02:36:01 |[34;20m INFO     [0m|[34;20m nipype.workflow  [0m|[34;20m [Node] Executing "ds_report_bmask" <mriqc.interfaces.DerivativesDataSink>[0m
2026-03-27 02:36:01 |[34;20m INFO     [0m|[34;20m nipype.workflow  [0m|[34;20m [Node] Finished "ds_report_bmask", elapsed time 0.004977s.[0m
2026-03-27 02:36:01 |[34;20m INFO     [0m|[34;20m nipype.workflow  [0m|[34;20m [Node] Setting-up "mriqc_wf.funcMRIQC.func_report_wf.subtract_mask" in "/local/nvme/ds004996_15.784026/ds/tmp/mriqc_wf/funcMRIQC/func_report_wf/d9ea42a2bfe7147f0a3b5ca8542bb6c1e1cce53d/subtract_mask".[0m
2026-03-27 02:36:01 |[34;20m INFO     [0m|[34;20m nipype.workflow  [0m|[34;20m [Node] Executing "subtract_mask" <niworkflows.interfaces.morphology.BinarySubtraction>[0m
2026-03-27 02:36:01 |[34;20m INFO     [0m|[34;20m nipype.workflow  [0m|[34;20m [Node] Finished "subtract_mask", elapsed time 0.012234s.[0m
2026-03-27 02:36:03 |[34;20m INFO     [0m|[34;20m nipype.workflow  [0m|[34;20m [Node] Finished "_gcor0", elapsed time 7.991192s.[0m
2026-03-27 02:36:03 |[34;20m INFO     [0m|[34;20m nipype.workflow  [0m|[34;20m [Node] Setting-up "_ds_report_zoomed0" in "/local/nvme/ds004996_15.784026/ds/tmp/mriqc_wf/funcMRIQC/func_report_wf/d9ea42a2bfe7147f0a3b5ca8542bb6c1e1cce53d/ds_report_zoomed/mapflow/_ds_report_zoomed0".[0m
2026-03-27 02:36:03 |[34;20m INFO     [0m|[34;20m nipype.workflow  [0m|[34;20m [Node] Executing "_ds_report_zoomed0" <mriqc.interfaces.DerivativesDataSink>[0m
2026-03-27 02:36:03 |[34;20m INFO     [0m|[34;20m nipype.workflow  [0m|[34;20m [Node] Finished "_ds_report_zoomed0", elapsed time 0.005019s.[0m
2026-03-27 02:36:03 |[34;20m INFO     [0m|[34;20m nipype.workflow  [0m|[34;20m [Node] Setting-up "mriqc_wf.funcMRIQC.func_report_wf.ds_report_bmask" in "/local/nvme/ds004996_15.784026/ds/tmp/mriqc_wf/funcMRIQC/func_report_wf/d9ea42a2bfe7147f0a3b5ca8542bb6c1e1cce53d/ds_report_bmask".[0m
2026-03-27 02:36:03 |[34;20m INFO     [0m|[34;20m nipype.workflow  [0m|[34;20m [Node] Executing "ds_report_bmask" <mriqc.interfaces.DerivativesDataSink>[0m
2026-03-27 02:36:03 |[34;20m INFO     [0m|[34;20m nipype.workflow  [0m|[34;20m [Node] Finished "ds_report_bmask", elapsed time 0.004911s.[0m
2026-03-27 02:36:03 |[34;20m INFO     [0m|[34;20m nipype.workflow  [0m|[34;20m [Node] Finished "ResampleSegmentation", elapsed time 2.245321s.[0m
2026-03-27 02:36:03 |[34;20m INFO     [0m|[34;20m nipype.workflow  [0m|[34;20m [Node] Setting-up "mriqc_wf.funcMRIQC.func_report_wf.subtract_mask" in "/local/nvme/ds004996_15.784026/ds/tmp/mriqc_wf/funcMRIQC/func_report_wf/ea6faad846f0d9e1f0782a96c6cf6b25e420381a/subtract_mask".[0m
2026-03-27 02:36:03 |[34;20m INFO     [0m|[34;20m nipype.workflow  [0m|[34;20m [Node] Executing "subtract_mask" <niworkflows.interfaces.morphology.BinarySubtraction>[0m
2026-03-27 02:36:03 |[34;20m INFO     [0m|[34;20m nipype.workflow  [0m|[34;20m [Node] Setting-up "_ds_report_zoomed0" in "/local/nvme/ds004996_15.784026/ds/tmp/mriqc_wf/funcMRIQC/func_report_wf/ea6faad846f0d9e1f0782a96c6cf6b25e420381a/ds_report_zoomed/mapflow/_ds_report_zoomed0".[0m
2026-03-27 02:36:03 |[34;20m INFO     [0m|[34;20m nipype.workflow  [0m|[34;20m [Node] Executing "_ds_report_zoomed0" <mriqc.interfaces.DerivativesDataSink>[0m
2026-03-27 02:36:03 |[34;20m INFO     [0m|[34;20m nipype.workflow  [0m|[34;20m [Node] Finished "_ds_report_zoomed0", elapsed time 0.005038s.[0m
2026-03-27 02:36:03 |[34;20m INFO     [0m|[34;20m nipype.workflow  [0m|[34;20m [Node] Finished "subtract_mask", elapsed time 0.010633s.[0m
2026-03-27 02:36:03 |[34;20m INFO     [0m|[34;20m nipype.workflow  [0m|[34;20m [Node] Setting-up "mriqc_wf.funcMRIQC.func_report_wf.ds_report_bmask" in "/local/nvme/ds004996_15.784026/ds/tmp/mriqc_wf/funcMRIQC/func_report_wf/ea6faad846f0d9e1f0782a96c6cf6b25e420381a/ds_report_bmask".[0m
2026-03-27 02:36:03 |[34;20m INFO     [0m|[34;20m nipype.workflow  [0m|[34;20m [Node] Executing "ds_report_bmask" <mriqc.interfaces.DerivativesDataSink>[0m
2026-03-27 02:36:03 |[34;20m INFO     [0m|[34;20m nipype.workflow  [0m|[34;20m [Node] Finished "ds_report_bmask", elapsed time 0.005018s.[0m
2026-03-27 02:36:05 |[34;20m INFO     [0m|[34;20m nipype.workflow  [0m|[34;20m [Node] Setting-up "mriqc_wf.funcMRIQC.func_report_wf.parcels" in "/local/nvme/ds004996_15.784026/ds/tmp/mriqc_wf/funcMRIQC/func_report_wf/99116aabb49286c399ad16005e69d83a7d1314a3/parcels".[0m
2026-03-27 02:36:05 |[34;20m INFO     [0m|[34;20m nipype.workflow  [0m|[34;20m [Node] Executing "parcels" <nipype.interfaces.utility.wrappers.Function>[0m
2026-03-27 02:36:05 |[34;20m INFO     [0m|[34;20m nipype.workflow  [0m|[34;20m [Node] Finished "parcels", elapsed time 0.023595s.[0m
2026-03-27 02:36:05 |[34;20m INFO     [0m|[34;20m nipype.workflow  [0m|[34;20m [Node] Finished "_ComputeDVARS0", elapsed time 16.345012s.[0m
2026-03-27 02:36:06 |[34;20m INFO     [0m|[34;20m nipype.workflow  [0m|[34;20m [Node] Finished "_ComputeDVARS0", elapsed time 16.965222s.[0m
2026-03-27 02:36:07 |[34;20m INFO     [0m|[34;20m nipype.workflow  [0m|[34;20m [Node] Setting-up "_measures0" in "/local/nvme/ds004996_15.784026/ds/tmp/mriqc_wf/funcMRIQC/ComputeIQMs/99116aabb49286c399ad16005e69d83a7d1314a3/measures/mapflow/_measures0".[0m
2026-03-27 02:36:07 |[34;20m INFO     [0m|[34;20m nipype.workflow  [0m|[34;20m [Node] Executing "_measures0" <mriqc.interfaces.functional.FunctionalQC>[0m
2026-03-27 02:36:07 |[34;20m INFO     [0m|[34;20m nipype.workflow  [0m|[34;20m [Node] Setting-up "_timeseries0" in "/local/nvme/ds004996_15.784026/ds/tmp/mriqc_wf/funcMRIQC/ComputeIQMs/99116aabb49286c399ad16005e69d83a7d1314a3/timeseries/mapflow/_timeseries0".[0m
2026-03-27 02:36:07 |[34;20m INFO     [0m|[34;20m nipype.workflow  [0m|[34;20m [Node] Executing "_timeseries0" <mriqc.interfaces.functional.GatherTimeseries>[0m
2026-03-27 02:36:07 |[34;20m INFO     [0m|[34;20m nipype.workflow  [0m|[34;20m [Node] Setting-up "_timeseries0" in "/local/nvme/ds004996_15.784026/ds/tmp/mriqc_wf/funcMRIQC/ComputeIQMs/d9ea42a2bfe7147f0a3b5ca8542bb6c1e1cce53d/timeseries/mapflow/_timeseries0".[0m
2026-03-27 02:36:07 |[34;20m INFO     [0m|[34;20m nipype.workflow  [0m|[34;20m [Node] Executing "_timeseries0" <mriqc.interfaces.functional.GatherTimeseries>[0m
2026-03-27 02:36:07 |[34;20m INFO     [0m|[34;20m nipype.workflow  [0m|[34;20m [Node] Finished "_timeseries0", elapsed time 0.026787s.[0m
2026-03-27 02:36:07 |[34;20m INFO     [0m|[34;20m nipype.workflow  [0m|[34;20m [Node] Finished "_timeseries0", elapsed time 0.02365s.[0m
2026-03-27 02:36:08 |[34;20m INFO     [0m|[34;20m nipype.workflow  [0m|[34;20m [Node] Finished "_measures0", elapsed time 1.441453s.[0m
2026-03-27 02:36:09 |[34;20m INFO     [0m|[34;20m nipype.workflow  [0m|[34;20m [Node] Setting-up "_measures0" in "/local/nvme/ds004996_15.784026/ds/tmp/mriqc_wf/funcMRIQC/ComputeIQMs/d9ea42a2bfe7147f0a3b5ca8542bb6c1e1cce53d/measures/mapflow/_measures0".[0m
2026-03-27 02:36:09 |[34;20m INFO     [0m|[34;20m nipype.workflow  [0m|[34;20m [Node] Executing "_measures0" <mriqc.interfaces.functional.FunctionalQC>[0m
2026-03-27 02:36:09 |[34;20m INFO     [0m|[34;20m nipype.workflow  [0m|[34;20m [Node] Setting-up "_datasink0" in "/local/nvme/ds004996_15.784026/ds/tmp/mriqc_wf/funcMRIQC/ComputeIQMs/99116aabb49286c399ad16005e69d83a7d1314a3/datasink/mapflow/_datasink0".[0m
2026-03-27 02:36:09 |[34;20m INFO     [0m|[34;20m nipype.workflow  [0m|[34;20m [Node] Executing "_datasink0" <mriqc.interfaces.bids.IQMFileSink>[0m
2026-03-27 02:36:09 |[34;20m INFO     [0m|[34;20m nipype.workflow  [0m|[34;20m [Node] Finished "_datasink0", elapsed time 0.001474s.[0m
2026-03-27 02:36:09 |[34;20m INFO     [0m|[34;20m nipype.workflow  [0m|[34;20m [Node] Setting-up "_ds_timeseries0" in "/local/nvme/ds004996_15.784026/ds/tmp/mriqc_wf/funcMRIQC/ComputeIQMs/99116aabb49286c399ad16005e69d83a7d1314a3/ds_timeseries/mapflow/_ds_timeseries0".[0m
2026-03-27 02:36:09 |[34;20m INFO     [0m|[34;20m nipype.workflow  [0m|[34;20m [Node] Executing "_ds_timeseries0" <mriqc.interfaces.DerivativesDataSink>[0m
2026-03-27 02:36:09 |[34;20m INFO     [0m|[34;20m nipype.workflow  [0m|[34;20m [Node] Finished "_ds_timeseries0", elapsed time 0.004307s.[0m
2026-03-27 02:36:09 |[34;20m INFO     [0m|[34;20m nipype.workflow  [0m|[34;20m [Node] Setting-up "_ds_timeseries0" in "/local/nvme/ds004996_15.784026/ds/tmp/mriqc_wf/funcMRIQC/ComputeIQMs/d9ea42a2bfe7147f0a3b5ca8542bb6c1e1cce53d/ds_timeseries/mapflow/_ds_timeseries0".[0m
2026-03-27 02:36:09 |[34;20m INFO     [0m|[34;20m nipype.workflow  [0m|[34;20m [Node] Executing "_ds_timeseries0" <mriqc.interfaces.DerivativesDataSink>[0m
2026-03-27 02:36:09 |[34;20m INFO     [0m|[34;20m nipype.workflow  [0m|[34;20m [Node] Finished "_ds_timeseries0", elapsed time 0.004099s.[0m
2026-03-27 02:36:09 |[34;20m INFO     [0m|[34;20m nipype.workflow  [0m|[34;20m [Node] Setting-up "_BigPlot0" in "/local/nvme/ds004996_15.784026/ds/tmp/mriqc_wf/funcMRIQC/func_report_wf/99116aabb49286c399ad16005e69d83a7d1314a3/BigPlot/mapflow/_BigPlot0".[0m
2026-03-27 02:36:09 |[34;20m INFO     [0m|[34;20m nipype.workflow  [0m|[34;20m [Node] Executing "_BigPlot0" <nireports.interfaces.fmri.FMRISummary>[0m
2026-03-27 02:36:11 |[34;20m INFO     [0m|[34;20m nipype.workflow  [0m|[34;20m [Node] Finished "_measures0", elapsed time 2.087436s.[0m
2026-03-27 02:36:11 |[34;20m INFO     [0m|[34;20m nipype.workflow  [0m|[34;20m [Node] Finished "_ComputeDVARS0", elapsed time 16.329612s.[0m
2026-03-27 02:36:13 |[34;20m INFO     [0m|[34;20m nipype.workflow  [0m|[34;20m [Node] Setting-up "_measures0" in "/local/nvme/ds004996_15.784026/ds/tmp/mriqc_wf/funcMRIQC/ComputeIQMs/ea6faad846f0d9e1f0782a96c6cf6b25e420381a/measures/mapflow/_measures0".[0m
2026-03-27 02:36:13 |[34;20m INFO     [0m|[34;20m nipype.workflow  [0m|[34;20m [Node] Executing "_measures0" <mriqc.interfaces.functional.FunctionalQC>[0m
2026-03-27 02:36:13 |[34;20m INFO     [0m|[34;20m nipype.workflow  [0m|[34;20m [Node] Setting-up "_timeseries0" in "/local/nvme/ds004996_15.784026/ds/tmp/mriqc_wf/funcMRIQC/ComputeIQMs/ea6faad846f0d9e1f0782a96c6cf6b25e420381a/timeseries/mapflow/_timeseries0".[0m
2026-03-27 02:36:13 |[34;20m INFO     [0m|[34;20m nipype.workflow  [0m|[34;20m [Node] Executing "_timeseries0" <mriqc.interfaces.functional.GatherTimeseries>[0m
2026-03-27 02:36:13 |[34;20m INFO     [0m|[34;20m nipype.workflow  [0m|[34;20m [Node] Setting-up "_datasink0" in "/local/nvme/ds004996_15.784026/ds/tmp/mriqc_wf/funcMRIQC/ComputeIQMs/d9ea42a2bfe7147f0a3b5ca8542bb6c1e1cce53d/datasink/mapflow/_datasink0".[0m
2026-03-27 02:36:13 |[34;20m INFO     [0m|[34;20m nipype.workflow  [0m|[34;20m [Node] Executing "_datasink0" <mriqc.interfaces.bids.IQMFileSink>[0m
2026-03-27 02:36:13 |[34;20m INFO     [0m|[34;20m nipype.workflow  [0m|[34;20m [Node] Finished "_datasink0", elapsed time 0.000631s.[0m
2026-03-27 02:36:13 |[34;20m INFO     [0m|[34;20m nipype.workflow  [0m|[34;20m [Node] Finished "_timeseries0", elapsed time 0.018411s.[0m
2026-03-27 02:36:13 |[34;20m INFO     [0m|[34;20m nipype.workflow  [0m|[34;20m [Node] Finished "_BigPlot0", elapsed time 4.117228s.[0m
2026-03-27 02:36:14 |[34;20m INFO     [0m|[34;20m nipype.workflow  [0m|[34;20m [Node] Finished "_measures0", elapsed time 1.221316s.[0m
2026-03-27 02:36:15 |[34;20m INFO     [0m|[34;20m nipype.workflow  [0m|[34;20m [Node] Setting-up "mriqc_wf.funcMRIQC.synthstrip_wf.post_n4" in "/local/nvme/ds004996_15.784026/ds/tmp/mriqc_wf/funcMRIQC/synthstrip_wf/d9ea42a2bfe7147f0a3b5ca8542bb6c1e1cce53d/post_n4".[0m
2026-03-27 02:36:15 |[34;20m INFO     [0m|[34;20m nipype.workflow  [0m|[34;20m [Node] Executing "post_n4" <nipype.interfaces.ants.segmentation.N4BiasFieldCorrection>[0m
2026-03-27 02:36:16 |[34;20m INFO     [0m|[34;20m nipype.workflow  [0m|[34;20m [Node] Finished "post_n4", elapsed time 1.011123s.[0m
2026-03-27 02:36:17 |[34;20m INFO     [0m|[34;20m nipype.workflow  [0m|[34;20m [Node] Setting-up "mriqc_wf.funcMRIQC.SpatialNormalization.EPI2MNI" in "/local/nvme/ds004996_15.784026/ds/tmp/mriqc_wf/funcMRIQC/SpatialNormalization/d9ea42a2bfe7147f0a3b5ca8542bb6c1e1cce53d/EPI2MNI".[0m
2026-03-27 02:36:17 |[34;20m INFO     [0m|[34;20m nipype.workflow  [0m|[34;20m [Node] Executing "EPI2MNI" <niworkflows.interfaces.reportlets.registration.SpatialNormalizationRPT>[0m
2026-03-27 02:36:17 |[34;20m INFO     [0m|[34;20m niworkflows      [0m|[34;20m Estimating initial transform using AffineInitializer[0m
2026-03-27 02:36:22 |[34;20m INFO     [0m|[34;20m niworkflows      [0m|[34;20m Terminal outputs of initialization saved (/local/nvme/ds004996_15.784026/ds/tmp/mriqc_wf/funcMRIQC/SpatialNormalization/d9ea42a2bfe7147f0a3b5ca8542bb6c1e1cce53d/EPI2MNI/stderr.nipype-init).[0m
2026-03-27 02:36:22 |[34;20m INFO     [0m|[34;20m niworkflows      [0m|[34;20m Loading settings from file /opt/conda/lib/python3.11/site-packages/niworkflows/data/boldref-mni_registration_precise_000.json.[0m
2026-03-27 02:36:22 |[34;20m INFO     [0m|[34;20m niworkflows      [0m|[34;20m Retry #1, commandline: 
antsRegistration --collapse-output-transforms 1 --dimensionality 3 --float 0 --initial-moving-transform [ /local/nvme/ds004996_15.784026/ds/tmp/mriqc_wf/funcMRIQC/SpatialNormalization/d9ea42a2bfe7147f0a3b5ca8542bb6c1e1cce53d/EPI2MNI/transform.mat, 0 ] --initialize-transforms-per-stage 0 --interpolation LanczosWindowedSinc --output [ epi_to_mni, epi_to_mni_Warped.nii.gz ] --transform Rigid[ 0.05 ] --metric Mattes[ /templateflow/tpl-MNI152NLin2009cAsym/tpl-MNI152NLin2009cAsym_res-02_desc-fMRIPrep_boldref.nii.gz, /local/nvme/ds004996_15.784026/ds/tmp/mriqc_wf/funcMRIQC/SpatialNormalization/d9ea42a2bfe7147f0a3b5ca8542bb6c1e1cce53d/SharpenEPI/sub-15_task-conversation_run-02_bold_desc-realigned_valid_tstat_corrected.nii.gz, 1, 56, Regular, 0.25 ] --convergence [ 10000x1000x100, 1e-06, 20 ] --smoothing-sigmas 4.0x2.0x1.0vox --shrink-factors 4x2x1 --use-histogram-matching 1 --masks [ /templateflow/tpl-MNI152NLin2009cAsym/tpl-MNI152NLin2009cAsym_res-02_desc-brain_mask.nii.gz, /local/nvme/ds004996_15.784026/ds/tmp/mriqc_wf/funcMRIQC/synthstrip_wf/d9ea42a2bfe7147f0a3b5ca8542bb6c1e1cce53d/synthstrip/clipped_corrected_desc-brain_mask.nii.gz ] --transform Affine[ 0.08 ] --metric Mattes[ /templateflow/tpl-MNI152NLin2009cAsym/tpl-MNI152NLin2009cAsym_res-02_desc-fMRIPrep_boldref.nii.gz, /local/nvme/ds004996_15.784026/ds/tmp/mriqc_wf/funcMRIQC/SpatialNormalization/d9ea42a2bfe7147f0a3b5ca8542bb6c1e1cce53d/SharpenEPI/sub-15_task-conversation_run-02_bold_desc-realigned_valid_tstat_corrected.nii.gz, 1, 56, Regular, 0.25 ] --convergence [ 500x250x100, 1e-06, 20 ] --smoothing-sigmas 4.0x2.0x1.0vox --shrink-factors 8x4x2 --use-histogram-matching 1 --masks [ /templateflow/tpl-MNI152NLin2009cAsym/tpl-MNI152NLin2009cAsym_res-02_desc-brain_mask.nii.gz, /local/nvme/ds004996_15.784026/ds/tmp/mriqc_wf/funcMRIQC/synthstrip_wf/d9ea42a2bfe7147f0a3b5ca8542bb6c1e1cce53d/synthstrip/clipped_corrected_desc-brain_mask.nii.gz ] --transform SyN[ 0.1, 3.0, 0.0 ] --metric CC[ /templateflow/tpl-MNI152NLin2009cAsym/tpl-MNI152NLin2009cAsym_res-02_desc-fMRIPrep_boldref.nii.gz, /local/nvme/ds004996_15.784026/ds/tmp/mriqc_wf/funcMRIQC/SpatialNormalization/d9ea42a2bfe7147f0a3b5ca8542bb6c1e1cce53d/SharpenEPI/sub-15_task-conversation_run-02_bold_desc-realigned_valid_tstat_corrected.nii.gz, 1, 4, None, 1 ] --convergence [ 100x30x20, 1e-06, 10 ] --smoothing-sigmas 3.0x2.0x1.0vox --shrink-factors 8x4x2 --use-histogram-matching 1 --masks [ /templateflow/tpl-MNI152NLin2009cAsym/tpl-MNI152NLin2009cAsym_res-02_desc-brain_mask.nii.gz, /local/nvme/ds004996_15.784026/ds/tmp/mriqc_wf/funcMRIQC/synthstrip_wf/d9ea42a2bfe7147f0a3b5ca8542bb6c1e1cce53d/synthstrip/clipped_corrected_desc-brain_mask.nii.gz ] --winsorize-image-intensities [ 0.005, 0.995 ]  --write-composite-transform 1[0m
2026-03-27 02:36:33 |[34;20m INFO     [0m|[34;20m niworkflows      [0m|[34;20m Successful spatial normalization (retry #1).[0m
2026-03-27 02:36:33 |[34;20m INFO     [0m|[34;20m niworkflows      [0m|[34;20m Report - setting fixed (/templateflow/tpl-MNI152NLin2009cAsym/tpl-MNI152NLin2009cAsym_res-02_desc-fMRIPrep_boldref.nii.gz) and moving (/local/nvme/ds004996_15.784026/ds/tmp/mriqc_wf/funcMRIQC/SpatialNormalization/d9ea42a2bfe7147f0a3b5ca8542bb6c1e1cce53d/EPI2MNI/epi_to_mni_Warped.nii.gz) images[0m
2026-03-27 02:36:33 |[34;20m INFO     [0m|[34;20m niworkflows      [0m|[34;20m Generating visual report[0m
2026-03-27 02:36:48 |[34;20m INFO     [0m|[34;20m nipype.workflow  [0m|[34;20m [Node] Finished "EPI2MNI", elapsed time 31.650598s.[0m
2026-03-27 02:36:49 |[34;20m INFO     [0m|[34;20m nipype.workflow  [0m|[34;20m [Node] Setting-up "mriqc_wf.funcMRIQC.synthstrip_wf.post_n4" in "/local/nvme/ds004996_15.784026/ds/tmp/mriqc_wf/funcMRIQC/synthstrip_wf/ea6faad846f0d9e1f0782a96c6cf6b25e420381a/post_n4".[0m
2026-03-27 02:36:49 |[34;20m INFO     [0m|[34;20m nipype.workflow  [0m|[34;20m [Node] Executing "post_n4" <nipype.interfaces.ants.segmentation.N4BiasFieldCorrection>[0m
2026-03-27 02:36:50 |[34;20m INFO     [0m|[34;20m nipype.workflow  [0m|[34;20m [Node] Finished "post_n4", elapsed time 1.125388s.[0m
2026-03-27 02:36:51 |[34;20m INFO     [0m|[34;20m nipype.workflow  [0m|[34;20m [Node] Setting-up "mriqc_wf.funcMRIQC.SpatialNormalization.EPI2MNI" in "/local/nvme/ds004996_15.784026/ds/tmp/mriqc_wf/funcMRIQC/SpatialNormalization/ea6faad846f0d9e1f0782a96c6cf6b25e420381a/EPI2MNI".[0m
2026-03-27 02:36:51 |[34;20m INFO     [0m|[34;20m nipype.workflow  [0m|[34;20m [Node] Executing "EPI2MNI" <niworkflows.interfaces.reportlets.registration.SpatialNormalizationRPT>[0m
2026-03-27 02:36:51 |[34;20m INFO     [0m|[34;20m niworkflows      [0m|[34;20m Estimating initial transform using AffineInitializer[0m
2026-03-27 02:36:56 |[34;20m INFO     [0m|[34;20m niworkflows      [0m|[34;20m Terminal outputs of initialization saved (/local/nvme/ds004996_15.784026/ds/tmp/mriqc_wf/funcMRIQC/SpatialNormalization/ea6faad846f0d9e1f0782a96c6cf6b25e420381a/EPI2MNI/stderr.nipype-init).[0m
2026-03-27 02:36:56 |[34;20m INFO     [0m|[34;20m niworkflows      [0m|[34;20m Loading settings from file /opt/conda/lib/python3.11/site-packages/niworkflows/data/boldref-mni_registration_precise_000.json.[0m
2026-03-27 02:36:56 |[34;20m INFO     [0m|[34;20m niworkflows      [0m|[34;20m Retry #1, commandline: 
antsRegistration --collapse-output-transforms 1 --dimensionality 3 --float 0 --initial-moving-transform [ /local/nvme/ds004996_15.784026/ds/tmp/mriqc_wf/funcMRIQC/SpatialNormalization/ea6faad846f0d9e1f0782a96c6cf6b25e420381a/EPI2MNI/transform.mat, 0 ] --initialize-transforms-per-stage 0 --interpolation LanczosWindowedSinc --output [ epi_to_mni, epi_to_mni_Warped.nii.gz ] --transform Rigid[ 0.05 ] --metric Mattes[ /templateflow/tpl-MNI152NLin2009cAsym/tpl-MNI152NLin2009cAsym_res-02_desc-fMRIPrep_boldref.nii.gz, /local/nvme/ds004996_15.784026/ds/tmp/mriqc_wf/funcMRIQC/SpatialNormalization/ea6faad846f0d9e1f0782a96c6cf6b25e420381a/SharpenEPI/sub-15_task-conversation_run-03_bold_desc-realigned_valid_tstat_corrected.nii.gz, 1, 56, Regular, 0.25 ] --convergence [ 10000x1000x100, 1e-06, 20 ] --smoothing-sigmas 4.0x2.0x1.0vox --shrink-factors 4x2x1 --use-histogram-matching 1 --masks [ /templateflow/tpl-MNI152NLin2009cAsym/tpl-MNI152NLin2009cAsym_res-02_desc-brain_mask.nii.gz, /local/nvme/ds004996_15.784026/ds/tmp/mriqc_wf/funcMRIQC/synthstrip_wf/ea6faad846f0d9e1f0782a96c6cf6b25e420381a/synthstrip/clipped_corrected_desc-brain_mask.nii.gz ] --transform Affine[ 0.08 ] --metric Mattes[ /templateflow/tpl-MNI152NLin2009cAsym/tpl-MNI152NLin2009cAsym_res-02_desc-fMRIPrep_boldref.nii.gz, /local/nvme/ds004996_15.784026/ds/tmp/mriqc_wf/funcMRIQC/SpatialNormalization/ea6faad846f0d9e1f0782a96c6cf6b25e420381a/SharpenEPI/sub-15_task-conversation_run-03_bold_desc-realigned_valid_tstat_corrected.nii.gz, 1, 56, Regular, 0.25 ] --convergence [ 500x250x100, 1e-06, 20 ] --smoothing-sigmas 4.0x2.0x1.0vox --shrink-factors 8x4x2 --use-histogram-matching 1 --masks [ /templateflow/tpl-MNI152NLin2009cAsym/tpl-MNI152NLin2009cAsym_res-02_desc-brain_mask.nii.gz, /local/nvme/ds004996_15.784026/ds/tmp/mriqc_wf/funcMRIQC/synthstrip_wf/ea6faad846f0d9e1f0782a96c6cf6b25e420381a/synthstrip/clipped_corrected_desc-brain_mask.nii.gz ] --transform SyN[ 0.1, 3.0, 0.0 ] --metric CC[ /templateflow/tpl-MNI152NLin2009cAsym/tpl-MNI152NLin2009cAsym_res-02_desc-fMRIPrep_boldref.nii.gz, /local/nvme/ds004996_15.784026/ds/tmp/mriqc_wf/funcMRIQC/SpatialNormalization/ea6faad846f0d9e1f0782a96c6cf6b25e420381a/SharpenEPI/sub-15_task-conversation_run-03_bold_desc-realigned_valid_tstat_corrected.nii.gz, 1, 4, None, 1 ] --convergence [ 100x30x20, 1e-06, 10 ] --smoothing-sigmas 3.0x2.0x1.0vox --shrink-factors 8x4x2 --use-histogram-matching 1 --masks [ /templateflow/tpl-MNI152NLin2009cAsym/tpl-MNI152NLin2009cAsym_res-02_desc-brain_mask.nii.gz, /local/nvme/ds004996_15.784026/ds/tmp/mriqc_wf/funcMRIQC/synthstrip_wf/ea6faad846f0d9e1f0782a96c6cf6b25e420381a/synthstrip/clipped_corrected_desc-brain_mask.nii.gz ] --winsorize-image-intensities [ 0.005, 0.995 ]  --write-composite-transform 1[0m
2026-03-27 02:37:08 |[34;20m INFO     [0m|[34;20m niworkflows      [0m|[34;20m Successful spatial normalization (retry #1).[0m
2026-03-27 02:37:08 |[34;20m INFO     [0m|[34;20m niworkflows      [0m|[34;20m Report - setting fixed (/templateflow/tpl-MNI152NLin2009cAsym/tpl-MNI152NLin2009cAsym_res-02_desc-fMRIPrep_boldref.nii.gz) and moving (/local/nvme/ds004996_15.784026/ds/tmp/mriqc_wf/funcMRIQC/SpatialNormalization/ea6faad846f0d9e1f0782a96c6cf6b25e420381a/EPI2MNI/epi_to_mni_Warped.nii.gz) images[0m
2026-03-27 02:37:08 |[34;20m INFO     [0m|[34;20m niworkflows      [0m|[34;20m Generating visual report[0m
2026-03-27 02:37:23 |[34;20m INFO     [0m|[34;20m nipype.workflow  [0m|[34;20m [Node] Finished "EPI2MNI", elapsed time 32.545517s.[0m
2026-03-27 02:37:25 |[34;20m INFO     [0m|[34;20m nipype.workflow  [0m|[34;20m [Node] Setting-up "mriqc_wf.funcMRIQC.func_report_wf.ds_report_norm" in "/local/nvme/ds004996_15.784026/ds/tmp/mriqc_wf/funcMRIQC/func_report_wf/d9ea42a2bfe7147f0a3b5ca8542bb6c1e1cce53d/ds_report_norm".[0m
2026-03-27 02:37:25 |[34;20m INFO     [0m|[34;20m nipype.workflow  [0m|[34;20m [Node] Setting-up "mriqc_wf.funcMRIQC.synthstrip_wf.final_masked" in "/local/nvme/ds004996_15.784026/ds/tmp/mriqc_wf/funcMRIQC/synthstrip_wf/d9ea42a2bfe7147f0a3b5ca8542bb6c1e1cce53d/final_masked".[0m
2026-03-27 02:37:25 |[34;20m INFO     [0m|[34;20m nipype.workflow  [0m|[34;20m [Node] Setting-up "mriqc_wf.funcMRIQC.SpatialNormalization.ResampleSegmentation" in "/local/nvme/ds004996_15.784026/ds/tmp/mriqc_wf/funcMRIQC/SpatialNormalization/d9ea42a2bfe7147f0a3b5ca8542bb6c1e1cce53d/ResampleSegmentation".[0m
2026-03-27 02:37:25 |[34;20m INFO     [0m|[34;20m nipype.workflow  [0m|[34;20m [Node] Executing "ds_report_norm" <mriqc.interfaces.DerivativesDataSink>[0m
2026-03-27 02:37:25 |[34;20m INFO     [0m|[34;20m nipype.workflow  [0m|[34;20m [Node] Executing "final_masked" <niworkflows.interfaces.nibabel.ApplyMask>[0m
2026-03-27 02:37:25 |[34;20m INFO     [0m|[34;20m nipype.workflow  [0m|[34;20m [Node] Executing "ResampleSegmentation" <nipype.interfaces.ants.resampling.ApplyTransforms>[0m
2026-03-27 02:37:25 |[34;20m INFO     [0m|[34;20m nipype.workflow  [0m|[34;20m [Node] Finished "ds_report_norm", elapsed time 0.005258s.[0m
2026-03-27 02:37:25 |[34;20m INFO     [0m|[34;20m nipype.workflow  [0m|[34;20m [Node] Finished "final_masked", elapsed time 0.034989s.[0m
2026-03-27 02:37:25 |[34;20m INFO     [0m|[34;20m nipype.workflow  [0m|[34;20m [Node] Setting-up "mriqc_wf.funcMRIQC.func_report_wf.ds_report_norm" in "/local/nvme/ds004996_15.784026/ds/tmp/mriqc_wf/funcMRIQC/func_report_wf/ea6faad846f0d9e1f0782a96c6cf6b25e420381a/ds_report_norm".[0m
2026-03-27 02:37:25 |[34;20m INFO     [0m|[34;20m nipype.workflow  [0m|[34;20m [Node] Setting-up "mriqc_wf.funcMRIQC.synthstrip_wf.final_masked" in "/local/nvme/ds004996_15.784026/ds/tmp/mriqc_wf/funcMRIQC/synthstrip_wf/ea6faad846f0d9e1f0782a96c6cf6b25e420381a/final_masked".[0m
2026-03-27 02:37:25 |[34;20m INFO     [0m|[34;20m nipype.workflow  [0m|[34;20m [Node] Setting-up "mriqc_wf.funcMRIQC.SpatialNormalization.ResampleSegmentation" in "/local/nvme/ds004996_15.784026/ds/tmp/mriqc_wf/funcMRIQC/SpatialNormalization/ea6faad846f0d9e1f0782a96c6cf6b25e420381a/ResampleSegmentation".[0m
2026-03-27 02:37:25 |[34;20m INFO     [0m|[34;20m nipype.workflow  [0m|[34;20m [Node] Executing "final_masked" <niworkflows.interfaces.nibabel.ApplyMask>[0m
2026-03-27 02:37:25 |[34;20m INFO     [0m|[34;20m nipype.workflow  [0m|[34;20m [Node] Executing "ds_report_norm" <mriqc.interfaces.DerivativesDataSink>[0m
2026-03-27 02:37:25 |[34;20m INFO     [0m|[34;20m nipype.workflow  [0m|[34;20m [Node] Executing "ResampleSegmentation" <nipype.interfaces.ants.resampling.ApplyTransforms>[0m
2026-03-27 02:37:25 |[34;20m INFO     [0m|[34;20m nipype.workflow  [0m|[34;20m [Node] Finished "ds_report_norm", elapsed time 0.005209s.[0m
2026-03-27 02:37:25 |[34;20m INFO     [0m|[34;20m nipype.workflow  [0m|[34;20m [Node] Finished "final_masked", elapsed time 0.032715s.[0m
2026-03-27 02:37:25 |[34;20m INFO     [0m|[34;20m nipype.workflow  [0m|[34;20m [Node] Setting-up "_datasink0" in "/local/nvme/ds004996_15.784026/ds/tmp/mriqc_wf/funcMRIQC/ComputeIQMs/ea6faad846f0d9e1f0782a96c6cf6b25e420381a/datasink/mapflow/_datasink0".[0m
2026-03-27 02:37:25 |[34;20m INFO     [0m|[34;20m nipype.workflow  [0m|[34;20m [Node] Executing "_datasink0" <mriqc.interfaces.bids.IQMFileSink>[0m
2026-03-27 02:37:25 |[34;20m INFO     [0m|[34;20m nipype.workflow  [0m|[34;20m [Node] Finished "_datasink0", elapsed time 0.000654s.[0m
2026-03-27 02:37:25 |[34;20m INFO     [0m|[34;20m nipype.workflow  [0m|[34;20m [Node] Setting-up "_ds_timeseries0" in "/local/nvme/ds004996_15.784026/ds/tmp/mriqc_wf/funcMRIQC/ComputeIQMs/ea6faad846f0d9e1f0782a96c6cf6b25e420381a/ds_timeseries/mapflow/_ds_timeseries0".[0m
2026-03-27 02:37:25 |[34;20m INFO     [0m|[34;20m nipype.workflow  [0m|[34;20m [Node] Executing "_ds_timeseries0" <mriqc.interfaces.DerivativesDataSink>[0m
2026-03-27 02:37:25 |[34;20m INFO     [0m|[34;20m nipype.workflow  [0m|[34;20m [Node] Finished "_ds_timeseries0", elapsed time 0.004151s.[0m
2026-03-27 02:37:26 |[34;20m INFO     [0m|[34;20m nipype.workflow  [0m|[34;20m [Node] Setting-up "_ds_report_carpet0" in "/local/nvme/ds004996_15.784026/ds/tmp/mriqc_wf/funcMRIQC/func_report_wf/99116aabb49286c399ad16005e69d83a7d1314a3/ds_report_carpet/mapflow/_ds_report_carpet0".[0m
2026-03-27 02:37:26 |[34;20m INFO     [0m|[34;20m nipype.workflow  [0m|[34;20m [Node] Executing "_ds_report_carpet0" <mriqc.interfaces.DerivativesDataSink>[0m
2026-03-27 02:37:26 |[34;20m INFO     [0m|[34;20m nipype.workflow  [0m|[34;20m [Node] Finished "_ds_report_carpet0", elapsed time 0.005109s.[0m
2026-03-27 02:37:27 |[34;20m INFO     [0m|[34;20m nipype.workflow  [0m|[34;20m [Node] Finished "ResampleSegmentation", elapsed time 2.35713s.[0m
2026-03-27 02:37:27 |[34;20m INFO     [0m|[34;20m nipype.workflow  [0m|[34;20m [Node] Finished "ResampleSegmentation", elapsed time 2.209193s.[0m
2026-03-27 02:37:29 |[34;20m INFO     [0m|[34;20m nipype.workflow  [0m|[34;20m [Node] Setting-up "mriqc_wf.funcMRIQC.func_report_wf.parcels" in "/local/nvme/ds004996_15.784026/ds/tmp/mriqc_wf/funcMRIQC/func_report_wf/ea6faad846f0d9e1f0782a96c6cf6b25e420381a/parcels".[0m
2026-03-27 02:37:29 |[34;20m INFO     [0m|[34;20m nipype.workflow  [0m|[34;20m [Node] Setting-up "mriqc_wf.funcMRIQC.func_report_wf.parcels" in "/local/nvme/ds004996_15.784026/ds/tmp/mriqc_wf/funcMRIQC/func_report_wf/d9ea42a2bfe7147f0a3b5ca8542bb6c1e1cce53d/parcels".[0m
2026-03-27 02:37:29 |[34;20m INFO     [0m|[34;20m nipype.workflow  [0m|[34;20m [Node] Executing "parcels" <nipype.interfaces.utility.wrappers.Function>[0m
2026-03-27 02:37:29 |[34;20m INFO     [0m|[34;20m nipype.workflow  [0m|[34;20m [Node] Executing "parcels" <nipype.interfaces.utility.wrappers.Function>[0m
2026-03-27 02:37:29 |[34;20m INFO     [0m|[34;20m nipype.workflow  [0m|[34;20m [Node] Finished "parcels", elapsed time 0.03014s.[0m
2026-03-27 02:37:29 |[34;20m INFO     [0m|[34;20m nipype.workflow  [0m|[34;20m [Node] Finished "parcels", elapsed time 0.032503s.[0m
2026-03-27 02:37:31 |[34;20m INFO     [0m|[34;20m nipype.workflow  [0m|[34;20m [Node] Setting-up "_BigPlot0" in "/local/nvme/ds004996_15.784026/ds/tmp/mriqc_wf/funcMRIQC/func_report_wf/d9ea42a2bfe7147f0a3b5ca8542bb6c1e1cce53d/BigPlot/mapflow/_BigPlot0".[0m
2026-03-27 02:37:31 |[34;20m INFO     [0m|[34;20m nipype.workflow  [0m|[34;20m [Node] Setting-up "_BigPlot0" in "/local/nvme/ds004996_15.784026/ds/tmp/mriqc_wf/funcMRIQC/func_report_wf/ea6faad846f0d9e1f0782a96c6cf6b25e420381a/BigPlot/mapflow/_BigPlot0".[0m
2026-03-27 02:37:31 |[34;20m INFO     [0m|[34;20m nipype.workflow  [0m|[34;20m [Node] Executing "_BigPlot0" <nireports.interfaces.fmri.FMRISummary>[0m
2026-03-27 02:37:31 |[34;20m INFO     [0m|[34;20m nipype.workflow  [0m|[34;20m [Node] Executing "_BigPlot0" <nireports.interfaces.fmri.FMRISummary>[0m
2026-03-27 02:37:35 |[34;20m INFO     [0m|[34;20m nipype.workflow  [0m|[34;20m [Node] Finished "_BigPlot0", elapsed time 3.833311s.[0m
2026-03-27 02:37:35 |[34;20m INFO     [0m|[34;20m nipype.workflow  [0m|[34;20m [Node] Setting-up "_ds_report_carpet0" in "/local/nvme/ds004996_15.784026/ds/tmp/mriqc_wf/funcMRIQC/func_report_wf/d9ea42a2bfe7147f0a3b5ca8542bb6c1e1cce53d/ds_report_carpet/mapflow/_ds_report_carpet0".[0m
2026-03-27 02:37:35 |[34;20m INFO     [0m|[34;20m nipype.workflow  [0m|[34;20m [Node] Executing "_ds_report_carpet0" <mriqc.interfaces.DerivativesDataSink>[0m
2026-03-27 02:37:35 |[34;20m INFO     [0m|[34;20m nipype.workflow  [0m|[34;20m [Node] Finished "_ds_report_carpet0", elapsed time 0.004906s.[0m
2026-03-27 02:37:35 |[34;20m INFO     [0m|[34;20m nipype.workflow  [0m|[34;20m [Node] Finished "_BigPlot0", elapsed time 4.043609s.[0m
2026-03-27 02:37:37 |[34;20m INFO     [0m|[34;20m nipype.workflow  [0m|[34;20m [Node] Setting-up "_ds_report_carpet0" in "/local/nvme/ds004996_15.784026/ds/tmp/mriqc_wf/funcMRIQC/func_report_wf/ea6faad846f0d9e1f0782a96c6cf6b25e420381a/ds_report_carpet/mapflow/_ds_report_carpet0".[0m
2026-03-27 02:37:37 |[34;20m INFO     [0m|[34;20m nipype.workflow  [0m|[34;20m [Node] Executing "_ds_report_carpet0" <mriqc.interfaces.DerivativesDataSink>[0m
2026-03-27 02:37:37 |[34;20m INFO     [0m|[34;20m nipype.workflow  [0m|[34;20m [Node] Finished "_ds_report_carpet0", elapsed time 0.004869s.[0m
2026-03-27 02:37:39 |[34;20m INFO     [0m|[34;20m nipype.workflow  [0m|[34;20m Generating reports...[0m
2026-03-27 02:37:39 |[34;20m INFO     [0m|[34;20m nipype.workflow  [0m|[34;20m Report generation finished (3 reports).[0m
2026-03-27 02:37:39 |[33;20m IMPORTANT [0m|[33;20m mriqc            [0m|[33;20m Participant level finished successfully averaging 00h 07min 33s per subject.[0m
2026-03-27 02:37:39 |[34;20m INFO     [0m|[34;20m mriqc            [0m|[34;20m Generating BIDS derivatives metadata.[0m
----------------------------------------------------------------
  MRIQC completed (elapsed time 00h 22min 41s).
----------------------------------------------------------------

