------------------------------------------------------------------
  Running MRIQC version 24.1.0.dev0+gd5b13cb5.d20240826
  ----------------------------------------------------------------

  NOTICE
  Copyright © The NiPreps Developers.
  
  This product includes software developed by
  the NiPreps Community (https://nipreps.org/).
  
  Portions of this software were developed at the Department of
  Psychology at Stanford University, Stanford, CA, US.
  
  This software contains code ultimately derived from the
  PCP Quality Assessment Protocol (QAP;
  http://preprocessed-connectomes-project.org/quality-assessment-protocol)
  by C. Craddock, S. Giavasis, D. Clark, Z. Shezhad, and J. Pellman.
  
  This software is also distributed as a Docker container image.
  The bootstrapping file for the image ("Dockerfile") is licensed
  under the MIT License.

  ----------------------------------------------------------------

  * BIDS dataset path: /local/nvme/ds004996_42.784026/ds/sourcedata/raw.
  * Output folder: mriqc.
  * Analysis levels: ['participant'].
------------------------------------------------------------------

2026-03-27 02:15:14 |[33;20m IMPORTANT [0m|[33;20m mriqc            [0m|[33;20m Extracting metadata and entities for 3 input runs of modality 'bold'...[0m
2026-03-27 02:15:14 |[33;20m IMPORTANT [0m|[33;20m mriqc            [0m|[33;20m File size ('bold'): 0.41|0.41 GB [maximum|average].[0m
2026-03-27 02:15:14 |[34;20m INFO     [0m|[34;20m mriqc            [0m|[34;20m MRIQC config file: /local/nvme/ds004996_42.784026/ds/tmp/config-20260327-021509_68a137ba-1344-402c-98f1-7da9b7f692d6.toml.[0m
2026-03-27 02:15:21 |[34;20m INFO     [0m|[34;20m matplotlib.font_manager [0m|[34;20m generated new fontManager[0m
2026-03-27 02:15:23 |[33;20m IMPORTANT [0m|[33;20m mriqc            [0m|[33;20m Building MRIQC's workflows...[0m
2026-03-27 02:15:23 |[34;20m INFO     [0m|[34;20m nipype.workflow  [0m|[34;20m Building functional MRIQC workflow for 3 BOLD runs..[0m
2026-03-27 02:15:29 |[33;20m IMPORTANT [0m|[33;20m mriqc            [0m|[33;20m Workflow building finished (exit code 0).[0m
2026-03-27 02:15:34 |[34;20m INFO     [0m|[34;20m nipype.workflow  [0m|[34;20m Workflow mriqc_wf settings: ['check', 'execution', 'logging', 'monitoring'][0m
2026-03-27 02:15:34 |[34;20m INFO     [0m|[34;20m nipype.workflow  [0m|[34;20m [Node] Setting-up "mriqc_wf.funcMRIQC.pick_echo" in "/local/nvme/ds004996_42.784026/ds/tmp/mriqc_wf/funcMRIQC/7a2054f35f98df8bd1b99ec31c47720b3fd9e44f/pick_echo".[0m
2026-03-27 02:15:34 |[34;20m INFO     [0m|[34;20m nipype.workflow  [0m|[34;20m [Node] Setting-up "_provenance0" in "/local/nvme/ds004996_42.784026/ds/tmp/mriqc_wf/funcMRIQC/ComputeIQMs/7a2054f35f98df8bd1b99ec31c47720b3fd9e44f/provenance/mapflow/_provenance0".[0m
2026-03-27 02:15:34 |[34;20m INFO     [0m|[34;20m nipype.workflow  [0m|[34;20m [Node] Executing "_provenance0" <mriqc.interfaces.reports.AddProvenance>[0m
2026-03-27 02:15:34 |[34;20m INFO     [0m|[34;20m nipype.workflow  [0m|[34;20m [Node] Executing "pick_echo" <mriqc.interfaces.functional.SelectEcho>[0m
2026-03-27 02:15:34 |[34;20m INFO     [0m|[34;20m nipype.workflow  [0m|[34;20m [Node] Finished "pick_echo", elapsed time 0.000615s.[0m
2026-03-27 02:15:35 |[34;20m INFO     [0m|[34;20m nipype.workflow  [0m|[34;20m [Node] Finished "_provenance0", elapsed time 0.813427s.[0m
2026-03-27 02:15:35 |[34;20m INFO     [0m|[34;20m nipype.workflow  [0m|[34;20m [Node] Setting-up "_provenance0" in "/local/nvme/ds004996_42.784026/ds/tmp/mriqc_wf/funcMRIQC/ComputeIQMs/ae38cba27d9711b24b0f017560226f6298180193/provenance/mapflow/_provenance0".[0m
2026-03-27 02:15:35 |[34;20m INFO     [0m|[34;20m nipype.workflow  [0m|[34;20m [Node] Setting-up "mriqc_wf.funcMRIQC.pick_echo" in "/local/nvme/ds004996_42.784026/ds/tmp/mriqc_wf/funcMRIQC/ae38cba27d9711b24b0f017560226f6298180193/pick_echo".[0m
2026-03-27 02:15:35 |[34;20m INFO     [0m|[34;20m nipype.workflow  [0m|[34;20m [Node] Executing "_provenance0" <mriqc.interfaces.reports.AddProvenance>[0m
2026-03-27 02:15:35 |[34;20m INFO     [0m|[34;20m nipype.workflow  [0m|[34;20m [Node] Executing "pick_echo" <mriqc.interfaces.functional.SelectEcho>[0m
2026-03-27 02:15:35 |[34;20m INFO     [0m|[34;20m nipype.workflow  [0m|[34;20m [Node] Finished "pick_echo", elapsed time 0.000477s.[0m
2026-03-27 02:15:36 |[34;20m INFO     [0m|[34;20m nipype.workflow  [0m|[34;20m [Node] Finished "_provenance0", elapsed time 0.874289s.[0m
2026-03-27 02:15:36 |[34;20m INFO     [0m|[34;20m nipype.workflow  [0m|[34;20m [Node] Setting-up "mriqc_wf.funcMRIQC.pick_echo" in "/local/nvme/ds004996_42.784026/ds/tmp/mriqc_wf/funcMRIQC/f7a4b91a7ed13b64fe7987074660ccec19d24f12/pick_echo".[0m
2026-03-27 02:15:36 |[34;20m INFO     [0m|[34;20m nipype.workflow  [0m|[34;20m [Node] Setting-up "_provenance0" in "/local/nvme/ds004996_42.784026/ds/tmp/mriqc_wf/funcMRIQC/ComputeIQMs/f7a4b91a7ed13b64fe7987074660ccec19d24f12/provenance/mapflow/_provenance0".[0m
2026-03-27 02:15:36 |[34;20m INFO     [0m|[34;20m nipype.workflow  [0m|[34;20m [Node] Executing "_provenance0" <mriqc.interfaces.reports.AddProvenance>[0m
2026-03-27 02:15:36 |[34;20m INFO     [0m|[34;20m nipype.workflow  [0m|[34;20m [Node] Executing "pick_echo" <mriqc.interfaces.functional.SelectEcho>[0m
2026-03-27 02:15:36 |[34;20m INFO     [0m|[34;20m nipype.workflow  [0m|[34;20m [Node] Finished "pick_echo", elapsed time 0.0005s.[0m
2026-03-27 02:15:37 |[34;20m INFO     [0m|[34;20m nipype.workflow  [0m|[34;20m [Node] Finished "_provenance0", elapsed time 0.84294s.[0m
2026-03-27 02:15:37 |[34;20m INFO     [0m|[34;20m nipype.workflow  [0m|[34;20m [Node] Setting-up "mriqc_wf.funcMRIQC.non_steady_state_detector" in "/local/nvme/ds004996_42.784026/ds/tmp/mriqc_wf/funcMRIQC/ae38cba27d9711b24b0f017560226f6298180193/non_steady_state_detector".[0m
2026-03-27 02:15:37 |[34;20m INFO     [0m|[34;20m nipype.workflow  [0m|[34;20m [Node] Setting-up "mriqc_wf.funcMRIQC.non_steady_state_detector" in "/local/nvme/ds004996_42.784026/ds/tmp/mriqc_wf/funcMRIQC/7a2054f35f98df8bd1b99ec31c47720b3fd9e44f/non_steady_state_detector".[0m
2026-03-27 02:15:37 |[34;20m INFO     [0m|[34;20m nipype.workflow  [0m|[34;20m [Node] Setting-up "mriqc_wf.funcMRIQC.non_steady_state_detector" in "/local/nvme/ds004996_42.784026/ds/tmp/mriqc_wf/funcMRIQC/f7a4b91a7ed13b64fe7987074660ccec19d24f12/non_steady_state_detector".[0m
2026-03-27 02:15:37 |[34;20m INFO     [0m|[34;20m nipype.workflow  [0m|[34;20m [Node] Executing "non_steady_state_detector" <nipype.algorithms.confounds.NonSteadyStateDetector>[0m
2026-03-27 02:15:37 |[34;20m INFO     [0m|[34;20m nipype.workflow  [0m|[34;20m [Node] Executing "non_steady_state_detector" <nipype.algorithms.confounds.NonSteadyStateDetector>[0m
2026-03-27 02:15:37 |[34;20m INFO     [0m|[34;20m nipype.workflow  [0m|[34;20m [Node] Executing "non_steady_state_detector" <nipype.algorithms.confounds.NonSteadyStateDetector>[0m
2026-03-27 02:15:37 |[34;20m INFO     [0m|[34;20m nipype.workflow  [0m|[34;20m [Node] Finished "non_steady_state_detector", elapsed time 0.03075s.[0m
2026-03-27 02:15:37 |[34;20m INFO     [0m|[34;20m nipype.workflow  [0m|[34;20m [Node] Finished "non_steady_state_detector", elapsed time 0.0291s.[0m
2026-03-27 02:15:37 |[34;20m INFO     [0m|[34;20m nipype.workflow  [0m|[34;20m [Node] Finished "non_steady_state_detector", elapsed time 0.030168s.[0m
2026-03-27 02:15:39 |[34;20m INFO     [0m|[34;20m nipype.workflow  [0m|[34;20m [Node] Setting-up "_sanitize0" in "/local/nvme/ds004996_42.784026/ds/tmp/mriqc_wf/funcMRIQC/f7a4b91a7ed13b64fe7987074660ccec19d24f12/sanitize/mapflow/_sanitize0".[0m
2026-03-27 02:15:39 |[34;20m INFO     [0m|[34;20m nipype.workflow  [0m|[34;20m [Node] Setting-up "_sanitize0" in "/local/nvme/ds004996_42.784026/ds/tmp/mriqc_wf/funcMRIQC/7a2054f35f98df8bd1b99ec31c47720b3fd9e44f/sanitize/mapflow/_sanitize0".[0m
2026-03-27 02:15:39 |[34;20m INFO     [0m|[34;20m nipype.workflow  [0m|[34;20m [Node] Executing "_sanitize0" <niworkflows.interfaces.header.SanitizeImage>[0m
2026-03-27 02:15:39 |[34;20m INFO     [0m|[34;20m nipype.workflow  [0m|[34;20m [Node] Setting-up "_sanitize0" in "/local/nvme/ds004996_42.784026/ds/tmp/mriqc_wf/funcMRIQC/ae38cba27d9711b24b0f017560226f6298180193/sanitize/mapflow/_sanitize0".[0m
2026-03-27 02:15:39 |[34;20m INFO     [0m|[34;20m nipype.workflow  [0m|[34;20m [Node] Executing "_sanitize0" <niworkflows.interfaces.header.SanitizeImage>[0m
2026-03-27 02:15:39 |[34;20m INFO     [0m|[34;20m nipype.workflow  [0m|[34;20m [Node] Executing "_sanitize0" <niworkflows.interfaces.header.SanitizeImage>[0m
2026-03-27 02:15:40 |[34;20m INFO     [0m|[34;20m nipype.workflow  [0m|[34;20m [Node] Finished "_sanitize0", elapsed time 0.815138s.[0m
2026-03-27 02:15:40 |[34;20m INFO     [0m|[34;20m nipype.workflow  [0m|[34;20m [Node] Finished "_sanitize0", elapsed time 0.819378s.[0m
2026-03-27 02:15:40 |[34;20m INFO     [0m|[34;20m nipype.workflow  [0m|[34;20m [Node] Finished "_sanitize0", elapsed time 0.828819s.[0m
2026-03-27 02:15:41 |[34;20m INFO     [0m|[34;20m nipype.workflow  [0m|[34;20m [Node] Setting-up "mriqc_wf.funcMRIQC.fMRI_HMC.estimate_hm" in "/local/nvme/ds004996_42.784026/ds/tmp/mriqc_wf/funcMRIQC/fMRI_HMC/7a2054f35f98df8bd1b99ec31c47720b3fd9e44f/estimate_hm".[0m
2026-03-27 02:15:41 |[34;20m INFO     [0m|[34;20m nipype.workflow  [0m|[34;20m [Node] Setting-up "mriqc_wf.funcMRIQC.fMRI_HMC.estimate_hm" in "/local/nvme/ds004996_42.784026/ds/tmp/mriqc_wf/funcMRIQC/fMRI_HMC/ae38cba27d9711b24b0f017560226f6298180193/estimate_hm".[0m
2026-03-27 02:15:41 |[34;20m INFO     [0m|[34;20m nipype.workflow  [0m|[34;20m [Node] Executing "estimate_hm" <nipype.interfaces.afni.preprocess.Volreg>[0m
2026-03-27 02:15:41 |[34;20m INFO     [0m|[34;20m nipype.workflow  [0m|[34;20m [Node] Setting-up "mriqc_wf.funcMRIQC.fMRI_HMC.estimate_hm" in "/local/nvme/ds004996_42.784026/ds/tmp/mriqc_wf/funcMRIQC/fMRI_HMC/f7a4b91a7ed13b64fe7987074660ccec19d24f12/estimate_hm".[0m
2026-03-27 02:15:41 |[34;20m INFO     [0m|[34;20m nipype.workflow  [0m|[34;20m [Node] Executing "estimate_hm" <nipype.interfaces.afni.preprocess.Volreg>[0m
2026-03-27 02:15:41 |[34;20m INFO     [0m|[34;20m nipype.workflow  [0m|[34;20m [Node] Setting-up "_SpikesMask0" in "/local/nvme/ds004996_42.784026/ds/tmp/mriqc_wf/funcMRIQC/func_report_wf/7a2054f35f98df8bd1b99ec31c47720b3fd9e44f/SpikesMask/mapflow/_SpikesMask0".[0m
2026-03-27 02:15:41 |[34;20m INFO     [0m|[34;20m nipype.workflow  [0m|[34;20m [Node] Executing "estimate_hm" <nipype.interfaces.afni.preprocess.Volreg>[0m
2026-03-27 02:15:41 |[34;20m INFO     [0m|[34;20m nipype.workflow  [0m|[34;20m [Node] Executing "_SpikesMask0" <nipype.interfaces.utility.wrappers.Function>[0m
2026-03-27 02:15:41 |[34;20m INFO     [0m|[34;20m nipype.workflow  [0m|[34;20m [Node] Setting-up "_SpikesMask0" in "/local/nvme/ds004996_42.784026/ds/tmp/mriqc_wf/funcMRIQC/func_report_wf/ae38cba27d9711b24b0f017560226f6298180193/SpikesMask/mapflow/_SpikesMask0".[0m
2026-03-27 02:15:41 |[34;20m INFO     [0m|[34;20m nipype.workflow  [0m|[34;20m [Node] Setting-up "_SpikesMask0" in "/local/nvme/ds004996_42.784026/ds/tmp/mriqc_wf/funcMRIQC/func_report_wf/f7a4b91a7ed13b64fe7987074660ccec19d24f12/SpikesMask/mapflow/_SpikesMask0".[0m
2026-03-27 02:15:41 |[34;20m INFO     [0m|[34;20m nipype.workflow  [0m|[34;20m [Node] Executing "_SpikesMask0" <nipype.interfaces.utility.wrappers.Function>[0m
2026-03-27 02:15:41 |[34;20m INFO     [0m|[34;20m nipype.workflow  [0m|[34;20m [Node] Executing "_SpikesMask0" <nipype.interfaces.utility.wrappers.Function>[0m
2026-03-27 02:15:43 |[34;20m INFO     [0m|[34;20m nipype.workflow  [0m|[34;20m [Node] Finished "_SpikesMask0", elapsed time 1.7029649999999998s.[0m
2026-03-27 02:15:43 |[34;20m INFO     [0m|[34;20m nipype.workflow  [0m|[34;20m [Node] Finished "_SpikesMask0", elapsed time 1.7017989999999998s.[0m
2026-03-27 02:15:43 |[34;20m INFO     [0m|[34;20m nipype.workflow  [0m|[34;20m [Node] Setting-up "_SpikesFinderBgMask0" in "/local/nvme/ds004996_42.784026/ds/tmp/mriqc_wf/funcMRIQC/func_report_wf/7a2054f35f98df8bd1b99ec31c47720b3fd9e44f/SpikesFinderBgMask/mapflow/_SpikesFinderBgMask0".[0m
2026-03-27 02:15:43 |[34;20m INFO     [0m|[34;20m nipype.workflow  [0m|[34;20m [Node] Setting-up "_SpikesFinderBgMask0" in "/local/nvme/ds004996_42.784026/ds/tmp/mriqc_wf/funcMRIQC/func_report_wf/ae38cba27d9711b24b0f017560226f6298180193/SpikesFinderBgMask/mapflow/_SpikesFinderBgMask0".[0m
2026-03-27 02:15:43 |[34;20m INFO     [0m|[34;20m nipype.workflow  [0m|[34;20m [Node] Executing "_SpikesFinderBgMask0" <mriqc.interfaces.functional.Spikes>[0m
2026-03-27 02:15:43 |[34;20m INFO     [0m|[34;20m nipype.workflow  [0m|[34;20m [Node] Executing "_SpikesFinderBgMask0" <mriqc.interfaces.functional.Spikes>[0m
2026-03-27 02:15:44 |[34;20m INFO     [0m|[34;20m nipype.workflow  [0m|[34;20m [Node] Finished "_SpikesMask0", elapsed time 2.446976s.[0m
2026-03-27 02:15:45 |[34;20m INFO     [0m|[34;20m nipype.workflow  [0m|[34;20m [Node] Setting-up "_SpikesFinderBgMask0" in "/local/nvme/ds004996_42.784026/ds/tmp/mriqc_wf/funcMRIQC/func_report_wf/f7a4b91a7ed13b64fe7987074660ccec19d24f12/SpikesFinderBgMask/mapflow/_SpikesFinderBgMask0".[0m
2026-03-27 02:15:45 |[34;20m INFO     [0m|[34;20m nipype.workflow  [0m|[34;20m [Node] Executing "_SpikesFinderBgMask0" <mriqc.interfaces.functional.Spikes>[0m
2026-03-27 02:15:46 |[34;20m INFO     [0m|[34;20m nipype.workflow  [0m|[34;20m [Node] Finished "_SpikesFinderBgMask0", elapsed time 2.990314s.[0m
2026-03-27 02:15:47 |[34;20m INFO     [0m|[34;20m nipype.workflow  [0m|[34;20m [Node] Finished "_SpikesFinderBgMask0", elapsed time 4.118556s.[0m
2026-03-27 02:15:49 |[34;20m INFO     [0m|[34;20m nipype.workflow  [0m|[34;20m [Node] Finished "_SpikesFinderBgMask0", elapsed time 3.644807s.[0m
2026-03-27 02:32:25 |[34;20m INFO     [0m|[34;20m nipype.workflow  [0m|[34;20m [Node] Finished "estimate_hm", elapsed time 1003.298816s.[0m
2026-03-27 02:32:25 |[34;20m INFO     [0m|[34;20m nipype.workflow  [0m|[34;20m [Node] Setting-up "mriqc_wf.funcMRIQC.fMRI_HMC.ComputeFD" in "/local/nvme/ds004996_42.784026/ds/tmp/mriqc_wf/funcMRIQC/fMRI_HMC/ae38cba27d9711b24b0f017560226f6298180193/ComputeFD".[0m
2026-03-27 02:32:25 |[34;20m INFO     [0m|[34;20m nipype.workflow  [0m|[34;20m [Node] Executing "ComputeFD" <nipype.algorithms.confounds.FramewiseDisplacement>[0m
2026-03-27 02:32:25 |[34;20m INFO     [0m|[34;20m nipype.workflow  [0m|[34;20m [Node] Finished "ComputeFD", elapsed time 0.006838s.[0m
2026-03-27 02:32:26 |[34;20m INFO     [0m|[34;20m nipype.workflow  [0m|[34;20m [Node] Finished "estimate_hm", elapsed time 1004.938071s.[0m
2026-03-27 02:32:27 |[34;20m INFO     [0m|[34;20m nipype.workflow  [0m|[34;20m [Node] Setting-up "mriqc_wf.funcMRIQC.fMRI_HMC.ComputeFD" in "/local/nvme/ds004996_42.784026/ds/tmp/mriqc_wf/funcMRIQC/fMRI_HMC/f7a4b91a7ed13b64fe7987074660ccec19d24f12/ComputeFD".[0m
2026-03-27 02:32:27 |[34;20m INFO     [0m|[34;20m nipype.workflow  [0m|[34;20m [Node] Executing "ComputeFD" <nipype.algorithms.confounds.FramewiseDisplacement>[0m
2026-03-27 02:32:27 |[34;20m INFO     [0m|[34;20m nipype.workflow  [0m|[34;20m [Node] Finished "ComputeFD", elapsed time 0.009745s.[0m
2026-03-27 02:32:35 |[34;20m INFO     [0m|[34;20m nipype.workflow  [0m|[34;20m [Node] Finished "estimate_hm", elapsed time 1013.677135s.[0m
2026-03-27 02:32:35 |[34;20m INFO     [0m|[34;20m nipype.workflow  [0m|[34;20m [Node] Setting-up "_apply_hmc0" in "/local/nvme/ds004996_42.784026/ds/tmp/mriqc_wf/funcMRIQC/fMRI_HMC/7a2054f35f98df8bd1b99ec31c47720b3fd9e44f/apply_hmc/mapflow/_apply_hmc0".[0m
2026-03-27 02:32:35 |[34;20m INFO     [0m|[34;20m nipype.workflow  [0m|[34;20m [Node] Executing "_apply_hmc0" <nipype.interfaces.utility.wrappers.Function>[0m
2026-03-27 02:32:55 |[34;20m INFO     [0m|[34;20m nipype.workflow  [0m|[34;20m [Node] Finished "_apply_hmc0", elapsed time 19.693912s.[0m
2026-03-27 02:32:55 |[34;20m INFO     [0m|[34;20m nipype.workflow  [0m|[34;20m [Node] Setting-up "mriqc_wf.funcMRIQC.fMRI_HMC.ComputeFD" in "/local/nvme/ds004996_42.784026/ds/tmp/mriqc_wf/funcMRIQC/fMRI_HMC/7a2054f35f98df8bd1b99ec31c47720b3fd9e44f/ComputeFD".[0m
2026-03-27 02:32:55 |[34;20m INFO     [0m|[34;20m nipype.workflow  [0m|[34;20m [Node] Executing "ComputeFD" <nipype.algorithms.confounds.FramewiseDisplacement>[0m
2026-03-27 02:32:55 |[34;20m INFO     [0m|[34;20m nipype.workflow  [0m|[34;20m [Node] Setting-up "_mean0" in "/local/nvme/ds004996_42.784026/ds/tmp/mriqc_wf/funcMRIQC/7a2054f35f98df8bd1b99ec31c47720b3fd9e44f/mean/mapflow/_mean0".[0m
2026-03-27 02:32:55 |[34;20m INFO     [0m|[34;20m nipype.workflow  [0m|[34;20m [Node] Executing "_mean0" <nipype.interfaces.afni.utils.TStat>[0m
2026-03-27 02:32:55 |[34;20m INFO     [0m|[34;20m nipype.workflow  [0m|[34;20m [Node] Setting-up "_compute_tsnr0" in "/local/nvme/ds004996_42.784026/ds/tmp/mriqc_wf/funcMRIQC/7a2054f35f98df8bd1b99ec31c47720b3fd9e44f/compute_tsnr/mapflow/_compute_tsnr0".[0m
2026-03-27 02:32:55 |[34;20m INFO     [0m|[34;20m nipype.workflow  [0m|[34;20m [Node] Setting-up "_quality0" in "/local/nvme/ds004996_42.784026/ds/tmp/mriqc_wf/funcMRIQC/ComputeIQMs/7a2054f35f98df8bd1b99ec31c47720b3fd9e44f/quality/mapflow/_quality0".[0m
2026-03-27 02:32:55 |[34;20m INFO     [0m|[34;20m nipype.workflow  [0m|[34;20m [Node] Executing "_compute_tsnr0" <nipype.algorithms.confounds.TSNR>[0m
2026-03-27 02:32:55 |[34;20m INFO     [0m|[34;20m nipype.workflow  [0m|[34;20m [Node] Executing "_quality0" <nipype.interfaces.afni.preprocess.QualityIndex>[0m
2026-03-27 02:32:55 |[34;20m INFO     [0m|[34;20m nipype.workflow  [0m|[34;20m [Node] Finished "ComputeFD", elapsed time 0.007467s.[0m
2026-03-27 02:32:57 |[34;20m INFO     [0m|[34;20m nipype.workflow  [0m|[34;20m [Node] Finished "_compute_tsnr0", elapsed time 1.561237s.[0m
2026-03-27 02:32:57 |[34;20m INFO     [0m|[34;20m nipype.workflow  [0m|[34;20m [Node] Setting-up "_PlotMosaicSD0" in "/local/nvme/ds004996_42.784026/ds/tmp/mriqc_wf/funcMRIQC/func_report_wf/7a2054f35f98df8bd1b99ec31c47720b3fd9e44f/PlotMosaicSD/mapflow/_PlotMosaicSD0".[0m
2026-03-27 02:32:57 |[34;20m INFO     [0m|[34;20m nipype.workflow  [0m|[34;20m [Node] Executing "_PlotMosaicSD0" <nireports.interfaces.mosaic.PlotMosaic>[0m
2026-03-27 02:32:59 |[34;20m INFO     [0m|[34;20m nipype.workflow  [0m|[34;20m [Node] Finished "_mean0", elapsed time 3.383994s.[0m
2026-03-27 02:32:59 |[34;20m INFO     [0m|[34;20m nipype.workflow  [0m|[34;20m [Node] Finished "_PlotMosaicSD0", elapsed time 1.5554329999999998s.[0m
2026-03-27 02:32:59 |[34;20m INFO     [0m|[34;20m nipype.workflow  [0m|[34;20m [Node] Setting-up "mriqc_wf.funcMRIQC.synthstrip_wf.pre_clip" in "/local/nvme/ds004996_42.784026/ds/tmp/mriqc_wf/funcMRIQC/synthstrip_wf/7a2054f35f98df8bd1b99ec31c47720b3fd9e44f/pre_clip".[0m
2026-03-27 02:32:59 |[34;20m INFO     [0m|[34;20m nipype.workflow  [0m|[34;20m [Node] Setting-up "mriqc_wf.funcMRIQC.SpatialNormalization.SharpenEPI" in "/local/nvme/ds004996_42.784026/ds/tmp/mriqc_wf/funcMRIQC/SpatialNormalization/7a2054f35f98df8bd1b99ec31c47720b3fd9e44f/SharpenEPI".[0m
2026-03-27 02:32:59 |[34;20m INFO     [0m|[34;20m nipype.workflow  [0m|[34;20m [Node] Executing "SharpenEPI" <nipype.interfaces.ants.segmentation.N4BiasFieldCorrection>[0m
2026-03-27 02:32:59 |[34;20m INFO     [0m|[34;20m nipype.workflow  [0m|[34;20m [Node] Executing "pre_clip" <niworkflows.interfaces.nibabel.IntensityClip>[0m
2026-03-27 02:32:59 |[34;20m INFO     [0m|[34;20m nipype.workflow  [0m|[34;20m [Node] Setting-up "_PlotMosaicNoise0" in "/local/nvme/ds004996_42.784026/ds/tmp/mriqc_wf/funcMRIQC/func_report_wf/7a2054f35f98df8bd1b99ec31c47720b3fd9e44f/PlotMosaicNoise/mapflow/_PlotMosaicNoise0".[0m
2026-03-27 02:32:59 |[34;20m INFO     [0m|[34;20m nipype.workflow  [0m|[34;20m [Node] Executing "_PlotMosaicNoise0" <nireports.interfaces.mosaic.PlotMosaic>[0m
2026-03-27 02:32:59 |[34;20m INFO     [0m|[34;20m nipype.workflow  [0m|[34;20m [Node] Setting-up "_ds_report_stdev0" in "/local/nvme/ds004996_42.784026/ds/tmp/mriqc_wf/funcMRIQC/func_report_wf/7a2054f35f98df8bd1b99ec31c47720b3fd9e44f/ds_report_stdev/mapflow/_ds_report_stdev0".[0m
2026-03-27 02:32:59 |[34;20m INFO     [0m|[34;20m nipype.workflow  [0m|[34;20m [Node] Executing "_ds_report_stdev0" <mriqc.interfaces.DerivativesDataSink>[0m
2026-03-27 02:32:59 |[34;20m INFO     [0m|[34;20m nipype.workflow  [0m|[34;20m [Node] Setting-up "_PlotMosaicMean0" in "/local/nvme/ds004996_42.784026/ds/tmp/mriqc_wf/funcMRIQC/func_report_wf/7a2054f35f98df8bd1b99ec31c47720b3fd9e44f/PlotMosaicMean/mapflow/_PlotMosaicMean0".[0m
2026-03-27 02:32:59 |[34;20m INFO     [0m|[34;20m nipype.workflow  [0m|[34;20m [Node] Executing "_PlotMosaicMean0" <nireports.interfaces.mosaic.PlotMosaic>[0m
2026-03-27 02:32:59 |[34;20m INFO     [0m|[34;20m nipype.workflow  [0m|[34;20m [Node] Finished "_ds_report_stdev0", elapsed time 0.015847s.[0m
2026-03-27 02:33:00 |[34;20m INFO     [0m|[34;20m nipype.workflow  [0m|[34;20m [Node] Finished "pre_clip", elapsed time 0.788145s.[0m
2026-03-27 02:33:01 |[34;20m INFO     [0m|[34;20m nipype.workflow  [0m|[34;20m [Node] Finished "_PlotMosaicMean0", elapsed time 1.491717s.[0m
2026-03-27 02:33:01 |[34;20m INFO     [0m|[34;20m nipype.workflow  [0m|[34;20m [Node] Finished "_PlotMosaicNoise0", elapsed time 1.575052s.[0m
2026-03-27 02:33:01 |[34;20m INFO     [0m|[34;20m nipype.workflow  [0m|[34;20m [Node] Setting-up "_ds_report_mean0" in "/local/nvme/ds004996_42.784026/ds/tmp/mriqc_wf/funcMRIQC/func_report_wf/7a2054f35f98df8bd1b99ec31c47720b3fd9e44f/ds_report_mean/mapflow/_ds_report_mean0".[0m
2026-03-27 02:33:01 |[34;20m INFO     [0m|[34;20m nipype.workflow  [0m|[34;20m [Node] Executing "_ds_report_mean0" <mriqc.interfaces.DerivativesDataSink>[0m
2026-03-27 02:33:01 |[34;20m INFO     [0m|[34;20m nipype.workflow  [0m|[34;20m [Node] Finished "_ds_report_mean0", elapsed time 0.005351s.[0m
2026-03-27 02:33:02 |[34;20m INFO     [0m|[34;20m nipype.workflow  [0m|[34;20m [Node] Setting-up "_ds_report_background0" in "/local/nvme/ds004996_42.784026/ds/tmp/mriqc_wf/funcMRIQC/func_report_wf/7a2054f35f98df8bd1b99ec31c47720b3fd9e44f/ds_report_background/mapflow/_ds_report_background0".[0m
2026-03-27 02:33:02 |[34;20m INFO     [0m|[34;20m nipype.workflow  [0m|[34;20m [Node] Executing "_ds_report_background0" <mriqc.interfaces.DerivativesDataSink>[0m
2026-03-27 02:33:02 |[34;20m INFO     [0m|[34;20m nipype.workflow  [0m|[34;20m [Node] Finished "_ds_report_background0", elapsed time 0.005093s.[0m
2026-03-27 02:33:04 |[34;20m INFO     [0m|[34;20m nipype.workflow  [0m|[34;20m [Node] Finished "SharpenEPI", elapsed time 4.328045s.[0m
2026-03-27 02:33:07 |[34;20m INFO     [0m|[34;20m nipype.workflow  [0m|[34;20m [Node] Finished "_quality0", elapsed time 11.196928s.[0m
2026-03-27 02:33:07 |[34;20m INFO     [0m|[34;20m nipype.workflow  [0m|[34;20m [Node] Setting-up "_apply_hmc0" in "/local/nvme/ds004996_42.784026/ds/tmp/mriqc_wf/funcMRIQC/fMRI_HMC/ae38cba27d9711b24b0f017560226f6298180193/apply_hmc/mapflow/_apply_hmc0".[0m
2026-03-27 02:33:07 |[34;20m INFO     [0m|[34;20m nipype.workflow  [0m|[34;20m [Node] Executing "_apply_hmc0" <nipype.interfaces.utility.wrappers.Function>[0m
2026-03-27 02:33:28 |[34;20m INFO     [0m|[34;20m nipype.workflow  [0m|[34;20m [Node] Finished "_apply_hmc0", elapsed time 20.372432s.[0m
2026-03-27 02:33:29 |[34;20m INFO     [0m|[34;20m nipype.workflow  [0m|[34;20m [Node] Setting-up "_apply_hmc0" in "/local/nvme/ds004996_42.784026/ds/tmp/mriqc_wf/funcMRIQC/fMRI_HMC/f7a4b91a7ed13b64fe7987074660ccec19d24f12/apply_hmc/mapflow/_apply_hmc0".[0m
2026-03-27 02:33:29 |[34;20m INFO     [0m|[34;20m nipype.workflow  [0m|[34;20m [Node] Executing "_apply_hmc0" <nipype.interfaces.utility.wrappers.Function>[0m
2026-03-27 02:33:49 |[34;20m INFO     [0m|[34;20m nipype.workflow  [0m|[34;20m [Node] Finished "_apply_hmc0", elapsed time 19.742391s.[0m
2026-03-27 02:33:49 |[34;20m INFO     [0m|[34;20m nipype.workflow  [0m|[34;20m [Node] Setting-up "_mean0" in "/local/nvme/ds004996_42.784026/ds/tmp/mriqc_wf/funcMRIQC/ae38cba27d9711b24b0f017560226f6298180193/mean/mapflow/_mean0".[0m
2026-03-27 02:33:49 |[34;20m INFO     [0m|[34;20m nipype.workflow  [0m|[34;20m [Node] Executing "_mean0" <nipype.interfaces.afni.utils.TStat>[0m
2026-03-27 02:33:49 |[34;20m INFO     [0m|[34;20m nipype.workflow  [0m|[34;20m [Node] Setting-up "_compute_tsnr0" in "/local/nvme/ds004996_42.784026/ds/tmp/mriqc_wf/funcMRIQC/ae38cba27d9711b24b0f017560226f6298180193/compute_tsnr/mapflow/_compute_tsnr0".[0m
2026-03-27 02:33:49 |[34;20m INFO     [0m|[34;20m nipype.workflow  [0m|[34;20m [Node] Setting-up "_mean0" in "/local/nvme/ds004996_42.784026/ds/tmp/mriqc_wf/funcMRIQC/f7a4b91a7ed13b64fe7987074660ccec19d24f12/mean/mapflow/_mean0".[0m
2026-03-27 02:33:49 |[34;20m INFO     [0m|[34;20m nipype.workflow  [0m|[34;20m [Node] Executing "_compute_tsnr0" <nipype.algorithms.confounds.TSNR>[0m
2026-03-27 02:33:49 |[34;20m INFO     [0m|[34;20m nipype.workflow  [0m|[34;20m [Node] Setting-up "_quality0" in "/local/nvme/ds004996_42.784026/ds/tmp/mriqc_wf/funcMRIQC/ComputeIQMs/ae38cba27d9711b24b0f017560226f6298180193/quality/mapflow/_quality0".[0m
2026-03-27 02:33:49 |[34;20m INFO     [0m|[34;20m nipype.workflow  [0m|[34;20m [Node] Setting-up "_compute_tsnr0" in "/local/nvme/ds004996_42.784026/ds/tmp/mriqc_wf/funcMRIQC/f7a4b91a7ed13b64fe7987074660ccec19d24f12/compute_tsnr/mapflow/_compute_tsnr0".[0m
2026-03-27 02:33:49 |[34;20m INFO     [0m|[34;20m nipype.workflow  [0m|[34;20m [Node] Executing "_mean0" <nipype.interfaces.afni.utils.TStat>[0m
2026-03-27 02:33:49 |[34;20m INFO     [0m|[34;20m nipype.workflow  [0m|[34;20m [Node] Setting-up "_quality0" in "/local/nvme/ds004996_42.784026/ds/tmp/mriqc_wf/funcMRIQC/ComputeIQMs/f7a4b91a7ed13b64fe7987074660ccec19d24f12/quality/mapflow/_quality0".[0m
2026-03-27 02:33:50 |[34;20m INFO     [0m|[34;20m nipype.workflow  [0m|[34;20m [Node] Executing "_quality0" <nipype.interfaces.afni.preprocess.QualityIndex>[0m
2026-03-27 02:33:50 |[34;20m INFO     [0m|[34;20m nipype.workflow  [0m|[34;20m [Node] Executing "_quality0" <nipype.interfaces.afni.preprocess.QualityIndex>[0m
2026-03-27 02:33:50 |[34;20m INFO     [0m|[34;20m nipype.workflow  [0m|[34;20m [Node] Executing "_compute_tsnr0" <nipype.algorithms.confounds.TSNR>[0m
2026-03-27 02:33:51 |[34;20m INFO     [0m|[34;20m nipype.workflow  [0m|[34;20m [Node] Finished "_compute_tsnr0", elapsed time 1.512118s.[0m
2026-03-27 02:33:51 |[34;20m INFO     [0m|[34;20m nipype.workflow  [0m|[34;20m [Node] Setting-up "_PlotMosaicSD0" in "/local/nvme/ds004996_42.784026/ds/tmp/mriqc_wf/funcMRIQC/func_report_wf/f7a4b91a7ed13b64fe7987074660ccec19d24f12/PlotMosaicSD/mapflow/_PlotMosaicSD0".[0m
2026-03-27 02:33:51 |[34;20m INFO     [0m|[34;20m nipype.workflow  [0m|[34;20m [Node] Executing "_PlotMosaicSD0" <nireports.interfaces.mosaic.PlotMosaic>[0m
2026-03-27 02:33:52 |[34;20m INFO     [0m|[34;20m nipype.workflow  [0m|[34;20m [Node] Finished "_compute_tsnr0", elapsed time 2.141449s.[0m
2026-03-27 02:33:53 |[34;20m INFO     [0m|[34;20m nipype.workflow  [0m|[34;20m [Node] Finished "_mean0", elapsed time 3.391847s.[0m
2026-03-27 02:33:53 |[34;20m INFO     [0m|[34;20m nipype.workflow  [0m|[34;20m [Node] Finished "_mean0", elapsed time 3.471647s.[0m
2026-03-27 02:33:53 |[34;20m INFO     [0m|[34;20m nipype.workflow  [0m|[34;20m [Node] Finished "_PlotMosaicSD0", elapsed time 1.513169s.[0m
2026-03-27 02:33:53 |[34;20m INFO     [0m|[34;20m nipype.workflow  [0m|[34;20m [Node] Setting-up "mriqc_wf.funcMRIQC.synthstrip_wf.pre_clip" in "/local/nvme/ds004996_42.784026/ds/tmp/mriqc_wf/funcMRIQC/synthstrip_wf/ae38cba27d9711b24b0f017560226f6298180193/pre_clip".[0m
2026-03-27 02:33:53 |[34;20m INFO     [0m|[34;20m nipype.workflow  [0m|[34;20m [Node] Setting-up "mriqc_wf.funcMRIQC.SpatialNormalization.SharpenEPI" in "/local/nvme/ds004996_42.784026/ds/tmp/mriqc_wf/funcMRIQC/SpatialNormalization/ae38cba27d9711b24b0f017560226f6298180193/SharpenEPI".[0m
2026-03-27 02:33:53 |[34;20m INFO     [0m|[34;20m nipype.workflow  [0m|[34;20m [Node] Executing "pre_clip" <niworkflows.interfaces.nibabel.IntensityClip>[0m
2026-03-27 02:33:53 |[34;20m INFO     [0m|[34;20m nipype.workflow  [0m|[34;20m [Node] Setting-up "_PlotMosaicMean0" in "/local/nvme/ds004996_42.784026/ds/tmp/mriqc_wf/funcMRIQC/func_report_wf/ae38cba27d9711b24b0f017560226f6298180193/PlotMosaicMean/mapflow/_PlotMosaicMean0".[0m
2026-03-27 02:33:53 |[34;20m INFO     [0m|[34;20m nipype.workflow  [0m|[34;20m [Node] Executing "SharpenEPI" <nipype.interfaces.ants.segmentation.N4BiasFieldCorrection>[0m
2026-03-27 02:33:53 |[34;20m INFO     [0m|[34;20m nipype.workflow  [0m|[34;20m [Node] Setting-up "mriqc_wf.funcMRIQC.synthstrip_wf.pre_clip" in "/local/nvme/ds004996_42.784026/ds/tmp/mriqc_wf/funcMRIQC/synthstrip_wf/f7a4b91a7ed13b64fe7987074660ccec19d24f12/pre_clip".[0m
2026-03-27 02:33:53 |[34;20m INFO     [0m|[34;20m nipype.workflow  [0m|[34;20m [Node] Executing "_PlotMosaicMean0" <nireports.interfaces.mosaic.PlotMosaic>[0m
2026-03-27 02:33:53 |[34;20m INFO     [0m|[34;20m nipype.workflow  [0m|[34;20m [Node] Executing "pre_clip" <niworkflows.interfaces.nibabel.IntensityClip>[0m
2026-03-27 02:33:53 |[34;20m INFO     [0m|[34;20m nipype.workflow  [0m|[34;20m [Node] Setting-up "_PlotMosaicSD0" in "/local/nvme/ds004996_42.784026/ds/tmp/mriqc_wf/funcMRIQC/func_report_wf/ae38cba27d9711b24b0f017560226f6298180193/PlotMosaicSD/mapflow/_PlotMosaicSD0".[0m
2026-03-27 02:33:53 |[34;20m INFO     [0m|[34;20m nipype.workflow  [0m|[34;20m [Node] Setting-up "_PlotMosaicNoise0" in "/local/nvme/ds004996_42.784026/ds/tmp/mriqc_wf/funcMRIQC/func_report_wf/ae38cba27d9711b24b0f017560226f6298180193/PlotMosaicNoise/mapflow/_PlotMosaicNoise0".[0m
2026-03-27 02:33:53 |[34;20m INFO     [0m|[34;20m nipype.workflow  [0m|[34;20m [Node] Executing "_PlotMosaicSD0" <nireports.interfaces.mosaic.PlotMosaic>[0m
2026-03-27 02:33:53 |[34;20m INFO     [0m|[34;20m nipype.workflow  [0m|[34;20m [Node] Executing "_PlotMosaicNoise0" <nireports.interfaces.mosaic.PlotMosaic>[0m
2026-03-27 02:33:54 |[34;20m INFO     [0m|[34;20m nipype.workflow  [0m|[34;20m [Node] Finished "pre_clip", elapsed time 0.782395s.[0m
2026-03-27 02:33:54 |[34;20m INFO     [0m|[34;20m nipype.workflow  [0m|[34;20m [Node] Finished "pre_clip", elapsed time 0.798357s.[0m
2026-03-27 02:33:55 |[34;20m INFO     [0m|[34;20m nipype.workflow  [0m|[34;20m [Node] Finished "_PlotMosaicMean0", elapsed time 1.385461s.[0m
2026-03-27 02:33:55 |[34;20m INFO     [0m|[34;20m nipype.workflow  [0m|[34;20m [Node] Finished "_PlotMosaicSD0", elapsed time 1.411727s.[0m
2026-03-27 02:33:55 |[34;20m INFO     [0m|[34;20m nipype.workflow  [0m|[34;20m [Node] Finished "_PlotMosaicNoise0", elapsed time 1.619197s.[0m
2026-03-27 02:33:55 |[34;20m INFO     [0m|[34;20m nipype.workflow  [0m|[34;20m [Node] Setting-up "mriqc_wf.funcMRIQC.SpatialNormalization.SharpenEPI" in "/local/nvme/ds004996_42.784026/ds/tmp/mriqc_wf/funcMRIQC/SpatialNormalization/f7a4b91a7ed13b64fe7987074660ccec19d24f12/SharpenEPI".[0m
2026-03-27 02:33:55 |[34;20m INFO     [0m|[34;20m nipype.workflow  [0m|[34;20m [Node] Executing "SharpenEPI" <nipype.interfaces.ants.segmentation.N4BiasFieldCorrection>[0m
2026-03-27 02:33:55 |[34;20m INFO     [0m|[34;20m nipype.workflow  [0m|[34;20m [Node] Setting-up "_PlotMosaicMean0" in "/local/nvme/ds004996_42.784026/ds/tmp/mriqc_wf/funcMRIQC/func_report_wf/f7a4b91a7ed13b64fe7987074660ccec19d24f12/PlotMosaicMean/mapflow/_PlotMosaicMean0".[0m
2026-03-27 02:33:55 |[34;20m INFO     [0m|[34;20m nipype.workflow  [0m|[34;20m [Node] Executing "_PlotMosaicMean0" <nireports.interfaces.mosaic.PlotMosaic>[0m
2026-03-27 02:33:55 |[34;20m INFO     [0m|[34;20m nipype.workflow  [0m|[34;20m [Node] Setting-up "_PlotMosaicNoise0" in "/local/nvme/ds004996_42.784026/ds/tmp/mriqc_wf/funcMRIQC/func_report_wf/f7a4b91a7ed13b64fe7987074660ccec19d24f12/PlotMosaicNoise/mapflow/_PlotMosaicNoise0".[0m
2026-03-27 02:33:55 |[34;20m INFO     [0m|[34;20m nipype.workflow  [0m|[34;20m [Node] Executing "_PlotMosaicNoise0" <nireports.interfaces.mosaic.PlotMosaic>[0m
2026-03-27 02:33:55 |[34;20m INFO     [0m|[34;20m nipype.workflow  [0m|[34;20m [Node] Setting-up "_ds_report_mean0" in "/local/nvme/ds004996_42.784026/ds/tmp/mriqc_wf/funcMRIQC/func_report_wf/ae38cba27d9711b24b0f017560226f6298180193/ds_report_mean/mapflow/_ds_report_mean0".[0m
2026-03-27 02:33:55 |[34;20m INFO     [0m|[34;20m nipype.workflow  [0m|[34;20m [Node] Executing "_ds_report_mean0" <mriqc.interfaces.DerivativesDataSink>[0m
2026-03-27 02:33:55 |[34;20m INFO     [0m|[34;20m nipype.workflow  [0m|[34;20m [Node] Finished "_ds_report_mean0", elapsed time 0.007563s.[0m
2026-03-27 02:33:56 |[34;20m INFO     [0m|[34;20m nipype.workflow  [0m|[34;20m [Node] Setting-up "_ds_report_background0" in "/local/nvme/ds004996_42.784026/ds/tmp/mriqc_wf/funcMRIQC/func_report_wf/ae38cba27d9711b24b0f017560226f6298180193/ds_report_background/mapflow/_ds_report_background0".[0m
2026-03-27 02:33:56 |[34;20m INFO     [0m|[34;20m nipype.workflow  [0m|[34;20m [Node] Executing "_ds_report_background0" <mriqc.interfaces.DerivativesDataSink>[0m
2026-03-27 02:33:56 |[34;20m INFO     [0m|[34;20m nipype.workflow  [0m|[34;20m [Node] Finished "_ds_report_background0", elapsed time 0.005662s.[0m
2026-03-27 02:33:56 |[34;20m INFO     [0m|[34;20m nipype.workflow  [0m|[34;20m [Node] Setting-up "_ds_report_stdev0" in "/local/nvme/ds004996_42.784026/ds/tmp/mriqc_wf/funcMRIQC/func_report_wf/ae38cba27d9711b24b0f017560226f6298180193/ds_report_stdev/mapflow/_ds_report_stdev0".[0m
2026-03-27 02:33:56 |[34;20m INFO     [0m|[34;20m nipype.workflow  [0m|[34;20m [Node] Executing "_ds_report_stdev0" <mriqc.interfaces.DerivativesDataSink>[0m
2026-03-27 02:33:56 |[34;20m INFO     [0m|[34;20m nipype.workflow  [0m|[34;20m [Node] Finished "_ds_report_stdev0", elapsed time 0.005066s.[0m
2026-03-27 02:33:56 |[34;20m INFO     [0m|[34;20m nipype.workflow  [0m|[34;20m [Node] Setting-up "_ds_report_stdev0" in "/local/nvme/ds004996_42.784026/ds/tmp/mriqc_wf/funcMRIQC/func_report_wf/f7a4b91a7ed13b64fe7987074660ccec19d24f12/ds_report_stdev/mapflow/_ds_report_stdev0".[0m
2026-03-27 02:33:56 |[34;20m INFO     [0m|[34;20m nipype.workflow  [0m|[34;20m [Node] Executing "_ds_report_stdev0" <mriqc.interfaces.DerivativesDataSink>[0m
2026-03-27 02:33:56 |[34;20m INFO     [0m|[34;20m nipype.workflow  [0m|[34;20m [Node] Finished "_ds_report_stdev0", elapsed time 0.005448s.[0m
2026-03-27 02:33:57 |[34;20m INFO     [0m|[34;20m nipype.workflow  [0m|[34;20m [Node] Finished "_PlotMosaicMean0", elapsed time 1.739156s.[0m
2026-03-27 02:33:57 |[34;20m INFO     [0m|[34;20m nipype.workflow  [0m|[34;20m [Node] Finished "_PlotMosaicNoise0", elapsed time 1.737805s.[0m
2026-03-27 02:33:57 |[34;20m INFO     [0m|[34;20m nipype.workflow  [0m|[34;20m [Node] Setting-up "_ds_report_mean0" in "/local/nvme/ds004996_42.784026/ds/tmp/mriqc_wf/funcMRIQC/func_report_wf/f7a4b91a7ed13b64fe7987074660ccec19d24f12/ds_report_mean/mapflow/_ds_report_mean0".[0m
2026-03-27 02:33:57 |[34;20m INFO     [0m|[34;20m nipype.workflow  [0m|[34;20m [Node] Executing "_ds_report_mean0" <mriqc.interfaces.DerivativesDataSink>[0m
2026-03-27 02:33:57 |[34;20m INFO     [0m|[34;20m nipype.workflow  [0m|[34;20m [Node] Finished "_ds_report_mean0", elapsed time 0.005333s.[0m
2026-03-27 02:33:58 |[34;20m INFO     [0m|[34;20m nipype.workflow  [0m|[34;20m [Node] Setting-up "_ds_report_background0" in "/local/nvme/ds004996_42.784026/ds/tmp/mriqc_wf/funcMRIQC/func_report_wf/f7a4b91a7ed13b64fe7987074660ccec19d24f12/ds_report_background/mapflow/_ds_report_background0".[0m
2026-03-27 02:33:58 |[34;20m INFO     [0m|[34;20m nipype.workflow  [0m|[34;20m [Node] Executing "_ds_report_background0" <mriqc.interfaces.DerivativesDataSink>[0m
2026-03-27 02:33:58 |[34;20m INFO     [0m|[34;20m nipype.workflow  [0m|[34;20m [Node] Finished "_ds_report_background0", elapsed time 0.004963s.[0m
2026-03-27 02:33:58 |[34;20m INFO     [0m|[34;20m nipype.workflow  [0m|[34;20m [Node] Finished "SharpenEPI", elapsed time 4.692495s.[0m
2026-03-27 02:34:00 |[34;20m INFO     [0m|[34;20m nipype.workflow  [0m|[34;20m [Node] Finished "SharpenEPI", elapsed time 4.536296s.[0m
2026-03-27 02:34:01 |[34;20m INFO     [0m|[34;20m nipype.workflow  [0m|[34;20m [Node] Finished "_quality0", elapsed time 11.575154s.[0m
2026-03-27 02:34:01 |[34;20m INFO     [0m|[34;20m nipype.workflow  [0m|[34;20m [Node] Finished "_quality0", elapsed time 11.986058s.[0m
2026-03-27 02:34:03 |[34;20m INFO     [0m|[34;20m nipype.workflow  [0m|[34;20m [Node] Setting-up "mriqc_wf.funcMRIQC.synthstrip_wf.pre_n4" in "/local/nvme/ds004996_42.784026/ds/tmp/mriqc_wf/funcMRIQC/synthstrip_wf/7a2054f35f98df8bd1b99ec31c47720b3fd9e44f/pre_n4".[0m
2026-03-27 02:34:03 |[34;20m INFO     [0m|[34;20m nipype.workflow  [0m|[34;20m [Node] Executing "pre_n4" <nipype.interfaces.ants.segmentation.N4BiasFieldCorrection>[0m
2026-03-27 02:34:05 |[34;20m INFO     [0m|[34;20m nipype.workflow  [0m|[34;20m [Node] Finished "pre_n4", elapsed time 1.23549s.[0m
2026-03-27 02:34:05 |[34;20m INFO     [0m|[34;20m nipype.workflow  [0m|[34;20m [Node] Setting-up "mriqc_wf.funcMRIQC.synthstrip_wf.pre_n4" in "/local/nvme/ds004996_42.784026/ds/tmp/mriqc_wf/funcMRIQC/synthstrip_wf/ae38cba27d9711b24b0f017560226f6298180193/pre_n4".[0m
2026-03-27 02:34:05 |[34;20m INFO     [0m|[34;20m nipype.workflow  [0m|[34;20m [Node] Executing "pre_n4" <nipype.interfaces.ants.segmentation.N4BiasFieldCorrection>[0m
2026-03-27 02:34:07 |[34;20m INFO     [0m|[34;20m nipype.workflow  [0m|[34;20m [Node] Finished "pre_n4", elapsed time 1.512634s.[0m
2026-03-27 02:34:07 |[34;20m INFO     [0m|[34;20m nipype.workflow  [0m|[34;20m [Node] Setting-up "mriqc_wf.funcMRIQC.synthstrip_wf.pre_n4" in "/local/nvme/ds004996_42.784026/ds/tmp/mriqc_wf/funcMRIQC/synthstrip_wf/f7a4b91a7ed13b64fe7987074660ccec19d24f12/pre_n4".[0m
2026-03-27 02:34:07 |[34;20m INFO     [0m|[34;20m nipype.workflow  [0m|[34;20m [Node] Executing "pre_n4" <nipype.interfaces.ants.segmentation.N4BiasFieldCorrection>[0m
2026-03-27 02:34:09 |[34;20m INFO     [0m|[34;20m nipype.workflow  [0m|[34;20m [Node] Finished "pre_n4", elapsed time 1.451285s.[0m
2026-03-27 02:34:11 |[34;20m INFO     [0m|[34;20m nipype.workflow  [0m|[34;20m [Node] Setting-up "mriqc_wf.funcMRIQC.synthstrip_wf.synthstrip" in "/local/nvme/ds004996_42.784026/ds/tmp/mriqc_wf/funcMRIQC/synthstrip_wf/7a2054f35f98df8bd1b99ec31c47720b3fd9e44f/synthstrip".[0m
2026-03-27 02:34:11 |[34;20m INFO     [0m|[34;20m nipype.workflow  [0m|[34;20m [Node] Executing "synthstrip" <mriqc.interfaces.synthstrip.SynthStrip>[0m
2026-03-27 02:34:34 |[34;20m INFO     [0m|[34;20m nipype.workflow  [0m|[34;20m [Node] Finished "synthstrip", elapsed time 22.339745s.[0m
2026-03-27 02:34:35 |[34;20m INFO     [0m|[34;20m nipype.workflow  [0m|[34;20m [Node] Setting-up "mriqc_wf.funcMRIQC.synthstrip_wf.synthstrip" in "/local/nvme/ds004996_42.784026/ds/tmp/mriqc_wf/funcMRIQC/synthstrip_wf/ae38cba27d9711b24b0f017560226f6298180193/synthstrip".[0m
2026-03-27 02:34:35 |[34;20m INFO     [0m|[34;20m nipype.workflow  [0m|[34;20m [Node] Executing "synthstrip" <mriqc.interfaces.synthstrip.SynthStrip>[0m
2026-03-27 02:34:55 |[34;20m INFO     [0m|[34;20m nipype.workflow  [0m|[34;20m [Node] Finished "synthstrip", elapsed time 19.981178s.[0m
2026-03-27 02:34:57 |[34;20m INFO     [0m|[34;20m nipype.workflow  [0m|[34;20m [Node] Setting-up "mriqc_wf.funcMRIQC.synthstrip_wf.synthstrip" in "/local/nvme/ds004996_42.784026/ds/tmp/mriqc_wf/funcMRIQC/synthstrip_wf/f7a4b91a7ed13b64fe7987074660ccec19d24f12/synthstrip".[0m
2026-03-27 02:34:57 |[34;20m INFO     [0m|[34;20m nipype.workflow  [0m|[34;20m [Node] Executing "synthstrip" <mriqc.interfaces.synthstrip.SynthStrip>[0m
2026-03-27 02:35:17 |[34;20m INFO     [0m|[34;20m nipype.workflow  [0m|[34;20m [Node] Finished "synthstrip", elapsed time 19.277171s.[0m
2026-03-27 02:35:17 |[34;20m INFO     [0m|[34;20m nipype.workflow  [0m|[34;20m [Node] Setting-up "mriqc_wf.funcMRIQC.synthstrip_wf.post_n4" in "/local/nvme/ds004996_42.784026/ds/tmp/mriqc_wf/funcMRIQC/synthstrip_wf/7a2054f35f98df8bd1b99ec31c47720b3fd9e44f/post_n4".[0m
2026-03-27 02:35:17 |[34;20m INFO     [0m|[34;20m nipype.workflow  [0m|[34;20m [Node] Executing "post_n4" <nipype.interfaces.ants.segmentation.N4BiasFieldCorrection>[0m
2026-03-27 02:35:19 |[34;20m INFO     [0m|[34;20m nipype.workflow  [0m|[34;20m [Node] Finished "post_n4", elapsed time 1.010065s.[0m
2026-03-27 02:35:19 |[34;20m INFO     [0m|[34;20m nipype.workflow  [0m|[34;20m [Node] Setting-up "mriqc_wf.funcMRIQC.SpatialNormalization.EPI2MNI" in "/local/nvme/ds004996_42.784026/ds/tmp/mriqc_wf/funcMRIQC/SpatialNormalization/7a2054f35f98df8bd1b99ec31c47720b3fd9e44f/EPI2MNI".[0m
2026-03-27 02:35:19 |[34;20m INFO     [0m|[34;20m nipype.workflow  [0m|[34;20m [Node] Executing "EPI2MNI" <niworkflows.interfaces.reportlets.registration.SpatialNormalizationRPT>[0m
2026-03-27 02:35:19 |[34;20m INFO     [0m|[34;20m niworkflows      [0m|[34;20m Estimating initial transform using AffineInitializer[0m
2026-03-27 02:35:25 |[34;20m INFO     [0m|[34;20m niworkflows      [0m|[34;20m Terminal outputs of initialization saved (/local/nvme/ds004996_42.784026/ds/tmp/mriqc_wf/funcMRIQC/SpatialNormalization/7a2054f35f98df8bd1b99ec31c47720b3fd9e44f/EPI2MNI/stderr.nipype-init).[0m
2026-03-27 02:35:25 |[34;20m INFO     [0m|[34;20m niworkflows      [0m|[34;20m Loading settings from file /opt/conda/lib/python3.11/site-packages/niworkflows/data/boldref-mni_registration_precise_000.json.[0m
2026-03-27 02:35:25 |[34;20m INFO     [0m|[34;20m niworkflows      [0m|[34;20m Retry #1, commandline: 
antsRegistration --collapse-output-transforms 1 --dimensionality 3 --float 0 --initial-moving-transform [ /local/nvme/ds004996_42.784026/ds/tmp/mriqc_wf/funcMRIQC/SpatialNormalization/7a2054f35f98df8bd1b99ec31c47720b3fd9e44f/EPI2MNI/transform.mat, 0 ] --initialize-transforms-per-stage 0 --interpolation LanczosWindowedSinc --output [ epi_to_mni, epi_to_mni_Warped.nii.gz ] --transform Rigid[ 0.05 ] --metric Mattes[ /templateflow/tpl-MNI152NLin2009cAsym/tpl-MNI152NLin2009cAsym_res-02_desc-fMRIPrep_boldref.nii.gz, /local/nvme/ds004996_42.784026/ds/tmp/mriqc_wf/funcMRIQC/SpatialNormalization/7a2054f35f98df8bd1b99ec31c47720b3fd9e44f/SharpenEPI/sub-42_task-conversation_run-01_bold_desc-realigned_valid_tstat_corrected.nii.gz, 1, 56, Regular, 0.25 ] --convergence [ 10000x1000x100, 1e-06, 20 ] --smoothing-sigmas 4.0x2.0x1.0vox --shrink-factors 4x2x1 --use-histogram-matching 1 --masks [ /templateflow/tpl-MNI152NLin2009cAsym/tpl-MNI152NLin2009cAsym_res-02_desc-brain_mask.nii.gz, /local/nvme/ds004996_42.784026/ds/tmp/mriqc_wf/funcMRIQC/synthstrip_wf/7a2054f35f98df8bd1b99ec31c47720b3fd9e44f/synthstrip/clipped_corrected_desc-brain_mask.nii.gz ] --transform Affine[ 0.08 ] --metric Mattes[ /templateflow/tpl-MNI152NLin2009cAsym/tpl-MNI152NLin2009cAsym_res-02_desc-fMRIPrep_boldref.nii.gz, /local/nvme/ds004996_42.784026/ds/tmp/mriqc_wf/funcMRIQC/SpatialNormalization/7a2054f35f98df8bd1b99ec31c47720b3fd9e44f/SharpenEPI/sub-42_task-conversation_run-01_bold_desc-realigned_valid_tstat_corrected.nii.gz, 1, 56, Regular, 0.25 ] --convergence [ 500x250x100, 1e-06, 20 ] --smoothing-sigmas 4.0x2.0x1.0vox --shrink-factors 8x4x2 --use-histogram-matching 1 --masks [ /templateflow/tpl-MNI152NLin2009cAsym/tpl-MNI152NLin2009cAsym_res-02_desc-brain_mask.nii.gz, /local/nvme/ds004996_42.784026/ds/tmp/mriqc_wf/funcMRIQC/synthstrip_wf/7a2054f35f98df8bd1b99ec31c47720b3fd9e44f/synthstrip/clipped_corrected_desc-brain_mask.nii.gz ] --transform SyN[ 0.1, 3.0, 0.0 ] --metric CC[ /templateflow/tpl-MNI152NLin2009cAsym/tpl-MNI152NLin2009cAsym_res-02_desc-fMRIPrep_boldref.nii.gz, /local/nvme/ds004996_42.784026/ds/tmp/mriqc_wf/funcMRIQC/SpatialNormalization/7a2054f35f98df8bd1b99ec31c47720b3fd9e44f/SharpenEPI/sub-42_task-conversation_run-01_bold_desc-realigned_valid_tstat_corrected.nii.gz, 1, 4, None, 1 ] --convergence [ 100x30x20, 1e-06, 10 ] --smoothing-sigmas 3.0x2.0x1.0vox --shrink-factors 8x4x2 --use-histogram-matching 1 --masks [ /templateflow/tpl-MNI152NLin2009cAsym/tpl-MNI152NLin2009cAsym_res-02_desc-brain_mask.nii.gz, /local/nvme/ds004996_42.784026/ds/tmp/mriqc_wf/funcMRIQC/synthstrip_wf/7a2054f35f98df8bd1b99ec31c47720b3fd9e44f/synthstrip/clipped_corrected_desc-brain_mask.nii.gz ] --winsorize-image-intensities [ 0.005, 0.995 ]  --write-composite-transform 1[0m
2026-03-27 02:35:36 |[34;20m INFO     [0m|[34;20m niworkflows      [0m|[34;20m Successful spatial normalization (retry #1).[0m
2026-03-27 02:35:36 |[34;20m INFO     [0m|[34;20m niworkflows      [0m|[34;20m Report - setting fixed (/templateflow/tpl-MNI152NLin2009cAsym/tpl-MNI152NLin2009cAsym_res-02_desc-fMRIPrep_boldref.nii.gz) and moving (/local/nvme/ds004996_42.784026/ds/tmp/mriqc_wf/funcMRIQC/SpatialNormalization/7a2054f35f98df8bd1b99ec31c47720b3fd9e44f/EPI2MNI/epi_to_mni_Warped.nii.gz) images[0m
2026-03-27 02:35:36 |[34;20m INFO     [0m|[34;20m niworkflows      [0m|[34;20m Generating visual report[0m
2026-03-27 02:35:52 |[34;20m INFO     [0m|[34;20m nipype.workflow  [0m|[34;20m [Node] Finished "EPI2MNI", elapsed time 32.625945s.[0m
2026-03-27 02:35:53 |[34;20m INFO     [0m|[34;20m nipype.workflow  [0m|[34;20m [Node] Setting-up "mriqc_wf.funcMRIQC.func_report_wf.dilated_mask" in "/local/nvme/ds004996_42.784026/ds/tmp/mriqc_wf/funcMRIQC/func_report_wf/7a2054f35f98df8bd1b99ec31c47720b3fd9e44f/dilated_mask".[0m
2026-03-27 02:35:53 |[34;20m INFO     [0m|[34;20m nipype.workflow  [0m|[34;20m [Node] Setting-up "_ComputeDVARS0" in "/local/nvme/ds004996_42.784026/ds/tmp/mriqc_wf/funcMRIQC/ComputeIQMs/7a2054f35f98df8bd1b99ec31c47720b3fd9e44f/ComputeDVARS/mapflow/_ComputeDVARS0".[0m
2026-03-27 02:35:53 |[34;20m INFO     [0m|[34;20m nipype.workflow  [0m|[34;20m [Node] Setting-up "mriqc_wf.funcMRIQC.func_report_wf.PlotBrainmask" in "/local/nvme/ds004996_42.784026/ds/tmp/mriqc_wf/funcMRIQC/func_report_wf/7a2054f35f98df8bd1b99ec31c47720b3fd9e44f/PlotBrainmask".[0m
2026-03-27 02:35:53 |[34;20m INFO     [0m|[34;20m nipype.workflow  [0m|[34;20m [Node] Setting-up "_smoothness0" in "/local/nvme/ds004996_42.784026/ds/tmp/mriqc_wf/funcMRIQC/ComputeIQMs/7a2054f35f98df8bd1b99ec31c47720b3fd9e44f/smoothness/mapflow/_smoothness0".[0m
2026-03-27 02:35:53 |[34;20m INFO     [0m|[34;20m nipype.workflow  [0m|[34;20m [Node] Executing "dilated_mask" <niworkflows.interfaces.morphology.BinaryDilation>[0m
2026-03-27 02:35:53 |[34;20m INFO     [0m|[34;20m nipype.workflow  [0m|[34;20m [Node] Executing "_ComputeDVARS0" <nipype.algorithms.confounds.ComputeDVARS>[0m
2026-03-27 02:35:53 |[34;20m INFO     [0m|[34;20m nipype.workflow  [0m|[34;20m [Node] Setting-up "_outliers0" in "/local/nvme/ds004996_42.784026/ds/tmp/mriqc_wf/funcMRIQC/ComputeIQMs/7a2054f35f98df8bd1b99ec31c47720b3fd9e44f/outliers/mapflow/_outliers0".[0m
2026-03-27 02:35:53 |[34;20m INFO     [0m|[34;20m nipype.workflow  [0m|[34;20m [Node] Setting-up "_gcor0" in "/local/nvme/ds004996_42.784026/ds/tmp/mriqc_wf/funcMRIQC/ComputeIQMs/7a2054f35f98df8bd1b99ec31c47720b3fd9e44f/gcor/mapflow/_gcor0".[0m
2026-03-27 02:35:53 |[34;20m INFO     [0m|[34;20m nipype.workflow  [0m|[34;20m [Node] Executing "_smoothness0" <nipype.interfaces.afni.utils.FWHMx>[0m
2026-03-27 02:35:53 |[34;20m INFO     [0m|[34;20m nipype.workflow  [0m|[34;20m [Node] Executing "PlotBrainmask" <nireports.interfaces.mosaic.PlotContours>[0m
2026-03-27 02:35:53 |[34;20m INFO     [0m|[34;20m nipype.workflow  [0m|[34;20m [Node] Executing "_outliers0" <nipype.interfaces.afni.preprocess.OutlierCount>[0m
2026-03-27 02:35:53 |[34;20m INFO     [0m|[34;20m nipype.workflow  [0m|[34;20m [Node] Setting-up "_PlotMosaicZoomed0" in "/local/nvme/ds004996_42.784026/ds/tmp/mriqc_wf/funcMRIQC/func_report_wf/7a2054f35f98df8bd1b99ec31c47720b3fd9e44f/PlotMosaicZoomed/mapflow/_PlotMosaicZoomed0".[0m
2026-03-27 02:35:53 |[34;20m INFO     [0m|[34;20m nipype.workflow  [0m|[34;20m [Node] Executing "_gcor0" <mriqc.interfaces.transitional.GCOR>[0m
2026-03-27 02:35:53 |[34;20m INFO     [0m|[34;20m nipype.workflow  [0m|[34;20m [Node] Executing "_PlotMosaicZoomed0" <nireports.interfaces.mosaic.PlotMosaic>[0m
2026-03-27 02:35:53 |[34;20m INFO     [0m|[34;20m nipype.workflow  [0m|[34;20m [Node] Setting-up "_ComputeDVARS0" in "/local/nvme/ds004996_42.784026/ds/tmp/mriqc_wf/funcMRIQC/ComputeIQMs/ae38cba27d9711b24b0f017560226f6298180193/ComputeDVARS/mapflow/_ComputeDVARS0".[0m
2026-03-27 02:35:53 |[34;20m INFO     [0m|[34;20m nipype.workflow  [0m|[34;20m [Node] Executing "_ComputeDVARS0" <nipype.algorithms.confounds.ComputeDVARS>[0m
2026-03-27 02:35:53 |[34;20m INFO     [0m|[34;20m nipype.workflow  [0m|[34;20m [Node] Finished "dilated_mask", elapsed time 0.050672s.[0m
2026-03-27 02:35:54 |[34;20m INFO     [0m|[34;20m nipype.workflow  [0m|[34;20m [Node] Finished "_smoothness0", elapsed time 0.710426s.[0m
2026-03-27 02:35:55 |[34;20m INFO     [0m|[34;20m nipype.workflow  [0m|[34;20m [Node] Finished "PlotBrainmask", elapsed time 1.331563s.[0m
2026-03-27 02:35:55 |[34;20m INFO     [0m|[34;20m nipype.workflow  [0m|[34;20m [Node] Finished "_PlotMosaicZoomed0", elapsed time 1.3763429999999999s.[0m
2026-03-27 02:35:55 |[34;20m INFO     [0m|[34;20m nipype.workflow  [0m|[34;20m [Node] Setting-up "mriqc_wf.funcMRIQC.func_report_wf.dilated_mask" in "/local/nvme/ds004996_42.784026/ds/tmp/mriqc_wf/funcMRIQC/func_report_wf/ae38cba27d9711b24b0f017560226f6298180193/dilated_mask".[0m
2026-03-27 02:35:55 |[34;20m INFO     [0m|[34;20m nipype.workflow  [0m|[34;20m [Node] Setting-up "_outliers0" in "/local/nvme/ds004996_42.784026/ds/tmp/mriqc_wf/funcMRIQC/ComputeIQMs/ae38cba27d9711b24b0f017560226f6298180193/outliers/mapflow/_outliers0".[0m
2026-03-27 02:35:55 |[34;20m INFO     [0m|[34;20m nipype.workflow  [0m|[34;20m [Node] Executing "dilated_mask" <niworkflows.interfaces.morphology.BinaryDilation>[0m
2026-03-27 02:35:55 |[34;20m INFO     [0m|[34;20m nipype.workflow  [0m|[34;20m [Node] Setting-up "_smoothness0" in "/local/nvme/ds004996_42.784026/ds/tmp/mriqc_wf/funcMRIQC/ComputeIQMs/ae38cba27d9711b24b0f017560226f6298180193/smoothness/mapflow/_smoothness0".[0m
2026-03-27 02:35:55 |[34;20m INFO     [0m|[34;20m nipype.workflow  [0m|[34;20m [Node] Executing "_outliers0" <nipype.interfaces.afni.preprocess.OutlierCount>[0m
2026-03-27 02:35:55 |[34;20m INFO     [0m|[34;20m nipype.workflow  [0m|[34;20m [Node] Setting-up "_gcor0" in "/local/nvme/ds004996_42.784026/ds/tmp/mriqc_wf/funcMRIQC/ComputeIQMs/ae38cba27d9711b24b0f017560226f6298180193/gcor/mapflow/_gcor0".[0m
2026-03-27 02:35:55 |[34;20m INFO     [0m|[34;20m nipype.workflow  [0m|[34;20m [Node] Executing "_smoothness0" <nipype.interfaces.afni.utils.FWHMx>[0m
2026-03-27 02:35:55 |[34;20m INFO     [0m|[34;20m nipype.workflow  [0m|[34;20m [Node] Executing "_gcor0" <mriqc.interfaces.transitional.GCOR>[0m
2026-03-27 02:35:55 |[34;20m INFO     [0m|[34;20m nipype.workflow  [0m|[34;20m [Node] Finished "dilated_mask", elapsed time 0.022133s.[0m
2026-03-27 02:35:56 |[34;20m INFO     [0m|[34;20m nipype.workflow  [0m|[34;20m [Node] Finished "_smoothness0", elapsed time 0.616112s.[0m
2026-03-27 02:35:57 |[34;20m INFO     [0m|[34;20m nipype.workflow  [0m|[34;20m [Node] Setting-up "mriqc_wf.funcMRIQC.func_report_wf.PlotBrainmask" in "/local/nvme/ds004996_42.784026/ds/tmp/mriqc_wf/funcMRIQC/func_report_wf/ae38cba27d9711b24b0f017560226f6298180193/PlotBrainmask".[0m
2026-03-27 02:35:57 |[34;20m INFO     [0m|[34;20m nipype.workflow  [0m|[34;20m [Node] Executing "PlotBrainmask" <nireports.interfaces.mosaic.PlotContours>[0m
2026-03-27 02:35:57 |[34;20m INFO     [0m|[34;20m nipype.workflow  [0m|[34;20m [Node] Setting-up "_PlotMosaicZoomed0" in "/local/nvme/ds004996_42.784026/ds/tmp/mriqc_wf/funcMRIQC/func_report_wf/ae38cba27d9711b24b0f017560226f6298180193/PlotMosaicZoomed/mapflow/_PlotMosaicZoomed0".[0m
2026-03-27 02:35:57 |[34;20m INFO     [0m|[34;20m nipype.workflow  [0m|[34;20m [Node] Executing "_PlotMosaicZoomed0" <nireports.interfaces.mosaic.PlotMosaic>[0m
2026-03-27 02:35:58 |[34;20m INFO     [0m|[34;20m nipype.workflow  [0m|[34;20m [Node] Finished "_outliers0", elapsed time 4.644426s.[0m
2026-03-27 02:35:59 |[34;20m INFO     [0m|[34;20m nipype.workflow  [0m|[34;20m [Node] Finished "_PlotMosaicZoomed0", elapsed time 1.567064s.[0m
2026-03-27 02:35:59 |[34;20m INFO     [0m|[34;20m nipype.workflow  [0m|[34;20m [Node] Finished "PlotBrainmask", elapsed time 1.823517s.[0m
2026-03-27 02:35:59 |[34;20m INFO     [0m|[34;20m nipype.workflow  [0m|[34;20m [Node] Setting-up "_ComputeDVARS0" in "/local/nvme/ds004996_42.784026/ds/tmp/mriqc_wf/funcMRIQC/ComputeIQMs/f7a4b91a7ed13b64fe7987074660ccec19d24f12/ComputeDVARS/mapflow/_ComputeDVARS0".[0m
2026-03-27 02:35:59 |[34;20m INFO     [0m|[34;20m nipype.workflow  [0m|[34;20m [Node] Setting-up "_smoothness0" in "/local/nvme/ds004996_42.784026/ds/tmp/mriqc_wf/funcMRIQC/ComputeIQMs/f7a4b91a7ed13b64fe7987074660ccec19d24f12/smoothness/mapflow/_smoothness0".[0m
2026-03-27 02:35:59 |[34;20m INFO     [0m|[34;20m nipype.workflow  [0m|[34;20m [Node] Executing "_ComputeDVARS0" <nipype.algorithms.confounds.ComputeDVARS>[0m
2026-03-27 02:35:59 |[34;20m INFO     [0m|[34;20m nipype.workflow  [0m|[34;20m [Node] Executing "_smoothness0" <nipype.interfaces.afni.utils.FWHMx>[0m
2026-03-27 02:35:59 |[34;20m INFO     [0m|[34;20m nipype.workflow  [0m|[34;20m [Node] Setting-up "_outliers0" in "/local/nvme/ds004996_42.784026/ds/tmp/mriqc_wf/funcMRIQC/ComputeIQMs/f7a4b91a7ed13b64fe7987074660ccec19d24f12/outliers/mapflow/_outliers0".[0m
2026-03-27 02:35:59 |[34;20m INFO     [0m|[34;20m nipype.workflow  [0m|[34;20m [Node] Executing "_outliers0" <nipype.interfaces.afni.preprocess.OutlierCount>[0m
2026-03-27 02:36:00 |[34;20m INFO     [0m|[34;20m nipype.workflow  [0m|[34;20m [Node] Finished "_outliers0", elapsed time 4.335246s.[0m
2026-03-27 02:36:00 |[34;20m INFO     [0m|[34;20m nipype.workflow  [0m|[34;20m [Node] Finished "_smoothness0", elapsed time 0.826581s.[0m
2026-03-27 02:36:01 |[34;20m INFO     [0m|[34;20m nipype.workflow  [0m|[34;20m [Node] Setting-up "mriqc_wf.funcMRIQC.func_report_wf.dilated_mask" in "/local/nvme/ds004996_42.784026/ds/tmp/mriqc_wf/funcMRIQC/func_report_wf/f7a4b91a7ed13b64fe7987074660ccec19d24f12/dilated_mask".[0m
2026-03-27 02:36:01 |[34;20m INFO     [0m|[34;20m nipype.workflow  [0m|[34;20m [Node] Executing "dilated_mask" <niworkflows.interfaces.morphology.BinaryDilation>[0m
2026-03-27 02:36:01 |[34;20m INFO     [0m|[34;20m nipype.workflow  [0m|[34;20m [Node] Setting-up "_gcor0" in "/local/nvme/ds004996_42.784026/ds/tmp/mriqc_wf/funcMRIQC/ComputeIQMs/f7a4b91a7ed13b64fe7987074660ccec19d24f12/gcor/mapflow/_gcor0".[0m
2026-03-27 02:36:01 |[34;20m INFO     [0m|[34;20m nipype.workflow  [0m|[34;20m [Node] Executing "_gcor0" <mriqc.interfaces.transitional.GCOR>[0m
2026-03-27 02:36:01 |[34;20m INFO     [0m|[34;20m nipype.workflow  [0m|[34;20m [Node] Finished "dilated_mask", elapsed time 0.023482s.[0m
2026-03-27 02:36:02 |[34;20m INFO     [0m|[34;20m nipype.workflow  [0m|[34;20m [Node] Finished "_gcor0", elapsed time 8.120157s.[0m
2026-03-27 02:36:03 |[34;20m INFO     [0m|[34;20m nipype.workflow  [0m|[34;20m [Node] Setting-up "mriqc_wf.funcMRIQC.func_report_wf.PlotBrainmask" in "/local/nvme/ds004996_42.784026/ds/tmp/mriqc_wf/funcMRIQC/func_report_wf/f7a4b91a7ed13b64fe7987074660ccec19d24f12/PlotBrainmask".[0m
2026-03-27 02:36:03 |[34;20m INFO     [0m|[34;20m nipype.workflow  [0m|[34;20m [Node] Setting-up "_PlotMosaicZoomed0" in "/local/nvme/ds004996_42.784026/ds/tmp/mriqc_wf/funcMRIQC/func_report_wf/f7a4b91a7ed13b64fe7987074660ccec19d24f12/PlotMosaicZoomed/mapflow/_PlotMosaicZoomed0".[0m
2026-03-27 02:36:03 |[34;20m INFO     [0m|[34;20m nipype.workflow  [0m|[34;20m [Node] Executing "PlotBrainmask" <nireports.interfaces.mosaic.PlotContours>[0m
2026-03-27 02:36:03 |[34;20m INFO     [0m|[34;20m nipype.workflow  [0m|[34;20m [Node] Executing "_PlotMosaicZoomed0" <nireports.interfaces.mosaic.PlotMosaic>[0m
2026-03-27 02:36:04 |[34;20m INFO     [0m|[34;20m nipype.workflow  [0m|[34;20m [Node] Finished "_outliers0", elapsed time 4.176424s.[0m
2026-03-27 02:36:04 |[34;20m INFO     [0m|[34;20m nipype.workflow  [0m|[34;20m [Node] Finished "_gcor0", elapsed time 8.319065s.[0m
2026-03-27 02:36:05 |[34;20m INFO     [0m|[34;20m nipype.workflow  [0m|[34;20m [Node] Finished "PlotBrainmask", elapsed time 1.392257s.[0m
2026-03-27 02:36:05 |[34;20m INFO     [0m|[34;20m nipype.workflow  [0m|[34;20m [Node] Finished "_PlotMosaicZoomed0", elapsed time 1.398239s.[0m
2026-03-27 02:36:05 |[34;20m INFO     [0m|[34;20m nipype.workflow  [0m|[34;20m [Node] Setting-up "mriqc_wf.funcMRIQC.func_report_wf.ds_report_norm" in "/local/nvme/ds004996_42.784026/ds/tmp/mriqc_wf/funcMRIQC/func_report_wf/7a2054f35f98df8bd1b99ec31c47720b3fd9e44f/ds_report_norm".[0m
2026-03-27 02:36:05 |[34;20m INFO     [0m|[34;20m nipype.workflow  [0m|[34;20m [Node] Setting-up "mriqc_wf.funcMRIQC.synthstrip_wf.final_masked" in "/local/nvme/ds004996_42.784026/ds/tmp/mriqc_wf/funcMRIQC/synthstrip_wf/7a2054f35f98df8bd1b99ec31c47720b3fd9e44f/final_masked".[0m
2026-03-27 02:36:05 |[34;20m INFO     [0m|[34;20m nipype.workflow  [0m|[34;20m [Node] Setting-up "mriqc_wf.funcMRIQC.SpatialNormalization.ResampleSegmentation" in "/local/nvme/ds004996_42.784026/ds/tmp/mriqc_wf/funcMRIQC/SpatialNormalization/7a2054f35f98df8bd1b99ec31c47720b3fd9e44f/ResampleSegmentation".[0m
2026-03-27 02:36:05 |[34;20m INFO     [0m|[34;20m nipype.workflow  [0m|[34;20m [Node] Executing "final_masked" <niworkflows.interfaces.nibabel.ApplyMask>[0m
2026-03-27 02:36:05 |[34;20m INFO     [0m|[34;20m nipype.workflow  [0m|[34;20m [Node] Executing "ds_report_norm" <mriqc.interfaces.DerivativesDataSink>[0m
2026-03-27 02:36:05 |[34;20m INFO     [0m|[34;20m nipype.workflow  [0m|[34;20m [Node] Executing "ResampleSegmentation" <nipype.interfaces.ants.resampling.ApplyTransforms>[0m
2026-03-27 02:36:05 |[34;20m INFO     [0m|[34;20m nipype.workflow  [0m|[34;20m [Node] Finished "ds_report_norm", elapsed time 0.005243s.[0m
2026-03-27 02:36:05 |[34;20m INFO     [0m|[34;20m nipype.workflow  [0m|[34;20m [Node] Finished "final_masked", elapsed time 0.040887s.[0m
2026-03-27 02:36:06 |[34;20m INFO     [0m|[34;20m nipype.workflow  [0m|[34;20m [Node] Setting-up "mriqc_wf.funcMRIQC.func_report_wf.subtract_mask" in "/local/nvme/ds004996_42.784026/ds/tmp/mriqc_wf/funcMRIQC/func_report_wf/7a2054f35f98df8bd1b99ec31c47720b3fd9e44f/subtract_mask".[0m
2026-03-27 02:36:06 |[34;20m INFO     [0m|[34;20m nipype.workflow  [0m|[34;20m [Node] Executing "subtract_mask" <niworkflows.interfaces.morphology.BinarySubtraction>[0m
2026-03-27 02:36:06 |[34;20m INFO     [0m|[34;20m nipype.workflow  [0m|[34;20m [Node] Setting-up "_ds_report_zoomed0" in "/local/nvme/ds004996_42.784026/ds/tmp/mriqc_wf/funcMRIQC/func_report_wf/7a2054f35f98df8bd1b99ec31c47720b3fd9e44f/ds_report_zoomed/mapflow/_ds_report_zoomed0".[0m
2026-03-27 02:36:06 |[34;20m INFO     [0m|[34;20m nipype.workflow  [0m|[34;20m [Node] Executing "_ds_report_zoomed0" <mriqc.interfaces.DerivativesDataSink>[0m
2026-03-27 02:36:06 |[34;20m INFO     [0m|[34;20m nipype.workflow  [0m|[34;20m [Node] Finished "_ds_report_zoomed0", elapsed time 0.005029s.[0m
2026-03-27 02:36:06 |[34;20m INFO     [0m|[34;20m nipype.workflow  [0m|[34;20m [Node] Finished "subtract_mask", elapsed time 0.01464s.[0m
2026-03-27 02:36:06 |[34;20m INFO     [0m|[34;20m nipype.workflow  [0m|[34;20m [Node] Setting-up "mriqc_wf.funcMRIQC.func_report_wf.ds_report_bmask" in "/local/nvme/ds004996_42.784026/ds/tmp/mriqc_wf/funcMRIQC/func_report_wf/7a2054f35f98df8bd1b99ec31c47720b3fd9e44f/ds_report_bmask".[0m
2026-03-27 02:36:06 |[34;20m INFO     [0m|[34;20m nipype.workflow  [0m|[34;20m [Node] Executing "ds_report_bmask" <mriqc.interfaces.DerivativesDataSink>[0m
2026-03-27 02:36:06 |[34;20m INFO     [0m|[34;20m nipype.workflow  [0m|[34;20m [Node] Finished "ds_report_bmask", elapsed time 0.005037s.[0m
2026-03-27 02:36:06 |[34;20m INFO     [0m|[34;20m nipype.workflow  [0m|[34;20m [Node] Setting-up "mriqc_wf.funcMRIQC.func_report_wf.subtract_mask" in "/local/nvme/ds004996_42.784026/ds/tmp/mriqc_wf/funcMRIQC/func_report_wf/ae38cba27d9711b24b0f017560226f6298180193/subtract_mask".[0m
2026-03-27 02:36:06 |[34;20m INFO     [0m|[34;20m nipype.workflow  [0m|[34;20m [Node] Executing "subtract_mask" <niworkflows.interfaces.morphology.BinarySubtraction>[0m
2026-03-27 02:36:06 |[34;20m INFO     [0m|[34;20m nipype.workflow  [0m|[34;20m [Node] Finished "subtract_mask", elapsed time 0.014711s.[0m
2026-03-27 02:36:07 |[34;20m INFO     [0m|[34;20m nipype.workflow  [0m|[34;20m [Node] Setting-up "_ds_report_zoomed0" in "/local/nvme/ds004996_42.784026/ds/tmp/mriqc_wf/funcMRIQC/func_report_wf/ae38cba27d9711b24b0f017560226f6298180193/ds_report_zoomed/mapflow/_ds_report_zoomed0".[0m
2026-03-27 02:36:07 |[34;20m INFO     [0m|[34;20m nipype.workflow  [0m|[34;20m [Node] Executing "_ds_report_zoomed0" <mriqc.interfaces.DerivativesDataSink>[0m
2026-03-27 02:36:07 |[34;20m INFO     [0m|[34;20m nipype.workflow  [0m|[34;20m [Node] Finished "_ds_report_zoomed0", elapsed time 0.005242s.[0m
2026-03-27 02:36:08 |[34;20m INFO     [0m|[34;20m nipype.workflow  [0m|[34;20m [Node] Setting-up "mriqc_wf.funcMRIQC.func_report_wf.ds_report_bmask" in "/local/nvme/ds004996_42.784026/ds/tmp/mriqc_wf/funcMRIQC/func_report_wf/ae38cba27d9711b24b0f017560226f6298180193/ds_report_bmask".[0m
2026-03-27 02:36:08 |[34;20m INFO     [0m|[34;20m nipype.workflow  [0m|[34;20m [Node] Executing "ds_report_bmask" <mriqc.interfaces.DerivativesDataSink>[0m
2026-03-27 02:36:08 |[34;20m INFO     [0m|[34;20m nipype.workflow  [0m|[34;20m [Node] Finished "ds_report_bmask", elapsed time 0.005052s.[0m
2026-03-27 02:36:08 |[34;20m INFO     [0m|[34;20m nipype.workflow  [0m|[34;20m [Node] Setting-up "mriqc_wf.funcMRIQC.func_report_wf.subtract_mask" in "/local/nvme/ds004996_42.784026/ds/tmp/mriqc_wf/funcMRIQC/func_report_wf/f7a4b91a7ed13b64fe7987074660ccec19d24f12/subtract_mask".[0m
2026-03-27 02:36:08 |[34;20m INFO     [0m|[34;20m nipype.workflow  [0m|[34;20m [Node] Executing "subtract_mask" <niworkflows.interfaces.morphology.BinarySubtraction>[0m
2026-03-27 02:36:08 |[34;20m INFO     [0m|[34;20m nipype.workflow  [0m|[34;20m [Node] Setting-up "_ds_report_zoomed0" in "/local/nvme/ds004996_42.784026/ds/tmp/mriqc_wf/funcMRIQC/func_report_wf/f7a4b91a7ed13b64fe7987074660ccec19d24f12/ds_report_zoomed/mapflow/_ds_report_zoomed0".[0m
2026-03-27 02:36:08 |[34;20m INFO     [0m|[34;20m nipype.workflow  [0m|[34;20m [Node] Executing "_ds_report_zoomed0" <mriqc.interfaces.DerivativesDataSink>[0m
2026-03-27 02:36:08 |[34;20m INFO     [0m|[34;20m nipype.workflow  [0m|[34;20m [Node] Finished "_ds_report_zoomed0", elapsed time 0.005556s.[0m
2026-03-27 02:36:08 |[34;20m INFO     [0m|[34;20m nipype.workflow  [0m|[34;20m [Node] Finished "subtract_mask", elapsed time 0.011687s.[0m
2026-03-27 02:36:08 |[34;20m INFO     [0m|[34;20m nipype.workflow  [0m|[34;20m [Node] Setting-up "mriqc_wf.funcMRIQC.func_report_wf.ds_report_bmask" in "/local/nvme/ds004996_42.784026/ds/tmp/mriqc_wf/funcMRIQC/func_report_wf/f7a4b91a7ed13b64fe7987074660ccec19d24f12/ds_report_bmask".[0m
2026-03-27 02:36:08 |[34;20m INFO     [0m|[34;20m nipype.workflow  [0m|[34;20m [Node] Executing "ds_report_bmask" <mriqc.interfaces.DerivativesDataSink>[0m
2026-03-27 02:36:08 |[34;20m INFO     [0m|[34;20m nipype.workflow  [0m|[34;20m [Node] Finished "ds_report_bmask", elapsed time 0.00497s.[0m
2026-03-27 02:36:08 |[34;20m INFO     [0m|[34;20m nipype.workflow  [0m|[34;20m [Node] Finished "ResampleSegmentation", elapsed time 2.571625s.[0m
2026-03-27 02:36:09 |[34;20m INFO     [0m|[34;20m nipype.workflow  [0m|[34;20m [Node] Finished "_gcor0", elapsed time 7.981542s.[0m
2026-03-27 02:36:09 |[34;20m INFO     [0m|[34;20m nipype.workflow  [0m|[34;20m [Node] Setting-up "mriqc_wf.funcMRIQC.func_report_wf.parcels" in "/local/nvme/ds004996_42.784026/ds/tmp/mriqc_wf/funcMRIQC/func_report_wf/7a2054f35f98df8bd1b99ec31c47720b3fd9e44f/parcels".[0m
2026-03-27 02:36:09 |[34;20m INFO     [0m|[34;20m nipype.workflow  [0m|[34;20m [Node] Executing "parcels" <nipype.interfaces.utility.wrappers.Function>[0m
2026-03-27 02:36:10 |[34;20m INFO     [0m|[34;20m nipype.workflow  [0m|[34;20m [Node] Finished "parcels", elapsed time 0.040988s.[0m
2026-03-27 02:36:12 |[34;20m INFO     [0m|[34;20m nipype.workflow  [0m|[34;20m [Node] Finished "_ComputeDVARS0", elapsed time 18.977511s.[0m
2026-03-27 02:36:13 |[34;20m INFO     [0m|[34;20m nipype.workflow  [0m|[34;20m [Node] Finished "_ComputeDVARS0", elapsed time 19.138897s.[0m
2026-03-27 02:36:13 |[34;20m INFO     [0m|[34;20m nipype.workflow  [0m|[34;20m [Node] Setting-up "_measures0" in "/local/nvme/ds004996_42.784026/ds/tmp/mriqc_wf/funcMRIQC/ComputeIQMs/7a2054f35f98df8bd1b99ec31c47720b3fd9e44f/measures/mapflow/_measures0".[0m
2026-03-27 02:36:13 |[34;20m INFO     [0m|[34;20m nipype.workflow  [0m|[34;20m [Node] Setting-up "_timeseries0" in "/local/nvme/ds004996_42.784026/ds/tmp/mriqc_wf/funcMRIQC/ComputeIQMs/7a2054f35f98df8bd1b99ec31c47720b3fd9e44f/timeseries/mapflow/_timeseries0".[0m
2026-03-27 02:36:13 |[34;20m INFO     [0m|[34;20m nipype.workflow  [0m|[34;20m [Node] Executing "_measures0" <mriqc.interfaces.functional.FunctionalQC>[0m
2026-03-27 02:36:13 |[34;20m INFO     [0m|[34;20m nipype.workflow  [0m|[34;20m [Node] Executing "_timeseries0" <mriqc.interfaces.functional.GatherTimeseries>[0m
2026-03-27 02:36:13 |[34;20m INFO     [0m|[34;20m nipype.workflow  [0m|[34;20m [Node] Setting-up "_timeseries0" in "/local/nvme/ds004996_42.784026/ds/tmp/mriqc_wf/funcMRIQC/ComputeIQMs/ae38cba27d9711b24b0f017560226f6298180193/timeseries/mapflow/_timeseries0".[0m
2026-03-27 02:36:13 |[34;20m INFO     [0m|[34;20m nipype.workflow  [0m|[34;20m [Node] Executing "_timeseries0" <mriqc.interfaces.functional.GatherTimeseries>[0m
2026-03-27 02:36:13 |[34;20m INFO     [0m|[34;20m nipype.workflow  [0m|[34;20m [Node] Finished "_timeseries0", elapsed time 0.021816s.[0m
2026-03-27 02:36:13 |[34;20m INFO     [0m|[34;20m nipype.workflow  [0m|[34;20m [Node] Finished "_timeseries0", elapsed time 0.025392s.[0m
2026-03-27 02:36:15 |[34;20m INFO     [0m|[34;20m nipype.workflow  [0m|[34;20m [Node] Finished "_measures0", elapsed time 1.128019s.[0m
2026-03-27 02:36:15 |[34;20m INFO     [0m|[34;20m nipype.workflow  [0m|[34;20m [Node] Setting-up "_measures0" in "/local/nvme/ds004996_42.784026/ds/tmp/mriqc_wf/funcMRIQC/ComputeIQMs/ae38cba27d9711b24b0f017560226f6298180193/measures/mapflow/_measures0".[0m
2026-03-27 02:36:15 |[34;20m INFO     [0m|[34;20m nipype.workflow  [0m|[34;20m [Node] Executing "_measures0" <mriqc.interfaces.functional.FunctionalQC>[0m
2026-03-27 02:36:15 |[34;20m INFO     [0m|[34;20m nipype.workflow  [0m|[34;20m [Node] Setting-up "_datasink0" in "/local/nvme/ds004996_42.784026/ds/tmp/mriqc_wf/funcMRIQC/ComputeIQMs/7a2054f35f98df8bd1b99ec31c47720b3fd9e44f/datasink/mapflow/_datasink0".[0m
2026-03-27 02:36:15 |[34;20m INFO     [0m|[34;20m nipype.workflow  [0m|[34;20m [Node] Executing "_datasink0" <mriqc.interfaces.bids.IQMFileSink>[0m
2026-03-27 02:36:15 |[34;20m INFO     [0m|[34;20m nipype.workflow  [0m|[34;20m [Node] Finished "_datasink0", elapsed time 0.002034s.[0m
2026-03-27 02:36:16 |[34;20m INFO     [0m|[34;20m nipype.workflow  [0m|[34;20m [Node] Setting-up "_ds_timeseries0" in "/local/nvme/ds004996_42.784026/ds/tmp/mriqc_wf/funcMRIQC/ComputeIQMs/7a2054f35f98df8bd1b99ec31c47720b3fd9e44f/ds_timeseries/mapflow/_ds_timeseries0".[0m
2026-03-27 02:36:16 |[34;20m INFO     [0m|[34;20m nipype.workflow  [0m|[34;20m [Node] Executing "_ds_timeseries0" <mriqc.interfaces.DerivativesDataSink>[0m
2026-03-27 02:36:16 |[34;20m INFO     [0m|[34;20m nipype.workflow  [0m|[34;20m [Node] Finished "_ds_timeseries0", elapsed time 0.004408s.[0m
2026-03-27 02:36:16 |[34;20m INFO     [0m|[34;20m nipype.workflow  [0m|[34;20m [Node] Setting-up "_ds_timeseries0" in "/local/nvme/ds004996_42.784026/ds/tmp/mriqc_wf/funcMRIQC/ComputeIQMs/ae38cba27d9711b24b0f017560226f6298180193/ds_timeseries/mapflow/_ds_timeseries0".[0m
2026-03-27 02:36:16 |[34;20m INFO     [0m|[34;20m nipype.workflow  [0m|[34;20m [Node] Executing "_ds_timeseries0" <mriqc.interfaces.DerivativesDataSink>[0m
2026-03-27 02:36:16 |[34;20m INFO     [0m|[34;20m nipype.workflow  [0m|[34;20m [Node] Finished "_ds_timeseries0", elapsed time 0.004398s.[0m
2026-03-27 02:36:16 |[34;20m INFO     [0m|[34;20m nipype.workflow  [0m|[34;20m [Node] Setting-up "_BigPlot0" in "/local/nvme/ds004996_42.784026/ds/tmp/mriqc_wf/funcMRIQC/func_report_wf/7a2054f35f98df8bd1b99ec31c47720b3fd9e44f/BigPlot/mapflow/_BigPlot0".[0m
2026-03-27 02:36:16 |[34;20m INFO     [0m|[34;20m nipype.workflow  [0m|[34;20m [Node] Executing "_BigPlot0" <nireports.interfaces.fmri.FMRISummary>[0m
2026-03-27 02:36:16 |[34;20m INFO     [0m|[34;20m nipype.workflow  [0m|[34;20m [Node] Finished "_measures0", elapsed time 1.072278s.[0m
2026-03-27 02:36:17 |[34;20m INFO     [0m|[34;20m nipype.workflow  [0m|[34;20m [Node] Setting-up "_datasink0" in "/local/nvme/ds004996_42.784026/ds/tmp/mriqc_wf/funcMRIQC/ComputeIQMs/ae38cba27d9711b24b0f017560226f6298180193/datasink/mapflow/_datasink0".[0m
2026-03-27 02:36:17 |[34;20m INFO     [0m|[34;20m nipype.workflow  [0m|[34;20m [Node] Executing "_datasink0" <mriqc.interfaces.bids.IQMFileSink>[0m
2026-03-27 02:36:17 |[34;20m INFO     [0m|[34;20m nipype.workflow  [0m|[34;20m [Node] Finished "_datasink0", elapsed time 0.00063s.[0m
2026-03-27 02:36:19 |[34;20m INFO     [0m|[34;20m nipype.workflow  [0m|[34;20m [Node] Finished "_ComputeDVARS0", elapsed time 19.324811s.[0m
2026-03-27 02:36:19 |[34;20m INFO     [0m|[34;20m nipype.workflow  [0m|[34;20m [Node] Setting-up "_measures0" in "/local/nvme/ds004996_42.784026/ds/tmp/mriqc_wf/funcMRIQC/ComputeIQMs/f7a4b91a7ed13b64fe7987074660ccec19d24f12/measures/mapflow/_measures0".[0m
2026-03-27 02:36:19 |[34;20m INFO     [0m|[34;20m nipype.workflow  [0m|[34;20m [Node] Setting-up "_timeseries0" in "/local/nvme/ds004996_42.784026/ds/tmp/mriqc_wf/funcMRIQC/ComputeIQMs/f7a4b91a7ed13b64fe7987074660ccec19d24f12/timeseries/mapflow/_timeseries0".[0m
2026-03-27 02:36:19 |[34;20m INFO     [0m|[34;20m nipype.workflow  [0m|[34;20m [Node] Executing "_measures0" <mriqc.interfaces.functional.FunctionalQC>[0m
2026-03-27 02:36:19 |[34;20m INFO     [0m|[34;20m nipype.workflow  [0m|[34;20m [Node] Executing "_timeseries0" <mriqc.interfaces.functional.GatherTimeseries>[0m
2026-03-27 02:36:19 |[34;20m INFO     [0m|[34;20m nipype.workflow  [0m|[34;20m [Node] Finished "_timeseries0", elapsed time 0.017877s.[0m
2026-03-27 02:36:20 |[34;20m INFO     [0m|[34;20m nipype.workflow  [0m|[34;20m [Node] Finished "_BigPlot0", elapsed time 4.469589s.[0m
2026-03-27 02:36:20 |[34;20m INFO     [0m|[34;20m nipype.workflow  [0m|[34;20m [Node] Finished "_measures0", elapsed time 1.044657s.[0m
2026-03-27 02:36:21 |[34;20m INFO     [0m|[34;20m nipype.workflow  [0m|[34;20m [Node] Setting-up "mriqc_wf.funcMRIQC.synthstrip_wf.post_n4" in "/local/nvme/ds004996_42.784026/ds/tmp/mriqc_wf/funcMRIQC/synthstrip_wf/ae38cba27d9711b24b0f017560226f6298180193/post_n4".[0m
2026-03-27 02:36:21 |[34;20m INFO     [0m|[34;20m nipype.workflow  [0m|[34;20m [Node] Executing "post_n4" <nipype.interfaces.ants.segmentation.N4BiasFieldCorrection>[0m
2026-03-27 02:36:22 |[34;20m INFO     [0m|[34;20m nipype.workflow  [0m|[34;20m [Node] Finished "post_n4", elapsed time 0.976081s.[0m
2026-03-27 02:36:23 |[34;20m INFO     [0m|[34;20m nipype.workflow  [0m|[34;20m [Node] Setting-up "mriqc_wf.funcMRIQC.SpatialNormalization.EPI2MNI" in "/local/nvme/ds004996_42.784026/ds/tmp/mriqc_wf/funcMRIQC/SpatialNormalization/ae38cba27d9711b24b0f017560226f6298180193/EPI2MNI".[0m
2026-03-27 02:36:23 |[34;20m INFO     [0m|[34;20m nipype.workflow  [0m|[34;20m [Node] Executing "EPI2MNI" <niworkflows.interfaces.reportlets.registration.SpatialNormalizationRPT>[0m
2026-03-27 02:36:23 |[34;20m INFO     [0m|[34;20m niworkflows      [0m|[34;20m Estimating initial transform using AffineInitializer[0m
2026-03-27 02:36:28 |[34;20m INFO     [0m|[34;20m niworkflows      [0m|[34;20m Terminal outputs of initialization saved (/local/nvme/ds004996_42.784026/ds/tmp/mriqc_wf/funcMRIQC/SpatialNormalization/ae38cba27d9711b24b0f017560226f6298180193/EPI2MNI/stderr.nipype-init).[0m
2026-03-27 02:36:28 |[34;20m INFO     [0m|[34;20m niworkflows      [0m|[34;20m Loading settings from file /opt/conda/lib/python3.11/site-packages/niworkflows/data/boldref-mni_registration_precise_000.json.[0m
2026-03-27 02:36:28 |[34;20m INFO     [0m|[34;20m niworkflows      [0m|[34;20m Retry #1, commandline: 
antsRegistration --collapse-output-transforms 1 --dimensionality 3 --float 0 --initial-moving-transform [ /local/nvme/ds004996_42.784026/ds/tmp/mriqc_wf/funcMRIQC/SpatialNormalization/ae38cba27d9711b24b0f017560226f6298180193/EPI2MNI/transform.mat, 0 ] --initialize-transforms-per-stage 0 --interpolation LanczosWindowedSinc --output [ epi_to_mni, epi_to_mni_Warped.nii.gz ] --transform Rigid[ 0.05 ] --metric Mattes[ /templateflow/tpl-MNI152NLin2009cAsym/tpl-MNI152NLin2009cAsym_res-02_desc-fMRIPrep_boldref.nii.gz, /local/nvme/ds004996_42.784026/ds/tmp/mriqc_wf/funcMRIQC/SpatialNormalization/ae38cba27d9711b24b0f017560226f6298180193/SharpenEPI/sub-42_task-conversation_run-02_bold_desc-realigned_valid_tstat_corrected.nii.gz, 1, 56, Regular, 0.25 ] --convergence [ 10000x1000x100, 1e-06, 20 ] --smoothing-sigmas 4.0x2.0x1.0vox --shrink-factors 4x2x1 --use-histogram-matching 1 --masks [ /templateflow/tpl-MNI152NLin2009cAsym/tpl-MNI152NLin2009cAsym_res-02_desc-brain_mask.nii.gz, /local/nvme/ds004996_42.784026/ds/tmp/mriqc_wf/funcMRIQC/synthstrip_wf/ae38cba27d9711b24b0f017560226f6298180193/synthstrip/clipped_corrected_desc-brain_mask.nii.gz ] --transform Affine[ 0.08 ] --metric Mattes[ /templateflow/tpl-MNI152NLin2009cAsym/tpl-MNI152NLin2009cAsym_res-02_desc-fMRIPrep_boldref.nii.gz, /local/nvme/ds004996_42.784026/ds/tmp/mriqc_wf/funcMRIQC/SpatialNormalization/ae38cba27d9711b24b0f017560226f6298180193/SharpenEPI/sub-42_task-conversation_run-02_bold_desc-realigned_valid_tstat_corrected.nii.gz, 1, 56, Regular, 0.25 ] --convergence [ 500x250x100, 1e-06, 20 ] --smoothing-sigmas 4.0x2.0x1.0vox --shrink-factors 8x4x2 --use-histogram-matching 1 --masks [ /templateflow/tpl-MNI152NLin2009cAsym/tpl-MNI152NLin2009cAsym_res-02_desc-brain_mask.nii.gz, /local/nvme/ds004996_42.784026/ds/tmp/mriqc_wf/funcMRIQC/synthstrip_wf/ae38cba27d9711b24b0f017560226f6298180193/synthstrip/clipped_corrected_desc-brain_mask.nii.gz ] --transform SyN[ 0.1, 3.0, 0.0 ] --metric CC[ /templateflow/tpl-MNI152NLin2009cAsym/tpl-MNI152NLin2009cAsym_res-02_desc-fMRIPrep_boldref.nii.gz, /local/nvme/ds004996_42.784026/ds/tmp/mriqc_wf/funcMRIQC/SpatialNormalization/ae38cba27d9711b24b0f017560226f6298180193/SharpenEPI/sub-42_task-conversation_run-02_bold_desc-realigned_valid_tstat_corrected.nii.gz, 1, 4, None, 1 ] --convergence [ 100x30x20, 1e-06, 10 ] --smoothing-sigmas 3.0x2.0x1.0vox --shrink-factors 8x4x2 --use-histogram-matching 1 --masks [ /templateflow/tpl-MNI152NLin2009cAsym/tpl-MNI152NLin2009cAsym_res-02_desc-brain_mask.nii.gz, /local/nvme/ds004996_42.784026/ds/tmp/mriqc_wf/funcMRIQC/synthstrip_wf/ae38cba27d9711b24b0f017560226f6298180193/synthstrip/clipped_corrected_desc-brain_mask.nii.gz ] --winsorize-image-intensities [ 0.005, 0.995 ]  --write-composite-transform 1[0m
2026-03-27 02:36:39 |[34;20m INFO     [0m|[34;20m niworkflows      [0m|[34;20m Successful spatial normalization (retry #1).[0m
2026-03-27 02:36:39 |[34;20m INFO     [0m|[34;20m niworkflows      [0m|[34;20m Report - setting fixed (/templateflow/tpl-MNI152NLin2009cAsym/tpl-MNI152NLin2009cAsym_res-02_desc-fMRIPrep_boldref.nii.gz) and moving (/local/nvme/ds004996_42.784026/ds/tmp/mriqc_wf/funcMRIQC/SpatialNormalization/ae38cba27d9711b24b0f017560226f6298180193/EPI2MNI/epi_to_mni_Warped.nii.gz) images[0m
2026-03-27 02:36:39 |[34;20m INFO     [0m|[34;20m niworkflows      [0m|[34;20m Generating visual report[0m
2026-03-27 02:36:54 |[34;20m INFO     [0m|[34;20m nipype.workflow  [0m|[34;20m [Node] Finished "EPI2MNI", elapsed time 30.786155s.[0m
2026-03-27 02:36:55 |[34;20m INFO     [0m|[34;20m nipype.workflow  [0m|[34;20m [Node] Setting-up "mriqc_wf.funcMRIQC.synthstrip_wf.post_n4" in "/local/nvme/ds004996_42.784026/ds/tmp/mriqc_wf/funcMRIQC/synthstrip_wf/f7a4b91a7ed13b64fe7987074660ccec19d24f12/post_n4".[0m
2026-03-27 02:36:55 |[34;20m INFO     [0m|[34;20m nipype.workflow  [0m|[34;20m [Node] Executing "post_n4" <nipype.interfaces.ants.segmentation.N4BiasFieldCorrection>[0m
2026-03-27 02:36:56 |[34;20m INFO     [0m|[34;20m nipype.workflow  [0m|[34;20m [Node] Finished "post_n4", elapsed time 1.073373s.[0m
2026-03-27 02:36:57 |[34;20m INFO     [0m|[34;20m nipype.workflow  [0m|[34;20m [Node] Setting-up "mriqc_wf.funcMRIQC.SpatialNormalization.EPI2MNI" in "/local/nvme/ds004996_42.784026/ds/tmp/mriqc_wf/funcMRIQC/SpatialNormalization/f7a4b91a7ed13b64fe7987074660ccec19d24f12/EPI2MNI".[0m
2026-03-27 02:36:57 |[34;20m INFO     [0m|[34;20m nipype.workflow  [0m|[34;20m [Node] Executing "EPI2MNI" <niworkflows.interfaces.reportlets.registration.SpatialNormalizationRPT>[0m
2026-03-27 02:36:57 |[34;20m INFO     [0m|[34;20m niworkflows      [0m|[34;20m Estimating initial transform using AffineInitializer[0m
2026-03-27 02:37:03 |[34;20m INFO     [0m|[34;20m niworkflows      [0m|[34;20m Terminal outputs of initialization saved (/local/nvme/ds004996_42.784026/ds/tmp/mriqc_wf/funcMRIQC/SpatialNormalization/f7a4b91a7ed13b64fe7987074660ccec19d24f12/EPI2MNI/stderr.nipype-init).[0m
2026-03-27 02:37:03 |[34;20m INFO     [0m|[34;20m niworkflows      [0m|[34;20m Loading settings from file /opt/conda/lib/python3.11/site-packages/niworkflows/data/boldref-mni_registration_precise_000.json.[0m
2026-03-27 02:37:03 |[34;20m INFO     [0m|[34;20m niworkflows      [0m|[34;20m Retry #1, commandline: 
antsRegistration --collapse-output-transforms 1 --dimensionality 3 --float 0 --initial-moving-transform [ /local/nvme/ds004996_42.784026/ds/tmp/mriqc_wf/funcMRIQC/SpatialNormalization/f7a4b91a7ed13b64fe7987074660ccec19d24f12/EPI2MNI/transform.mat, 0 ] --initialize-transforms-per-stage 0 --interpolation LanczosWindowedSinc --output [ epi_to_mni, epi_to_mni_Warped.nii.gz ] --transform Rigid[ 0.05 ] --metric Mattes[ /templateflow/tpl-MNI152NLin2009cAsym/tpl-MNI152NLin2009cAsym_res-02_desc-fMRIPrep_boldref.nii.gz, /local/nvme/ds004996_42.784026/ds/tmp/mriqc_wf/funcMRIQC/SpatialNormalization/f7a4b91a7ed13b64fe7987074660ccec19d24f12/SharpenEPI/sub-42_task-conversation_run-03_bold_desc-realigned_valid_tstat_corrected.nii.gz, 1, 56, Regular, 0.25 ] --convergence [ 10000x1000x100, 1e-06, 20 ] --smoothing-sigmas 4.0x2.0x1.0vox --shrink-factors 4x2x1 --use-histogram-matching 1 --masks [ /templateflow/tpl-MNI152NLin2009cAsym/tpl-MNI152NLin2009cAsym_res-02_desc-brain_mask.nii.gz, /local/nvme/ds004996_42.784026/ds/tmp/mriqc_wf/funcMRIQC/synthstrip_wf/f7a4b91a7ed13b64fe7987074660ccec19d24f12/synthstrip/clipped_corrected_desc-brain_mask.nii.gz ] --transform Affine[ 0.08 ] --metric Mattes[ /templateflow/tpl-MNI152NLin2009cAsym/tpl-MNI152NLin2009cAsym_res-02_desc-fMRIPrep_boldref.nii.gz, /local/nvme/ds004996_42.784026/ds/tmp/mriqc_wf/funcMRIQC/SpatialNormalization/f7a4b91a7ed13b64fe7987074660ccec19d24f12/SharpenEPI/sub-42_task-conversation_run-03_bold_desc-realigned_valid_tstat_corrected.nii.gz, 1, 56, Regular, 0.25 ] --convergence [ 500x250x100, 1e-06, 20 ] --smoothing-sigmas 4.0x2.0x1.0vox --shrink-factors 8x4x2 --use-histogram-matching 1 --masks [ /templateflow/tpl-MNI152NLin2009cAsym/tpl-MNI152NLin2009cAsym_res-02_desc-brain_mask.nii.gz, /local/nvme/ds004996_42.784026/ds/tmp/mriqc_wf/funcMRIQC/synthstrip_wf/f7a4b91a7ed13b64fe7987074660ccec19d24f12/synthstrip/clipped_corrected_desc-brain_mask.nii.gz ] --transform SyN[ 0.1, 3.0, 0.0 ] --metric CC[ /templateflow/tpl-MNI152NLin2009cAsym/tpl-MNI152NLin2009cAsym_res-02_desc-fMRIPrep_boldref.nii.gz, /local/nvme/ds004996_42.784026/ds/tmp/mriqc_wf/funcMRIQC/SpatialNormalization/f7a4b91a7ed13b64fe7987074660ccec19d24f12/SharpenEPI/sub-42_task-conversation_run-03_bold_desc-realigned_valid_tstat_corrected.nii.gz, 1, 4, None, 1 ] --convergence [ 100x30x20, 1e-06, 10 ] --smoothing-sigmas 3.0x2.0x1.0vox --shrink-factors 8x4x2 --use-histogram-matching 1 --masks [ /templateflow/tpl-MNI152NLin2009cAsym/tpl-MNI152NLin2009cAsym_res-02_desc-brain_mask.nii.gz, /local/nvme/ds004996_42.784026/ds/tmp/mriqc_wf/funcMRIQC/synthstrip_wf/f7a4b91a7ed13b64fe7987074660ccec19d24f12/synthstrip/clipped_corrected_desc-brain_mask.nii.gz ] --winsorize-image-intensities [ 0.005, 0.995 ]  --write-composite-transform 1[0m
2026-03-27 02:37:14 |[34;20m INFO     [0m|[34;20m niworkflows      [0m|[34;20m Successful spatial normalization (retry #1).[0m
2026-03-27 02:37:14 |[34;20m INFO     [0m|[34;20m niworkflows      [0m|[34;20m Report - setting fixed (/templateflow/tpl-MNI152NLin2009cAsym/tpl-MNI152NLin2009cAsym_res-02_desc-fMRIPrep_boldref.nii.gz) and moving (/local/nvme/ds004996_42.784026/ds/tmp/mriqc_wf/funcMRIQC/SpatialNormalization/f7a4b91a7ed13b64fe7987074660ccec19d24f12/EPI2MNI/epi_to_mni_Warped.nii.gz) images[0m
2026-03-27 02:37:14 |[34;20m INFO     [0m|[34;20m niworkflows      [0m|[34;20m Generating visual report[0m
2026-03-27 02:37:29 |[34;20m INFO     [0m|[34;20m nipype.workflow  [0m|[34;20m [Node] Finished "EPI2MNI", elapsed time 31.81637s.[0m
2026-03-27 02:37:29 |[34;20m INFO     [0m|[34;20m nipype.workflow  [0m|[34;20m [Node] Setting-up "mriqc_wf.funcMRIQC.func_report_wf.ds_report_norm" in "/local/nvme/ds004996_42.784026/ds/tmp/mriqc_wf/funcMRIQC/func_report_wf/ae38cba27d9711b24b0f017560226f6298180193/ds_report_norm".[0m
2026-03-27 02:37:29 |[34;20m INFO     [0m|[34;20m nipype.workflow  [0m|[34;20m [Node] Setting-up "mriqc_wf.funcMRIQC.synthstrip_wf.final_masked" in "/local/nvme/ds004996_42.784026/ds/tmp/mriqc_wf/funcMRIQC/synthstrip_wf/ae38cba27d9711b24b0f017560226f6298180193/final_masked".[0m
2026-03-27 02:37:29 |[34;20m INFO     [0m|[34;20m nipype.workflow  [0m|[34;20m [Node] Setting-up "mriqc_wf.funcMRIQC.SpatialNormalization.ResampleSegmentation" in "/local/nvme/ds004996_42.784026/ds/tmp/mriqc_wf/funcMRIQC/SpatialNormalization/ae38cba27d9711b24b0f017560226f6298180193/ResampleSegmentation".[0m
2026-03-27 02:37:29 |[34;20m INFO     [0m|[34;20m nipype.workflow  [0m|[34;20m [Node] Executing "ds_report_norm" <mriqc.interfaces.DerivativesDataSink>[0m
2026-03-27 02:37:29 |[34;20m INFO     [0m|[34;20m nipype.workflow  [0m|[34;20m [Node] Executing "final_masked" <niworkflows.interfaces.nibabel.ApplyMask>[0m
2026-03-27 02:37:29 |[34;20m INFO     [0m|[34;20m nipype.workflow  [0m|[34;20m [Node] Executing "ResampleSegmentation" <nipype.interfaces.ants.resampling.ApplyTransforms>[0m
2026-03-27 02:37:29 |[34;20m INFO     [0m|[34;20m nipype.workflow  [0m|[34;20m [Node] Finished "ds_report_norm", elapsed time 0.005065s.[0m
2026-03-27 02:37:29 |[34;20m INFO     [0m|[34;20m nipype.workflow  [0m|[34;20m [Node] Finished "final_masked", elapsed time 0.041326s.[0m
2026-03-27 02:37:30 |[34;20m INFO     [0m|[34;20m nipype.workflow  [0m|[34;20m [Node] Setting-up "mriqc_wf.funcMRIQC.func_report_wf.ds_report_norm" in "/local/nvme/ds004996_42.784026/ds/tmp/mriqc_wf/funcMRIQC/func_report_wf/f7a4b91a7ed13b64fe7987074660ccec19d24f12/ds_report_norm".[0m
2026-03-27 02:37:30 |[34;20m INFO     [0m|[34;20m nipype.workflow  [0m|[34;20m [Node] Setting-up "mriqc_wf.funcMRIQC.synthstrip_wf.final_masked" in "/local/nvme/ds004996_42.784026/ds/tmp/mriqc_wf/funcMRIQC/synthstrip_wf/f7a4b91a7ed13b64fe7987074660ccec19d24f12/final_masked".[0m
2026-03-27 02:37:30 |[34;20m INFO     [0m|[34;20m nipype.workflow  [0m|[34;20m [Node] Setting-up "mriqc_wf.funcMRIQC.SpatialNormalization.ResampleSegmentation" in "/local/nvme/ds004996_42.784026/ds/tmp/mriqc_wf/funcMRIQC/SpatialNormalization/f7a4b91a7ed13b64fe7987074660ccec19d24f12/ResampleSegmentation".[0m
2026-03-27 02:37:30 |[34;20m INFO     [0m|[34;20m nipype.workflow  [0m|[34;20m [Node] Executing "ds_report_norm" <mriqc.interfaces.DerivativesDataSink>[0m
2026-03-27 02:37:30 |[34;20m INFO     [0m|[34;20m nipype.workflow  [0m|[34;20m [Node] Executing "final_masked" <niworkflows.interfaces.nibabel.ApplyMask>[0m
2026-03-27 02:37:30 |[34;20m INFO     [0m|[34;20m nipype.workflow  [0m|[34;20m [Node] Executing "ResampleSegmentation" <nipype.interfaces.ants.resampling.ApplyTransforms>[0m
2026-03-27 02:37:30 |[34;20m INFO     [0m|[34;20m nipype.workflow  [0m|[34;20m [Node] Finished "ds_report_norm", elapsed time 0.005444s.[0m
2026-03-27 02:37:30 |[34;20m INFO     [0m|[34;20m nipype.workflow  [0m|[34;20m [Node] Finished "final_masked", elapsed time 0.032588s.[0m
2026-03-27 02:37:30 |[34;20m INFO     [0m|[34;20m nipype.workflow  [0m|[34;20m [Node] Setting-up "_datasink0" in "/local/nvme/ds004996_42.784026/ds/tmp/mriqc_wf/funcMRIQC/ComputeIQMs/f7a4b91a7ed13b64fe7987074660ccec19d24f12/datasink/mapflow/_datasink0".[0m
2026-03-27 02:37:30 |[34;20m INFO     [0m|[34;20m nipype.workflow  [0m|[34;20m [Node] Executing "_datasink0" <mriqc.interfaces.bids.IQMFileSink>[0m
2026-03-27 02:37:30 |[34;20m INFO     [0m|[34;20m nipype.workflow  [0m|[34;20m [Node] Finished "_datasink0", elapsed time 0.000672s.[0m
2026-03-27 02:37:30 |[34;20m INFO     [0m|[34;20m nipype.workflow  [0m|[34;20m [Node] Setting-up "_ds_timeseries0" in "/local/nvme/ds004996_42.784026/ds/tmp/mriqc_wf/funcMRIQC/ComputeIQMs/f7a4b91a7ed13b64fe7987074660ccec19d24f12/ds_timeseries/mapflow/_ds_timeseries0".[0m
2026-03-27 02:37:30 |[34;20m INFO     [0m|[34;20m nipype.workflow  [0m|[34;20m [Node] Executing "_ds_timeseries0" <mriqc.interfaces.DerivativesDataSink>[0m
2026-03-27 02:37:30 |[34;20m INFO     [0m|[34;20m nipype.workflow  [0m|[34;20m [Node] Finished "_ds_timeseries0", elapsed time 0.004055s.[0m
2026-03-27 02:37:30 |[34;20m INFO     [0m|[34;20m nipype.workflow  [0m|[34;20m [Node] Setting-up "_ds_report_carpet0" in "/local/nvme/ds004996_42.784026/ds/tmp/mriqc_wf/funcMRIQC/func_report_wf/7a2054f35f98df8bd1b99ec31c47720b3fd9e44f/ds_report_carpet/mapflow/_ds_report_carpet0".[0m
2026-03-27 02:37:30 |[34;20m INFO     [0m|[34;20m nipype.workflow  [0m|[34;20m [Node] Executing "_ds_report_carpet0" <mriqc.interfaces.DerivativesDataSink>[0m
2026-03-27 02:37:30 |[34;20m INFO     [0m|[34;20m nipype.workflow  [0m|[34;20m [Node] Finished "_ds_report_carpet0", elapsed time 0.005038s.[0m
2026-03-27 02:37:32 |[34;20m INFO     [0m|[34;20m nipype.workflow  [0m|[34;20m [Node] Finished "ResampleSegmentation", elapsed time 2.53822s.[0m
2026-03-27 02:37:32 |[34;20m INFO     [0m|[34;20m nipype.workflow  [0m|[34;20m [Node] Finished "ResampleSegmentation", elapsed time 2.462203s.[0m
2026-03-27 02:37:33 |[34;20m INFO     [0m|[34;20m nipype.workflow  [0m|[34;20m [Node] Setting-up "mriqc_wf.funcMRIQC.func_report_wf.parcels" in "/local/nvme/ds004996_42.784026/ds/tmp/mriqc_wf/funcMRIQC/func_report_wf/ae38cba27d9711b24b0f017560226f6298180193/parcels".[0m
2026-03-27 02:37:33 |[34;20m INFO     [0m|[34;20m nipype.workflow  [0m|[34;20m [Node] Setting-up "mriqc_wf.funcMRIQC.func_report_wf.parcels" in "/local/nvme/ds004996_42.784026/ds/tmp/mriqc_wf/funcMRIQC/func_report_wf/f7a4b91a7ed13b64fe7987074660ccec19d24f12/parcels".[0m
2026-03-27 02:37:33 |[34;20m INFO     [0m|[34;20m nipype.workflow  [0m|[34;20m [Node] Executing "parcels" <nipype.interfaces.utility.wrappers.Function>[0m
2026-03-27 02:37:33 |[34;20m INFO     [0m|[34;20m nipype.workflow  [0m|[34;20m [Node] Executing "parcels" <nipype.interfaces.utility.wrappers.Function>[0m
2026-03-27 02:37:33 |[34;20m INFO     [0m|[34;20m nipype.workflow  [0m|[34;20m [Node] Finished "parcels", elapsed time 0.022769s.[0m
2026-03-27 02:37:33 |[34;20m INFO     [0m|[34;20m nipype.workflow  [0m|[34;20m [Node] Finished "parcels", elapsed time 0.023497s.[0m
2026-03-27 02:37:35 |[34;20m INFO     [0m|[34;20m nipype.workflow  [0m|[34;20m [Node] Setting-up "_BigPlot0" in "/local/nvme/ds004996_42.784026/ds/tmp/mriqc_wf/funcMRIQC/func_report_wf/ae38cba27d9711b24b0f017560226f6298180193/BigPlot/mapflow/_BigPlot0".[0m
2026-03-27 02:37:35 |[34;20m INFO     [0m|[34;20m nipype.workflow  [0m|[34;20m [Node] Executing "_BigPlot0" <nireports.interfaces.fmri.FMRISummary>[0m
2026-03-27 02:37:35 |[34;20m INFO     [0m|[34;20m nipype.workflow  [0m|[34;20m [Node] Setting-up "_BigPlot0" in "/local/nvme/ds004996_42.784026/ds/tmp/mriqc_wf/funcMRIQC/func_report_wf/f7a4b91a7ed13b64fe7987074660ccec19d24f12/BigPlot/mapflow/_BigPlot0".[0m
2026-03-27 02:37:35 |[34;20m INFO     [0m|[34;20m nipype.workflow  [0m|[34;20m [Node] Executing "_BigPlot0" <nireports.interfaces.fmri.FMRISummary>[0m
2026-03-27 02:37:40 |[34;20m INFO     [0m|[34;20m nipype.workflow  [0m|[34;20m [Node] Finished "_BigPlot0", elapsed time 4.508795s.[0m
2026-03-27 02:37:40 |[34;20m INFO     [0m|[34;20m nipype.workflow  [0m|[34;20m [Node] Finished "_BigPlot0", elapsed time 4.5892s.[0m
2026-03-27 02:37:41 |[34;20m INFO     [0m|[34;20m nipype.workflow  [0m|[34;20m [Node] Setting-up "_ds_report_carpet0" in "/local/nvme/ds004996_42.784026/ds/tmp/mriqc_wf/funcMRIQC/func_report_wf/ae38cba27d9711b24b0f017560226f6298180193/ds_report_carpet/mapflow/_ds_report_carpet0".[0m
2026-03-27 02:37:41 |[34;20m INFO     [0m|[34;20m nipype.workflow  [0m|[34;20m [Node] Executing "_ds_report_carpet0" <mriqc.interfaces.DerivativesDataSink>[0m
2026-03-27 02:37:41 |[34;20m INFO     [0m|[34;20m nipype.workflow  [0m|[34;20m [Node] Finished "_ds_report_carpet0", elapsed time 0.005119s.[0m
2026-03-27 02:37:42 |[34;20m INFO     [0m|[34;20m nipype.workflow  [0m|[34;20m [Node] Setting-up "_ds_report_carpet0" in "/local/nvme/ds004996_42.784026/ds/tmp/mriqc_wf/funcMRIQC/func_report_wf/f7a4b91a7ed13b64fe7987074660ccec19d24f12/ds_report_carpet/mapflow/_ds_report_carpet0".[0m
2026-03-27 02:37:42 |[34;20m INFO     [0m|[34;20m nipype.workflow  [0m|[34;20m [Node] Executing "_ds_report_carpet0" <mriqc.interfaces.DerivativesDataSink>[0m
2026-03-27 02:37:42 |[34;20m INFO     [0m|[34;20m nipype.workflow  [0m|[34;20m [Node] Finished "_ds_report_carpet0", elapsed time 0.005154s.[0m
2026-03-27 02:37:43 |[34;20m INFO     [0m|[34;20m nipype.workflow  [0m|[34;20m Generating reports...[0m
2026-03-27 02:37:44 |[34;20m INFO     [0m|[34;20m nipype.workflow  [0m|[34;20m Report generation finished (3 reports).[0m
2026-03-27 02:37:44 |[33;20m IMPORTANT [0m|[33;20m mriqc            [0m|[33;20m Participant level finished successfully averaging 00h 07min 31s per subject.[0m
2026-03-27 02:37:44 |[34;20m INFO     [0m|[34;20m mriqc            [0m|[34;20m Generating BIDS derivatives metadata.[0m
----------------------------------------------------------------
  MRIQC completed (elapsed time 00h 22min 35s).
----------------------------------------------------------------

