------------------------------------------------------------------
  Running MRIQC version 24.1.0.dev0+gd5b13cb5.d20240826
  ----------------------------------------------------------------

  NOTICE
  Copyright © The NiPreps Developers.
  
  This product includes software developed by
  the NiPreps Community (https://nipreps.org/).
  
  Portions of this software were developed at the Department of
  Psychology at Stanford University, Stanford, CA, US.
  
  This software contains code ultimately derived from the
  PCP Quality Assessment Protocol (QAP;
  http://preprocessed-connectomes-project.org/quality-assessment-protocol)
  by C. Craddock, S. Giavasis, D. Clark, Z. Shezhad, and J. Pellman.
  
  This software is also distributed as a Docker container image.
  The bootstrapping file for the image ("Dockerfile") is licensed
  under the MIT License.

  ----------------------------------------------------------------

  * BIDS dataset path: /local/nvme/ds004996_18.784026/ds/sourcedata/raw.
  * Output folder: mriqc.
  * Analysis levels: ['participant'].
------------------------------------------------------------------

2026-03-27 02:36:18 |[33;20m IMPORTANT [0m|[33;20m mriqc            [0m|[33;20m Extracting metadata and entities for 3 input runs of modality 'bold'...[0m
2026-03-27 02:36:18 |[33;20m IMPORTANT [0m|[33;20m mriqc            [0m|[33;20m File size ('bold'): 0.41|0.41 GB [maximum|average].[0m
2026-03-27 02:36:18 |[34;20m INFO     [0m|[34;20m mriqc            [0m|[34;20m MRIQC config file: /local/nvme/ds004996_18.784026/ds/tmp/config-20260327-023614_7c41bd8b-2abe-4d6c-9f12-e8ca7780aec2.toml.[0m
2026-03-27 02:36:23 |[34;20m INFO     [0m|[34;20m matplotlib.font_manager [0m|[34;20m generated new fontManager[0m
2026-03-27 02:36:24 |[33;20m IMPORTANT [0m|[33;20m mriqc            [0m|[33;20m Building MRIQC's workflows...[0m
2026-03-27 02:36:24 |[34;20m INFO     [0m|[34;20m nipype.workflow  [0m|[34;20m Building functional MRIQC workflow for 3 BOLD runs..[0m
2026-03-27 02:36:30 |[33;20m IMPORTANT [0m|[33;20m mriqc            [0m|[33;20m Workflow building finished (exit code 0).[0m
2026-03-27 02:36:35 |[34;20m INFO     [0m|[34;20m nipype.workflow  [0m|[34;20m Workflow mriqc_wf settings: ['check', 'execution', 'logging', 'monitoring'][0m
2026-03-27 02:36:35 |[34;20m INFO     [0m|[34;20m nipype.workflow  [0m|[34;20m [Node] Setting-up "mriqc_wf.funcMRIQC.pick_echo" in "/local/nvme/ds004996_18.784026/ds/tmp/mriqc_wf/funcMRIQC/6567fbf5e4d33bb92da06f62086a453781364eaf/pick_echo".[0m
2026-03-27 02:36:35 |[34;20m INFO     [0m|[34;20m nipype.workflow  [0m|[34;20m [Node] Setting-up "_provenance0" in "/local/nvme/ds004996_18.784026/ds/tmp/mriqc_wf/funcMRIQC/ComputeIQMs/6567fbf5e4d33bb92da06f62086a453781364eaf/provenance/mapflow/_provenance0".[0m
2026-03-27 02:36:35 |[34;20m INFO     [0m|[34;20m nipype.workflow  [0m|[34;20m [Node] Executing "_provenance0" <mriqc.interfaces.reports.AddProvenance>[0m
2026-03-27 02:36:35 |[34;20m INFO     [0m|[34;20m nipype.workflow  [0m|[34;20m [Node] Executing "pick_echo" <mriqc.interfaces.functional.SelectEcho>[0m
2026-03-27 02:36:35 |[34;20m INFO     [0m|[34;20m nipype.workflow  [0m|[34;20m [Node] Finished "pick_echo", elapsed time 0.000542s.[0m
2026-03-27 02:36:36 |[34;20m INFO     [0m|[34;20m nipype.workflow  [0m|[34;20m [Node] Finished "_provenance0", elapsed time 0.852214s.[0m
2026-03-27 02:36:36 |[34;20m INFO     [0m|[34;20m nipype.workflow  [0m|[34;20m [Node] Setting-up "_provenance0" in "/local/nvme/ds004996_18.784026/ds/tmp/mriqc_wf/funcMRIQC/ComputeIQMs/e355be0cb16e09c74e622a079cc685af8949e670/provenance/mapflow/_provenance0".[0m
2026-03-27 02:36:36 |[34;20m INFO     [0m|[34;20m nipype.workflow  [0m|[34;20m [Node] Setting-up "mriqc_wf.funcMRIQC.pick_echo" in "/local/nvme/ds004996_18.784026/ds/tmp/mriqc_wf/funcMRIQC/e355be0cb16e09c74e622a079cc685af8949e670/pick_echo".[0m
2026-03-27 02:36:36 |[34;20m INFO     [0m|[34;20m nipype.workflow  [0m|[34;20m [Node] Executing "_provenance0" <mriqc.interfaces.reports.AddProvenance>[0m
2026-03-27 02:36:36 |[34;20m INFO     [0m|[34;20m nipype.workflow  [0m|[34;20m [Node] Executing "pick_echo" <mriqc.interfaces.functional.SelectEcho>[0m
2026-03-27 02:36:36 |[34;20m INFO     [0m|[34;20m nipype.workflow  [0m|[34;20m [Node] Finished "pick_echo", elapsed time 0.000935s.[0m
2026-03-27 02:36:37 |[34;20m INFO     [0m|[34;20m nipype.workflow  [0m|[34;20m [Node] Finished "_provenance0", elapsed time 0.834s.[0m
2026-03-27 02:36:37 |[34;20m INFO     [0m|[34;20m nipype.workflow  [0m|[34;20m [Node] Setting-up "_provenance0" in "/local/nvme/ds004996_18.784026/ds/tmp/mriqc_wf/funcMRIQC/ComputeIQMs/0f6c947b8869a38a9aabe8ecd844648e4fe2e3d1/provenance/mapflow/_provenance0".[0m
2026-03-27 02:36:37 |[34;20m INFO     [0m|[34;20m nipype.workflow  [0m|[34;20m [Node] Setting-up "mriqc_wf.funcMRIQC.pick_echo" in "/local/nvme/ds004996_18.784026/ds/tmp/mriqc_wf/funcMRIQC/0f6c947b8869a38a9aabe8ecd844648e4fe2e3d1/pick_echo".[0m
2026-03-27 02:36:37 |[34;20m INFO     [0m|[34;20m nipype.workflow  [0m|[34;20m [Node] Executing "_provenance0" <mriqc.interfaces.reports.AddProvenance>[0m
2026-03-27 02:36:37 |[34;20m INFO     [0m|[34;20m nipype.workflow  [0m|[34;20m [Node] Executing "pick_echo" <mriqc.interfaces.functional.SelectEcho>[0m
2026-03-27 02:36:37 |[34;20m INFO     [0m|[34;20m nipype.workflow  [0m|[34;20m [Node] Finished "pick_echo", elapsed time 0.000478s.[0m
2026-03-27 02:36:38 |[34;20m INFO     [0m|[34;20m nipype.workflow  [0m|[34;20m [Node] Finished "_provenance0", elapsed time 0.816118s.[0m
2026-03-27 02:36:38 |[34;20m INFO     [0m|[34;20m nipype.workflow  [0m|[34;20m [Node] Setting-up "mriqc_wf.funcMRIQC.non_steady_state_detector" in "/local/nvme/ds004996_18.784026/ds/tmp/mriqc_wf/funcMRIQC/6567fbf5e4d33bb92da06f62086a453781364eaf/non_steady_state_detector".[0m
2026-03-27 02:36:38 |[34;20m INFO     [0m|[34;20m nipype.workflow  [0m|[34;20m [Node] Setting-up "mriqc_wf.funcMRIQC.non_steady_state_detector" in "/local/nvme/ds004996_18.784026/ds/tmp/mriqc_wf/funcMRIQC/e355be0cb16e09c74e622a079cc685af8949e670/non_steady_state_detector".[0m
2026-03-27 02:36:38 |[34;20m INFO     [0m|[34;20m nipype.workflow  [0m|[34;20m [Node] Setting-up "mriqc_wf.funcMRIQC.non_steady_state_detector" in "/local/nvme/ds004996_18.784026/ds/tmp/mriqc_wf/funcMRIQC/0f6c947b8869a38a9aabe8ecd844648e4fe2e3d1/non_steady_state_detector".[0m
2026-03-27 02:36:38 |[34;20m INFO     [0m|[34;20m nipype.workflow  [0m|[34;20m [Node] Executing "non_steady_state_detector" <nipype.algorithms.confounds.NonSteadyStateDetector>[0m
2026-03-27 02:36:38 |[34;20m INFO     [0m|[34;20m nipype.workflow  [0m|[34;20m [Node] Executing "non_steady_state_detector" <nipype.algorithms.confounds.NonSteadyStateDetector>[0m
2026-03-27 02:36:38 |[34;20m INFO     [0m|[34;20m nipype.workflow  [0m|[34;20m [Node] Executing "non_steady_state_detector" <nipype.algorithms.confounds.NonSteadyStateDetector>[0m
2026-03-27 02:36:38 |[34;20m INFO     [0m|[34;20m nipype.workflow  [0m|[34;20m [Node] Finished "non_steady_state_detector", elapsed time 0.028585s.[0m
2026-03-27 02:36:38 |[34;20m INFO     [0m|[34;20m nipype.workflow  [0m|[34;20m [Node] Finished "non_steady_state_detector", elapsed time 0.026852s.[0m
2026-03-27 02:36:38 |[34;20m INFO     [0m|[34;20m nipype.workflow  [0m|[34;20m [Node] Finished "non_steady_state_detector", elapsed time 0.027251s.[0m
2026-03-27 02:36:40 |[34;20m INFO     [0m|[34;20m nipype.workflow  [0m|[34;20m [Node] Setting-up "_sanitize0" in "/local/nvme/ds004996_18.784026/ds/tmp/mriqc_wf/funcMRIQC/0f6c947b8869a38a9aabe8ecd844648e4fe2e3d1/sanitize/mapflow/_sanitize0".[0m
2026-03-27 02:36:40 |[34;20m INFO     [0m|[34;20m nipype.workflow  [0m|[34;20m [Node] Setting-up "_sanitize0" in "/local/nvme/ds004996_18.784026/ds/tmp/mriqc_wf/funcMRIQC/e355be0cb16e09c74e622a079cc685af8949e670/sanitize/mapflow/_sanitize0".[0m
2026-03-27 02:36:40 |[34;20m INFO     [0m|[34;20m nipype.workflow  [0m|[34;20m [Node] Setting-up "_sanitize0" in "/local/nvme/ds004996_18.784026/ds/tmp/mriqc_wf/funcMRIQC/6567fbf5e4d33bb92da06f62086a453781364eaf/sanitize/mapflow/_sanitize0".[0m
2026-03-27 02:36:40 |[34;20m INFO     [0m|[34;20m nipype.workflow  [0m|[34;20m [Node] Executing "_sanitize0" <niworkflows.interfaces.header.SanitizeImage>[0m
2026-03-27 02:36:40 |[34;20m INFO     [0m|[34;20m nipype.workflow  [0m|[34;20m [Node] Executing "_sanitize0" <niworkflows.interfaces.header.SanitizeImage>[0m
2026-03-27 02:36:40 |[34;20m INFO     [0m|[34;20m nipype.workflow  [0m|[34;20m [Node] Executing "_sanitize0" <niworkflows.interfaces.header.SanitizeImage>[0m
2026-03-27 02:36:40 |[34;20m INFO     [0m|[34;20m nipype.workflow  [0m|[34;20m [Node] Finished "_sanitize0", elapsed time 0.002857s.[0m
2026-03-27 02:36:40 |[34;20m INFO     [0m|[34;20m nipype.workflow  [0m|[34;20m [Node] Finished "_sanitize0", elapsed time 0.004064s.[0m
2026-03-27 02:36:40 |[34;20m INFO     [0m|[34;20m nipype.workflow  [0m|[34;20m [Node] Finished "_sanitize0", elapsed time 0.004152s.[0m
2026-03-27 02:36:42 |[34;20m INFO     [0m|[34;20m nipype.workflow  [0m|[34;20m [Node] Setting-up "mriqc_wf.funcMRIQC.fMRI_HMC.estimate_hm" in "/local/nvme/ds004996_18.784026/ds/tmp/mriqc_wf/funcMRIQC/fMRI_HMC/6567fbf5e4d33bb92da06f62086a453781364eaf/estimate_hm".[0m
2026-03-27 02:36:42 |[34;20m INFO     [0m|[34;20m nipype.workflow  [0m|[34;20m [Node] Setting-up "mriqc_wf.funcMRIQC.fMRI_HMC.estimate_hm" in "/local/nvme/ds004996_18.784026/ds/tmp/mriqc_wf/funcMRIQC/fMRI_HMC/e355be0cb16e09c74e622a079cc685af8949e670/estimate_hm".[0m
2026-03-27 02:36:42 |[34;20m INFO     [0m|[34;20m nipype.workflow  [0m|[34;20m [Node] Executing "estimate_hm" <nipype.interfaces.afni.preprocess.Volreg>[0m
2026-03-27 02:36:42 |[34;20m INFO     [0m|[34;20m nipype.workflow  [0m|[34;20m [Node] Setting-up "mriqc_wf.funcMRIQC.fMRI_HMC.estimate_hm" in "/local/nvme/ds004996_18.784026/ds/tmp/mriqc_wf/funcMRIQC/fMRI_HMC/0f6c947b8869a38a9aabe8ecd844648e4fe2e3d1/estimate_hm".[0m
2026-03-27 02:36:42 |[34;20m INFO     [0m|[34;20m nipype.workflow  [0m|[34;20m [Node] Executing "estimate_hm" <nipype.interfaces.afni.preprocess.Volreg>[0m
2026-03-27 02:36:42 |[34;20m INFO     [0m|[34;20m nipype.workflow  [0m|[34;20m [Node] Setting-up "_SpikesMask0" in "/local/nvme/ds004996_18.784026/ds/tmp/mriqc_wf/funcMRIQC/func_report_wf/6567fbf5e4d33bb92da06f62086a453781364eaf/SpikesMask/mapflow/_SpikesMask0".[0m
2026-03-27 02:36:42 |[34;20m INFO     [0m|[34;20m nipype.workflow  [0m|[34;20m [Node] Executing "_SpikesMask0" <nipype.interfaces.utility.wrappers.Function>[0m
2026-03-27 02:36:42 |[34;20m INFO     [0m|[34;20m nipype.workflow  [0m|[34;20m [Node] Executing "estimate_hm" <nipype.interfaces.afni.preprocess.Volreg>[0m
2026-03-27 02:36:42 |[34;20m INFO     [0m|[34;20m nipype.workflow  [0m|[34;20m [Node] Setting-up "_SpikesMask0" in "/local/nvme/ds004996_18.784026/ds/tmp/mriqc_wf/funcMRIQC/func_report_wf/e355be0cb16e09c74e622a079cc685af8949e670/SpikesMask/mapflow/_SpikesMask0".[0m
2026-03-27 02:36:42 |[34;20m INFO     [0m|[34;20m nipype.workflow  [0m|[34;20m [Node] Executing "_SpikesMask0" <nipype.interfaces.utility.wrappers.Function>[0m
2026-03-27 02:36:42 |[34;20m INFO     [0m|[34;20m nipype.workflow  [0m|[34;20m [Node] Setting-up "_SpikesMask0" in "/local/nvme/ds004996_18.784026/ds/tmp/mriqc_wf/funcMRIQC/func_report_wf/0f6c947b8869a38a9aabe8ecd844648e4fe2e3d1/SpikesMask/mapflow/_SpikesMask0".[0m
2026-03-27 02:36:42 |[34;20m INFO     [0m|[34;20m nipype.workflow  [0m|[34;20m [Node] Executing "_SpikesMask0" <nipype.interfaces.utility.wrappers.Function>[0m
2026-03-27 02:36:44 |[34;20m INFO     [0m|[34;20m nipype.workflow  [0m|[34;20m [Node] Finished "_SpikesMask0", elapsed time 1.6498059999999999s.[0m
2026-03-27 02:36:44 |[34;20m INFO     [0m|[34;20m nipype.workflow  [0m|[34;20m [Node] Finished "_SpikesMask0", elapsed time 1.7055479999999998s.[0m
2026-03-27 02:36:44 |[34;20m INFO     [0m|[34;20m nipype.workflow  [0m|[34;20m [Node] Finished "_SpikesMask0", elapsed time 1.729001s.[0m
2026-03-27 02:36:44 |[34;20m INFO     [0m|[34;20m nipype.workflow  [0m|[34;20m [Node] Setting-up "_SpikesFinderBgMask0" in "/local/nvme/ds004996_18.784026/ds/tmp/mriqc_wf/funcMRIQC/func_report_wf/e355be0cb16e09c74e622a079cc685af8949e670/SpikesFinderBgMask/mapflow/_SpikesFinderBgMask0".[0m
2026-03-27 02:36:44 |[34;20m INFO     [0m|[34;20m nipype.workflow  [0m|[34;20m [Node] Setting-up "_SpikesFinderBgMask0" in "/local/nvme/ds004996_18.784026/ds/tmp/mriqc_wf/funcMRIQC/func_report_wf/6567fbf5e4d33bb92da06f62086a453781364eaf/SpikesFinderBgMask/mapflow/_SpikesFinderBgMask0".[0m
2026-03-27 02:36:44 |[34;20m INFO     [0m|[34;20m nipype.workflow  [0m|[34;20m [Node] Setting-up "_SpikesFinderBgMask0" in "/local/nvme/ds004996_18.784026/ds/tmp/mriqc_wf/funcMRIQC/func_report_wf/0f6c947b8869a38a9aabe8ecd844648e4fe2e3d1/SpikesFinderBgMask/mapflow/_SpikesFinderBgMask0".[0m
2026-03-27 02:36:44 |[34;20m INFO     [0m|[34;20m nipype.workflow  [0m|[34;20m [Node] Executing "_SpikesFinderBgMask0" <mriqc.interfaces.functional.Spikes>[0m
2026-03-27 02:36:44 |[34;20m INFO     [0m|[34;20m nipype.workflow  [0m|[34;20m [Node] Executing "_SpikesFinderBgMask0" <mriqc.interfaces.functional.Spikes>[0m
2026-03-27 02:36:44 |[34;20m INFO     [0m|[34;20m nipype.workflow  [0m|[34;20m [Node] Executing "_SpikesFinderBgMask0" <mriqc.interfaces.functional.Spikes>[0m
2026-03-27 02:36:48 |[34;20m INFO     [0m|[34;20m nipype.workflow  [0m|[34;20m [Node] Finished "_SpikesFinderBgMask0", elapsed time 3.111615s.[0m
2026-03-27 02:36:48 |[34;20m INFO     [0m|[34;20m nipype.workflow  [0m|[34;20m [Node] Finished "_SpikesFinderBgMask0", elapsed time 3.3919639999999998s.[0m
2026-03-27 02:36:48 |[34;20m INFO     [0m|[34;20m nipype.workflow  [0m|[34;20m [Node] Finished "_SpikesFinderBgMask0", elapsed time 3.479586s.[0m
2026-03-27 02:51:13 |[34;20m INFO     [0m|[34;20m nipype.workflow  [0m|[34;20m [Node] Finished "estimate_hm", elapsed time 870.366118s.[0m
2026-03-27 02:51:15 |[34;20m INFO     [0m|[34;20m nipype.workflow  [0m|[34;20m [Node] Setting-up "mriqc_wf.funcMRIQC.fMRI_HMC.ComputeFD" in "/local/nvme/ds004996_18.784026/ds/tmp/mriqc_wf/funcMRIQC/fMRI_HMC/0f6c947b8869a38a9aabe8ecd844648e4fe2e3d1/ComputeFD".[0m
2026-03-27 02:51:15 |[34;20m INFO     [0m|[34;20m nipype.workflow  [0m|[34;20m [Node] Executing "ComputeFD" <nipype.algorithms.confounds.FramewiseDisplacement>[0m
2026-03-27 02:51:15 |[34;20m INFO     [0m|[34;20m nipype.workflow  [0m|[34;20m [Node] Finished "ComputeFD", elapsed time 0.006678s.[0m
2026-03-27 02:51:17 |[34;20m INFO     [0m|[34;20m nipype.workflow  [0m|[34;20m [Node] Finished "estimate_hm", elapsed time 874.811141s.[0m
2026-03-27 02:51:18 |[34;20m INFO     [0m|[34;20m nipype.workflow  [0m|[34;20m [Node] Setting-up "mriqc_wf.funcMRIQC.fMRI_HMC.ComputeFD" in "/local/nvme/ds004996_18.784026/ds/tmp/mriqc_wf/funcMRIQC/fMRI_HMC/6567fbf5e4d33bb92da06f62086a453781364eaf/ComputeFD".[0m
2026-03-27 02:51:18 |[34;20m INFO     [0m|[34;20m nipype.workflow  [0m|[34;20m [Node] Executing "ComputeFD" <nipype.algorithms.confounds.FramewiseDisplacement>[0m
2026-03-27 02:51:19 |[34;20m INFO     [0m|[34;20m nipype.workflow  [0m|[34;20m [Node] Finished "ComputeFD", elapsed time 0.006615s.[0m
2026-03-27 02:51:19 |[34;20m INFO     [0m|[34;20m nipype.workflow  [0m|[34;20m [Node] Finished "estimate_hm", elapsed time 876.931411s.[0m
2026-03-27 02:51:20 |[34;20m INFO     [0m|[34;20m nipype.workflow  [0m|[34;20m [Node] Setting-up "_apply_hmc0" in "/local/nvme/ds004996_18.784026/ds/tmp/mriqc_wf/funcMRIQC/fMRI_HMC/6567fbf5e4d33bb92da06f62086a453781364eaf/apply_hmc/mapflow/_apply_hmc0".[0m
2026-03-27 02:51:20 |[34;20m INFO     [0m|[34;20m nipype.workflow  [0m|[34;20m [Node] Executing "_apply_hmc0" <nipype.interfaces.utility.wrappers.Function>[0m
2026-03-27 02:51:39 |[34;20m INFO     [0m|[34;20m nipype.workflow  [0m|[34;20m [Node] Finished "_apply_hmc0", elapsed time 18.109968s.[0m
2026-03-27 02:51:41 |[34;20m INFO     [0m|[34;20m nipype.workflow  [0m|[34;20m [Node] Setting-up "_apply_hmc0" in "/local/nvme/ds004996_18.784026/ds/tmp/mriqc_wf/funcMRIQC/fMRI_HMC/e355be0cb16e09c74e622a079cc685af8949e670/apply_hmc/mapflow/_apply_hmc0".[0m
2026-03-27 02:51:41 |[34;20m INFO     [0m|[34;20m nipype.workflow  [0m|[34;20m [Node] Executing "_apply_hmc0" <nipype.interfaces.utility.wrappers.Function>[0m
2026-03-27 02:51:58 |[34;20m INFO     [0m|[34;20m nipype.workflow  [0m|[34;20m [Node] Finished "_apply_hmc0", elapsed time 17.872945s.[0m
2026-03-27 02:51:59 |[34;20m INFO     [0m|[34;20m nipype.workflow  [0m|[34;20m [Node] Setting-up "mriqc_wf.funcMRIQC.fMRI_HMC.ComputeFD" in "/local/nvme/ds004996_18.784026/ds/tmp/mriqc_wf/funcMRIQC/fMRI_HMC/e355be0cb16e09c74e622a079cc685af8949e670/ComputeFD".[0m
2026-03-27 02:51:59 |[34;20m INFO     [0m|[34;20m nipype.workflow  [0m|[34;20m [Node] Setting-up "_compute_tsnr0" in "/local/nvme/ds004996_18.784026/ds/tmp/mriqc_wf/funcMRIQC/6567fbf5e4d33bb92da06f62086a453781364eaf/compute_tsnr/mapflow/_compute_tsnr0".[0m
2026-03-27 02:51:59 |[34;20m INFO     [0m|[34;20m nipype.workflow  [0m|[34;20m [Node] Setting-up "_mean0" in "/local/nvme/ds004996_18.784026/ds/tmp/mriqc_wf/funcMRIQC/6567fbf5e4d33bb92da06f62086a453781364eaf/mean/mapflow/_mean0".[0m
2026-03-27 02:51:59 |[34;20m INFO     [0m|[34;20m nipype.workflow  [0m|[34;20m [Node] Executing "ComputeFD" <nipype.algorithms.confounds.FramewiseDisplacement>[0m
2026-03-27 02:51:59 |[34;20m INFO     [0m|[34;20m nipype.workflow  [0m|[34;20m [Node] Setting-up "_quality0" in "/local/nvme/ds004996_18.784026/ds/tmp/mriqc_wf/funcMRIQC/ComputeIQMs/6567fbf5e4d33bb92da06f62086a453781364eaf/quality/mapflow/_quality0".[0m
2026-03-27 02:51:59 |[34;20m INFO     [0m|[34;20m nipype.workflow  [0m|[34;20m [Node] Executing "_compute_tsnr0" <nipype.algorithms.confounds.TSNR>[0m
2026-03-27 02:51:59 |[34;20m INFO     [0m|[34;20m nipype.workflow  [0m|[34;20m [Node] Executing "_mean0" <nipype.interfaces.afni.utils.TStat>[0m
2026-03-27 02:51:59 |[34;20m INFO     [0m|[34;20m nipype.workflow  [0m|[34;20m [Node] Setting-up "_mean0" in "/local/nvme/ds004996_18.784026/ds/tmp/mriqc_wf/funcMRIQC/e355be0cb16e09c74e622a079cc685af8949e670/mean/mapflow/_mean0".[0m
2026-03-27 02:51:59 |[34;20m INFO     [0m|[34;20m nipype.workflow  [0m|[34;20m [Node] Executing "_quality0" <nipype.interfaces.afni.preprocess.QualityIndex>[0m
2026-03-27 02:51:59 |[34;20m INFO     [0m|[34;20m nipype.workflow  [0m|[34;20m [Node] Executing "_mean0" <nipype.interfaces.afni.utils.TStat>[0m
2026-03-27 02:51:59 |[34;20m INFO     [0m|[34;20m nipype.workflow  [0m|[34;20m [Node] Setting-up "_compute_tsnr0" in "/local/nvme/ds004996_18.784026/ds/tmp/mriqc_wf/funcMRIQC/e355be0cb16e09c74e622a079cc685af8949e670/compute_tsnr/mapflow/_compute_tsnr0".[0m
2026-03-27 02:51:59 |[34;20m INFO     [0m|[34;20m nipype.workflow  [0m|[34;20m [Node] Setting-up "_quality0" in "/local/nvme/ds004996_18.784026/ds/tmp/mriqc_wf/funcMRIQC/ComputeIQMs/e355be0cb16e09c74e622a079cc685af8949e670/quality/mapflow/_quality0".[0m
2026-03-27 02:51:59 |[34;20m INFO     [0m|[34;20m nipype.workflow  [0m|[34;20m [Node] Executing "_compute_tsnr0" <nipype.algorithms.confounds.TSNR>[0m
2026-03-27 02:51:59 |[34;20m INFO     [0m|[34;20m nipype.workflow  [0m|[34;20m [Node] Executing "_quality0" <nipype.interfaces.afni.preprocess.QualityIndex>[0m
2026-03-27 02:51:59 |[34;20m INFO     [0m|[34;20m nipype.workflow  [0m|[34;20m [Node] Finished "ComputeFD", elapsed time 0.006956s.[0m
2026-03-27 02:52:00 |[34;20m INFO     [0m|[34;20m nipype.workflow  [0m|[34;20m [Node] Finished "_compute_tsnr0", elapsed time 1.319133s.[0m
2026-03-27 02:52:00 |[34;20m INFO     [0m|[34;20m nipype.workflow  [0m|[34;20m [Node] Finished "_compute_tsnr0", elapsed time 1.359685s.[0m
2026-03-27 02:52:01 |[34;20m INFO     [0m|[34;20m nipype.workflow  [0m|[34;20m [Node] Setting-up "_PlotMosaicSD0" in "/local/nvme/ds004996_18.784026/ds/tmp/mriqc_wf/funcMRIQC/func_report_wf/6567fbf5e4d33bb92da06f62086a453781364eaf/PlotMosaicSD/mapflow/_PlotMosaicSD0".[0m
2026-03-27 02:52:01 |[34;20m INFO     [0m|[34;20m nipype.workflow  [0m|[34;20m [Node] Setting-up "_PlotMosaicSD0" in "/local/nvme/ds004996_18.784026/ds/tmp/mriqc_wf/funcMRIQC/func_report_wf/e355be0cb16e09c74e622a079cc685af8949e670/PlotMosaicSD/mapflow/_PlotMosaicSD0".[0m
2026-03-27 02:52:01 |[34;20m INFO     [0m|[34;20m nipype.workflow  [0m|[34;20m [Node] Executing "_PlotMosaicSD0" <nireports.interfaces.mosaic.PlotMosaic>[0m
2026-03-27 02:52:01 |[34;20m INFO     [0m|[34;20m nipype.workflow  [0m|[34;20m [Node] Executing "_PlotMosaicSD0" <nireports.interfaces.mosaic.PlotMosaic>[0m
2026-03-27 02:52:01 |[34;20m INFO     [0m|[34;20m nipype.workflow  [0m|[34;20m [Node] Finished "_mean0", elapsed time 2.791757s.[0m
2026-03-27 02:52:01 |[34;20m INFO     [0m|[34;20m nipype.workflow  [0m|[34;20m [Node] Finished "_mean0", elapsed time 2.890311s.[0m
2026-03-27 02:52:02 |[34;20m INFO     [0m|[34;20m nipype.workflow  [0m|[34;20m [Node] Finished "_PlotMosaicSD0", elapsed time 1.378399s.[0m
2026-03-27 02:52:02 |[34;20m INFO     [0m|[34;20m nipype.workflow  [0m|[34;20m [Node] Finished "_PlotMosaicSD0", elapsed time 1.443597s.[0m
2026-03-27 02:52:03 |[34;20m INFO     [0m|[34;20m nipype.workflow  [0m|[34;20m [Node] Setting-up "mriqc_wf.funcMRIQC.synthstrip_wf.pre_clip" in "/local/nvme/ds004996_18.784026/ds/tmp/mriqc_wf/funcMRIQC/synthstrip_wf/6567fbf5e4d33bb92da06f62086a453781364eaf/pre_clip".[0m
2026-03-27 02:52:03 |[34;20m INFO     [0m|[34;20m nipype.workflow  [0m|[34;20m [Node] Setting-up "mriqc_wf.funcMRIQC.SpatialNormalization.SharpenEPI" in "/local/nvme/ds004996_18.784026/ds/tmp/mriqc_wf/funcMRIQC/SpatialNormalization/6567fbf5e4d33bb92da06f62086a453781364eaf/SharpenEPI".[0m
2026-03-27 02:52:03 |[34;20m INFO     [0m|[34;20m nipype.workflow  [0m|[34;20m [Node] Executing "pre_clip" <niworkflows.interfaces.nibabel.IntensityClip>[0m
2026-03-27 02:52:03 |[34;20m INFO     [0m|[34;20m nipype.workflow  [0m|[34;20m [Node] Setting-up "mriqc_wf.funcMRIQC.SpatialNormalization.SharpenEPI" in "/local/nvme/ds004996_18.784026/ds/tmp/mriqc_wf/funcMRIQC/SpatialNormalization/e355be0cb16e09c74e622a079cc685af8949e670/SharpenEPI".[0m
2026-03-27 02:52:03 |[34;20m INFO     [0m|[34;20m nipype.workflow  [0m|[34;20m [Node] Setting-up "mriqc_wf.funcMRIQC.synthstrip_wf.pre_clip" in "/local/nvme/ds004996_18.784026/ds/tmp/mriqc_wf/funcMRIQC/synthstrip_wf/e355be0cb16e09c74e622a079cc685af8949e670/pre_clip".[0m
2026-03-27 02:52:03 |[34;20m INFO     [0m|[34;20m nipype.workflow  [0m|[34;20m [Node] Executing "SharpenEPI" <nipype.interfaces.ants.segmentation.N4BiasFieldCorrection>[0m
2026-03-27 02:52:03 |[34;20m INFO     [0m|[34;20m nipype.workflow  [0m|[34;20m [Node] Setting-up "_PlotMosaicMean0" in "/local/nvme/ds004996_18.784026/ds/tmp/mriqc_wf/funcMRIQC/func_report_wf/6567fbf5e4d33bb92da06f62086a453781364eaf/PlotMosaicMean/mapflow/_PlotMosaicMean0".[0m
2026-03-27 02:52:03 |[34;20m INFO     [0m|[34;20m nipype.workflow  [0m|[34;20m [Node] Executing "SharpenEPI" <nipype.interfaces.ants.segmentation.N4BiasFieldCorrection>[0m
2026-03-27 02:52:03 |[34;20m INFO     [0m|[34;20m nipype.workflow  [0m|[34;20m [Node] Setting-up "_PlotMosaicNoise0" in "/local/nvme/ds004996_18.784026/ds/tmp/mriqc_wf/funcMRIQC/func_report_wf/6567fbf5e4d33bb92da06f62086a453781364eaf/PlotMosaicNoise/mapflow/_PlotMosaicNoise0".[0m
2026-03-27 02:52:03 |[34;20m INFO     [0m|[34;20m nipype.workflow  [0m|[34;20m [Node] Executing "_PlotMosaicMean0" <nireports.interfaces.mosaic.PlotMosaic>[0m
2026-03-27 02:52:03 |[34;20m INFO     [0m|[34;20m nipype.workflow  [0m|[34;20m [Node] Executing "pre_clip" <niworkflows.interfaces.nibabel.IntensityClip>[0m
2026-03-27 02:52:03 |[34;20m INFO     [0m|[34;20m nipype.workflow  [0m|[34;20m [Node] Executing "_PlotMosaicNoise0" <nireports.interfaces.mosaic.PlotMosaic>[0m
2026-03-27 02:52:03 |[34;20m INFO     [0m|[34;20m nipype.workflow  [0m|[34;20m [Node] Finished "pre_clip", elapsed time 0.743454s.[0m
2026-03-27 02:52:03 |[34;20m INFO     [0m|[34;20m nipype.workflow  [0m|[34;20m [Node] Finished "pre_clip", elapsed time 0.767971s.[0m
2026-03-27 02:52:04 |[34;20m INFO     [0m|[34;20m nipype.workflow  [0m|[34;20m [Node] Finished "_PlotMosaicNoise0", elapsed time 1.263998s.[0m
2026-03-27 02:52:04 |[34;20m INFO     [0m|[34;20m nipype.workflow  [0m|[34;20m [Node] Finished "_PlotMosaicMean0", elapsed time 1.431606s.[0m
2026-03-27 02:52:05 |[34;20m INFO     [0m|[34;20m nipype.workflow  [0m|[34;20m [Node] Setting-up "_PlotMosaicMean0" in "/local/nvme/ds004996_18.784026/ds/tmp/mriqc_wf/funcMRIQC/func_report_wf/e355be0cb16e09c74e622a079cc685af8949e670/PlotMosaicMean/mapflow/_PlotMosaicMean0".[0m
2026-03-27 02:52:05 |[34;20m INFO     [0m|[34;20m nipype.workflow  [0m|[34;20m [Node] Executing "_PlotMosaicMean0" <nireports.interfaces.mosaic.PlotMosaic>[0m
2026-03-27 02:52:05 |[34;20m INFO     [0m|[34;20m nipype.workflow  [0m|[34;20m [Node] Setting-up "_PlotMosaicNoise0" in "/local/nvme/ds004996_18.784026/ds/tmp/mriqc_wf/funcMRIQC/func_report_wf/e355be0cb16e09c74e622a079cc685af8949e670/PlotMosaicNoise/mapflow/_PlotMosaicNoise0".[0m
2026-03-27 02:52:05 |[34;20m INFO     [0m|[34;20m nipype.workflow  [0m|[34;20m [Node] Setting-up "_ds_report_mean0" in "/local/nvme/ds004996_18.784026/ds/tmp/mriqc_wf/funcMRIQC/func_report_wf/6567fbf5e4d33bb92da06f62086a453781364eaf/ds_report_mean/mapflow/_ds_report_mean0".[0m
2026-03-27 02:52:05 |[34;20m INFO     [0m|[34;20m nipype.workflow  [0m|[34;20m [Node] Executing "_PlotMosaicNoise0" <nireports.interfaces.mosaic.PlotMosaic>[0m
2026-03-27 02:52:05 |[34;20m INFO     [0m|[34;20m nipype.workflow  [0m|[34;20m [Node] Executing "_ds_report_mean0" <mriqc.interfaces.DerivativesDataSink>[0m
2026-03-27 02:52:05 |[34;20m INFO     [0m|[34;20m nipype.workflow  [0m|[34;20m [Node] Finished "_ds_report_mean0", elapsed time 0.009066s.[0m
2026-03-27 02:52:05 |[34;20m INFO     [0m|[34;20m nipype.workflow  [0m|[34;20m [Node] Setting-up "_ds_report_background0" in "/local/nvme/ds004996_18.784026/ds/tmp/mriqc_wf/funcMRIQC/func_report_wf/6567fbf5e4d33bb92da06f62086a453781364eaf/ds_report_background/mapflow/_ds_report_background0".[0m
2026-03-27 02:52:05 |[34;20m INFO     [0m|[34;20m nipype.workflow  [0m|[34;20m [Node] Executing "_ds_report_background0" <mriqc.interfaces.DerivativesDataSink>[0m
2026-03-27 02:52:05 |[34;20m INFO     [0m|[34;20m nipype.workflow  [0m|[34;20m [Node] Finished "_ds_report_background0", elapsed time 0.005021s.[0m
2026-03-27 02:52:05 |[34;20m INFO     [0m|[34;20m nipype.workflow  [0m|[34;20m [Node] Setting-up "_ds_report_stdev0" in "/local/nvme/ds004996_18.784026/ds/tmp/mriqc_wf/funcMRIQC/func_report_wf/6567fbf5e4d33bb92da06f62086a453781364eaf/ds_report_stdev/mapflow/_ds_report_stdev0".[0m
2026-03-27 02:52:05 |[34;20m INFO     [0m|[34;20m nipype.workflow  [0m|[34;20m [Node] Executing "_ds_report_stdev0" <mriqc.interfaces.DerivativesDataSink>[0m
2026-03-27 02:52:05 |[34;20m INFO     [0m|[34;20m nipype.workflow  [0m|[34;20m [Node] Finished "_ds_report_stdev0", elapsed time 0.00511s.[0m
2026-03-27 02:52:05 |[34;20m INFO     [0m|[34;20m nipype.workflow  [0m|[34;20m [Node] Setting-up "_ds_report_stdev0" in "/local/nvme/ds004996_18.784026/ds/tmp/mriqc_wf/funcMRIQC/func_report_wf/e355be0cb16e09c74e622a079cc685af8949e670/ds_report_stdev/mapflow/_ds_report_stdev0".[0m
2026-03-27 02:52:05 |[34;20m INFO     [0m|[34;20m nipype.workflow  [0m|[34;20m [Node] Executing "_ds_report_stdev0" <mriqc.interfaces.DerivativesDataSink>[0m
2026-03-27 02:52:05 |[34;20m INFO     [0m|[34;20m nipype.workflow  [0m|[34;20m [Node] Finished "_ds_report_stdev0", elapsed time 0.00497s.[0m
2026-03-27 02:52:06 |[34;20m INFO     [0m|[34;20m nipype.workflow  [0m|[34;20m [Node] Finished "_PlotMosaicNoise0", elapsed time 1.411052s.[0m
2026-03-27 02:52:06 |[34;20m INFO     [0m|[34;20m nipype.workflow  [0m|[34;20m [Node] Finished "_PlotMosaicMean0", elapsed time 1.4798339999999999s.[0m
2026-03-27 02:52:07 |[34;20m INFO     [0m|[34;20m nipype.workflow  [0m|[34;20m [Node] Setting-up "_ds_report_mean0" in "/local/nvme/ds004996_18.784026/ds/tmp/mriqc_wf/funcMRIQC/func_report_wf/e355be0cb16e09c74e622a079cc685af8949e670/ds_report_mean/mapflow/_ds_report_mean0".[0m
2026-03-27 02:52:07 |[34;20m INFO     [0m|[34;20m nipype.workflow  [0m|[34;20m [Node] Executing "_ds_report_mean0" <mriqc.interfaces.DerivativesDataSink>[0m
2026-03-27 02:52:07 |[34;20m INFO     [0m|[34;20m nipype.workflow  [0m|[34;20m [Node] Finished "_ds_report_mean0", elapsed time 0.005028s.[0m
2026-03-27 02:52:07 |[34;20m INFO     [0m|[34;20m nipype.workflow  [0m|[34;20m [Node] Setting-up "_ds_report_background0" in "/local/nvme/ds004996_18.784026/ds/tmp/mriqc_wf/funcMRIQC/func_report_wf/e355be0cb16e09c74e622a079cc685af8949e670/ds_report_background/mapflow/_ds_report_background0".[0m
2026-03-27 02:52:07 |[34;20m INFO     [0m|[34;20m nipype.workflow  [0m|[34;20m [Node] Executing "_ds_report_background0" <mriqc.interfaces.DerivativesDataSink>[0m
2026-03-27 02:52:07 |[34;20m INFO     [0m|[34;20m nipype.workflow  [0m|[34;20m [Node] Finished "_ds_report_background0", elapsed time 0.004944s.[0m
2026-03-27 02:52:07 |[34;20m INFO     [0m|[34;20m nipype.workflow  [0m|[34;20m [Node] Finished "SharpenEPI", elapsed time 4.126486s.[0m
2026-03-27 02:52:07 |[34;20m INFO     [0m|[34;20m nipype.workflow  [0m|[34;20m [Node] Finished "SharpenEPI", elapsed time 4.103662s.[0m
2026-03-27 02:52:10 |[34;20m INFO     [0m|[34;20m nipype.workflow  [0m|[34;20m [Node] Finished "_quality0", elapsed time 11.632598s.[0m
2026-03-27 02:52:10 |[34;20m INFO     [0m|[34;20m nipype.workflow  [0m|[34;20m [Node] Finished "_quality0", elapsed time 11.94434s.[0m
2026-03-27 02:52:13 |[34;20m INFO     [0m|[34;20m nipype.workflow  [0m|[34;20m [Node] Setting-up "_apply_hmc0" in "/local/nvme/ds004996_18.784026/ds/tmp/mriqc_wf/funcMRIQC/fMRI_HMC/0f6c947b8869a38a9aabe8ecd844648e4fe2e3d1/apply_hmc/mapflow/_apply_hmc0".[0m
2026-03-27 02:52:13 |[34;20m INFO     [0m|[34;20m nipype.workflow  [0m|[34;20m [Node] Executing "_apply_hmc0" <nipype.interfaces.utility.wrappers.Function>[0m
2026-03-27 02:52:31 |[34;20m INFO     [0m|[34;20m nipype.workflow  [0m|[34;20m [Node] Finished "_apply_hmc0", elapsed time 18.116919s.[0m
2026-03-27 02:52:33 |[34;20m INFO     [0m|[34;20m nipype.workflow  [0m|[34;20m [Node] Setting-up "_mean0" in "/local/nvme/ds004996_18.784026/ds/tmp/mriqc_wf/funcMRIQC/0f6c947b8869a38a9aabe8ecd844648e4fe2e3d1/mean/mapflow/_mean0".[0m
2026-03-27 02:52:33 |[34;20m INFO     [0m|[34;20m nipype.workflow  [0m|[34;20m [Node] Executing "_mean0" <nipype.interfaces.afni.utils.TStat>[0m
2026-03-27 02:52:33 |[34;20m INFO     [0m|[34;20m nipype.workflow  [0m|[34;20m [Node] Setting-up "_quality0" in "/local/nvme/ds004996_18.784026/ds/tmp/mriqc_wf/funcMRIQC/ComputeIQMs/0f6c947b8869a38a9aabe8ecd844648e4fe2e3d1/quality/mapflow/_quality0".[0m
2026-03-27 02:52:33 |[34;20m INFO     [0m|[34;20m nipype.workflow  [0m|[34;20m [Node] Executing "_quality0" <nipype.interfaces.afni.preprocess.QualityIndex>[0m
2026-03-27 02:52:33 |[34;20m INFO     [0m|[34;20m nipype.workflow  [0m|[34;20m [Node] Setting-up "_compute_tsnr0" in "/local/nvme/ds004996_18.784026/ds/tmp/mriqc_wf/funcMRIQC/0f6c947b8869a38a9aabe8ecd844648e4fe2e3d1/compute_tsnr/mapflow/_compute_tsnr0".[0m
2026-03-27 02:52:33 |[34;20m INFO     [0m|[34;20m nipype.workflow  [0m|[34;20m [Node] Executing "_compute_tsnr0" <nipype.algorithms.confounds.TSNR>[0m
2026-03-27 02:52:34 |[34;20m INFO     [0m|[34;20m nipype.workflow  [0m|[34;20m [Node] Finished "_compute_tsnr0", elapsed time 1.459499s.[0m
2026-03-27 02:52:35 |[34;20m INFO     [0m|[34;20m nipype.workflow  [0m|[34;20m [Node] Setting-up "_PlotMosaicSD0" in "/local/nvme/ds004996_18.784026/ds/tmp/mriqc_wf/funcMRIQC/func_report_wf/0f6c947b8869a38a9aabe8ecd844648e4fe2e3d1/PlotMosaicSD/mapflow/_PlotMosaicSD0".[0m
2026-03-27 02:52:35 |[34;20m INFO     [0m|[34;20m nipype.workflow  [0m|[34;20m [Node] Executing "_PlotMosaicSD0" <nireports.interfaces.mosaic.PlotMosaic>[0m
2026-03-27 02:52:36 |[34;20m INFO     [0m|[34;20m nipype.workflow  [0m|[34;20m [Node] Finished "_PlotMosaicSD0", elapsed time 1.277752s.[0m
2026-03-27 02:52:36 |[34;20m INFO     [0m|[34;20m nipype.workflow  [0m|[34;20m [Node] Finished "_mean0", elapsed time 3.340294s.[0m
2026-03-27 02:52:37 |[34;20m INFO     [0m|[34;20m nipype.workflow  [0m|[34;20m [Node] Setting-up "mriqc_wf.funcMRIQC.SpatialNormalization.SharpenEPI" in "/local/nvme/ds004996_18.784026/ds/tmp/mriqc_wf/funcMRIQC/SpatialNormalization/0f6c947b8869a38a9aabe8ecd844648e4fe2e3d1/SharpenEPI".[0m
2026-03-27 02:52:37 |[34;20m INFO     [0m|[34;20m nipype.workflow  [0m|[34;20m [Node] Setting-up "mriqc_wf.funcMRIQC.synthstrip_wf.pre_clip" in "/local/nvme/ds004996_18.784026/ds/tmp/mriqc_wf/funcMRIQC/synthstrip_wf/0f6c947b8869a38a9aabe8ecd844648e4fe2e3d1/pre_clip".[0m
2026-03-27 02:52:37 |[34;20m INFO     [0m|[34;20m nipype.workflow  [0m|[34;20m [Node] Executing "SharpenEPI" <nipype.interfaces.ants.segmentation.N4BiasFieldCorrection>[0m
2026-03-27 02:52:37 |[34;20m INFO     [0m|[34;20m nipype.workflow  [0m|[34;20m [Node] Setting-up "_PlotMosaicMean0" in "/local/nvme/ds004996_18.784026/ds/tmp/mriqc_wf/funcMRIQC/func_report_wf/0f6c947b8869a38a9aabe8ecd844648e4fe2e3d1/PlotMosaicMean/mapflow/_PlotMosaicMean0".[0m
2026-03-27 02:52:37 |[34;20m INFO     [0m|[34;20m nipype.workflow  [0m|[34;20m [Node] Executing "pre_clip" <niworkflows.interfaces.nibabel.IntensityClip>[0m
2026-03-27 02:52:37 |[34;20m INFO     [0m|[34;20m nipype.workflow  [0m|[34;20m [Node] Executing "_PlotMosaicMean0" <nireports.interfaces.mosaic.PlotMosaic>[0m
2026-03-27 02:52:37 |[34;20m INFO     [0m|[34;20m nipype.workflow  [0m|[34;20m [Node] Setting-up "_PlotMosaicNoise0" in "/local/nvme/ds004996_18.784026/ds/tmp/mriqc_wf/funcMRIQC/func_report_wf/0f6c947b8869a38a9aabe8ecd844648e4fe2e3d1/PlotMosaicNoise/mapflow/_PlotMosaicNoise0".[0m
2026-03-27 02:52:37 |[34;20m INFO     [0m|[34;20m nipype.workflow  [0m|[34;20m [Node] Setting-up "_ds_report_stdev0" in "/local/nvme/ds004996_18.784026/ds/tmp/mriqc_wf/funcMRIQC/func_report_wf/0f6c947b8869a38a9aabe8ecd844648e4fe2e3d1/ds_report_stdev/mapflow/_ds_report_stdev0".[0m
2026-03-27 02:52:37 |[34;20m INFO     [0m|[34;20m nipype.workflow  [0m|[34;20m [Node] Executing "_PlotMosaicNoise0" <nireports.interfaces.mosaic.PlotMosaic>[0m
2026-03-27 02:52:37 |[34;20m INFO     [0m|[34;20m nipype.workflow  [0m|[34;20m [Node] Executing "_ds_report_stdev0" <mriqc.interfaces.DerivativesDataSink>[0m
2026-03-27 02:52:37 |[34;20m INFO     [0m|[34;20m nipype.workflow  [0m|[34;20m [Node] Finished "_ds_report_stdev0", elapsed time 0.00503s.[0m
2026-03-27 02:52:37 |[34;20m INFO     [0m|[34;20m nipype.workflow  [0m|[34;20m [Node] Finished "pre_clip", elapsed time 0.726056s.[0m
2026-03-27 02:52:38 |[34;20m INFO     [0m|[34;20m nipype.workflow  [0m|[34;20m [Node] Finished "_PlotMosaicMean0", elapsed time 1.299652s.[0m
2026-03-27 02:52:38 |[34;20m INFO     [0m|[34;20m nipype.workflow  [0m|[34;20m [Node] Finished "_PlotMosaicNoise0", elapsed time 1.5942129999999999s.[0m
2026-03-27 02:52:39 |[34;20m INFO     [0m|[34;20m nipype.workflow  [0m|[34;20m [Node] Setting-up "_ds_report_mean0" in "/local/nvme/ds004996_18.784026/ds/tmp/mriqc_wf/funcMRIQC/func_report_wf/0f6c947b8869a38a9aabe8ecd844648e4fe2e3d1/ds_report_mean/mapflow/_ds_report_mean0".[0m
2026-03-27 02:52:39 |[34;20m INFO     [0m|[34;20m nipype.workflow  [0m|[34;20m [Node] Executing "_ds_report_mean0" <mriqc.interfaces.DerivativesDataSink>[0m
2026-03-27 02:52:39 |[34;20m INFO     [0m|[34;20m nipype.workflow  [0m|[34;20m [Node] Finished "_ds_report_mean0", elapsed time 0.004979s.[0m
2026-03-27 02:52:39 |[34;20m INFO     [0m|[34;20m nipype.workflow  [0m|[34;20m [Node] Setting-up "_ds_report_background0" in "/local/nvme/ds004996_18.784026/ds/tmp/mriqc_wf/funcMRIQC/func_report_wf/0f6c947b8869a38a9aabe8ecd844648e4fe2e3d1/ds_report_background/mapflow/_ds_report_background0".[0m
2026-03-27 02:52:39 |[34;20m INFO     [0m|[34;20m nipype.workflow  [0m|[34;20m [Node] Executing "_ds_report_background0" <mriqc.interfaces.DerivativesDataSink>[0m
2026-03-27 02:52:39 |[34;20m INFO     [0m|[34;20m nipype.workflow  [0m|[34;20m [Node] Finished "_ds_report_background0", elapsed time 0.004932s.[0m
2026-03-27 02:52:41 |[34;20m INFO     [0m|[34;20m nipype.workflow  [0m|[34;20m [Node] Finished "SharpenEPI", elapsed time 4.127717s.[0m
2026-03-27 02:52:44 |[34;20m INFO     [0m|[34;20m nipype.workflow  [0m|[34;20m [Node] Finished "_quality0", elapsed time 11.127519s.[0m
2026-03-27 02:52:45 |[34;20m INFO     [0m|[34;20m nipype.workflow  [0m|[34;20m [Node] Setting-up "mriqc_wf.funcMRIQC.synthstrip_wf.pre_n4" in "/local/nvme/ds004996_18.784026/ds/tmp/mriqc_wf/funcMRIQC/synthstrip_wf/6567fbf5e4d33bb92da06f62086a453781364eaf/pre_n4".[0m
2026-03-27 02:52:45 |[34;20m INFO     [0m|[34;20m nipype.workflow  [0m|[34;20m [Node] Executing "pre_n4" <nipype.interfaces.ants.segmentation.N4BiasFieldCorrection>[0m
2026-03-27 02:52:46 |[34;20m INFO     [0m|[34;20m nipype.workflow  [0m|[34;20m [Node] Finished "pre_n4", elapsed time 1.166015s.[0m
2026-03-27 02:52:47 |[34;20m INFO     [0m|[34;20m nipype.workflow  [0m|[34;20m [Node] Setting-up "mriqc_wf.funcMRIQC.synthstrip_wf.pre_n4" in "/local/nvme/ds004996_18.784026/ds/tmp/mriqc_wf/funcMRIQC/synthstrip_wf/e355be0cb16e09c74e622a079cc685af8949e670/pre_n4".[0m
2026-03-27 02:52:47 |[34;20m INFO     [0m|[34;20m nipype.workflow  [0m|[34;20m [Node] Executing "pre_n4" <nipype.interfaces.ants.segmentation.N4BiasFieldCorrection>[0m
2026-03-27 02:52:48 |[34;20m INFO     [0m|[34;20m nipype.workflow  [0m|[34;20m [Node] Finished "pre_n4", elapsed time 1.244775s.[0m
2026-03-27 02:52:49 |[34;20m INFO     [0m|[34;20m nipype.workflow  [0m|[34;20m [Node] Setting-up "mriqc_wf.funcMRIQC.synthstrip_wf.pre_n4" in "/local/nvme/ds004996_18.784026/ds/tmp/mriqc_wf/funcMRIQC/synthstrip_wf/0f6c947b8869a38a9aabe8ecd844648e4fe2e3d1/pre_n4".[0m
2026-03-27 02:52:49 |[34;20m INFO     [0m|[34;20m nipype.workflow  [0m|[34;20m [Node] Executing "pre_n4" <nipype.interfaces.ants.segmentation.N4BiasFieldCorrection>[0m
2026-03-27 02:52:50 |[34;20m INFO     [0m|[34;20m nipype.workflow  [0m|[34;20m [Node] Finished "pre_n4", elapsed time 1.109735s.[0m
2026-03-27 02:52:51 |[34;20m INFO     [0m|[34;20m nipype.workflow  [0m|[34;20m [Node] Setting-up "mriqc_wf.funcMRIQC.synthstrip_wf.synthstrip" in "/local/nvme/ds004996_18.784026/ds/tmp/mriqc_wf/funcMRIQC/synthstrip_wf/6567fbf5e4d33bb92da06f62086a453781364eaf/synthstrip".[0m
2026-03-27 02:52:51 |[34;20m INFO     [0m|[34;20m nipype.workflow  [0m|[34;20m [Node] Executing "synthstrip" <mriqc.interfaces.synthstrip.SynthStrip>[0m
2026-03-27 02:53:06 |[34;20m INFO     [0m|[34;20m nipype.workflow  [0m|[34;20m [Node] Finished "synthstrip", elapsed time 15.334017s.[0m
2026-03-27 02:53:07 |[34;20m INFO     [0m|[34;20m nipype.workflow  [0m|[34;20m [Node] Setting-up "mriqc_wf.funcMRIQC.synthstrip_wf.synthstrip" in "/local/nvme/ds004996_18.784026/ds/tmp/mriqc_wf/funcMRIQC/synthstrip_wf/e355be0cb16e09c74e622a079cc685af8949e670/synthstrip".[0m
2026-03-27 02:53:07 |[34;20m INFO     [0m|[34;20m nipype.workflow  [0m|[34;20m [Node] Executing "synthstrip" <mriqc.interfaces.synthstrip.SynthStrip>[0m
2026-03-27 02:53:20 |[34;20m INFO     [0m|[34;20m nipype.workflow  [0m|[34;20m [Node] Finished "synthstrip", elapsed time 13.587966s.[0m
2026-03-27 02:53:21 |[34;20m INFO     [0m|[34;20m nipype.workflow  [0m|[34;20m [Node] Setting-up "mriqc_wf.funcMRIQC.synthstrip_wf.synthstrip" in "/local/nvme/ds004996_18.784026/ds/tmp/mriqc_wf/funcMRIQC/synthstrip_wf/0f6c947b8869a38a9aabe8ecd844648e4fe2e3d1/synthstrip".[0m
2026-03-27 02:53:21 |[34;20m INFO     [0m|[34;20m nipype.workflow  [0m|[34;20m [Node] Executing "synthstrip" <mriqc.interfaces.synthstrip.SynthStrip>[0m
2026-03-27 02:53:34 |[34;20m INFO     [0m|[34;20m nipype.workflow  [0m|[34;20m [Node] Finished "synthstrip", elapsed time 13.513224s.[0m
2026-03-27 02:53:35 |[34;20m INFO     [0m|[34;20m nipype.workflow  [0m|[34;20m [Node] Setting-up "mriqc_wf.funcMRIQC.synthstrip_wf.post_n4" in "/local/nvme/ds004996_18.784026/ds/tmp/mriqc_wf/funcMRIQC/synthstrip_wf/6567fbf5e4d33bb92da06f62086a453781364eaf/post_n4".[0m
2026-03-27 02:53:35 |[34;20m INFO     [0m|[34;20m nipype.workflow  [0m|[34;20m [Node] Executing "post_n4" <nipype.interfaces.ants.segmentation.N4BiasFieldCorrection>[0m
2026-03-27 02:53:36 |[34;20m INFO     [0m|[34;20m nipype.workflow  [0m|[34;20m [Node] Finished "post_n4", elapsed time 0.990485s.[0m
2026-03-27 02:53:37 |[34;20m INFO     [0m|[34;20m nipype.workflow  [0m|[34;20m [Node] Setting-up "mriqc_wf.funcMRIQC.SpatialNormalization.EPI2MNI" in "/local/nvme/ds004996_18.784026/ds/tmp/mriqc_wf/funcMRIQC/SpatialNormalization/6567fbf5e4d33bb92da06f62086a453781364eaf/EPI2MNI".[0m
2026-03-27 02:53:37 |[34;20m INFO     [0m|[34;20m nipype.workflow  [0m|[34;20m [Node] Executing "EPI2MNI" <niworkflows.interfaces.reportlets.registration.SpatialNormalizationRPT>[0m
2026-03-27 02:53:37 |[34;20m INFO     [0m|[34;20m niworkflows      [0m|[34;20m Estimating initial transform using AffineInitializer[0m
2026-03-27 02:53:42 |[34;20m INFO     [0m|[34;20m niworkflows      [0m|[34;20m Loading settings from file /opt/conda/lib/python3.11/site-packages/niworkflows/data/boldref-mni_registration_precise_000.json.[0m
2026-03-27 02:53:42 |[34;20m INFO     [0m|[34;20m niworkflows      [0m|[34;20m Retry #1, commandline: 
antsRegistration --collapse-output-transforms 1 --dimensionality 3 --float 0 --initial-moving-transform [ /local/nvme/ds004996_18.784026/ds/tmp/mriqc_wf/funcMRIQC/SpatialNormalization/6567fbf5e4d33bb92da06f62086a453781364eaf/EPI2MNI/transform.mat, 0 ] --initialize-transforms-per-stage 0 --interpolation LanczosWindowedSinc --output [ epi_to_mni, epi_to_mni_Warped.nii.gz ] --transform Rigid[ 0.05 ] --metric Mattes[ /templateflow/tpl-MNI152NLin2009cAsym/tpl-MNI152NLin2009cAsym_res-02_desc-fMRIPrep_boldref.nii.gz, /local/nvme/ds004996_18.784026/ds/tmp/mriqc_wf/funcMRIQC/SpatialNormalization/6567fbf5e4d33bb92da06f62086a453781364eaf/SharpenEPI/sub-18_task-conversation_run-01_desc-realigned_bold_tstat_corrected.nii.gz, 1, 56, Regular, 0.25 ] --convergence [ 10000x1000x100, 1e-06, 20 ] --smoothing-sigmas 4.0x2.0x1.0vox --shrink-factors 4x2x1 --use-histogram-matching 1 --masks [ /templateflow/tpl-MNI152NLin2009cAsym/tpl-MNI152NLin2009cAsym_res-02_desc-brain_mask.nii.gz, /local/nvme/ds004996_18.784026/ds/tmp/mriqc_wf/funcMRIQC/synthstrip_wf/6567fbf5e4d33bb92da06f62086a453781364eaf/synthstrip/clipped_corrected_desc-brain_mask.nii.gz ] --transform Affine[ 0.08 ] --metric Mattes[ /templateflow/tpl-MNI152NLin2009cAsym/tpl-MNI152NLin2009cAsym_res-02_desc-fMRIPrep_boldref.nii.gz, /local/nvme/ds004996_18.784026/ds/tmp/mriqc_wf/funcMRIQC/SpatialNormalization/6567fbf5e4d33bb92da06f62086a453781364eaf/SharpenEPI/sub-18_task-conversation_run-01_desc-realigned_bold_tstat_corrected.nii.gz, 1, 56, Regular, 0.25 ] --convergence [ 500x250x100, 1e-06, 20 ] --smoothing-sigmas 4.0x2.0x1.0vox --shrink-factors 8x4x2 --use-histogram-matching 1 --masks [ /templateflow/tpl-MNI152NLin2009cAsym/tpl-MNI152NLin2009cAsym_res-02_desc-brain_mask.nii.gz, /local/nvme/ds004996_18.784026/ds/tmp/mriqc_wf/funcMRIQC/synthstrip_wf/6567fbf5e4d33bb92da06f62086a453781364eaf/synthstrip/clipped_corrected_desc-brain_mask.nii.gz ] --transform SyN[ 0.1, 3.0, 0.0 ] --metric CC[ /templateflow/tpl-MNI152NLin2009cAsym/tpl-MNI152NLin2009cAsym_res-02_desc-fMRIPrep_boldref.nii.gz, /local/nvme/ds004996_18.784026/ds/tmp/mriqc_wf/funcMRIQC/SpatialNormalization/6567fbf5e4d33bb92da06f62086a453781364eaf/SharpenEPI/sub-18_task-conversation_run-01_desc-realigned_bold_tstat_corrected.nii.gz, 1, 4, None, 1 ] --convergence [ 100x30x20, 1e-06, 10 ] --smoothing-sigmas 3.0x2.0x1.0vox --shrink-factors 8x4x2 --use-histogram-matching 1 --masks [ /templateflow/tpl-MNI152NLin2009cAsym/tpl-MNI152NLin2009cAsym_res-02_desc-brain_mask.nii.gz, /local/nvme/ds004996_18.784026/ds/tmp/mriqc_wf/funcMRIQC/synthstrip_wf/6567fbf5e4d33bb92da06f62086a453781364eaf/synthstrip/clipped_corrected_desc-brain_mask.nii.gz ] --winsorize-image-intensities [ 0.005, 0.995 ]  --write-composite-transform 1[0m
2026-03-27 02:53:53 |[34;20m INFO     [0m|[34;20m niworkflows      [0m|[34;20m Successful spatial normalization (retry #1).[0m
2026-03-27 02:53:53 |[34;20m INFO     [0m|[34;20m niworkflows      [0m|[34;20m Report - setting fixed (/templateflow/tpl-MNI152NLin2009cAsym/tpl-MNI152NLin2009cAsym_res-02_desc-fMRIPrep_boldref.nii.gz) and moving (/local/nvme/ds004996_18.784026/ds/tmp/mriqc_wf/funcMRIQC/SpatialNormalization/6567fbf5e4d33bb92da06f62086a453781364eaf/EPI2MNI/epi_to_mni_Warped.nii.gz) images[0m
2026-03-27 02:53:53 |[34;20m INFO     [0m|[34;20m niworkflows      [0m|[34;20m Generating visual report[0m
2026-03-27 02:54:09 |[34;20m INFO     [0m|[34;20m nipype.workflow  [0m|[34;20m [Node] Finished "EPI2MNI", elapsed time 32.342101s.[0m
2026-03-27 02:54:11 |[34;20m INFO     [0m|[34;20m nipype.workflow  [0m|[34;20m [Node] Setting-up "mriqc_wf.funcMRIQC.func_report_wf.dilated_mask" in "/local/nvme/ds004996_18.784026/ds/tmp/mriqc_wf/funcMRIQC/func_report_wf/6567fbf5e4d33bb92da06f62086a453781364eaf/dilated_mask".[0m
2026-03-27 02:54:11 |[34;20m INFO     [0m|[34;20m nipype.workflow  [0m|[34;20m [Node] Setting-up "_ComputeDVARS0" in "/local/nvme/ds004996_18.784026/ds/tmp/mriqc_wf/funcMRIQC/ComputeIQMs/6567fbf5e4d33bb92da06f62086a453781364eaf/ComputeDVARS/mapflow/_ComputeDVARS0".[0m
2026-03-27 02:54:11 |[34;20m INFO     [0m|[34;20m nipype.workflow  [0m|[34;20m [Node] Setting-up "_smoothness0" in "/local/nvme/ds004996_18.784026/ds/tmp/mriqc_wf/funcMRIQC/ComputeIQMs/6567fbf5e4d33bb92da06f62086a453781364eaf/smoothness/mapflow/_smoothness0".[0m
2026-03-27 02:54:11 |[34;20m INFO     [0m|[34;20m nipype.workflow  [0m|[34;20m [Node] Setting-up "_outliers0" in "/local/nvme/ds004996_18.784026/ds/tmp/mriqc_wf/funcMRIQC/ComputeIQMs/6567fbf5e4d33bb92da06f62086a453781364eaf/outliers/mapflow/_outliers0".[0m
2026-03-27 02:54:11 |[34;20m INFO     [0m|[34;20m nipype.workflow  [0m|[34;20m [Node] Executing "_ComputeDVARS0" <nipype.algorithms.confounds.ComputeDVARS>[0m
2026-03-27 02:54:11 |[34;20m INFO     [0m|[34;20m nipype.workflow  [0m|[34;20m [Node] Executing "_smoothness0" <nipype.interfaces.afni.utils.FWHMx>[0m
2026-03-27 02:54:11 |[34;20m INFO     [0m|[34;20m nipype.workflow  [0m|[34;20m [Node] Setting-up "mriqc_wf.funcMRIQC.func_report_wf.PlotBrainmask" in "/local/nvme/ds004996_18.784026/ds/tmp/mriqc_wf/funcMRIQC/func_report_wf/6567fbf5e4d33bb92da06f62086a453781364eaf/PlotBrainmask".[0m
2026-03-27 02:54:11 |[34;20m INFO     [0m|[34;20m nipype.workflow  [0m|[34;20m [Node] Setting-up "_gcor0" in "/local/nvme/ds004996_18.784026/ds/tmp/mriqc_wf/funcMRIQC/ComputeIQMs/6567fbf5e4d33bb92da06f62086a453781364eaf/gcor/mapflow/_gcor0".[0m
2026-03-27 02:54:11 |[34;20m INFO     [0m|[34;20m nipype.workflow  [0m|[34;20m [Node] Executing "_outliers0" <nipype.interfaces.afni.preprocess.OutlierCount>[0m
2026-03-27 02:54:11 |[34;20m INFO     [0m|[34;20m nipype.workflow  [0m|[34;20m [Node] Executing "PlotBrainmask" <nireports.interfaces.mosaic.PlotContours>[0m
2026-03-27 02:54:11 |[34;20m INFO     [0m|[34;20m nipype.workflow  [0m|[34;20m [Node] Setting-up "_PlotMosaicZoomed0" in "/local/nvme/ds004996_18.784026/ds/tmp/mriqc_wf/funcMRIQC/func_report_wf/6567fbf5e4d33bb92da06f62086a453781364eaf/PlotMosaicZoomed/mapflow/_PlotMosaicZoomed0".[0m
2026-03-27 02:54:11 |[34;20m INFO     [0m|[34;20m nipype.workflow  [0m|[34;20m [Node] Executing "_gcor0" <mriqc.interfaces.transitional.GCOR>[0m
2026-03-27 02:54:11 |[34;20m INFO     [0m|[34;20m nipype.workflow  [0m|[34;20m [Node] Executing "_PlotMosaicZoomed0" <nireports.interfaces.mosaic.PlotMosaic>[0m
2026-03-27 02:54:11 |[34;20m INFO     [0m|[34;20m nipype.workflow  [0m|[34;20m [Node] Executing "dilated_mask" <niworkflows.interfaces.morphology.BinaryDilation>[0m
2026-03-27 02:54:11 |[34;20m INFO     [0m|[34;20m nipype.workflow  [0m|[34;20m [Node] Setting-up "_ComputeDVARS0" in "/local/nvme/ds004996_18.784026/ds/tmp/mriqc_wf/funcMRIQC/ComputeIQMs/e355be0cb16e09c74e622a079cc685af8949e670/ComputeDVARS/mapflow/_ComputeDVARS0".[0m
2026-03-27 02:54:11 |[34;20m INFO     [0m|[34;20m nipype.workflow  [0m|[34;20m [Node] Executing "_ComputeDVARS0" <nipype.algorithms.confounds.ComputeDVARS>[0m
2026-03-27 02:54:11 |[34;20m INFO     [0m|[34;20m nipype.workflow  [0m|[34;20m [Node] Finished "dilated_mask", elapsed time 0.039192s.[0m
2026-03-27 02:54:11 |[34;20m INFO     [0m|[34;20m nipype.workflow  [0m|[34;20m [Node] Finished "_smoothness0", elapsed time 0.599103s.[0m
2026-03-27 02:54:12 |[34;20m INFO     [0m|[34;20m nipype.workflow  [0m|[34;20m [Node] Finished "_PlotMosaicZoomed0", elapsed time 1.306557s.[0m
2026-03-27 02:54:12 |[34;20m INFO     [0m|[34;20m nipype.workflow  [0m|[34;20m [Node] Finished "PlotBrainmask", elapsed time 1.6819570000000001s.[0m
2026-03-27 02:54:13 |[34;20m INFO     [0m|[34;20m nipype.workflow  [0m|[34;20m [Node] Setting-up "mriqc_wf.funcMRIQC.func_report_wf.dilated_mask" in "/local/nvme/ds004996_18.784026/ds/tmp/mriqc_wf/funcMRIQC/func_report_wf/e355be0cb16e09c74e622a079cc685af8949e670/dilated_mask".[0m
2026-03-27 02:54:13 |[34;20m INFO     [0m|[34;20m nipype.workflow  [0m|[34;20m [Node] Executing "dilated_mask" <niworkflows.interfaces.morphology.BinaryDilation>[0m
2026-03-27 02:54:13 |[34;20m INFO     [0m|[34;20m nipype.workflow  [0m|[34;20m [Node] Setting-up "_outliers0" in "/local/nvme/ds004996_18.784026/ds/tmp/mriqc_wf/funcMRIQC/ComputeIQMs/e355be0cb16e09c74e622a079cc685af8949e670/outliers/mapflow/_outliers0".[0m
2026-03-27 02:54:13 |[34;20m INFO     [0m|[34;20m nipype.workflow  [0m|[34;20m [Node] Setting-up "_gcor0" in "/local/nvme/ds004996_18.784026/ds/tmp/mriqc_wf/funcMRIQC/ComputeIQMs/e355be0cb16e09c74e622a079cc685af8949e670/gcor/mapflow/_gcor0".[0m
2026-03-27 02:54:13 |[34;20m INFO     [0m|[34;20m nipype.workflow  [0m|[34;20m [Node] Setting-up "_smoothness0" in "/local/nvme/ds004996_18.784026/ds/tmp/mriqc_wf/funcMRIQC/ComputeIQMs/e355be0cb16e09c74e622a079cc685af8949e670/smoothness/mapflow/_smoothness0".[0m
2026-03-27 02:54:13 |[34;20m INFO     [0m|[34;20m nipype.workflow  [0m|[34;20m [Node] Executing "_outliers0" <nipype.interfaces.afni.preprocess.OutlierCount>[0m
2026-03-27 02:54:13 |[34;20m INFO     [0m|[34;20m nipype.workflow  [0m|[34;20m [Node] Executing "_gcor0" <mriqc.interfaces.transitional.GCOR>[0m
2026-03-27 02:54:13 |[34;20m INFO     [0m|[34;20m nipype.workflow  [0m|[34;20m [Node] Executing "_smoothness0" <nipype.interfaces.afni.utils.FWHMx>[0m
2026-03-27 02:54:13 |[34;20m INFO     [0m|[34;20m nipype.workflow  [0m|[34;20m [Node] Finished "dilated_mask", elapsed time 0.037896s.[0m
2026-03-27 02:54:13 |[34;20m INFO     [0m|[34;20m nipype.workflow  [0m|[34;20m [Node] Finished "_smoothness0", elapsed time 0.438163s.[0m
2026-03-27 02:54:15 |[34;20m INFO     [0m|[34;20m nipype.workflow  [0m|[34;20m [Node] Setting-up "mriqc_wf.funcMRIQC.func_report_wf.PlotBrainmask" in "/local/nvme/ds004996_18.784026/ds/tmp/mriqc_wf/funcMRIQC/func_report_wf/e355be0cb16e09c74e622a079cc685af8949e670/PlotBrainmask".[0m
2026-03-27 02:54:15 |[34;20m INFO     [0m|[34;20m nipype.workflow  [0m|[34;20m [Node] Executing "PlotBrainmask" <nireports.interfaces.mosaic.PlotContours>[0m
2026-03-27 02:54:15 |[34;20m INFO     [0m|[34;20m nipype.workflow  [0m|[34;20m [Node] Setting-up "_PlotMosaicZoomed0" in "/local/nvme/ds004996_18.784026/ds/tmp/mriqc_wf/funcMRIQC/func_report_wf/e355be0cb16e09c74e622a079cc685af8949e670/PlotMosaicZoomed/mapflow/_PlotMosaicZoomed0".[0m
2026-03-27 02:54:15 |[34;20m INFO     [0m|[34;20m nipype.workflow  [0m|[34;20m [Node] Executing "_PlotMosaicZoomed0" <nireports.interfaces.mosaic.PlotMosaic>[0m
2026-03-27 02:54:15 |[34;20m INFO     [0m|[34;20m nipype.workflow  [0m|[34;20m [Node] Finished "_outliers0", elapsed time 4.221102s.[0m
2026-03-27 02:54:16 |[34;20m INFO     [0m|[34;20m nipype.workflow  [0m|[34;20m [Node] Finished "PlotBrainmask", elapsed time 1.330448s.[0m
2026-03-27 02:54:16 |[34;20m INFO     [0m|[34;20m nipype.workflow  [0m|[34;20m [Node] Finished "_PlotMosaicZoomed0", elapsed time 1.457613s.[0m
2026-03-27 02:54:17 |[34;20m INFO     [0m|[34;20m nipype.workflow  [0m|[34;20m [Node] Setting-up "_ComputeDVARS0" in "/local/nvme/ds004996_18.784026/ds/tmp/mriqc_wf/funcMRIQC/ComputeIQMs/0f6c947b8869a38a9aabe8ecd844648e4fe2e3d1/ComputeDVARS/mapflow/_ComputeDVARS0".[0m
2026-03-27 02:54:17 |[34;20m INFO     [0m|[34;20m nipype.workflow  [0m|[34;20m [Node] Setting-up "_smoothness0" in "/local/nvme/ds004996_18.784026/ds/tmp/mriqc_wf/funcMRIQC/ComputeIQMs/0f6c947b8869a38a9aabe8ecd844648e4fe2e3d1/smoothness/mapflow/_smoothness0".[0m
2026-03-27 02:54:17 |[34;20m INFO     [0m|[34;20m nipype.workflow  [0m|[34;20m [Node] Executing "_ComputeDVARS0" <nipype.algorithms.confounds.ComputeDVARS>[0m
2026-03-27 02:54:17 |[34;20m INFO     [0m|[34;20m nipype.workflow  [0m|[34;20m [Node] Executing "_smoothness0" <nipype.interfaces.afni.utils.FWHMx>[0m
2026-03-27 02:54:17 |[34;20m INFO     [0m|[34;20m nipype.workflow  [0m|[34;20m [Node] Setting-up "_outliers0" in "/local/nvme/ds004996_18.784026/ds/tmp/mriqc_wf/funcMRIQC/ComputeIQMs/0f6c947b8869a38a9aabe8ecd844648e4fe2e3d1/outliers/mapflow/_outliers0".[0m
2026-03-27 02:54:17 |[34;20m INFO     [0m|[34;20m nipype.workflow  [0m|[34;20m [Node] Executing "_outliers0" <nipype.interfaces.afni.preprocess.OutlierCount>[0m
2026-03-27 02:54:17 |[34;20m INFO     [0m|[34;20m nipype.workflow  [0m|[34;20m [Node] Finished "_outliers0", elapsed time 4.241166s.[0m
2026-03-27 02:54:17 |[34;20m INFO     [0m|[34;20m nipype.workflow  [0m|[34;20m [Node] Finished "_smoothness0", elapsed time 0.555972s.[0m
2026-03-27 02:54:18 |[34;20m INFO     [0m|[34;20m nipype.workflow  [0m|[34;20m [Node] Finished "_gcor0", elapsed time 7.714408s.[0m
2026-03-27 02:54:19 |[34;20m INFO     [0m|[34;20m nipype.workflow  [0m|[34;20m [Node] Setting-up "mriqc_wf.funcMRIQC.func_report_wf.dilated_mask" in "/local/nvme/ds004996_18.784026/ds/tmp/mriqc_wf/funcMRIQC/func_report_wf/0f6c947b8869a38a9aabe8ecd844648e4fe2e3d1/dilated_mask".[0m
2026-03-27 02:54:19 |[34;20m INFO     [0m|[34;20m nipype.workflow  [0m|[34;20m [Node] Executing "dilated_mask" <niworkflows.interfaces.morphology.BinaryDilation>[0m
2026-03-27 02:54:19 |[34;20m INFO     [0m|[34;20m nipype.workflow  [0m|[34;20m [Node] Setting-up "_gcor0" in "/local/nvme/ds004996_18.784026/ds/tmp/mriqc_wf/funcMRIQC/ComputeIQMs/0f6c947b8869a38a9aabe8ecd844648e4fe2e3d1/gcor/mapflow/_gcor0".[0m
2026-03-27 02:54:19 |[34;20m INFO     [0m|[34;20m nipype.workflow  [0m|[34;20m [Node] Setting-up "_PlotMosaicZoomed0" in "/local/nvme/ds004996_18.784026/ds/tmp/mriqc_wf/funcMRIQC/func_report_wf/0f6c947b8869a38a9aabe8ecd844648e4fe2e3d1/PlotMosaicZoomed/mapflow/_PlotMosaicZoomed0".[0m
2026-03-27 02:54:19 |[34;20m INFO     [0m|[34;20m nipype.workflow  [0m|[34;20m [Node] Executing "_gcor0" <mriqc.interfaces.transitional.GCOR>[0m
2026-03-27 02:54:19 |[34;20m INFO     [0m|[34;20m nipype.workflow  [0m|[34;20m [Node] Executing "_PlotMosaicZoomed0" <nireports.interfaces.mosaic.PlotMosaic>[0m
2026-03-27 02:54:19 |[34;20m INFO     [0m|[34;20m nipype.workflow  [0m|[34;20m [Node] Finished "dilated_mask", elapsed time 0.020234s.[0m
2026-03-27 02:54:20 |[34;20m INFO     [0m|[34;20m nipype.workflow  [0m|[34;20m [Node] Finished "_PlotMosaicZoomed0", elapsed time 1.306657s.[0m
2026-03-27 02:54:20 |[34;20m INFO     [0m|[34;20m nipype.workflow  [0m|[34;20m [Node] Finished "_gcor0", elapsed time 7.570107s.[0m
2026-03-27 02:54:21 |[34;20m INFO     [0m|[34;20m nipype.workflow  [0m|[34;20m [Node] Setting-up "mriqc_wf.funcMRIQC.synthstrip_wf.final_masked" in "/local/nvme/ds004996_18.784026/ds/tmp/mriqc_wf/funcMRIQC/synthstrip_wf/6567fbf5e4d33bb92da06f62086a453781364eaf/final_masked".[0m
2026-03-27 02:54:21 |[34;20m INFO     [0m|[34;20m nipype.workflow  [0m|[34;20m [Node] Setting-up "mriqc_wf.funcMRIQC.func_report_wf.PlotBrainmask" in "/local/nvme/ds004996_18.784026/ds/tmp/mriqc_wf/funcMRIQC/func_report_wf/0f6c947b8869a38a9aabe8ecd844648e4fe2e3d1/PlotBrainmask".[0m
2026-03-27 02:54:21 |[34;20m INFO     [0m|[34;20m nipype.workflow  [0m|[34;20m [Node] Setting-up "mriqc_wf.funcMRIQC.SpatialNormalization.ResampleSegmentation" in "/local/nvme/ds004996_18.784026/ds/tmp/mriqc_wf/funcMRIQC/SpatialNormalization/6567fbf5e4d33bb92da06f62086a453781364eaf/ResampleSegmentation".[0m
2026-03-27 02:54:21 |[34;20m INFO     [0m|[34;20m nipype.workflow  [0m|[34;20m [Node] Executing "final_masked" <niworkflows.interfaces.nibabel.ApplyMask>[0m
2026-03-27 02:54:21 |[34;20m INFO     [0m|[34;20m nipype.workflow  [0m|[34;20m [Node] Executing "PlotBrainmask" <nireports.interfaces.mosaic.PlotContours>[0m
2026-03-27 02:54:21 |[34;20m INFO     [0m|[34;20m nipype.workflow  [0m|[34;20m [Node] Executing "ResampleSegmentation" <nipype.interfaces.ants.resampling.ApplyTransforms>[0m
2026-03-27 02:54:21 |[34;20m INFO     [0m|[34;20m nipype.workflow  [0m|[34;20m [Node] Finished "final_masked", elapsed time 0.034155s.[0m
2026-03-27 02:54:21 |[34;20m INFO     [0m|[34;20m nipype.workflow  [0m|[34;20m [Node] Finished "_outliers0", elapsed time 4.412433s.[0m
2026-03-27 02:54:22 |[34;20m INFO     [0m|[34;20m nipype.workflow  [0m|[34;20m [Node] Finished "PlotBrainmask", elapsed time 1.256979s.[0m
2026-03-27 02:54:23 |[34;20m INFO     [0m|[34;20m nipype.workflow  [0m|[34;20m [Node] Setting-up "mriqc_wf.funcMRIQC.func_report_wf.ds_report_norm" in "/local/nvme/ds004996_18.784026/ds/tmp/mriqc_wf/funcMRIQC/func_report_wf/6567fbf5e4d33bb92da06f62086a453781364eaf/ds_report_norm".[0m
2026-03-27 02:54:23 |[34;20m INFO     [0m|[34;20m nipype.workflow  [0m|[34;20m [Node] Executing "ds_report_norm" <mriqc.interfaces.DerivativesDataSink>[0m
2026-03-27 02:54:23 |[34;20m INFO     [0m|[34;20m nipype.workflow  [0m|[34;20m [Node] Finished "ds_report_norm", elapsed time 0.005129s.[0m
2026-03-27 02:54:23 |[34;20m INFO     [0m|[34;20m nipype.workflow  [0m|[34;20m [Node] Setting-up "mriqc_wf.funcMRIQC.func_report_wf.subtract_mask" in "/local/nvme/ds004996_18.784026/ds/tmp/mriqc_wf/funcMRIQC/func_report_wf/6567fbf5e4d33bb92da06f62086a453781364eaf/subtract_mask".[0m
2026-03-27 02:54:23 |[34;20m INFO     [0m|[34;20m nipype.workflow  [0m|[34;20m [Node] Setting-up "_ds_report_zoomed0" in "/local/nvme/ds004996_18.784026/ds/tmp/mriqc_wf/funcMRIQC/func_report_wf/6567fbf5e4d33bb92da06f62086a453781364eaf/ds_report_zoomed/mapflow/_ds_report_zoomed0".[0m
2026-03-27 02:54:23 |[34;20m INFO     [0m|[34;20m nipype.workflow  [0m|[34;20m [Node] Executing "subtract_mask" <niworkflows.interfaces.morphology.BinarySubtraction>[0m
2026-03-27 02:54:23 |[34;20m INFO     [0m|[34;20m nipype.workflow  [0m|[34;20m [Node] Executing "_ds_report_zoomed0" <mriqc.interfaces.DerivativesDataSink>[0m
2026-03-27 02:54:23 |[34;20m INFO     [0m|[34;20m nipype.workflow  [0m|[34;20m [Node] Finished "_ds_report_zoomed0", elapsed time 0.005729s.[0m
2026-03-27 02:54:23 |[34;20m INFO     [0m|[34;20m nipype.workflow  [0m|[34;20m [Node] Finished "subtract_mask", elapsed time 0.013504s.[0m
2026-03-27 02:54:23 |[34;20m INFO     [0m|[34;20m nipype.workflow  [0m|[34;20m [Node] Setting-up "mriqc_wf.funcMRIQC.func_report_wf.ds_report_bmask" in "/local/nvme/ds004996_18.784026/ds/tmp/mriqc_wf/funcMRIQC/func_report_wf/6567fbf5e4d33bb92da06f62086a453781364eaf/ds_report_bmask".[0m
2026-03-27 02:54:23 |[34;20m INFO     [0m|[34;20m nipype.workflow  [0m|[34;20m [Node] Executing "ds_report_bmask" <mriqc.interfaces.DerivativesDataSink>[0m
2026-03-27 02:54:23 |[34;20m INFO     [0m|[34;20m nipype.workflow  [0m|[34;20m [Node] Finished "ds_report_bmask", elapsed time 0.005095s.[0m
2026-03-27 02:54:23 |[34;20m INFO     [0m|[34;20m nipype.workflow  [0m|[34;20m [Node] Setting-up "mriqc_wf.funcMRIQC.func_report_wf.subtract_mask" in "/local/nvme/ds004996_18.784026/ds/tmp/mriqc_wf/funcMRIQC/func_report_wf/e355be0cb16e09c74e622a079cc685af8949e670/subtract_mask".[0m
2026-03-27 02:54:23 |[34;20m INFO     [0m|[34;20m nipype.workflow  [0m|[34;20m [Node] Executing "subtract_mask" <niworkflows.interfaces.morphology.BinarySubtraction>[0m
2026-03-27 02:54:23 |[34;20m INFO     [0m|[34;20m nipype.workflow  [0m|[34;20m [Node] Setting-up "_ds_report_zoomed0" in "/local/nvme/ds004996_18.784026/ds/tmp/mriqc_wf/funcMRIQC/func_report_wf/e355be0cb16e09c74e622a079cc685af8949e670/ds_report_zoomed/mapflow/_ds_report_zoomed0".[0m
2026-03-27 02:54:23 |[34;20m INFO     [0m|[34;20m nipype.workflow  [0m|[34;20m [Node] Executing "_ds_report_zoomed0" <mriqc.interfaces.DerivativesDataSink>[0m
2026-03-27 02:54:23 |[34;20m INFO     [0m|[34;20m nipype.workflow  [0m|[34;20m [Node] Finished "_ds_report_zoomed0", elapsed time 0.005967s.[0m
2026-03-27 02:54:23 |[34;20m INFO     [0m|[34;20m nipype.workflow  [0m|[34;20m [Node] Finished "subtract_mask", elapsed time 0.012891s.[0m
2026-03-27 02:54:23 |[34;20m INFO     [0m|[34;20m nipype.workflow  [0m|[34;20m [Node] Setting-up "mriqc_wf.funcMRIQC.func_report_wf.ds_report_bmask" in "/local/nvme/ds004996_18.784026/ds/tmp/mriqc_wf/funcMRIQC/func_report_wf/e355be0cb16e09c74e622a079cc685af8949e670/ds_report_bmask".[0m
2026-03-27 02:54:23 |[34;20m INFO     [0m|[34;20m nipype.workflow  [0m|[34;20m [Node] Executing "ds_report_bmask" <mriqc.interfaces.DerivativesDataSink>[0m
2026-03-27 02:54:23 |[34;20m INFO     [0m|[34;20m nipype.workflow  [0m|[34;20m [Node] Finished "ds_report_bmask", elapsed time 0.005175s.[0m
2026-03-27 02:54:23 |[34;20m INFO     [0m|[34;20m nipype.workflow  [0m|[34;20m [Node] Setting-up "mriqc_wf.funcMRIQC.func_report_wf.subtract_mask" in "/local/nvme/ds004996_18.784026/ds/tmp/mriqc_wf/funcMRIQC/func_report_wf/0f6c947b8869a38a9aabe8ecd844648e4fe2e3d1/subtract_mask".[0m
2026-03-27 02:54:23 |[34;20m INFO     [0m|[34;20m nipype.workflow  [0m|[34;20m [Node] Executing "subtract_mask" <niworkflows.interfaces.morphology.BinarySubtraction>[0m
2026-03-27 02:54:23 |[34;20m INFO     [0m|[34;20m nipype.workflow  [0m|[34;20m [Node] Finished "subtract_mask", elapsed time 0.010922s.[0m
2026-03-27 02:54:23 |[34;20m INFO     [0m|[34;20m nipype.workflow  [0m|[34;20m [Node] Finished "ResampleSegmentation", elapsed time 2.566186s.[0m
2026-03-27 02:54:25 |[34;20m INFO     [0m|[34;20m nipype.workflow  [0m|[34;20m [Node] Setting-up "_ds_report_zoomed0" in "/local/nvme/ds004996_18.784026/ds/tmp/mriqc_wf/funcMRIQC/func_report_wf/0f6c947b8869a38a9aabe8ecd844648e4fe2e3d1/ds_report_zoomed/mapflow/_ds_report_zoomed0".[0m
2026-03-27 02:54:25 |[34;20m INFO     [0m|[34;20m nipype.workflow  [0m|[34;20m [Node] Executing "_ds_report_zoomed0" <mriqc.interfaces.DerivativesDataSink>[0m
2026-03-27 02:54:25 |[34;20m INFO     [0m|[34;20m nipype.workflow  [0m|[34;20m [Node] Finished "_ds_report_zoomed0", elapsed time 0.006074s.[0m
2026-03-27 02:54:25 |[34;20m INFO     [0m|[34;20m nipype.workflow  [0m|[34;20m [Node] Setting-up "mriqc_wf.funcMRIQC.func_report_wf.ds_report_bmask" in "/local/nvme/ds004996_18.784026/ds/tmp/mriqc_wf/funcMRIQC/func_report_wf/0f6c947b8869a38a9aabe8ecd844648e4fe2e3d1/ds_report_bmask".[0m
2026-03-27 02:54:25 |[34;20m INFO     [0m|[34;20m nipype.workflow  [0m|[34;20m [Node] Executing "ds_report_bmask" <mriqc.interfaces.DerivativesDataSink>[0m
2026-03-27 02:54:25 |[34;20m INFO     [0m|[34;20m nipype.workflow  [0m|[34;20m [Node] Finished "ds_report_bmask", elapsed time 0.005177s.[0m
2026-03-27 02:54:25 |[34;20m INFO     [0m|[34;20m nipype.workflow  [0m|[34;20m [Node] Setting-up "mriqc_wf.funcMRIQC.func_report_wf.parcels" in "/local/nvme/ds004996_18.784026/ds/tmp/mriqc_wf/funcMRIQC/func_report_wf/6567fbf5e4d33bb92da06f62086a453781364eaf/parcels".[0m
2026-03-27 02:54:25 |[34;20m INFO     [0m|[34;20m nipype.workflow  [0m|[34;20m [Node] Executing "parcels" <nipype.interfaces.utility.wrappers.Function>[0m
2026-03-27 02:54:25 |[34;20m INFO     [0m|[34;20m nipype.workflow  [0m|[34;20m [Node] Finished "parcels", elapsed time 0.023466s.[0m
2026-03-27 02:54:27 |[34;20m INFO     [0m|[34;20m nipype.workflow  [0m|[34;20m [Node] Finished "_gcor0", elapsed time 8.156764s.[0m
2026-03-27 02:54:30 |[34;20m INFO     [0m|[34;20m nipype.workflow  [0m|[34;20m [Node] Finished "_ComputeDVARS0", elapsed time 19.500493s.[0m
2026-03-27 02:54:31 |[34;20m INFO     [0m|[34;20m nipype.workflow  [0m|[34;20m [Node] Setting-up "_measures0" in "/local/nvme/ds004996_18.784026/ds/tmp/mriqc_wf/funcMRIQC/ComputeIQMs/e355be0cb16e09c74e622a079cc685af8949e670/measures/mapflow/_measures0".[0m
2026-03-27 02:54:31 |[34;20m INFO     [0m|[34;20m nipype.workflow  [0m|[34;20m [Node] Executing "_measures0" <mriqc.interfaces.functional.FunctionalQC>[0m
2026-03-27 02:54:31 |[34;20m INFO     [0m|[34;20m nipype.workflow  [0m|[34;20m [Node] Setting-up "_timeseries0" in "/local/nvme/ds004996_18.784026/ds/tmp/mriqc_wf/funcMRIQC/ComputeIQMs/e355be0cb16e09c74e622a079cc685af8949e670/timeseries/mapflow/_timeseries0".[0m
2026-03-27 02:54:31 |[34;20m INFO     [0m|[34;20m nipype.workflow  [0m|[34;20m [Node] Executing "_timeseries0" <mriqc.interfaces.functional.GatherTimeseries>[0m
2026-03-27 02:54:31 |[34;20m INFO     [0m|[34;20m nipype.workflow  [0m|[34;20m [Node] Finished "_timeseries0", elapsed time 0.025637s.[0m
2026-03-27 02:54:31 |[34;20m INFO     [0m|[34;20m nipype.workflow  [0m|[34;20m [Node] Finished "_ComputeDVARS0", elapsed time 20.062198s.[0m
2026-03-27 02:54:32 |[34;20m INFO     [0m|[34;20m nipype.workflow  [0m|[34;20m [Node] Finished "_measures0", elapsed time 1.076527s.[0m
2026-03-27 02:54:33 |[34;20m INFO     [0m|[34;20m nipype.workflow  [0m|[34;20m [Node] Setting-up "_measures0" in "/local/nvme/ds004996_18.784026/ds/tmp/mriqc_wf/funcMRIQC/ComputeIQMs/6567fbf5e4d33bb92da06f62086a453781364eaf/measures/mapflow/_measures0".[0m
2026-03-27 02:54:33 |[34;20m INFO     [0m|[34;20m nipype.workflow  [0m|[34;20m [Node] Executing "_measures0" <mriqc.interfaces.functional.FunctionalQC>[0m
2026-03-27 02:54:33 |[34;20m INFO     [0m|[34;20m nipype.workflow  [0m|[34;20m [Node] Setting-up "_timeseries0" in "/local/nvme/ds004996_18.784026/ds/tmp/mriqc_wf/funcMRIQC/ComputeIQMs/6567fbf5e4d33bb92da06f62086a453781364eaf/timeseries/mapflow/_timeseries0".[0m
2026-03-27 02:54:33 |[34;20m INFO     [0m|[34;20m nipype.workflow  [0m|[34;20m [Node] Executing "_timeseries0" <mriqc.interfaces.functional.GatherTimeseries>[0m
2026-03-27 02:54:33 |[34;20m INFO     [0m|[34;20m nipype.workflow  [0m|[34;20m [Node] Setting-up "_datasink0" in "/local/nvme/ds004996_18.784026/ds/tmp/mriqc_wf/funcMRIQC/ComputeIQMs/e355be0cb16e09c74e622a079cc685af8949e670/datasink/mapflow/_datasink0".[0m
2026-03-27 02:54:33 |[34;20m INFO     [0m|[34;20m nipype.workflow  [0m|[34;20m [Node] Executing "_datasink0" <mriqc.interfaces.bids.IQMFileSink>[0m
2026-03-27 02:54:33 |[34;20m INFO     [0m|[34;20m nipype.workflow  [0m|[34;20m [Node] Finished "_datasink0", elapsed time 0.001927s.[0m
2026-03-27 02:54:33 |[34;20m INFO     [0m|[34;20m nipype.workflow  [0m|[34;20m [Node] Finished "_timeseries0", elapsed time 0.021256s.[0m
2026-03-27 02:54:33 |[34;20m INFO     [0m|[34;20m nipype.workflow  [0m|[34;20m [Node] Setting-up "_ds_timeseries0" in "/local/nvme/ds004996_18.784026/ds/tmp/mriqc_wf/funcMRIQC/ComputeIQMs/e355be0cb16e09c74e622a079cc685af8949e670/ds_timeseries/mapflow/_ds_timeseries0".[0m
2026-03-27 02:54:33 |[34;20m INFO     [0m|[34;20m nipype.workflow  [0m|[34;20m [Node] Executing "_ds_timeseries0" <mriqc.interfaces.DerivativesDataSink>[0m
2026-03-27 02:54:33 |[34;20m INFO     [0m|[34;20m nipype.workflow  [0m|[34;20m [Node] Finished "_ds_timeseries0", elapsed time 0.004254s.[0m
2026-03-27 02:54:33 |[34;20m INFO     [0m|[34;20m nipype.workflow  [0m|[34;20m [Node] Setting-up "_BigPlot0" in "/local/nvme/ds004996_18.784026/ds/tmp/mriqc_wf/funcMRIQC/func_report_wf/6567fbf5e4d33bb92da06f62086a453781364eaf/BigPlot/mapflow/_BigPlot0".[0m
2026-03-27 02:54:33 |[34;20m INFO     [0m|[34;20m nipype.workflow  [0m|[34;20m [Node] Executing "_BigPlot0" <nireports.interfaces.fmri.FMRISummary>[0m
2026-03-27 02:54:34 |[34;20m INFO     [0m|[34;20m nipype.workflow  [0m|[34;20m [Node] Finished "_measures0", elapsed time 1.008008s.[0m
2026-03-27 02:54:35 |[34;20m INFO     [0m|[34;20m nipype.workflow  [0m|[34;20m [Node] Setting-up "_datasink0" in "/local/nvme/ds004996_18.784026/ds/tmp/mriqc_wf/funcMRIQC/ComputeIQMs/6567fbf5e4d33bb92da06f62086a453781364eaf/datasink/mapflow/_datasink0".[0m
2026-03-27 02:54:35 |[34;20m INFO     [0m|[34;20m nipype.workflow  [0m|[34;20m [Node] Executing "_datasink0" <mriqc.interfaces.bids.IQMFileSink>[0m
2026-03-27 02:54:35 |[34;20m INFO     [0m|[34;20m nipype.workflow  [0m|[34;20m [Node] Finished "_datasink0", elapsed time 0.000613s.[0m
2026-03-27 02:54:35 |[34;20m INFO     [0m|[34;20m nipype.workflow  [0m|[34;20m [Node] Setting-up "_ds_timeseries0" in "/local/nvme/ds004996_18.784026/ds/tmp/mriqc_wf/funcMRIQC/ComputeIQMs/6567fbf5e4d33bb92da06f62086a453781364eaf/ds_timeseries/mapflow/_ds_timeseries0".[0m
2026-03-27 02:54:35 |[34;20m INFO     [0m|[34;20m nipype.workflow  [0m|[34;20m [Node] Executing "_ds_timeseries0" <mriqc.interfaces.DerivativesDataSink>[0m
2026-03-27 02:54:35 |[34;20m INFO     [0m|[34;20m nipype.workflow  [0m|[34;20m [Node] Finished "_ds_timeseries0", elapsed time 0.00417s.[0m
2026-03-27 02:54:37 |[34;20m INFO     [0m|[34;20m nipype.workflow  [0m|[34;20m [Node] Finished "_ComputeDVARS0", elapsed time 20.023684s.[0m
2026-03-27 02:54:37 |[34;20m INFO     [0m|[34;20m nipype.workflow  [0m|[34;20m [Node] Finished "_BigPlot0", elapsed time 4.581844s.[0m
2026-03-27 02:54:39 |[34;20m INFO     [0m|[34;20m nipype.workflow  [0m|[34;20m [Node] Setting-up "mriqc_wf.funcMRIQC.synthstrip_wf.post_n4" in "/local/nvme/ds004996_18.784026/ds/tmp/mriqc_wf/funcMRIQC/synthstrip_wf/e355be0cb16e09c74e622a079cc685af8949e670/post_n4".[0m
2026-03-27 02:54:39 |[34;20m INFO     [0m|[34;20m nipype.workflow  [0m|[34;20m [Node] Executing "post_n4" <nipype.interfaces.ants.segmentation.N4BiasFieldCorrection>[0m
2026-03-27 02:54:40 |[34;20m INFO     [0m|[34;20m nipype.workflow  [0m|[34;20m [Node] Finished "post_n4", elapsed time 0.988192s.[0m
2026-03-27 02:54:41 |[34;20m INFO     [0m|[34;20m nipype.workflow  [0m|[34;20m [Node] Setting-up "mriqc_wf.funcMRIQC.SpatialNormalization.EPI2MNI" in "/local/nvme/ds004996_18.784026/ds/tmp/mriqc_wf/funcMRIQC/SpatialNormalization/e355be0cb16e09c74e622a079cc685af8949e670/EPI2MNI".[0m
2026-03-27 02:54:41 |[34;20m INFO     [0m|[34;20m nipype.workflow  [0m|[34;20m [Node] Executing "EPI2MNI" <niworkflows.interfaces.reportlets.registration.SpatialNormalizationRPT>[0m
2026-03-27 02:54:41 |[34;20m INFO     [0m|[34;20m niworkflows      [0m|[34;20m Estimating initial transform using AffineInitializer[0m
2026-03-27 02:54:45 |[34;20m INFO     [0m|[34;20m niworkflows      [0m|[34;20m Terminal outputs of initialization saved (/local/nvme/ds004996_18.784026/ds/tmp/mriqc_wf/funcMRIQC/SpatialNormalization/e355be0cb16e09c74e622a079cc685af8949e670/EPI2MNI/stderr.nipype-init).[0m
2026-03-27 02:54:45 |[34;20m INFO     [0m|[34;20m niworkflows      [0m|[34;20m Loading settings from file /opt/conda/lib/python3.11/site-packages/niworkflows/data/boldref-mni_registration_precise_000.json.[0m
2026-03-27 02:54:45 |[34;20m INFO     [0m|[34;20m niworkflows      [0m|[34;20m Retry #1, commandline: 
antsRegistration --collapse-output-transforms 1 --dimensionality 3 --float 0 --initial-moving-transform [ /local/nvme/ds004996_18.784026/ds/tmp/mriqc_wf/funcMRIQC/SpatialNormalization/e355be0cb16e09c74e622a079cc685af8949e670/EPI2MNI/transform.mat, 0 ] --initialize-transforms-per-stage 0 --interpolation LanczosWindowedSinc --output [ epi_to_mni, epi_to_mni_Warped.nii.gz ] --transform Rigid[ 0.05 ] --metric Mattes[ /templateflow/tpl-MNI152NLin2009cAsym/tpl-MNI152NLin2009cAsym_res-02_desc-fMRIPrep_boldref.nii.gz, /local/nvme/ds004996_18.784026/ds/tmp/mriqc_wf/funcMRIQC/SpatialNormalization/e355be0cb16e09c74e622a079cc685af8949e670/SharpenEPI/sub-18_task-conversation_run-02_desc-realigned_bold_tstat_corrected.nii.gz, 1, 56, Regular, 0.25 ] --convergence [ 10000x1000x100, 1e-06, 20 ] --smoothing-sigmas 4.0x2.0x1.0vox --shrink-factors 4x2x1 --use-histogram-matching 1 --masks [ /templateflow/tpl-MNI152NLin2009cAsym/tpl-MNI152NLin2009cAsym_res-02_desc-brain_mask.nii.gz, /local/nvme/ds004996_18.784026/ds/tmp/mriqc_wf/funcMRIQC/synthstrip_wf/e355be0cb16e09c74e622a079cc685af8949e670/synthstrip/clipped_corrected_desc-brain_mask.nii.gz ] --transform Affine[ 0.08 ] --metric Mattes[ /templateflow/tpl-MNI152NLin2009cAsym/tpl-MNI152NLin2009cAsym_res-02_desc-fMRIPrep_boldref.nii.gz, /local/nvme/ds004996_18.784026/ds/tmp/mriqc_wf/funcMRIQC/SpatialNormalization/e355be0cb16e09c74e622a079cc685af8949e670/SharpenEPI/sub-18_task-conversation_run-02_desc-realigned_bold_tstat_corrected.nii.gz, 1, 56, Regular, 0.25 ] --convergence [ 500x250x100, 1e-06, 20 ] --smoothing-sigmas 4.0x2.0x1.0vox --shrink-factors 8x4x2 --use-histogram-matching 1 --masks [ /templateflow/tpl-MNI152NLin2009cAsym/tpl-MNI152NLin2009cAsym_res-02_desc-brain_mask.nii.gz, /local/nvme/ds004996_18.784026/ds/tmp/mriqc_wf/funcMRIQC/synthstrip_wf/e355be0cb16e09c74e622a079cc685af8949e670/synthstrip/clipped_corrected_desc-brain_mask.nii.gz ] --transform SyN[ 0.1, 3.0, 0.0 ] --metric CC[ /templateflow/tpl-MNI152NLin2009cAsym/tpl-MNI152NLin2009cAsym_res-02_desc-fMRIPrep_boldref.nii.gz, /local/nvme/ds004996_18.784026/ds/tmp/mriqc_wf/funcMRIQC/SpatialNormalization/e355be0cb16e09c74e622a079cc685af8949e670/SharpenEPI/sub-18_task-conversation_run-02_desc-realigned_bold_tstat_corrected.nii.gz, 1, 4, None, 1 ] --convergence [ 100x30x20, 1e-06, 10 ] --smoothing-sigmas 3.0x2.0x1.0vox --shrink-factors 8x4x2 --use-histogram-matching 1 --masks [ /templateflow/tpl-MNI152NLin2009cAsym/tpl-MNI152NLin2009cAsym_res-02_desc-brain_mask.nii.gz, /local/nvme/ds004996_18.784026/ds/tmp/mriqc_wf/funcMRIQC/synthstrip_wf/e355be0cb16e09c74e622a079cc685af8949e670/synthstrip/clipped_corrected_desc-brain_mask.nii.gz ] --winsorize-image-intensities [ 0.005, 0.995 ]  --write-composite-transform 1[0m
2026-03-27 02:54:56 |[34;20m INFO     [0m|[34;20m niworkflows      [0m|[34;20m Successful spatial normalization (retry #1).[0m
2026-03-27 02:54:56 |[34;20m INFO     [0m|[34;20m niworkflows      [0m|[34;20m Report - setting fixed (/templateflow/tpl-MNI152NLin2009cAsym/tpl-MNI152NLin2009cAsym_res-02_desc-fMRIPrep_boldref.nii.gz) and moving (/local/nvme/ds004996_18.784026/ds/tmp/mriqc_wf/funcMRIQC/SpatialNormalization/e355be0cb16e09c74e622a079cc685af8949e670/EPI2MNI/epi_to_mni_Warped.nii.gz) images[0m
2026-03-27 02:54:56 |[34;20m INFO     [0m|[34;20m niworkflows      [0m|[34;20m Generating visual report[0m
2026-03-27 02:55:11 |[34;20m INFO     [0m|[34;20m nipype.workflow  [0m|[34;20m [Node] Finished "EPI2MNI", elapsed time 30.909557s.[0m
2026-03-27 02:55:13 |[34;20m INFO     [0m|[34;20m nipype.workflow  [0m|[34;20m [Node] Setting-up "mriqc_wf.funcMRIQC.synthstrip_wf.post_n4" in "/local/nvme/ds004996_18.784026/ds/tmp/mriqc_wf/funcMRIQC/synthstrip_wf/0f6c947b8869a38a9aabe8ecd844648e4fe2e3d1/post_n4".[0m
2026-03-27 02:55:13 |[34;20m INFO     [0m|[34;20m nipype.workflow  [0m|[34;20m [Node] Executing "post_n4" <nipype.interfaces.ants.segmentation.N4BiasFieldCorrection>[0m
2026-03-27 02:55:13 |[34;20m INFO     [0m|[34;20m nipype.workflow  [0m|[34;20m [Node] Finished "post_n4", elapsed time 0.93556s.[0m
2026-03-27 02:55:15 |[34;20m INFO     [0m|[34;20m nipype.workflow  [0m|[34;20m [Node] Setting-up "mriqc_wf.funcMRIQC.SpatialNormalization.EPI2MNI" in "/local/nvme/ds004996_18.784026/ds/tmp/mriqc_wf/funcMRIQC/SpatialNormalization/0f6c947b8869a38a9aabe8ecd844648e4fe2e3d1/EPI2MNI".[0m
2026-03-27 02:55:15 |[34;20m INFO     [0m|[34;20m nipype.workflow  [0m|[34;20m [Node] Executing "EPI2MNI" <niworkflows.interfaces.reportlets.registration.SpatialNormalizationRPT>[0m
2026-03-27 02:55:15 |[34;20m INFO     [0m|[34;20m niworkflows      [0m|[34;20m Estimating initial transform using AffineInitializer[0m
2026-03-27 02:55:19 |[34;20m INFO     [0m|[34;20m niworkflows      [0m|[34;20m Terminal outputs of initialization saved (/local/nvme/ds004996_18.784026/ds/tmp/mriqc_wf/funcMRIQC/SpatialNormalization/0f6c947b8869a38a9aabe8ecd844648e4fe2e3d1/EPI2MNI/stderr.nipype-init).[0m
2026-03-27 02:55:19 |[34;20m INFO     [0m|[34;20m niworkflows      [0m|[34;20m Loading settings from file /opt/conda/lib/python3.11/site-packages/niworkflows/data/boldref-mni_registration_precise_000.json.[0m
2026-03-27 02:55:19 |[34;20m INFO     [0m|[34;20m niworkflows      [0m|[34;20m Retry #1, commandline: 
antsRegistration --collapse-output-transforms 1 --dimensionality 3 --float 0 --initial-moving-transform [ /local/nvme/ds004996_18.784026/ds/tmp/mriqc_wf/funcMRIQC/SpatialNormalization/0f6c947b8869a38a9aabe8ecd844648e4fe2e3d1/EPI2MNI/transform.mat, 0 ] --initialize-transforms-per-stage 0 --interpolation LanczosWindowedSinc --output [ epi_to_mni, epi_to_mni_Warped.nii.gz ] --transform Rigid[ 0.05 ] --metric Mattes[ /templateflow/tpl-MNI152NLin2009cAsym/tpl-MNI152NLin2009cAsym_res-02_desc-fMRIPrep_boldref.nii.gz, /local/nvme/ds004996_18.784026/ds/tmp/mriqc_wf/funcMRIQC/SpatialNormalization/0f6c947b8869a38a9aabe8ecd844648e4fe2e3d1/SharpenEPI/sub-18_task-conversation_run-03_desc-realigned_bold_tstat_corrected.nii.gz, 1, 56, Regular, 0.25 ] --convergence [ 10000x1000x100, 1e-06, 20 ] --smoothing-sigmas 4.0x2.0x1.0vox --shrink-factors 4x2x1 --use-histogram-matching 1 --masks [ /templateflow/tpl-MNI152NLin2009cAsym/tpl-MNI152NLin2009cAsym_res-02_desc-brain_mask.nii.gz, /local/nvme/ds004996_18.784026/ds/tmp/mriqc_wf/funcMRIQC/synthstrip_wf/0f6c947b8869a38a9aabe8ecd844648e4fe2e3d1/synthstrip/clipped_corrected_desc-brain_mask.nii.gz ] --transform Affine[ 0.08 ] --metric Mattes[ /templateflow/tpl-MNI152NLin2009cAsym/tpl-MNI152NLin2009cAsym_res-02_desc-fMRIPrep_boldref.nii.gz, /local/nvme/ds004996_18.784026/ds/tmp/mriqc_wf/funcMRIQC/SpatialNormalization/0f6c947b8869a38a9aabe8ecd844648e4fe2e3d1/SharpenEPI/sub-18_task-conversation_run-03_desc-realigned_bold_tstat_corrected.nii.gz, 1, 56, Regular, 0.25 ] --convergence [ 500x250x100, 1e-06, 20 ] --smoothing-sigmas 4.0x2.0x1.0vox --shrink-factors 8x4x2 --use-histogram-matching 1 --masks [ /templateflow/tpl-MNI152NLin2009cAsym/tpl-MNI152NLin2009cAsym_res-02_desc-brain_mask.nii.gz, /local/nvme/ds004996_18.784026/ds/tmp/mriqc_wf/funcMRIQC/synthstrip_wf/0f6c947b8869a38a9aabe8ecd844648e4fe2e3d1/synthstrip/clipped_corrected_desc-brain_mask.nii.gz ] --transform SyN[ 0.1, 3.0, 0.0 ] --metric CC[ /templateflow/tpl-MNI152NLin2009cAsym/tpl-MNI152NLin2009cAsym_res-02_desc-fMRIPrep_boldref.nii.gz, /local/nvme/ds004996_18.784026/ds/tmp/mriqc_wf/funcMRIQC/SpatialNormalization/0f6c947b8869a38a9aabe8ecd844648e4fe2e3d1/SharpenEPI/sub-18_task-conversation_run-03_desc-realigned_bold_tstat_corrected.nii.gz, 1, 4, None, 1 ] --convergence [ 100x30x20, 1e-06, 10 ] --smoothing-sigmas 3.0x2.0x1.0vox --shrink-factors 8x4x2 --use-histogram-matching 1 --masks [ /templateflow/tpl-MNI152NLin2009cAsym/tpl-MNI152NLin2009cAsym_res-02_desc-brain_mask.nii.gz, /local/nvme/ds004996_18.784026/ds/tmp/mriqc_wf/funcMRIQC/synthstrip_wf/0f6c947b8869a38a9aabe8ecd844648e4fe2e3d1/synthstrip/clipped_corrected_desc-brain_mask.nii.gz ] --winsorize-image-intensities [ 0.005, 0.995 ]  --write-composite-transform 1[0m
2026-03-27 02:55:30 |[34;20m INFO     [0m|[34;20m niworkflows      [0m|[34;20m Successful spatial normalization (retry #1).[0m
2026-03-27 02:55:30 |[34;20m INFO     [0m|[34;20m niworkflows      [0m|[34;20m Report - setting fixed (/templateflow/tpl-MNI152NLin2009cAsym/tpl-MNI152NLin2009cAsym_res-02_desc-fMRIPrep_boldref.nii.gz) and moving (/local/nvme/ds004996_18.784026/ds/tmp/mriqc_wf/funcMRIQC/SpatialNormalization/0f6c947b8869a38a9aabe8ecd844648e4fe2e3d1/EPI2MNI/epi_to_mni_Warped.nii.gz) images[0m
2026-03-27 02:55:30 |[34;20m INFO     [0m|[34;20m niworkflows      [0m|[34;20m Generating visual report[0m
2026-03-27 02:55:45 |[34;20m INFO     [0m|[34;20m nipype.workflow  [0m|[34;20m [Node] Finished "EPI2MNI", elapsed time 30.527382s.[0m
2026-03-27 02:55:47 |[34;20m INFO     [0m|[34;20m nipype.workflow  [0m|[34;20m [Node] Setting-up "mriqc_wf.funcMRIQC.func_report_wf.ds_report_norm" in "/local/nvme/ds004996_18.784026/ds/tmp/mriqc_wf/funcMRIQC/func_report_wf/e355be0cb16e09c74e622a079cc685af8949e670/ds_report_norm".[0m
2026-03-27 02:55:47 |[34;20m INFO     [0m|[34;20m nipype.workflow  [0m|[34;20m [Node] Setting-up "mriqc_wf.funcMRIQC.synthstrip_wf.final_masked" in "/local/nvme/ds004996_18.784026/ds/tmp/mriqc_wf/funcMRIQC/synthstrip_wf/e355be0cb16e09c74e622a079cc685af8949e670/final_masked".[0m
2026-03-27 02:55:47 |[34;20m INFO     [0m|[34;20m nipype.workflow  [0m|[34;20m [Node] Executing "final_masked" <niworkflows.interfaces.nibabel.ApplyMask>[0m
2026-03-27 02:55:47 |[34;20m INFO     [0m|[34;20m nipype.workflow  [0m|[34;20m [Node] Executing "ds_report_norm" <mriqc.interfaces.DerivativesDataSink>[0m
2026-03-27 02:55:47 |[34;20m INFO     [0m|[34;20m nipype.workflow  [0m|[34;20m [Node] Finished "ds_report_norm", elapsed time 0.004935s.[0m
2026-03-27 02:55:47 |[34;20m INFO     [0m|[34;20m nipype.workflow  [0m|[34;20m [Node] Setting-up "mriqc_wf.funcMRIQC.SpatialNormalization.ResampleSegmentation" in "/local/nvme/ds004996_18.784026/ds/tmp/mriqc_wf/funcMRIQC/SpatialNormalization/e355be0cb16e09c74e622a079cc685af8949e670/ResampleSegmentation".[0m
2026-03-27 02:55:47 |[34;20m INFO     [0m|[34;20m nipype.workflow  [0m|[34;20m [Node] Executing "ResampleSegmentation" <nipype.interfaces.ants.resampling.ApplyTransforms>[0m
2026-03-27 02:55:47 |[34;20m INFO     [0m|[34;20m nipype.workflow  [0m|[34;20m [Node] Finished "final_masked", elapsed time 0.032993s.[0m
2026-03-27 02:55:47 |[34;20m INFO     [0m|[34;20m nipype.workflow  [0m|[34;20m [Node] Setting-up "mriqc_wf.funcMRIQC.func_report_wf.ds_report_norm" in "/local/nvme/ds004996_18.784026/ds/tmp/mriqc_wf/funcMRIQC/func_report_wf/0f6c947b8869a38a9aabe8ecd844648e4fe2e3d1/ds_report_norm".[0m
2026-03-27 02:55:47 |[34;20m INFO     [0m|[34;20m nipype.workflow  [0m|[34;20m [Node] Setting-up "mriqc_wf.funcMRIQC.synthstrip_wf.final_masked" in "/local/nvme/ds004996_18.784026/ds/tmp/mriqc_wf/funcMRIQC/synthstrip_wf/0f6c947b8869a38a9aabe8ecd844648e4fe2e3d1/final_masked".[0m
2026-03-27 02:55:47 |[34;20m INFO     [0m|[34;20m nipype.workflow  [0m|[34;20m [Node] Setting-up "mriqc_wf.funcMRIQC.SpatialNormalization.ResampleSegmentation" in "/local/nvme/ds004996_18.784026/ds/tmp/mriqc_wf/funcMRIQC/SpatialNormalization/0f6c947b8869a38a9aabe8ecd844648e4fe2e3d1/ResampleSegmentation".[0m
2026-03-27 02:55:47 |[34;20m INFO     [0m|[34;20m nipype.workflow  [0m|[34;20m [Node] Executing "final_masked" <niworkflows.interfaces.nibabel.ApplyMask>[0m
2026-03-27 02:55:47 |[34;20m INFO     [0m|[34;20m nipype.workflow  [0m|[34;20m [Node] Executing "ds_report_norm" <mriqc.interfaces.DerivativesDataSink>[0m
2026-03-27 02:55:47 |[34;20m INFO     [0m|[34;20m nipype.workflow  [0m|[34;20m [Node] Executing "ResampleSegmentation" <nipype.interfaces.ants.resampling.ApplyTransforms>[0m
2026-03-27 02:55:47 |[34;20m INFO     [0m|[34;20m nipype.workflow  [0m|[34;20m [Node] Finished "ds_report_norm", elapsed time 0.004892s.[0m
2026-03-27 02:55:47 |[34;20m INFO     [0m|[34;20m nipype.workflow  [0m|[34;20m [Node] Finished "final_masked", elapsed time 0.029941s.[0m
2026-03-27 02:55:47 |[34;20m INFO     [0m|[34;20m nipype.workflow  [0m|[34;20m [Node] Setting-up "_measures0" in "/local/nvme/ds004996_18.784026/ds/tmp/mriqc_wf/funcMRIQC/ComputeIQMs/0f6c947b8869a38a9aabe8ecd844648e4fe2e3d1/measures/mapflow/_measures0".[0m
2026-03-27 02:55:47 |[34;20m INFO     [0m|[34;20m nipype.workflow  [0m|[34;20m [Node] Executing "_measures0" <mriqc.interfaces.functional.FunctionalQC>[0m
2026-03-27 02:55:48 |[34;20m INFO     [0m|[34;20m nipype.workflow  [0m|[34;20m [Node] Finished "_measures0", elapsed time 1.197768s.[0m
2026-03-27 02:55:49 |[34;20m INFO     [0m|[34;20m nipype.workflow  [0m|[34;20m [Node] Setting-up "_timeseries0" in "/local/nvme/ds004996_18.784026/ds/tmp/mriqc_wf/funcMRIQC/ComputeIQMs/0f6c947b8869a38a9aabe8ecd844648e4fe2e3d1/timeseries/mapflow/_timeseries0".[0m
2026-03-27 02:55:49 |[34;20m INFO     [0m|[34;20m nipype.workflow  [0m|[34;20m [Node] Executing "_timeseries0" <mriqc.interfaces.functional.GatherTimeseries>[0m
2026-03-27 02:55:49 |[34;20m INFO     [0m|[34;20m nipype.workflow  [0m|[34;20m [Node] Setting-up "_datasink0" in "/local/nvme/ds004996_18.784026/ds/tmp/mriqc_wf/funcMRIQC/ComputeIQMs/0f6c947b8869a38a9aabe8ecd844648e4fe2e3d1/datasink/mapflow/_datasink0".[0m
2026-03-27 02:55:49 |[34;20m INFO     [0m|[34;20m nipype.workflow  [0m|[34;20m [Node] Executing "_datasink0" <mriqc.interfaces.bids.IQMFileSink>[0m
2026-03-27 02:55:49 |[34;20m INFO     [0m|[34;20m nipype.workflow  [0m|[34;20m [Node] Finished "_datasink0", elapsed time 0.000589s.[0m
2026-03-27 02:55:49 |[34;20m INFO     [0m|[34;20m nipype.workflow  [0m|[34;20m [Node] Finished "_timeseries0", elapsed time 0.015281s.[0m
2026-03-27 02:55:49 |[34;20m INFO     [0m|[34;20m nipype.workflow  [0m|[34;20m [Node] Setting-up "_ds_report_carpet0" in "/local/nvme/ds004996_18.784026/ds/tmp/mriqc_wf/funcMRIQC/func_report_wf/6567fbf5e4d33bb92da06f62086a453781364eaf/ds_report_carpet/mapflow/_ds_report_carpet0".[0m
2026-03-27 02:55:49 |[34;20m INFO     [0m|[34;20m nipype.workflow  [0m|[34;20m [Node] Executing "_ds_report_carpet0" <mriqc.interfaces.DerivativesDataSink>[0m
2026-03-27 02:55:49 |[34;20m INFO     [0m|[34;20m nipype.workflow  [0m|[34;20m [Node] Finished "_ds_report_carpet0", elapsed time 0.005089s.[0m
2026-03-27 02:55:49 |[34;20m INFO     [0m|[34;20m nipype.workflow  [0m|[34;20m [Node] Finished "ResampleSegmentation", elapsed time 2.511388s.[0m
2026-03-27 02:55:49 |[34;20m INFO     [0m|[34;20m nipype.workflow  [0m|[34;20m [Node] Finished "ResampleSegmentation", elapsed time 2.492101s.[0m
2026-03-27 02:55:51 |[34;20m INFO     [0m|[34;20m nipype.workflow  [0m|[34;20m [Node] Setting-up "mriqc_wf.funcMRIQC.func_report_wf.parcels" in "/local/nvme/ds004996_18.784026/ds/tmp/mriqc_wf/funcMRIQC/func_report_wf/e355be0cb16e09c74e622a079cc685af8949e670/parcels".[0m
2026-03-27 02:55:51 |[34;20m INFO     [0m|[34;20m nipype.workflow  [0m|[34;20m [Node] Executing "parcels" <nipype.interfaces.utility.wrappers.Function>[0m
2026-03-27 02:55:51 |[34;20m INFO     [0m|[34;20m nipype.workflow  [0m|[34;20m [Node] Setting-up "_ds_timeseries0" in "/local/nvme/ds004996_18.784026/ds/tmp/mriqc_wf/funcMRIQC/ComputeIQMs/0f6c947b8869a38a9aabe8ecd844648e4fe2e3d1/ds_timeseries/mapflow/_ds_timeseries0".[0m
2026-03-27 02:55:51 |[34;20m INFO     [0m|[34;20m nipype.workflow  [0m|[34;20m [Node] Executing "_ds_timeseries0" <mriqc.interfaces.DerivativesDataSink>[0m
2026-03-27 02:55:51 |[34;20m INFO     [0m|[34;20m nipype.workflow  [0m|[34;20m [Node] Finished "_ds_timeseries0", elapsed time 0.004048s.[0m
2026-03-27 02:55:51 |[34;20m INFO     [0m|[34;20m nipype.workflow  [0m|[34;20m [Node] Finished "parcels", elapsed time 0.022752s.[0m
2026-03-27 02:55:51 |[34;20m INFO     [0m|[34;20m nipype.workflow  [0m|[34;20m [Node] Setting-up "mriqc_wf.funcMRIQC.func_report_wf.parcels" in "/local/nvme/ds004996_18.784026/ds/tmp/mriqc_wf/funcMRIQC/func_report_wf/0f6c947b8869a38a9aabe8ecd844648e4fe2e3d1/parcels".[0m
2026-03-27 02:55:51 |[34;20m INFO     [0m|[34;20m nipype.workflow  [0m|[34;20m [Node] Executing "parcels" <nipype.interfaces.utility.wrappers.Function>[0m
2026-03-27 02:55:51 |[34;20m INFO     [0m|[34;20m nipype.workflow  [0m|[34;20m [Node] Finished "parcels", elapsed time 0.021142s.[0m
2026-03-27 02:55:53 |[34;20m INFO     [0m|[34;20m nipype.workflow  [0m|[34;20m [Node] Setting-up "_BigPlot0" in "/local/nvme/ds004996_18.784026/ds/tmp/mriqc_wf/funcMRIQC/func_report_wf/e355be0cb16e09c74e622a079cc685af8949e670/BigPlot/mapflow/_BigPlot0".[0m
2026-03-27 02:55:53 |[34;20m INFO     [0m|[34;20m nipype.workflow  [0m|[34;20m [Node] Setting-up "_BigPlot0" in "/local/nvme/ds004996_18.784026/ds/tmp/mriqc_wf/funcMRIQC/func_report_wf/0f6c947b8869a38a9aabe8ecd844648e4fe2e3d1/BigPlot/mapflow/_BigPlot0".[0m
2026-03-27 02:55:53 |[34;20m INFO     [0m|[34;20m nipype.workflow  [0m|[34;20m [Node] Executing "_BigPlot0" <nireports.interfaces.fmri.FMRISummary>[0m
2026-03-27 02:55:53 |[34;20m INFO     [0m|[34;20m nipype.workflow  [0m|[34;20m [Node] Executing "_BigPlot0" <nireports.interfaces.fmri.FMRISummary>[0m
2026-03-27 02:55:57 |[34;20m INFO     [0m|[34;20m nipype.workflow  [0m|[34;20m [Node] Finished "_BigPlot0", elapsed time 4.200419s.[0m
2026-03-27 02:55:58 |[34;20m INFO     [0m|[34;20m nipype.workflow  [0m|[34;20m [Node] Finished "_BigPlot0", elapsed time 5.607136s.[0m
2026-03-27 02:55:59 |[34;20m INFO     [0m|[34;20m nipype.workflow  [0m|[34;20m [Node] Setting-up "_ds_report_carpet0" in "/local/nvme/ds004996_18.784026/ds/tmp/mriqc_wf/funcMRIQC/func_report_wf/e355be0cb16e09c74e622a079cc685af8949e670/ds_report_carpet/mapflow/_ds_report_carpet0".[0m
2026-03-27 02:55:59 |[34;20m INFO     [0m|[34;20m nipype.workflow  [0m|[34;20m [Node] Executing "_ds_report_carpet0" <mriqc.interfaces.DerivativesDataSink>[0m
2026-03-27 02:55:59 |[34;20m INFO     [0m|[34;20m nipype.workflow  [0m|[34;20m [Node] Finished "_ds_report_carpet0", elapsed time 0.00534s.[0m
2026-03-27 02:55:59 |[34;20m INFO     [0m|[34;20m nipype.workflow  [0m|[34;20m [Node] Setting-up "_ds_report_carpet0" in "/local/nvme/ds004996_18.784026/ds/tmp/mriqc_wf/funcMRIQC/func_report_wf/0f6c947b8869a38a9aabe8ecd844648e4fe2e3d1/ds_report_carpet/mapflow/_ds_report_carpet0".[0m
2026-03-27 02:55:59 |[34;20m INFO     [0m|[34;20m nipype.workflow  [0m|[34;20m [Node] Executing "_ds_report_carpet0" <mriqc.interfaces.DerivativesDataSink>[0m
2026-03-27 02:55:59 |[34;20m INFO     [0m|[34;20m nipype.workflow  [0m|[34;20m [Node] Finished "_ds_report_carpet0", elapsed time 0.004964s.[0m
2026-03-27 02:56:01 |[34;20m INFO     [0m|[34;20m nipype.workflow  [0m|[34;20m Generating reports...[0m
2026-03-27 02:56:01 |[34;20m INFO     [0m|[34;20m nipype.workflow  [0m|[34;20m Report generation finished (3 reports).[0m
2026-03-27 02:56:01 |[33;20m IMPORTANT [0m|[33;20m mriqc            [0m|[33;20m Participant level finished successfully averaging 00h 06min 35s per subject.[0m
2026-03-27 02:56:01 |[34;20m INFO     [0m|[34;20m mriqc            [0m|[34;20m Generating BIDS derivatives metadata.[0m
----------------------------------------------------------------
  MRIQC completed (elapsed time 00h 19min 46s).
----------------------------------------------------------------

