------------------------------------------------------------------
  Running MRIQC version 24.1.0.dev0+gd5b13cb5.d20240826
  ----------------------------------------------------------------

  NOTICE
  Copyright © The NiPreps Developers.
  
  This product includes software developed by
  the NiPreps Community (https://nipreps.org/).
  
  Portions of this software were developed at the Department of
  Psychology at Stanford University, Stanford, CA, US.
  
  This software contains code ultimately derived from the
  PCP Quality Assessment Protocol (QAP;
  http://preprocessed-connectomes-project.org/quality-assessment-protocol)
  by C. Craddock, S. Giavasis, D. Clark, Z. Shezhad, and J. Pellman.
  
  This software is also distributed as a Docker container image.
  The bootstrapping file for the image ("Dockerfile") is licensed
  under the MIT License.

  ----------------------------------------------------------------

  * BIDS dataset path: /local/nvme/ds004996_55.784026/ds/sourcedata/raw.
  * Output folder: mriqc.
  * Analysis levels: ['participant'].
------------------------------------------------------------------

2026-03-27 02:36:55 |[33;20m IMPORTANT [0m|[33;20m mriqc            [0m|[33;20m Extracting metadata and entities for 3 input runs of modality 'bold'...[0m
2026-03-27 02:36:55 |[33;20m IMPORTANT [0m|[33;20m mriqc            [0m|[33;20m File size ('bold'): 0.41|0.41 GB [maximum|average].[0m
2026-03-27 02:36:55 |[34;20m INFO     [0m|[34;20m mriqc            [0m|[34;20m MRIQC config file: /local/nvme/ds004996_55.784026/ds/tmp/config-20260327-023649_33937b62-4e4b-4e6d-b7db-a7866a591b43.toml.[0m
2026-03-27 02:37:02 |[34;20m INFO     [0m|[34;20m matplotlib.font_manager [0m|[34;20m generated new fontManager[0m
2026-03-27 02:37:03 |[33;20m IMPORTANT [0m|[33;20m mriqc            [0m|[33;20m Building MRIQC's workflows...[0m
2026-03-27 02:37:04 |[34;20m INFO     [0m|[34;20m nipype.workflow  [0m|[34;20m Building functional MRIQC workflow for 3 BOLD runs..[0m
2026-03-27 02:37:09 |[33;20m IMPORTANT [0m|[33;20m mriqc            [0m|[33;20m Workflow building finished (exit code 0).[0m
2026-03-27 02:37:14 |[34;20m INFO     [0m|[34;20m nipype.workflow  [0m|[34;20m Workflow mriqc_wf settings: ['check', 'execution', 'logging', 'monitoring'][0m
2026-03-27 02:37:15 |[34;20m INFO     [0m|[34;20m nipype.workflow  [0m|[34;20m [Node] Setting-up "mriqc_wf.funcMRIQC.pick_echo" in "/local/nvme/ds004996_55.784026/ds/tmp/mriqc_wf/funcMRIQC/64fe28c47adbfc6de50e07995b62a8aec61458a9/pick_echo".[0m
2026-03-27 02:37:15 |[34;20m INFO     [0m|[34;20m nipype.workflow  [0m|[34;20m [Node] Setting-up "_provenance0" in "/local/nvme/ds004996_55.784026/ds/tmp/mriqc_wf/funcMRIQC/ComputeIQMs/64fe28c47adbfc6de50e07995b62a8aec61458a9/provenance/mapflow/_provenance0".[0m
2026-03-27 02:37:15 |[34;20m INFO     [0m|[34;20m nipype.workflow  [0m|[34;20m [Node] Executing "_provenance0" <mriqc.interfaces.reports.AddProvenance>[0m
2026-03-27 02:37:15 |[34;20m INFO     [0m|[34;20m nipype.workflow  [0m|[34;20m [Node] Executing "pick_echo" <mriqc.interfaces.functional.SelectEcho>[0m
2026-03-27 02:37:15 |[34;20m INFO     [0m|[34;20m nipype.workflow  [0m|[34;20m [Node] Finished "pick_echo", elapsed time 0.000487s.[0m
2026-03-27 02:37:16 |[34;20m INFO     [0m|[34;20m nipype.workflow  [0m|[34;20m [Node] Finished "_provenance0", elapsed time 0.830572s.[0m
2026-03-27 02:37:16 |[34;20m INFO     [0m|[34;20m nipype.workflow  [0m|[34;20m [Node] Setting-up "mriqc_wf.funcMRIQC.pick_echo" in "/local/nvme/ds004996_55.784026/ds/tmp/mriqc_wf/funcMRIQC/7a828358d9b8a5a192bdc8ec44fb7f1f0b7dcc17/pick_echo".[0m
2026-03-27 02:37:16 |[34;20m INFO     [0m|[34;20m nipype.workflow  [0m|[34;20m [Node] Setting-up "_provenance0" in "/local/nvme/ds004996_55.784026/ds/tmp/mriqc_wf/funcMRIQC/ComputeIQMs/7a828358d9b8a5a192bdc8ec44fb7f1f0b7dcc17/provenance/mapflow/_provenance0".[0m
2026-03-27 02:37:16 |[34;20m INFO     [0m|[34;20m nipype.workflow  [0m|[34;20m [Node] Executing "_provenance0" <mriqc.interfaces.reports.AddProvenance>[0m
2026-03-27 02:37:16 |[34;20m INFO     [0m|[34;20m nipype.workflow  [0m|[34;20m [Node] Executing "pick_echo" <mriqc.interfaces.functional.SelectEcho>[0m
2026-03-27 02:37:16 |[34;20m INFO     [0m|[34;20m nipype.workflow  [0m|[34;20m [Node] Finished "pick_echo", elapsed time 0.000513s.[0m
2026-03-27 02:37:17 |[34;20m INFO     [0m|[34;20m nipype.workflow  [0m|[34;20m [Node] Finished "_provenance0", elapsed time 0.812694s.[0m
2026-03-27 02:37:17 |[34;20m INFO     [0m|[34;20m nipype.workflow  [0m|[34;20m [Node] Setting-up "_provenance0" in "/local/nvme/ds004996_55.784026/ds/tmp/mriqc_wf/funcMRIQC/ComputeIQMs/54a910c0d44a25d3a8d23d874dcf4e5d598c4ebe/provenance/mapflow/_provenance0".[0m
2026-03-27 02:37:17 |[34;20m INFO     [0m|[34;20m nipype.workflow  [0m|[34;20m [Node] Setting-up "mriqc_wf.funcMRIQC.pick_echo" in "/local/nvme/ds004996_55.784026/ds/tmp/mriqc_wf/funcMRIQC/54a910c0d44a25d3a8d23d874dcf4e5d598c4ebe/pick_echo".[0m
2026-03-27 02:37:17 |[34;20m INFO     [0m|[34;20m nipype.workflow  [0m|[34;20m [Node] Executing "_provenance0" <mriqc.interfaces.reports.AddProvenance>[0m
2026-03-27 02:37:17 |[34;20m INFO     [0m|[34;20m nipype.workflow  [0m|[34;20m [Node] Executing "pick_echo" <mriqc.interfaces.functional.SelectEcho>[0m
2026-03-27 02:37:17 |[34;20m INFO     [0m|[34;20m nipype.workflow  [0m|[34;20m [Node] Finished "pick_echo", elapsed time 0.000535s.[0m
2026-03-27 02:37:17 |[34;20m INFO     [0m|[34;20m nipype.workflow  [0m|[34;20m [Node] Finished "_provenance0", elapsed time 0.816577s.[0m
2026-03-27 02:37:18 |[34;20m INFO     [0m|[34;20m nipype.workflow  [0m|[34;20m [Node] Setting-up "mriqc_wf.funcMRIQC.non_steady_state_detector" in "/local/nvme/ds004996_55.784026/ds/tmp/mriqc_wf/funcMRIQC/64fe28c47adbfc6de50e07995b62a8aec61458a9/non_steady_state_detector".[0m
2026-03-27 02:37:18 |[34;20m INFO     [0m|[34;20m nipype.workflow  [0m|[34;20m [Node] Setting-up "mriqc_wf.funcMRIQC.non_steady_state_detector" in "/local/nvme/ds004996_55.784026/ds/tmp/mriqc_wf/funcMRIQC/54a910c0d44a25d3a8d23d874dcf4e5d598c4ebe/non_steady_state_detector".[0m
2026-03-27 02:37:18 |[34;20m INFO     [0m|[34;20m nipype.workflow  [0m|[34;20m [Node] Setting-up "mriqc_wf.funcMRIQC.non_steady_state_detector" in "/local/nvme/ds004996_55.784026/ds/tmp/mriqc_wf/funcMRIQC/7a828358d9b8a5a192bdc8ec44fb7f1f0b7dcc17/non_steady_state_detector".[0m
2026-03-27 02:37:18 |[34;20m INFO     [0m|[34;20m nipype.workflow  [0m|[34;20m [Node] Executing "non_steady_state_detector" <nipype.algorithms.confounds.NonSteadyStateDetector>[0m
2026-03-27 02:37:18 |[34;20m INFO     [0m|[34;20m nipype.workflow  [0m|[34;20m [Node] Executing "non_steady_state_detector" <nipype.algorithms.confounds.NonSteadyStateDetector>[0m
2026-03-27 02:37:18 |[34;20m INFO     [0m|[34;20m nipype.workflow  [0m|[34;20m [Node] Executing "non_steady_state_detector" <nipype.algorithms.confounds.NonSteadyStateDetector>[0m
2026-03-27 02:37:18 |[34;20m INFO     [0m|[34;20m nipype.workflow  [0m|[34;20m [Node] Finished "non_steady_state_detector", elapsed time 0.031679s.[0m
2026-03-27 02:37:18 |[34;20m INFO     [0m|[34;20m nipype.workflow  [0m|[34;20m [Node] Finished "non_steady_state_detector", elapsed time 0.031853s.[0m
2026-03-27 02:37:18 |[34;20m INFO     [0m|[34;20m nipype.workflow  [0m|[34;20m [Node] Finished "non_steady_state_detector", elapsed time 0.042825s.[0m
2026-03-27 02:37:20 |[34;20m INFO     [0m|[34;20m nipype.workflow  [0m|[34;20m [Node] Setting-up "_sanitize0" in "/local/nvme/ds004996_55.784026/ds/tmp/mriqc_wf/funcMRIQC/54a910c0d44a25d3a8d23d874dcf4e5d598c4ebe/sanitize/mapflow/_sanitize0".[0m
2026-03-27 02:37:20 |[34;20m INFO     [0m|[34;20m nipype.workflow  [0m|[34;20m [Node] Setting-up "_sanitize0" in "/local/nvme/ds004996_55.784026/ds/tmp/mriqc_wf/funcMRIQC/64fe28c47adbfc6de50e07995b62a8aec61458a9/sanitize/mapflow/_sanitize0".[0m
2026-03-27 02:37:20 |[34;20m INFO     [0m|[34;20m nipype.workflow  [0m|[34;20m [Node] Setting-up "_sanitize0" in "/local/nvme/ds004996_55.784026/ds/tmp/mriqc_wf/funcMRIQC/7a828358d9b8a5a192bdc8ec44fb7f1f0b7dcc17/sanitize/mapflow/_sanitize0".[0m
2026-03-27 02:37:20 |[34;20m INFO     [0m|[34;20m nipype.workflow  [0m|[34;20m [Node] Executing "_sanitize0" <niworkflows.interfaces.header.SanitizeImage>[0m
2026-03-27 02:37:20 |[34;20m INFO     [0m|[34;20m nipype.workflow  [0m|[34;20m [Node] Executing "_sanitize0" <niworkflows.interfaces.header.SanitizeImage>[0m
2026-03-27 02:37:20 |[34;20m INFO     [0m|[34;20m nipype.workflow  [0m|[34;20m [Node] Executing "_sanitize0" <niworkflows.interfaces.header.SanitizeImage>[0m
2026-03-27 02:37:20 |[34;20m INFO     [0m|[34;20m nipype.workflow  [0m|[34;20m [Node] Finished "_sanitize0", elapsed time 0.726707s.[0m
2026-03-27 02:37:20 |[34;20m INFO     [0m|[34;20m nipype.workflow  [0m|[34;20m [Node] Finished "_sanitize0", elapsed time 0.730675s.[0m
2026-03-27 02:37:21 |[34;20m INFO     [0m|[34;20m nipype.workflow  [0m|[34;20m [Node] Finished "_sanitize0", elapsed time 0.781684s.[0m
2026-03-27 02:37:22 |[34;20m INFO     [0m|[34;20m nipype.workflow  [0m|[34;20m [Node] Setting-up "mriqc_wf.funcMRIQC.fMRI_HMC.estimate_hm" in "/local/nvme/ds004996_55.784026/ds/tmp/mriqc_wf/funcMRIQC/fMRI_HMC/64fe28c47adbfc6de50e07995b62a8aec61458a9/estimate_hm".[0m
2026-03-27 02:37:22 |[34;20m INFO     [0m|[34;20m nipype.workflow  [0m|[34;20m [Node] Setting-up "mriqc_wf.funcMRIQC.fMRI_HMC.estimate_hm" in "/local/nvme/ds004996_55.784026/ds/tmp/mriqc_wf/funcMRIQC/fMRI_HMC/7a828358d9b8a5a192bdc8ec44fb7f1f0b7dcc17/estimate_hm".[0m
2026-03-27 02:37:22 |[34;20m INFO     [0m|[34;20m nipype.workflow  [0m|[34;20m [Node] Setting-up "mriqc_wf.funcMRIQC.fMRI_HMC.estimate_hm" in "/local/nvme/ds004996_55.784026/ds/tmp/mriqc_wf/funcMRIQC/fMRI_HMC/54a910c0d44a25d3a8d23d874dcf4e5d598c4ebe/estimate_hm".[0m
2026-03-27 02:37:22 |[34;20m INFO     [0m|[34;20m nipype.workflow  [0m|[34;20m [Node] Executing "estimate_hm" <nipype.interfaces.afni.preprocess.Volreg>[0m
2026-03-27 02:37:22 |[34;20m INFO     [0m|[34;20m nipype.workflow  [0m|[34;20m [Node] Setting-up "_SpikesMask0" in "/local/nvme/ds004996_55.784026/ds/tmp/mriqc_wf/funcMRIQC/func_report_wf/64fe28c47adbfc6de50e07995b62a8aec61458a9/SpikesMask/mapflow/_SpikesMask0".[0m
2026-03-27 02:37:22 |[34;20m INFO     [0m|[34;20m nipype.workflow  [0m|[34;20m [Node] Executing "estimate_hm" <nipype.interfaces.afni.preprocess.Volreg>[0m
2026-03-27 02:37:22 |[34;20m INFO     [0m|[34;20m nipype.workflow  [0m|[34;20m [Node] Executing "_SpikesMask0" <nipype.interfaces.utility.wrappers.Function>[0m
2026-03-27 02:37:22 |[34;20m INFO     [0m|[34;20m nipype.workflow  [0m|[34;20m [Node] Setting-up "_SpikesMask0" in "/local/nvme/ds004996_55.784026/ds/tmp/mriqc_wf/funcMRIQC/func_report_wf/54a910c0d44a25d3a8d23d874dcf4e5d598c4ebe/SpikesMask/mapflow/_SpikesMask0".[0m
2026-03-27 02:37:22 |[34;20m INFO     [0m|[34;20m nipype.workflow  [0m|[34;20m [Node] Executing "estimate_hm" <nipype.interfaces.afni.preprocess.Volreg>[0m
2026-03-27 02:37:22 |[34;20m INFO     [0m|[34;20m nipype.workflow  [0m|[34;20m [Node] Setting-up "_SpikesMask0" in "/local/nvme/ds004996_55.784026/ds/tmp/mriqc_wf/funcMRIQC/func_report_wf/7a828358d9b8a5a192bdc8ec44fb7f1f0b7dcc17/SpikesMask/mapflow/_SpikesMask0".[0m
2026-03-27 02:37:22 |[34;20m INFO     [0m|[34;20m nipype.workflow  [0m|[34;20m [Node] Executing "_SpikesMask0" <nipype.interfaces.utility.wrappers.Function>[0m
2026-03-27 02:37:22 |[34;20m INFO     [0m|[34;20m nipype.workflow  [0m|[34;20m [Node] Executing "_SpikesMask0" <nipype.interfaces.utility.wrappers.Function>[0m
2026-03-27 02:37:23 |[34;20m INFO     [0m|[34;20m nipype.workflow  [0m|[34;20m [Node] Finished "_SpikesMask0", elapsed time 1.588142s.[0m
2026-03-27 02:37:23 |[34;20m INFO     [0m|[34;20m nipype.workflow  [0m|[34;20m [Node] Finished "_SpikesMask0", elapsed time 1.586061s.[0m
2026-03-27 02:37:24 |[34;20m INFO     [0m|[34;20m nipype.workflow  [0m|[34;20m [Node] Finished "_SpikesMask0", elapsed time 1.874045s.[0m
2026-03-27 02:37:24 |[34;20m INFO     [0m|[34;20m nipype.workflow  [0m|[34;20m [Node] Setting-up "_SpikesFinderBgMask0" in "/local/nvme/ds004996_55.784026/ds/tmp/mriqc_wf/funcMRIQC/func_report_wf/7a828358d9b8a5a192bdc8ec44fb7f1f0b7dcc17/SpikesFinderBgMask/mapflow/_SpikesFinderBgMask0".[0m
2026-03-27 02:37:24 |[34;20m INFO     [0m|[34;20m nipype.workflow  [0m|[34;20m [Node] Setting-up "_SpikesFinderBgMask0" in "/local/nvme/ds004996_55.784026/ds/tmp/mriqc_wf/funcMRIQC/func_report_wf/64fe28c47adbfc6de50e07995b62a8aec61458a9/SpikesFinderBgMask/mapflow/_SpikesFinderBgMask0".[0m
2026-03-27 02:37:24 |[34;20m INFO     [0m|[34;20m nipype.workflow  [0m|[34;20m [Node] Executing "_SpikesFinderBgMask0" <mriqc.interfaces.functional.Spikes>[0m
2026-03-27 02:37:24 |[34;20m INFO     [0m|[34;20m nipype.workflow  [0m|[34;20m [Node] Executing "_SpikesFinderBgMask0" <mriqc.interfaces.functional.Spikes>[0m
2026-03-27 02:37:24 |[34;20m INFO     [0m|[34;20m nipype.workflow  [0m|[34;20m [Node] Setting-up "_SpikesFinderBgMask0" in "/local/nvme/ds004996_55.784026/ds/tmp/mriqc_wf/funcMRIQC/func_report_wf/54a910c0d44a25d3a8d23d874dcf4e5d598c4ebe/SpikesFinderBgMask/mapflow/_SpikesFinderBgMask0".[0m
2026-03-27 02:37:24 |[34;20m INFO     [0m|[34;20m nipype.workflow  [0m|[34;20m [Node] Executing "_SpikesFinderBgMask0" <mriqc.interfaces.functional.Spikes>[0m
2026-03-27 02:37:27 |[34;20m INFO     [0m|[34;20m nipype.workflow  [0m|[34;20m [Node] Finished "_SpikesFinderBgMask0", elapsed time 3.374221s.[0m
2026-03-27 02:37:27 |[34;20m INFO     [0m|[34;20m nipype.workflow  [0m|[34;20m [Node] Finished "_SpikesFinderBgMask0", elapsed time 3.562445s.[0m
2026-03-27 02:37:27 |[34;20m INFO     [0m|[34;20m nipype.workflow  [0m|[34;20m [Node] Finished "_SpikesFinderBgMask0", elapsed time 3.748224s.[0m
2026-03-27 02:51:47 |[34;20m INFO     [0m|[34;20m nipype.workflow  [0m|[34;20m [Node] Finished "estimate_hm", elapsed time 865.168835s.[0m
2026-03-27 02:51:48 |[34;20m INFO     [0m|[34;20m nipype.workflow  [0m|[34;20m [Node] Setting-up "mriqc_wf.funcMRIQC.fMRI_HMC.ComputeFD" in "/local/nvme/ds004996_55.784026/ds/tmp/mriqc_wf/funcMRIQC/fMRI_HMC/54a910c0d44a25d3a8d23d874dcf4e5d598c4ebe/ComputeFD".[0m
2026-03-27 02:51:48 |[34;20m INFO     [0m|[34;20m nipype.workflow  [0m|[34;20m [Node] Executing "ComputeFD" <nipype.algorithms.confounds.FramewiseDisplacement>[0m
2026-03-27 02:51:48 |[34;20m INFO     [0m|[34;20m nipype.workflow  [0m|[34;20m [Node] Finished "ComputeFD", elapsed time 0.006572s.[0m
2026-03-27 02:51:57 |[34;20m INFO     [0m|[34;20m nipype.workflow  [0m|[34;20m [Node] Finished "estimate_hm", elapsed time 875.43681s.[0m
2026-03-27 02:51:58 |[34;20m INFO     [0m|[34;20m nipype.workflow  [0m|[34;20m [Node] Setting-up "mriqc_wf.funcMRIQC.fMRI_HMC.ComputeFD" in "/local/nvme/ds004996_55.784026/ds/tmp/mriqc_wf/funcMRIQC/fMRI_HMC/7a828358d9b8a5a192bdc8ec44fb7f1f0b7dcc17/ComputeFD".[0m
2026-03-27 02:51:58 |[34;20m INFO     [0m|[34;20m nipype.workflow  [0m|[34;20m [Node] Executing "ComputeFD" <nipype.algorithms.confounds.FramewiseDisplacement>[0m
2026-03-27 02:51:58 |[34;20m INFO     [0m|[34;20m nipype.workflow  [0m|[34;20m [Node] Finished "ComputeFD", elapsed time 0.006439s.[0m
2026-03-27 02:52:02 |[34;20m INFO     [0m|[34;20m nipype.workflow  [0m|[34;20m [Node] Finished "estimate_hm", elapsed time 880.077062s.[0m
2026-03-27 02:52:04 |[34;20m INFO     [0m|[34;20m nipype.workflow  [0m|[34;20m [Node] Setting-up "_apply_hmc0" in "/local/nvme/ds004996_55.784026/ds/tmp/mriqc_wf/funcMRIQC/fMRI_HMC/64fe28c47adbfc6de50e07995b62a8aec61458a9/apply_hmc/mapflow/_apply_hmc0".[0m
2026-03-27 02:52:04 |[34;20m INFO     [0m|[34;20m nipype.workflow  [0m|[34;20m [Node] Executing "_apply_hmc0" <nipype.interfaces.utility.wrappers.Function>[0m
2026-03-27 02:52:22 |[34;20m INFO     [0m|[34;20m nipype.workflow  [0m|[34;20m [Node] Finished "_apply_hmc0", elapsed time 17.961012s.[0m
2026-03-27 02:52:24 |[34;20m INFO     [0m|[34;20m nipype.workflow  [0m|[34;20m [Node] Setting-up "mriqc_wf.funcMRIQC.fMRI_HMC.ComputeFD" in "/local/nvme/ds004996_55.784026/ds/tmp/mriqc_wf/funcMRIQC/fMRI_HMC/64fe28c47adbfc6de50e07995b62a8aec61458a9/ComputeFD".[0m
2026-03-27 02:52:24 |[34;20m INFO     [0m|[34;20m nipype.workflow  [0m|[34;20m [Node] Setting-up "_mean0" in "/local/nvme/ds004996_55.784026/ds/tmp/mriqc_wf/funcMRIQC/64fe28c47adbfc6de50e07995b62a8aec61458a9/mean/mapflow/_mean0".[0m
2026-03-27 02:52:24 |[34;20m INFO     [0m|[34;20m nipype.workflow  [0m|[34;20m [Node] Setting-up "_compute_tsnr0" in "/local/nvme/ds004996_55.784026/ds/tmp/mriqc_wf/funcMRIQC/64fe28c47adbfc6de50e07995b62a8aec61458a9/compute_tsnr/mapflow/_compute_tsnr0".[0m
2026-03-27 02:52:24 |[34;20m INFO     [0m|[34;20m nipype.workflow  [0m|[34;20m [Node] Executing "_mean0" <nipype.interfaces.afni.utils.TStat>[0m
2026-03-27 02:52:24 |[34;20m INFO     [0m|[34;20m nipype.workflow  [0m|[34;20m [Node] Setting-up "_quality0" in "/local/nvme/ds004996_55.784026/ds/tmp/mriqc_wf/funcMRIQC/ComputeIQMs/64fe28c47adbfc6de50e07995b62a8aec61458a9/quality/mapflow/_quality0".[0m
2026-03-27 02:52:24 |[34;20m INFO     [0m|[34;20m nipype.workflow  [0m|[34;20m [Node] Executing "_compute_tsnr0" <nipype.algorithms.confounds.TSNR>[0m
2026-03-27 02:52:24 |[34;20m INFO     [0m|[34;20m nipype.workflow  [0m|[34;20m [Node] Executing "ComputeFD" <nipype.algorithms.confounds.FramewiseDisplacement>[0m
2026-03-27 02:52:24 |[34;20m INFO     [0m|[34;20m nipype.workflow  [0m|[34;20m [Node] Executing "_quality0" <nipype.interfaces.afni.preprocess.QualityIndex>[0m
2026-03-27 02:52:24 |[34;20m INFO     [0m|[34;20m nipype.workflow  [0m|[34;20m [Node] Finished "ComputeFD", elapsed time 0.006682s.[0m
2026-03-27 02:52:25 |[34;20m INFO     [0m|[34;20m nipype.workflow  [0m|[34;20m [Node] Finished "_compute_tsnr0", elapsed time 1.539599s.[0m
2026-03-27 02:52:26 |[34;20m INFO     [0m|[34;20m nipype.workflow  [0m|[34;20m [Node] Setting-up "_PlotMosaicSD0" in "/local/nvme/ds004996_55.784026/ds/tmp/mriqc_wf/funcMRIQC/func_report_wf/64fe28c47adbfc6de50e07995b62a8aec61458a9/PlotMosaicSD/mapflow/_PlotMosaicSD0".[0m
2026-03-27 02:52:26 |[34;20m INFO     [0m|[34;20m nipype.workflow  [0m|[34;20m [Node] Executing "_PlotMosaicSD0" <nireports.interfaces.mosaic.PlotMosaic>[0m
2026-03-27 02:52:27 |[34;20m INFO     [0m|[34;20m nipype.workflow  [0m|[34;20m [Node] Finished "_mean0", elapsed time 2.901947s.[0m
2026-03-27 02:52:27 |[34;20m INFO     [0m|[34;20m nipype.workflow  [0m|[34;20m [Node] Finished "_PlotMosaicSD0", elapsed time 1.310819s.[0m
2026-03-27 02:52:28 |[34;20m INFO     [0m|[34;20m nipype.workflow  [0m|[34;20m [Node] Setting-up "mriqc_wf.funcMRIQC.synthstrip_wf.pre_clip" in "/local/nvme/ds004996_55.784026/ds/tmp/mriqc_wf/funcMRIQC/synthstrip_wf/64fe28c47adbfc6de50e07995b62a8aec61458a9/pre_clip".[0m
2026-03-27 02:52:28 |[34;20m INFO     [0m|[34;20m nipype.workflow  [0m|[34;20m [Node] Setting-up "mriqc_wf.funcMRIQC.SpatialNormalization.SharpenEPI" in "/local/nvme/ds004996_55.784026/ds/tmp/mriqc_wf/funcMRIQC/SpatialNormalization/64fe28c47adbfc6de50e07995b62a8aec61458a9/SharpenEPI".[0m
2026-03-27 02:52:28 |[34;20m INFO     [0m|[34;20m nipype.workflow  [0m|[34;20m [Node] Executing "SharpenEPI" <nipype.interfaces.ants.segmentation.N4BiasFieldCorrection>[0m
2026-03-27 02:52:28 |[34;20m INFO     [0m|[34;20m nipype.workflow  [0m|[34;20m [Node] Executing "pre_clip" <niworkflows.interfaces.nibabel.IntensityClip>[0m
2026-03-27 02:52:28 |[34;20m INFO     [0m|[34;20m nipype.workflow  [0m|[34;20m [Node] Setting-up "_PlotMosaicMean0" in "/local/nvme/ds004996_55.784026/ds/tmp/mriqc_wf/funcMRIQC/func_report_wf/64fe28c47adbfc6de50e07995b62a8aec61458a9/PlotMosaicMean/mapflow/_PlotMosaicMean0".[0m
2026-03-27 02:52:28 |[34;20m INFO     [0m|[34;20m nipype.workflow  [0m|[34;20m [Node] Executing "_PlotMosaicMean0" <nireports.interfaces.mosaic.PlotMosaic>[0m
2026-03-27 02:52:28 |[34;20m INFO     [0m|[34;20m nipype.workflow  [0m|[34;20m [Node] Setting-up "_PlotMosaicNoise0" in "/local/nvme/ds004996_55.784026/ds/tmp/mriqc_wf/funcMRIQC/func_report_wf/64fe28c47adbfc6de50e07995b62a8aec61458a9/PlotMosaicNoise/mapflow/_PlotMosaicNoise0".[0m
2026-03-27 02:52:28 |[34;20m INFO     [0m|[34;20m nipype.workflow  [0m|[34;20m [Node] Executing "_PlotMosaicNoise0" <nireports.interfaces.mosaic.PlotMosaic>[0m
2026-03-27 02:52:28 |[34;20m INFO     [0m|[34;20m nipype.workflow  [0m|[34;20m [Node] Setting-up "_ds_report_stdev0" in "/local/nvme/ds004996_55.784026/ds/tmp/mriqc_wf/funcMRIQC/func_report_wf/64fe28c47adbfc6de50e07995b62a8aec61458a9/ds_report_stdev/mapflow/_ds_report_stdev0".[0m
2026-03-27 02:52:28 |[34;20m INFO     [0m|[34;20m nipype.workflow  [0m|[34;20m [Node] Executing "_ds_report_stdev0" <mriqc.interfaces.DerivativesDataSink>[0m
2026-03-27 02:52:28 |[34;20m INFO     [0m|[34;20m nipype.workflow  [0m|[34;20m [Node] Finished "_ds_report_stdev0", elapsed time 0.007941s.[0m
2026-03-27 02:52:29 |[34;20m INFO     [0m|[34;20m nipype.workflow  [0m|[34;20m [Node] Finished "pre_clip", elapsed time 0.754821s.[0m
2026-03-27 02:52:29 |[34;20m INFO     [0m|[34;20m nipype.workflow  [0m|[34;20m [Node] Finished "_PlotMosaicMean0", elapsed time 1.274833s.[0m
2026-03-27 02:52:29 |[34;20m INFO     [0m|[34;20m nipype.workflow  [0m|[34;20m [Node] Finished "_PlotMosaicNoise0", elapsed time 1.34284s.[0m
2026-03-27 02:52:30 |[34;20m INFO     [0m|[34;20m nipype.workflow  [0m|[34;20m [Node] Setting-up "_ds_report_mean0" in "/local/nvme/ds004996_55.784026/ds/tmp/mriqc_wf/funcMRIQC/func_report_wf/64fe28c47adbfc6de50e07995b62a8aec61458a9/ds_report_mean/mapflow/_ds_report_mean0".[0m
2026-03-27 02:52:30 |[34;20m INFO     [0m|[34;20m nipype.workflow  [0m|[34;20m [Node] Executing "_ds_report_mean0" <mriqc.interfaces.DerivativesDataSink>[0m
2026-03-27 02:52:30 |[34;20m INFO     [0m|[34;20m nipype.workflow  [0m|[34;20m [Node] Finished "_ds_report_mean0", elapsed time 0.004879s.[0m
2026-03-27 02:52:30 |[34;20m INFO     [0m|[34;20m nipype.workflow  [0m|[34;20m [Node] Setting-up "_ds_report_background0" in "/local/nvme/ds004996_55.784026/ds/tmp/mriqc_wf/funcMRIQC/func_report_wf/64fe28c47adbfc6de50e07995b62a8aec61458a9/ds_report_background/mapflow/_ds_report_background0".[0m
2026-03-27 02:52:30 |[34;20m INFO     [0m|[34;20m nipype.workflow  [0m|[34;20m [Node] Executing "_ds_report_background0" <mriqc.interfaces.DerivativesDataSink>[0m
2026-03-27 02:52:30 |[34;20m INFO     [0m|[34;20m nipype.workflow  [0m|[34;20m [Node] Finished "_ds_report_background0", elapsed time 0.004869s.[0m
2026-03-27 02:52:32 |[34;20m INFO     [0m|[34;20m nipype.workflow  [0m|[34;20m [Node] Finished "SharpenEPI", elapsed time 4.092818s.[0m
2026-03-27 02:52:35 |[34;20m INFO     [0m|[34;20m nipype.workflow  [0m|[34;20m [Node] Finished "_quality0", elapsed time 10.659911s.[0m
2026-03-27 02:52:36 |[34;20m INFO     [0m|[34;20m nipype.workflow  [0m|[34;20m [Node] Setting-up "_apply_hmc0" in "/local/nvme/ds004996_55.784026/ds/tmp/mriqc_wf/funcMRIQC/fMRI_HMC/7a828358d9b8a5a192bdc8ec44fb7f1f0b7dcc17/apply_hmc/mapflow/_apply_hmc0".[0m
2026-03-27 02:52:36 |[34;20m INFO     [0m|[34;20m nipype.workflow  [0m|[34;20m [Node] Executing "_apply_hmc0" <nipype.interfaces.utility.wrappers.Function>[0m
2026-03-27 02:52:54 |[34;20m INFO     [0m|[34;20m nipype.workflow  [0m|[34;20m [Node] Finished "_apply_hmc0", elapsed time 18.217683s.[0m
2026-03-27 02:52:56 |[34;20m INFO     [0m|[34;20m nipype.workflow  [0m|[34;20m [Node] Setting-up "_apply_hmc0" in "/local/nvme/ds004996_55.784026/ds/tmp/mriqc_wf/funcMRIQC/fMRI_HMC/54a910c0d44a25d3a8d23d874dcf4e5d598c4ebe/apply_hmc/mapflow/_apply_hmc0".[0m
2026-03-27 02:52:56 |[34;20m INFO     [0m|[34;20m nipype.workflow  [0m|[34;20m [Node] Executing "_apply_hmc0" <nipype.interfaces.utility.wrappers.Function>[0m
2026-03-27 02:53:14 |[34;20m INFO     [0m|[34;20m nipype.workflow  [0m|[34;20m [Node] Finished "_apply_hmc0", elapsed time 18.233876s.[0m
2026-03-27 02:53:16 |[34;20m INFO     [0m|[34;20m nipype.workflow  [0m|[34;20m [Node] Setting-up "_quality0" in "/local/nvme/ds004996_55.784026/ds/tmp/mriqc_wf/funcMRIQC/ComputeIQMs/7a828358d9b8a5a192bdc8ec44fb7f1f0b7dcc17/quality/mapflow/_quality0".[0m
2026-03-27 02:53:16 |[34;20m INFO     [0m|[34;20m nipype.workflow  [0m|[34;20m [Node] Setting-up "_mean0" in "/local/nvme/ds004996_55.784026/ds/tmp/mriqc_wf/funcMRIQC/7a828358d9b8a5a192bdc8ec44fb7f1f0b7dcc17/mean/mapflow/_mean0".[0m
2026-03-27 02:53:16 |[34;20m INFO     [0m|[34;20m nipype.workflow  [0m|[34;20m [Node] Executing "_quality0" <nipype.interfaces.afni.preprocess.QualityIndex>[0m
2026-03-27 02:53:16 |[34;20m INFO     [0m|[34;20m nipype.workflow  [0m|[34;20m [Node] Executing "_mean0" <nipype.interfaces.afni.utils.TStat>[0m
2026-03-27 02:53:16 |[34;20m INFO     [0m|[34;20m nipype.workflow  [0m|[34;20m [Node] Setting-up "_mean0" in "/local/nvme/ds004996_55.784026/ds/tmp/mriqc_wf/funcMRIQC/54a910c0d44a25d3a8d23d874dcf4e5d598c4ebe/mean/mapflow/_mean0".[0m
2026-03-27 02:53:16 |[34;20m INFO     [0m|[34;20m nipype.workflow  [0m|[34;20m [Node] Setting-up "_compute_tsnr0" in "/local/nvme/ds004996_55.784026/ds/tmp/mriqc_wf/funcMRIQC/54a910c0d44a25d3a8d23d874dcf4e5d598c4ebe/compute_tsnr/mapflow/_compute_tsnr0".[0m
2026-03-27 02:53:16 |[34;20m INFO     [0m|[34;20m nipype.workflow  [0m|[34;20m [Node] Setting-up "_quality0" in "/local/nvme/ds004996_55.784026/ds/tmp/mriqc_wf/funcMRIQC/ComputeIQMs/54a910c0d44a25d3a8d23d874dcf4e5d598c4ebe/quality/mapflow/_quality0".[0m
2026-03-27 02:53:16 |[34;20m INFO     [0m|[34;20m nipype.workflow  [0m|[34;20m [Node] Executing "_compute_tsnr0" <nipype.algorithms.confounds.TSNR>[0m
2026-03-27 02:53:16 |[34;20m INFO     [0m|[34;20m nipype.workflow  [0m|[34;20m [Node] Executing "_mean0" <nipype.interfaces.afni.utils.TStat>[0m
2026-03-27 02:53:16 |[34;20m INFO     [0m|[34;20m nipype.workflow  [0m|[34;20m [Node] Executing "_quality0" <nipype.interfaces.afni.preprocess.QualityIndex>[0m
2026-03-27 02:53:16 |[34;20m INFO     [0m|[34;20m nipype.workflow  [0m|[34;20m [Node] Setting-up "_compute_tsnr0" in "/local/nvme/ds004996_55.784026/ds/tmp/mriqc_wf/funcMRIQC/7a828358d9b8a5a192bdc8ec44fb7f1f0b7dcc17/compute_tsnr/mapflow/_compute_tsnr0".[0m
2026-03-27 02:53:16 |[34;20m INFO     [0m|[34;20m nipype.workflow  [0m|[34;20m [Node] Executing "_compute_tsnr0" <nipype.algorithms.confounds.TSNR>[0m
2026-03-27 02:53:17 |[34;20m INFO     [0m|[34;20m nipype.workflow  [0m|[34;20m [Node] Finished "_compute_tsnr0", elapsed time 1.365322s.[0m
2026-03-27 02:53:18 |[34;20m INFO     [0m|[34;20m nipype.workflow  [0m|[34;20m [Node] Finished "_compute_tsnr0", elapsed time 1.695221s.[0m
2026-03-27 02:53:18 |[34;20m INFO     [0m|[34;20m nipype.workflow  [0m|[34;20m [Node] Setting-up "_PlotMosaicSD0" in "/local/nvme/ds004996_55.784026/ds/tmp/mriqc_wf/funcMRIQC/func_report_wf/7a828358d9b8a5a192bdc8ec44fb7f1f0b7dcc17/PlotMosaicSD/mapflow/_PlotMosaicSD0".[0m
2026-03-27 02:53:18 |[34;20m INFO     [0m|[34;20m nipype.workflow  [0m|[34;20m [Node] Setting-up "_PlotMosaicSD0" in "/local/nvme/ds004996_55.784026/ds/tmp/mriqc_wf/funcMRIQC/func_report_wf/54a910c0d44a25d3a8d23d874dcf4e5d598c4ebe/PlotMosaicSD/mapflow/_PlotMosaicSD0".[0m
2026-03-27 02:53:18 |[34;20m INFO     [0m|[34;20m nipype.workflow  [0m|[34;20m [Node] Executing "_PlotMosaicSD0" <nireports.interfaces.mosaic.PlotMosaic>[0m
2026-03-27 02:53:18 |[34;20m INFO     [0m|[34;20m nipype.workflow  [0m|[34;20m [Node] Executing "_PlotMosaicSD0" <nireports.interfaces.mosaic.PlotMosaic>[0m
2026-03-27 02:53:19 |[34;20m INFO     [0m|[34;20m nipype.workflow  [0m|[34;20m [Node] Finished "_mean0", elapsed time 3.045983s.[0m
2026-03-27 02:53:19 |[34;20m INFO     [0m|[34;20m nipype.workflow  [0m|[34;20m [Node] Finished "_mean0", elapsed time 3.17108s.[0m
2026-03-27 02:53:19 |[34;20m INFO     [0m|[34;20m nipype.workflow  [0m|[34;20m [Node] Finished "_PlotMosaicSD0", elapsed time 1.383576s.[0m
2026-03-27 02:53:19 |[34;20m INFO     [0m|[34;20m nipype.workflow  [0m|[34;20m [Node] Finished "_PlotMosaicSD0", elapsed time 1.39381s.[0m
2026-03-27 02:53:20 |[34;20m INFO     [0m|[34;20m nipype.workflow  [0m|[34;20m [Node] Setting-up "mriqc_wf.funcMRIQC.SpatialNormalization.SharpenEPI" in "/local/nvme/ds004996_55.784026/ds/tmp/mriqc_wf/funcMRIQC/SpatialNormalization/7a828358d9b8a5a192bdc8ec44fb7f1f0b7dcc17/SharpenEPI".[0m
2026-03-27 02:53:20 |[34;20m INFO     [0m|[34;20m nipype.workflow  [0m|[34;20m [Node] Executing "SharpenEPI" <nipype.interfaces.ants.segmentation.N4BiasFieldCorrection>[0m
2026-03-27 02:53:20 |[34;20m INFO     [0m|[34;20m nipype.workflow  [0m|[34;20m [Node] Setting-up "mriqc_wf.funcMRIQC.synthstrip_wf.pre_clip" in "/local/nvme/ds004996_55.784026/ds/tmp/mriqc_wf/funcMRIQC/synthstrip_wf/7a828358d9b8a5a192bdc8ec44fb7f1f0b7dcc17/pre_clip".[0m
2026-03-27 02:53:20 |[34;20m INFO     [0m|[34;20m nipype.workflow  [0m|[34;20m [Node] Setting-up "mriqc_wf.funcMRIQC.synthstrip_wf.pre_clip" in "/local/nvme/ds004996_55.784026/ds/tmp/mriqc_wf/funcMRIQC/synthstrip_wf/54a910c0d44a25d3a8d23d874dcf4e5d598c4ebe/pre_clip".[0m
2026-03-27 02:53:20 |[34;20m INFO     [0m|[34;20m nipype.workflow  [0m|[34;20m [Node] Setting-up "mriqc_wf.funcMRIQC.SpatialNormalization.SharpenEPI" in "/local/nvme/ds004996_55.784026/ds/tmp/mriqc_wf/funcMRIQC/SpatialNormalization/54a910c0d44a25d3a8d23d874dcf4e5d598c4ebe/SharpenEPI".[0m
2026-03-27 02:53:20 |[34;20m INFO     [0m|[34;20m nipype.workflow  [0m|[34;20m [Node] Setting-up "_PlotMosaicMean0" in "/local/nvme/ds004996_55.784026/ds/tmp/mriqc_wf/funcMRIQC/func_report_wf/7a828358d9b8a5a192bdc8ec44fb7f1f0b7dcc17/PlotMosaicMean/mapflow/_PlotMosaicMean0".[0m
2026-03-27 02:53:20 |[34;20m INFO     [0m|[34;20m nipype.workflow  [0m|[34;20m [Node] Executing "pre_clip" <niworkflows.interfaces.nibabel.IntensityClip>[0m
2026-03-27 02:53:20 |[34;20m INFO     [0m|[34;20m nipype.workflow  [0m|[34;20m [Node] Executing "pre_clip" <niworkflows.interfaces.nibabel.IntensityClip>[0m
2026-03-27 02:53:20 |[34;20m INFO     [0m|[34;20m nipype.workflow  [0m|[34;20m [Node] Setting-up "_PlotMosaicNoise0" in "/local/nvme/ds004996_55.784026/ds/tmp/mriqc_wf/funcMRIQC/func_report_wf/7a828358d9b8a5a192bdc8ec44fb7f1f0b7dcc17/PlotMosaicNoise/mapflow/_PlotMosaicNoise0".[0m
2026-03-27 02:53:20 |[34;20m INFO     [0m|[34;20m nipype.workflow  [0m|[34;20m [Node] Executing "SharpenEPI" <nipype.interfaces.ants.segmentation.N4BiasFieldCorrection>[0m
2026-03-27 02:53:20 |[34;20m INFO     [0m|[34;20m nipype.workflow  [0m|[34;20m [Node] Executing "_PlotMosaicMean0" <nireports.interfaces.mosaic.PlotMosaic>[0m
2026-03-27 02:53:20 |[34;20m INFO     [0m|[34;20m nipype.workflow  [0m|[34;20m [Node] Executing "_PlotMosaicNoise0" <nireports.interfaces.mosaic.PlotMosaic>[0m
2026-03-27 02:53:21 |[34;20m INFO     [0m|[34;20m nipype.workflow  [0m|[34;20m [Node] Finished "pre_clip", elapsed time 0.70964s.[0m
2026-03-27 02:53:21 |[34;20m INFO     [0m|[34;20m nipype.workflow  [0m|[34;20m [Node] Finished "pre_clip", elapsed time 0.72581s.[0m
2026-03-27 02:53:21 |[34;20m INFO     [0m|[34;20m nipype.workflow  [0m|[34;20m [Node] Finished "_PlotMosaicNoise0", elapsed time 1.270533s.[0m
2026-03-27 02:53:21 |[34;20m INFO     [0m|[34;20m nipype.workflow  [0m|[34;20m [Node] Finished "_PlotMosaicMean0", elapsed time 1.272263s.[0m
2026-03-27 02:53:22 |[34;20m INFO     [0m|[34;20m nipype.workflow  [0m|[34;20m [Node] Setting-up "_PlotMosaicMean0" in "/local/nvme/ds004996_55.784026/ds/tmp/mriqc_wf/funcMRIQC/func_report_wf/54a910c0d44a25d3a8d23d874dcf4e5d598c4ebe/PlotMosaicMean/mapflow/_PlotMosaicMean0".[0m
2026-03-27 02:53:22 |[34;20m INFO     [0m|[34;20m nipype.workflow  [0m|[34;20m [Node] Executing "_PlotMosaicMean0" <nireports.interfaces.mosaic.PlotMosaic>[0m
2026-03-27 02:53:22 |[34;20m INFO     [0m|[34;20m nipype.workflow  [0m|[34;20m [Node] Setting-up "_PlotMosaicNoise0" in "/local/nvme/ds004996_55.784026/ds/tmp/mriqc_wf/funcMRIQC/func_report_wf/54a910c0d44a25d3a8d23d874dcf4e5d598c4ebe/PlotMosaicNoise/mapflow/_PlotMosaicNoise0".[0m
2026-03-27 02:53:22 |[34;20m INFO     [0m|[34;20m nipype.workflow  [0m|[34;20m [Node] Setting-up "_ds_report_mean0" in "/local/nvme/ds004996_55.784026/ds/tmp/mriqc_wf/funcMRIQC/func_report_wf/7a828358d9b8a5a192bdc8ec44fb7f1f0b7dcc17/ds_report_mean/mapflow/_ds_report_mean0".[0m
2026-03-27 02:53:22 |[34;20m INFO     [0m|[34;20m nipype.workflow  [0m|[34;20m [Node] Executing "_PlotMosaicNoise0" <nireports.interfaces.mosaic.PlotMosaic>[0m
2026-03-27 02:53:22 |[34;20m INFO     [0m|[34;20m nipype.workflow  [0m|[34;20m [Node] Executing "_ds_report_mean0" <mriqc.interfaces.DerivativesDataSink>[0m
2026-03-27 02:53:22 |[34;20m INFO     [0m|[34;20m nipype.workflow  [0m|[34;20m [Node] Finished "_ds_report_mean0", elapsed time 0.005042s.[0m
2026-03-27 02:53:22 |[34;20m INFO     [0m|[34;20m nipype.workflow  [0m|[34;20m [Node] Setting-up "_ds_report_background0" in "/local/nvme/ds004996_55.784026/ds/tmp/mriqc_wf/funcMRIQC/func_report_wf/7a828358d9b8a5a192bdc8ec44fb7f1f0b7dcc17/ds_report_background/mapflow/_ds_report_background0".[0m
2026-03-27 02:53:22 |[34;20m INFO     [0m|[34;20m nipype.workflow  [0m|[34;20m [Node] Executing "_ds_report_background0" <mriqc.interfaces.DerivativesDataSink>[0m
2026-03-27 02:53:22 |[34;20m INFO     [0m|[34;20m nipype.workflow  [0m|[34;20m [Node] Finished "_ds_report_background0", elapsed time 0.004854s.[0m
2026-03-27 02:53:22 |[34;20m INFO     [0m|[34;20m nipype.workflow  [0m|[34;20m [Node] Setting-up "_ds_report_stdev0" in "/local/nvme/ds004996_55.784026/ds/tmp/mriqc_wf/funcMRIQC/func_report_wf/7a828358d9b8a5a192bdc8ec44fb7f1f0b7dcc17/ds_report_stdev/mapflow/_ds_report_stdev0".[0m
2026-03-27 02:53:22 |[34;20m INFO     [0m|[34;20m nipype.workflow  [0m|[34;20m [Node] Executing "_ds_report_stdev0" <mriqc.interfaces.DerivativesDataSink>[0m
2026-03-27 02:53:22 |[34;20m INFO     [0m|[34;20m nipype.workflow  [0m|[34;20m [Node] Finished "_ds_report_stdev0", elapsed time 0.005056s.[0m
2026-03-27 02:53:22 |[34;20m INFO     [0m|[34;20m nipype.workflow  [0m|[34;20m [Node] Setting-up "_ds_report_stdev0" in "/local/nvme/ds004996_55.784026/ds/tmp/mriqc_wf/funcMRIQC/func_report_wf/54a910c0d44a25d3a8d23d874dcf4e5d598c4ebe/ds_report_stdev/mapflow/_ds_report_stdev0".[0m
2026-03-27 02:53:22 |[34;20m INFO     [0m|[34;20m nipype.workflow  [0m|[34;20m [Node] Executing "_ds_report_stdev0" <mriqc.interfaces.DerivativesDataSink>[0m
2026-03-27 02:53:22 |[34;20m INFO     [0m|[34;20m nipype.workflow  [0m|[34;20m [Node] Finished "_ds_report_stdev0", elapsed time 0.005043s.[0m
2026-03-27 02:53:23 |[34;20m INFO     [0m|[34;20m nipype.workflow  [0m|[34;20m [Node] Finished "_PlotMosaicMean0", elapsed time 1.347942s.[0m
2026-03-27 02:53:23 |[34;20m INFO     [0m|[34;20m nipype.workflow  [0m|[34;20m [Node] Finished "_PlotMosaicNoise0", elapsed time 1.501522s.[0m
2026-03-27 02:53:24 |[34;20m INFO     [0m|[34;20m nipype.workflow  [0m|[34;20m [Node] Setting-up "_ds_report_mean0" in "/local/nvme/ds004996_55.784026/ds/tmp/mriqc_wf/funcMRIQC/func_report_wf/54a910c0d44a25d3a8d23d874dcf4e5d598c4ebe/ds_report_mean/mapflow/_ds_report_mean0".[0m
2026-03-27 02:53:24 |[34;20m INFO     [0m|[34;20m nipype.workflow  [0m|[34;20m [Node] Executing "_ds_report_mean0" <mriqc.interfaces.DerivativesDataSink>[0m
2026-03-27 02:53:24 |[34;20m INFO     [0m|[34;20m nipype.workflow  [0m|[34;20m [Node] Finished "_ds_report_mean0", elapsed time 0.004783s.[0m
2026-03-27 02:53:24 |[34;20m INFO     [0m|[34;20m nipype.workflow  [0m|[34;20m [Node] Setting-up "_ds_report_background0" in "/local/nvme/ds004996_55.784026/ds/tmp/mriqc_wf/funcMRIQC/func_report_wf/54a910c0d44a25d3a8d23d874dcf4e5d598c4ebe/ds_report_background/mapflow/_ds_report_background0".[0m
2026-03-27 02:53:24 |[34;20m INFO     [0m|[34;20m nipype.workflow  [0m|[34;20m [Node] Executing "_ds_report_background0" <mriqc.interfaces.DerivativesDataSink>[0m
2026-03-27 02:53:24 |[34;20m INFO     [0m|[34;20m nipype.workflow  [0m|[34;20m [Node] Finished "_ds_report_background0", elapsed time 0.004775s.[0m
2026-03-27 02:53:24 |[34;20m INFO     [0m|[34;20m nipype.workflow  [0m|[34;20m [Node] Finished "SharpenEPI", elapsed time 4.229117s.[0m
2026-03-27 02:53:24 |[34;20m INFO     [0m|[34;20m nipype.workflow  [0m|[34;20m [Node] Finished "SharpenEPI", elapsed time 4.120041s.[0m
2026-03-27 02:53:27 |[34;20m INFO     [0m|[34;20m nipype.workflow  [0m|[34;20m [Node] Finished "_quality0", elapsed time 11.135733s.[0m
2026-03-27 02:53:28 |[34;20m INFO     [0m|[34;20m nipype.workflow  [0m|[34;20m [Node] Finished "_quality0", elapsed time 12.100192s.[0m
2026-03-27 02:53:30 |[34;20m INFO     [0m|[34;20m nipype.workflow  [0m|[34;20m [Node] Setting-up "mriqc_wf.funcMRIQC.synthstrip_wf.pre_n4" in "/local/nvme/ds004996_55.784026/ds/tmp/mriqc_wf/funcMRIQC/synthstrip_wf/64fe28c47adbfc6de50e07995b62a8aec61458a9/pre_n4".[0m
2026-03-27 02:53:30 |[34;20m INFO     [0m|[34;20m nipype.workflow  [0m|[34;20m [Node] Executing "pre_n4" <nipype.interfaces.ants.segmentation.N4BiasFieldCorrection>[0m
2026-03-27 02:53:31 |[34;20m INFO     [0m|[34;20m nipype.workflow  [0m|[34;20m [Node] Finished "pre_n4", elapsed time 1.051891s.[0m
2026-03-27 02:53:32 |[34;20m INFO     [0m|[34;20m nipype.workflow  [0m|[34;20m [Node] Setting-up "mriqc_wf.funcMRIQC.synthstrip_wf.pre_n4" in "/local/nvme/ds004996_55.784026/ds/tmp/mriqc_wf/funcMRIQC/synthstrip_wf/7a828358d9b8a5a192bdc8ec44fb7f1f0b7dcc17/pre_n4".[0m
2026-03-27 02:53:32 |[34;20m INFO     [0m|[34;20m nipype.workflow  [0m|[34;20m [Node] Executing "pre_n4" <nipype.interfaces.ants.segmentation.N4BiasFieldCorrection>[0m
2026-03-27 02:53:33 |[34;20m INFO     [0m|[34;20m nipype.workflow  [0m|[34;20m [Node] Finished "pre_n4", elapsed time 1.075507s.[0m
2026-03-27 02:53:34 |[34;20m INFO     [0m|[34;20m nipype.workflow  [0m|[34;20m [Node] Setting-up "mriqc_wf.funcMRIQC.synthstrip_wf.pre_n4" in "/local/nvme/ds004996_55.784026/ds/tmp/mriqc_wf/funcMRIQC/synthstrip_wf/54a910c0d44a25d3a8d23d874dcf4e5d598c4ebe/pre_n4".[0m
2026-03-27 02:53:34 |[34;20m INFO     [0m|[34;20m nipype.workflow  [0m|[34;20m [Node] Executing "pre_n4" <nipype.interfaces.ants.segmentation.N4BiasFieldCorrection>[0m
2026-03-27 02:53:35 |[34;20m INFO     [0m|[34;20m nipype.workflow  [0m|[34;20m [Node] Finished "pre_n4", elapsed time 1.083182s.[0m
2026-03-27 02:53:36 |[34;20m INFO     [0m|[34;20m nipype.workflow  [0m|[34;20m [Node] Setting-up "mriqc_wf.funcMRIQC.synthstrip_wf.synthstrip" in "/local/nvme/ds004996_55.784026/ds/tmp/mriqc_wf/funcMRIQC/synthstrip_wf/64fe28c47adbfc6de50e07995b62a8aec61458a9/synthstrip".[0m
2026-03-27 02:53:36 |[34;20m INFO     [0m|[34;20m nipype.workflow  [0m|[34;20m [Node] Executing "synthstrip" <mriqc.interfaces.synthstrip.SynthStrip>[0m
2026-03-27 02:53:52 |[34;20m INFO     [0m|[34;20m nipype.workflow  [0m|[34;20m [Node] Finished "synthstrip", elapsed time 16.318135s.[0m
2026-03-27 02:53:54 |[34;20m INFO     [0m|[34;20m nipype.workflow  [0m|[34;20m [Node] Setting-up "mriqc_wf.funcMRIQC.synthstrip_wf.synthstrip" in "/local/nvme/ds004996_55.784026/ds/tmp/mriqc_wf/funcMRIQC/synthstrip_wf/7a828358d9b8a5a192bdc8ec44fb7f1f0b7dcc17/synthstrip".[0m
2026-03-27 02:53:54 |[34;20m INFO     [0m|[34;20m nipype.workflow  [0m|[34;20m [Node] Executing "synthstrip" <mriqc.interfaces.synthstrip.SynthStrip>[0m
2026-03-27 02:54:07 |[34;20m INFO     [0m|[34;20m nipype.workflow  [0m|[34;20m [Node] Finished "synthstrip", elapsed time 13.592348s.[0m
2026-03-27 02:54:08 |[34;20m INFO     [0m|[34;20m nipype.workflow  [0m|[34;20m [Node] Setting-up "mriqc_wf.funcMRIQC.synthstrip_wf.synthstrip" in "/local/nvme/ds004996_55.784026/ds/tmp/mriqc_wf/funcMRIQC/synthstrip_wf/54a910c0d44a25d3a8d23d874dcf4e5d598c4ebe/synthstrip".[0m
2026-03-27 02:54:08 |[34;20m INFO     [0m|[34;20m nipype.workflow  [0m|[34;20m [Node] Executing "synthstrip" <mriqc.interfaces.synthstrip.SynthStrip>[0m
2026-03-27 02:54:22 |[34;20m INFO     [0m|[34;20m nipype.workflow  [0m|[34;20m [Node] Finished "synthstrip", elapsed time 13.520592s.[0m
2026-03-27 02:54:22 |[34;20m INFO     [0m|[34;20m nipype.workflow  [0m|[34;20m [Node] Setting-up "mriqc_wf.funcMRIQC.synthstrip_wf.post_n4" in "/local/nvme/ds004996_55.784026/ds/tmp/mriqc_wf/funcMRIQC/synthstrip_wf/64fe28c47adbfc6de50e07995b62a8aec61458a9/post_n4".[0m
2026-03-27 02:54:22 |[34;20m INFO     [0m|[34;20m nipype.workflow  [0m|[34;20m [Node] Executing "post_n4" <nipype.interfaces.ants.segmentation.N4BiasFieldCorrection>[0m
2026-03-27 02:54:23 |[34;20m INFO     [0m|[34;20m nipype.workflow  [0m|[34;20m [Node] Finished "post_n4", elapsed time 0.911476s.[0m
2026-03-27 02:54:24 |[34;20m INFO     [0m|[34;20m nipype.workflow  [0m|[34;20m [Node] Setting-up "mriqc_wf.funcMRIQC.SpatialNormalization.EPI2MNI" in "/local/nvme/ds004996_55.784026/ds/tmp/mriqc_wf/funcMRIQC/SpatialNormalization/64fe28c47adbfc6de50e07995b62a8aec61458a9/EPI2MNI".[0m
2026-03-27 02:54:24 |[34;20m INFO     [0m|[34;20m nipype.workflow  [0m|[34;20m [Node] Executing "EPI2MNI" <niworkflows.interfaces.reportlets.registration.SpatialNormalizationRPT>[0m
2026-03-27 02:54:24 |[34;20m INFO     [0m|[34;20m niworkflows      [0m|[34;20m Estimating initial transform using AffineInitializer[0m
2026-03-27 02:54:28 |[34;20m INFO     [0m|[34;20m niworkflows      [0m|[34;20m Loading settings from file /opt/conda/lib/python3.11/site-packages/niworkflows/data/boldref-mni_registration_precise_000.json.[0m
2026-03-27 02:54:28 |[34;20m INFO     [0m|[34;20m niworkflows      [0m|[34;20m Retry #1, commandline: 
antsRegistration --collapse-output-transforms 1 --dimensionality 3 --float 0 --initial-moving-transform [ /local/nvme/ds004996_55.784026/ds/tmp/mriqc_wf/funcMRIQC/SpatialNormalization/64fe28c47adbfc6de50e07995b62a8aec61458a9/EPI2MNI/transform.mat, 0 ] --initialize-transforms-per-stage 0 --interpolation LanczosWindowedSinc --output [ epi_to_mni, epi_to_mni_Warped.nii.gz ] --transform Rigid[ 0.05 ] --metric Mattes[ /templateflow/tpl-MNI152NLin2009cAsym/tpl-MNI152NLin2009cAsym_res-02_desc-fMRIPrep_boldref.nii.gz, /local/nvme/ds004996_55.784026/ds/tmp/mriqc_wf/funcMRIQC/SpatialNormalization/64fe28c47adbfc6de50e07995b62a8aec61458a9/SharpenEPI/sub-55_task-conversation_run-01_bold_desc-realigned_valid_tstat_corrected.nii.gz, 1, 56, Regular, 0.25 ] --convergence [ 10000x1000x100, 1e-06, 20 ] --smoothing-sigmas 4.0x2.0x1.0vox --shrink-factors 4x2x1 --use-histogram-matching 1 --masks [ /templateflow/tpl-MNI152NLin2009cAsym/tpl-MNI152NLin2009cAsym_res-02_desc-brain_mask.nii.gz, /local/nvme/ds004996_55.784026/ds/tmp/mriqc_wf/funcMRIQC/synthstrip_wf/64fe28c47adbfc6de50e07995b62a8aec61458a9/synthstrip/clipped_corrected_desc-brain_mask.nii.gz ] --transform Affine[ 0.08 ] --metric Mattes[ /templateflow/tpl-MNI152NLin2009cAsym/tpl-MNI152NLin2009cAsym_res-02_desc-fMRIPrep_boldref.nii.gz, /local/nvme/ds004996_55.784026/ds/tmp/mriqc_wf/funcMRIQC/SpatialNormalization/64fe28c47adbfc6de50e07995b62a8aec61458a9/SharpenEPI/sub-55_task-conversation_run-01_bold_desc-realigned_valid_tstat_corrected.nii.gz, 1, 56, Regular, 0.25 ] --convergence [ 500x250x100, 1e-06, 20 ] --smoothing-sigmas 4.0x2.0x1.0vox --shrink-factors 8x4x2 --use-histogram-matching 1 --masks [ /templateflow/tpl-MNI152NLin2009cAsym/tpl-MNI152NLin2009cAsym_res-02_desc-brain_mask.nii.gz, /local/nvme/ds004996_55.784026/ds/tmp/mriqc_wf/funcMRIQC/synthstrip_wf/64fe28c47adbfc6de50e07995b62a8aec61458a9/synthstrip/clipped_corrected_desc-brain_mask.nii.gz ] --transform SyN[ 0.1, 3.0, 0.0 ] --metric CC[ /templateflow/tpl-MNI152NLin2009cAsym/tpl-MNI152NLin2009cAsym_res-02_desc-fMRIPrep_boldref.nii.gz, /local/nvme/ds004996_55.784026/ds/tmp/mriqc_wf/funcMRIQC/SpatialNormalization/64fe28c47adbfc6de50e07995b62a8aec61458a9/SharpenEPI/sub-55_task-conversation_run-01_bold_desc-realigned_valid_tstat_corrected.nii.gz, 1, 4, None, 1 ] --convergence [ 100x30x20, 1e-06, 10 ] --smoothing-sigmas 3.0x2.0x1.0vox --shrink-factors 8x4x2 --use-histogram-matching 1 --masks [ /templateflow/tpl-MNI152NLin2009cAsym/tpl-MNI152NLin2009cAsym_res-02_desc-brain_mask.nii.gz, /local/nvme/ds004996_55.784026/ds/tmp/mriqc_wf/funcMRIQC/synthstrip_wf/64fe28c47adbfc6de50e07995b62a8aec61458a9/synthstrip/clipped_corrected_desc-brain_mask.nii.gz ] --winsorize-image-intensities [ 0.005, 0.995 ]  --write-composite-transform 1[0m
2026-03-27 02:54:39 |[34;20m INFO     [0m|[34;20m niworkflows      [0m|[34;20m Successful spatial normalization (retry #1).[0m
2026-03-27 02:54:39 |[34;20m INFO     [0m|[34;20m niworkflows      [0m|[34;20m Report - setting fixed (/templateflow/tpl-MNI152NLin2009cAsym/tpl-MNI152NLin2009cAsym_res-02_desc-fMRIPrep_boldref.nii.gz) and moving (/local/nvme/ds004996_55.784026/ds/tmp/mriqc_wf/funcMRIQC/SpatialNormalization/64fe28c47adbfc6de50e07995b62a8aec61458a9/EPI2MNI/epi_to_mni_Warped.nii.gz) images[0m
2026-03-27 02:54:39 |[34;20m INFO     [0m|[34;20m niworkflows      [0m|[34;20m Generating visual report[0m
2026-03-27 02:54:54 |[34;20m INFO     [0m|[34;20m nipype.workflow  [0m|[34;20m [Node] Finished "EPI2MNI", elapsed time 30.595836s.[0m
2026-03-27 02:54:56 |[34;20m INFO     [0m|[34;20m nipype.workflow  [0m|[34;20m [Node] Setting-up "_ComputeDVARS0" in "/local/nvme/ds004996_55.784026/ds/tmp/mriqc_wf/funcMRIQC/ComputeIQMs/64fe28c47adbfc6de50e07995b62a8aec61458a9/ComputeDVARS/mapflow/_ComputeDVARS0".[0m
2026-03-27 02:54:56 |[34;20m INFO     [0m|[34;20m nipype.workflow  [0m|[34;20m [Node] Setting-up "mriqc_wf.funcMRIQC.func_report_wf.dilated_mask" in "/local/nvme/ds004996_55.784026/ds/tmp/mriqc_wf/funcMRIQC/func_report_wf/64fe28c47adbfc6de50e07995b62a8aec61458a9/dilated_mask".[0m
2026-03-27 02:54:56 |[34;20m INFO     [0m|[34;20m nipype.workflow  [0m|[34;20m [Node] Setting-up "_smoothness0" in "/local/nvme/ds004996_55.784026/ds/tmp/mriqc_wf/funcMRIQC/ComputeIQMs/64fe28c47adbfc6de50e07995b62a8aec61458a9/smoothness/mapflow/_smoothness0".[0m
2026-03-27 02:54:56 |[34;20m INFO     [0m|[34;20m nipype.workflow  [0m|[34;20m [Node] Executing "_ComputeDVARS0" <nipype.algorithms.confounds.ComputeDVARS>[0m
2026-03-27 02:54:56 |[34;20m INFO     [0m|[34;20m nipype.workflow  [0m|[34;20m [Node] Setting-up "_outliers0" in "/local/nvme/ds004996_55.784026/ds/tmp/mriqc_wf/funcMRIQC/ComputeIQMs/64fe28c47adbfc6de50e07995b62a8aec61458a9/outliers/mapflow/_outliers0".[0m
2026-03-27 02:54:56 |[34;20m INFO     [0m|[34;20m nipype.workflow  [0m|[34;20m [Node] Setting-up "mriqc_wf.funcMRIQC.func_report_wf.PlotBrainmask" in "/local/nvme/ds004996_55.784026/ds/tmp/mriqc_wf/funcMRIQC/func_report_wf/64fe28c47adbfc6de50e07995b62a8aec61458a9/PlotBrainmask".[0m
2026-03-27 02:54:56 |[34;20m INFO     [0m|[34;20m nipype.workflow  [0m|[34;20m [Node] Executing "dilated_mask" <niworkflows.interfaces.morphology.BinaryDilation>[0m
2026-03-27 02:54:56 |[34;20m INFO     [0m|[34;20m nipype.workflow  [0m|[34;20m [Node] Executing "_smoothness0" <nipype.interfaces.afni.utils.FWHMx>[0m
2026-03-27 02:54:56 |[34;20m INFO     [0m|[34;20m nipype.workflow  [0m|[34;20m [Node] Setting-up "_gcor0" in "/local/nvme/ds004996_55.784026/ds/tmp/mriqc_wf/funcMRIQC/ComputeIQMs/64fe28c47adbfc6de50e07995b62a8aec61458a9/gcor/mapflow/_gcor0".[0m
2026-03-27 02:54:56 |[34;20m INFO     [0m|[34;20m nipype.workflow  [0m|[34;20m [Node] Executing "_outliers0" <nipype.interfaces.afni.preprocess.OutlierCount>[0m
2026-03-27 02:54:56 |[34;20m INFO     [0m|[34;20m nipype.workflow  [0m|[34;20m [Node] Setting-up "_PlotMosaicZoomed0" in "/local/nvme/ds004996_55.784026/ds/tmp/mriqc_wf/funcMRIQC/func_report_wf/64fe28c47adbfc6de50e07995b62a8aec61458a9/PlotMosaicZoomed/mapflow/_PlotMosaicZoomed0".[0m
2026-03-27 02:54:56 |[34;20m INFO     [0m|[34;20m nipype.workflow  [0m|[34;20m [Node] Executing "_gcor0" <mriqc.interfaces.transitional.GCOR>[0m
2026-03-27 02:54:56 |[34;20m INFO     [0m|[34;20m nipype.workflow  [0m|[34;20m [Node] Executing "PlotBrainmask" <nireports.interfaces.mosaic.PlotContours>[0m
2026-03-27 02:54:56 |[34;20m INFO     [0m|[34;20m nipype.workflow  [0m|[34;20m [Node] Executing "_PlotMosaicZoomed0" <nireports.interfaces.mosaic.PlotMosaic>[0m
2026-03-27 02:54:56 |[34;20m INFO     [0m|[34;20m nipype.workflow  [0m|[34;20m [Node] Setting-up "_ComputeDVARS0" in "/local/nvme/ds004996_55.784026/ds/tmp/mriqc_wf/funcMRIQC/ComputeIQMs/7a828358d9b8a5a192bdc8ec44fb7f1f0b7dcc17/ComputeDVARS/mapflow/_ComputeDVARS0".[0m
2026-03-27 02:54:56 |[34;20m INFO     [0m|[34;20m nipype.workflow  [0m|[34;20m [Node] Executing "_ComputeDVARS0" <nipype.algorithms.confounds.ComputeDVARS>[0m
2026-03-27 02:54:56 |[34;20m INFO     [0m|[34;20m nipype.workflow  [0m|[34;20m [Node] Finished "dilated_mask", elapsed time 0.043306s.[0m
2026-03-27 02:54:56 |[34;20m INFO     [0m|[34;20m nipype.workflow  [0m|[34;20m [Node] Finished "_smoothness0", elapsed time 0.577s.[0m
2026-03-27 02:54:57 |[34;20m INFO     [0m|[34;20m nipype.workflow  [0m|[34;20m [Node] Finished "PlotBrainmask", elapsed time 1.417431s.[0m
2026-03-27 02:54:57 |[34;20m INFO     [0m|[34;20m nipype.workflow  [0m|[34;20m [Node] Finished "_PlotMosaicZoomed0", elapsed time 1.4472960000000001s.[0m
2026-03-27 02:54:58 |[34;20m INFO     [0m|[34;20m nipype.workflow  [0m|[34;20m [Node] Setting-up "mriqc_wf.funcMRIQC.func_report_wf.dilated_mask" in "/local/nvme/ds004996_55.784026/ds/tmp/mriqc_wf/funcMRIQC/func_report_wf/7a828358d9b8a5a192bdc8ec44fb7f1f0b7dcc17/dilated_mask".[0m
2026-03-27 02:54:58 |[34;20m INFO     [0m|[34;20m nipype.workflow  [0m|[34;20m [Node] Setting-up "_smoothness0" in "/local/nvme/ds004996_55.784026/ds/tmp/mriqc_wf/funcMRIQC/ComputeIQMs/7a828358d9b8a5a192bdc8ec44fb7f1f0b7dcc17/smoothness/mapflow/_smoothness0".[0m
2026-03-27 02:54:58 |[34;20m INFO     [0m|[34;20m nipype.workflow  [0m|[34;20m [Node] Setting-up "_outliers0" in "/local/nvme/ds004996_55.784026/ds/tmp/mriqc_wf/funcMRIQC/ComputeIQMs/7a828358d9b8a5a192bdc8ec44fb7f1f0b7dcc17/outliers/mapflow/_outliers0".[0m
2026-03-27 02:54:58 |[34;20m INFO     [0m|[34;20m nipype.workflow  [0m|[34;20m [Node] Executing "_smoothness0" <nipype.interfaces.afni.utils.FWHMx>[0m
2026-03-27 02:54:58 |[34;20m INFO     [0m|[34;20m nipype.workflow  [0m|[34;20m [Node] Setting-up "_gcor0" in "/local/nvme/ds004996_55.784026/ds/tmp/mriqc_wf/funcMRIQC/ComputeIQMs/7a828358d9b8a5a192bdc8ec44fb7f1f0b7dcc17/gcor/mapflow/_gcor0".[0m
2026-03-27 02:54:58 |[34;20m INFO     [0m|[34;20m nipype.workflow  [0m|[34;20m [Node] Executing "dilated_mask" <niworkflows.interfaces.morphology.BinaryDilation>[0m
2026-03-27 02:54:58 |[34;20m INFO     [0m|[34;20m nipype.workflow  [0m|[34;20m [Node] Executing "_outliers0" <nipype.interfaces.afni.preprocess.OutlierCount>[0m
2026-03-27 02:54:58 |[34;20m INFO     [0m|[34;20m nipype.workflow  [0m|[34;20m [Node] Executing "_gcor0" <mriqc.interfaces.transitional.GCOR>[0m
2026-03-27 02:54:58 |[34;20m INFO     [0m|[34;20m nipype.workflow  [0m|[34;20m [Node] Finished "dilated_mask", elapsed time 0.043233s.[0m
2026-03-27 02:54:58 |[34;20m INFO     [0m|[34;20m nipype.workflow  [0m|[34;20m [Node] Finished "_smoothness0", elapsed time 0.49383s.[0m
2026-03-27 02:55:00 |[34;20m INFO     [0m|[34;20m nipype.workflow  [0m|[34;20m [Node] Setting-up "mriqc_wf.funcMRIQC.func_report_wf.PlotBrainmask" in "/local/nvme/ds004996_55.784026/ds/tmp/mriqc_wf/funcMRIQC/func_report_wf/7a828358d9b8a5a192bdc8ec44fb7f1f0b7dcc17/PlotBrainmask".[0m
2026-03-27 02:55:00 |[34;20m INFO     [0m|[34;20m nipype.workflow  [0m|[34;20m [Node] Executing "PlotBrainmask" <nireports.interfaces.mosaic.PlotContours>[0m
2026-03-27 02:55:00 |[34;20m INFO     [0m|[34;20m nipype.workflow  [0m|[34;20m [Node] Setting-up "_PlotMosaicZoomed0" in "/local/nvme/ds004996_55.784026/ds/tmp/mriqc_wf/funcMRIQC/func_report_wf/7a828358d9b8a5a192bdc8ec44fb7f1f0b7dcc17/PlotMosaicZoomed/mapflow/_PlotMosaicZoomed0".[0m
2026-03-27 02:55:00 |[34;20m INFO     [0m|[34;20m nipype.workflow  [0m|[34;20m [Node] Executing "_PlotMosaicZoomed0" <nireports.interfaces.mosaic.PlotMosaic>[0m
2026-03-27 02:55:00 |[34;20m INFO     [0m|[34;20m nipype.workflow  [0m|[34;20m [Node] Finished "_outliers0", elapsed time 4.093732s.[0m
2026-03-27 02:55:01 |[34;20m INFO     [0m|[34;20m nipype.workflow  [0m|[34;20m [Node] Finished "PlotBrainmask", elapsed time 1.148492s.[0m
2026-03-27 02:55:01 |[34;20m INFO     [0m|[34;20m nipype.workflow  [0m|[34;20m [Node] Finished "_PlotMosaicZoomed0", elapsed time 1.540286s.[0m
2026-03-27 02:55:02 |[34;20m INFO     [0m|[34;20m nipype.workflow  [0m|[34;20m [Node] Setting-up "_ComputeDVARS0" in "/local/nvme/ds004996_55.784026/ds/tmp/mriqc_wf/funcMRIQC/ComputeIQMs/54a910c0d44a25d3a8d23d874dcf4e5d598c4ebe/ComputeDVARS/mapflow/_ComputeDVARS0".[0m
2026-03-27 02:55:02 |[34;20m INFO     [0m|[34;20m nipype.workflow  [0m|[34;20m [Node] Setting-up "_smoothness0" in "/local/nvme/ds004996_55.784026/ds/tmp/mriqc_wf/funcMRIQC/ComputeIQMs/54a910c0d44a25d3a8d23d874dcf4e5d598c4ebe/smoothness/mapflow/_smoothness0".[0m
2026-03-27 02:55:02 |[34;20m INFO     [0m|[34;20m nipype.workflow  [0m|[34;20m [Node] Executing "_ComputeDVARS0" <nipype.algorithms.confounds.ComputeDVARS>[0m
2026-03-27 02:55:02 |[34;20m INFO     [0m|[34;20m nipype.workflow  [0m|[34;20m [Node] Setting-up "_outliers0" in "/local/nvme/ds004996_55.784026/ds/tmp/mriqc_wf/funcMRIQC/ComputeIQMs/54a910c0d44a25d3a8d23d874dcf4e5d598c4ebe/outliers/mapflow/_outliers0".[0m
2026-03-27 02:55:02 |[34;20m INFO     [0m|[34;20m nipype.workflow  [0m|[34;20m [Node] Executing "_smoothness0" <nipype.interfaces.afni.utils.FWHMx>[0m
2026-03-27 02:55:02 |[34;20m INFO     [0m|[34;20m nipype.workflow  [0m|[34;20m [Node] Executing "_outliers0" <nipype.interfaces.afni.preprocess.OutlierCount>[0m
2026-03-27 02:55:02 |[34;20m INFO     [0m|[34;20m nipype.workflow  [0m|[34;20m [Node] Finished "_outliers0", elapsed time 4.235871s.[0m
2026-03-27 02:55:02 |[34;20m INFO     [0m|[34;20m nipype.workflow  [0m|[34;20m [Node] Finished "_smoothness0", elapsed time 0.479408s.[0m
2026-03-27 02:55:04 |[34;20m INFO     [0m|[34;20m nipype.workflow  [0m|[34;20m [Node] Finished "_gcor0", elapsed time 7.8792349999999995s.[0m
2026-03-27 02:55:04 |[34;20m INFO     [0m|[34;20m nipype.workflow  [0m|[34;20m [Node] Setting-up "mriqc_wf.funcMRIQC.func_report_wf.dilated_mask" in "/local/nvme/ds004996_55.784026/ds/tmp/mriqc_wf/funcMRIQC/func_report_wf/54a910c0d44a25d3a8d23d874dcf4e5d598c4ebe/dilated_mask".[0m
2026-03-27 02:55:04 |[34;20m INFO     [0m|[34;20m nipype.workflow  [0m|[34;20m [Node] Executing "dilated_mask" <niworkflows.interfaces.morphology.BinaryDilation>[0m
2026-03-27 02:55:04 |[34;20m INFO     [0m|[34;20m nipype.workflow  [0m|[34;20m [Node] Setting-up "_gcor0" in "/local/nvme/ds004996_55.784026/ds/tmp/mriqc_wf/funcMRIQC/ComputeIQMs/54a910c0d44a25d3a8d23d874dcf4e5d598c4ebe/gcor/mapflow/_gcor0".[0m
2026-03-27 02:55:04 |[34;20m INFO     [0m|[34;20m nipype.workflow  [0m|[34;20m [Node] Executing "_gcor0" <mriqc.interfaces.transitional.GCOR>[0m
2026-03-27 02:55:04 |[34;20m INFO     [0m|[34;20m nipype.workflow  [0m|[34;20m [Node] Setting-up "_PlotMosaicZoomed0" in "/local/nvme/ds004996_55.784026/ds/tmp/mriqc_wf/funcMRIQC/func_report_wf/54a910c0d44a25d3a8d23d874dcf4e5d598c4ebe/PlotMosaicZoomed/mapflow/_PlotMosaicZoomed0".[0m
2026-03-27 02:55:04 |[34;20m INFO     [0m|[34;20m nipype.workflow  [0m|[34;20m [Node] Executing "_PlotMosaicZoomed0" <nireports.interfaces.mosaic.PlotMosaic>[0m
2026-03-27 02:55:04 |[34;20m INFO     [0m|[34;20m nipype.workflow  [0m|[34;20m [Node] Finished "dilated_mask", elapsed time 0.022943s.[0m
2026-03-27 02:55:05 |[34;20m INFO     [0m|[34;20m nipype.workflow  [0m|[34;20m [Node] Finished "_PlotMosaicZoomed0", elapsed time 1.429114s.[0m
2026-03-27 02:55:06 |[34;20m INFO     [0m|[34;20m nipype.workflow  [0m|[34;20m [Node] Finished "_gcor0", elapsed time 7.643711s.[0m
2026-03-27 02:55:06 |[34;20m INFO     [0m|[34;20m nipype.workflow  [0m|[34;20m [Node] Setting-up "mriqc_wf.funcMRIQC.func_report_wf.PlotBrainmask" in "/local/nvme/ds004996_55.784026/ds/tmp/mriqc_wf/funcMRIQC/func_report_wf/54a910c0d44a25d3a8d23d874dcf4e5d598c4ebe/PlotBrainmask".[0m
2026-03-27 02:55:06 |[34;20m INFO     [0m|[34;20m nipype.workflow  [0m|[34;20m [Node] Setting-up "mriqc_wf.funcMRIQC.synthstrip_wf.final_masked" in "/local/nvme/ds004996_55.784026/ds/tmp/mriqc_wf/funcMRIQC/synthstrip_wf/64fe28c47adbfc6de50e07995b62a8aec61458a9/final_masked".[0m
2026-03-27 02:55:06 |[34;20m INFO     [0m|[34;20m nipype.workflow  [0m|[34;20m [Node] Setting-up "mriqc_wf.funcMRIQC.SpatialNormalization.ResampleSegmentation" in "/local/nvme/ds004996_55.784026/ds/tmp/mriqc_wf/funcMRIQC/SpatialNormalization/64fe28c47adbfc6de50e07995b62a8aec61458a9/ResampleSegmentation".[0m
2026-03-27 02:55:06 |[34;20m INFO     [0m|[34;20m nipype.workflow  [0m|[34;20m [Node] Executing "final_masked" <niworkflows.interfaces.nibabel.ApplyMask>[0m
2026-03-27 02:55:06 |[34;20m INFO     [0m|[34;20m nipype.workflow  [0m|[34;20m [Node] Executing "PlotBrainmask" <nireports.interfaces.mosaic.PlotContours>[0m
2026-03-27 02:55:06 |[34;20m INFO     [0m|[34;20m nipype.workflow  [0m|[34;20m [Node] Executing "ResampleSegmentation" <nipype.interfaces.ants.resampling.ApplyTransforms>[0m
2026-03-27 02:55:06 |[34;20m INFO     [0m|[34;20m nipype.workflow  [0m|[34;20m [Node] Finished "final_masked", elapsed time 0.031584s.[0m
2026-03-27 02:55:06 |[34;20m INFO     [0m|[34;20m nipype.workflow  [0m|[34;20m [Node] Finished "_outliers0", elapsed time 4.269255s.[0m
2026-03-27 02:55:07 |[34;20m INFO     [0m|[34;20m nipype.workflow  [0m|[34;20m [Node] Finished "PlotBrainmask", elapsed time 1.275879s.[0m
2026-03-27 02:55:08 |[34;20m INFO     [0m|[34;20m nipype.workflow  [0m|[34;20m [Node] Setting-up "mriqc_wf.funcMRIQC.func_report_wf.ds_report_norm" in "/local/nvme/ds004996_55.784026/ds/tmp/mriqc_wf/funcMRIQC/func_report_wf/64fe28c47adbfc6de50e07995b62a8aec61458a9/ds_report_norm".[0m
2026-03-27 02:55:08 |[34;20m INFO     [0m|[34;20m nipype.workflow  [0m|[34;20m [Node] Executing "ds_report_norm" <mriqc.interfaces.DerivativesDataSink>[0m
2026-03-27 02:55:08 |[34;20m INFO     [0m|[34;20m nipype.workflow  [0m|[34;20m [Node] Finished "ds_report_norm", elapsed time 0.005252s.[0m
2026-03-27 02:55:08 |[34;20m INFO     [0m|[34;20m nipype.workflow  [0m|[34;20m [Node] Setting-up "_ds_report_zoomed0" in "/local/nvme/ds004996_55.784026/ds/tmp/mriqc_wf/funcMRIQC/func_report_wf/64fe28c47adbfc6de50e07995b62a8aec61458a9/ds_report_zoomed/mapflow/_ds_report_zoomed0".[0m
2026-03-27 02:55:08 |[34;20m INFO     [0m|[34;20m nipype.workflow  [0m|[34;20m [Node] Executing "_ds_report_zoomed0" <mriqc.interfaces.DerivativesDataSink>[0m
2026-03-27 02:55:08 |[34;20m INFO     [0m|[34;20m nipype.workflow  [0m|[34;20m [Node] Setting-up "mriqc_wf.funcMRIQC.func_report_wf.subtract_mask" in "/local/nvme/ds004996_55.784026/ds/tmp/mriqc_wf/funcMRIQC/func_report_wf/64fe28c47adbfc6de50e07995b62a8aec61458a9/subtract_mask".[0m
2026-03-27 02:55:08 |[34;20m INFO     [0m|[34;20m nipype.workflow  [0m|[34;20m [Node] Executing "subtract_mask" <niworkflows.interfaces.morphology.BinarySubtraction>[0m
2026-03-27 02:55:08 |[34;20m INFO     [0m|[34;20m nipype.workflow  [0m|[34;20m [Node] Finished "_ds_report_zoomed0", elapsed time 0.005042s.[0m
2026-03-27 02:55:08 |[34;20m INFO     [0m|[34;20m nipype.workflow  [0m|[34;20m [Node] Finished "subtract_mask", elapsed time 0.014596s.[0m
2026-03-27 02:55:08 |[34;20m INFO     [0m|[34;20m nipype.workflow  [0m|[34;20m [Node] Setting-up "mriqc_wf.funcMRIQC.func_report_wf.ds_report_bmask" in "/local/nvme/ds004996_55.784026/ds/tmp/mriqc_wf/funcMRIQC/func_report_wf/64fe28c47adbfc6de50e07995b62a8aec61458a9/ds_report_bmask".[0m
2026-03-27 02:55:08 |[34;20m INFO     [0m|[34;20m nipype.workflow  [0m|[34;20m [Node] Executing "ds_report_bmask" <mriqc.interfaces.DerivativesDataSink>[0m
2026-03-27 02:55:08 |[34;20m INFO     [0m|[34;20m nipype.workflow  [0m|[34;20m [Node] Finished "ds_report_bmask", elapsed time 0.005099s.[0m
2026-03-27 02:55:08 |[34;20m INFO     [0m|[34;20m nipype.workflow  [0m|[34;20m [Node] Setting-up "mriqc_wf.funcMRIQC.func_report_wf.subtract_mask" in "/local/nvme/ds004996_55.784026/ds/tmp/mriqc_wf/funcMRIQC/func_report_wf/7a828358d9b8a5a192bdc8ec44fb7f1f0b7dcc17/subtract_mask".[0m
2026-03-27 02:55:08 |[34;20m INFO     [0m|[34;20m nipype.workflow  [0m|[34;20m [Node] Executing "subtract_mask" <niworkflows.interfaces.morphology.BinarySubtraction>[0m
2026-03-27 02:55:08 |[34;20m INFO     [0m|[34;20m nipype.workflow  [0m|[34;20m [Node] Setting-up "_ds_report_zoomed0" in "/local/nvme/ds004996_55.784026/ds/tmp/mriqc_wf/funcMRIQC/func_report_wf/7a828358d9b8a5a192bdc8ec44fb7f1f0b7dcc17/ds_report_zoomed/mapflow/_ds_report_zoomed0".[0m
2026-03-27 02:55:08 |[34;20m INFO     [0m|[34;20m nipype.workflow  [0m|[34;20m [Node] Finished "ResampleSegmentation", elapsed time 2.356876s.[0m
2026-03-27 02:55:08 |[34;20m INFO     [0m|[34;20m nipype.workflow  [0m|[34;20m [Node] Executing "_ds_report_zoomed0" <mriqc.interfaces.DerivativesDataSink>[0m
2026-03-27 02:55:08 |[34;20m INFO     [0m|[34;20m nipype.workflow  [0m|[34;20m [Node] Finished "_ds_report_zoomed0", elapsed time 0.00542s.[0m
2026-03-27 02:55:08 |[34;20m INFO     [0m|[34;20m nipype.workflow  [0m|[34;20m [Node] Finished "subtract_mask", elapsed time 0.010503s.[0m
2026-03-27 02:55:08 |[34;20m INFO     [0m|[34;20m nipype.workflow  [0m|[34;20m [Node] Setting-up "mriqc_wf.funcMRIQC.func_report_wf.ds_report_bmask" in "/local/nvme/ds004996_55.784026/ds/tmp/mriqc_wf/funcMRIQC/func_report_wf/7a828358d9b8a5a192bdc8ec44fb7f1f0b7dcc17/ds_report_bmask".[0m
2026-03-27 02:55:08 |[34;20m INFO     [0m|[34;20m nipype.workflow  [0m|[34;20m [Node] Executing "ds_report_bmask" <mriqc.interfaces.DerivativesDataSink>[0m
2026-03-27 02:55:08 |[34;20m INFO     [0m|[34;20m nipype.workflow  [0m|[34;20m [Node] Finished "ds_report_bmask", elapsed time 0.005155s.[0m
2026-03-27 02:55:08 |[34;20m INFO     [0m|[34;20m nipype.workflow  [0m|[34;20m [Node] Setting-up "mriqc_wf.funcMRIQC.func_report_wf.subtract_mask" in "/local/nvme/ds004996_55.784026/ds/tmp/mriqc_wf/funcMRIQC/func_report_wf/54a910c0d44a25d3a8d23d874dcf4e5d598c4ebe/subtract_mask".[0m
2026-03-27 02:55:08 |[34;20m INFO     [0m|[34;20m nipype.workflow  [0m|[34;20m [Node] Executing "subtract_mask" <niworkflows.interfaces.morphology.BinarySubtraction>[0m
2026-03-27 02:55:08 |[34;20m INFO     [0m|[34;20m nipype.workflow  [0m|[34;20m [Node] Finished "subtract_mask", elapsed time 0.013299s.[0m
2026-03-27 02:55:10 |[34;20m INFO     [0m|[34;20m nipype.workflow  [0m|[34;20m [Node] Setting-up "_ds_report_zoomed0" in "/local/nvme/ds004996_55.784026/ds/tmp/mriqc_wf/funcMRIQC/func_report_wf/54a910c0d44a25d3a8d23d874dcf4e5d598c4ebe/ds_report_zoomed/mapflow/_ds_report_zoomed0".[0m
2026-03-27 02:55:10 |[34;20m INFO     [0m|[34;20m nipype.workflow  [0m|[34;20m [Node] Executing "_ds_report_zoomed0" <mriqc.interfaces.DerivativesDataSink>[0m
2026-03-27 02:55:10 |[34;20m INFO     [0m|[34;20m nipype.workflow  [0m|[34;20m [Node] Finished "_ds_report_zoomed0", elapsed time 0.005166s.[0m
2026-03-27 02:55:10 |[34;20m INFO     [0m|[34;20m nipype.workflow  [0m|[34;20m [Node] Setting-up "mriqc_wf.funcMRIQC.func_report_wf.ds_report_bmask" in "/local/nvme/ds004996_55.784026/ds/tmp/mriqc_wf/funcMRIQC/func_report_wf/54a910c0d44a25d3a8d23d874dcf4e5d598c4ebe/ds_report_bmask".[0m
2026-03-27 02:55:10 |[34;20m INFO     [0m|[34;20m nipype.workflow  [0m|[34;20m [Node] Executing "ds_report_bmask" <mriqc.interfaces.DerivativesDataSink>[0m
2026-03-27 02:55:10 |[34;20m INFO     [0m|[34;20m nipype.workflow  [0m|[34;20m [Node] Finished "ds_report_bmask", elapsed time 0.005055s.[0m
2026-03-27 02:55:10 |[34;20m INFO     [0m|[34;20m nipype.workflow  [0m|[34;20m [Node] Setting-up "mriqc_wf.funcMRIQC.func_report_wf.parcels" in "/local/nvme/ds004996_55.784026/ds/tmp/mriqc_wf/funcMRIQC/func_report_wf/64fe28c47adbfc6de50e07995b62a8aec61458a9/parcels".[0m
2026-03-27 02:55:10 |[34;20m INFO     [0m|[34;20m nipype.workflow  [0m|[34;20m [Node] Executing "parcels" <nipype.interfaces.utility.wrappers.Function>[0m
2026-03-27 02:55:10 |[34;20m INFO     [0m|[34;20m nipype.workflow  [0m|[34;20m [Node] Finished "parcels", elapsed time 0.02192s.[0m
2026-03-27 02:55:12 |[34;20m INFO     [0m|[34;20m nipype.workflow  [0m|[34;20m [Node] Finished "_gcor0", elapsed time 8.222874s.[0m
2026-03-27 02:55:14 |[34;20m INFO     [0m|[34;20m nipype.workflow  [0m|[34;20m [Node] Finished "_ComputeDVARS0", elapsed time 18.240492s.[0m
2026-03-27 02:55:14 |[34;20m INFO     [0m|[34;20m nipype.workflow  [0m|[34;20m [Node] Finished "_ComputeDVARS0", elapsed time 18.473392s.[0m
2026-03-27 02:55:16 |[34;20m INFO     [0m|[34;20m nipype.workflow  [0m|[34;20m [Node] Setting-up "_measures0" in "/local/nvme/ds004996_55.784026/ds/tmp/mriqc_wf/funcMRIQC/ComputeIQMs/64fe28c47adbfc6de50e07995b62a8aec61458a9/measures/mapflow/_measures0".[0m
2026-03-27 02:55:16 |[34;20m INFO     [0m|[34;20m nipype.workflow  [0m|[34;20m [Node] Setting-up "_timeseries0" in "/local/nvme/ds004996_55.784026/ds/tmp/mriqc_wf/funcMRIQC/ComputeIQMs/64fe28c47adbfc6de50e07995b62a8aec61458a9/timeseries/mapflow/_timeseries0".[0m
2026-03-27 02:55:16 |[34;20m INFO     [0m|[34;20m nipype.workflow  [0m|[34;20m [Node] Executing "_measures0" <mriqc.interfaces.functional.FunctionalQC>[0m
2026-03-27 02:55:16 |[34;20m INFO     [0m|[34;20m nipype.workflow  [0m|[34;20m [Node] Executing "_timeseries0" <mriqc.interfaces.functional.GatherTimeseries>[0m
2026-03-27 02:55:16 |[34;20m INFO     [0m|[34;20m nipype.workflow  [0m|[34;20m [Node] Setting-up "_timeseries0" in "/local/nvme/ds004996_55.784026/ds/tmp/mriqc_wf/funcMRIQC/ComputeIQMs/7a828358d9b8a5a192bdc8ec44fb7f1f0b7dcc17/timeseries/mapflow/_timeseries0".[0m
2026-03-27 02:55:16 |[34;20m INFO     [0m|[34;20m nipype.workflow  [0m|[34;20m [Node] Executing "_timeseries0" <mriqc.interfaces.functional.GatherTimeseries>[0m
2026-03-27 02:55:16 |[34;20m INFO     [0m|[34;20m nipype.workflow  [0m|[34;20m [Node] Finished "_timeseries0", elapsed time 0.02252s.[0m
2026-03-27 02:55:16 |[34;20m INFO     [0m|[34;20m nipype.workflow  [0m|[34;20m [Node] Finished "_timeseries0", elapsed time 0.027016s.[0m
2026-03-27 02:55:17 |[34;20m INFO     [0m|[34;20m nipype.workflow  [0m|[34;20m [Node] Finished "_measures0", elapsed time 1.058733s.[0m
2026-03-27 02:55:18 |[34;20m INFO     [0m|[34;20m nipype.workflow  [0m|[34;20m [Node] Setting-up "_measures0" in "/local/nvme/ds004996_55.784026/ds/tmp/mriqc_wf/funcMRIQC/ComputeIQMs/7a828358d9b8a5a192bdc8ec44fb7f1f0b7dcc17/measures/mapflow/_measures0".[0m
2026-03-27 02:55:18 |[34;20m INFO     [0m|[34;20m nipype.workflow  [0m|[34;20m [Node] Executing "_measures0" <mriqc.interfaces.functional.FunctionalQC>[0m
2026-03-27 02:55:18 |[34;20m INFO     [0m|[34;20m nipype.workflow  [0m|[34;20m [Node] Setting-up "_datasink0" in "/local/nvme/ds004996_55.784026/ds/tmp/mriqc_wf/funcMRIQC/ComputeIQMs/64fe28c47adbfc6de50e07995b62a8aec61458a9/datasink/mapflow/_datasink0".[0m
2026-03-27 02:55:18 |[34;20m INFO     [0m|[34;20m nipype.workflow  [0m|[34;20m [Node] Executing "_datasink0" <mriqc.interfaces.bids.IQMFileSink>[0m
2026-03-27 02:55:18 |[34;20m INFO     [0m|[34;20m nipype.workflow  [0m|[34;20m [Node] Finished "_datasink0", elapsed time 0.002609s.[0m
2026-03-27 02:55:18 |[34;20m INFO     [0m|[34;20m nipype.workflow  [0m|[34;20m [Node] Setting-up "_ds_timeseries0" in "/local/nvme/ds004996_55.784026/ds/tmp/mriqc_wf/funcMRIQC/ComputeIQMs/64fe28c47adbfc6de50e07995b62a8aec61458a9/ds_timeseries/mapflow/_ds_timeseries0".[0m
2026-03-27 02:55:18 |[34;20m INFO     [0m|[34;20m nipype.workflow  [0m|[34;20m [Node] Executing "_ds_timeseries0" <mriqc.interfaces.DerivativesDataSink>[0m
2026-03-27 02:55:18 |[34;20m INFO     [0m|[34;20m nipype.workflow  [0m|[34;20m [Node] Finished "_ds_timeseries0", elapsed time 0.0042s.[0m
2026-03-27 02:55:18 |[34;20m INFO     [0m|[34;20m nipype.workflow  [0m|[34;20m [Node] Setting-up "_ds_timeseries0" in "/local/nvme/ds004996_55.784026/ds/tmp/mriqc_wf/funcMRIQC/ComputeIQMs/7a828358d9b8a5a192bdc8ec44fb7f1f0b7dcc17/ds_timeseries/mapflow/_ds_timeseries0".[0m
2026-03-27 02:55:18 |[34;20m INFO     [0m|[34;20m nipype.workflow  [0m|[34;20m [Node] Executing "_ds_timeseries0" <mriqc.interfaces.DerivativesDataSink>[0m
2026-03-27 02:55:18 |[34;20m INFO     [0m|[34;20m nipype.workflow  [0m|[34;20m [Node] Finished "_ds_timeseries0", elapsed time 0.004116s.[0m
2026-03-27 02:55:18 |[34;20m INFO     [0m|[34;20m nipype.workflow  [0m|[34;20m [Node] Setting-up "_BigPlot0" in "/local/nvme/ds004996_55.784026/ds/tmp/mriqc_wf/funcMRIQC/func_report_wf/64fe28c47adbfc6de50e07995b62a8aec61458a9/BigPlot/mapflow/_BigPlot0".[0m
2026-03-27 02:55:18 |[34;20m INFO     [0m|[34;20m nipype.workflow  [0m|[34;20m [Node] Executing "_BigPlot0" <nireports.interfaces.fmri.FMRISummary>[0m
2026-03-27 02:55:19 |[34;20m INFO     [0m|[34;20m nipype.workflow  [0m|[34;20m [Node] Finished "_measures0", elapsed time 1.137299s.[0m
2026-03-27 02:55:20 |[34;20m INFO     [0m|[34;20m nipype.workflow  [0m|[34;20m [Node] Finished "_ComputeDVARS0", elapsed time 17.670929s.[0m
2026-03-27 02:55:20 |[34;20m INFO     [0m|[34;20m nipype.workflow  [0m|[34;20m [Node] Setting-up "_timeseries0" in "/local/nvme/ds004996_55.784026/ds/tmp/mriqc_wf/funcMRIQC/ComputeIQMs/54a910c0d44a25d3a8d23d874dcf4e5d598c4ebe/timeseries/mapflow/_timeseries0".[0m
2026-03-27 02:55:20 |[34;20m INFO     [0m|[34;20m nipype.workflow  [0m|[34;20m [Node] Setting-up "_measures0" in "/local/nvme/ds004996_55.784026/ds/tmp/mriqc_wf/funcMRIQC/ComputeIQMs/54a910c0d44a25d3a8d23d874dcf4e5d598c4ebe/measures/mapflow/_measures0".[0m
2026-03-27 02:55:20 |[34;20m INFO     [0m|[34;20m nipype.workflow  [0m|[34;20m [Node] Executing "_timeseries0" <mriqc.interfaces.functional.GatherTimeseries>[0m
2026-03-27 02:55:20 |[34;20m INFO     [0m|[34;20m nipype.workflow  [0m|[34;20m [Node] Executing "_measures0" <mriqc.interfaces.functional.FunctionalQC>[0m
2026-03-27 02:55:20 |[34;20m INFO     [0m|[34;20m nipype.workflow  [0m|[34;20m [Node] Setting-up "_datasink0" in "/local/nvme/ds004996_55.784026/ds/tmp/mriqc_wf/funcMRIQC/ComputeIQMs/7a828358d9b8a5a192bdc8ec44fb7f1f0b7dcc17/datasink/mapflow/_datasink0".[0m
2026-03-27 02:55:20 |[34;20m INFO     [0m|[34;20m nipype.workflow  [0m|[34;20m [Node] Executing "_datasink0" <mriqc.interfaces.bids.IQMFileSink>[0m
2026-03-27 02:55:20 |[34;20m INFO     [0m|[34;20m nipype.workflow  [0m|[34;20m [Node] Finished "_datasink0", elapsed time 0.000613s.[0m
2026-03-27 02:55:20 |[34;20m INFO     [0m|[34;20m nipype.workflow  [0m|[34;20m [Node] Finished "_timeseries0", elapsed time 0.017829s.[0m
2026-03-27 02:55:21 |[34;20m INFO     [0m|[34;20m nipype.workflow  [0m|[34;20m [Node] Finished "_measures0", elapsed time 0.997558s.[0m
2026-03-27 02:55:22 |[34;20m INFO     [0m|[34;20m nipype.workflow  [0m|[34;20m [Node] Setting-up "_datasink0" in "/local/nvme/ds004996_55.784026/ds/tmp/mriqc_wf/funcMRIQC/ComputeIQMs/54a910c0d44a25d3a8d23d874dcf4e5d598c4ebe/datasink/mapflow/_datasink0".[0m
2026-03-27 02:55:22 |[34;20m INFO     [0m|[34;20m nipype.workflow  [0m|[34;20m [Node] Executing "_datasink0" <mriqc.interfaces.bids.IQMFileSink>[0m
2026-03-27 02:55:22 |[34;20m INFO     [0m|[34;20m nipype.workflow  [0m|[34;20m [Node] Finished "_datasink0", elapsed time 0.000618s.[0m
2026-03-27 02:55:22 |[34;20m INFO     [0m|[34;20m nipype.workflow  [0m|[34;20m [Node] Setting-up "_ds_timeseries0" in "/local/nvme/ds004996_55.784026/ds/tmp/mriqc_wf/funcMRIQC/ComputeIQMs/54a910c0d44a25d3a8d23d874dcf4e5d598c4ebe/ds_timeseries/mapflow/_ds_timeseries0".[0m
2026-03-27 02:55:22 |[34;20m INFO     [0m|[34;20m nipype.workflow  [0m|[34;20m [Node] Executing "_ds_timeseries0" <mriqc.interfaces.DerivativesDataSink>[0m
2026-03-27 02:55:22 |[34;20m INFO     [0m|[34;20m nipype.workflow  [0m|[34;20m [Node] Finished "_ds_timeseries0", elapsed time 0.004149s.[0m
2026-03-27 02:55:23 |[34;20m INFO     [0m|[34;20m nipype.workflow  [0m|[34;20m [Node] Finished "_BigPlot0", elapsed time 4.568785s.[0m
2026-03-27 02:55:24 |[34;20m INFO     [0m|[34;20m nipype.workflow  [0m|[34;20m [Node] Setting-up "mriqc_wf.funcMRIQC.synthstrip_wf.post_n4" in "/local/nvme/ds004996_55.784026/ds/tmp/mriqc_wf/funcMRIQC/synthstrip_wf/7a828358d9b8a5a192bdc8ec44fb7f1f0b7dcc17/post_n4".[0m
2026-03-27 02:55:24 |[34;20m INFO     [0m|[34;20m nipype.workflow  [0m|[34;20m [Node] Executing "post_n4" <nipype.interfaces.ants.segmentation.N4BiasFieldCorrection>[0m
2026-03-27 02:55:25 |[34;20m INFO     [0m|[34;20m nipype.workflow  [0m|[34;20m [Node] Finished "post_n4", elapsed time 0.94017s.[0m
2026-03-27 02:55:26 |[34;20m INFO     [0m|[34;20m nipype.workflow  [0m|[34;20m [Node] Setting-up "mriqc_wf.funcMRIQC.SpatialNormalization.EPI2MNI" in "/local/nvme/ds004996_55.784026/ds/tmp/mriqc_wf/funcMRIQC/SpatialNormalization/7a828358d9b8a5a192bdc8ec44fb7f1f0b7dcc17/EPI2MNI".[0m
2026-03-27 02:55:26 |[34;20m INFO     [0m|[34;20m nipype.workflow  [0m|[34;20m [Node] Executing "EPI2MNI" <niworkflows.interfaces.reportlets.registration.SpatialNormalizationRPT>[0m
2026-03-27 02:55:26 |[34;20m INFO     [0m|[34;20m niworkflows      [0m|[34;20m Estimating initial transform using AffineInitializer[0m
2026-03-27 02:55:30 |[34;20m INFO     [0m|[34;20m niworkflows      [0m|[34;20m Terminal outputs of initialization saved (/local/nvme/ds004996_55.784026/ds/tmp/mriqc_wf/funcMRIQC/SpatialNormalization/7a828358d9b8a5a192bdc8ec44fb7f1f0b7dcc17/EPI2MNI/stderr.nipype-init).[0m
2026-03-27 02:55:30 |[34;20m INFO     [0m|[34;20m niworkflows      [0m|[34;20m Loading settings from file /opt/conda/lib/python3.11/site-packages/niworkflows/data/boldref-mni_registration_precise_000.json.[0m
2026-03-27 02:55:30 |[34;20m INFO     [0m|[34;20m niworkflows      [0m|[34;20m Retry #1, commandline: 
antsRegistration --collapse-output-transforms 1 --dimensionality 3 --float 0 --initial-moving-transform [ /local/nvme/ds004996_55.784026/ds/tmp/mriqc_wf/funcMRIQC/SpatialNormalization/7a828358d9b8a5a192bdc8ec44fb7f1f0b7dcc17/EPI2MNI/transform.mat, 0 ] --initialize-transforms-per-stage 0 --interpolation LanczosWindowedSinc --output [ epi_to_mni, epi_to_mni_Warped.nii.gz ] --transform Rigid[ 0.05 ] --metric Mattes[ /templateflow/tpl-MNI152NLin2009cAsym/tpl-MNI152NLin2009cAsym_res-02_desc-fMRIPrep_boldref.nii.gz, /local/nvme/ds004996_55.784026/ds/tmp/mriqc_wf/funcMRIQC/SpatialNormalization/7a828358d9b8a5a192bdc8ec44fb7f1f0b7dcc17/SharpenEPI/sub-55_task-conversation_run-02_bold_desc-realigned_valid_tstat_corrected.nii.gz, 1, 56, Regular, 0.25 ] --convergence [ 10000x1000x100, 1e-06, 20 ] --smoothing-sigmas 4.0x2.0x1.0vox --shrink-factors 4x2x1 --use-histogram-matching 1 --masks [ /templateflow/tpl-MNI152NLin2009cAsym/tpl-MNI152NLin2009cAsym_res-02_desc-brain_mask.nii.gz, /local/nvme/ds004996_55.784026/ds/tmp/mriqc_wf/funcMRIQC/synthstrip_wf/7a828358d9b8a5a192bdc8ec44fb7f1f0b7dcc17/synthstrip/clipped_corrected_desc-brain_mask.nii.gz ] --transform Affine[ 0.08 ] --metric Mattes[ /templateflow/tpl-MNI152NLin2009cAsym/tpl-MNI152NLin2009cAsym_res-02_desc-fMRIPrep_boldref.nii.gz, /local/nvme/ds004996_55.784026/ds/tmp/mriqc_wf/funcMRIQC/SpatialNormalization/7a828358d9b8a5a192bdc8ec44fb7f1f0b7dcc17/SharpenEPI/sub-55_task-conversation_run-02_bold_desc-realigned_valid_tstat_corrected.nii.gz, 1, 56, Regular, 0.25 ] --convergence [ 500x250x100, 1e-06, 20 ] --smoothing-sigmas 4.0x2.0x1.0vox --shrink-factors 8x4x2 --use-histogram-matching 1 --masks [ /templateflow/tpl-MNI152NLin2009cAsym/tpl-MNI152NLin2009cAsym_res-02_desc-brain_mask.nii.gz, /local/nvme/ds004996_55.784026/ds/tmp/mriqc_wf/funcMRIQC/synthstrip_wf/7a828358d9b8a5a192bdc8ec44fb7f1f0b7dcc17/synthstrip/clipped_corrected_desc-brain_mask.nii.gz ] --transform SyN[ 0.1, 3.0, 0.0 ] --metric CC[ /templateflow/tpl-MNI152NLin2009cAsym/tpl-MNI152NLin2009cAsym_res-02_desc-fMRIPrep_boldref.nii.gz, /local/nvme/ds004996_55.784026/ds/tmp/mriqc_wf/funcMRIQC/SpatialNormalization/7a828358d9b8a5a192bdc8ec44fb7f1f0b7dcc17/SharpenEPI/sub-55_task-conversation_run-02_bold_desc-realigned_valid_tstat_corrected.nii.gz, 1, 4, None, 1 ] --convergence [ 100x30x20, 1e-06, 10 ] --smoothing-sigmas 3.0x2.0x1.0vox --shrink-factors 8x4x2 --use-histogram-matching 1 --masks [ /templateflow/tpl-MNI152NLin2009cAsym/tpl-MNI152NLin2009cAsym_res-02_desc-brain_mask.nii.gz, /local/nvme/ds004996_55.784026/ds/tmp/mriqc_wf/funcMRIQC/synthstrip_wf/7a828358d9b8a5a192bdc8ec44fb7f1f0b7dcc17/synthstrip/clipped_corrected_desc-brain_mask.nii.gz ] --winsorize-image-intensities [ 0.005, 0.995 ]  --write-composite-transform 1[0m
2026-03-27 02:55:41 |[34;20m INFO     [0m|[34;20m niworkflows      [0m|[34;20m Successful spatial normalization (retry #1).[0m
2026-03-27 02:55:41 |[34;20m INFO     [0m|[34;20m niworkflows      [0m|[34;20m Report - setting fixed (/templateflow/tpl-MNI152NLin2009cAsym/tpl-MNI152NLin2009cAsym_res-02_desc-fMRIPrep_boldref.nii.gz) and moving (/local/nvme/ds004996_55.784026/ds/tmp/mriqc_wf/funcMRIQC/SpatialNormalization/7a828358d9b8a5a192bdc8ec44fb7f1f0b7dcc17/EPI2MNI/epi_to_mni_Warped.nii.gz) images[0m
2026-03-27 02:55:41 |[34;20m INFO     [0m|[34;20m niworkflows      [0m|[34;20m Generating visual report[0m
2026-03-27 02:55:56 |[34;20m INFO     [0m|[34;20m nipype.workflow  [0m|[34;20m [Node] Finished "EPI2MNI", elapsed time 30.251394s.[0m
2026-03-27 02:55:58 |[34;20m INFO     [0m|[34;20m nipype.workflow  [0m|[34;20m [Node] Setting-up "mriqc_wf.funcMRIQC.synthstrip_wf.post_n4" in "/local/nvme/ds004996_55.784026/ds/tmp/mriqc_wf/funcMRIQC/synthstrip_wf/54a910c0d44a25d3a8d23d874dcf4e5d598c4ebe/post_n4".[0m
2026-03-27 02:55:58 |[34;20m INFO     [0m|[34;20m nipype.workflow  [0m|[34;20m [Node] Executing "post_n4" <nipype.interfaces.ants.segmentation.N4BiasFieldCorrection>[0m
2026-03-27 02:55:59 |[34;20m INFO     [0m|[34;20m nipype.workflow  [0m|[34;20m [Node] Finished "post_n4", elapsed time 0.889212s.[0m
2026-03-27 02:56:00 |[34;20m INFO     [0m|[34;20m nipype.workflow  [0m|[34;20m [Node] Setting-up "mriqc_wf.funcMRIQC.SpatialNormalization.EPI2MNI" in "/local/nvme/ds004996_55.784026/ds/tmp/mriqc_wf/funcMRIQC/SpatialNormalization/54a910c0d44a25d3a8d23d874dcf4e5d598c4ebe/EPI2MNI".[0m
2026-03-27 02:56:00 |[34;20m INFO     [0m|[34;20m nipype.workflow  [0m|[34;20m [Node] Executing "EPI2MNI" <niworkflows.interfaces.reportlets.registration.SpatialNormalizationRPT>[0m
2026-03-27 02:56:00 |[34;20m INFO     [0m|[34;20m niworkflows      [0m|[34;20m Estimating initial transform using AffineInitializer[0m
2026-03-27 02:56:05 |[34;20m INFO     [0m|[34;20m niworkflows      [0m|[34;20m Loading settings from file /opt/conda/lib/python3.11/site-packages/niworkflows/data/boldref-mni_registration_precise_000.json.[0m
2026-03-27 02:56:05 |[34;20m INFO     [0m|[34;20m niworkflows      [0m|[34;20m Retry #1, commandline: 
antsRegistration --collapse-output-transforms 1 --dimensionality 3 --float 0 --initial-moving-transform [ /local/nvme/ds004996_55.784026/ds/tmp/mriqc_wf/funcMRIQC/SpatialNormalization/54a910c0d44a25d3a8d23d874dcf4e5d598c4ebe/EPI2MNI/transform.mat, 0 ] --initialize-transforms-per-stage 0 --interpolation LanczosWindowedSinc --output [ epi_to_mni, epi_to_mni_Warped.nii.gz ] --transform Rigid[ 0.05 ] --metric Mattes[ /templateflow/tpl-MNI152NLin2009cAsym/tpl-MNI152NLin2009cAsym_res-02_desc-fMRIPrep_boldref.nii.gz, /local/nvme/ds004996_55.784026/ds/tmp/mriqc_wf/funcMRIQC/SpatialNormalization/54a910c0d44a25d3a8d23d874dcf4e5d598c4ebe/SharpenEPI/sub-55_task-conversation_run-03_bold_desc-realigned_valid_tstat_corrected.nii.gz, 1, 56, Regular, 0.25 ] --convergence [ 10000x1000x100, 1e-06, 20 ] --smoothing-sigmas 4.0x2.0x1.0vox --shrink-factors 4x2x1 --use-histogram-matching 1 --masks [ /templateflow/tpl-MNI152NLin2009cAsym/tpl-MNI152NLin2009cAsym_res-02_desc-brain_mask.nii.gz, /local/nvme/ds004996_55.784026/ds/tmp/mriqc_wf/funcMRIQC/synthstrip_wf/54a910c0d44a25d3a8d23d874dcf4e5d598c4ebe/synthstrip/clipped_corrected_desc-brain_mask.nii.gz ] --transform Affine[ 0.08 ] --metric Mattes[ /templateflow/tpl-MNI152NLin2009cAsym/tpl-MNI152NLin2009cAsym_res-02_desc-fMRIPrep_boldref.nii.gz, /local/nvme/ds004996_55.784026/ds/tmp/mriqc_wf/funcMRIQC/SpatialNormalization/54a910c0d44a25d3a8d23d874dcf4e5d598c4ebe/SharpenEPI/sub-55_task-conversation_run-03_bold_desc-realigned_valid_tstat_corrected.nii.gz, 1, 56, Regular, 0.25 ] --convergence [ 500x250x100, 1e-06, 20 ] --smoothing-sigmas 4.0x2.0x1.0vox --shrink-factors 8x4x2 --use-histogram-matching 1 --masks [ /templateflow/tpl-MNI152NLin2009cAsym/tpl-MNI152NLin2009cAsym_res-02_desc-brain_mask.nii.gz, /local/nvme/ds004996_55.784026/ds/tmp/mriqc_wf/funcMRIQC/synthstrip_wf/54a910c0d44a25d3a8d23d874dcf4e5d598c4ebe/synthstrip/clipped_corrected_desc-brain_mask.nii.gz ] --transform SyN[ 0.1, 3.0, 0.0 ] --metric CC[ /templateflow/tpl-MNI152NLin2009cAsym/tpl-MNI152NLin2009cAsym_res-02_desc-fMRIPrep_boldref.nii.gz, /local/nvme/ds004996_55.784026/ds/tmp/mriqc_wf/funcMRIQC/SpatialNormalization/54a910c0d44a25d3a8d23d874dcf4e5d598c4ebe/SharpenEPI/sub-55_task-conversation_run-03_bold_desc-realigned_valid_tstat_corrected.nii.gz, 1, 4, None, 1 ] --convergence [ 100x30x20, 1e-06, 10 ] --smoothing-sigmas 3.0x2.0x1.0vox --shrink-factors 8x4x2 --use-histogram-matching 1 --masks [ /templateflow/tpl-MNI152NLin2009cAsym/tpl-MNI152NLin2009cAsym_res-02_desc-brain_mask.nii.gz, /local/nvme/ds004996_55.784026/ds/tmp/mriqc_wf/funcMRIQC/synthstrip_wf/54a910c0d44a25d3a8d23d874dcf4e5d598c4ebe/synthstrip/clipped_corrected_desc-brain_mask.nii.gz ] --winsorize-image-intensities [ 0.005, 0.995 ]  --write-composite-transform 1[0m
2026-03-27 02:56:16 |[34;20m INFO     [0m|[34;20m niworkflows      [0m|[34;20m Successful spatial normalization (retry #1).[0m
2026-03-27 02:56:16 |[34;20m INFO     [0m|[34;20m niworkflows      [0m|[34;20m Report - setting fixed (/templateflow/tpl-MNI152NLin2009cAsym/tpl-MNI152NLin2009cAsym_res-02_desc-fMRIPrep_boldref.nii.gz) and moving (/local/nvme/ds004996_55.784026/ds/tmp/mriqc_wf/funcMRIQC/SpatialNormalization/54a910c0d44a25d3a8d23d874dcf4e5d598c4ebe/EPI2MNI/epi_to_mni_Warped.nii.gz) images[0m
2026-03-27 02:56:16 |[34;20m INFO     [0m|[34;20m niworkflows      [0m|[34;20m Generating visual report[0m
2026-03-27 02:56:31 |[34;20m INFO     [0m|[34;20m nipype.workflow  [0m|[34;20m [Node] Finished "EPI2MNI", elapsed time 31.498672s.[0m
2026-03-27 02:56:32 |[34;20m INFO     [0m|[34;20m nipype.workflow  [0m|[34;20m [Node] Setting-up "mriqc_wf.funcMRIQC.func_report_wf.ds_report_norm" in "/local/nvme/ds004996_55.784026/ds/tmp/mriqc_wf/funcMRIQC/func_report_wf/7a828358d9b8a5a192bdc8ec44fb7f1f0b7dcc17/ds_report_norm".[0m
2026-03-27 02:56:32 |[34;20m INFO     [0m|[34;20m nipype.workflow  [0m|[34;20m [Node] Setting-up "mriqc_wf.funcMRIQC.SpatialNormalization.ResampleSegmentation" in "/local/nvme/ds004996_55.784026/ds/tmp/mriqc_wf/funcMRIQC/SpatialNormalization/7a828358d9b8a5a192bdc8ec44fb7f1f0b7dcc17/ResampleSegmentation".[0m
2026-03-27 02:56:32 |[34;20m INFO     [0m|[34;20m nipype.workflow  [0m|[34;20m [Node] Setting-up "mriqc_wf.funcMRIQC.synthstrip_wf.final_masked" in "/local/nvme/ds004996_55.784026/ds/tmp/mriqc_wf/funcMRIQC/synthstrip_wf/7a828358d9b8a5a192bdc8ec44fb7f1f0b7dcc17/final_masked".[0m
2026-03-27 02:56:32 |[34;20m INFO     [0m|[34;20m nipype.workflow  [0m|[34;20m [Node] Executing "ds_report_norm" <mriqc.interfaces.DerivativesDataSink>[0m
2026-03-27 02:56:32 |[34;20m INFO     [0m|[34;20m nipype.workflow  [0m|[34;20m [Node] Executing "final_masked" <niworkflows.interfaces.nibabel.ApplyMask>[0m
2026-03-27 02:56:32 |[34;20m INFO     [0m|[34;20m nipype.workflow  [0m|[34;20m [Node] Executing "ResampleSegmentation" <nipype.interfaces.ants.resampling.ApplyTransforms>[0m
2026-03-27 02:56:32 |[34;20m INFO     [0m|[34;20m nipype.workflow  [0m|[34;20m [Node] Finished "ds_report_norm", elapsed time 0.00504s.[0m
2026-03-27 02:56:32 |[34;20m INFO     [0m|[34;20m nipype.workflow  [0m|[34;20m [Node] Finished "final_masked", elapsed time 0.031049s.[0m
2026-03-27 02:56:32 |[34;20m INFO     [0m|[34;20m nipype.workflow  [0m|[34;20m [Node] Setting-up "mriqc_wf.funcMRIQC.func_report_wf.ds_report_norm" in "/local/nvme/ds004996_55.784026/ds/tmp/mriqc_wf/funcMRIQC/func_report_wf/54a910c0d44a25d3a8d23d874dcf4e5d598c4ebe/ds_report_norm".[0m
2026-03-27 02:56:32 |[34;20m INFO     [0m|[34;20m nipype.workflow  [0m|[34;20m [Node] Setting-up "mriqc_wf.funcMRIQC.synthstrip_wf.final_masked" in "/local/nvme/ds004996_55.784026/ds/tmp/mriqc_wf/funcMRIQC/synthstrip_wf/54a910c0d44a25d3a8d23d874dcf4e5d598c4ebe/final_masked".[0m
2026-03-27 02:56:32 |[34;20m INFO     [0m|[34;20m nipype.workflow  [0m|[34;20m [Node] Setting-up "mriqc_wf.funcMRIQC.SpatialNormalization.ResampleSegmentation" in "/local/nvme/ds004996_55.784026/ds/tmp/mriqc_wf/funcMRIQC/SpatialNormalization/54a910c0d44a25d3a8d23d874dcf4e5d598c4ebe/ResampleSegmentation".[0m
2026-03-27 02:56:32 |[34;20m INFO     [0m|[34;20m nipype.workflow  [0m|[34;20m [Node] Executing "ds_report_norm" <mriqc.interfaces.DerivativesDataSink>[0m
2026-03-27 02:56:32 |[34;20m INFO     [0m|[34;20m nipype.workflow  [0m|[34;20m [Node] Executing "final_masked" <niworkflows.interfaces.nibabel.ApplyMask>[0m
2026-03-27 02:56:32 |[34;20m INFO     [0m|[34;20m nipype.workflow  [0m|[34;20m [Node] Executing "ResampleSegmentation" <nipype.interfaces.ants.resampling.ApplyTransforms>[0m
2026-03-27 02:56:32 |[34;20m INFO     [0m|[34;20m nipype.workflow  [0m|[34;20m [Node] Finished "ds_report_norm", elapsed time 0.004795s.[0m
2026-03-27 02:56:32 |[34;20m INFO     [0m|[34;20m nipype.workflow  [0m|[34;20m [Node] Finished "final_masked", elapsed time 0.029849s.[0m
2026-03-27 02:56:32 |[34;20m INFO     [0m|[34;20m nipype.workflow  [0m|[34;20m [Node] Setting-up "_ds_report_carpet0" in "/local/nvme/ds004996_55.784026/ds/tmp/mriqc_wf/funcMRIQC/func_report_wf/64fe28c47adbfc6de50e07995b62a8aec61458a9/ds_report_carpet/mapflow/_ds_report_carpet0".[0m
2026-03-27 02:56:32 |[34;20m INFO     [0m|[34;20m nipype.workflow  [0m|[34;20m [Node] Executing "_ds_report_carpet0" <mriqc.interfaces.DerivativesDataSink>[0m
2026-03-27 02:56:32 |[34;20m INFO     [0m|[34;20m nipype.workflow  [0m|[34;20m [Node] Finished "_ds_report_carpet0", elapsed time 0.004936s.[0m
2026-03-27 02:56:34 |[34;20m INFO     [0m|[34;20m nipype.workflow  [0m|[34;20m [Node] Finished "ResampleSegmentation", elapsed time 2.290155s.[0m
2026-03-27 02:56:34 |[34;20m INFO     [0m|[34;20m nipype.workflow  [0m|[34;20m [Node] Finished "ResampleSegmentation", elapsed time 2.3786709999999998s.[0m
2026-03-27 02:56:36 |[34;20m INFO     [0m|[34;20m nipype.workflow  [0m|[34;20m [Node] Setting-up "mriqc_wf.funcMRIQC.func_report_wf.parcels" in "/local/nvme/ds004996_55.784026/ds/tmp/mriqc_wf/funcMRIQC/func_report_wf/7a828358d9b8a5a192bdc8ec44fb7f1f0b7dcc17/parcels".[0m
2026-03-27 02:56:36 |[34;20m INFO     [0m|[34;20m nipype.workflow  [0m|[34;20m [Node] Setting-up "mriqc_wf.funcMRIQC.func_report_wf.parcels" in "/local/nvme/ds004996_55.784026/ds/tmp/mriqc_wf/funcMRIQC/func_report_wf/54a910c0d44a25d3a8d23d874dcf4e5d598c4ebe/parcels".[0m
2026-03-27 02:56:36 |[34;20m INFO     [0m|[34;20m nipype.workflow  [0m|[34;20m [Node] Executing "parcels" <nipype.interfaces.utility.wrappers.Function>[0m
2026-03-27 02:56:36 |[34;20m INFO     [0m|[34;20m nipype.workflow  [0m|[34;20m [Node] Executing "parcels" <nipype.interfaces.utility.wrappers.Function>[0m
2026-03-27 02:56:36 |[34;20m INFO     [0m|[34;20m nipype.workflow  [0m|[34;20m [Node] Finished "parcels", elapsed time 0.021959s.[0m
2026-03-27 02:56:36 |[34;20m INFO     [0m|[34;20m nipype.workflow  [0m|[34;20m [Node] Finished "parcels", elapsed time 0.026053s.[0m
2026-03-27 02:56:38 |[34;20m INFO     [0m|[34;20m nipype.workflow  [0m|[34;20m [Node] Setting-up "_BigPlot0" in "/local/nvme/ds004996_55.784026/ds/tmp/mriqc_wf/funcMRIQC/func_report_wf/7a828358d9b8a5a192bdc8ec44fb7f1f0b7dcc17/BigPlot/mapflow/_BigPlot0".[0m
2026-03-27 02:56:38 |[34;20m INFO     [0m|[34;20m nipype.workflow  [0m|[34;20m [Node] Executing "_BigPlot0" <nireports.interfaces.fmri.FMRISummary>[0m
2026-03-27 02:56:38 |[34;20m INFO     [0m|[34;20m nipype.workflow  [0m|[34;20m [Node] Setting-up "_BigPlot0" in "/local/nvme/ds004996_55.784026/ds/tmp/mriqc_wf/funcMRIQC/func_report_wf/54a910c0d44a25d3a8d23d874dcf4e5d598c4ebe/BigPlot/mapflow/_BigPlot0".[0m
2026-03-27 02:56:38 |[34;20m INFO     [0m|[34;20m nipype.workflow  [0m|[34;20m [Node] Executing "_BigPlot0" <nireports.interfaces.fmri.FMRISummary>[0m
2026-03-27 02:56:42 |[34;20m INFO     [0m|[34;20m nipype.workflow  [0m|[34;20m [Node] Finished "_BigPlot0", elapsed time 3.973668s.[0m
2026-03-27 02:56:42 |[34;20m INFO     [0m|[34;20m nipype.workflow  [0m|[34;20m [Node] Finished "_BigPlot0", elapsed time 4.226452s.[0m
2026-03-27 02:56:44 |[34;20m INFO     [0m|[34;20m nipype.workflow  [0m|[34;20m [Node] Setting-up "_ds_report_carpet0" in "/local/nvme/ds004996_55.784026/ds/tmp/mriqc_wf/funcMRIQC/func_report_wf/7a828358d9b8a5a192bdc8ec44fb7f1f0b7dcc17/ds_report_carpet/mapflow/_ds_report_carpet0".[0m
2026-03-27 02:56:44 |[34;20m INFO     [0m|[34;20m nipype.workflow  [0m|[34;20m [Node] Executing "_ds_report_carpet0" <mriqc.interfaces.DerivativesDataSink>[0m
2026-03-27 02:56:44 |[34;20m INFO     [0m|[34;20m nipype.workflow  [0m|[34;20m [Node] Finished "_ds_report_carpet0", elapsed time 0.005107s.[0m
2026-03-27 02:56:44 |[34;20m INFO     [0m|[34;20m nipype.workflow  [0m|[34;20m [Node] Setting-up "_ds_report_carpet0" in "/local/nvme/ds004996_55.784026/ds/tmp/mriqc_wf/funcMRIQC/func_report_wf/54a910c0d44a25d3a8d23d874dcf4e5d598c4ebe/ds_report_carpet/mapflow/_ds_report_carpet0".[0m
2026-03-27 02:56:44 |[34;20m INFO     [0m|[34;20m nipype.workflow  [0m|[34;20m [Node] Executing "_ds_report_carpet0" <mriqc.interfaces.DerivativesDataSink>[0m
2026-03-27 02:56:44 |[34;20m INFO     [0m|[34;20m nipype.workflow  [0m|[34;20m [Node] Finished "_ds_report_carpet0", elapsed time 0.004781s.[0m
2026-03-27 02:56:46 |[34;20m INFO     [0m|[34;20m nipype.workflow  [0m|[34;20m Generating reports...[0m
2026-03-27 02:56:46 |[34;20m INFO     [0m|[34;20m nipype.workflow  [0m|[34;20m Report generation finished (3 reports).[0m
2026-03-27 02:56:46 |[33;20m IMPORTANT [0m|[33;20m mriqc            [0m|[33;20m Participant level finished successfully averaging 00h 06min 39s per subject.[0m
2026-03-27 02:56:46 |[34;20m INFO     [0m|[34;20m mriqc            [0m|[34;20m Generating BIDS derivatives metadata.[0m
----------------------------------------------------------------
  MRIQC completed (elapsed time 00h 19min 57s).
----------------------------------------------------------------

