------------------------------------------------------------------
  Running MRIQC version 24.1.0.dev0+gd5b13cb5.d20240826
  ----------------------------------------------------------------

  NOTICE
  Copyright © The NiPreps Developers.
  
  This product includes software developed by
  the NiPreps Community (https://nipreps.org/).
  
  Portions of this software were developed at the Department of
  Psychology at Stanford University, Stanford, CA, US.
  
  This software contains code ultimately derived from the
  PCP Quality Assessment Protocol (QAP;
  http://preprocessed-connectomes-project.org/quality-assessment-protocol)
  by C. Craddock, S. Giavasis, D. Clark, Z. Shezhad, and J. Pellman.
  
  This software is also distributed as a Docker container image.
  The bootstrapping file for the image ("Dockerfile") is licensed
  under the MIT License.

  ----------------------------------------------------------------

  * BIDS dataset path: /local/nvme/ds004996_43.784026/ds/sourcedata/raw.
  * Output folder: mriqc.
  * Analysis levels: ['participant'].
------------------------------------------------------------------

2026-03-27 02:10:18 |[33;20m IMPORTANT [0m|[33;20m mriqc            [0m|[33;20m Extracting metadata and entities for 3 input runs of modality 'bold'...[0m
2026-03-27 02:10:18 |[33;20m IMPORTANT [0m|[33;20m mriqc            [0m|[33;20m File size ('bold'): 0.41|0.41 GB [maximum|average].[0m
2026-03-27 02:10:18 |[34;20m INFO     [0m|[34;20m mriqc            [0m|[34;20m MRIQC config file: /local/nvme/ds004996_43.784026/ds/tmp/config-20260327-021012_aeeb1de7-2c1e-46af-9a77-5fcc0e4d3220.toml.[0m
2026-03-27 02:10:26 |[34;20m INFO     [0m|[34;20m matplotlib.font_manager [0m|[34;20m generated new fontManager[0m
2026-03-27 02:10:27 |[33;20m IMPORTANT [0m|[33;20m mriqc            [0m|[33;20m Building MRIQC's workflows...[0m
2026-03-27 02:10:27 |[34;20m INFO     [0m|[34;20m nipype.workflow  [0m|[34;20m Building functional MRIQC workflow for 3 BOLD runs..[0m
2026-03-27 02:10:33 |[33;20m IMPORTANT [0m|[33;20m mriqc            [0m|[33;20m Workflow building finished (exit code 0).[0m
2026-03-27 02:10:39 |[34;20m INFO     [0m|[34;20m nipype.workflow  [0m|[34;20m Workflow mriqc_wf settings: ['check', 'execution', 'logging', 'monitoring'][0m
2026-03-27 02:10:39 |[34;20m INFO     [0m|[34;20m nipype.workflow  [0m|[34;20m [Node] Setting-up "mriqc_wf.funcMRIQC.pick_echo" in "/local/nvme/ds004996_43.784026/ds/tmp/mriqc_wf/funcMRIQC/7472e6973898d86015f503afd4eef824e81b1870/pick_echo".[0m
2026-03-27 02:10:39 |[34;20m INFO     [0m|[34;20m nipype.workflow  [0m|[34;20m [Node] Setting-up "_provenance0" in "/local/nvme/ds004996_43.784026/ds/tmp/mriqc_wf/funcMRIQC/ComputeIQMs/7472e6973898d86015f503afd4eef824e81b1870/provenance/mapflow/_provenance0".[0m
2026-03-27 02:10:39 |[34;20m INFO     [0m|[34;20m nipype.workflow  [0m|[34;20m [Node] Executing "_provenance0" <mriqc.interfaces.reports.AddProvenance>[0m
2026-03-27 02:10:39 |[34;20m INFO     [0m|[34;20m nipype.workflow  [0m|[34;20m [Node] Executing "pick_echo" <mriqc.interfaces.functional.SelectEcho>[0m
2026-03-27 02:10:39 |[34;20m INFO     [0m|[34;20m nipype.workflow  [0m|[34;20m [Node] Finished "pick_echo", elapsed time 0.00057s.[0m
2026-03-27 02:10:40 |[34;20m INFO     [0m|[34;20m nipype.workflow  [0m|[34;20m [Node] Finished "_provenance0", elapsed time 0.808205s.[0m
2026-03-27 02:10:40 |[34;20m INFO     [0m|[34;20m nipype.workflow  [0m|[34;20m [Node] Setting-up "mriqc_wf.funcMRIQC.pick_echo" in "/local/nvme/ds004996_43.784026/ds/tmp/mriqc_wf/funcMRIQC/08855e92feda0f9c12f497d743c58e353b8b1068/pick_echo".[0m
2026-03-27 02:10:40 |[34;20m INFO     [0m|[34;20m nipype.workflow  [0m|[34;20m [Node] Setting-up "_provenance0" in "/local/nvme/ds004996_43.784026/ds/tmp/mriqc_wf/funcMRIQC/ComputeIQMs/08855e92feda0f9c12f497d743c58e353b8b1068/provenance/mapflow/_provenance0".[0m
2026-03-27 02:10:40 |[34;20m INFO     [0m|[34;20m nipype.workflow  [0m|[34;20m [Node] Executing "_provenance0" <mriqc.interfaces.reports.AddProvenance>[0m
2026-03-27 02:10:40 |[34;20m INFO     [0m|[34;20m nipype.workflow  [0m|[34;20m [Node] Executing "pick_echo" <mriqc.interfaces.functional.SelectEcho>[0m
2026-03-27 02:10:40 |[34;20m INFO     [0m|[34;20m nipype.workflow  [0m|[34;20m [Node] Finished "pick_echo", elapsed time 0.000618s.[0m
2026-03-27 02:10:41 |[34;20m INFO     [0m|[34;20m nipype.workflow  [0m|[34;20m [Node] Finished "_provenance0", elapsed time 0.800142s.[0m
2026-03-27 02:10:41 |[34;20m INFO     [0m|[34;20m nipype.workflow  [0m|[34;20m [Node] Setting-up "_provenance0" in "/local/nvme/ds004996_43.784026/ds/tmp/mriqc_wf/funcMRIQC/ComputeIQMs/a1cfd25a2757f7575b1b70ccb426d347daacb456/provenance/mapflow/_provenance0".[0m
2026-03-27 02:10:41 |[34;20m INFO     [0m|[34;20m nipype.workflow  [0m|[34;20m [Node] Setting-up "mriqc_wf.funcMRIQC.pick_echo" in "/local/nvme/ds004996_43.784026/ds/tmp/mriqc_wf/funcMRIQC/a1cfd25a2757f7575b1b70ccb426d347daacb456/pick_echo".[0m
2026-03-27 02:10:41 |[34;20m INFO     [0m|[34;20m nipype.workflow  [0m|[34;20m [Node] Executing "_provenance0" <mriqc.interfaces.reports.AddProvenance>[0m
2026-03-27 02:10:41 |[34;20m INFO     [0m|[34;20m nipype.workflow  [0m|[34;20m [Node] Executing "pick_echo" <mriqc.interfaces.functional.SelectEcho>[0m
2026-03-27 02:10:41 |[34;20m INFO     [0m|[34;20m nipype.workflow  [0m|[34;20m [Node] Finished "pick_echo", elapsed time 0.000568s.[0m
2026-03-27 02:10:42 |[34;20m INFO     [0m|[34;20m nipype.workflow  [0m|[34;20m [Node] Finished "_provenance0", elapsed time 0.801538s.[0m
2026-03-27 02:10:42 |[34;20m INFO     [0m|[34;20m nipype.workflow  [0m|[34;20m [Node] Setting-up "mriqc_wf.funcMRIQC.non_steady_state_detector" in "/local/nvme/ds004996_43.784026/ds/tmp/mriqc_wf/funcMRIQC/7472e6973898d86015f503afd4eef824e81b1870/non_steady_state_detector".[0m
2026-03-27 02:10:42 |[34;20m INFO     [0m|[34;20m nipype.workflow  [0m|[34;20m [Node] Setting-up "mriqc_wf.funcMRIQC.non_steady_state_detector" in "/local/nvme/ds004996_43.784026/ds/tmp/mriqc_wf/funcMRIQC/08855e92feda0f9c12f497d743c58e353b8b1068/non_steady_state_detector".[0m
2026-03-27 02:10:42 |[34;20m INFO     [0m|[34;20m nipype.workflow  [0m|[34;20m [Node] Setting-up "mriqc_wf.funcMRIQC.non_steady_state_detector" in "/local/nvme/ds004996_43.784026/ds/tmp/mriqc_wf/funcMRIQC/a1cfd25a2757f7575b1b70ccb426d347daacb456/non_steady_state_detector".[0m
2026-03-27 02:10:42 |[34;20m INFO     [0m|[34;20m nipype.workflow  [0m|[34;20m [Node] Executing "non_steady_state_detector" <nipype.algorithms.confounds.NonSteadyStateDetector>[0m
2026-03-27 02:10:42 |[34;20m INFO     [0m|[34;20m nipype.workflow  [0m|[34;20m [Node] Executing "non_steady_state_detector" <nipype.algorithms.confounds.NonSteadyStateDetector>[0m
2026-03-27 02:10:42 |[34;20m INFO     [0m|[34;20m nipype.workflow  [0m|[34;20m [Node] Executing "non_steady_state_detector" <nipype.algorithms.confounds.NonSteadyStateDetector>[0m
2026-03-27 02:10:42 |[34;20m INFO     [0m|[34;20m nipype.workflow  [0m|[34;20m [Node] Finished "non_steady_state_detector", elapsed time 0.027384s.[0m
2026-03-27 02:10:42 |[34;20m INFO     [0m|[34;20m nipype.workflow  [0m|[34;20m [Node] Finished "non_steady_state_detector", elapsed time 0.028104s.[0m
2026-03-27 02:10:42 |[34;20m INFO     [0m|[34;20m nipype.workflow  [0m|[34;20m [Node] Finished "non_steady_state_detector", elapsed time 0.028107s.[0m
2026-03-27 02:10:44 |[34;20m INFO     [0m|[34;20m nipype.workflow  [0m|[34;20m [Node] Setting-up "_sanitize0" in "/local/nvme/ds004996_43.784026/ds/tmp/mriqc_wf/funcMRIQC/a1cfd25a2757f7575b1b70ccb426d347daacb456/sanitize/mapflow/_sanitize0".[0m
2026-03-27 02:10:44 |[34;20m INFO     [0m|[34;20m nipype.workflow  [0m|[34;20m [Node] Setting-up "_sanitize0" in "/local/nvme/ds004996_43.784026/ds/tmp/mriqc_wf/funcMRIQC/7472e6973898d86015f503afd4eef824e81b1870/sanitize/mapflow/_sanitize0".[0m
2026-03-27 02:10:44 |[34;20m INFO     [0m|[34;20m nipype.workflow  [0m|[34;20m [Node] Setting-up "_sanitize0" in "/local/nvme/ds004996_43.784026/ds/tmp/mriqc_wf/funcMRIQC/08855e92feda0f9c12f497d743c58e353b8b1068/sanitize/mapflow/_sanitize0".[0m
2026-03-27 02:10:44 |[34;20m INFO     [0m|[34;20m nipype.workflow  [0m|[34;20m [Node] Executing "_sanitize0" <niworkflows.interfaces.header.SanitizeImage>[0m
2026-03-27 02:10:44 |[34;20m INFO     [0m|[34;20m nipype.workflow  [0m|[34;20m [Node] Executing "_sanitize0" <niworkflows.interfaces.header.SanitizeImage>[0m
2026-03-27 02:10:44 |[34;20m INFO     [0m|[34;20m nipype.workflow  [0m|[34;20m [Node] Executing "_sanitize0" <niworkflows.interfaces.header.SanitizeImage>[0m
2026-03-27 02:10:44 |[34;20m INFO     [0m|[34;20m nipype.workflow  [0m|[34;20m [Node] Finished "_sanitize0", elapsed time 0.003008s.[0m
2026-03-27 02:10:44 |[34;20m INFO     [0m|[34;20m nipype.workflow  [0m|[34;20m [Node] Finished "_sanitize0", elapsed time 0.003946s.[0m
2026-03-27 02:10:45 |[34;20m INFO     [0m|[34;20m nipype.workflow  [0m|[34;20m [Node] Finished "_sanitize0", elapsed time 0.79574s.[0m
2026-03-27 02:10:46 |[34;20m INFO     [0m|[34;20m nipype.workflow  [0m|[34;20m [Node] Setting-up "mriqc_wf.funcMRIQC.fMRI_HMC.estimate_hm" in "/local/nvme/ds004996_43.784026/ds/tmp/mriqc_wf/funcMRIQC/fMRI_HMC/7472e6973898d86015f503afd4eef824e81b1870/estimate_hm".[0m
2026-03-27 02:10:46 |[34;20m INFO     [0m|[34;20m nipype.workflow  [0m|[34;20m [Node] Setting-up "mriqc_wf.funcMRIQC.fMRI_HMC.estimate_hm" in "/local/nvme/ds004996_43.784026/ds/tmp/mriqc_wf/funcMRIQC/fMRI_HMC/08855e92feda0f9c12f497d743c58e353b8b1068/estimate_hm".[0m
2026-03-27 02:10:46 |[34;20m INFO     [0m|[34;20m nipype.workflow  [0m|[34;20m [Node] Setting-up "mriqc_wf.funcMRIQC.fMRI_HMC.estimate_hm" in "/local/nvme/ds004996_43.784026/ds/tmp/mriqc_wf/funcMRIQC/fMRI_HMC/a1cfd25a2757f7575b1b70ccb426d347daacb456/estimate_hm".[0m
2026-03-27 02:10:46 |[34;20m INFO     [0m|[34;20m nipype.workflow  [0m|[34;20m [Node] Executing "estimate_hm" <nipype.interfaces.afni.preprocess.Volreg>[0m
2026-03-27 02:10:46 |[34;20m INFO     [0m|[34;20m nipype.workflow  [0m|[34;20m [Node] Setting-up "_SpikesMask0" in "/local/nvme/ds004996_43.784026/ds/tmp/mriqc_wf/funcMRIQC/func_report_wf/7472e6973898d86015f503afd4eef824e81b1870/SpikesMask/mapflow/_SpikesMask0".[0m
2026-03-27 02:10:46 |[34;20m INFO     [0m|[34;20m nipype.workflow  [0m|[34;20m [Node] Executing "estimate_hm" <nipype.interfaces.afni.preprocess.Volreg>[0m
2026-03-27 02:10:46 |[34;20m INFO     [0m|[34;20m nipype.workflow  [0m|[34;20m [Node] Setting-up "_SpikesMask0" in "/local/nvme/ds004996_43.784026/ds/tmp/mriqc_wf/funcMRIQC/func_report_wf/a1cfd25a2757f7575b1b70ccb426d347daacb456/SpikesMask/mapflow/_SpikesMask0".[0m
2026-03-27 02:10:46 |[34;20m INFO     [0m|[34;20m nipype.workflow  [0m|[34;20m [Node] Setting-up "_SpikesMask0" in "/local/nvme/ds004996_43.784026/ds/tmp/mriqc_wf/funcMRIQC/func_report_wf/08855e92feda0f9c12f497d743c58e353b8b1068/SpikesMask/mapflow/_SpikesMask0".[0m
2026-03-27 02:10:46 |[34;20m INFO     [0m|[34;20m nipype.workflow  [0m|[34;20m [Node] Executing "_SpikesMask0" <nipype.interfaces.utility.wrappers.Function>[0m
2026-03-27 02:10:46 |[34;20m INFO     [0m|[34;20m nipype.workflow  [0m|[34;20m [Node] Executing "_SpikesMask0" <nipype.interfaces.utility.wrappers.Function>[0m
2026-03-27 02:10:46 |[34;20m INFO     [0m|[34;20m nipype.workflow  [0m|[34;20m [Node] Executing "_SpikesMask0" <nipype.interfaces.utility.wrappers.Function>[0m
2026-03-27 02:10:46 |[34;20m INFO     [0m|[34;20m nipype.workflow  [0m|[34;20m [Node] Executing "estimate_hm" <nipype.interfaces.afni.preprocess.Volreg>[0m
2026-03-27 02:10:48 |[34;20m INFO     [0m|[34;20m nipype.workflow  [0m|[34;20m [Node] Finished "_SpikesMask0", elapsed time 1.572681s.[0m
2026-03-27 02:10:48 |[34;20m INFO     [0m|[34;20m nipype.workflow  [0m|[34;20m [Node] Finished "_SpikesMask0", elapsed time 1.603146s.[0m
2026-03-27 02:10:48 |[34;20m INFO     [0m|[34;20m nipype.workflow  [0m|[34;20m [Node] Finished "_SpikesMask0", elapsed time 1.810902s.[0m
2026-03-27 02:10:48 |[34;20m INFO     [0m|[34;20m nipype.workflow  [0m|[34;20m [Node] Setting-up "_SpikesFinderBgMask0" in "/local/nvme/ds004996_43.784026/ds/tmp/mriqc_wf/funcMRIQC/func_report_wf/08855e92feda0f9c12f497d743c58e353b8b1068/SpikesFinderBgMask/mapflow/_SpikesFinderBgMask0".[0m
2026-03-27 02:10:48 |[34;20m INFO     [0m|[34;20m nipype.workflow  [0m|[34;20m [Node] Setting-up "_SpikesFinderBgMask0" in "/local/nvme/ds004996_43.784026/ds/tmp/mriqc_wf/funcMRIQC/func_report_wf/7472e6973898d86015f503afd4eef824e81b1870/SpikesFinderBgMask/mapflow/_SpikesFinderBgMask0".[0m
2026-03-27 02:10:48 |[34;20m INFO     [0m|[34;20m nipype.workflow  [0m|[34;20m [Node] Setting-up "_SpikesFinderBgMask0" in "/local/nvme/ds004996_43.784026/ds/tmp/mriqc_wf/funcMRIQC/func_report_wf/a1cfd25a2757f7575b1b70ccb426d347daacb456/SpikesFinderBgMask/mapflow/_SpikesFinderBgMask0".[0m
2026-03-27 02:10:48 |[34;20m INFO     [0m|[34;20m nipype.workflow  [0m|[34;20m [Node] Executing "_SpikesFinderBgMask0" <mriqc.interfaces.functional.Spikes>[0m
2026-03-27 02:10:48 |[34;20m INFO     [0m|[34;20m nipype.workflow  [0m|[34;20m [Node] Executing "_SpikesFinderBgMask0" <mriqc.interfaces.functional.Spikes>[0m
2026-03-27 02:10:48 |[34;20m INFO     [0m|[34;20m nipype.workflow  [0m|[34;20m [Node] Executing "_SpikesFinderBgMask0" <mriqc.interfaces.functional.Spikes>[0m
2026-03-27 02:10:51 |[34;20m INFO     [0m|[34;20m nipype.workflow  [0m|[34;20m [Node] Finished "_SpikesFinderBgMask0", elapsed time 2.759602s.[0m
2026-03-27 02:10:52 |[34;20m INFO     [0m|[34;20m nipype.workflow  [0m|[34;20m [Node] Finished "_SpikesFinderBgMask0", elapsed time 3.412168s.[0m
2026-03-27 02:10:52 |[34;20m INFO     [0m|[34;20m nipype.workflow  [0m|[34;20m [Node] Finished "_SpikesFinderBgMask0", elapsed time 3.457742s.[0m
2026-03-27 02:26:40 |[34;20m INFO     [0m|[34;20m nipype.workflow  [0m|[34;20m [Node] Finished "estimate_hm", elapsed time 954.211664s.[0m
2026-03-27 02:26:42 |[34;20m INFO     [0m|[34;20m nipype.workflow  [0m|[34;20m [Node] Setting-up "mriqc_wf.funcMRIQC.fMRI_HMC.ComputeFD" in "/local/nvme/ds004996_43.784026/ds/tmp/mriqc_wf/funcMRIQC/fMRI_HMC/08855e92feda0f9c12f497d743c58e353b8b1068/ComputeFD".[0m
2026-03-27 02:26:42 |[34;20m INFO     [0m|[34;20m nipype.workflow  [0m|[34;20m [Node] Executing "ComputeFD" <nipype.algorithms.confounds.FramewiseDisplacement>[0m
2026-03-27 02:26:42 |[34;20m INFO     [0m|[34;20m nipype.workflow  [0m|[34;20m [Node] Finished "ComputeFD", elapsed time 0.007333s.[0m
2026-03-27 02:26:51 |[34;20m INFO     [0m|[34;20m nipype.workflow  [0m|[34;20m [Node] Finished "estimate_hm", elapsed time 964.741516s.[0m
2026-03-27 02:26:52 |[34;20m INFO     [0m|[34;20m nipype.workflow  [0m|[34;20m [Node] Setting-up "mriqc_wf.funcMRIQC.fMRI_HMC.ComputeFD" in "/local/nvme/ds004996_43.784026/ds/tmp/mriqc_wf/funcMRIQC/fMRI_HMC/a1cfd25a2757f7575b1b70ccb426d347daacb456/ComputeFD".[0m
2026-03-27 02:26:52 |[34;20m INFO     [0m|[34;20m nipype.workflow  [0m|[34;20m [Node] Executing "ComputeFD" <nipype.algorithms.confounds.FramewiseDisplacement>[0m
2026-03-27 02:26:52 |[34;20m INFO     [0m|[34;20m nipype.workflow  [0m|[34;20m [Node] Finished "ComputeFD", elapsed time 0.008217s.[0m
2026-03-27 02:27:20 |[34;20m INFO     [0m|[34;20m nipype.workflow  [0m|[34;20m [Node] Finished "estimate_hm", elapsed time 993.65169s.[0m
2026-03-27 02:27:20 |[34;20m INFO     [0m|[34;20m nipype.workflow  [0m|[34;20m [Node] Setting-up "_apply_hmc0" in "/local/nvme/ds004996_43.784026/ds/tmp/mriqc_wf/funcMRIQC/fMRI_HMC/7472e6973898d86015f503afd4eef824e81b1870/apply_hmc/mapflow/_apply_hmc0".[0m
2026-03-27 02:27:20 |[34;20m INFO     [0m|[34;20m nipype.workflow  [0m|[34;20m [Node] Executing "_apply_hmc0" <nipype.interfaces.utility.wrappers.Function>[0m
2026-03-27 02:27:41 |[34;20m INFO     [0m|[34;20m nipype.workflow  [0m|[34;20m [Node] Finished "_apply_hmc0", elapsed time 20.973081s.[0m
2026-03-27 02:27:42 |[34;20m INFO     [0m|[34;20m nipype.workflow  [0m|[34;20m [Node] Setting-up "mriqc_wf.funcMRIQC.fMRI_HMC.ComputeFD" in "/local/nvme/ds004996_43.784026/ds/tmp/mriqc_wf/funcMRIQC/fMRI_HMC/7472e6973898d86015f503afd4eef824e81b1870/ComputeFD".[0m
2026-03-27 02:27:42 |[34;20m INFO     [0m|[34;20m nipype.workflow  [0m|[34;20m [Node] Executing "ComputeFD" <nipype.algorithms.confounds.FramewiseDisplacement>[0m
2026-03-27 02:27:42 |[34;20m INFO     [0m|[34;20m nipype.workflow  [0m|[34;20m [Node] Setting-up "_mean0" in "/local/nvme/ds004996_43.784026/ds/tmp/mriqc_wf/funcMRIQC/7472e6973898d86015f503afd4eef824e81b1870/mean/mapflow/_mean0".[0m
2026-03-27 02:27:42 |[34;20m INFO     [0m|[34;20m nipype.workflow  [0m|[34;20m [Node] Setting-up "_compute_tsnr0" in "/local/nvme/ds004996_43.784026/ds/tmp/mriqc_wf/funcMRIQC/7472e6973898d86015f503afd4eef824e81b1870/compute_tsnr/mapflow/_compute_tsnr0".[0m
2026-03-27 02:27:42 |[34;20m INFO     [0m|[34;20m nipype.workflow  [0m|[34;20m [Node] Setting-up "_quality0" in "/local/nvme/ds004996_43.784026/ds/tmp/mriqc_wf/funcMRIQC/ComputeIQMs/7472e6973898d86015f503afd4eef824e81b1870/quality/mapflow/_quality0".[0m
2026-03-27 02:27:42 |[34;20m INFO     [0m|[34;20m nipype.workflow  [0m|[34;20m [Node] Executing "_mean0" <nipype.interfaces.afni.utils.TStat>[0m
2026-03-27 02:27:42 |[34;20m INFO     [0m|[34;20m nipype.workflow  [0m|[34;20m [Node] Executing "_compute_tsnr0" <nipype.algorithms.confounds.TSNR>[0m
2026-03-27 02:27:42 |[34;20m INFO     [0m|[34;20m nipype.workflow  [0m|[34;20m [Node] Executing "_quality0" <nipype.interfaces.afni.preprocess.QualityIndex>[0m
2026-03-27 02:27:42 |[34;20m INFO     [0m|[34;20m nipype.workflow  [0m|[34;20m [Node] Finished "ComputeFD", elapsed time 0.007657s.[0m
2026-03-27 02:27:44 |[34;20m INFO     [0m|[34;20m nipype.workflow  [0m|[34;20m [Node] Finished "_compute_tsnr0", elapsed time 1.8897650000000001s.[0m
2026-03-27 02:27:46 |[34;20m INFO     [0m|[34;20m nipype.workflow  [0m|[34;20m [Node] Finished "_mean0", elapsed time 3.79412s.[0m
2026-03-27 02:27:46 |[34;20m INFO     [0m|[34;20m nipype.workflow  [0m|[34;20m [Node] Setting-up "mriqc_wf.funcMRIQC.synthstrip_wf.pre_clip" in "/local/nvme/ds004996_43.784026/ds/tmp/mriqc_wf/funcMRIQC/synthstrip_wf/7472e6973898d86015f503afd4eef824e81b1870/pre_clip".[0m
2026-03-27 02:27:46 |[34;20m INFO     [0m|[34;20m nipype.workflow  [0m|[34;20m [Node] Setting-up "mriqc_wf.funcMRIQC.SpatialNormalization.SharpenEPI" in "/local/nvme/ds004996_43.784026/ds/tmp/mriqc_wf/funcMRIQC/SpatialNormalization/7472e6973898d86015f503afd4eef824e81b1870/SharpenEPI".[0m
2026-03-27 02:27:46 |[34;20m INFO     [0m|[34;20m nipype.workflow  [0m|[34;20m [Node] Executing "pre_clip" <niworkflows.interfaces.nibabel.IntensityClip>[0m
2026-03-27 02:27:46 |[34;20m INFO     [0m|[34;20m nipype.workflow  [0m|[34;20m [Node] Executing "SharpenEPI" <nipype.interfaces.ants.segmentation.N4BiasFieldCorrection>[0m
2026-03-27 02:27:46 |[34;20m INFO     [0m|[34;20m nipype.workflow  [0m|[34;20m [Node] Setting-up "_PlotMosaicMean0" in "/local/nvme/ds004996_43.784026/ds/tmp/mriqc_wf/funcMRIQC/func_report_wf/7472e6973898d86015f503afd4eef824e81b1870/PlotMosaicMean/mapflow/_PlotMosaicMean0".[0m
2026-03-27 02:27:46 |[34;20m INFO     [0m|[34;20m nipype.workflow  [0m|[34;20m [Node] Executing "_PlotMosaicMean0" <nireports.interfaces.mosaic.PlotMosaic>[0m
2026-03-27 02:27:46 |[34;20m INFO     [0m|[34;20m nipype.workflow  [0m|[34;20m [Node] Setting-up "_PlotMosaicNoise0" in "/local/nvme/ds004996_43.784026/ds/tmp/mriqc_wf/funcMRIQC/func_report_wf/7472e6973898d86015f503afd4eef824e81b1870/PlotMosaicNoise/mapflow/_PlotMosaicNoise0".[0m
2026-03-27 02:27:46 |[34;20m INFO     [0m|[34;20m nipype.workflow  [0m|[34;20m [Node] Executing "_PlotMosaicNoise0" <nireports.interfaces.mosaic.PlotMosaic>[0m
2026-03-27 02:27:46 |[34;20m INFO     [0m|[34;20m nipype.workflow  [0m|[34;20m [Node] Setting-up "_PlotMosaicSD0" in "/local/nvme/ds004996_43.784026/ds/tmp/mriqc_wf/funcMRIQC/func_report_wf/7472e6973898d86015f503afd4eef824e81b1870/PlotMosaicSD/mapflow/_PlotMosaicSD0".[0m
2026-03-27 02:27:46 |[34;20m INFO     [0m|[34;20m nipype.workflow  [0m|[34;20m [Node] Executing "_PlotMosaicSD0" <nireports.interfaces.mosaic.PlotMosaic>[0m
2026-03-27 02:27:47 |[34;20m INFO     [0m|[34;20m nipype.workflow  [0m|[34;20m [Node] Finished "pre_clip", elapsed time 0.895552s.[0m
2026-03-27 02:27:48 |[34;20m INFO     [0m|[34;20m nipype.workflow  [0m|[34;20m [Node] Finished "_PlotMosaicNoise0", elapsed time 1.54156s.[0m
2026-03-27 02:27:48 |[34;20m INFO     [0m|[34;20m nipype.workflow  [0m|[34;20m [Node] Finished "_PlotMosaicMean0", elapsed time 1.5997789999999998s.[0m
2026-03-27 02:27:48 |[34;20m INFO     [0m|[34;20m nipype.workflow  [0m|[34;20m [Node] Finished "_PlotMosaicSD0", elapsed time 1.6104530000000001s.[0m
2026-03-27 02:27:48 |[34;20m INFO     [0m|[34;20m nipype.workflow  [0m|[34;20m [Node] Setting-up "_ds_report_mean0" in "/local/nvme/ds004996_43.784026/ds/tmp/mriqc_wf/funcMRIQC/func_report_wf/7472e6973898d86015f503afd4eef824e81b1870/ds_report_mean/mapflow/_ds_report_mean0".[0m
2026-03-27 02:27:48 |[34;20m INFO     [0m|[34;20m nipype.workflow  [0m|[34;20m [Node] Executing "_ds_report_mean0" <mriqc.interfaces.DerivativesDataSink>[0m
2026-03-27 02:27:48 |[34;20m INFO     [0m|[34;20m nipype.workflow  [0m|[34;20m [Node] Finished "_ds_report_mean0", elapsed time 0.009678s.[0m
2026-03-27 02:27:48 |[34;20m INFO     [0m|[34;20m nipype.workflow  [0m|[34;20m [Node] Setting-up "_ds_report_background0" in "/local/nvme/ds004996_43.784026/ds/tmp/mriqc_wf/funcMRIQC/func_report_wf/7472e6973898d86015f503afd4eef824e81b1870/ds_report_background/mapflow/_ds_report_background0".[0m
2026-03-27 02:27:48 |[34;20m INFO     [0m|[34;20m nipype.workflow  [0m|[34;20m [Node] Executing "_ds_report_background0" <mriqc.interfaces.DerivativesDataSink>[0m
2026-03-27 02:27:48 |[34;20m INFO     [0m|[34;20m nipype.workflow  [0m|[34;20m [Node] Finished "_ds_report_background0", elapsed time 0.005832s.[0m
2026-03-27 02:27:49 |[34;20m INFO     [0m|[34;20m nipype.workflow  [0m|[34;20m [Node] Setting-up "_ds_report_stdev0" in "/local/nvme/ds004996_43.784026/ds/tmp/mriqc_wf/funcMRIQC/func_report_wf/7472e6973898d86015f503afd4eef824e81b1870/ds_report_stdev/mapflow/_ds_report_stdev0".[0m
2026-03-27 02:27:49 |[34;20m INFO     [0m|[34;20m nipype.workflow  [0m|[34;20m [Node] Executing "_ds_report_stdev0" <mriqc.interfaces.DerivativesDataSink>[0m
2026-03-27 02:27:49 |[34;20m INFO     [0m|[34;20m nipype.workflow  [0m|[34;20m [Node] Finished "_ds_report_stdev0", elapsed time 0.005623s.[0m
2026-03-27 02:27:51 |[34;20m INFO     [0m|[34;20m nipype.workflow  [0m|[34;20m [Node] Finished "SharpenEPI", elapsed time 4.6333210000000005s.[0m
2026-03-27 02:27:55 |[34;20m INFO     [0m|[34;20m nipype.workflow  [0m|[34;20m [Node] Finished "_quality0", elapsed time 12.261788s.[0m
2026-03-27 02:27:56 |[34;20m INFO     [0m|[34;20m nipype.workflow  [0m|[34;20m [Node] Setting-up "_apply_hmc0" in "/local/nvme/ds004996_43.784026/ds/tmp/mriqc_wf/funcMRIQC/fMRI_HMC/08855e92feda0f9c12f497d743c58e353b8b1068/apply_hmc/mapflow/_apply_hmc0".[0m
2026-03-27 02:27:56 |[34;20m INFO     [0m|[34;20m nipype.workflow  [0m|[34;20m [Node] Executing "_apply_hmc0" <nipype.interfaces.utility.wrappers.Function>[0m
2026-03-27 02:28:18 |[34;20m INFO     [0m|[34;20m nipype.workflow  [0m|[34;20m [Node] Finished "_apply_hmc0", elapsed time 21.439185s.[0m
2026-03-27 02:28:18 |[34;20m INFO     [0m|[34;20m nipype.workflow  [0m|[34;20m [Node] Setting-up "_apply_hmc0" in "/local/nvme/ds004996_43.784026/ds/tmp/mriqc_wf/funcMRIQC/fMRI_HMC/a1cfd25a2757f7575b1b70ccb426d347daacb456/apply_hmc/mapflow/_apply_hmc0".[0m
2026-03-27 02:28:18 |[34;20m INFO     [0m|[34;20m nipype.workflow  [0m|[34;20m [Node] Executing "_apply_hmc0" <nipype.interfaces.utility.wrappers.Function>[0m
2026-03-27 02:28:40 |[34;20m INFO     [0m|[34;20m nipype.workflow  [0m|[34;20m [Node] Finished "_apply_hmc0", elapsed time 21.955161s.[0m
2026-03-27 02:28:42 |[34;20m INFO     [0m|[34;20m nipype.workflow  [0m|[34;20m [Node] Setting-up "_mean0" in "/local/nvme/ds004996_43.784026/ds/tmp/mriqc_wf/funcMRIQC/a1cfd25a2757f7575b1b70ccb426d347daacb456/mean/mapflow/_mean0".[0m
2026-03-27 02:28:42 |[34;20m INFO     [0m|[34;20m nipype.workflow  [0m|[34;20m [Node] Setting-up "_quality0" in "/local/nvme/ds004996_43.784026/ds/tmp/mriqc_wf/funcMRIQC/ComputeIQMs/08855e92feda0f9c12f497d743c58e353b8b1068/quality/mapflow/_quality0".[0m
2026-03-27 02:28:42 |[34;20m INFO     [0m|[34;20m nipype.workflow  [0m|[34;20m [Node] Setting-up "_mean0" in "/local/nvme/ds004996_43.784026/ds/tmp/mriqc_wf/funcMRIQC/08855e92feda0f9c12f497d743c58e353b8b1068/mean/mapflow/_mean0".[0m
2026-03-27 02:28:42 |[34;20m INFO     [0m|[34;20m nipype.workflow  [0m|[34;20m [Node] Executing "_mean0" <nipype.interfaces.afni.utils.TStat>[0m
2026-03-27 02:28:42 |[34;20m INFO     [0m|[34;20m nipype.workflow  [0m|[34;20m [Node] Setting-up "_quality0" in "/local/nvme/ds004996_43.784026/ds/tmp/mriqc_wf/funcMRIQC/ComputeIQMs/a1cfd25a2757f7575b1b70ccb426d347daacb456/quality/mapflow/_quality0".[0m
2026-03-27 02:28:42 |[34;20m INFO     [0m|[34;20m nipype.workflow  [0m|[34;20m [Node] Setting-up "_compute_tsnr0" in "/local/nvme/ds004996_43.784026/ds/tmp/mriqc_wf/funcMRIQC/a1cfd25a2757f7575b1b70ccb426d347daacb456/compute_tsnr/mapflow/_compute_tsnr0".[0m
2026-03-27 02:28:42 |[34;20m INFO     [0m|[34;20m nipype.workflow  [0m|[34;20m [Node] Executing "_mean0" <nipype.interfaces.afni.utils.TStat>[0m
2026-03-27 02:28:42 |[34;20m INFO     [0m|[34;20m nipype.workflow  [0m|[34;20m [Node] Executing "_quality0" <nipype.interfaces.afni.preprocess.QualityIndex>[0m
2026-03-27 02:28:42 |[34;20m INFO     [0m|[34;20m nipype.workflow  [0m|[34;20m [Node] Executing "_quality0" <nipype.interfaces.afni.preprocess.QualityIndex>[0m
2026-03-27 02:28:42 |[34;20m INFO     [0m|[34;20m nipype.workflow  [0m|[34;20m [Node] Executing "_compute_tsnr0" <nipype.algorithms.confounds.TSNR>[0m
2026-03-27 02:28:42 |[34;20m INFO     [0m|[34;20m nipype.workflow  [0m|[34;20m [Node] Setting-up "_compute_tsnr0" in "/local/nvme/ds004996_43.784026/ds/tmp/mriqc_wf/funcMRIQC/08855e92feda0f9c12f497d743c58e353b8b1068/compute_tsnr/mapflow/_compute_tsnr0".[0m
2026-03-27 02:28:42 |[34;20m INFO     [0m|[34;20m nipype.workflow  [0m|[34;20m [Node] Executing "_compute_tsnr0" <nipype.algorithms.confounds.TSNR>[0m
2026-03-27 02:28:45 |[34;20m INFO     [0m|[34;20m nipype.workflow  [0m|[34;20m [Node] Finished "_compute_tsnr0", elapsed time 2.4989850000000002s.[0m
2026-03-27 02:28:45 |[34;20m INFO     [0m|[34;20m nipype.workflow  [0m|[34;20m [Node] Finished "_compute_tsnr0", elapsed time 2.554586s.[0m
2026-03-27 02:28:46 |[34;20m INFO     [0m|[34;20m nipype.workflow  [0m|[34;20m [Node] Finished "_mean0", elapsed time 3.657863s.[0m
2026-03-27 02:28:46 |[34;20m INFO     [0m|[34;20m nipype.workflow  [0m|[34;20m [Node] Setting-up "mriqc_wf.funcMRIQC.synthstrip_wf.pre_clip" in "/local/nvme/ds004996_43.784026/ds/tmp/mriqc_wf/funcMRIQC/synthstrip_wf/a1cfd25a2757f7575b1b70ccb426d347daacb456/pre_clip".[0m
2026-03-27 02:28:46 |[34;20m INFO     [0m|[34;20m nipype.workflow  [0m|[34;20m [Node] Setting-up "mriqc_wf.funcMRIQC.SpatialNormalization.SharpenEPI" in "/local/nvme/ds004996_43.784026/ds/tmp/mriqc_wf/funcMRIQC/SpatialNormalization/a1cfd25a2757f7575b1b70ccb426d347daacb456/SharpenEPI".[0m
2026-03-27 02:28:46 |[34;20m INFO     [0m|[34;20m nipype.workflow  [0m|[34;20m [Node] Executing "pre_clip" <niworkflows.interfaces.nibabel.IntensityClip>[0m
2026-03-27 02:28:46 |[34;20m INFO     [0m|[34;20m nipype.workflow  [0m|[34;20m [Node] Executing "SharpenEPI" <nipype.interfaces.ants.segmentation.N4BiasFieldCorrection>[0m
2026-03-27 02:28:46 |[34;20m INFO     [0m|[34;20m nipype.workflow  [0m|[34;20m [Node] Setting-up "_PlotMosaicSD0" in "/local/nvme/ds004996_43.784026/ds/tmp/mriqc_wf/funcMRIQC/func_report_wf/08855e92feda0f9c12f497d743c58e353b8b1068/PlotMosaicSD/mapflow/_PlotMosaicSD0".[0m
2026-03-27 02:28:46 |[34;20m INFO     [0m|[34;20m nipype.workflow  [0m|[34;20m [Node] Executing "_PlotMosaicSD0" <nireports.interfaces.mosaic.PlotMosaic>[0m
2026-03-27 02:28:46 |[34;20m INFO     [0m|[34;20m nipype.workflow  [0m|[34;20m [Node] Setting-up "_PlotMosaicMean0" in "/local/nvme/ds004996_43.784026/ds/tmp/mriqc_wf/funcMRIQC/func_report_wf/a1cfd25a2757f7575b1b70ccb426d347daacb456/PlotMosaicMean/mapflow/_PlotMosaicMean0".[0m
2026-03-27 02:28:46 |[34;20m INFO     [0m|[34;20m nipype.workflow  [0m|[34;20m [Node] Executing "_PlotMosaicMean0" <nireports.interfaces.mosaic.PlotMosaic>[0m
2026-03-27 02:28:46 |[34;20m INFO     [0m|[34;20m nipype.workflow  [0m|[34;20m [Node] Setting-up "_PlotMosaicNoise0" in "/local/nvme/ds004996_43.784026/ds/tmp/mriqc_wf/funcMRIQC/func_report_wf/a1cfd25a2757f7575b1b70ccb426d347daacb456/PlotMosaicNoise/mapflow/_PlotMosaicNoise0".[0m
2026-03-27 02:28:46 |[34;20m INFO     [0m|[34;20m nipype.workflow  [0m|[34;20m [Node] Executing "_PlotMosaicNoise0" <nireports.interfaces.mosaic.PlotMosaic>[0m
2026-03-27 02:28:46 |[34;20m INFO     [0m|[34;20m nipype.workflow  [0m|[34;20m [Node] Finished "_mean0", elapsed time 4.019884s.[0m
2026-03-27 02:28:47 |[34;20m INFO     [0m|[34;20m nipype.workflow  [0m|[34;20m [Node] Finished "pre_clip", elapsed time 0.9156s.[0m
2026-03-27 02:28:48 |[34;20m INFO     [0m|[34;20m nipype.workflow  [0m|[34;20m [Node] Finished "_PlotMosaicSD0", elapsed time 1.721711s.[0m
2026-03-27 02:28:48 |[34;20m INFO     [0m|[34;20m nipype.workflow  [0m|[34;20m [Node] Finished "_PlotMosaicMean0", elapsed time 1.891565s.[0m
2026-03-27 02:28:48 |[34;20m INFO     [0m|[34;20m nipype.workflow  [0m|[34;20m [Node] Finished "_PlotMosaicNoise0", elapsed time 2.022289s.[0m
2026-03-27 02:28:48 |[34;20m INFO     [0m|[34;20m nipype.workflow  [0m|[34;20m [Node] Setting-up "mriqc_wf.funcMRIQC.synthstrip_wf.pre_clip" in "/local/nvme/ds004996_43.784026/ds/tmp/mriqc_wf/funcMRIQC/synthstrip_wf/08855e92feda0f9c12f497d743c58e353b8b1068/pre_clip".[0m
2026-03-27 02:28:48 |[34;20m INFO     [0m|[34;20m nipype.workflow  [0m|[34;20m [Node] Setting-up "mriqc_wf.funcMRIQC.SpatialNormalization.SharpenEPI" in "/local/nvme/ds004996_43.784026/ds/tmp/mriqc_wf/funcMRIQC/SpatialNormalization/08855e92feda0f9c12f497d743c58e353b8b1068/SharpenEPI".[0m
2026-03-27 02:28:48 |[34;20m INFO     [0m|[34;20m nipype.workflow  [0m|[34;20m [Node] Executing "SharpenEPI" <nipype.interfaces.ants.segmentation.N4BiasFieldCorrection>[0m
2026-03-27 02:28:48 |[34;20m INFO     [0m|[34;20m nipype.workflow  [0m|[34;20m [Node] Executing "pre_clip" <niworkflows.interfaces.nibabel.IntensityClip>[0m
2026-03-27 02:28:48 |[34;20m INFO     [0m|[34;20m nipype.workflow  [0m|[34;20m [Node] Setting-up "_PlotMosaicMean0" in "/local/nvme/ds004996_43.784026/ds/tmp/mriqc_wf/funcMRIQC/func_report_wf/08855e92feda0f9c12f497d743c58e353b8b1068/PlotMosaicMean/mapflow/_PlotMosaicMean0".[0m
2026-03-27 02:28:48 |[34;20m INFO     [0m|[34;20m nipype.workflow  [0m|[34;20m [Node] Executing "_PlotMosaicMean0" <nireports.interfaces.mosaic.PlotMosaic>[0m
2026-03-27 02:28:49 |[34;20m INFO     [0m|[34;20m nipype.workflow  [0m|[34;20m [Node] Finished "pre_clip", elapsed time 0.829015s.[0m
2026-03-27 02:28:50 |[34;20m INFO     [0m|[34;20m nipype.workflow  [0m|[34;20m [Node] Finished "_PlotMosaicMean0", elapsed time 1.794104s.[0m
2026-03-27 02:28:50 |[34;20m INFO     [0m|[34;20m nipype.workflow  [0m|[34;20m [Node] Setting-up "_PlotMosaicNoise0" in "/local/nvme/ds004996_43.784026/ds/tmp/mriqc_wf/funcMRIQC/func_report_wf/08855e92feda0f9c12f497d743c58e353b8b1068/PlotMosaicNoise/mapflow/_PlotMosaicNoise0".[0m
2026-03-27 02:28:50 |[34;20m INFO     [0m|[34;20m nipype.workflow  [0m|[34;20m [Node] Executing "_PlotMosaicNoise0" <nireports.interfaces.mosaic.PlotMosaic>[0m
2026-03-27 02:28:50 |[34;20m INFO     [0m|[34;20m nipype.workflow  [0m|[34;20m [Node] Setting-up "_PlotMosaicSD0" in "/local/nvme/ds004996_43.784026/ds/tmp/mriqc_wf/funcMRIQC/func_report_wf/a1cfd25a2757f7575b1b70ccb426d347daacb456/PlotMosaicSD/mapflow/_PlotMosaicSD0".[0m
2026-03-27 02:28:50 |[34;20m INFO     [0m|[34;20m nipype.workflow  [0m|[34;20m [Node] Setting-up "_ds_report_mean0" in "/local/nvme/ds004996_43.784026/ds/tmp/mriqc_wf/funcMRIQC/func_report_wf/08855e92feda0f9c12f497d743c58e353b8b1068/ds_report_mean/mapflow/_ds_report_mean0".[0m
2026-03-27 02:28:50 |[34;20m INFO     [0m|[34;20m nipype.workflow  [0m|[34;20m [Node] Executing "_PlotMosaicSD0" <nireports.interfaces.mosaic.PlotMosaic>[0m
2026-03-27 02:28:50 |[34;20m INFO     [0m|[34;20m nipype.workflow  [0m|[34;20m [Node] Executing "_ds_report_mean0" <mriqc.interfaces.DerivativesDataSink>[0m
2026-03-27 02:28:50 |[34;20m INFO     [0m|[34;20m nipype.workflow  [0m|[34;20m [Node] Finished "_ds_report_mean0", elapsed time 0.007311s.[0m
2026-03-27 02:28:51 |[34;20m INFO     [0m|[34;20m nipype.workflow  [0m|[34;20m [Node] Setting-up "_ds_report_stdev0" in "/local/nvme/ds004996_43.784026/ds/tmp/mriqc_wf/funcMRIQC/func_report_wf/08855e92feda0f9c12f497d743c58e353b8b1068/ds_report_stdev/mapflow/_ds_report_stdev0".[0m
2026-03-27 02:28:51 |[34;20m INFO     [0m|[34;20m nipype.workflow  [0m|[34;20m [Node] Executing "_ds_report_stdev0" <mriqc.interfaces.DerivativesDataSink>[0m
2026-03-27 02:28:51 |[34;20m INFO     [0m|[34;20m nipype.workflow  [0m|[34;20m [Node] Finished "_ds_report_stdev0", elapsed time 0.008949s.[0m
2026-03-27 02:28:51 |[34;20m INFO     [0m|[34;20m nipype.workflow  [0m|[34;20m [Node] Setting-up "_ds_report_mean0" in "/local/nvme/ds004996_43.784026/ds/tmp/mriqc_wf/funcMRIQC/func_report_wf/a1cfd25a2757f7575b1b70ccb426d347daacb456/ds_report_mean/mapflow/_ds_report_mean0".[0m
2026-03-27 02:28:51 |[34;20m INFO     [0m|[34;20m nipype.workflow  [0m|[34;20m [Node] Executing "_ds_report_mean0" <mriqc.interfaces.DerivativesDataSink>[0m
2026-03-27 02:28:51 |[34;20m INFO     [0m|[34;20m nipype.workflow  [0m|[34;20m [Node] Finished "_ds_report_mean0", elapsed time 0.006693s.[0m
2026-03-27 02:28:51 |[34;20m INFO     [0m|[34;20m nipype.workflow  [0m|[34;20m [Node] Setting-up "_ds_report_background0" in "/local/nvme/ds004996_43.784026/ds/tmp/mriqc_wf/funcMRIQC/func_report_wf/a1cfd25a2757f7575b1b70ccb426d347daacb456/ds_report_background/mapflow/_ds_report_background0".[0m
2026-03-27 02:28:51 |[34;20m INFO     [0m|[34;20m nipype.workflow  [0m|[34;20m [Node] Executing "_ds_report_background0" <mriqc.interfaces.DerivativesDataSink>[0m
2026-03-27 02:28:51 |[34;20m INFO     [0m|[34;20m nipype.workflow  [0m|[34;20m [Node] Finished "_ds_report_background0", elapsed time 0.009895s.[0m
2026-03-27 02:28:51 |[34;20m INFO     [0m|[34;20m nipype.workflow  [0m|[34;20m [Node] Finished "SharpenEPI", elapsed time 4.982937s.[0m
2026-03-27 02:28:52 |[34;20m INFO     [0m|[34;20m nipype.workflow  [0m|[34;20m [Node] Finished "_PlotMosaicNoise0", elapsed time 1.603484s.[0m
2026-03-27 02:28:52 |[34;20m INFO     [0m|[34;20m nipype.workflow  [0m|[34;20m [Node] Setting-up "_ds_report_background0" in "/local/nvme/ds004996_43.784026/ds/tmp/mriqc_wf/funcMRIQC/func_report_wf/08855e92feda0f9c12f497d743c58e353b8b1068/ds_report_background/mapflow/_ds_report_background0".[0m
2026-03-27 02:28:52 |[34;20m INFO     [0m|[34;20m nipype.workflow  [0m|[34;20m [Node] Executing "_ds_report_background0" <mriqc.interfaces.DerivativesDataSink>[0m
2026-03-27 02:28:52 |[34;20m INFO     [0m|[34;20m nipype.workflow  [0m|[34;20m [Node] Finished "_ds_report_background0", elapsed time 0.008403s.[0m
2026-03-27 02:28:53 |[34;20m INFO     [0m|[34;20m nipype.workflow  [0m|[34;20m [Node] Finished "_PlotMosaicSD0", elapsed time 2.3030939999999998s.[0m
2026-03-27 02:28:54 |[34;20m INFO     [0m|[34;20m nipype.workflow  [0m|[34;20m [Node] Finished "SharpenEPI", elapsed time 5.16216s.[0m
2026-03-27 02:28:54 |[34;20m INFO     [0m|[34;20m nipype.workflow  [0m|[34;20m [Node] Setting-up "_ds_report_stdev0" in "/local/nvme/ds004996_43.784026/ds/tmp/mriqc_wf/funcMRIQC/func_report_wf/a1cfd25a2757f7575b1b70ccb426d347daacb456/ds_report_stdev/mapflow/_ds_report_stdev0".[0m
2026-03-27 02:28:54 |[34;20m INFO     [0m|[34;20m nipype.workflow  [0m|[34;20m [Node] Executing "_ds_report_stdev0" <mriqc.interfaces.DerivativesDataSink>[0m
2026-03-27 02:28:54 |[34;20m INFO     [0m|[34;20m nipype.workflow  [0m|[34;20m [Node] Finished "_ds_report_stdev0", elapsed time 0.005623s.[0m
2026-03-27 02:28:55 |[34;20m INFO     [0m|[34;20m nipype.workflow  [0m|[34;20m [Node] Finished "_quality0", elapsed time 12.931489s.[0m
2026-03-27 02:28:56 |[34;20m INFO     [0m|[34;20m nipype.workflow  [0m|[34;20m [Node] Finished "_quality0", elapsed time 13.356264s.[0m
2026-03-27 02:28:56 |[34;20m INFO     [0m|[34;20m nipype.workflow  [0m|[34;20m [Node] Setting-up "mriqc_wf.funcMRIQC.synthstrip_wf.pre_n4" in "/local/nvme/ds004996_43.784026/ds/tmp/mriqc_wf/funcMRIQC/synthstrip_wf/7472e6973898d86015f503afd4eef824e81b1870/pre_n4".[0m
2026-03-27 02:28:56 |[34;20m INFO     [0m|[34;20m nipype.workflow  [0m|[34;20m [Node] Executing "pre_n4" <nipype.interfaces.ants.segmentation.N4BiasFieldCorrection>[0m
2026-03-27 02:28:58 |[34;20m INFO     [0m|[34;20m nipype.workflow  [0m|[34;20m [Node] Finished "pre_n4", elapsed time 1.411634s.[0m
2026-03-27 02:28:58 |[34;20m INFO     [0m|[34;20m nipype.workflow  [0m|[34;20m [Node] Setting-up "mriqc_wf.funcMRIQC.synthstrip_wf.pre_n4" in "/local/nvme/ds004996_43.784026/ds/tmp/mriqc_wf/funcMRIQC/synthstrip_wf/08855e92feda0f9c12f497d743c58e353b8b1068/pre_n4".[0m
2026-03-27 02:28:58 |[34;20m INFO     [0m|[34;20m nipype.workflow  [0m|[34;20m [Node] Executing "pre_n4" <nipype.interfaces.ants.segmentation.N4BiasFieldCorrection>[0m
2026-03-27 02:29:00 |[34;20m INFO     [0m|[34;20m nipype.workflow  [0m|[34;20m [Node] Finished "pre_n4", elapsed time 1.5919699999999999s.[0m
2026-03-27 02:29:02 |[34;20m INFO     [0m|[34;20m nipype.workflow  [0m|[34;20m [Node] Setting-up "mriqc_wf.funcMRIQC.synthstrip_wf.pre_n4" in "/local/nvme/ds004996_43.784026/ds/tmp/mriqc_wf/funcMRIQC/synthstrip_wf/a1cfd25a2757f7575b1b70ccb426d347daacb456/pre_n4".[0m
2026-03-27 02:29:02 |[34;20m INFO     [0m|[34;20m nipype.workflow  [0m|[34;20m [Node] Executing "pre_n4" <nipype.interfaces.ants.segmentation.N4BiasFieldCorrection>[0m
2026-03-27 02:29:04 |[34;20m INFO     [0m|[34;20m nipype.workflow  [0m|[34;20m [Node] Finished "pre_n4", elapsed time 1.519254s.[0m
2026-03-27 02:29:04 |[34;20m INFO     [0m|[34;20m nipype.workflow  [0m|[34;20m [Node] Setting-up "mriqc_wf.funcMRIQC.synthstrip_wf.synthstrip" in "/local/nvme/ds004996_43.784026/ds/tmp/mriqc_wf/funcMRIQC/synthstrip_wf/7472e6973898d86015f503afd4eef824e81b1870/synthstrip".[0m
2026-03-27 02:29:04 |[34;20m INFO     [0m|[34;20m nipype.workflow  [0m|[34;20m [Node] Executing "synthstrip" <mriqc.interfaces.synthstrip.SynthStrip>[0m
2026-03-27 02:29:28 |[34;20m INFO     [0m|[34;20m nipype.workflow  [0m|[34;20m [Node] Finished "synthstrip", elapsed time 24.077292s.[0m
2026-03-27 02:29:30 |[34;20m INFO     [0m|[34;20m nipype.workflow  [0m|[34;20m [Node] Setting-up "mriqc_wf.funcMRIQC.synthstrip_wf.synthstrip" in "/local/nvme/ds004996_43.784026/ds/tmp/mriqc_wf/funcMRIQC/synthstrip_wf/08855e92feda0f9c12f497d743c58e353b8b1068/synthstrip".[0m
2026-03-27 02:29:30 |[34;20m INFO     [0m|[34;20m nipype.workflow  [0m|[34;20m [Node] Executing "synthstrip" <mriqc.interfaces.synthstrip.SynthStrip>[0m
2026-03-27 02:29:52 |[34;20m INFO     [0m|[34;20m nipype.workflow  [0m|[34;20m [Node] Finished "synthstrip", elapsed time 21.421723s.[0m
2026-03-27 02:29:52 |[34;20m INFO     [0m|[34;20m nipype.workflow  [0m|[34;20m [Node] Setting-up "mriqc_wf.funcMRIQC.synthstrip_wf.synthstrip" in "/local/nvme/ds004996_43.784026/ds/tmp/mriqc_wf/funcMRIQC/synthstrip_wf/a1cfd25a2757f7575b1b70ccb426d347daacb456/synthstrip".[0m
2026-03-27 02:29:52 |[34;20m INFO     [0m|[34;20m nipype.workflow  [0m|[34;20m [Node] Executing "synthstrip" <mriqc.interfaces.synthstrip.SynthStrip>[0m
2026-03-27 02:30:15 |[34;20m INFO     [0m|[34;20m nipype.workflow  [0m|[34;20m [Node] Finished "synthstrip", elapsed time 22.507288s.[0m
2026-03-27 02:30:16 |[34;20m INFO     [0m|[34;20m nipype.workflow  [0m|[34;20m [Node] Setting-up "mriqc_wf.funcMRIQC.synthstrip_wf.post_n4" in "/local/nvme/ds004996_43.784026/ds/tmp/mriqc_wf/funcMRIQC/synthstrip_wf/7472e6973898d86015f503afd4eef824e81b1870/post_n4".[0m
2026-03-27 02:30:16 |[34;20m INFO     [0m|[34;20m nipype.workflow  [0m|[34;20m [Node] Executing "post_n4" <nipype.interfaces.ants.segmentation.N4BiasFieldCorrection>[0m
2026-03-27 02:30:18 |[34;20m INFO     [0m|[34;20m nipype.workflow  [0m|[34;20m [Node] Finished "post_n4", elapsed time 1.198693s.[0m
2026-03-27 02:30:18 |[34;20m INFO     [0m|[34;20m nipype.workflow  [0m|[34;20m [Node] Setting-up "mriqc_wf.funcMRIQC.SpatialNormalization.EPI2MNI" in "/local/nvme/ds004996_43.784026/ds/tmp/mriqc_wf/funcMRIQC/SpatialNormalization/7472e6973898d86015f503afd4eef824e81b1870/EPI2MNI".[0m
2026-03-27 02:30:18 |[34;20m INFO     [0m|[34;20m nipype.workflow  [0m|[34;20m [Node] Executing "EPI2MNI" <niworkflows.interfaces.reportlets.registration.SpatialNormalizationRPT>[0m
2026-03-27 02:30:18 |[34;20m INFO     [0m|[34;20m niworkflows      [0m|[34;20m Estimating initial transform using AffineInitializer[0m
2026-03-27 02:30:24 |[34;20m INFO     [0m|[34;20m niworkflows      [0m|[34;20m Loading settings from file /opt/conda/lib/python3.11/site-packages/niworkflows/data/boldref-mni_registration_precise_000.json.[0m
2026-03-27 02:30:24 |[34;20m INFO     [0m|[34;20m niworkflows      [0m|[34;20m Retry #1, commandline: 
antsRegistration --collapse-output-transforms 1 --dimensionality 3 --float 0 --initial-moving-transform [ /local/nvme/ds004996_43.784026/ds/tmp/mriqc_wf/funcMRIQC/SpatialNormalization/7472e6973898d86015f503afd4eef824e81b1870/EPI2MNI/transform.mat, 0 ] --initialize-transforms-per-stage 0 --interpolation LanczosWindowedSinc --output [ epi_to_mni, epi_to_mni_Warped.nii.gz ] --transform Rigid[ 0.05 ] --metric Mattes[ /templateflow/tpl-MNI152NLin2009cAsym/tpl-MNI152NLin2009cAsym_res-02_desc-fMRIPrep_boldref.nii.gz, /local/nvme/ds004996_43.784026/ds/tmp/mriqc_wf/funcMRIQC/SpatialNormalization/7472e6973898d86015f503afd4eef824e81b1870/SharpenEPI/sub-43_task-conversation_run-01_bold_desc-realigned_valid_tstat_corrected.nii.gz, 1, 56, Regular, 0.25 ] --convergence [ 10000x1000x100, 1e-06, 20 ] --smoothing-sigmas 4.0x2.0x1.0vox --shrink-factors 4x2x1 --use-histogram-matching 1 --masks [ /templateflow/tpl-MNI152NLin2009cAsym/tpl-MNI152NLin2009cAsym_res-02_desc-brain_mask.nii.gz, /local/nvme/ds004996_43.784026/ds/tmp/mriqc_wf/funcMRIQC/synthstrip_wf/7472e6973898d86015f503afd4eef824e81b1870/synthstrip/clipped_corrected_desc-brain_mask.nii.gz ] --transform Affine[ 0.08 ] --metric Mattes[ /templateflow/tpl-MNI152NLin2009cAsym/tpl-MNI152NLin2009cAsym_res-02_desc-fMRIPrep_boldref.nii.gz, /local/nvme/ds004996_43.784026/ds/tmp/mriqc_wf/funcMRIQC/SpatialNormalization/7472e6973898d86015f503afd4eef824e81b1870/SharpenEPI/sub-43_task-conversation_run-01_bold_desc-realigned_valid_tstat_corrected.nii.gz, 1, 56, Regular, 0.25 ] --convergence [ 500x250x100, 1e-06, 20 ] --smoothing-sigmas 4.0x2.0x1.0vox --shrink-factors 8x4x2 --use-histogram-matching 1 --masks [ /templateflow/tpl-MNI152NLin2009cAsym/tpl-MNI152NLin2009cAsym_res-02_desc-brain_mask.nii.gz, /local/nvme/ds004996_43.784026/ds/tmp/mriqc_wf/funcMRIQC/synthstrip_wf/7472e6973898d86015f503afd4eef824e81b1870/synthstrip/clipped_corrected_desc-brain_mask.nii.gz ] --transform SyN[ 0.1, 3.0, 0.0 ] --metric CC[ /templateflow/tpl-MNI152NLin2009cAsym/tpl-MNI152NLin2009cAsym_res-02_desc-fMRIPrep_boldref.nii.gz, /local/nvme/ds004996_43.784026/ds/tmp/mriqc_wf/funcMRIQC/SpatialNormalization/7472e6973898d86015f503afd4eef824e81b1870/SharpenEPI/sub-43_task-conversation_run-01_bold_desc-realigned_valid_tstat_corrected.nii.gz, 1, 4, None, 1 ] --convergence [ 100x30x20, 1e-06, 10 ] --smoothing-sigmas 3.0x2.0x1.0vox --shrink-factors 8x4x2 --use-histogram-matching 1 --masks [ /templateflow/tpl-MNI152NLin2009cAsym/tpl-MNI152NLin2009cAsym_res-02_desc-brain_mask.nii.gz, /local/nvme/ds004996_43.784026/ds/tmp/mriqc_wf/funcMRIQC/synthstrip_wf/7472e6973898d86015f503afd4eef824e81b1870/synthstrip/clipped_corrected_desc-brain_mask.nii.gz ] --winsorize-image-intensities [ 0.005, 0.995 ]  --write-composite-transform 1[0m
2026-03-27 02:30:36 |[34;20m INFO     [0m|[34;20m niworkflows      [0m|[34;20m Successful spatial normalization (retry #1).[0m
2026-03-27 02:30:36 |[34;20m INFO     [0m|[34;20m niworkflows      [0m|[34;20m Report - setting fixed (/templateflow/tpl-MNI152NLin2009cAsym/tpl-MNI152NLin2009cAsym_res-02_desc-fMRIPrep_boldref.nii.gz) and moving (/local/nvme/ds004996_43.784026/ds/tmp/mriqc_wf/funcMRIQC/SpatialNormalization/7472e6973898d86015f503afd4eef824e81b1870/EPI2MNI/epi_to_mni_Warped.nii.gz) images[0m
2026-03-27 02:30:36 |[34;20m INFO     [0m|[34;20m niworkflows      [0m|[34;20m Generating visual report[0m
2026-03-27 02:30:54 |[34;20m INFO     [0m|[34;20m nipype.workflow  [0m|[34;20m [Node] Finished "EPI2MNI", elapsed time 35.335121s.[0m
2026-03-27 02:30:54 |[34;20m INFO     [0m|[34;20m nipype.workflow  [0m|[34;20m [Node] Setting-up "mriqc_wf.funcMRIQC.func_report_wf.dilated_mask" in "/local/nvme/ds004996_43.784026/ds/tmp/mriqc_wf/funcMRIQC/func_report_wf/7472e6973898d86015f503afd4eef824e81b1870/dilated_mask".[0m
2026-03-27 02:30:54 |[34;20m INFO     [0m|[34;20m nipype.workflow  [0m|[34;20m [Node] Setting-up "_ComputeDVARS0" in "/local/nvme/ds004996_43.784026/ds/tmp/mriqc_wf/funcMRIQC/ComputeIQMs/7472e6973898d86015f503afd4eef824e81b1870/ComputeDVARS/mapflow/_ComputeDVARS0".[0m
2026-03-27 02:30:54 |[34;20m INFO     [0m|[34;20m nipype.workflow  [0m|[34;20m [Node] Executing "dilated_mask" <niworkflows.interfaces.morphology.BinaryDilation>[0m
2026-03-27 02:30:54 |[34;20m INFO     [0m|[34;20m nipype.workflow  [0m|[34;20m [Node] Setting-up "mriqc_wf.funcMRIQC.func_report_wf.PlotBrainmask" in "/local/nvme/ds004996_43.784026/ds/tmp/mriqc_wf/funcMRIQC/func_report_wf/7472e6973898d86015f503afd4eef824e81b1870/PlotBrainmask".[0m
2026-03-27 02:30:54 |[34;20m INFO     [0m|[34;20m nipype.workflow  [0m|[34;20m [Node] Setting-up "_smoothness0" in "/local/nvme/ds004996_43.784026/ds/tmp/mriqc_wf/funcMRIQC/ComputeIQMs/7472e6973898d86015f503afd4eef824e81b1870/smoothness/mapflow/_smoothness0".[0m
2026-03-27 02:30:54 |[34;20m INFO     [0m|[34;20m nipype.workflow  [0m|[34;20m [Node] Executing "_ComputeDVARS0" <nipype.algorithms.confounds.ComputeDVARS>[0m
2026-03-27 02:30:54 |[34;20m INFO     [0m|[34;20m nipype.workflow  [0m|[34;20m [Node] Setting-up "_outliers0" in "/local/nvme/ds004996_43.784026/ds/tmp/mriqc_wf/funcMRIQC/ComputeIQMs/7472e6973898d86015f503afd4eef824e81b1870/outliers/mapflow/_outliers0".[0m
2026-03-27 02:30:54 |[34;20m INFO     [0m|[34;20m nipype.workflow  [0m|[34;20m [Node] Setting-up "_gcor0" in "/local/nvme/ds004996_43.784026/ds/tmp/mriqc_wf/funcMRIQC/ComputeIQMs/7472e6973898d86015f503afd4eef824e81b1870/gcor/mapflow/_gcor0".[0m
2026-03-27 02:30:54 |[34;20m INFO     [0m|[34;20m nipype.workflow  [0m|[34;20m [Node] Executing "_smoothness0" <nipype.interfaces.afni.utils.FWHMx>[0m
2026-03-27 02:30:54 |[34;20m INFO     [0m|[34;20m nipype.workflow  [0m|[34;20m [Node] Executing "_outliers0" <nipype.interfaces.afni.preprocess.OutlierCount>[0m
2026-03-27 02:30:54 |[34;20m INFO     [0m|[34;20m nipype.workflow  [0m|[34;20m [Node] Executing "_gcor0" <mriqc.interfaces.transitional.GCOR>[0m
2026-03-27 02:30:54 |[34;20m INFO     [0m|[34;20m nipype.workflow  [0m|[34;20m [Node] Executing "PlotBrainmask" <nireports.interfaces.mosaic.PlotContours>[0m
2026-03-27 02:30:54 |[34;20m INFO     [0m|[34;20m nipype.workflow  [0m|[34;20m [Node] Setting-up "_PlotMosaicZoomed0" in "/local/nvme/ds004996_43.784026/ds/tmp/mriqc_wf/funcMRIQC/func_report_wf/7472e6973898d86015f503afd4eef824e81b1870/PlotMosaicZoomed/mapflow/_PlotMosaicZoomed0".[0m
2026-03-27 02:30:54 |[34;20m INFO     [0m|[34;20m nipype.workflow  [0m|[34;20m [Node] Setting-up "_ComputeDVARS0" in "/local/nvme/ds004996_43.784026/ds/tmp/mriqc_wf/funcMRIQC/ComputeIQMs/08855e92feda0f9c12f497d743c58e353b8b1068/ComputeDVARS/mapflow/_ComputeDVARS0".[0m
2026-03-27 02:30:54 |[34;20m INFO     [0m|[34;20m nipype.workflow  [0m|[34;20m [Node] Executing "_PlotMosaicZoomed0" <nireports.interfaces.mosaic.PlotMosaic>[0m
2026-03-27 02:30:54 |[34;20m INFO     [0m|[34;20m nipype.workflow  [0m|[34;20m [Node] Executing "_ComputeDVARS0" <nipype.algorithms.confounds.ComputeDVARS>[0m
2026-03-27 02:30:54 |[34;20m INFO     [0m|[34;20m nipype.workflow  [0m|[34;20m [Node] Finished "dilated_mask", elapsed time 0.056672s.[0m
2026-03-27 02:30:55 |[34;20m INFO     [0m|[34;20m nipype.workflow  [0m|[34;20m [Node] Finished "_smoothness0", elapsed time 0.710083s.[0m
2026-03-27 02:30:56 |[34;20m INFO     [0m|[34;20m nipype.workflow  [0m|[34;20m [Node] Finished "_PlotMosaicZoomed0", elapsed time 1.572772s.[0m
2026-03-27 02:30:56 |[34;20m INFO     [0m|[34;20m nipype.workflow  [0m|[34;20m [Node] Finished "PlotBrainmask", elapsed time 1.760973s.[0m
2026-03-27 02:30:56 |[34;20m INFO     [0m|[34;20m nipype.workflow  [0m|[34;20m [Node] Setting-up "mriqc_wf.funcMRIQC.func_report_wf.dilated_mask" in "/local/nvme/ds004996_43.784026/ds/tmp/mriqc_wf/funcMRIQC/func_report_wf/08855e92feda0f9c12f497d743c58e353b8b1068/dilated_mask".[0m
2026-03-27 02:30:56 |[34;20m INFO     [0m|[34;20m nipype.workflow  [0m|[34;20m [Node] Setting-up "_smoothness0" in "/local/nvme/ds004996_43.784026/ds/tmp/mriqc_wf/funcMRIQC/ComputeIQMs/08855e92feda0f9c12f497d743c58e353b8b1068/smoothness/mapflow/_smoothness0".[0m
2026-03-27 02:30:56 |[34;20m INFO     [0m|[34;20m nipype.workflow  [0m|[34;20m [Node] Executing "dilated_mask" <niworkflows.interfaces.morphology.BinaryDilation>[0m
2026-03-27 02:30:56 |[34;20m INFO     [0m|[34;20m nipype.workflow  [0m|[34;20m [Node] Setting-up "_outliers0" in "/local/nvme/ds004996_43.784026/ds/tmp/mriqc_wf/funcMRIQC/ComputeIQMs/08855e92feda0f9c12f497d743c58e353b8b1068/outliers/mapflow/_outliers0".[0m
2026-03-27 02:30:56 |[34;20m INFO     [0m|[34;20m nipype.workflow  [0m|[34;20m [Node] Setting-up "_gcor0" in "/local/nvme/ds004996_43.784026/ds/tmp/mriqc_wf/funcMRIQC/ComputeIQMs/08855e92feda0f9c12f497d743c58e353b8b1068/gcor/mapflow/_gcor0".[0m
2026-03-27 02:30:56 |[34;20m INFO     [0m|[34;20m nipype.workflow  [0m|[34;20m [Node] Executing "_smoothness0" <nipype.interfaces.afni.utils.FWHMx>[0m
2026-03-27 02:30:56 |[34;20m INFO     [0m|[34;20m nipype.workflow  [0m|[34;20m [Node] Executing "_gcor0" <mriqc.interfaces.transitional.GCOR>[0m
2026-03-27 02:30:56 |[34;20m INFO     [0m|[34;20m nipype.workflow  [0m|[34;20m [Node] Executing "_outliers0" <nipype.interfaces.afni.preprocess.OutlierCount>[0m
2026-03-27 02:30:56 |[34;20m INFO     [0m|[34;20m nipype.workflow  [0m|[34;20m [Node] Finished "dilated_mask", elapsed time 0.050019s.[0m
2026-03-27 02:30:57 |[34;20m INFO     [0m|[34;20m nipype.workflow  [0m|[34;20m [Node] Finished "_smoothness0", elapsed time 0.66505s.[0m
2026-03-27 02:30:58 |[34;20m INFO     [0m|[34;20m nipype.workflow  [0m|[34;20m [Node] Setting-up "mriqc_wf.funcMRIQC.func_report_wf.PlotBrainmask" in "/local/nvme/ds004996_43.784026/ds/tmp/mriqc_wf/funcMRIQC/func_report_wf/08855e92feda0f9c12f497d743c58e353b8b1068/PlotBrainmask".[0m
2026-03-27 02:30:58 |[34;20m INFO     [0m|[34;20m nipype.workflow  [0m|[34;20m [Node] Executing "PlotBrainmask" <nireports.interfaces.mosaic.PlotContours>[0m
2026-03-27 02:30:58 |[34;20m INFO     [0m|[34;20m nipype.workflow  [0m|[34;20m [Node] Setting-up "_PlotMosaicZoomed0" in "/local/nvme/ds004996_43.784026/ds/tmp/mriqc_wf/funcMRIQC/func_report_wf/08855e92feda0f9c12f497d743c58e353b8b1068/PlotMosaicZoomed/mapflow/_PlotMosaicZoomed0".[0m
2026-03-27 02:30:58 |[34;20m INFO     [0m|[34;20m nipype.workflow  [0m|[34;20m [Node] Executing "_PlotMosaicZoomed0" <nireports.interfaces.mosaic.PlotMosaic>[0m
2026-03-27 02:30:59 |[34;20m INFO     [0m|[34;20m nipype.workflow  [0m|[34;20m [Node] Finished "_outliers0", elapsed time 4.734807s.[0m
2026-03-27 02:31:00 |[34;20m INFO     [0m|[34;20m nipype.workflow  [0m|[34;20m [Node] Finished "_PlotMosaicZoomed0", elapsed time 1.7703s.[0m
2026-03-27 02:31:00 |[34;20m INFO     [0m|[34;20m nipype.workflow  [0m|[34;20m [Node] Finished "PlotBrainmask", elapsed time 1.9567809999999999s.[0m
2026-03-27 02:31:00 |[34;20m INFO     [0m|[34;20m nipype.workflow  [0m|[34;20m [Node] Setting-up "_ComputeDVARS0" in "/local/nvme/ds004996_43.784026/ds/tmp/mriqc_wf/funcMRIQC/ComputeIQMs/a1cfd25a2757f7575b1b70ccb426d347daacb456/ComputeDVARS/mapflow/_ComputeDVARS0".[0m
2026-03-27 02:31:00 |[34;20m INFO     [0m|[34;20m nipype.workflow  [0m|[34;20m [Node] Executing "_ComputeDVARS0" <nipype.algorithms.confounds.ComputeDVARS>[0m
2026-03-27 02:31:00 |[34;20m INFO     [0m|[34;20m nipype.workflow  [0m|[34;20m [Node] Setting-up "_smoothness0" in "/local/nvme/ds004996_43.784026/ds/tmp/mriqc_wf/funcMRIQC/ComputeIQMs/a1cfd25a2757f7575b1b70ccb426d347daacb456/smoothness/mapflow/_smoothness0".[0m
2026-03-27 02:31:00 |[34;20m INFO     [0m|[34;20m nipype.workflow  [0m|[34;20m [Node] Executing "_smoothness0" <nipype.interfaces.afni.utils.FWHMx>[0m
2026-03-27 02:31:01 |[34;20m INFO     [0m|[34;20m nipype.workflow  [0m|[34;20m [Node] Finished "_outliers0", elapsed time 4.592731s.[0m
2026-03-27 02:31:01 |[34;20m INFO     [0m|[34;20m nipype.workflow  [0m|[34;20m [Node] Finished "_smoothness0", elapsed time 0.920295s.[0m
2026-03-27 02:31:02 |[34;20m INFO     [0m|[34;20m nipype.workflow  [0m|[34;20m [Node] Setting-up "_outliers0" in "/local/nvme/ds004996_43.784026/ds/tmp/mriqc_wf/funcMRIQC/ComputeIQMs/a1cfd25a2757f7575b1b70ccb426d347daacb456/outliers/mapflow/_outliers0".[0m
2026-03-27 02:31:02 |[34;20m INFO     [0m|[34;20m nipype.workflow  [0m|[34;20m [Node] Setting-up "_gcor0" in "/local/nvme/ds004996_43.784026/ds/tmp/mriqc_wf/funcMRIQC/ComputeIQMs/a1cfd25a2757f7575b1b70ccb426d347daacb456/gcor/mapflow/_gcor0".[0m
2026-03-27 02:31:02 |[34;20m INFO     [0m|[34;20m nipype.workflow  [0m|[34;20m [Node] Executing "_outliers0" <nipype.interfaces.afni.preprocess.OutlierCount>[0m
2026-03-27 02:31:02 |[34;20m INFO     [0m|[34;20m nipype.workflow  [0m|[34;20m [Node] Executing "_gcor0" <mriqc.interfaces.transitional.GCOR>[0m
2026-03-27 02:31:02 |[34;20m INFO     [0m|[34;20m nipype.workflow  [0m|[34;20m [Node] Setting-up "mriqc_wf.funcMRIQC.func_report_wf.dilated_mask" in "/local/nvme/ds004996_43.784026/ds/tmp/mriqc_wf/funcMRIQC/func_report_wf/a1cfd25a2757f7575b1b70ccb426d347daacb456/dilated_mask".[0m
2026-03-27 02:31:02 |[34;20m INFO     [0m|[34;20m nipype.workflow  [0m|[34;20m [Node] Executing "dilated_mask" <niworkflows.interfaces.morphology.BinaryDilation>[0m
2026-03-27 02:31:02 |[34;20m INFO     [0m|[34;20m nipype.workflow  [0m|[34;20m [Node] Finished "dilated_mask", elapsed time 0.04062s.[0m
2026-03-27 02:31:04 |[34;20m INFO     [0m|[34;20m nipype.workflow  [0m|[34;20m [Node] Setting-up "_PlotMosaicZoomed0" in "/local/nvme/ds004996_43.784026/ds/tmp/mriqc_wf/funcMRIQC/func_report_wf/a1cfd25a2757f7575b1b70ccb426d347daacb456/PlotMosaicZoomed/mapflow/_PlotMosaicZoomed0".[0m
2026-03-27 02:31:04 |[34;20m INFO     [0m|[34;20m nipype.workflow  [0m|[34;20m [Node] Executing "_PlotMosaicZoomed0" <nireports.interfaces.mosaic.PlotMosaic>[0m
2026-03-27 02:31:06 |[34;20m INFO     [0m|[34;20m nipype.workflow  [0m|[34;20m [Node] Finished "_gcor0", elapsed time 11.235334s.[0m
2026-03-27 02:31:06 |[34;20m INFO     [0m|[34;20m nipype.workflow  [0m|[34;20m [Node] Finished "_PlotMosaicZoomed0", elapsed time 1.515273s.[0m
2026-03-27 02:31:06 |[34;20m INFO     [0m|[34;20m nipype.workflow  [0m|[34;20m [Node] Setting-up "mriqc_wf.funcMRIQC.synthstrip_wf.final_masked" in "/local/nvme/ds004996_43.784026/ds/tmp/mriqc_wf/funcMRIQC/synthstrip_wf/7472e6973898d86015f503afd4eef824e81b1870/final_masked".[0m
2026-03-27 02:31:06 |[34;20m INFO     [0m|[34;20m nipype.workflow  [0m|[34;20m [Node] Setting-up "mriqc_wf.funcMRIQC.func_report_wf.PlotBrainmask" in "/local/nvme/ds004996_43.784026/ds/tmp/mriqc_wf/funcMRIQC/func_report_wf/a1cfd25a2757f7575b1b70ccb426d347daacb456/PlotBrainmask".[0m
2026-03-27 02:31:06 |[34;20m INFO     [0m|[34;20m nipype.workflow  [0m|[34;20m [Node] Executing "final_masked" <niworkflows.interfaces.nibabel.ApplyMask>[0m
2026-03-27 02:31:06 |[34;20m INFO     [0m|[34;20m nipype.workflow  [0m|[34;20m [Node] Executing "PlotBrainmask" <nireports.interfaces.mosaic.PlotContours>[0m
2026-03-27 02:31:06 |[34;20m INFO     [0m|[34;20m nipype.workflow  [0m|[34;20m [Node] Finished "final_masked", elapsed time 0.036354s.[0m
2026-03-27 02:31:06 |[34;20m INFO     [0m|[34;20m nipype.workflow  [0m|[34;20m [Node] Finished "_gcor0", elapsed time 10.099485s.[0m
2026-03-27 02:31:08 |[34;20m INFO     [0m|[34;20m nipype.workflow  [0m|[34;20m [Node] Finished "_outliers0", elapsed time 5.370207s.[0m
2026-03-27 02:31:08 |[34;20m INFO     [0m|[34;20m nipype.workflow  [0m|[34;20m [Node] Finished "PlotBrainmask", elapsed time 1.638172s.[0m
2026-03-27 02:31:08 |[34;20m INFO     [0m|[34;20m nipype.workflow  [0m|[34;20m [Node] Setting-up "mriqc_wf.funcMRIQC.func_report_wf.ds_report_norm" in "/local/nvme/ds004996_43.784026/ds/tmp/mriqc_wf/funcMRIQC/func_report_wf/7472e6973898d86015f503afd4eef824e81b1870/ds_report_norm".[0m
2026-03-27 02:31:08 |[34;20m INFO     [0m|[34;20m nipype.workflow  [0m|[34;20m [Node] Executing "ds_report_norm" <mriqc.interfaces.DerivativesDataSink>[0m
2026-03-27 02:31:08 |[34;20m INFO     [0m|[34;20m nipype.workflow  [0m|[34;20m [Node] Setting-up "mriqc_wf.funcMRIQC.SpatialNormalization.ResampleSegmentation" in "/local/nvme/ds004996_43.784026/ds/tmp/mriqc_wf/funcMRIQC/SpatialNormalization/7472e6973898d86015f503afd4eef824e81b1870/ResampleSegmentation".[0m
2026-03-27 02:31:08 |[34;20m INFO     [0m|[34;20m nipype.workflow  [0m|[34;20m [Node] Executing "ResampleSegmentation" <nipype.interfaces.ants.resampling.ApplyTransforms>[0m
2026-03-27 02:31:08 |[34;20m INFO     [0m|[34;20m nipype.workflow  [0m|[34;20m [Node] Finished "ds_report_norm", elapsed time 0.005987s.[0m
2026-03-27 02:31:08 |[34;20m INFO     [0m|[34;20m nipype.workflow  [0m|[34;20m [Node] Setting-up "mriqc_wf.funcMRIQC.func_report_wf.subtract_mask" in "/local/nvme/ds004996_43.784026/ds/tmp/mriqc_wf/funcMRIQC/func_report_wf/7472e6973898d86015f503afd4eef824e81b1870/subtract_mask".[0m
2026-03-27 02:31:08 |[34;20m INFO     [0m|[34;20m nipype.workflow  [0m|[34;20m [Node] Executing "subtract_mask" <niworkflows.interfaces.morphology.BinarySubtraction>[0m
2026-03-27 02:31:08 |[34;20m INFO     [0m|[34;20m nipype.workflow  [0m|[34;20m [Node] Setting-up "_ds_report_zoomed0" in "/local/nvme/ds004996_43.784026/ds/tmp/mriqc_wf/funcMRIQC/func_report_wf/7472e6973898d86015f503afd4eef824e81b1870/ds_report_zoomed/mapflow/_ds_report_zoomed0".[0m
2026-03-27 02:31:08 |[34;20m INFO     [0m|[34;20m nipype.workflow  [0m|[34;20m [Node] Executing "_ds_report_zoomed0" <mriqc.interfaces.DerivativesDataSink>[0m
2026-03-27 02:31:09 |[34;20m INFO     [0m|[34;20m nipype.workflow  [0m|[34;20m [Node] Finished "_ds_report_zoomed0", elapsed time 0.005875s.[0m
2026-03-27 02:31:09 |[34;20m INFO     [0m|[34;20m nipype.workflow  [0m|[34;20m [Node] Finished "subtract_mask", elapsed time 0.013959s.[0m
2026-03-27 02:31:09 |[34;20m INFO     [0m|[34;20m nipype.workflow  [0m|[34;20m [Node] Setting-up "mriqc_wf.funcMRIQC.func_report_wf.ds_report_bmask" in "/local/nvme/ds004996_43.784026/ds/tmp/mriqc_wf/funcMRIQC/func_report_wf/7472e6973898d86015f503afd4eef824e81b1870/ds_report_bmask".[0m
2026-03-27 02:31:09 |[34;20m INFO     [0m|[34;20m nipype.workflow  [0m|[34;20m [Node] Executing "ds_report_bmask" <mriqc.interfaces.DerivativesDataSink>[0m
2026-03-27 02:31:09 |[34;20m INFO     [0m|[34;20m nipype.workflow  [0m|[34;20m [Node] Finished "ds_report_bmask", elapsed time 0.005839s.[0m
2026-03-27 02:31:09 |[34;20m INFO     [0m|[34;20m nipype.workflow  [0m|[34;20m [Node] Setting-up "mriqc_wf.funcMRIQC.func_report_wf.subtract_mask" in "/local/nvme/ds004996_43.784026/ds/tmp/mriqc_wf/funcMRIQC/func_report_wf/08855e92feda0f9c12f497d743c58e353b8b1068/subtract_mask".[0m
2026-03-27 02:31:09 |[34;20m INFO     [0m|[34;20m nipype.workflow  [0m|[34;20m [Node] Executing "subtract_mask" <niworkflows.interfaces.morphology.BinarySubtraction>[0m
2026-03-27 02:31:09 |[34;20m INFO     [0m|[34;20m nipype.workflow  [0m|[34;20m [Node] Setting-up "_ds_report_zoomed0" in "/local/nvme/ds004996_43.784026/ds/tmp/mriqc_wf/funcMRIQC/func_report_wf/08855e92feda0f9c12f497d743c58e353b8b1068/ds_report_zoomed/mapflow/_ds_report_zoomed0".[0m
2026-03-27 02:31:09 |[34;20m INFO     [0m|[34;20m nipype.workflow  [0m|[34;20m [Node] Executing "_ds_report_zoomed0" <mriqc.interfaces.DerivativesDataSink>[0m
2026-03-27 02:31:09 |[34;20m INFO     [0m|[34;20m nipype.workflow  [0m|[34;20m [Node] Finished "_ds_report_zoomed0", elapsed time 0.006192s.[0m
2026-03-27 02:31:09 |[34;20m INFO     [0m|[34;20m nipype.workflow  [0m|[34;20m [Node] Finished "subtract_mask", elapsed time 0.016184s.[0m
2026-03-27 02:31:09 |[34;20m INFO     [0m|[34;20m nipype.workflow  [0m|[34;20m [Node] Setting-up "mriqc_wf.funcMRIQC.func_report_wf.ds_report_bmask" in "/local/nvme/ds004996_43.784026/ds/tmp/mriqc_wf/funcMRIQC/func_report_wf/08855e92feda0f9c12f497d743c58e353b8b1068/ds_report_bmask".[0m
2026-03-27 02:31:09 |[34;20m INFO     [0m|[34;20m nipype.workflow  [0m|[34;20m [Node] Executing "ds_report_bmask" <mriqc.interfaces.DerivativesDataSink>[0m
2026-03-27 02:31:09 |[34;20m INFO     [0m|[34;20m nipype.workflow  [0m|[34;20m [Node] Finished "ds_report_bmask", elapsed time 0.005986s.[0m
2026-03-27 02:31:09 |[34;20m INFO     [0m|[34;20m nipype.workflow  [0m|[34;20m [Node] Setting-up "mriqc_wf.funcMRIQC.func_report_wf.subtract_mask" in "/local/nvme/ds004996_43.784026/ds/tmp/mriqc_wf/funcMRIQC/func_report_wf/a1cfd25a2757f7575b1b70ccb426d347daacb456/subtract_mask".[0m
2026-03-27 02:31:09 |[34;20m INFO     [0m|[34;20m nipype.workflow  [0m|[34;20m [Node] Executing "subtract_mask" <niworkflows.interfaces.morphology.BinarySubtraction>[0m
2026-03-27 02:31:09 |[34;20m INFO     [0m|[34;20m nipype.workflow  [0m|[34;20m [Node] Finished "subtract_mask", elapsed time 0.0144s.[0m
2026-03-27 02:31:10 |[34;20m INFO     [0m|[34;20m nipype.workflow  [0m|[34;20m [Node] Setting-up "_ds_report_zoomed0" in "/local/nvme/ds004996_43.784026/ds/tmp/mriqc_wf/funcMRIQC/func_report_wf/a1cfd25a2757f7575b1b70ccb426d347daacb456/ds_report_zoomed/mapflow/_ds_report_zoomed0".[0m
2026-03-27 02:31:10 |[34;20m INFO     [0m|[34;20m nipype.workflow  [0m|[34;20m [Node] Executing "_ds_report_zoomed0" <mriqc.interfaces.DerivativesDataSink>[0m
2026-03-27 02:31:10 |[34;20m INFO     [0m|[34;20m nipype.workflow  [0m|[34;20m [Node] Finished "_ds_report_zoomed0", elapsed time 0.008222s.[0m
2026-03-27 02:31:11 |[34;20m INFO     [0m|[34;20m nipype.workflow  [0m|[34;20m [Node] Setting-up "mriqc_wf.funcMRIQC.func_report_wf.ds_report_bmask" in "/local/nvme/ds004996_43.784026/ds/tmp/mriqc_wf/funcMRIQC/func_report_wf/a1cfd25a2757f7575b1b70ccb426d347daacb456/ds_report_bmask".[0m
2026-03-27 02:31:11 |[34;20m INFO     [0m|[34;20m nipype.workflow  [0m|[34;20m [Node] Executing "ds_report_bmask" <mriqc.interfaces.DerivativesDataSink>[0m
2026-03-27 02:31:11 |[34;20m INFO     [0m|[34;20m nipype.workflow  [0m|[34;20m [Node] Finished "ds_report_bmask", elapsed time 0.005762s.[0m
2026-03-27 02:31:12 |[34;20m INFO     [0m|[34;20m nipype.workflow  [0m|[34;20m [Node] Finished "ResampleSegmentation", elapsed time 3.245315s.[0m
2026-03-27 02:31:12 |[34;20m INFO     [0m|[34;20m nipype.workflow  [0m|[34;20m [Node] Setting-up "mriqc_wf.funcMRIQC.func_report_wf.parcels" in "/local/nvme/ds004996_43.784026/ds/tmp/mriqc_wf/funcMRIQC/func_report_wf/7472e6973898d86015f503afd4eef824e81b1870/parcels".[0m
2026-03-27 02:31:12 |[34;20m INFO     [0m|[34;20m nipype.workflow  [0m|[34;20m [Node] Executing "parcels" <nipype.interfaces.utility.wrappers.Function>[0m
2026-03-27 02:31:12 |[34;20m INFO     [0m|[34;20m nipype.workflow  [0m|[34;20m [Node] Finished "parcels", elapsed time 0.02588s.[0m
2026-03-27 02:31:13 |[34;20m INFO     [0m|[34;20m nipype.workflow  [0m|[34;20m [Node] Finished "_gcor0", elapsed time 10.466957s.[0m
2026-03-27 02:31:17 |[34;20m INFO     [0m|[34;20m nipype.workflow  [0m|[34;20m [Node] Finished "_ComputeDVARS0", elapsed time 23.095783s.[0m
2026-03-27 02:31:18 |[34;20m INFO     [0m|[34;20m nipype.workflow  [0m|[34;20m [Node] Finished "_ComputeDVARS0", elapsed time 23.156972s.[0m
2026-03-27 02:31:18 |[34;20m INFO     [0m|[34;20m nipype.workflow  [0m|[34;20m [Node] Setting-up "_measures0" in "/local/nvme/ds004996_43.784026/ds/tmp/mriqc_wf/funcMRIQC/ComputeIQMs/7472e6973898d86015f503afd4eef824e81b1870/measures/mapflow/_measures0".[0m
2026-03-27 02:31:18 |[34;20m INFO     [0m|[34;20m nipype.workflow  [0m|[34;20m [Node] Executing "_measures0" <mriqc.interfaces.functional.FunctionalQC>[0m
2026-03-27 02:31:18 |[34;20m INFO     [0m|[34;20m nipype.workflow  [0m|[34;20m [Node] Setting-up "_timeseries0" in "/local/nvme/ds004996_43.784026/ds/tmp/mriqc_wf/funcMRIQC/ComputeIQMs/7472e6973898d86015f503afd4eef824e81b1870/timeseries/mapflow/_timeseries0".[0m
2026-03-27 02:31:18 |[34;20m INFO     [0m|[34;20m nipype.workflow  [0m|[34;20m [Node] Executing "_timeseries0" <mriqc.interfaces.functional.GatherTimeseries>[0m
2026-03-27 02:31:18 |[34;20m INFO     [0m|[34;20m nipype.workflow  [0m|[34;20m [Node] Setting-up "_timeseries0" in "/local/nvme/ds004996_43.784026/ds/tmp/mriqc_wf/funcMRIQC/ComputeIQMs/08855e92feda0f9c12f497d743c58e353b8b1068/timeseries/mapflow/_timeseries0".[0m
2026-03-27 02:31:18 |[34;20m INFO     [0m|[34;20m nipype.workflow  [0m|[34;20m [Node] Executing "_timeseries0" <mriqc.interfaces.functional.GatherTimeseries>[0m
2026-03-27 02:31:18 |[34;20m INFO     [0m|[34;20m nipype.workflow  [0m|[34;20m [Node] Finished "_timeseries0", elapsed time 0.024507s.[0m
2026-03-27 02:31:18 |[34;20m INFO     [0m|[34;20m nipype.workflow  [0m|[34;20m [Node] Finished "_timeseries0", elapsed time 0.051922s.[0m
2026-03-27 02:31:20 |[34;20m INFO     [0m|[34;20m nipype.workflow  [0m|[34;20m [Node] Setting-up "_ds_timeseries0" in "/local/nvme/ds004996_43.784026/ds/tmp/mriqc_wf/funcMRIQC/ComputeIQMs/7472e6973898d86015f503afd4eef824e81b1870/ds_timeseries/mapflow/_ds_timeseries0".[0m
2026-03-27 02:31:20 |[34;20m INFO     [0m|[34;20m nipype.workflow  [0m|[34;20m [Node] Executing "_ds_timeseries0" <mriqc.interfaces.DerivativesDataSink>[0m
2026-03-27 02:31:20 |[34;20m INFO     [0m|[34;20m nipype.workflow  [0m|[34;20m [Node] Finished "_ds_timeseries0", elapsed time 0.005042s.[0m
2026-03-27 02:31:21 |[34;20m INFO     [0m|[34;20m nipype.workflow  [0m|[34;20m [Node] Setting-up "_ds_timeseries0" in "/local/nvme/ds004996_43.784026/ds/tmp/mriqc_wf/funcMRIQC/ComputeIQMs/08855e92feda0f9c12f497d743c58e353b8b1068/ds_timeseries/mapflow/_ds_timeseries0".[0m
2026-03-27 02:31:21 |[34;20m INFO     [0m|[34;20m nipype.workflow  [0m|[34;20m [Node] Executing "_ds_timeseries0" <mriqc.interfaces.DerivativesDataSink>[0m
2026-03-27 02:31:21 |[34;20m INFO     [0m|[34;20m nipype.workflow  [0m|[34;20m [Node] Finished "_ds_timeseries0", elapsed time 0.004547s.[0m
2026-03-27 02:31:21 |[34;20m INFO     [0m|[34;20m nipype.workflow  [0m|[34;20m [Node] Setting-up "_BigPlot0" in "/local/nvme/ds004996_43.784026/ds/tmp/mriqc_wf/funcMRIQC/func_report_wf/7472e6973898d86015f503afd4eef824e81b1870/BigPlot/mapflow/_BigPlot0".[0m
2026-03-27 02:31:21 |[34;20m INFO     [0m|[34;20m nipype.workflow  [0m|[34;20m [Node] Executing "_BigPlot0" <nireports.interfaces.fmri.FMRISummary>[0m
2026-03-27 02:31:22 |[34;20m INFO     [0m|[34;20m nipype.workflow  [0m|[34;20m [Node] Finished "_measures0", elapsed time 3.649756s.[0m
2026-03-27 02:31:22 |[34;20m INFO     [0m|[34;20m nipype.workflow  [0m|[34;20m [Node] Setting-up "_measures0" in "/local/nvme/ds004996_43.784026/ds/tmp/mriqc_wf/funcMRIQC/ComputeIQMs/08855e92feda0f9c12f497d743c58e353b8b1068/measures/mapflow/_measures0".[0m
2026-03-27 02:31:22 |[34;20m INFO     [0m|[34;20m nipype.workflow  [0m|[34;20m [Node] Executing "_measures0" <mriqc.interfaces.functional.FunctionalQC>[0m
2026-03-27 02:31:22 |[34;20m INFO     [0m|[34;20m nipype.workflow  [0m|[34;20m [Node] Setting-up "_datasink0" in "/local/nvme/ds004996_43.784026/ds/tmp/mriqc_wf/funcMRIQC/ComputeIQMs/7472e6973898d86015f503afd4eef824e81b1870/datasink/mapflow/_datasink0".[0m
2026-03-27 02:31:22 |[34;20m INFO     [0m|[34;20m nipype.workflow  [0m|[34;20m [Node] Executing "_datasink0" <mriqc.interfaces.bids.IQMFileSink>[0m
2026-03-27 02:31:22 |[34;20m INFO     [0m|[34;20m nipype.workflow  [0m|[34;20m [Node] Finished "_datasink0", elapsed time 0.002275s.[0m
2026-03-27 02:31:24 |[34;20m INFO     [0m|[34;20m nipype.workflow  [0m|[34;20m [Node] Finished "_ComputeDVARS0", elapsed time 23.459211s.[0m
2026-03-27 02:31:24 |[34;20m INFO     [0m|[34;20m nipype.workflow  [0m|[34;20m [Node] Setting-up "_timeseries0" in "/local/nvme/ds004996_43.784026/ds/tmp/mriqc_wf/funcMRIQC/ComputeIQMs/a1cfd25a2757f7575b1b70ccb426d347daacb456/timeseries/mapflow/_timeseries0".[0m
2026-03-27 02:31:24 |[34;20m INFO     [0m|[34;20m nipype.workflow  [0m|[34;20m [Node] Executing "_timeseries0" <mriqc.interfaces.functional.GatherTimeseries>[0m
2026-03-27 02:31:24 |[34;20m INFO     [0m|[34;20m nipype.workflow  [0m|[34;20m [Node] Finished "_timeseries0", elapsed time 0.029702s.[0m
2026-03-27 02:31:26 |[34;20m INFO     [0m|[34;20m nipype.workflow  [0m|[34;20m [Node] Finished "_measures0", elapsed time 3.416099s.[0m
2026-03-27 02:31:26 |[34;20m INFO     [0m|[34;20m nipype.workflow  [0m|[34;20m [Node] Setting-up "_measures0" in "/local/nvme/ds004996_43.784026/ds/tmp/mriqc_wf/funcMRIQC/ComputeIQMs/a1cfd25a2757f7575b1b70ccb426d347daacb456/measures/mapflow/_measures0".[0m
2026-03-27 02:31:26 |[34;20m INFO     [0m|[34;20m nipype.workflow  [0m|[34;20m [Node] Executing "_measures0" <mriqc.interfaces.functional.FunctionalQC>[0m
2026-03-27 02:31:26 |[34;20m INFO     [0m|[34;20m nipype.workflow  [0m|[34;20m [Node] Setting-up "_datasink0" in "/local/nvme/ds004996_43.784026/ds/tmp/mriqc_wf/funcMRIQC/ComputeIQMs/08855e92feda0f9c12f497d743c58e353b8b1068/datasink/mapflow/_datasink0".[0m
2026-03-27 02:31:26 |[34;20m INFO     [0m|[34;20m nipype.workflow  [0m|[34;20m [Node] Executing "_datasink0" <mriqc.interfaces.bids.IQMFileSink>[0m
2026-03-27 02:31:26 |[34;20m INFO     [0m|[34;20m nipype.workflow  [0m|[34;20m [Node] Finished "_datasink0", elapsed time 0.000716s.[0m
2026-03-27 02:31:27 |[34;20m INFO     [0m|[34;20m nipype.workflow  [0m|[34;20m [Node] Setting-up "_ds_timeseries0" in "/local/nvme/ds004996_43.784026/ds/tmp/mriqc_wf/funcMRIQC/ComputeIQMs/a1cfd25a2757f7575b1b70ccb426d347daacb456/ds_timeseries/mapflow/_ds_timeseries0".[0m
2026-03-27 02:31:27 |[34;20m INFO     [0m|[34;20m nipype.workflow  [0m|[34;20m [Node] Executing "_ds_timeseries0" <mriqc.interfaces.DerivativesDataSink>[0m
2026-03-27 02:31:27 |[34;20m INFO     [0m|[34;20m nipype.workflow  [0m|[34;20m [Node] Finished "_ds_timeseries0", elapsed time 0.004675s.[0m
2026-03-27 02:31:27 |[34;20m INFO     [0m|[34;20m nipype.workflow  [0m|[34;20m [Node] Finished "_BigPlot0", elapsed time 6.345273s.[0m
2026-03-27 02:31:28 |[34;20m INFO     [0m|[34;20m nipype.workflow  [0m|[34;20m [Node] Finished "_measures0", elapsed time 1.497228s.[0m
2026-03-27 02:31:28 |[34;20m INFO     [0m|[34;20m nipype.workflow  [0m|[34;20m [Node] Setting-up "mriqc_wf.funcMRIQC.synthstrip_wf.post_n4" in "/local/nvme/ds004996_43.784026/ds/tmp/mriqc_wf/funcMRIQC/synthstrip_wf/08855e92feda0f9c12f497d743c58e353b8b1068/post_n4".[0m
2026-03-27 02:31:28 |[34;20m INFO     [0m|[34;20m nipype.workflow  [0m|[34;20m [Node] Executing "post_n4" <nipype.interfaces.ants.segmentation.N4BiasFieldCorrection>[0m
2026-03-27 02:31:30 |[34;20m INFO     [0m|[34;20m nipype.workflow  [0m|[34;20m [Node] Finished "post_n4", elapsed time 1.073684s.[0m
2026-03-27 02:31:30 |[34;20m INFO     [0m|[34;20m nipype.workflow  [0m|[34;20m [Node] Setting-up "mriqc_wf.funcMRIQC.SpatialNormalization.EPI2MNI" in "/local/nvme/ds004996_43.784026/ds/tmp/mriqc_wf/funcMRIQC/SpatialNormalization/08855e92feda0f9c12f497d743c58e353b8b1068/EPI2MNI".[0m
2026-03-27 02:31:30 |[34;20m INFO     [0m|[34;20m nipype.workflow  [0m|[34;20m [Node] Executing "EPI2MNI" <niworkflows.interfaces.reportlets.registration.SpatialNormalizationRPT>[0m
2026-03-27 02:31:30 |[34;20m INFO     [0m|[34;20m niworkflows      [0m|[34;20m Estimating initial transform using AffineInitializer[0m
2026-03-27 02:31:35 |[34;20m INFO     [0m|[34;20m niworkflows      [0m|[34;20m Terminal outputs of initialization saved (/local/nvme/ds004996_43.784026/ds/tmp/mriqc_wf/funcMRIQC/SpatialNormalization/08855e92feda0f9c12f497d743c58e353b8b1068/EPI2MNI/stderr.nipype-init).[0m
2026-03-27 02:31:35 |[34;20m INFO     [0m|[34;20m niworkflows      [0m|[34;20m Loading settings from file /opt/conda/lib/python3.11/site-packages/niworkflows/data/boldref-mni_registration_precise_000.json.[0m
2026-03-27 02:31:35 |[34;20m INFO     [0m|[34;20m niworkflows      [0m|[34;20m Retry #1, commandline: 
antsRegistration --collapse-output-transforms 1 --dimensionality 3 --float 0 --initial-moving-transform [ /local/nvme/ds004996_43.784026/ds/tmp/mriqc_wf/funcMRIQC/SpatialNormalization/08855e92feda0f9c12f497d743c58e353b8b1068/EPI2MNI/transform.mat, 0 ] --initialize-transforms-per-stage 0 --interpolation LanczosWindowedSinc --output [ epi_to_mni, epi_to_mni_Warped.nii.gz ] --transform Rigid[ 0.05 ] --metric Mattes[ /templateflow/tpl-MNI152NLin2009cAsym/tpl-MNI152NLin2009cAsym_res-02_desc-fMRIPrep_boldref.nii.gz, /local/nvme/ds004996_43.784026/ds/tmp/mriqc_wf/funcMRIQC/SpatialNormalization/08855e92feda0f9c12f497d743c58e353b8b1068/SharpenEPI/sub-43_task-conversation_run-02_desc-realigned_bold_tstat_corrected.nii.gz, 1, 56, Regular, 0.25 ] --convergence [ 10000x1000x100, 1e-06, 20 ] --smoothing-sigmas 4.0x2.0x1.0vox --shrink-factors 4x2x1 --use-histogram-matching 1 --masks [ /templateflow/tpl-MNI152NLin2009cAsym/tpl-MNI152NLin2009cAsym_res-02_desc-brain_mask.nii.gz, /local/nvme/ds004996_43.784026/ds/tmp/mriqc_wf/funcMRIQC/synthstrip_wf/08855e92feda0f9c12f497d743c58e353b8b1068/synthstrip/clipped_corrected_desc-brain_mask.nii.gz ] --transform Affine[ 0.08 ] --metric Mattes[ /templateflow/tpl-MNI152NLin2009cAsym/tpl-MNI152NLin2009cAsym_res-02_desc-fMRIPrep_boldref.nii.gz, /local/nvme/ds004996_43.784026/ds/tmp/mriqc_wf/funcMRIQC/SpatialNormalization/08855e92feda0f9c12f497d743c58e353b8b1068/SharpenEPI/sub-43_task-conversation_run-02_desc-realigned_bold_tstat_corrected.nii.gz, 1, 56, Regular, 0.25 ] --convergence [ 500x250x100, 1e-06, 20 ] --smoothing-sigmas 4.0x2.0x1.0vox --shrink-factors 8x4x2 --use-histogram-matching 1 --masks [ /templateflow/tpl-MNI152NLin2009cAsym/tpl-MNI152NLin2009cAsym_res-02_desc-brain_mask.nii.gz, /local/nvme/ds004996_43.784026/ds/tmp/mriqc_wf/funcMRIQC/synthstrip_wf/08855e92feda0f9c12f497d743c58e353b8b1068/synthstrip/clipped_corrected_desc-brain_mask.nii.gz ] --transform SyN[ 0.1, 3.0, 0.0 ] --metric CC[ /templateflow/tpl-MNI152NLin2009cAsym/tpl-MNI152NLin2009cAsym_res-02_desc-fMRIPrep_boldref.nii.gz, /local/nvme/ds004996_43.784026/ds/tmp/mriqc_wf/funcMRIQC/SpatialNormalization/08855e92feda0f9c12f497d743c58e353b8b1068/SharpenEPI/sub-43_task-conversation_run-02_desc-realigned_bold_tstat_corrected.nii.gz, 1, 4, None, 1 ] --convergence [ 100x30x20, 1e-06, 10 ] --smoothing-sigmas 3.0x2.0x1.0vox --shrink-factors 8x4x2 --use-histogram-matching 1 --masks [ /templateflow/tpl-MNI152NLin2009cAsym/tpl-MNI152NLin2009cAsym_res-02_desc-brain_mask.nii.gz, /local/nvme/ds004996_43.784026/ds/tmp/mriqc_wf/funcMRIQC/synthstrip_wf/08855e92feda0f9c12f497d743c58e353b8b1068/synthstrip/clipped_corrected_desc-brain_mask.nii.gz ] --winsorize-image-intensities [ 0.005, 0.995 ]  --write-composite-transform 1[0m
2026-03-27 02:31:48 |[34;20m INFO     [0m|[34;20m niworkflows      [0m|[34;20m Successful spatial normalization (retry #1).[0m
2026-03-27 02:31:48 |[34;20m INFO     [0m|[34;20m niworkflows      [0m|[34;20m Report - setting fixed (/templateflow/tpl-MNI152NLin2009cAsym/tpl-MNI152NLin2009cAsym_res-02_desc-fMRIPrep_boldref.nii.gz) and moving (/local/nvme/ds004996_43.784026/ds/tmp/mriqc_wf/funcMRIQC/SpatialNormalization/08855e92feda0f9c12f497d743c58e353b8b1068/EPI2MNI/epi_to_mni_Warped.nii.gz) images[0m
2026-03-27 02:31:48 |[34;20m INFO     [0m|[34;20m niworkflows      [0m|[34;20m Generating visual report[0m
2026-03-27 02:32:05 |[34;20m INFO     [0m|[34;20m nipype.workflow  [0m|[34;20m [Node] Finished "EPI2MNI", elapsed time 34.313085s.[0m
2026-03-27 02:32:06 |[34;20m INFO     [0m|[34;20m nipype.workflow  [0m|[34;20m [Node] Setting-up "mriqc_wf.funcMRIQC.synthstrip_wf.post_n4" in "/local/nvme/ds004996_43.784026/ds/tmp/mriqc_wf/funcMRIQC/synthstrip_wf/a1cfd25a2757f7575b1b70ccb426d347daacb456/post_n4".[0m
2026-03-27 02:32:06 |[34;20m INFO     [0m|[34;20m nipype.workflow  [0m|[34;20m [Node] Executing "post_n4" <nipype.interfaces.ants.segmentation.N4BiasFieldCorrection>[0m
2026-03-27 02:32:08 |[34;20m INFO     [0m|[34;20m nipype.workflow  [0m|[34;20m [Node] Finished "post_n4", elapsed time 0.98716s.[0m
2026-03-27 02:32:08 |[34;20m INFO     [0m|[34;20m nipype.workflow  [0m|[34;20m [Node] Setting-up "mriqc_wf.funcMRIQC.SpatialNormalization.EPI2MNI" in "/local/nvme/ds004996_43.784026/ds/tmp/mriqc_wf/funcMRIQC/SpatialNormalization/a1cfd25a2757f7575b1b70ccb426d347daacb456/EPI2MNI".[0m
2026-03-27 02:32:08 |[34;20m INFO     [0m|[34;20m nipype.workflow  [0m|[34;20m [Node] Executing "EPI2MNI" <niworkflows.interfaces.reportlets.registration.SpatialNormalizationRPT>[0m
2026-03-27 02:32:08 |[34;20m INFO     [0m|[34;20m niworkflows      [0m|[34;20m Estimating initial transform using AffineInitializer[0m
2026-03-27 02:32:14 |[34;20m INFO     [0m|[34;20m niworkflows      [0m|[34;20m Terminal outputs of initialization saved (/local/nvme/ds004996_43.784026/ds/tmp/mriqc_wf/funcMRIQC/SpatialNormalization/a1cfd25a2757f7575b1b70ccb426d347daacb456/EPI2MNI/stderr.nipype-init).[0m
2026-03-27 02:32:14 |[34;20m INFO     [0m|[34;20m niworkflows      [0m|[34;20m Loading settings from file /opt/conda/lib/python3.11/site-packages/niworkflows/data/boldref-mni_registration_precise_000.json.[0m
2026-03-27 02:32:14 |[34;20m INFO     [0m|[34;20m niworkflows      [0m|[34;20m Retry #1, commandline: 
antsRegistration --collapse-output-transforms 1 --dimensionality 3 --float 0 --initial-moving-transform [ /local/nvme/ds004996_43.784026/ds/tmp/mriqc_wf/funcMRIQC/SpatialNormalization/a1cfd25a2757f7575b1b70ccb426d347daacb456/EPI2MNI/transform.mat, 0 ] --initialize-transforms-per-stage 0 --interpolation LanczosWindowedSinc --output [ epi_to_mni, epi_to_mni_Warped.nii.gz ] --transform Rigid[ 0.05 ] --metric Mattes[ /templateflow/tpl-MNI152NLin2009cAsym/tpl-MNI152NLin2009cAsym_res-02_desc-fMRIPrep_boldref.nii.gz, /local/nvme/ds004996_43.784026/ds/tmp/mriqc_wf/funcMRIQC/SpatialNormalization/a1cfd25a2757f7575b1b70ccb426d347daacb456/SharpenEPI/sub-43_task-conversation_run-03_desc-realigned_bold_tstat_corrected.nii.gz, 1, 56, Regular, 0.25 ] --convergence [ 10000x1000x100, 1e-06, 20 ] --smoothing-sigmas 4.0x2.0x1.0vox --shrink-factors 4x2x1 --use-histogram-matching 1 --masks [ /templateflow/tpl-MNI152NLin2009cAsym/tpl-MNI152NLin2009cAsym_res-02_desc-brain_mask.nii.gz, /local/nvme/ds004996_43.784026/ds/tmp/mriqc_wf/funcMRIQC/synthstrip_wf/a1cfd25a2757f7575b1b70ccb426d347daacb456/synthstrip/clipped_corrected_desc-brain_mask.nii.gz ] --transform Affine[ 0.08 ] --metric Mattes[ /templateflow/tpl-MNI152NLin2009cAsym/tpl-MNI152NLin2009cAsym_res-02_desc-fMRIPrep_boldref.nii.gz, /local/nvme/ds004996_43.784026/ds/tmp/mriqc_wf/funcMRIQC/SpatialNormalization/a1cfd25a2757f7575b1b70ccb426d347daacb456/SharpenEPI/sub-43_task-conversation_run-03_desc-realigned_bold_tstat_corrected.nii.gz, 1, 56, Regular, 0.25 ] --convergence [ 500x250x100, 1e-06, 20 ] --smoothing-sigmas 4.0x2.0x1.0vox --shrink-factors 8x4x2 --use-histogram-matching 1 --masks [ /templateflow/tpl-MNI152NLin2009cAsym/tpl-MNI152NLin2009cAsym_res-02_desc-brain_mask.nii.gz, /local/nvme/ds004996_43.784026/ds/tmp/mriqc_wf/funcMRIQC/synthstrip_wf/a1cfd25a2757f7575b1b70ccb426d347daacb456/synthstrip/clipped_corrected_desc-brain_mask.nii.gz ] --transform SyN[ 0.1, 3.0, 0.0 ] --metric CC[ /templateflow/tpl-MNI152NLin2009cAsym/tpl-MNI152NLin2009cAsym_res-02_desc-fMRIPrep_boldref.nii.gz, /local/nvme/ds004996_43.784026/ds/tmp/mriqc_wf/funcMRIQC/SpatialNormalization/a1cfd25a2757f7575b1b70ccb426d347daacb456/SharpenEPI/sub-43_task-conversation_run-03_desc-realigned_bold_tstat_corrected.nii.gz, 1, 4, None, 1 ] --convergence [ 100x30x20, 1e-06, 10 ] --smoothing-sigmas 3.0x2.0x1.0vox --shrink-factors 8x4x2 --use-histogram-matching 1 --masks [ /templateflow/tpl-MNI152NLin2009cAsym/tpl-MNI152NLin2009cAsym_res-02_desc-brain_mask.nii.gz, /local/nvme/ds004996_43.784026/ds/tmp/mriqc_wf/funcMRIQC/synthstrip_wf/a1cfd25a2757f7575b1b70ccb426d347daacb456/synthstrip/clipped_corrected_desc-brain_mask.nii.gz ] --winsorize-image-intensities [ 0.005, 0.995 ]  --write-composite-transform 1[0m
2026-03-27 02:32:26 |[34;20m INFO     [0m|[34;20m niworkflows      [0m|[34;20m Successful spatial normalization (retry #1).[0m
2026-03-27 02:32:26 |[34;20m INFO     [0m|[34;20m niworkflows      [0m|[34;20m Report - setting fixed (/templateflow/tpl-MNI152NLin2009cAsym/tpl-MNI152NLin2009cAsym_res-02_desc-fMRIPrep_boldref.nii.gz) and moving (/local/nvme/ds004996_43.784026/ds/tmp/mriqc_wf/funcMRIQC/SpatialNormalization/a1cfd25a2757f7575b1b70ccb426d347daacb456/EPI2MNI/epi_to_mni_Warped.nii.gz) images[0m
2026-03-27 02:32:26 |[34;20m INFO     [0m|[34;20m niworkflows      [0m|[34;20m Generating visual report[0m
2026-03-27 02:32:41 |[34;20m INFO     [0m|[34;20m nipype.workflow  [0m|[34;20m [Node] Finished "EPI2MNI", elapsed time 32.995852s.[0m
2026-03-27 02:32:42 |[34;20m INFO     [0m|[34;20m nipype.workflow  [0m|[34;20m [Node] Setting-up "mriqc_wf.funcMRIQC.func_report_wf.ds_report_norm" in "/local/nvme/ds004996_43.784026/ds/tmp/mriqc_wf/funcMRIQC/func_report_wf/08855e92feda0f9c12f497d743c58e353b8b1068/ds_report_norm".[0m
2026-03-27 02:32:42 |[34;20m INFO     [0m|[34;20m nipype.workflow  [0m|[34;20m [Node] Setting-up "mriqc_wf.funcMRIQC.synthstrip_wf.final_masked" in "/local/nvme/ds004996_43.784026/ds/tmp/mriqc_wf/funcMRIQC/synthstrip_wf/08855e92feda0f9c12f497d743c58e353b8b1068/final_masked".[0m
2026-03-27 02:32:42 |[34;20m INFO     [0m|[34;20m nipype.workflow  [0m|[34;20m [Node] Setting-up "mriqc_wf.funcMRIQC.SpatialNormalization.ResampleSegmentation" in "/local/nvme/ds004996_43.784026/ds/tmp/mriqc_wf/funcMRIQC/SpatialNormalization/08855e92feda0f9c12f497d743c58e353b8b1068/ResampleSegmentation".[0m
2026-03-27 02:32:42 |[34;20m INFO     [0m|[34;20m nipype.workflow  [0m|[34;20m [Node] Executing "final_masked" <niworkflows.interfaces.nibabel.ApplyMask>[0m
2026-03-27 02:32:42 |[34;20m INFO     [0m|[34;20m nipype.workflow  [0m|[34;20m [Node] Executing "ResampleSegmentation" <nipype.interfaces.ants.resampling.ApplyTransforms>[0m
2026-03-27 02:32:42 |[34;20m INFO     [0m|[34;20m nipype.workflow  [0m|[34;20m [Node] Executing "ds_report_norm" <mriqc.interfaces.DerivativesDataSink>[0m
2026-03-27 02:32:42 |[34;20m INFO     [0m|[34;20m nipype.workflow  [0m|[34;20m [Node] Finished "ds_report_norm", elapsed time 0.005225s.[0m
2026-03-27 02:32:42 |[34;20m INFO     [0m|[34;20m nipype.workflow  [0m|[34;20m [Node] Finished "final_masked", elapsed time 0.035s.[0m
2026-03-27 02:32:42 |[34;20m INFO     [0m|[34;20m nipype.workflow  [0m|[34;20m [Node] Setting-up "mriqc_wf.funcMRIQC.func_report_wf.ds_report_norm" in "/local/nvme/ds004996_43.784026/ds/tmp/mriqc_wf/funcMRIQC/func_report_wf/a1cfd25a2757f7575b1b70ccb426d347daacb456/ds_report_norm".[0m
2026-03-27 02:32:42 |[34;20m INFO     [0m|[34;20m nipype.workflow  [0m|[34;20m [Node] Setting-up "mriqc_wf.funcMRIQC.SpatialNormalization.ResampleSegmentation" in "/local/nvme/ds004996_43.784026/ds/tmp/mriqc_wf/funcMRIQC/SpatialNormalization/a1cfd25a2757f7575b1b70ccb426d347daacb456/ResampleSegmentation".[0m
2026-03-27 02:32:42 |[34;20m INFO     [0m|[34;20m nipype.workflow  [0m|[34;20m [Node] Setting-up "mriqc_wf.funcMRIQC.synthstrip_wf.final_masked" in "/local/nvme/ds004996_43.784026/ds/tmp/mriqc_wf/funcMRIQC/synthstrip_wf/a1cfd25a2757f7575b1b70ccb426d347daacb456/final_masked".[0m
2026-03-27 02:32:42 |[34;20m INFO     [0m|[34;20m nipype.workflow  [0m|[34;20m [Node] Executing "ds_report_norm" <mriqc.interfaces.DerivativesDataSink>[0m
2026-03-27 02:32:42 |[34;20m INFO     [0m|[34;20m nipype.workflow  [0m|[34;20m [Node] Executing "final_masked" <niworkflows.interfaces.nibabel.ApplyMask>[0m
2026-03-27 02:32:42 |[34;20m INFO     [0m|[34;20m nipype.workflow  [0m|[34;20m [Node] Executing "ResampleSegmentation" <nipype.interfaces.ants.resampling.ApplyTransforms>[0m
2026-03-27 02:32:43 |[34;20m INFO     [0m|[34;20m nipype.workflow  [0m|[34;20m [Node] Finished "ds_report_norm", elapsed time 0.005096s.[0m
2026-03-27 02:32:43 |[34;20m INFO     [0m|[34;20m nipype.workflow  [0m|[34;20m [Node] Finished "final_masked", elapsed time 0.032565s.[0m
2026-03-27 02:32:43 |[34;20m INFO     [0m|[34;20m nipype.workflow  [0m|[34;20m [Node] Setting-up "_datasink0" in "/local/nvme/ds004996_43.784026/ds/tmp/mriqc_wf/funcMRIQC/ComputeIQMs/a1cfd25a2757f7575b1b70ccb426d347daacb456/datasink/mapflow/_datasink0".[0m
2026-03-27 02:32:43 |[34;20m INFO     [0m|[34;20m nipype.workflow  [0m|[34;20m [Node] Executing "_datasink0" <mriqc.interfaces.bids.IQMFileSink>[0m
2026-03-27 02:32:43 |[34;20m INFO     [0m|[34;20m nipype.workflow  [0m|[34;20m [Node] Finished "_datasink0", elapsed time 0.000952s.[0m
2026-03-27 02:32:43 |[34;20m INFO     [0m|[34;20m nipype.workflow  [0m|[34;20m [Node] Setting-up "_ds_report_carpet0" in "/local/nvme/ds004996_43.784026/ds/tmp/mriqc_wf/funcMRIQC/func_report_wf/7472e6973898d86015f503afd4eef824e81b1870/ds_report_carpet/mapflow/_ds_report_carpet0".[0m
2026-03-27 02:32:43 |[34;20m INFO     [0m|[34;20m nipype.workflow  [0m|[34;20m [Node] Executing "_ds_report_carpet0" <mriqc.interfaces.DerivativesDataSink>[0m
2026-03-27 02:32:43 |[34;20m INFO     [0m|[34;20m nipype.workflow  [0m|[34;20m [Node] Finished "_ds_report_carpet0", elapsed time 0.005723s.[0m
2026-03-27 02:32:45 |[34;20m INFO     [0m|[34;20m nipype.workflow  [0m|[34;20m [Node] Finished "ResampleSegmentation", elapsed time 2.53497s.[0m
2026-03-27 02:32:45 |[34;20m INFO     [0m|[34;20m nipype.workflow  [0m|[34;20m [Node] Finished "ResampleSegmentation", elapsed time 2.719099s.[0m
2026-03-27 02:32:46 |[34;20m INFO     [0m|[34;20m nipype.workflow  [0m|[34;20m [Node] Setting-up "mriqc_wf.funcMRIQC.func_report_wf.parcels" in "/local/nvme/ds004996_43.784026/ds/tmp/mriqc_wf/funcMRIQC/func_report_wf/a1cfd25a2757f7575b1b70ccb426d347daacb456/parcels".[0m
2026-03-27 02:32:46 |[34;20m INFO     [0m|[34;20m nipype.workflow  [0m|[34;20m [Node] Setting-up "mriqc_wf.funcMRIQC.func_report_wf.parcels" in "/local/nvme/ds004996_43.784026/ds/tmp/mriqc_wf/funcMRIQC/func_report_wf/08855e92feda0f9c12f497d743c58e353b8b1068/parcels".[0m
2026-03-27 02:32:46 |[34;20m INFO     [0m|[34;20m nipype.workflow  [0m|[34;20m [Node] Executing "parcels" <nipype.interfaces.utility.wrappers.Function>[0m
2026-03-27 02:32:46 |[34;20m INFO     [0m|[34;20m nipype.workflow  [0m|[34;20m [Node] Executing "parcels" <nipype.interfaces.utility.wrappers.Function>[0m
2026-03-27 02:32:46 |[34;20m INFO     [0m|[34;20m nipype.workflow  [0m|[34;20m [Node] Finished "parcels", elapsed time 0.02465s.[0m
2026-03-27 02:32:46 |[34;20m INFO     [0m|[34;20m nipype.workflow  [0m|[34;20m [Node] Finished "parcels", elapsed time 0.026697s.[0m
2026-03-27 02:32:48 |[34;20m INFO     [0m|[34;20m nipype.workflow  [0m|[34;20m [Node] Setting-up "_BigPlot0" in "/local/nvme/ds004996_43.784026/ds/tmp/mriqc_wf/funcMRIQC/func_report_wf/08855e92feda0f9c12f497d743c58e353b8b1068/BigPlot/mapflow/_BigPlot0".[0m
2026-03-27 02:32:48 |[34;20m INFO     [0m|[34;20m nipype.workflow  [0m|[34;20m [Node] Executing "_BigPlot0" <nireports.interfaces.fmri.FMRISummary>[0m
2026-03-27 02:32:48 |[34;20m INFO     [0m|[34;20m nipype.workflow  [0m|[34;20m [Node] Setting-up "_BigPlot0" in "/local/nvme/ds004996_43.784026/ds/tmp/mriqc_wf/funcMRIQC/func_report_wf/a1cfd25a2757f7575b1b70ccb426d347daacb456/BigPlot/mapflow/_BigPlot0".[0m
2026-03-27 02:32:48 |[34;20m INFO     [0m|[34;20m nipype.workflow  [0m|[34;20m [Node] Executing "_BigPlot0" <nireports.interfaces.fmri.FMRISummary>[0m
2026-03-27 02:32:53 |[34;20m INFO     [0m|[34;20m nipype.workflow  [0m|[34;20m [Node] Finished "_BigPlot0", elapsed time 4.447558s.[0m
2026-03-27 02:32:53 |[34;20m INFO     [0m|[34;20m nipype.workflow  [0m|[34;20m [Node] Finished "_BigPlot0", elapsed time 4.450796s.[0m
2026-03-27 02:32:54 |[34;20m INFO     [0m|[34;20m nipype.workflow  [0m|[34;20m [Node] Setting-up "_ds_report_carpet0" in "/local/nvme/ds004996_43.784026/ds/tmp/mriqc_wf/funcMRIQC/func_report_wf/08855e92feda0f9c12f497d743c58e353b8b1068/ds_report_carpet/mapflow/_ds_report_carpet0".[0m
2026-03-27 02:32:54 |[34;20m INFO     [0m|[34;20m nipype.workflow  [0m|[34;20m [Node] Executing "_ds_report_carpet0" <mriqc.interfaces.DerivativesDataSink>[0m
2026-03-27 02:32:54 |[34;20m INFO     [0m|[34;20m nipype.workflow  [0m|[34;20m [Node] Finished "_ds_report_carpet0", elapsed time 0.005037s.[0m
2026-03-27 02:32:55 |[34;20m INFO     [0m|[34;20m nipype.workflow  [0m|[34;20m [Node] Setting-up "_ds_report_carpet0" in "/local/nvme/ds004996_43.784026/ds/tmp/mriqc_wf/funcMRIQC/func_report_wf/a1cfd25a2757f7575b1b70ccb426d347daacb456/ds_report_carpet/mapflow/_ds_report_carpet0".[0m
2026-03-27 02:32:55 |[34;20m INFO     [0m|[34;20m nipype.workflow  [0m|[34;20m [Node] Executing "_ds_report_carpet0" <mriqc.interfaces.DerivativesDataSink>[0m
2026-03-27 02:32:55 |[34;20m INFO     [0m|[34;20m nipype.workflow  [0m|[34;20m [Node] Finished "_ds_report_carpet0", elapsed time 0.005018s.[0m
2026-03-27 02:32:56 |[34;20m INFO     [0m|[34;20m nipype.workflow  [0m|[34;20m Generating reports...[0m
2026-03-27 02:32:57 |[34;20m INFO     [0m|[34;20m nipype.workflow  [0m|[34;20m Report generation finished (3 reports).[0m
2026-03-27 02:32:57 |[33;20m IMPORTANT [0m|[33;20m mriqc            [0m|[33;20m Participant level finished successfully averaging 00h 07min 34s per subject.[0m
2026-03-27 02:32:57 |[34;20m INFO     [0m|[34;20m mriqc            [0m|[34;20m Generating BIDS derivatives metadata.[0m
----------------------------------------------------------------
  MRIQC completed (elapsed time 00h 22min 44s).
----------------------------------------------------------------

