------------------------------------------------------------------
  Running MRIQC version 24.1.0.dev0+gd5b13cb5.d20240826
  ----------------------------------------------------------------

  NOTICE
  Copyright © The NiPreps Developers.
  
  This product includes software developed by
  the NiPreps Community (https://nipreps.org/).
  
  Portions of this software were developed at the Department of
  Psychology at Stanford University, Stanford, CA, US.
  
  This software contains code ultimately derived from the
  PCP Quality Assessment Protocol (QAP;
  http://preprocessed-connectomes-project.org/quality-assessment-protocol)
  by C. Craddock, S. Giavasis, D. Clark, Z. Shezhad, and J. Pellman.
  
  This software is also distributed as a Docker container image.
  The bootstrapping file for the image ("Dockerfile") is licensed
  under the MIT License.

  ----------------------------------------------------------------

  * BIDS dataset path: /local/nvme/ds004996_20.784026/ds/sourcedata/raw.
  * Output folder: mriqc.
  * Analysis levels: ['participant'].
------------------------------------------------------------------

2026-03-27 02:19:46 |[33;20m IMPORTANT [0m|[33;20m mriqc            [0m|[33;20m Extracting metadata and entities for 3 input runs of modality 'bold'...[0m
2026-03-27 02:19:46 |[33;20m IMPORTANT [0m|[33;20m mriqc            [0m|[33;20m File size ('bold'): 0.41|0.41 GB [maximum|average].[0m
2026-03-27 02:19:46 |[34;20m INFO     [0m|[34;20m mriqc            [0m|[34;20m MRIQC config file: /local/nvme/ds004996_20.784026/ds/tmp/config-20260327-021938_6ab3794f-e9f7-4d2f-8966-7cbf161098b9.toml.[0m
2026-03-27 02:19:51 |[34;20m INFO     [0m|[34;20m matplotlib.font_manager [0m|[34;20m generated new fontManager[0m
2026-03-27 02:19:53 |[33;20m IMPORTANT [0m|[33;20m mriqc            [0m|[33;20m Building MRIQC's workflows...[0m
2026-03-27 02:19:53 |[34;20m INFO     [0m|[34;20m nipype.workflow  [0m|[34;20m Building functional MRIQC workflow for 3 BOLD runs..[0m
2026-03-27 02:19:58 |[33;20m IMPORTANT [0m|[33;20m mriqc            [0m|[33;20m Workflow building finished (exit code 0).[0m
2026-03-27 02:20:04 |[34;20m INFO     [0m|[34;20m nipype.workflow  [0m|[34;20m Workflow mriqc_wf settings: ['check', 'execution', 'logging', 'monitoring'][0m
2026-03-27 02:20:04 |[34;20m INFO     [0m|[34;20m nipype.workflow  [0m|[34;20m [Node] Setting-up "mriqc_wf.funcMRIQC.pick_echo" in "/local/nvme/ds004996_20.784026/ds/tmp/mriqc_wf/funcMRIQC/e78a5104f1d8c3aaf2c6928840ed98354319b2be/pick_echo".[0m
2026-03-27 02:20:04 |[34;20m INFO     [0m|[34;20m nipype.workflow  [0m|[34;20m [Node] Setting-up "_provenance0" in "/local/nvme/ds004996_20.784026/ds/tmp/mriqc_wf/funcMRIQC/ComputeIQMs/e78a5104f1d8c3aaf2c6928840ed98354319b2be/provenance/mapflow/_provenance0".[0m
2026-03-27 02:20:04 |[34;20m INFO     [0m|[34;20m nipype.workflow  [0m|[34;20m [Node] Executing "_provenance0" <mriqc.interfaces.reports.AddProvenance>[0m
2026-03-27 02:20:04 |[34;20m INFO     [0m|[34;20m nipype.workflow  [0m|[34;20m [Node] Executing "pick_echo" <mriqc.interfaces.functional.SelectEcho>[0m
2026-03-27 02:20:04 |[34;20m INFO     [0m|[34;20m nipype.workflow  [0m|[34;20m [Node] Finished "pick_echo", elapsed time 0.000581s.[0m
2026-03-27 02:20:05 |[34;20m INFO     [0m|[34;20m nipype.workflow  [0m|[34;20m [Node] Finished "_provenance0", elapsed time 0.832559s.[0m
2026-03-27 02:20:05 |[34;20m INFO     [0m|[34;20m nipype.workflow  [0m|[34;20m [Node] Setting-up "_provenance0" in "/local/nvme/ds004996_20.784026/ds/tmp/mriqc_wf/funcMRIQC/ComputeIQMs/6ef71a0af4d0810206428a089c08e950c20e01f5/provenance/mapflow/_provenance0".[0m
2026-03-27 02:20:05 |[34;20m INFO     [0m|[34;20m nipype.workflow  [0m|[34;20m [Node] Setting-up "mriqc_wf.funcMRIQC.pick_echo" in "/local/nvme/ds004996_20.784026/ds/tmp/mriqc_wf/funcMRIQC/6ef71a0af4d0810206428a089c08e950c20e01f5/pick_echo".[0m
2026-03-27 02:20:05 |[34;20m INFO     [0m|[34;20m nipype.workflow  [0m|[34;20m [Node] Executing "_provenance0" <mriqc.interfaces.reports.AddProvenance>[0m
2026-03-27 02:20:05 |[34;20m INFO     [0m|[34;20m nipype.workflow  [0m|[34;20m [Node] Executing "pick_echo" <mriqc.interfaces.functional.SelectEcho>[0m
2026-03-27 02:20:05 |[34;20m INFO     [0m|[34;20m nipype.workflow  [0m|[34;20m [Node] Finished "pick_echo", elapsed time 0.000584s.[0m
2026-03-27 02:20:06 |[34;20m INFO     [0m|[34;20m nipype.workflow  [0m|[34;20m [Node] Finished "_provenance0", elapsed time 0.833337s.[0m
2026-03-27 02:20:06 |[34;20m INFO     [0m|[34;20m nipype.workflow  [0m|[34;20m [Node] Setting-up "mriqc_wf.funcMRIQC.pick_echo" in "/local/nvme/ds004996_20.784026/ds/tmp/mriqc_wf/funcMRIQC/bcbfda16d42137c888aa2a730b06d49b8089566e/pick_echo".[0m
2026-03-27 02:20:06 |[34;20m INFO     [0m|[34;20m nipype.workflow  [0m|[34;20m [Node] Setting-up "_provenance0" in "/local/nvme/ds004996_20.784026/ds/tmp/mriqc_wf/funcMRIQC/ComputeIQMs/bcbfda16d42137c888aa2a730b06d49b8089566e/provenance/mapflow/_provenance0".[0m
2026-03-27 02:20:06 |[34;20m INFO     [0m|[34;20m nipype.workflow  [0m|[34;20m [Node] Executing "_provenance0" <mriqc.interfaces.reports.AddProvenance>[0m
2026-03-27 02:20:06 |[34;20m INFO     [0m|[34;20m nipype.workflow  [0m|[34;20m [Node] Executing "pick_echo" <mriqc.interfaces.functional.SelectEcho>[0m
2026-03-27 02:20:06 |[34;20m INFO     [0m|[34;20m nipype.workflow  [0m|[34;20m [Node] Finished "pick_echo", elapsed time 0.000576s.[0m
2026-03-27 02:20:07 |[34;20m INFO     [0m|[34;20m nipype.workflow  [0m|[34;20m [Node] Finished "_provenance0", elapsed time 0.834238s.[0m
2026-03-27 02:20:07 |[34;20m INFO     [0m|[34;20m nipype.workflow  [0m|[34;20m [Node] Setting-up "mriqc_wf.funcMRIQC.non_steady_state_detector" in "/local/nvme/ds004996_20.784026/ds/tmp/mriqc_wf/funcMRIQC/e78a5104f1d8c3aaf2c6928840ed98354319b2be/non_steady_state_detector".[0m
2026-03-27 02:20:07 |[34;20m INFO     [0m|[34;20m nipype.workflow  [0m|[34;20m [Node] Setting-up "mriqc_wf.funcMRIQC.non_steady_state_detector" in "/local/nvme/ds004996_20.784026/ds/tmp/mriqc_wf/funcMRIQC/6ef71a0af4d0810206428a089c08e950c20e01f5/non_steady_state_detector".[0m
2026-03-27 02:20:07 |[34;20m INFO     [0m|[34;20m nipype.workflow  [0m|[34;20m [Node] Setting-up "mriqc_wf.funcMRIQC.non_steady_state_detector" in "/local/nvme/ds004996_20.784026/ds/tmp/mriqc_wf/funcMRIQC/bcbfda16d42137c888aa2a730b06d49b8089566e/non_steady_state_detector".[0m
2026-03-27 02:20:07 |[34;20m INFO     [0m|[34;20m nipype.workflow  [0m|[34;20m [Node] Executing "non_steady_state_detector" <nipype.algorithms.confounds.NonSteadyStateDetector>[0m
2026-03-27 02:20:07 |[34;20m INFO     [0m|[34;20m nipype.workflow  [0m|[34;20m [Node] Executing "non_steady_state_detector" <nipype.algorithms.confounds.NonSteadyStateDetector>[0m
2026-03-27 02:20:07 |[34;20m INFO     [0m|[34;20m nipype.workflow  [0m|[34;20m [Node] Executing "non_steady_state_detector" <nipype.algorithms.confounds.NonSteadyStateDetector>[0m
2026-03-27 02:20:07 |[34;20m INFO     [0m|[34;20m nipype.workflow  [0m|[34;20m [Node] Finished "non_steady_state_detector", elapsed time 0.027741s.[0m
2026-03-27 02:20:07 |[34;20m INFO     [0m|[34;20m nipype.workflow  [0m|[34;20m [Node] Finished "non_steady_state_detector", elapsed time 0.028715s.[0m
2026-03-27 02:20:07 |[34;20m INFO     [0m|[34;20m nipype.workflow  [0m|[34;20m [Node] Finished "non_steady_state_detector", elapsed time 0.02632s.[0m
2026-03-27 02:20:09 |[34;20m INFO     [0m|[34;20m nipype.workflow  [0m|[34;20m [Node] Setting-up "_sanitize0" in "/local/nvme/ds004996_20.784026/ds/tmp/mriqc_wf/funcMRIQC/bcbfda16d42137c888aa2a730b06d49b8089566e/sanitize/mapflow/_sanitize0".[0m
2026-03-27 02:20:09 |[34;20m INFO     [0m|[34;20m nipype.workflow  [0m|[34;20m [Node] Setting-up "_sanitize0" in "/local/nvme/ds004996_20.784026/ds/tmp/mriqc_wf/funcMRIQC/e78a5104f1d8c3aaf2c6928840ed98354319b2be/sanitize/mapflow/_sanitize0".[0m
2026-03-27 02:20:09 |[34;20m INFO     [0m|[34;20m nipype.workflow  [0m|[34;20m [Node] Setting-up "_sanitize0" in "/local/nvme/ds004996_20.784026/ds/tmp/mriqc_wf/funcMRIQC/6ef71a0af4d0810206428a089c08e950c20e01f5/sanitize/mapflow/_sanitize0".[0m
2026-03-27 02:20:09 |[34;20m INFO     [0m|[34;20m nipype.workflow  [0m|[34;20m [Node] Executing "_sanitize0" <niworkflows.interfaces.header.SanitizeImage>[0m
2026-03-27 02:20:09 |[34;20m INFO     [0m|[34;20m nipype.workflow  [0m|[34;20m [Node] Executing "_sanitize0" <niworkflows.interfaces.header.SanitizeImage>[0m
2026-03-27 02:20:09 |[34;20m INFO     [0m|[34;20m nipype.workflow  [0m|[34;20m [Node] Executing "_sanitize0" <niworkflows.interfaces.header.SanitizeImage>[0m
2026-03-27 02:20:10 |[34;20m INFO     [0m|[34;20m nipype.workflow  [0m|[34;20m [Node] Finished "_sanitize0", elapsed time 0.761946s.[0m
2026-03-27 02:20:10 |[34;20m INFO     [0m|[34;20m nipype.workflow  [0m|[34;20m [Node] Finished "_sanitize0", elapsed time 0.76815s.[0m
2026-03-27 02:20:10 |[34;20m INFO     [0m|[34;20m nipype.workflow  [0m|[34;20m [Node] Finished "_sanitize0", elapsed time 0.820843s.[0m
2026-03-27 02:20:11 |[34;20m INFO     [0m|[34;20m nipype.workflow  [0m|[34;20m [Node] Setting-up "mriqc_wf.funcMRIQC.fMRI_HMC.estimate_hm" in "/local/nvme/ds004996_20.784026/ds/tmp/mriqc_wf/funcMRIQC/fMRI_HMC/e78a5104f1d8c3aaf2c6928840ed98354319b2be/estimate_hm".[0m
2026-03-27 02:20:11 |[34;20m INFO     [0m|[34;20m nipype.workflow  [0m|[34;20m [Node] Setting-up "mriqc_wf.funcMRIQC.fMRI_HMC.estimate_hm" in "/local/nvme/ds004996_20.784026/ds/tmp/mriqc_wf/funcMRIQC/fMRI_HMC/6ef71a0af4d0810206428a089c08e950c20e01f5/estimate_hm".[0m
2026-03-27 02:20:11 |[34;20m INFO     [0m|[34;20m nipype.workflow  [0m|[34;20m [Node] Executing "estimate_hm" <nipype.interfaces.afni.preprocess.Volreg>[0m
2026-03-27 02:20:11 |[34;20m INFO     [0m|[34;20m nipype.workflow  [0m|[34;20m [Node] Executing "estimate_hm" <nipype.interfaces.afni.preprocess.Volreg>[0m
2026-03-27 02:20:11 |[34;20m INFO     [0m|[34;20m nipype.workflow  [0m|[34;20m [Node] Setting-up "mriqc_wf.funcMRIQC.fMRI_HMC.estimate_hm" in "/local/nvme/ds004996_20.784026/ds/tmp/mriqc_wf/funcMRIQC/fMRI_HMC/bcbfda16d42137c888aa2a730b06d49b8089566e/estimate_hm".[0m
2026-03-27 02:20:11 |[34;20m INFO     [0m|[34;20m nipype.workflow  [0m|[34;20m [Node] Setting-up "_SpikesMask0" in "/local/nvme/ds004996_20.784026/ds/tmp/mriqc_wf/funcMRIQC/func_report_wf/e78a5104f1d8c3aaf2c6928840ed98354319b2be/SpikesMask/mapflow/_SpikesMask0".[0m
2026-03-27 02:20:11 |[34;20m INFO     [0m|[34;20m nipype.workflow  [0m|[34;20m [Node] Setting-up "_SpikesMask0" in "/local/nvme/ds004996_20.784026/ds/tmp/mriqc_wf/funcMRIQC/func_report_wf/6ef71a0af4d0810206428a089c08e950c20e01f5/SpikesMask/mapflow/_SpikesMask0".[0m
2026-03-27 02:20:11 |[34;20m INFO     [0m|[34;20m nipype.workflow  [0m|[34;20m [Node] Executing "_SpikesMask0" <nipype.interfaces.utility.wrappers.Function>[0m
2026-03-27 02:20:11 |[34;20m INFO     [0m|[34;20m nipype.workflow  [0m|[34;20m [Node] Setting-up "_SpikesMask0" in "/local/nvme/ds004996_20.784026/ds/tmp/mriqc_wf/funcMRIQC/func_report_wf/bcbfda16d42137c888aa2a730b06d49b8089566e/SpikesMask/mapflow/_SpikesMask0".[0m
2026-03-27 02:20:11 |[34;20m INFO     [0m|[34;20m nipype.workflow  [0m|[34;20m [Node] Executing "_SpikesMask0" <nipype.interfaces.utility.wrappers.Function>[0m
2026-03-27 02:20:11 |[34;20m INFO     [0m|[34;20m nipype.workflow  [0m|[34;20m [Node] Executing "estimate_hm" <nipype.interfaces.afni.preprocess.Volreg>[0m
2026-03-27 02:20:11 |[34;20m INFO     [0m|[34;20m nipype.workflow  [0m|[34;20m [Node] Executing "_SpikesMask0" <nipype.interfaces.utility.wrappers.Function>[0m
2026-03-27 02:20:13 |[34;20m INFO     [0m|[34;20m nipype.workflow  [0m|[34;20m [Node] Finished "_SpikesMask0", elapsed time 1.667684s.[0m
2026-03-27 02:20:13 |[34;20m INFO     [0m|[34;20m nipype.workflow  [0m|[34;20m [Node] Finished "_SpikesMask0", elapsed time 1.731475s.[0m
2026-03-27 02:20:13 |[34;20m INFO     [0m|[34;20m nipype.workflow  [0m|[34;20m [Node] Finished "_SpikesMask0", elapsed time 1.737317s.[0m
2026-03-27 02:20:13 |[34;20m INFO     [0m|[34;20m nipype.workflow  [0m|[34;20m [Node] Setting-up "_SpikesFinderBgMask0" in "/local/nvme/ds004996_20.784026/ds/tmp/mriqc_wf/funcMRIQC/func_report_wf/e78a5104f1d8c3aaf2c6928840ed98354319b2be/SpikesFinderBgMask/mapflow/_SpikesFinderBgMask0".[0m
2026-03-27 02:20:13 |[34;20m INFO     [0m|[34;20m nipype.workflow  [0m|[34;20m [Node] Executing "_SpikesFinderBgMask0" <mriqc.interfaces.functional.Spikes>[0m
2026-03-27 02:20:13 |[34;20m INFO     [0m|[34;20m nipype.workflow  [0m|[34;20m [Node] Setting-up "_SpikesFinderBgMask0" in "/local/nvme/ds004996_20.784026/ds/tmp/mriqc_wf/funcMRIQC/func_report_wf/bcbfda16d42137c888aa2a730b06d49b8089566e/SpikesFinderBgMask/mapflow/_SpikesFinderBgMask0".[0m
2026-03-27 02:20:13 |[34;20m INFO     [0m|[34;20m nipype.workflow  [0m|[34;20m [Node] Setting-up "_SpikesFinderBgMask0" in "/local/nvme/ds004996_20.784026/ds/tmp/mriqc_wf/funcMRIQC/func_report_wf/6ef71a0af4d0810206428a089c08e950c20e01f5/SpikesFinderBgMask/mapflow/_SpikesFinderBgMask0".[0m
2026-03-27 02:20:13 |[34;20m INFO     [0m|[34;20m nipype.workflow  [0m|[34;20m [Node] Executing "_SpikesFinderBgMask0" <mriqc.interfaces.functional.Spikes>[0m
2026-03-27 02:20:13 |[34;20m INFO     [0m|[34;20m nipype.workflow  [0m|[34;20m [Node] Executing "_SpikesFinderBgMask0" <mriqc.interfaces.functional.Spikes>[0m
2026-03-27 02:20:16 |[34;20m INFO     [0m|[34;20m nipype.workflow  [0m|[34;20m [Node] Finished "_SpikesFinderBgMask0", elapsed time 3.291776s.[0m
2026-03-27 02:20:17 |[34;20m INFO     [0m|[34;20m nipype.workflow  [0m|[34;20m [Node] Finished "_SpikesFinderBgMask0", elapsed time 3.530388s.[0m
2026-03-27 02:20:17 |[34;20m INFO     [0m|[34;20m nipype.workflow  [0m|[34;20m [Node] Finished "_SpikesFinderBgMask0", elapsed time 3.874717s.[0m
2026-03-27 02:36:13 |[34;20m INFO     [0m|[34;20m nipype.workflow  [0m|[34;20m [Node] Finished "estimate_hm", elapsed time 961.802915s.[0m
2026-03-27 02:36:15 |[34;20m INFO     [0m|[34;20m nipype.workflow  [0m|[34;20m [Node] Setting-up "mriqc_wf.funcMRIQC.fMRI_HMC.ComputeFD" in "/local/nvme/ds004996_20.784026/ds/tmp/mriqc_wf/funcMRIQC/fMRI_HMC/bcbfda16d42137c888aa2a730b06d49b8089566e/ComputeFD".[0m
2026-03-27 02:36:15 |[34;20m INFO     [0m|[34;20m nipype.workflow  [0m|[34;20m [Node] Executing "ComputeFD" <nipype.algorithms.confounds.FramewiseDisplacement>[0m
2026-03-27 02:36:15 |[34;20m INFO     [0m|[34;20m nipype.workflow  [0m|[34;20m [Node] Finished "ComputeFD", elapsed time 0.006891s.[0m
2026-03-27 02:36:27 |[34;20m INFO     [0m|[34;20m nipype.workflow  [0m|[34;20m [Node] Finished "estimate_hm", elapsed time 975.483654s.[0m
2026-03-27 02:36:27 |[34;20m INFO     [0m|[34;20m nipype.workflow  [0m|[34;20m [Node] Finished "estimate_hm", elapsed time 975.749906s.[0m
2026-03-27 02:36:27 |[34;20m INFO     [0m|[34;20m nipype.workflow  [0m|[34;20m [Node] Setting-up "_apply_hmc0" in "/local/nvme/ds004996_20.784026/ds/tmp/mriqc_wf/funcMRIQC/fMRI_HMC/e78a5104f1d8c3aaf2c6928840ed98354319b2be/apply_hmc/mapflow/_apply_hmc0".[0m
2026-03-27 02:36:27 |[34;20m INFO     [0m|[34;20m nipype.workflow  [0m|[34;20m [Node] Executing "_apply_hmc0" <nipype.interfaces.utility.wrappers.Function>[0m
2026-03-27 02:36:47 |[34;20m INFO     [0m|[34;20m nipype.workflow  [0m|[34;20m [Node] Finished "_apply_hmc0", elapsed time 19.256783s.[0m
2026-03-27 02:36:47 |[34;20m INFO     [0m|[34;20m nipype.workflow  [0m|[34;20m [Node] Setting-up "mriqc_wf.funcMRIQC.fMRI_HMC.ComputeFD" in "/local/nvme/ds004996_20.784026/ds/tmp/mriqc_wf/funcMRIQC/fMRI_HMC/e78a5104f1d8c3aaf2c6928840ed98354319b2be/ComputeFD".[0m
2026-03-27 02:36:47 |[34;20m INFO     [0m|[34;20m nipype.workflow  [0m|[34;20m [Node] Setting-up "mriqc_wf.funcMRIQC.fMRI_HMC.ComputeFD" in "/local/nvme/ds004996_20.784026/ds/tmp/mriqc_wf/funcMRIQC/fMRI_HMC/6ef71a0af4d0810206428a089c08e950c20e01f5/ComputeFD".[0m
2026-03-27 02:36:47 |[34;20m INFO     [0m|[34;20m nipype.workflow  [0m|[34;20m [Node] Executing "ComputeFD" <nipype.algorithms.confounds.FramewiseDisplacement>[0m
2026-03-27 02:36:47 |[34;20m INFO     [0m|[34;20m nipype.workflow  [0m|[34;20m [Node] Executing "ComputeFD" <nipype.algorithms.confounds.FramewiseDisplacement>[0m
2026-03-27 02:36:47 |[34;20m INFO     [0m|[34;20m nipype.workflow  [0m|[34;20m [Node] Setting-up "_mean0" in "/local/nvme/ds004996_20.784026/ds/tmp/mriqc_wf/funcMRIQC/e78a5104f1d8c3aaf2c6928840ed98354319b2be/mean/mapflow/_mean0".[0m
2026-03-27 02:36:47 |[34;20m INFO     [0m|[34;20m nipype.workflow  [0m|[34;20m [Node] Setting-up "_compute_tsnr0" in "/local/nvme/ds004996_20.784026/ds/tmp/mriqc_wf/funcMRIQC/e78a5104f1d8c3aaf2c6928840ed98354319b2be/compute_tsnr/mapflow/_compute_tsnr0".[0m
2026-03-27 02:36:47 |[34;20m INFO     [0m|[34;20m nipype.workflow  [0m|[34;20m [Node] Setting-up "_quality0" in "/local/nvme/ds004996_20.784026/ds/tmp/mriqc_wf/funcMRIQC/ComputeIQMs/e78a5104f1d8c3aaf2c6928840ed98354319b2be/quality/mapflow/_quality0".[0m
2026-03-27 02:36:47 |[34;20m INFO     [0m|[34;20m nipype.workflow  [0m|[34;20m [Node] Executing "_compute_tsnr0" <nipype.algorithms.confounds.TSNR>[0m
2026-03-27 02:36:47 |[34;20m INFO     [0m|[34;20m nipype.workflow  [0m|[34;20m [Node] Executing "_quality0" <nipype.interfaces.afni.preprocess.QualityIndex>[0m
2026-03-27 02:36:47 |[34;20m INFO     [0m|[34;20m nipype.workflow  [0m|[34;20m [Node] Executing "_mean0" <nipype.interfaces.afni.utils.TStat>[0m
2026-03-27 02:36:47 |[34;20m INFO     [0m|[34;20m nipype.workflow  [0m|[34;20m [Node] Finished "ComputeFD", elapsed time 0.007021s.[0m
2026-03-27 02:36:47 |[34;20m INFO     [0m|[34;20m nipype.workflow  [0m|[34;20m [Node] Finished "ComputeFD", elapsed time 0.006962s.[0m
2026-03-27 02:36:49 |[34;20m INFO     [0m|[34;20m nipype.workflow  [0m|[34;20m [Node] Finished "_compute_tsnr0", elapsed time 1.630602s.[0m
2026-03-27 02:36:49 |[34;20m INFO     [0m|[34;20m nipype.workflow  [0m|[34;20m [Node] Setting-up "_PlotMosaicSD0" in "/local/nvme/ds004996_20.784026/ds/tmp/mriqc_wf/funcMRIQC/func_report_wf/e78a5104f1d8c3aaf2c6928840ed98354319b2be/PlotMosaicSD/mapflow/_PlotMosaicSD0".[0m
2026-03-27 02:36:49 |[34;20m INFO     [0m|[34;20m nipype.workflow  [0m|[34;20m [Node] Executing "_PlotMosaicSD0" <nireports.interfaces.mosaic.PlotMosaic>[0m
2026-03-27 02:36:51 |[34;20m INFO     [0m|[34;20m nipype.workflow  [0m|[34;20m [Node] Finished "_mean0", elapsed time 3.33818s.[0m
2026-03-27 02:36:51 |[34;20m INFO     [0m|[34;20m nipype.workflow  [0m|[34;20m [Node] Finished "_PlotMosaicSD0", elapsed time 1.414809s.[0m
2026-03-27 02:36:51 |[34;20m INFO     [0m|[34;20m nipype.workflow  [0m|[34;20m [Node] Setting-up "mriqc_wf.funcMRIQC.synthstrip_wf.pre_clip" in "/local/nvme/ds004996_20.784026/ds/tmp/mriqc_wf/funcMRIQC/synthstrip_wf/e78a5104f1d8c3aaf2c6928840ed98354319b2be/pre_clip".[0m
2026-03-27 02:36:51 |[34;20m INFO     [0m|[34;20m nipype.workflow  [0m|[34;20m [Node] Setting-up "mriqc_wf.funcMRIQC.SpatialNormalization.SharpenEPI" in "/local/nvme/ds004996_20.784026/ds/tmp/mriqc_wf/funcMRIQC/SpatialNormalization/e78a5104f1d8c3aaf2c6928840ed98354319b2be/SharpenEPI".[0m
2026-03-27 02:36:51 |[34;20m INFO     [0m|[34;20m nipype.workflow  [0m|[34;20m [Node] Executing "pre_clip" <niworkflows.interfaces.nibabel.IntensityClip>[0m
2026-03-27 02:36:51 |[34;20m INFO     [0m|[34;20m nipype.workflow  [0m|[34;20m [Node] Executing "SharpenEPI" <nipype.interfaces.ants.segmentation.N4BiasFieldCorrection>[0m
2026-03-27 02:36:51 |[34;20m INFO     [0m|[34;20m nipype.workflow  [0m|[34;20m [Node] Setting-up "_PlotMosaicMean0" in "/local/nvme/ds004996_20.784026/ds/tmp/mriqc_wf/funcMRIQC/func_report_wf/e78a5104f1d8c3aaf2c6928840ed98354319b2be/PlotMosaicMean/mapflow/_PlotMosaicMean0".[0m
2026-03-27 02:36:51 |[34;20m INFO     [0m|[34;20m nipype.workflow  [0m|[34;20m [Node] Executing "_PlotMosaicMean0" <nireports.interfaces.mosaic.PlotMosaic>[0m
2026-03-27 02:36:51 |[34;20m INFO     [0m|[34;20m nipype.workflow  [0m|[34;20m [Node] Setting-up "_PlotMosaicNoise0" in "/local/nvme/ds004996_20.784026/ds/tmp/mriqc_wf/funcMRIQC/func_report_wf/e78a5104f1d8c3aaf2c6928840ed98354319b2be/PlotMosaicNoise/mapflow/_PlotMosaicNoise0".[0m
2026-03-27 02:36:51 |[34;20m INFO     [0m|[34;20m nipype.workflow  [0m|[34;20m [Node] Setting-up "_ds_report_stdev0" in "/local/nvme/ds004996_20.784026/ds/tmp/mriqc_wf/funcMRIQC/func_report_wf/e78a5104f1d8c3aaf2c6928840ed98354319b2be/ds_report_stdev/mapflow/_ds_report_stdev0".[0m
2026-03-27 02:36:51 |[34;20m INFO     [0m|[34;20m nipype.workflow  [0m|[34;20m [Node] Executing "_PlotMosaicNoise0" <nireports.interfaces.mosaic.PlotMosaic>[0m
2026-03-27 02:36:51 |[34;20m INFO     [0m|[34;20m nipype.workflow  [0m|[34;20m [Node] Executing "_ds_report_stdev0" <mriqc.interfaces.DerivativesDataSink>[0m
2026-03-27 02:36:51 |[34;20m INFO     [0m|[34;20m nipype.workflow  [0m|[34;20m [Node] Finished "_ds_report_stdev0", elapsed time 0.00918s.[0m
2026-03-27 02:36:52 |[34;20m INFO     [0m|[34;20m nipype.workflow  [0m|[34;20m [Node] Finished "pre_clip", elapsed time 0.804408s.[0m
2026-03-27 02:36:53 |[34;20m INFO     [0m|[34;20m nipype.workflow  [0m|[34;20m [Node] Finished "_PlotMosaicNoise0", elapsed time 1.409129s.[0m
2026-03-27 02:36:53 |[34;20m INFO     [0m|[34;20m nipype.workflow  [0m|[34;20m [Node] Finished "_PlotMosaicMean0", elapsed time 1.428177s.[0m
2026-03-27 02:36:53 |[34;20m INFO     [0m|[34;20m nipype.workflow  [0m|[34;20m [Node] Setting-up "_ds_report_mean0" in "/local/nvme/ds004996_20.784026/ds/tmp/mriqc_wf/funcMRIQC/func_report_wf/e78a5104f1d8c3aaf2c6928840ed98354319b2be/ds_report_mean/mapflow/_ds_report_mean0".[0m
2026-03-27 02:36:53 |[34;20m INFO     [0m|[34;20m nipype.workflow  [0m|[34;20m [Node] Executing "_ds_report_mean0" <mriqc.interfaces.DerivativesDataSink>[0m
2026-03-27 02:36:53 |[34;20m INFO     [0m|[34;20m nipype.workflow  [0m|[34;20m [Node] Finished "_ds_report_mean0", elapsed time 0.005225s.[0m
2026-03-27 02:36:53 |[34;20m INFO     [0m|[34;20m nipype.workflow  [0m|[34;20m [Node] Setting-up "_ds_report_background0" in "/local/nvme/ds004996_20.784026/ds/tmp/mriqc_wf/funcMRIQC/func_report_wf/e78a5104f1d8c3aaf2c6928840ed98354319b2be/ds_report_background/mapflow/_ds_report_background0".[0m
2026-03-27 02:36:53 |[34;20m INFO     [0m|[34;20m nipype.workflow  [0m|[34;20m [Node] Executing "_ds_report_background0" <mriqc.interfaces.DerivativesDataSink>[0m
2026-03-27 02:36:53 |[34;20m INFO     [0m|[34;20m nipype.workflow  [0m|[34;20m [Node] Finished "_ds_report_background0", elapsed time 0.005238s.[0m
2026-03-27 02:36:56 |[34;20m INFO     [0m|[34;20m nipype.workflow  [0m|[34;20m [Node] Finished "SharpenEPI", elapsed time 4.259041s.[0m
2026-03-27 02:36:58 |[34;20m INFO     [0m|[34;20m nipype.workflow  [0m|[34;20m [Node] Finished "_quality0", elapsed time 11.042761s.[0m
2026-03-27 02:36:59 |[34;20m INFO     [0m|[34;20m nipype.workflow  [0m|[34;20m [Node] Setting-up "_apply_hmc0" in "/local/nvme/ds004996_20.784026/ds/tmp/mriqc_wf/funcMRIQC/fMRI_HMC/6ef71a0af4d0810206428a089c08e950c20e01f5/apply_hmc/mapflow/_apply_hmc0".[0m
2026-03-27 02:36:59 |[34;20m INFO     [0m|[34;20m nipype.workflow  [0m|[34;20m [Node] Executing "_apply_hmc0" <nipype.interfaces.utility.wrappers.Function>[0m
2026-03-27 02:37:19 |[34;20m INFO     [0m|[34;20m nipype.workflow  [0m|[34;20m [Node] Finished "_apply_hmc0", elapsed time 19.278322s.[0m
2026-03-27 02:37:19 |[34;20m INFO     [0m|[34;20m nipype.workflow  [0m|[34;20m [Node] Setting-up "_apply_hmc0" in "/local/nvme/ds004996_20.784026/ds/tmp/mriqc_wf/funcMRIQC/fMRI_HMC/bcbfda16d42137c888aa2a730b06d49b8089566e/apply_hmc/mapflow/_apply_hmc0".[0m
2026-03-27 02:37:19 |[34;20m INFO     [0m|[34;20m nipype.workflow  [0m|[34;20m [Node] Executing "_apply_hmc0" <nipype.interfaces.utility.wrappers.Function>[0m
2026-03-27 02:37:38 |[34;20m INFO     [0m|[34;20m nipype.workflow  [0m|[34;20m [Node] Finished "_apply_hmc0", elapsed time 18.801351s.[0m
2026-03-27 02:37:39 |[34;20m INFO     [0m|[34;20m nipype.workflow  [0m|[34;20m [Node] Setting-up "_mean0" in "/local/nvme/ds004996_20.784026/ds/tmp/mriqc_wf/funcMRIQC/6ef71a0af4d0810206428a089c08e950c20e01f5/mean/mapflow/_mean0".[0m
2026-03-27 02:37:39 |[34;20m INFO     [0m|[34;20m nipype.workflow  [0m|[34;20m [Node] Executing "_mean0" <nipype.interfaces.afni.utils.TStat>[0m
2026-03-27 02:37:39 |[34;20m INFO     [0m|[34;20m nipype.workflow  [0m|[34;20m [Node] Setting-up "_quality0" in "/local/nvme/ds004996_20.784026/ds/tmp/mriqc_wf/funcMRIQC/ComputeIQMs/6ef71a0af4d0810206428a089c08e950c20e01f5/quality/mapflow/_quality0".[0m
2026-03-27 02:37:39 |[34;20m INFO     [0m|[34;20m nipype.workflow  [0m|[34;20m [Node] Setting-up "_mean0" in "/local/nvme/ds004996_20.784026/ds/tmp/mriqc_wf/funcMRIQC/bcbfda16d42137c888aa2a730b06d49b8089566e/mean/mapflow/_mean0".[0m
2026-03-27 02:37:39 |[34;20m INFO     [0m|[34;20m nipype.workflow  [0m|[34;20m [Node] Executing "_quality0" <nipype.interfaces.afni.preprocess.QualityIndex>[0m
2026-03-27 02:37:39 |[34;20m INFO     [0m|[34;20m nipype.workflow  [0m|[34;20m [Node] Setting-up "_compute_tsnr0" in "/local/nvme/ds004996_20.784026/ds/tmp/mriqc_wf/funcMRIQC/bcbfda16d42137c888aa2a730b06d49b8089566e/compute_tsnr/mapflow/_compute_tsnr0".[0m
2026-03-27 02:37:39 |[34;20m INFO     [0m|[34;20m nipype.workflow  [0m|[34;20m [Node] Setting-up "_compute_tsnr0" in "/local/nvme/ds004996_20.784026/ds/tmp/mriqc_wf/funcMRIQC/6ef71a0af4d0810206428a089c08e950c20e01f5/compute_tsnr/mapflow/_compute_tsnr0".[0m
2026-03-27 02:37:39 |[34;20m INFO     [0m|[34;20m nipype.workflow  [0m|[34;20m [Node] Executing "_mean0" <nipype.interfaces.afni.utils.TStat>[0m
2026-03-27 02:37:39 |[34;20m INFO     [0m|[34;20m nipype.workflow  [0m|[34;20m [Node] Executing "_compute_tsnr0" <nipype.algorithms.confounds.TSNR>[0m
2026-03-27 02:37:39 |[34;20m INFO     [0m|[34;20m nipype.workflow  [0m|[34;20m [Node] Setting-up "_quality0" in "/local/nvme/ds004996_20.784026/ds/tmp/mriqc_wf/funcMRIQC/ComputeIQMs/bcbfda16d42137c888aa2a730b06d49b8089566e/quality/mapflow/_quality0".[0m
2026-03-27 02:37:39 |[34;20m INFO     [0m|[34;20m nipype.workflow  [0m|[34;20m [Node] Executing "_compute_tsnr0" <nipype.algorithms.confounds.TSNR>[0m
2026-03-27 02:37:39 |[34;20m INFO     [0m|[34;20m nipype.workflow  [0m|[34;20m [Node] Executing "_quality0" <nipype.interfaces.afni.preprocess.QualityIndex>[0m
2026-03-27 02:37:41 |[34;20m INFO     [0m|[34;20m nipype.workflow  [0m|[34;20m [Node] Finished "_compute_tsnr0", elapsed time 2.089139s.[0m
2026-03-27 02:37:41 |[34;20m INFO     [0m|[34;20m nipype.workflow  [0m|[34;20m [Node] Finished "_compute_tsnr0", elapsed time 2.216635s.[0m
2026-03-27 02:37:42 |[34;20m INFO     [0m|[34;20m nipype.workflow  [0m|[34;20m [Node] Finished "_mean0", elapsed time 3.19771s.[0m
2026-03-27 02:37:43 |[34;20m INFO     [0m|[34;20m nipype.workflow  [0m|[34;20m [Node] Finished "_mean0", elapsed time 3.255811s.[0m
2026-03-27 02:37:43 |[34;20m INFO     [0m|[34;20m nipype.workflow  [0m|[34;20m [Node] Setting-up "mriqc_wf.funcMRIQC.synthstrip_wf.pre_clip" in "/local/nvme/ds004996_20.784026/ds/tmp/mriqc_wf/funcMRIQC/synthstrip_wf/6ef71a0af4d0810206428a089c08e950c20e01f5/pre_clip".[0m
2026-03-27 02:37:43 |[34;20m INFO     [0m|[34;20m nipype.workflow  [0m|[34;20m [Node] Executing "pre_clip" <niworkflows.interfaces.nibabel.IntensityClip>[0m
2026-03-27 02:37:43 |[34;20m INFO     [0m|[34;20m nipype.workflow  [0m|[34;20m [Node] Setting-up "mriqc_wf.funcMRIQC.synthstrip_wf.pre_clip" in "/local/nvme/ds004996_20.784026/ds/tmp/mriqc_wf/funcMRIQC/synthstrip_wf/bcbfda16d42137c888aa2a730b06d49b8089566e/pre_clip".[0m
2026-03-27 02:37:43 |[34;20m INFO     [0m|[34;20m nipype.workflow  [0m|[34;20m [Node] Executing "pre_clip" <niworkflows.interfaces.nibabel.IntensityClip>[0m
2026-03-27 02:37:43 |[34;20m INFO     [0m|[34;20m nipype.workflow  [0m|[34;20m [Node] Setting-up "_PlotMosaicSD0" in "/local/nvme/ds004996_20.784026/ds/tmp/mriqc_wf/funcMRIQC/func_report_wf/6ef71a0af4d0810206428a089c08e950c20e01f5/PlotMosaicSD/mapflow/_PlotMosaicSD0".[0m
2026-03-27 02:37:43 |[34;20m INFO     [0m|[34;20m nipype.workflow  [0m|[34;20m [Node] Setting-up "_PlotMosaicMean0" in "/local/nvme/ds004996_20.784026/ds/tmp/mriqc_wf/funcMRIQC/func_report_wf/6ef71a0af4d0810206428a089c08e950c20e01f5/PlotMosaicMean/mapflow/_PlotMosaicMean0".[0m
2026-03-27 02:37:43 |[34;20m INFO     [0m|[34;20m nipype.workflow  [0m|[34;20m [Node] Setting-up "mriqc_wf.funcMRIQC.SpatialNormalization.SharpenEPI" in "/local/nvme/ds004996_20.784026/ds/tmp/mriqc_wf/funcMRIQC/SpatialNormalization/6ef71a0af4d0810206428a089c08e950c20e01f5/SharpenEPI".[0m
2026-03-27 02:37:43 |[34;20m INFO     [0m|[34;20m nipype.workflow  [0m|[34;20m [Node] Executing "_PlotMosaicSD0" <nireports.interfaces.mosaic.PlotMosaic>[0m
2026-03-27 02:37:43 |[34;20m INFO     [0m|[34;20m nipype.workflow  [0m|[34;20m [Node] Setting-up "_PlotMosaicNoise0" in "/local/nvme/ds004996_20.784026/ds/tmp/mriqc_wf/funcMRIQC/func_report_wf/6ef71a0af4d0810206428a089c08e950c20e01f5/PlotMosaicNoise/mapflow/_PlotMosaicNoise0".[0m
2026-03-27 02:37:43 |[34;20m INFO     [0m|[34;20m nipype.workflow  [0m|[34;20m [Node] Executing "_PlotMosaicMean0" <nireports.interfaces.mosaic.PlotMosaic>[0m
2026-03-27 02:37:43 |[34;20m INFO     [0m|[34;20m nipype.workflow  [0m|[34;20m [Node] Executing "_PlotMosaicNoise0" <nireports.interfaces.mosaic.PlotMosaic>[0m
2026-03-27 02:37:43 |[34;20m INFO     [0m|[34;20m nipype.workflow  [0m|[34;20m [Node] Executing "SharpenEPI" <nipype.interfaces.ants.segmentation.N4BiasFieldCorrection>[0m
2026-03-27 02:37:44 |[34;20m INFO     [0m|[34;20m nipype.workflow  [0m|[34;20m [Node] Finished "pre_clip", elapsed time 0.740973s.[0m
2026-03-27 02:37:44 |[34;20m INFO     [0m|[34;20m nipype.workflow  [0m|[34;20m [Node] Finished "pre_clip", elapsed time 0.764364s.[0m
2026-03-27 02:37:45 |[34;20m INFO     [0m|[34;20m nipype.workflow  [0m|[34;20m [Node] Finished "_PlotMosaicSD0", elapsed time 1.324782s.[0m
2026-03-27 02:37:45 |[34;20m INFO     [0m|[34;20m nipype.workflow  [0m|[34;20m [Node] Finished "_PlotMosaicNoise0", elapsed time 1.369871s.[0m
2026-03-27 02:37:45 |[34;20m INFO     [0m|[34;20m nipype.workflow  [0m|[34;20m [Node] Finished "_PlotMosaicMean0", elapsed time 1.462988s.[0m
2026-03-27 02:37:45 |[34;20m INFO     [0m|[34;20m nipype.workflow  [0m|[34;20m [Node] Setting-up "mriqc_wf.funcMRIQC.SpatialNormalization.SharpenEPI" in "/local/nvme/ds004996_20.784026/ds/tmp/mriqc_wf/funcMRIQC/SpatialNormalization/bcbfda16d42137c888aa2a730b06d49b8089566e/SharpenEPI".[0m
2026-03-27 02:37:45 |[34;20m INFO     [0m|[34;20m nipype.workflow  [0m|[34;20m [Node] Executing "SharpenEPI" <nipype.interfaces.ants.segmentation.N4BiasFieldCorrection>[0m
2026-03-27 02:37:45 |[34;20m INFO     [0m|[34;20m nipype.workflow  [0m|[34;20m [Node] Setting-up "_PlotMosaicMean0" in "/local/nvme/ds004996_20.784026/ds/tmp/mriqc_wf/funcMRIQC/func_report_wf/bcbfda16d42137c888aa2a730b06d49b8089566e/PlotMosaicMean/mapflow/_PlotMosaicMean0".[0m
2026-03-27 02:37:45 |[34;20m INFO     [0m|[34;20m nipype.workflow  [0m|[34;20m [Node] Setting-up "_PlotMosaicNoise0" in "/local/nvme/ds004996_20.784026/ds/tmp/mriqc_wf/funcMRIQC/func_report_wf/bcbfda16d42137c888aa2a730b06d49b8089566e/PlotMosaicNoise/mapflow/_PlotMosaicNoise0".[0m
2026-03-27 02:37:45 |[34;20m INFO     [0m|[34;20m nipype.workflow  [0m|[34;20m [Node] Executing "_PlotMosaicNoise0" <nireports.interfaces.mosaic.PlotMosaic>[0m
2026-03-27 02:37:45 |[34;20m INFO     [0m|[34;20m nipype.workflow  [0m|[34;20m [Node] Executing "_PlotMosaicMean0" <nireports.interfaces.mosaic.PlotMosaic>[0m
2026-03-27 02:37:45 |[34;20m INFO     [0m|[34;20m nipype.workflow  [0m|[34;20m [Node] Setting-up "_PlotMosaicSD0" in "/local/nvme/ds004996_20.784026/ds/tmp/mriqc_wf/funcMRIQC/func_report_wf/bcbfda16d42137c888aa2a730b06d49b8089566e/PlotMosaicSD/mapflow/_PlotMosaicSD0".[0m
2026-03-27 02:37:45 |[34;20m INFO     [0m|[34;20m nipype.workflow  [0m|[34;20m [Node] Setting-up "_ds_report_mean0" in "/local/nvme/ds004996_20.784026/ds/tmp/mriqc_wf/funcMRIQC/func_report_wf/6ef71a0af4d0810206428a089c08e950c20e01f5/ds_report_mean/mapflow/_ds_report_mean0".[0m
2026-03-27 02:37:45 |[34;20m INFO     [0m|[34;20m nipype.workflow  [0m|[34;20m [Node] Executing "_PlotMosaicSD0" <nireports.interfaces.mosaic.PlotMosaic>[0m
2026-03-27 02:37:45 |[34;20m INFO     [0m|[34;20m nipype.workflow  [0m|[34;20m [Node] Executing "_ds_report_mean0" <mriqc.interfaces.DerivativesDataSink>[0m
2026-03-27 02:37:45 |[34;20m INFO     [0m|[34;20m nipype.workflow  [0m|[34;20m [Node] Finished "_ds_report_mean0", elapsed time 0.00545s.[0m
2026-03-27 02:37:45 |[34;20m INFO     [0m|[34;20m nipype.workflow  [0m|[34;20m [Node] Setting-up "_ds_report_background0" in "/local/nvme/ds004996_20.784026/ds/tmp/mriqc_wf/funcMRIQC/func_report_wf/6ef71a0af4d0810206428a089c08e950c20e01f5/ds_report_background/mapflow/_ds_report_background0".[0m
2026-03-27 02:37:45 |[34;20m INFO     [0m|[34;20m nipype.workflow  [0m|[34;20m [Node] Executing "_ds_report_background0" <mriqc.interfaces.DerivativesDataSink>[0m
2026-03-27 02:37:45 |[34;20m INFO     [0m|[34;20m nipype.workflow  [0m|[34;20m [Node] Finished "_ds_report_background0", elapsed time 0.004907s.[0m
2026-03-27 02:37:46 |[34;20m INFO     [0m|[34;20m nipype.workflow  [0m|[34;20m [Node] Setting-up "_ds_report_stdev0" in "/local/nvme/ds004996_20.784026/ds/tmp/mriqc_wf/funcMRIQC/func_report_wf/6ef71a0af4d0810206428a089c08e950c20e01f5/ds_report_stdev/mapflow/_ds_report_stdev0".[0m
2026-03-27 02:37:46 |[34;20m INFO     [0m|[34;20m nipype.workflow  [0m|[34;20m [Node] Executing "_ds_report_stdev0" <mriqc.interfaces.DerivativesDataSink>[0m
2026-03-27 02:37:46 |[34;20m INFO     [0m|[34;20m nipype.workflow  [0m|[34;20m [Node] Finished "_ds_report_stdev0", elapsed time 0.004924s.[0m
2026-03-27 02:37:47 |[34;20m INFO     [0m|[34;20m nipype.workflow  [0m|[34;20m [Node] Finished "_PlotMosaicMean0", elapsed time 1.445596s.[0m
2026-03-27 02:37:47 |[34;20m INFO     [0m|[34;20m nipype.workflow  [0m|[34;20m [Node] Finished "_PlotMosaicSD0", elapsed time 1.627712s.[0m
2026-03-27 02:37:47 |[34;20m INFO     [0m|[34;20m nipype.workflow  [0m|[34;20m [Node] Finished "_PlotMosaicNoise0", elapsed time 1.632365s.[0m
2026-03-27 02:37:47 |[34;20m INFO     [0m|[34;20m nipype.workflow  [0m|[34;20m [Node] Setting-up "_ds_report_mean0" in "/local/nvme/ds004996_20.784026/ds/tmp/mriqc_wf/funcMRIQC/func_report_wf/bcbfda16d42137c888aa2a730b06d49b8089566e/ds_report_mean/mapflow/_ds_report_mean0".[0m
2026-03-27 02:37:47 |[34;20m INFO     [0m|[34;20m nipype.workflow  [0m|[34;20m [Node] Executing "_ds_report_mean0" <mriqc.interfaces.DerivativesDataSink>[0m
2026-03-27 02:37:47 |[34;20m INFO     [0m|[34;20m nipype.workflow  [0m|[34;20m [Node] Finished "_ds_report_mean0", elapsed time 0.00517s.[0m
2026-03-27 02:37:47 |[34;20m INFO     [0m|[34;20m nipype.workflow  [0m|[34;20m [Node] Setting-up "_ds_report_background0" in "/local/nvme/ds004996_20.784026/ds/tmp/mriqc_wf/funcMRIQC/func_report_wf/bcbfda16d42137c888aa2a730b06d49b8089566e/ds_report_background/mapflow/_ds_report_background0".[0m
2026-03-27 02:37:47 |[34;20m INFO     [0m|[34;20m nipype.workflow  [0m|[34;20m [Node] Executing "_ds_report_background0" <mriqc.interfaces.DerivativesDataSink>[0m
2026-03-27 02:37:47 |[34;20m INFO     [0m|[34;20m nipype.workflow  [0m|[34;20m [Node] Finished "_ds_report_background0", elapsed time 0.005035s.[0m
2026-03-27 02:37:47 |[34;20m INFO     [0m|[34;20m nipype.workflow  [0m|[34;20m [Node] Setting-up "_ds_report_stdev0" in "/local/nvme/ds004996_20.784026/ds/tmp/mriqc_wf/funcMRIQC/func_report_wf/bcbfda16d42137c888aa2a730b06d49b8089566e/ds_report_stdev/mapflow/_ds_report_stdev0".[0m
2026-03-27 02:37:47 |[34;20m INFO     [0m|[34;20m nipype.workflow  [0m|[34;20m [Node] Executing "_ds_report_stdev0" <mriqc.interfaces.DerivativesDataSink>[0m
2026-03-27 02:37:47 |[34;20m INFO     [0m|[34;20m nipype.workflow  [0m|[34;20m [Node] Finished "_ds_report_stdev0", elapsed time 0.004881s.[0m
2026-03-27 02:37:48 |[34;20m INFO     [0m|[34;20m nipype.workflow  [0m|[34;20m [Node] Finished "SharpenEPI", elapsed time 4.229573s.[0m
2026-03-27 02:37:50 |[34;20m INFO     [0m|[34;20m nipype.workflow  [0m|[34;20m [Node] Finished "SharpenEPI", elapsed time 4.22403s.[0m
2026-03-27 02:37:50 |[34;20m INFO     [0m|[34;20m nipype.workflow  [0m|[34;20m [Node] Finished "_quality0", elapsed time 10.81779s.[0m
2026-03-27 02:37:50 |[34;20m INFO     [0m|[34;20m nipype.workflow  [0m|[34;20m [Node] Finished "_quality0", elapsed time 11.090927s.[0m
2026-03-27 02:37:51 |[34;20m INFO     [0m|[34;20m nipype.workflow  [0m|[34;20m [Node] Setting-up "mriqc_wf.funcMRIQC.synthstrip_wf.pre_n4" in "/local/nvme/ds004996_20.784026/ds/tmp/mriqc_wf/funcMRIQC/synthstrip_wf/e78a5104f1d8c3aaf2c6928840ed98354319b2be/pre_n4".[0m
2026-03-27 02:37:51 |[34;20m INFO     [0m|[34;20m nipype.workflow  [0m|[34;20m [Node] Executing "pre_n4" <nipype.interfaces.ants.segmentation.N4BiasFieldCorrection>[0m
2026-03-27 02:37:53 |[34;20m INFO     [0m|[34;20m nipype.workflow  [0m|[34;20m [Node] Finished "pre_n4", elapsed time 1.114865s.[0m
2026-03-27 02:37:53 |[34;20m INFO     [0m|[34;20m nipype.workflow  [0m|[34;20m [Node] Setting-up "mriqc_wf.funcMRIQC.synthstrip_wf.pre_n4" in "/local/nvme/ds004996_20.784026/ds/tmp/mriqc_wf/funcMRIQC/synthstrip_wf/6ef71a0af4d0810206428a089c08e950c20e01f5/pre_n4".[0m
2026-03-27 02:37:53 |[34;20m INFO     [0m|[34;20m nipype.workflow  [0m|[34;20m [Node] Executing "pre_n4" <nipype.interfaces.ants.segmentation.N4BiasFieldCorrection>[0m
2026-03-27 02:37:55 |[34;20m INFO     [0m|[34;20m nipype.workflow  [0m|[34;20m [Node] Finished "pre_n4", elapsed time 1.187876s.[0m
2026-03-27 02:37:55 |[34;20m INFO     [0m|[34;20m nipype.workflow  [0m|[34;20m [Node] Setting-up "mriqc_wf.funcMRIQC.synthstrip_wf.pre_n4" in "/local/nvme/ds004996_20.784026/ds/tmp/mriqc_wf/funcMRIQC/synthstrip_wf/bcbfda16d42137c888aa2a730b06d49b8089566e/pre_n4".[0m
2026-03-27 02:37:55 |[34;20m INFO     [0m|[34;20m nipype.workflow  [0m|[34;20m [Node] Executing "pre_n4" <nipype.interfaces.ants.segmentation.N4BiasFieldCorrection>[0m
2026-03-27 02:37:57 |[34;20m INFO     [0m|[34;20m nipype.workflow  [0m|[34;20m [Node] Finished "pre_n4", elapsed time 1.192876s.[0m
2026-03-27 02:37:57 |[34;20m INFO     [0m|[34;20m nipype.workflow  [0m|[34;20m [Node] Setting-up "mriqc_wf.funcMRIQC.synthstrip_wf.synthstrip" in "/local/nvme/ds004996_20.784026/ds/tmp/mriqc_wf/funcMRIQC/synthstrip_wf/e78a5104f1d8c3aaf2c6928840ed98354319b2be/synthstrip".[0m
2026-03-27 02:37:57 |[34;20m INFO     [0m|[34;20m nipype.workflow  [0m|[34;20m [Node] Executing "synthstrip" <mriqc.interfaces.synthstrip.SynthStrip>[0m
2026-03-27 02:38:13 |[34;20m INFO     [0m|[34;20m nipype.workflow  [0m|[34;20m [Node] Finished "synthstrip", elapsed time 15.851711s.[0m
2026-03-27 02:38:13 |[34;20m INFO     [0m|[34;20m nipype.workflow  [0m|[34;20m [Node] Setting-up "mriqc_wf.funcMRIQC.synthstrip_wf.synthstrip" in "/local/nvme/ds004996_20.784026/ds/tmp/mriqc_wf/funcMRIQC/synthstrip_wf/6ef71a0af4d0810206428a089c08e950c20e01f5/synthstrip".[0m
2026-03-27 02:38:13 |[34;20m INFO     [0m|[34;20m nipype.workflow  [0m|[34;20m [Node] Executing "synthstrip" <mriqc.interfaces.synthstrip.SynthStrip>[0m
2026-03-27 02:38:27 |[34;20m INFO     [0m|[34;20m nipype.workflow  [0m|[34;20m [Node] Finished "synthstrip", elapsed time 13.653372s.[0m
2026-03-27 02:38:27 |[34;20m INFO     [0m|[34;20m nipype.workflow  [0m|[34;20m [Node] Setting-up "mriqc_wf.funcMRIQC.synthstrip_wf.synthstrip" in "/local/nvme/ds004996_20.784026/ds/tmp/mriqc_wf/funcMRIQC/synthstrip_wf/bcbfda16d42137c888aa2a730b06d49b8089566e/synthstrip".[0m
2026-03-27 02:38:27 |[34;20m INFO     [0m|[34;20m nipype.workflow  [0m|[34;20m [Node] Executing "synthstrip" <mriqc.interfaces.synthstrip.SynthStrip>[0m
2026-03-27 02:38:41 |[34;20m INFO     [0m|[34;20m nipype.workflow  [0m|[34;20m [Node] Finished "synthstrip", elapsed time 13.880643s.[0m
2026-03-27 02:38:41 |[34;20m INFO     [0m|[34;20m nipype.workflow  [0m|[34;20m [Node] Setting-up "mriqc_wf.funcMRIQC.synthstrip_wf.post_n4" in "/local/nvme/ds004996_20.784026/ds/tmp/mriqc_wf/funcMRIQC/synthstrip_wf/e78a5104f1d8c3aaf2c6928840ed98354319b2be/post_n4".[0m
2026-03-27 02:38:41 |[34;20m INFO     [0m|[34;20m nipype.workflow  [0m|[34;20m [Node] Executing "post_n4" <nipype.interfaces.ants.segmentation.N4BiasFieldCorrection>[0m
2026-03-27 02:38:42 |[34;20m INFO     [0m|[34;20m nipype.workflow  [0m|[34;20m [Node] Finished "post_n4", elapsed time 0.984548s.[0m
2026-03-27 02:38:43 |[34;20m INFO     [0m|[34;20m nipype.workflow  [0m|[34;20m [Node] Setting-up "mriqc_wf.funcMRIQC.SpatialNormalization.EPI2MNI" in "/local/nvme/ds004996_20.784026/ds/tmp/mriqc_wf/funcMRIQC/SpatialNormalization/e78a5104f1d8c3aaf2c6928840ed98354319b2be/EPI2MNI".[0m
2026-03-27 02:38:43 |[34;20m INFO     [0m|[34;20m nipype.workflow  [0m|[34;20m [Node] Executing "EPI2MNI" <niworkflows.interfaces.reportlets.registration.SpatialNormalizationRPT>[0m
2026-03-27 02:38:43 |[34;20m INFO     [0m|[34;20m niworkflows      [0m|[34;20m Estimating initial transform using AffineInitializer[0m
2026-03-27 02:38:49 |[34;20m INFO     [0m|[34;20m niworkflows      [0m|[34;20m Terminal outputs of initialization saved (/local/nvme/ds004996_20.784026/ds/tmp/mriqc_wf/funcMRIQC/SpatialNormalization/e78a5104f1d8c3aaf2c6928840ed98354319b2be/EPI2MNI/stderr.nipype-init).[0m
2026-03-27 02:38:49 |[34;20m INFO     [0m|[34;20m niworkflows      [0m|[34;20m Loading settings from file /opt/conda/lib/python3.11/site-packages/niworkflows/data/boldref-mni_registration_precise_000.json.[0m
2026-03-27 02:38:49 |[34;20m INFO     [0m|[34;20m niworkflows      [0m|[34;20m Retry #1, commandline: 
antsRegistration --collapse-output-transforms 1 --dimensionality 3 --float 0 --initial-moving-transform [ /local/nvme/ds004996_20.784026/ds/tmp/mriqc_wf/funcMRIQC/SpatialNormalization/e78a5104f1d8c3aaf2c6928840ed98354319b2be/EPI2MNI/transform.mat, 0 ] --initialize-transforms-per-stage 0 --interpolation LanczosWindowedSinc --output [ epi_to_mni, epi_to_mni_Warped.nii.gz ] --transform Rigid[ 0.05 ] --metric Mattes[ /templateflow/tpl-MNI152NLin2009cAsym/tpl-MNI152NLin2009cAsym_res-02_desc-fMRIPrep_boldref.nii.gz, /local/nvme/ds004996_20.784026/ds/tmp/mriqc_wf/funcMRIQC/SpatialNormalization/e78a5104f1d8c3aaf2c6928840ed98354319b2be/SharpenEPI/sub-20_task-conversation_run-01_bold_desc-realigned_valid_tstat_corrected.nii.gz, 1, 56, Regular, 0.25 ] --convergence [ 10000x1000x100, 1e-06, 20 ] --smoothing-sigmas 4.0x2.0x1.0vox --shrink-factors 4x2x1 --use-histogram-matching 1 --masks [ /templateflow/tpl-MNI152NLin2009cAsym/tpl-MNI152NLin2009cAsym_res-02_desc-brain_mask.nii.gz, /local/nvme/ds004996_20.784026/ds/tmp/mriqc_wf/funcMRIQC/synthstrip_wf/e78a5104f1d8c3aaf2c6928840ed98354319b2be/synthstrip/clipped_corrected_desc-brain_mask.nii.gz ] --transform Affine[ 0.08 ] --metric Mattes[ /templateflow/tpl-MNI152NLin2009cAsym/tpl-MNI152NLin2009cAsym_res-02_desc-fMRIPrep_boldref.nii.gz, /local/nvme/ds004996_20.784026/ds/tmp/mriqc_wf/funcMRIQC/SpatialNormalization/e78a5104f1d8c3aaf2c6928840ed98354319b2be/SharpenEPI/sub-20_task-conversation_run-01_bold_desc-realigned_valid_tstat_corrected.nii.gz, 1, 56, Regular, 0.25 ] --convergence [ 500x250x100, 1e-06, 20 ] --smoothing-sigmas 4.0x2.0x1.0vox --shrink-factors 8x4x2 --use-histogram-matching 1 --masks [ /templateflow/tpl-MNI152NLin2009cAsym/tpl-MNI152NLin2009cAsym_res-02_desc-brain_mask.nii.gz, /local/nvme/ds004996_20.784026/ds/tmp/mriqc_wf/funcMRIQC/synthstrip_wf/e78a5104f1d8c3aaf2c6928840ed98354319b2be/synthstrip/clipped_corrected_desc-brain_mask.nii.gz ] --transform SyN[ 0.1, 3.0, 0.0 ] --metric CC[ /templateflow/tpl-MNI152NLin2009cAsym/tpl-MNI152NLin2009cAsym_res-02_desc-fMRIPrep_boldref.nii.gz, /local/nvme/ds004996_20.784026/ds/tmp/mriqc_wf/funcMRIQC/SpatialNormalization/e78a5104f1d8c3aaf2c6928840ed98354319b2be/SharpenEPI/sub-20_task-conversation_run-01_bold_desc-realigned_valid_tstat_corrected.nii.gz, 1, 4, None, 1 ] --convergence [ 100x30x20, 1e-06, 10 ] --smoothing-sigmas 3.0x2.0x1.0vox --shrink-factors 8x4x2 --use-histogram-matching 1 --masks [ /templateflow/tpl-MNI152NLin2009cAsym/tpl-MNI152NLin2009cAsym_res-02_desc-brain_mask.nii.gz, /local/nvme/ds004996_20.784026/ds/tmp/mriqc_wf/funcMRIQC/synthstrip_wf/e78a5104f1d8c3aaf2c6928840ed98354319b2be/synthstrip/clipped_corrected_desc-brain_mask.nii.gz ] --winsorize-image-intensities [ 0.005, 0.995 ]  --write-composite-transform 1[0m
2026-03-27 02:39:00 |[34;20m INFO     [0m|[34;20m niworkflows      [0m|[34;20m Successful spatial normalization (retry #1).[0m
2026-03-27 02:39:00 |[34;20m INFO     [0m|[34;20m niworkflows      [0m|[34;20m Report - setting fixed (/templateflow/tpl-MNI152NLin2009cAsym/tpl-MNI152NLin2009cAsym_res-02_desc-fMRIPrep_boldref.nii.gz) and moving (/local/nvme/ds004996_20.784026/ds/tmp/mriqc_wf/funcMRIQC/SpatialNormalization/e78a5104f1d8c3aaf2c6928840ed98354319b2be/EPI2MNI/epi_to_mni_Warped.nii.gz) images[0m
2026-03-27 02:39:00 |[34;20m INFO     [0m|[34;20m niworkflows      [0m|[34;20m Generating visual report[0m
2026-03-27 02:39:17 |[34;20m INFO     [0m|[34;20m nipype.workflow  [0m|[34;20m [Node] Finished "EPI2MNI", elapsed time 33.790835s.[0m
2026-03-27 02:39:17 |[34;20m INFO     [0m|[34;20m nipype.workflow  [0m|[34;20m [Node] Setting-up "mriqc_wf.funcMRIQC.func_report_wf.dilated_mask" in "/local/nvme/ds004996_20.784026/ds/tmp/mriqc_wf/funcMRIQC/func_report_wf/e78a5104f1d8c3aaf2c6928840ed98354319b2be/dilated_mask".[0m
2026-03-27 02:39:17 |[34;20m INFO     [0m|[34;20m nipype.workflow  [0m|[34;20m [Node] Setting-up "_smoothness0" in "/local/nvme/ds004996_20.784026/ds/tmp/mriqc_wf/funcMRIQC/ComputeIQMs/e78a5104f1d8c3aaf2c6928840ed98354319b2be/smoothness/mapflow/_smoothness0".[0m
2026-03-27 02:39:17 |[34;20m INFO     [0m|[34;20m nipype.workflow  [0m|[34;20m [Node] Executing "dilated_mask" <niworkflows.interfaces.morphology.BinaryDilation>[0m
2026-03-27 02:39:17 |[34;20m INFO     [0m|[34;20m nipype.workflow  [0m|[34;20m [Node] Setting-up "mriqc_wf.funcMRIQC.func_report_wf.PlotBrainmask" in "/local/nvme/ds004996_20.784026/ds/tmp/mriqc_wf/funcMRIQC/func_report_wf/e78a5104f1d8c3aaf2c6928840ed98354319b2be/PlotBrainmask".[0m
2026-03-27 02:39:17 |[34;20m INFO     [0m|[34;20m nipype.workflow  [0m|[34;20m [Node] Setting-up "_outliers0" in "/local/nvme/ds004996_20.784026/ds/tmp/mriqc_wf/funcMRIQC/ComputeIQMs/e78a5104f1d8c3aaf2c6928840ed98354319b2be/outliers/mapflow/_outliers0".[0m
2026-03-27 02:39:17 |[34;20m INFO     [0m|[34;20m nipype.workflow  [0m|[34;20m [Node] Setting-up "_gcor0" in "/local/nvme/ds004996_20.784026/ds/tmp/mriqc_wf/funcMRIQC/ComputeIQMs/e78a5104f1d8c3aaf2c6928840ed98354319b2be/gcor/mapflow/_gcor0".[0m
2026-03-27 02:39:17 |[34;20m INFO     [0m|[34;20m nipype.workflow  [0m|[34;20m [Node] Executing "_smoothness0" <nipype.interfaces.afni.utils.FWHMx>[0m
2026-03-27 02:39:17 |[34;20m INFO     [0m|[34;20m nipype.workflow  [0m|[34;20m [Node] Setting-up "_ComputeDVARS0" in "/local/nvme/ds004996_20.784026/ds/tmp/mriqc_wf/funcMRIQC/ComputeIQMs/e78a5104f1d8c3aaf2c6928840ed98354319b2be/ComputeDVARS/mapflow/_ComputeDVARS0".[0m
2026-03-27 02:39:17 |[34;20m INFO     [0m|[34;20m nipype.workflow  [0m|[34;20m [Node] Executing "_outliers0" <nipype.interfaces.afni.preprocess.OutlierCount>[0m
2026-03-27 02:39:17 |[34;20m INFO     [0m|[34;20m nipype.workflow  [0m|[34;20m [Node] Executing "_gcor0" <mriqc.interfaces.transitional.GCOR>[0m
2026-03-27 02:39:17 |[34;20m INFO     [0m|[34;20m nipype.workflow  [0m|[34;20m [Node] Executing "_ComputeDVARS0" <nipype.algorithms.confounds.ComputeDVARS>[0m
2026-03-27 02:39:17 |[34;20m INFO     [0m|[34;20m nipype.workflow  [0m|[34;20m [Node] Executing "PlotBrainmask" <nireports.interfaces.mosaic.PlotContours>[0m
2026-03-27 02:39:17 |[34;20m INFO     [0m|[34;20m nipype.workflow  [0m|[34;20m [Node] Setting-up "_PlotMosaicZoomed0" in "/local/nvme/ds004996_20.784026/ds/tmp/mriqc_wf/funcMRIQC/func_report_wf/e78a5104f1d8c3aaf2c6928840ed98354319b2be/PlotMosaicZoomed/mapflow/_PlotMosaicZoomed0".[0m
2026-03-27 02:39:17 |[34;20m INFO     [0m|[34;20m nipype.workflow  [0m|[34;20m [Node] Executing "_PlotMosaicZoomed0" <nireports.interfaces.mosaic.PlotMosaic>[0m
2026-03-27 02:39:17 |[34;20m INFO     [0m|[34;20m nipype.workflow  [0m|[34;20m [Node] Setting-up "_ComputeDVARS0" in "/local/nvme/ds004996_20.784026/ds/tmp/mriqc_wf/funcMRIQC/ComputeIQMs/6ef71a0af4d0810206428a089c08e950c20e01f5/ComputeDVARS/mapflow/_ComputeDVARS0".[0m
2026-03-27 02:39:17 |[34;20m INFO     [0m|[34;20m nipype.workflow  [0m|[34;20m [Node] Executing "_ComputeDVARS0" <nipype.algorithms.confounds.ComputeDVARS>[0m
2026-03-27 02:39:17 |[34;20m INFO     [0m|[34;20m nipype.workflow  [0m|[34;20m [Node] Finished "dilated_mask", elapsed time 0.039679s.[0m
2026-03-27 02:39:18 |[34;20m INFO     [0m|[34;20m nipype.workflow  [0m|[34;20m [Node] Finished "_smoothness0", elapsed time 0.519655s.[0m
2026-03-27 02:39:18 |[34;20m INFO     [0m|[34;20m nipype.workflow  [0m|[34;20m [Node] Finished "PlotBrainmask", elapsed time 1.150475s.[0m
2026-03-27 02:39:19 |[34;20m INFO     [0m|[34;20m nipype.workflow  [0m|[34;20m [Node] Finished "_PlotMosaicZoomed0", elapsed time 1.341505s.[0m
2026-03-27 02:39:19 |[34;20m INFO     [0m|[34;20m nipype.workflow  [0m|[34;20m [Node] Setting-up "mriqc_wf.funcMRIQC.func_report_wf.dilated_mask" in "/local/nvme/ds004996_20.784026/ds/tmp/mriqc_wf/funcMRIQC/func_report_wf/6ef71a0af4d0810206428a089c08e950c20e01f5/dilated_mask".[0m
2026-03-27 02:39:19 |[34;20m INFO     [0m|[34;20m nipype.workflow  [0m|[34;20m [Node] Setting-up "_smoothness0" in "/local/nvme/ds004996_20.784026/ds/tmp/mriqc_wf/funcMRIQC/ComputeIQMs/6ef71a0af4d0810206428a089c08e950c20e01f5/smoothness/mapflow/_smoothness0".[0m
2026-03-27 02:39:19 |[34;20m INFO     [0m|[34;20m nipype.workflow  [0m|[34;20m [Node] Setting-up "_gcor0" in "/local/nvme/ds004996_20.784026/ds/tmp/mriqc_wf/funcMRIQC/ComputeIQMs/6ef71a0af4d0810206428a089c08e950c20e01f5/gcor/mapflow/_gcor0".[0m
2026-03-27 02:39:19 |[34;20m INFO     [0m|[34;20m nipype.workflow  [0m|[34;20m [Node] Executing "dilated_mask" <niworkflows.interfaces.morphology.BinaryDilation>[0m
2026-03-27 02:39:19 |[34;20m INFO     [0m|[34;20m nipype.workflow  [0m|[34;20m [Node] Executing "_smoothness0" <nipype.interfaces.afni.utils.FWHMx>[0m
2026-03-27 02:39:19 |[34;20m INFO     [0m|[34;20m nipype.workflow  [0m|[34;20m [Node] Setting-up "_outliers0" in "/local/nvme/ds004996_20.784026/ds/tmp/mriqc_wf/funcMRIQC/ComputeIQMs/6ef71a0af4d0810206428a089c08e950c20e01f5/outliers/mapflow/_outliers0".[0m
2026-03-27 02:39:19 |[34;20m INFO     [0m|[34;20m nipype.workflow  [0m|[34;20m [Node] Executing "_gcor0" <mriqc.interfaces.transitional.GCOR>[0m
2026-03-27 02:39:19 |[34;20m INFO     [0m|[34;20m nipype.workflow  [0m|[34;20m [Node] Executing "_outliers0" <nipype.interfaces.afni.preprocess.OutlierCount>[0m
2026-03-27 02:39:19 |[34;20m INFO     [0m|[34;20m nipype.workflow  [0m|[34;20m [Node] Finished "dilated_mask", elapsed time 0.023366s.[0m
2026-03-27 02:39:20 |[34;20m INFO     [0m|[34;20m nipype.workflow  [0m|[34;20m [Node] Finished "_smoothness0", elapsed time 0.510872s.[0m
2026-03-27 02:39:21 |[34;20m INFO     [0m|[34;20m nipype.workflow  [0m|[34;20m [Node] Setting-up "mriqc_wf.funcMRIQC.func_report_wf.PlotBrainmask" in "/local/nvme/ds004996_20.784026/ds/tmp/mriqc_wf/funcMRIQC/func_report_wf/6ef71a0af4d0810206428a089c08e950c20e01f5/PlotBrainmask".[0m
2026-03-27 02:39:21 |[34;20m INFO     [0m|[34;20m nipype.workflow  [0m|[34;20m [Node] Setting-up "_PlotMosaicZoomed0" in "/local/nvme/ds004996_20.784026/ds/tmp/mriqc_wf/funcMRIQC/func_report_wf/6ef71a0af4d0810206428a089c08e950c20e01f5/PlotMosaicZoomed/mapflow/_PlotMosaicZoomed0".[0m
2026-03-27 02:39:21 |[34;20m INFO     [0m|[34;20m nipype.workflow  [0m|[34;20m [Node] Executing "PlotBrainmask" <nireports.interfaces.mosaic.PlotContours>[0m
2026-03-27 02:39:21 |[34;20m INFO     [0m|[34;20m nipype.workflow  [0m|[34;20m [Node] Executing "_PlotMosaicZoomed0" <nireports.interfaces.mosaic.PlotMosaic>[0m
2026-03-27 02:39:22 |[34;20m INFO     [0m|[34;20m nipype.workflow  [0m|[34;20m [Node] Finished "_outliers0", elapsed time 4.241323s.[0m
2026-03-27 02:39:23 |[34;20m INFO     [0m|[34;20m nipype.workflow  [0m|[34;20m [Node] Finished "PlotBrainmask", elapsed time 1.312577s.[0m
2026-03-27 02:39:23 |[34;20m INFO     [0m|[34;20m nipype.workflow  [0m|[34;20m [Node] Finished "_PlotMosaicZoomed0", elapsed time 1.5456050000000001s.[0m
2026-03-27 02:39:23 |[34;20m INFO     [0m|[34;20m nipype.workflow  [0m|[34;20m [Node] Finished "_outliers0", elapsed time 3.95813s.[0m
2026-03-27 02:39:23 |[34;20m INFO     [0m|[34;20m nipype.workflow  [0m|[34;20m [Node] Setting-up "_ComputeDVARS0" in "/local/nvme/ds004996_20.784026/ds/tmp/mriqc_wf/funcMRIQC/ComputeIQMs/bcbfda16d42137c888aa2a730b06d49b8089566e/ComputeDVARS/mapflow/_ComputeDVARS0".[0m
2026-03-27 02:39:23 |[34;20m INFO     [0m|[34;20m nipype.workflow  [0m|[34;20m [Node] Executing "_ComputeDVARS0" <nipype.algorithms.confounds.ComputeDVARS>[0m
2026-03-27 02:39:23 |[34;20m INFO     [0m|[34;20m nipype.workflow  [0m|[34;20m [Node] Setting-up "_outliers0" in "/local/nvme/ds004996_20.784026/ds/tmp/mriqc_wf/funcMRIQC/ComputeIQMs/bcbfda16d42137c888aa2a730b06d49b8089566e/outliers/mapflow/_outliers0".[0m
2026-03-27 02:39:23 |[34;20m INFO     [0m|[34;20m nipype.workflow  [0m|[34;20m [Node] Setting-up "_smoothness0" in "/local/nvme/ds004996_20.784026/ds/tmp/mriqc_wf/funcMRIQC/ComputeIQMs/bcbfda16d42137c888aa2a730b06d49b8089566e/smoothness/mapflow/_smoothness0".[0m
2026-03-27 02:39:23 |[34;20m INFO     [0m|[34;20m nipype.workflow  [0m|[34;20m [Node] Executing "_outliers0" <nipype.interfaces.afni.preprocess.OutlierCount>[0m
2026-03-27 02:39:23 |[34;20m INFO     [0m|[34;20m nipype.workflow  [0m|[34;20m [Node] Executing "_smoothness0" <nipype.interfaces.afni.utils.FWHMx>[0m
2026-03-27 02:39:24 |[34;20m INFO     [0m|[34;20m nipype.workflow  [0m|[34;20m [Node] Finished "_smoothness0", elapsed time 0.515648s.[0m
2026-03-27 02:39:25 |[34;20m INFO     [0m|[34;20m nipype.workflow  [0m|[34;20m [Node] Setting-up "mriqc_wf.funcMRIQC.func_report_wf.dilated_mask" in "/local/nvme/ds004996_20.784026/ds/tmp/mriqc_wf/funcMRIQC/func_report_wf/bcbfda16d42137c888aa2a730b06d49b8089566e/dilated_mask".[0m
2026-03-27 02:39:25 |[34;20m INFO     [0m|[34;20m nipype.workflow  [0m|[34;20m [Node] Executing "dilated_mask" <niworkflows.interfaces.morphology.BinaryDilation>[0m
2026-03-27 02:39:25 |[34;20m INFO     [0m|[34;20m nipype.workflow  [0m|[34;20m [Node] Setting-up "_gcor0" in "/local/nvme/ds004996_20.784026/ds/tmp/mriqc_wf/funcMRIQC/ComputeIQMs/bcbfda16d42137c888aa2a730b06d49b8089566e/gcor/mapflow/_gcor0".[0m
2026-03-27 02:39:25 |[34;20m INFO     [0m|[34;20m nipype.workflow  [0m|[34;20m [Node] Executing "_gcor0" <mriqc.interfaces.transitional.GCOR>[0m
2026-03-27 02:39:25 |[34;20m INFO     [0m|[34;20m nipype.workflow  [0m|[34;20m [Node] Finished "dilated_mask", elapsed time 0.020394s.[0m
2026-03-27 02:39:25 |[34;20m INFO     [0m|[34;20m nipype.workflow  [0m|[34;20m [Node] Finished "_gcor0", elapsed time 8.119918s.[0m
2026-03-27 02:39:27 |[34;20m INFO     [0m|[34;20m nipype.workflow  [0m|[34;20m [Node] Setting-up "mriqc_wf.funcMRIQC.func_report_wf.PlotBrainmask" in "/local/nvme/ds004996_20.784026/ds/tmp/mriqc_wf/funcMRIQC/func_report_wf/bcbfda16d42137c888aa2a730b06d49b8089566e/PlotBrainmask".[0m
2026-03-27 02:39:27 |[34;20m INFO     [0m|[34;20m nipype.workflow  [0m|[34;20m [Node] Setting-up "_PlotMosaicZoomed0" in "/local/nvme/ds004996_20.784026/ds/tmp/mriqc_wf/funcMRIQC/func_report_wf/bcbfda16d42137c888aa2a730b06d49b8089566e/PlotMosaicZoomed/mapflow/_PlotMosaicZoomed0".[0m
2026-03-27 02:39:27 |[34;20m INFO     [0m|[34;20m nipype.workflow  [0m|[34;20m [Node] Executing "PlotBrainmask" <nireports.interfaces.mosaic.PlotContours>[0m
2026-03-27 02:39:27 |[34;20m INFO     [0m|[34;20m nipype.workflow  [0m|[34;20m [Node] Executing "_PlotMosaicZoomed0" <nireports.interfaces.mosaic.PlotMosaic>[0m
2026-03-27 02:39:27 |[34;20m INFO     [0m|[34;20m nipype.workflow  [0m|[34;20m [Node] Finished "_outliers0", elapsed time 4.156966s.[0m
2026-03-27 02:39:28 |[34;20m INFO     [0m|[34;20m nipype.workflow  [0m|[34;20m [Node] Finished "_gcor0", elapsed time 8.495085s.[0m
2026-03-27 02:39:28 |[34;20m INFO     [0m|[34;20m nipype.workflow  [0m|[34;20m [Node] Finished "PlotBrainmask", elapsed time 1.109865s.[0m
2026-03-27 02:39:29 |[34;20m INFO     [0m|[34;20m nipype.workflow  [0m|[34;20m [Node] Finished "_PlotMosaicZoomed0", elapsed time 1.330519s.[0m
2026-03-27 02:39:29 |[34;20m INFO     [0m|[34;20m nipype.workflow  [0m|[34;20m [Node] Setting-up "mriqc_wf.funcMRIQC.func_report_wf.ds_report_norm" in "/local/nvme/ds004996_20.784026/ds/tmp/mriqc_wf/funcMRIQC/func_report_wf/e78a5104f1d8c3aaf2c6928840ed98354319b2be/ds_report_norm".[0m
2026-03-27 02:39:29 |[34;20m INFO     [0m|[34;20m nipype.workflow  [0m|[34;20m [Node] Setting-up "mriqc_wf.funcMRIQC.synthstrip_wf.final_masked" in "/local/nvme/ds004996_20.784026/ds/tmp/mriqc_wf/funcMRIQC/synthstrip_wf/e78a5104f1d8c3aaf2c6928840ed98354319b2be/final_masked".[0m
2026-03-27 02:39:29 |[34;20m INFO     [0m|[34;20m nipype.workflow  [0m|[34;20m [Node] Setting-up "mriqc_wf.funcMRIQC.SpatialNormalization.ResampleSegmentation" in "/local/nvme/ds004996_20.784026/ds/tmp/mriqc_wf/funcMRIQC/SpatialNormalization/e78a5104f1d8c3aaf2c6928840ed98354319b2be/ResampleSegmentation".[0m
2026-03-27 02:39:29 |[34;20m INFO     [0m|[34;20m nipype.workflow  [0m|[34;20m [Node] Executing "final_masked" <niworkflows.interfaces.nibabel.ApplyMask>[0m
2026-03-27 02:39:29 |[34;20m INFO     [0m|[34;20m nipype.workflow  [0m|[34;20m [Node] Executing "ds_report_norm" <mriqc.interfaces.DerivativesDataSink>[0m
2026-03-27 02:39:29 |[34;20m INFO     [0m|[34;20m nipype.workflow  [0m|[34;20m [Node] Executing "ResampleSegmentation" <nipype.interfaces.ants.resampling.ApplyTransforms>[0m
2026-03-27 02:39:29 |[34;20m INFO     [0m|[34;20m nipype.workflow  [0m|[34;20m [Node] Finished "ds_report_norm", elapsed time 0.005128s.[0m
2026-03-27 02:39:29 |[34;20m INFO     [0m|[34;20m nipype.workflow  [0m|[34;20m [Node] Finished "final_masked", elapsed time 0.032072s.[0m
2026-03-27 02:39:29 |[34;20m INFO     [0m|[34;20m nipype.workflow  [0m|[34;20m [Node] Setting-up "mriqc_wf.funcMRIQC.func_report_wf.subtract_mask" in "/local/nvme/ds004996_20.784026/ds/tmp/mriqc_wf/funcMRIQC/func_report_wf/e78a5104f1d8c3aaf2c6928840ed98354319b2be/subtract_mask".[0m
2026-03-27 02:39:29 |[34;20m INFO     [0m|[34;20m nipype.workflow  [0m|[34;20m [Node] Executing "subtract_mask" <niworkflows.interfaces.morphology.BinarySubtraction>[0m
2026-03-27 02:39:29 |[34;20m INFO     [0m|[34;20m nipype.workflow  [0m|[34;20m [Node] Setting-up "_ds_report_zoomed0" in "/local/nvme/ds004996_20.784026/ds/tmp/mriqc_wf/funcMRIQC/func_report_wf/e78a5104f1d8c3aaf2c6928840ed98354319b2be/ds_report_zoomed/mapflow/_ds_report_zoomed0".[0m
2026-03-27 02:39:29 |[34;20m INFO     [0m|[34;20m nipype.workflow  [0m|[34;20m [Node] Executing "_ds_report_zoomed0" <mriqc.interfaces.DerivativesDataSink>[0m
2026-03-27 02:39:29 |[34;20m INFO     [0m|[34;20m nipype.workflow  [0m|[34;20m [Node] Finished "_ds_report_zoomed0", elapsed time 0.005731s.[0m
2026-03-27 02:39:29 |[34;20m INFO     [0m|[34;20m nipype.workflow  [0m|[34;20m [Node] Finished "subtract_mask", elapsed time 0.01058s.[0m
2026-03-27 02:39:29 |[34;20m INFO     [0m|[34;20m nipype.workflow  [0m|[34;20m [Node] Setting-up "mriqc_wf.funcMRIQC.func_report_wf.ds_report_bmask" in "/local/nvme/ds004996_20.784026/ds/tmp/mriqc_wf/funcMRIQC/func_report_wf/e78a5104f1d8c3aaf2c6928840ed98354319b2be/ds_report_bmask".[0m
2026-03-27 02:39:29 |[34;20m INFO     [0m|[34;20m nipype.workflow  [0m|[34;20m [Node] Executing "ds_report_bmask" <mriqc.interfaces.DerivativesDataSink>[0m
2026-03-27 02:39:30 |[34;20m INFO     [0m|[34;20m nipype.workflow  [0m|[34;20m [Node] Finished "ds_report_bmask", elapsed time 0.005009s.[0m
2026-03-27 02:39:30 |[34;20m INFO     [0m|[34;20m nipype.workflow  [0m|[34;20m [Node] Setting-up "mriqc_wf.funcMRIQC.func_report_wf.subtract_mask" in "/local/nvme/ds004996_20.784026/ds/tmp/mriqc_wf/funcMRIQC/func_report_wf/6ef71a0af4d0810206428a089c08e950c20e01f5/subtract_mask".[0m
2026-03-27 02:39:30 |[34;20m INFO     [0m|[34;20m nipype.workflow  [0m|[34;20m [Node] Executing "subtract_mask" <niworkflows.interfaces.morphology.BinarySubtraction>[0m
2026-03-27 02:39:30 |[34;20m INFO     [0m|[34;20m nipype.workflow  [0m|[34;20m [Node] Finished "subtract_mask", elapsed time 0.010794s.[0m
2026-03-27 02:39:31 |[34;20m INFO     [0m|[34;20m nipype.workflow  [0m|[34;20m [Node] Setting-up "_ds_report_zoomed0" in "/local/nvme/ds004996_20.784026/ds/tmp/mriqc_wf/funcMRIQC/func_report_wf/6ef71a0af4d0810206428a089c08e950c20e01f5/ds_report_zoomed/mapflow/_ds_report_zoomed0".[0m
2026-03-27 02:39:31 |[34;20m INFO     [0m|[34;20m nipype.workflow  [0m|[34;20m [Node] Executing "_ds_report_zoomed0" <mriqc.interfaces.DerivativesDataSink>[0m
2026-03-27 02:39:31 |[34;20m INFO     [0m|[34;20m nipype.workflow  [0m|[34;20m [Node] Finished "_ds_report_zoomed0", elapsed time 0.005047s.[0m
2026-03-27 02:39:31 |[34;20m INFO     [0m|[34;20m nipype.workflow  [0m|[34;20m [Node] Setting-up "mriqc_wf.funcMRIQC.func_report_wf.ds_report_bmask" in "/local/nvme/ds004996_20.784026/ds/tmp/mriqc_wf/funcMRIQC/func_report_wf/6ef71a0af4d0810206428a089c08e950c20e01f5/ds_report_bmask".[0m
2026-03-27 02:39:31 |[34;20m INFO     [0m|[34;20m nipype.workflow  [0m|[34;20m [Node] Executing "ds_report_bmask" <mriqc.interfaces.DerivativesDataSink>[0m
2026-03-27 02:39:31 |[34;20m INFO     [0m|[34;20m nipype.workflow  [0m|[34;20m [Node] Finished "ds_report_bmask", elapsed time 0.005055s.[0m
2026-03-27 02:39:31 |[34;20m INFO     [0m|[34;20m nipype.workflow  [0m|[34;20m [Node] Setting-up "mriqc_wf.funcMRIQC.func_report_wf.subtract_mask" in "/local/nvme/ds004996_20.784026/ds/tmp/mriqc_wf/funcMRIQC/func_report_wf/bcbfda16d42137c888aa2a730b06d49b8089566e/subtract_mask".[0m
2026-03-27 02:39:31 |[34;20m INFO     [0m|[34;20m nipype.workflow  [0m|[34;20m [Node] Setting-up "_ds_report_zoomed0" in "/local/nvme/ds004996_20.784026/ds/tmp/mriqc_wf/funcMRIQC/func_report_wf/bcbfda16d42137c888aa2a730b06d49b8089566e/ds_report_zoomed/mapflow/_ds_report_zoomed0".[0m
2026-03-27 02:39:31 |[34;20m INFO     [0m|[34;20m nipype.workflow  [0m|[34;20m [Node] Executing "subtract_mask" <niworkflows.interfaces.morphology.BinarySubtraction>[0m
2026-03-27 02:39:31 |[34;20m INFO     [0m|[34;20m nipype.workflow  [0m|[34;20m [Node] Executing "_ds_report_zoomed0" <mriqc.interfaces.DerivativesDataSink>[0m
2026-03-27 02:39:31 |[34;20m INFO     [0m|[34;20m nipype.workflow  [0m|[34;20m [Node] Finished "_ds_report_zoomed0", elapsed time 0.00551s.[0m
2026-03-27 02:39:31 |[34;20m INFO     [0m|[34;20m nipype.workflow  [0m|[34;20m [Node] Finished "subtract_mask", elapsed time 0.010265s.[0m
2026-03-27 02:39:32 |[34;20m INFO     [0m|[34;20m nipype.workflow  [0m|[34;20m [Node] Setting-up "mriqc_wf.funcMRIQC.func_report_wf.ds_report_bmask" in "/local/nvme/ds004996_20.784026/ds/tmp/mriqc_wf/funcMRIQC/func_report_wf/bcbfda16d42137c888aa2a730b06d49b8089566e/ds_report_bmask".[0m
2026-03-27 02:39:32 |[34;20m INFO     [0m|[34;20m nipype.workflow  [0m|[34;20m [Node] Executing "ds_report_bmask" <mriqc.interfaces.DerivativesDataSink>[0m
2026-03-27 02:39:32 |[34;20m INFO     [0m|[34;20m nipype.workflow  [0m|[34;20m [Node] Finished "ds_report_bmask", elapsed time 0.005278s.[0m
2026-03-27 02:39:32 |[34;20m INFO     [0m|[34;20m nipype.workflow  [0m|[34;20m [Node] Finished "ResampleSegmentation", elapsed time 2.427276s.[0m
2026-03-27 02:39:33 |[34;20m INFO     [0m|[34;20m nipype.workflow  [0m|[34;20m [Node] Setting-up "mriqc_wf.funcMRIQC.func_report_wf.parcels" in "/local/nvme/ds004996_20.784026/ds/tmp/mriqc_wf/funcMRIQC/func_report_wf/e78a5104f1d8c3aaf2c6928840ed98354319b2be/parcels".[0m
2026-03-27 02:39:33 |[34;20m INFO     [0m|[34;20m nipype.workflow  [0m|[34;20m [Node] Executing "parcels" <nipype.interfaces.utility.wrappers.Function>[0m
2026-03-27 02:39:33 |[34;20m INFO     [0m|[34;20m nipype.workflow  [0m|[34;20m [Node] Finished "parcels", elapsed time 0.024011s.[0m
2026-03-27 02:39:33 |[34;20m INFO     [0m|[34;20m nipype.workflow  [0m|[34;20m [Node] Finished "_gcor0", elapsed time 8.037748s.[0m
2026-03-27 02:39:34 |[34;20m INFO     [0m|[34;20m nipype.workflow  [0m|[34;20m [Node] Finished "_ComputeDVARS0", elapsed time 16.91975s.[0m
2026-03-27 02:39:34 |[34;20m INFO     [0m|[34;20m nipype.workflow  [0m|[34;20m [Node] Finished "_ComputeDVARS0", elapsed time 17.077893s.[0m
2026-03-27 02:39:35 |[34;20m INFO     [0m|[34;20m nipype.workflow  [0m|[34;20m [Node] Setting-up "_measures0" in "/local/nvme/ds004996_20.784026/ds/tmp/mriqc_wf/funcMRIQC/ComputeIQMs/e78a5104f1d8c3aaf2c6928840ed98354319b2be/measures/mapflow/_measures0".[0m
2026-03-27 02:39:35 |[34;20m INFO     [0m|[34;20m nipype.workflow  [0m|[34;20m [Node] Setting-up "_timeseries0" in "/local/nvme/ds004996_20.784026/ds/tmp/mriqc_wf/funcMRIQC/ComputeIQMs/e78a5104f1d8c3aaf2c6928840ed98354319b2be/timeseries/mapflow/_timeseries0".[0m
2026-03-27 02:39:35 |[34;20m INFO     [0m|[34;20m nipype.workflow  [0m|[34;20m [Node] Executing "_measures0" <mriqc.interfaces.functional.FunctionalQC>[0m
2026-03-27 02:39:35 |[34;20m INFO     [0m|[34;20m nipype.workflow  [0m|[34;20m [Node] Executing "_timeseries0" <mriqc.interfaces.functional.GatherTimeseries>[0m
2026-03-27 02:39:35 |[34;20m INFO     [0m|[34;20m nipype.workflow  [0m|[34;20m [Node] Setting-up "_timeseries0" in "/local/nvme/ds004996_20.784026/ds/tmp/mriqc_wf/funcMRIQC/ComputeIQMs/6ef71a0af4d0810206428a089c08e950c20e01f5/timeseries/mapflow/_timeseries0".[0m
2026-03-27 02:39:35 |[34;20m INFO     [0m|[34;20m nipype.workflow  [0m|[34;20m [Node] Executing "_timeseries0" <mriqc.interfaces.functional.GatherTimeseries>[0m
2026-03-27 02:39:35 |[34;20m INFO     [0m|[34;20m nipype.workflow  [0m|[34;20m [Node] Finished "_timeseries0", elapsed time 0.026462s.[0m
2026-03-27 02:39:35 |[34;20m INFO     [0m|[34;20m nipype.workflow  [0m|[34;20m [Node] Finished "_timeseries0", elapsed time 0.030011s.[0m
2026-03-27 02:39:36 |[34;20m INFO     [0m|[34;20m nipype.workflow  [0m|[34;20m [Node] Finished "_measures0", elapsed time 1.025375s.[0m
2026-03-27 02:39:37 |[34;20m INFO     [0m|[34;20m nipype.workflow  [0m|[34;20m [Node] Setting-up "_measures0" in "/local/nvme/ds004996_20.784026/ds/tmp/mriqc_wf/funcMRIQC/ComputeIQMs/6ef71a0af4d0810206428a089c08e950c20e01f5/measures/mapflow/_measures0".[0m
2026-03-27 02:39:37 |[34;20m INFO     [0m|[34;20m nipype.workflow  [0m|[34;20m [Node] Executing "_measures0" <mriqc.interfaces.functional.FunctionalQC>[0m
2026-03-27 02:39:37 |[34;20m INFO     [0m|[34;20m nipype.workflow  [0m|[34;20m [Node] Setting-up "_datasink0" in "/local/nvme/ds004996_20.784026/ds/tmp/mriqc_wf/funcMRIQC/ComputeIQMs/e78a5104f1d8c3aaf2c6928840ed98354319b2be/datasink/mapflow/_datasink0".[0m
2026-03-27 02:39:37 |[34;20m INFO     [0m|[34;20m nipype.workflow  [0m|[34;20m [Node] Executing "_datasink0" <mriqc.interfaces.bids.IQMFileSink>[0m
2026-03-27 02:39:37 |[34;20m INFO     [0m|[34;20m nipype.workflow  [0m|[34;20m [Node] Finished "_datasink0", elapsed time 0.001817s.[0m
2026-03-27 02:39:37 |[34;20m INFO     [0m|[34;20m nipype.workflow  [0m|[34;20m [Node] Setting-up "_ds_timeseries0" in "/local/nvme/ds004996_20.784026/ds/tmp/mriqc_wf/funcMRIQC/ComputeIQMs/e78a5104f1d8c3aaf2c6928840ed98354319b2be/ds_timeseries/mapflow/_ds_timeseries0".[0m
2026-03-27 02:39:37 |[34;20m INFO     [0m|[34;20m nipype.workflow  [0m|[34;20m [Node] Executing "_ds_timeseries0" <mriqc.interfaces.DerivativesDataSink>[0m
2026-03-27 02:39:37 |[34;20m INFO     [0m|[34;20m nipype.workflow  [0m|[34;20m [Node] Finished "_ds_timeseries0", elapsed time 0.00427s.[0m
2026-03-27 02:39:38 |[34;20m INFO     [0m|[34;20m nipype.workflow  [0m|[34;20m [Node] Setting-up "_ds_timeseries0" in "/local/nvme/ds004996_20.784026/ds/tmp/mriqc_wf/funcMRIQC/ComputeIQMs/6ef71a0af4d0810206428a089c08e950c20e01f5/ds_timeseries/mapflow/_ds_timeseries0".[0m
2026-03-27 02:39:38 |[34;20m INFO     [0m|[34;20m nipype.workflow  [0m|[34;20m [Node] Executing "_ds_timeseries0" <mriqc.interfaces.DerivativesDataSink>[0m
2026-03-27 02:39:38 |[34;20m INFO     [0m|[34;20m nipype.workflow  [0m|[34;20m [Node] Finished "_ds_timeseries0", elapsed time 0.005432s.[0m
2026-03-27 02:39:38 |[34;20m INFO     [0m|[34;20m nipype.workflow  [0m|[34;20m [Node] Setting-up "_BigPlot0" in "/local/nvme/ds004996_20.784026/ds/tmp/mriqc_wf/funcMRIQC/func_report_wf/e78a5104f1d8c3aaf2c6928840ed98354319b2be/BigPlot/mapflow/_BigPlot0".[0m
2026-03-27 02:39:38 |[34;20m INFO     [0m|[34;20m nipype.workflow  [0m|[34;20m [Node] Executing "_BigPlot0" <nireports.interfaces.fmri.FMRISummary>[0m
2026-03-27 02:39:38 |[34;20m INFO     [0m|[34;20m nipype.workflow  [0m|[34;20m [Node] Finished "_measures0", elapsed time 1.078748s.[0m
2026-03-27 02:39:39 |[34;20m INFO     [0m|[34;20m nipype.workflow  [0m|[34;20m [Node] Setting-up "_datasink0" in "/local/nvme/ds004996_20.784026/ds/tmp/mriqc_wf/funcMRIQC/ComputeIQMs/6ef71a0af4d0810206428a089c08e950c20e01f5/datasink/mapflow/_datasink0".[0m
2026-03-27 02:39:39 |[34;20m INFO     [0m|[34;20m nipype.workflow  [0m|[34;20m [Node] Executing "_datasink0" <mriqc.interfaces.bids.IQMFileSink>[0m
2026-03-27 02:39:39 |[34;20m INFO     [0m|[34;20m nipype.workflow  [0m|[34;20m [Node] Finished "_datasink0", elapsed time 0.000638s.[0m
2026-03-27 02:39:41 |[34;20m INFO     [0m|[34;20m nipype.workflow  [0m|[34;20m [Node] Finished "_ComputeDVARS0", elapsed time 17.282571s.[0m
2026-03-27 02:39:41 |[34;20m INFO     [0m|[34;20m nipype.workflow  [0m|[34;20m [Node] Setting-up "_measures0" in "/local/nvme/ds004996_20.784026/ds/tmp/mriqc_wf/funcMRIQC/ComputeIQMs/bcbfda16d42137c888aa2a730b06d49b8089566e/measures/mapflow/_measures0".[0m
2026-03-27 02:39:41 |[34;20m INFO     [0m|[34;20m nipype.workflow  [0m|[34;20m [Node] Setting-up "_timeseries0" in "/local/nvme/ds004996_20.784026/ds/tmp/mriqc_wf/funcMRIQC/ComputeIQMs/bcbfda16d42137c888aa2a730b06d49b8089566e/timeseries/mapflow/_timeseries0".[0m
2026-03-27 02:39:41 |[34;20m INFO     [0m|[34;20m nipype.workflow  [0m|[34;20m [Node] Executing "_timeseries0" <mriqc.interfaces.functional.GatherTimeseries>[0m
2026-03-27 02:39:41 |[34;20m INFO     [0m|[34;20m nipype.workflow  [0m|[34;20m [Node] Executing "_measures0" <mriqc.interfaces.functional.FunctionalQC>[0m
2026-03-27 02:39:41 |[34;20m INFO     [0m|[34;20m nipype.workflow  [0m|[34;20m [Node] Finished "_timeseries0", elapsed time 0.020418s.[0m
2026-03-27 02:39:42 |[34;20m INFO     [0m|[34;20m nipype.workflow  [0m|[34;20m [Node] Finished "_BigPlot0", elapsed time 4.360985s.[0m
2026-03-27 02:39:43 |[34;20m INFO     [0m|[34;20m nipype.workflow  [0m|[34;20m [Node] Finished "_measures0", elapsed time 1.3820839999999999s.[0m
2026-03-27 02:39:43 |[34;20m INFO     [0m|[34;20m nipype.workflow  [0m|[34;20m [Node] Setting-up "mriqc_wf.funcMRIQC.synthstrip_wf.post_n4" in "/local/nvme/ds004996_20.784026/ds/tmp/mriqc_wf/funcMRIQC/synthstrip_wf/6ef71a0af4d0810206428a089c08e950c20e01f5/post_n4".[0m
2026-03-27 02:39:43 |[34;20m INFO     [0m|[34;20m nipype.workflow  [0m|[34;20m [Node] Executing "post_n4" <nipype.interfaces.ants.segmentation.N4BiasFieldCorrection>[0m
2026-03-27 02:39:44 |[34;20m INFO     [0m|[34;20m nipype.workflow  [0m|[34;20m [Node] Finished "post_n4", elapsed time 0.915326s.[0m
2026-03-27 02:39:45 |[34;20m INFO     [0m|[34;20m nipype.workflow  [0m|[34;20m [Node] Setting-up "mriqc_wf.funcMRIQC.SpatialNormalization.EPI2MNI" in "/local/nvme/ds004996_20.784026/ds/tmp/mriqc_wf/funcMRIQC/SpatialNormalization/6ef71a0af4d0810206428a089c08e950c20e01f5/EPI2MNI".[0m
2026-03-27 02:39:45 |[34;20m INFO     [0m|[34;20m nipype.workflow  [0m|[34;20m [Node] Executing "EPI2MNI" <niworkflows.interfaces.reportlets.registration.SpatialNormalizationRPT>[0m
2026-03-27 02:39:45 |[34;20m INFO     [0m|[34;20m niworkflows      [0m|[34;20m Estimating initial transform using AffineInitializer[0m
2026-03-27 02:39:50 |[34;20m INFO     [0m|[34;20m niworkflows      [0m|[34;20m Loading settings from file /opt/conda/lib/python3.11/site-packages/niworkflows/data/boldref-mni_registration_precise_000.json.[0m
2026-03-27 02:39:50 |[34;20m INFO     [0m|[34;20m niworkflows      [0m|[34;20m Retry #1, commandline: 
antsRegistration --collapse-output-transforms 1 --dimensionality 3 --float 0 --initial-moving-transform [ /local/nvme/ds004996_20.784026/ds/tmp/mriqc_wf/funcMRIQC/SpatialNormalization/6ef71a0af4d0810206428a089c08e950c20e01f5/EPI2MNI/transform.mat, 0 ] --initialize-transforms-per-stage 0 --interpolation LanczosWindowedSinc --output [ epi_to_mni, epi_to_mni_Warped.nii.gz ] --transform Rigid[ 0.05 ] --metric Mattes[ /templateflow/tpl-MNI152NLin2009cAsym/tpl-MNI152NLin2009cAsym_res-02_desc-fMRIPrep_boldref.nii.gz, /local/nvme/ds004996_20.784026/ds/tmp/mriqc_wf/funcMRIQC/SpatialNormalization/6ef71a0af4d0810206428a089c08e950c20e01f5/SharpenEPI/sub-20_task-conversation_run-02_bold_desc-realigned_valid_tstat_corrected.nii.gz, 1, 56, Regular, 0.25 ] --convergence [ 10000x1000x100, 1e-06, 20 ] --smoothing-sigmas 4.0x2.0x1.0vox --shrink-factors 4x2x1 --use-histogram-matching 1 --masks [ /templateflow/tpl-MNI152NLin2009cAsym/tpl-MNI152NLin2009cAsym_res-02_desc-brain_mask.nii.gz, /local/nvme/ds004996_20.784026/ds/tmp/mriqc_wf/funcMRIQC/synthstrip_wf/6ef71a0af4d0810206428a089c08e950c20e01f5/synthstrip/clipped_corrected_desc-brain_mask.nii.gz ] --transform Affine[ 0.08 ] --metric Mattes[ /templateflow/tpl-MNI152NLin2009cAsym/tpl-MNI152NLin2009cAsym_res-02_desc-fMRIPrep_boldref.nii.gz, /local/nvme/ds004996_20.784026/ds/tmp/mriqc_wf/funcMRIQC/SpatialNormalization/6ef71a0af4d0810206428a089c08e950c20e01f5/SharpenEPI/sub-20_task-conversation_run-02_bold_desc-realigned_valid_tstat_corrected.nii.gz, 1, 56, Regular, 0.25 ] --convergence [ 500x250x100, 1e-06, 20 ] --smoothing-sigmas 4.0x2.0x1.0vox --shrink-factors 8x4x2 --use-histogram-matching 1 --masks [ /templateflow/tpl-MNI152NLin2009cAsym/tpl-MNI152NLin2009cAsym_res-02_desc-brain_mask.nii.gz, /local/nvme/ds004996_20.784026/ds/tmp/mriqc_wf/funcMRIQC/synthstrip_wf/6ef71a0af4d0810206428a089c08e950c20e01f5/synthstrip/clipped_corrected_desc-brain_mask.nii.gz ] --transform SyN[ 0.1, 3.0, 0.0 ] --metric CC[ /templateflow/tpl-MNI152NLin2009cAsym/tpl-MNI152NLin2009cAsym_res-02_desc-fMRIPrep_boldref.nii.gz, /local/nvme/ds004996_20.784026/ds/tmp/mriqc_wf/funcMRIQC/SpatialNormalization/6ef71a0af4d0810206428a089c08e950c20e01f5/SharpenEPI/sub-20_task-conversation_run-02_bold_desc-realigned_valid_tstat_corrected.nii.gz, 1, 4, None, 1 ] --convergence [ 100x30x20, 1e-06, 10 ] --smoothing-sigmas 3.0x2.0x1.0vox --shrink-factors 8x4x2 --use-histogram-matching 1 --masks [ /templateflow/tpl-MNI152NLin2009cAsym/tpl-MNI152NLin2009cAsym_res-02_desc-brain_mask.nii.gz, /local/nvme/ds004996_20.784026/ds/tmp/mriqc_wf/funcMRIQC/synthstrip_wf/6ef71a0af4d0810206428a089c08e950c20e01f5/synthstrip/clipped_corrected_desc-brain_mask.nii.gz ] --winsorize-image-intensities [ 0.005, 0.995 ]  --write-composite-transform 1[0m
2026-03-27 02:40:02 |[34;20m INFO     [0m|[34;20m niworkflows      [0m|[34;20m Successful spatial normalization (retry #1).[0m
2026-03-27 02:40:02 |[34;20m INFO     [0m|[34;20m niworkflows      [0m|[34;20m Report - setting fixed (/templateflow/tpl-MNI152NLin2009cAsym/tpl-MNI152NLin2009cAsym_res-02_desc-fMRIPrep_boldref.nii.gz) and moving (/local/nvme/ds004996_20.784026/ds/tmp/mriqc_wf/funcMRIQC/SpatialNormalization/6ef71a0af4d0810206428a089c08e950c20e01f5/EPI2MNI/epi_to_mni_Warped.nii.gz) images[0m
2026-03-27 02:40:02 |[34;20m INFO     [0m|[34;20m niworkflows      [0m|[34;20m Generating visual report[0m
2026-03-27 02:40:17 |[34;20m INFO     [0m|[34;20m nipype.workflow  [0m|[34;20m [Node] Finished "EPI2MNI", elapsed time 31.516079s.[0m
2026-03-27 02:40:17 |[34;20m INFO     [0m|[34;20m nipype.workflow  [0m|[34;20m [Node] Setting-up "mriqc_wf.funcMRIQC.synthstrip_wf.post_n4" in "/local/nvme/ds004996_20.784026/ds/tmp/mriqc_wf/funcMRIQC/synthstrip_wf/bcbfda16d42137c888aa2a730b06d49b8089566e/post_n4".[0m
2026-03-27 02:40:17 |[34;20m INFO     [0m|[34;20m nipype.workflow  [0m|[34;20m [Node] Executing "post_n4" <nipype.interfaces.ants.segmentation.N4BiasFieldCorrection>[0m
2026-03-27 02:40:18 |[34;20m INFO     [0m|[34;20m nipype.workflow  [0m|[34;20m [Node] Finished "post_n4", elapsed time 1.008299s.[0m
2026-03-27 02:40:19 |[34;20m INFO     [0m|[34;20m nipype.workflow  [0m|[34;20m [Node] Setting-up "mriqc_wf.funcMRIQC.SpatialNormalization.EPI2MNI" in "/local/nvme/ds004996_20.784026/ds/tmp/mriqc_wf/funcMRIQC/SpatialNormalization/bcbfda16d42137c888aa2a730b06d49b8089566e/EPI2MNI".[0m
2026-03-27 02:40:19 |[34;20m INFO     [0m|[34;20m nipype.workflow  [0m|[34;20m [Node] Executing "EPI2MNI" <niworkflows.interfaces.reportlets.registration.SpatialNormalizationRPT>[0m
2026-03-27 02:40:19 |[34;20m INFO     [0m|[34;20m niworkflows      [0m|[34;20m Estimating initial transform using AffineInitializer[0m
2026-03-27 02:40:25 |[34;20m INFO     [0m|[34;20m niworkflows      [0m|[34;20m Loading settings from file /opt/conda/lib/python3.11/site-packages/niworkflows/data/boldref-mni_registration_precise_000.json.[0m
2026-03-27 02:40:25 |[34;20m INFO     [0m|[34;20m niworkflows      [0m|[34;20m Retry #1, commandline: 
antsRegistration --collapse-output-transforms 1 --dimensionality 3 --float 0 --initial-moving-transform [ /local/nvme/ds004996_20.784026/ds/tmp/mriqc_wf/funcMRIQC/SpatialNormalization/bcbfda16d42137c888aa2a730b06d49b8089566e/EPI2MNI/transform.mat, 0 ] --initialize-transforms-per-stage 0 --interpolation LanczosWindowedSinc --output [ epi_to_mni, epi_to_mni_Warped.nii.gz ] --transform Rigid[ 0.05 ] --metric Mattes[ /templateflow/tpl-MNI152NLin2009cAsym/tpl-MNI152NLin2009cAsym_res-02_desc-fMRIPrep_boldref.nii.gz, /local/nvme/ds004996_20.784026/ds/tmp/mriqc_wf/funcMRIQC/SpatialNormalization/bcbfda16d42137c888aa2a730b06d49b8089566e/SharpenEPI/sub-20_task-conversation_run-03_bold_desc-realigned_valid_tstat_corrected.nii.gz, 1, 56, Regular, 0.25 ] --convergence [ 10000x1000x100, 1e-06, 20 ] --smoothing-sigmas 4.0x2.0x1.0vox --shrink-factors 4x2x1 --use-histogram-matching 1 --masks [ /templateflow/tpl-MNI152NLin2009cAsym/tpl-MNI152NLin2009cAsym_res-02_desc-brain_mask.nii.gz, /local/nvme/ds004996_20.784026/ds/tmp/mriqc_wf/funcMRIQC/synthstrip_wf/bcbfda16d42137c888aa2a730b06d49b8089566e/synthstrip/clipped_corrected_desc-brain_mask.nii.gz ] --transform Affine[ 0.08 ] --metric Mattes[ /templateflow/tpl-MNI152NLin2009cAsym/tpl-MNI152NLin2009cAsym_res-02_desc-fMRIPrep_boldref.nii.gz, /local/nvme/ds004996_20.784026/ds/tmp/mriqc_wf/funcMRIQC/SpatialNormalization/bcbfda16d42137c888aa2a730b06d49b8089566e/SharpenEPI/sub-20_task-conversation_run-03_bold_desc-realigned_valid_tstat_corrected.nii.gz, 1, 56, Regular, 0.25 ] --convergence [ 500x250x100, 1e-06, 20 ] --smoothing-sigmas 4.0x2.0x1.0vox --shrink-factors 8x4x2 --use-histogram-matching 1 --masks [ /templateflow/tpl-MNI152NLin2009cAsym/tpl-MNI152NLin2009cAsym_res-02_desc-brain_mask.nii.gz, /local/nvme/ds004996_20.784026/ds/tmp/mriqc_wf/funcMRIQC/synthstrip_wf/bcbfda16d42137c888aa2a730b06d49b8089566e/synthstrip/clipped_corrected_desc-brain_mask.nii.gz ] --transform SyN[ 0.1, 3.0, 0.0 ] --metric CC[ /templateflow/tpl-MNI152NLin2009cAsym/tpl-MNI152NLin2009cAsym_res-02_desc-fMRIPrep_boldref.nii.gz, /local/nvme/ds004996_20.784026/ds/tmp/mriqc_wf/funcMRIQC/SpatialNormalization/bcbfda16d42137c888aa2a730b06d49b8089566e/SharpenEPI/sub-20_task-conversation_run-03_bold_desc-realigned_valid_tstat_corrected.nii.gz, 1, 4, None, 1 ] --convergence [ 100x30x20, 1e-06, 10 ] --smoothing-sigmas 3.0x2.0x1.0vox --shrink-factors 8x4x2 --use-histogram-matching 1 --masks [ /templateflow/tpl-MNI152NLin2009cAsym/tpl-MNI152NLin2009cAsym_res-02_desc-brain_mask.nii.gz, /local/nvme/ds004996_20.784026/ds/tmp/mriqc_wf/funcMRIQC/synthstrip_wf/bcbfda16d42137c888aa2a730b06d49b8089566e/synthstrip/clipped_corrected_desc-brain_mask.nii.gz ] --winsorize-image-intensities [ 0.005, 0.995 ]  --write-composite-transform 1[0m
2026-03-27 02:40:36 |[34;20m INFO     [0m|[34;20m niworkflows      [0m|[34;20m Successful spatial normalization (retry #1).[0m
2026-03-27 02:40:36 |[34;20m INFO     [0m|[34;20m niworkflows      [0m|[34;20m Report - setting fixed (/templateflow/tpl-MNI152NLin2009cAsym/tpl-MNI152NLin2009cAsym_res-02_desc-fMRIPrep_boldref.nii.gz) and moving (/local/nvme/ds004996_20.784026/ds/tmp/mriqc_wf/funcMRIQC/SpatialNormalization/bcbfda16d42137c888aa2a730b06d49b8089566e/EPI2MNI/epi_to_mni_Warped.nii.gz) images[0m
2026-03-27 02:40:36 |[34;20m INFO     [0m|[34;20m niworkflows      [0m|[34;20m Generating visual report[0m
2026-03-27 02:40:51 |[34;20m INFO     [0m|[34;20m nipype.workflow  [0m|[34;20m [Node] Finished "EPI2MNI", elapsed time 31.637319s.[0m
2026-03-27 02:40:51 |[34;20m INFO     [0m|[34;20m nipype.workflow  [0m|[34;20m [Node] Setting-up "mriqc_wf.funcMRIQC.func_report_wf.ds_report_norm" in "/local/nvme/ds004996_20.784026/ds/tmp/mriqc_wf/funcMRIQC/func_report_wf/6ef71a0af4d0810206428a089c08e950c20e01f5/ds_report_norm".[0m
2026-03-27 02:40:51 |[34;20m INFO     [0m|[34;20m nipype.workflow  [0m|[34;20m [Node] Setting-up "mriqc_wf.funcMRIQC.synthstrip_wf.final_masked" in "/local/nvme/ds004996_20.784026/ds/tmp/mriqc_wf/funcMRIQC/synthstrip_wf/6ef71a0af4d0810206428a089c08e950c20e01f5/final_masked".[0m
2026-03-27 02:40:51 |[34;20m INFO     [0m|[34;20m nipype.workflow  [0m|[34;20m [Node] Setting-up "mriqc_wf.funcMRIQC.SpatialNormalization.ResampleSegmentation" in "/local/nvme/ds004996_20.784026/ds/tmp/mriqc_wf/funcMRIQC/SpatialNormalization/6ef71a0af4d0810206428a089c08e950c20e01f5/ResampleSegmentation".[0m
2026-03-27 02:40:51 |[34;20m INFO     [0m|[34;20m nipype.workflow  [0m|[34;20m [Node] Executing "final_masked" <niworkflows.interfaces.nibabel.ApplyMask>[0m
2026-03-27 02:40:51 |[34;20m INFO     [0m|[34;20m nipype.workflow  [0m|[34;20m [Node] Executing "ds_report_norm" <mriqc.interfaces.DerivativesDataSink>[0m
2026-03-27 02:40:51 |[34;20m INFO     [0m|[34;20m nipype.workflow  [0m|[34;20m [Node] Executing "ResampleSegmentation" <nipype.interfaces.ants.resampling.ApplyTransforms>[0m
2026-03-27 02:40:51 |[34;20m INFO     [0m|[34;20m nipype.workflow  [0m|[34;20m [Node] Finished "ds_report_norm", elapsed time 0.005319s.[0m
2026-03-27 02:40:51 |[34;20m INFO     [0m|[34;20m nipype.workflow  [0m|[34;20m [Node] Finished "final_masked", elapsed time 0.036656s.[0m
2026-03-27 02:40:51 |[34;20m INFO     [0m|[34;20m nipype.workflow  [0m|[34;20m [Node] Setting-up "mriqc_wf.funcMRIQC.func_report_wf.ds_report_norm" in "/local/nvme/ds004996_20.784026/ds/tmp/mriqc_wf/funcMRIQC/func_report_wf/bcbfda16d42137c888aa2a730b06d49b8089566e/ds_report_norm".[0m
2026-03-27 02:40:51 |[34;20m INFO     [0m|[34;20m nipype.workflow  [0m|[34;20m [Node] Setting-up "mriqc_wf.funcMRIQC.synthstrip_wf.final_masked" in "/local/nvme/ds004996_20.784026/ds/tmp/mriqc_wf/funcMRIQC/synthstrip_wf/bcbfda16d42137c888aa2a730b06d49b8089566e/final_masked".[0m
2026-03-27 02:40:51 |[34;20m INFO     [0m|[34;20m nipype.workflow  [0m|[34;20m [Node] Setting-up "mriqc_wf.funcMRIQC.SpatialNormalization.ResampleSegmentation" in "/local/nvme/ds004996_20.784026/ds/tmp/mriqc_wf/funcMRIQC/SpatialNormalization/bcbfda16d42137c888aa2a730b06d49b8089566e/ResampleSegmentation".[0m
2026-03-27 02:40:51 |[34;20m INFO     [0m|[34;20m nipype.workflow  [0m|[34;20m [Node] Executing "final_masked" <niworkflows.interfaces.nibabel.ApplyMask>[0m
2026-03-27 02:40:51 |[34;20m INFO     [0m|[34;20m nipype.workflow  [0m|[34;20m [Node] Executing "ds_report_norm" <mriqc.interfaces.DerivativesDataSink>[0m
2026-03-27 02:40:51 |[34;20m INFO     [0m|[34;20m nipype.workflow  [0m|[34;20m [Node] Executing "ResampleSegmentation" <nipype.interfaces.ants.resampling.ApplyTransforms>[0m
2026-03-27 02:40:51 |[34;20m INFO     [0m|[34;20m nipype.workflow  [0m|[34;20m [Node] Finished "ds_report_norm", elapsed time 0.005213s.[0m
2026-03-27 02:40:51 |[34;20m INFO     [0m|[34;20m nipype.workflow  [0m|[34;20m [Node] Finished "final_masked", elapsed time 0.030297s.[0m
2026-03-27 02:40:51 |[34;20m INFO     [0m|[34;20m nipype.workflow  [0m|[34;20m [Node] Setting-up "_datasink0" in "/local/nvme/ds004996_20.784026/ds/tmp/mriqc_wf/funcMRIQC/ComputeIQMs/bcbfda16d42137c888aa2a730b06d49b8089566e/datasink/mapflow/_datasink0".[0m
2026-03-27 02:40:52 |[34;20m INFO     [0m|[34;20m nipype.workflow  [0m|[34;20m [Node] Executing "_datasink0" <mriqc.interfaces.bids.IQMFileSink>[0m
2026-03-27 02:40:52 |[34;20m INFO     [0m|[34;20m nipype.workflow  [0m|[34;20m [Node] Finished "_datasink0", elapsed time 0.000633s.[0m
2026-03-27 02:40:52 |[34;20m INFO     [0m|[34;20m nipype.workflow  [0m|[34;20m [Node] Setting-up "_ds_timeseries0" in "/local/nvme/ds004996_20.784026/ds/tmp/mriqc_wf/funcMRIQC/ComputeIQMs/bcbfda16d42137c888aa2a730b06d49b8089566e/ds_timeseries/mapflow/_ds_timeseries0".[0m
2026-03-27 02:40:52 |[34;20m INFO     [0m|[34;20m nipype.workflow  [0m|[34;20m [Node] Executing "_ds_timeseries0" <mriqc.interfaces.DerivativesDataSink>[0m
2026-03-27 02:40:52 |[34;20m INFO     [0m|[34;20m nipype.workflow  [0m|[34;20m [Node] Finished "_ds_timeseries0", elapsed time 0.004092s.[0m
2026-03-27 02:40:52 |[34;20m INFO     [0m|[34;20m nipype.workflow  [0m|[34;20m [Node] Setting-up "_ds_report_carpet0" in "/local/nvme/ds004996_20.784026/ds/tmp/mriqc_wf/funcMRIQC/func_report_wf/e78a5104f1d8c3aaf2c6928840ed98354319b2be/ds_report_carpet/mapflow/_ds_report_carpet0".[0m
2026-03-27 02:40:52 |[34;20m INFO     [0m|[34;20m nipype.workflow  [0m|[34;20m [Node] Executing "_ds_report_carpet0" <mriqc.interfaces.DerivativesDataSink>[0m
2026-03-27 02:40:52 |[34;20m INFO     [0m|[34;20m nipype.workflow  [0m|[34;20m [Node] Finished "_ds_report_carpet0", elapsed time 0.005117s.[0m
2026-03-27 02:40:54 |[34;20m INFO     [0m|[34;20m nipype.workflow  [0m|[34;20m [Node] Finished "ResampleSegmentation", elapsed time 2.520253s.[0m
2026-03-27 02:40:54 |[34;20m INFO     [0m|[34;20m nipype.workflow  [0m|[34;20m [Node] Finished "ResampleSegmentation", elapsed time 2.444205s.[0m
2026-03-27 02:40:55 |[34;20m INFO     [0m|[34;20m nipype.workflow  [0m|[34;20m [Node] Setting-up "mriqc_wf.funcMRIQC.func_report_wf.parcels" in "/local/nvme/ds004996_20.784026/ds/tmp/mriqc_wf/funcMRIQC/func_report_wf/6ef71a0af4d0810206428a089c08e950c20e01f5/parcels".[0m
2026-03-27 02:40:55 |[34;20m INFO     [0m|[34;20m nipype.workflow  [0m|[34;20m [Node] Setting-up "mriqc_wf.funcMRIQC.func_report_wf.parcels" in "/local/nvme/ds004996_20.784026/ds/tmp/mriqc_wf/funcMRIQC/func_report_wf/bcbfda16d42137c888aa2a730b06d49b8089566e/parcels".[0m
2026-03-27 02:40:55 |[34;20m INFO     [0m|[34;20m nipype.workflow  [0m|[34;20m [Node] Executing "parcels" <nipype.interfaces.utility.wrappers.Function>[0m
2026-03-27 02:40:55 |[34;20m INFO     [0m|[34;20m nipype.workflow  [0m|[34;20m [Node] Executing "parcels" <nipype.interfaces.utility.wrappers.Function>[0m
2026-03-27 02:40:55 |[34;20m INFO     [0m|[34;20m nipype.workflow  [0m|[34;20m [Node] Finished "parcels", elapsed time 0.022113s.[0m
2026-03-27 02:40:55 |[34;20m INFO     [0m|[34;20m nipype.workflow  [0m|[34;20m [Node] Finished "parcels", elapsed time 0.02769s.[0m
2026-03-27 02:40:57 |[34;20m INFO     [0m|[34;20m nipype.workflow  [0m|[34;20m [Node] Setting-up "_BigPlot0" in "/local/nvme/ds004996_20.784026/ds/tmp/mriqc_wf/funcMRIQC/func_report_wf/6ef71a0af4d0810206428a089c08e950c20e01f5/BigPlot/mapflow/_BigPlot0".[0m
2026-03-27 02:40:57 |[34;20m INFO     [0m|[34;20m nipype.workflow  [0m|[34;20m [Node] Executing "_BigPlot0" <nireports.interfaces.fmri.FMRISummary>[0m
2026-03-27 02:40:57 |[34;20m INFO     [0m|[34;20m nipype.workflow  [0m|[34;20m [Node] Setting-up "_BigPlot0" in "/local/nvme/ds004996_20.784026/ds/tmp/mriqc_wf/funcMRIQC/func_report_wf/bcbfda16d42137c888aa2a730b06d49b8089566e/BigPlot/mapflow/_BigPlot0".[0m
2026-03-27 02:40:57 |[34;20m INFO     [0m|[34;20m nipype.workflow  [0m|[34;20m [Node] Executing "_BigPlot0" <nireports.interfaces.fmri.FMRISummary>[0m
2026-03-27 02:41:01 |[34;20m INFO     [0m|[34;20m nipype.workflow  [0m|[34;20m [Node] Finished "_BigPlot0", elapsed time 4.161493s.[0m
2026-03-27 02:41:02 |[34;20m INFO     [0m|[34;20m nipype.workflow  [0m|[34;20m [Node] Finished "_BigPlot0", elapsed time 4.397233s.[0m
2026-03-27 02:41:03 |[34;20m INFO     [0m|[34;20m nipype.workflow  [0m|[34;20m [Node] Setting-up "_ds_report_carpet0" in "/local/nvme/ds004996_20.784026/ds/tmp/mriqc_wf/funcMRIQC/func_report_wf/6ef71a0af4d0810206428a089c08e950c20e01f5/ds_report_carpet/mapflow/_ds_report_carpet0".[0m
2026-03-27 02:41:03 |[34;20m INFO     [0m|[34;20m nipype.workflow  [0m|[34;20m [Node] Executing "_ds_report_carpet0" <mriqc.interfaces.DerivativesDataSink>[0m
2026-03-27 02:41:03 |[34;20m INFO     [0m|[34;20m nipype.workflow  [0m|[34;20m [Node] Finished "_ds_report_carpet0", elapsed time 0.005014s.[0m
2026-03-27 02:41:03 |[34;20m INFO     [0m|[34;20m nipype.workflow  [0m|[34;20m [Node] Setting-up "_ds_report_carpet0" in "/local/nvme/ds004996_20.784026/ds/tmp/mriqc_wf/funcMRIQC/func_report_wf/bcbfda16d42137c888aa2a730b06d49b8089566e/ds_report_carpet/mapflow/_ds_report_carpet0".[0m
2026-03-27 02:41:03 |[34;20m INFO     [0m|[34;20m nipype.workflow  [0m|[34;20m [Node] Executing "_ds_report_carpet0" <mriqc.interfaces.DerivativesDataSink>[0m
2026-03-27 02:41:03 |[34;20m INFO     [0m|[34;20m nipype.workflow  [0m|[34;20m [Node] Finished "_ds_report_carpet0", elapsed time 0.004969s.[0m
2026-03-27 02:41:05 |[34;20m INFO     [0m|[34;20m nipype.workflow  [0m|[34;20m Generating reports...[0m
2026-03-27 02:41:06 |[34;20m INFO     [0m|[34;20m nipype.workflow  [0m|[34;20m Report generation finished (3 reports).[0m
2026-03-27 02:41:06 |[33;20m IMPORTANT [0m|[33;20m mriqc            [0m|[33;20m Participant level finished successfully averaging 00h 07min 09s per subject.[0m
2026-03-27 02:41:06 |[34;20m INFO     [0m|[34;20m mriqc            [0m|[34;20m Generating BIDS derivatives metadata.[0m
----------------------------------------------------------------
  MRIQC completed (elapsed time 00h 21min 27s).
----------------------------------------------------------------

