------------------------------------------------------------------
  Running MRIQC version 24.1.0.dev0+gd5b13cb5.d20240826
  ----------------------------------------------------------------

  NOTICE
  Copyright © The NiPreps Developers.
  
  This product includes software developed by
  the NiPreps Community (https://nipreps.org/).
  
  Portions of this software were developed at the Department of
  Psychology at Stanford University, Stanford, CA, US.
  
  This software contains code ultimately derived from the
  PCP Quality Assessment Protocol (QAP;
  http://preprocessed-connectomes-project.org/quality-assessment-protocol)
  by C. Craddock, S. Giavasis, D. Clark, Z. Shezhad, and J. Pellman.
  
  This software is also distributed as a Docker container image.
  The bootstrapping file for the image ("Dockerfile") is licensed
  under the MIT License.

  ----------------------------------------------------------------

  * BIDS dataset path: /local/nvme/ds004996_30.784026/ds/sourcedata/raw.
  * Output folder: mriqc.
  * Analysis levels: ['participant'].
------------------------------------------------------------------

2026-03-27 02:36:50 |[33;20m IMPORTANT [0m|[33;20m mriqc            [0m|[33;20m Extracting metadata and entities for 3 input runs of modality 'bold'...[0m
2026-03-27 02:36:50 |[33;20m IMPORTANT [0m|[33;20m mriqc            [0m|[33;20m File size ('bold'): 0.41|0.41 GB [maximum|average].[0m
2026-03-27 02:36:50 |[34;20m INFO     [0m|[34;20m mriqc            [0m|[34;20m MRIQC config file: /local/nvme/ds004996_30.784026/ds/tmp/config-20260327-023648_9f77f1e2-52bd-4363-bb28-6fae7cf0e911.toml.[0m
2026-03-27 02:36:56 |[34;20m INFO     [0m|[34;20m matplotlib.font_manager [0m|[34;20m generated new fontManager[0m
2026-03-27 02:36:57 |[33;20m IMPORTANT [0m|[33;20m mriqc            [0m|[33;20m Building MRIQC's workflows...[0m
2026-03-27 02:36:57 |[34;20m INFO     [0m|[34;20m nipype.workflow  [0m|[34;20m Building functional MRIQC workflow for 3 BOLD runs..[0m
2026-03-27 02:37:03 |[33;20m IMPORTANT [0m|[33;20m mriqc            [0m|[33;20m Workflow building finished (exit code 0).[0m
2026-03-27 02:37:08 |[34;20m INFO     [0m|[34;20m nipype.workflow  [0m|[34;20m Workflow mriqc_wf settings: ['check', 'execution', 'logging', 'monitoring'][0m
2026-03-27 02:37:08 |[34;20m INFO     [0m|[34;20m nipype.workflow  [0m|[34;20m [Node] Setting-up "mriqc_wf.funcMRIQC.pick_echo" in "/local/nvme/ds004996_30.784026/ds/tmp/mriqc_wf/funcMRIQC/30152c1ba51b0976f4a68d221f21b6ef7d7823f3/pick_echo".[0m
2026-03-27 02:37:08 |[34;20m INFO     [0m|[34;20m nipype.workflow  [0m|[34;20m [Node] Setting-up "_provenance0" in "/local/nvme/ds004996_30.784026/ds/tmp/mriqc_wf/funcMRIQC/ComputeIQMs/30152c1ba51b0976f4a68d221f21b6ef7d7823f3/provenance/mapflow/_provenance0".[0m
2026-03-27 02:37:08 |[34;20m INFO     [0m|[34;20m nipype.workflow  [0m|[34;20m [Node] Executing "_provenance0" <mriqc.interfaces.reports.AddProvenance>[0m
2026-03-27 02:37:08 |[34;20m INFO     [0m|[34;20m nipype.workflow  [0m|[34;20m [Node] Executing "pick_echo" <mriqc.interfaces.functional.SelectEcho>[0m
2026-03-27 02:37:08 |[34;20m INFO     [0m|[34;20m nipype.workflow  [0m|[34;20m [Node] Finished "pick_echo", elapsed time 0.000549s.[0m
2026-03-27 02:37:09 |[34;20m INFO     [0m|[34;20m nipype.workflow  [0m|[34;20m [Node] Finished "_provenance0", elapsed time 0.848448s.[0m
2026-03-27 02:37:09 |[34;20m INFO     [0m|[34;20m nipype.workflow  [0m|[34;20m [Node] Setting-up "_provenance0" in "/local/nvme/ds004996_30.784026/ds/tmp/mriqc_wf/funcMRIQC/ComputeIQMs/fbbd97601d2cb3d1268527806a7203eb727ccd63/provenance/mapflow/_provenance0".[0m
2026-03-27 02:37:09 |[34;20m INFO     [0m|[34;20m nipype.workflow  [0m|[34;20m [Node] Setting-up "mriqc_wf.funcMRIQC.pick_echo" in "/local/nvme/ds004996_30.784026/ds/tmp/mriqc_wf/funcMRIQC/fbbd97601d2cb3d1268527806a7203eb727ccd63/pick_echo".[0m
2026-03-27 02:37:09 |[34;20m INFO     [0m|[34;20m nipype.workflow  [0m|[34;20m [Node] Executing "_provenance0" <mriqc.interfaces.reports.AddProvenance>[0m
2026-03-27 02:37:09 |[34;20m INFO     [0m|[34;20m nipype.workflow  [0m|[34;20m [Node] Executing "pick_echo" <mriqc.interfaces.functional.SelectEcho>[0m
2026-03-27 02:37:09 |[34;20m INFO     [0m|[34;20m nipype.workflow  [0m|[34;20m [Node] Finished "pick_echo", elapsed time 0.000619s.[0m
2026-03-27 02:37:10 |[34;20m INFO     [0m|[34;20m nipype.workflow  [0m|[34;20m [Node] Finished "_provenance0", elapsed time 0.841174s.[0m
2026-03-27 02:37:10 |[34;20m INFO     [0m|[34;20m nipype.workflow  [0m|[34;20m [Node] Setting-up "_provenance0" in "/local/nvme/ds004996_30.784026/ds/tmp/mriqc_wf/funcMRIQC/ComputeIQMs/fa991c94427f821bc15afd575685f8d6e30cc056/provenance/mapflow/_provenance0".[0m
2026-03-27 02:37:10 |[34;20m INFO     [0m|[34;20m nipype.workflow  [0m|[34;20m [Node] Setting-up "mriqc_wf.funcMRIQC.pick_echo" in "/local/nvme/ds004996_30.784026/ds/tmp/mriqc_wf/funcMRIQC/fa991c94427f821bc15afd575685f8d6e30cc056/pick_echo".[0m
2026-03-27 02:37:10 |[34;20m INFO     [0m|[34;20m nipype.workflow  [0m|[34;20m [Node] Executing "_provenance0" <mriqc.interfaces.reports.AddProvenance>[0m
2026-03-27 02:37:10 |[34;20m INFO     [0m|[34;20m nipype.workflow  [0m|[34;20m [Node] Executing "pick_echo" <mriqc.interfaces.functional.SelectEcho>[0m
2026-03-27 02:37:10 |[34;20m INFO     [0m|[34;20m nipype.workflow  [0m|[34;20m [Node] Finished "pick_echo", elapsed time 0.000699s.[0m
2026-03-27 02:37:11 |[34;20m INFO     [0m|[34;20m nipype.workflow  [0m|[34;20m [Node] Finished "_provenance0", elapsed time 0.843145s.[0m
2026-03-27 02:37:11 |[34;20m INFO     [0m|[34;20m nipype.workflow  [0m|[34;20m [Node] Setting-up "mriqc_wf.funcMRIQC.non_steady_state_detector" in "/local/nvme/ds004996_30.784026/ds/tmp/mriqc_wf/funcMRIQC/30152c1ba51b0976f4a68d221f21b6ef7d7823f3/non_steady_state_detector".[0m
2026-03-27 02:37:11 |[34;20m INFO     [0m|[34;20m nipype.workflow  [0m|[34;20m [Node] Setting-up "mriqc_wf.funcMRIQC.non_steady_state_detector" in "/local/nvme/ds004996_30.784026/ds/tmp/mriqc_wf/funcMRIQC/fbbd97601d2cb3d1268527806a7203eb727ccd63/non_steady_state_detector".[0m
2026-03-27 02:37:11 |[34;20m INFO     [0m|[34;20m nipype.workflow  [0m|[34;20m [Node] Setting-up "mriqc_wf.funcMRIQC.non_steady_state_detector" in "/local/nvme/ds004996_30.784026/ds/tmp/mriqc_wf/funcMRIQC/fa991c94427f821bc15afd575685f8d6e30cc056/non_steady_state_detector".[0m
2026-03-27 02:37:11 |[34;20m INFO     [0m|[34;20m nipype.workflow  [0m|[34;20m [Node] Executing "non_steady_state_detector" <nipype.algorithms.confounds.NonSteadyStateDetector>[0m
2026-03-27 02:37:11 |[34;20m INFO     [0m|[34;20m nipype.workflow  [0m|[34;20m [Node] Executing "non_steady_state_detector" <nipype.algorithms.confounds.NonSteadyStateDetector>[0m
2026-03-27 02:37:11 |[34;20m INFO     [0m|[34;20m nipype.workflow  [0m|[34;20m [Node] Executing "non_steady_state_detector" <nipype.algorithms.confounds.NonSteadyStateDetector>[0m
2026-03-27 02:37:11 |[34;20m INFO     [0m|[34;20m nipype.workflow  [0m|[34;20m [Node] Finished "non_steady_state_detector", elapsed time 0.030248s.[0m
2026-03-27 02:37:11 |[34;20m INFO     [0m|[34;20m nipype.workflow  [0m|[34;20m [Node] Finished "non_steady_state_detector", elapsed time 0.030516s.[0m
2026-03-27 02:37:11 |[34;20m INFO     [0m|[34;20m nipype.workflow  [0m|[34;20m [Node] Finished "non_steady_state_detector", elapsed time 0.036444s.[0m
2026-03-27 02:37:13 |[34;20m INFO     [0m|[34;20m nipype.workflow  [0m|[34;20m [Node] Setting-up "_sanitize0" in "/local/nvme/ds004996_30.784026/ds/tmp/mriqc_wf/funcMRIQC/fa991c94427f821bc15afd575685f8d6e30cc056/sanitize/mapflow/_sanitize0".[0m
2026-03-27 02:37:13 |[34;20m INFO     [0m|[34;20m nipype.workflow  [0m|[34;20m [Node] Setting-up "_sanitize0" in "/local/nvme/ds004996_30.784026/ds/tmp/mriqc_wf/funcMRIQC/30152c1ba51b0976f4a68d221f21b6ef7d7823f3/sanitize/mapflow/_sanitize0".[0m
2026-03-27 02:37:13 |[34;20m INFO     [0m|[34;20m nipype.workflow  [0m|[34;20m [Node] Setting-up "_sanitize0" in "/local/nvme/ds004996_30.784026/ds/tmp/mriqc_wf/funcMRIQC/fbbd97601d2cb3d1268527806a7203eb727ccd63/sanitize/mapflow/_sanitize0".[0m
2026-03-27 02:37:13 |[34;20m INFO     [0m|[34;20m nipype.workflow  [0m|[34;20m [Node] Executing "_sanitize0" <niworkflows.interfaces.header.SanitizeImage>[0m
2026-03-27 02:37:13 |[34;20m INFO     [0m|[34;20m nipype.workflow  [0m|[34;20m [Node] Executing "_sanitize0" <niworkflows.interfaces.header.SanitizeImage>[0m
2026-03-27 02:37:13 |[34;20m INFO     [0m|[34;20m nipype.workflow  [0m|[34;20m [Node] Executing "_sanitize0" <niworkflows.interfaces.header.SanitizeImage>[0m
2026-03-27 02:37:14 |[34;20m INFO     [0m|[34;20m nipype.workflow  [0m|[34;20m [Node] Finished "_sanitize0", elapsed time 0.736825s.[0m
2026-03-27 02:37:14 |[34;20m INFO     [0m|[34;20m nipype.workflow  [0m|[34;20m [Node] Finished "_sanitize0", elapsed time 0.740492s.[0m
2026-03-27 02:37:14 |[34;20m INFO     [0m|[34;20m nipype.workflow  [0m|[34;20m [Node] Finished "_sanitize0", elapsed time 0.747006s.[0m
2026-03-27 02:37:15 |[34;20m INFO     [0m|[34;20m nipype.workflow  [0m|[34;20m [Node] Setting-up "mriqc_wf.funcMRIQC.fMRI_HMC.estimate_hm" in "/local/nvme/ds004996_30.784026/ds/tmp/mriqc_wf/funcMRIQC/fMRI_HMC/30152c1ba51b0976f4a68d221f21b6ef7d7823f3/estimate_hm".[0m
2026-03-27 02:37:15 |[34;20m INFO     [0m|[34;20m nipype.workflow  [0m|[34;20m [Node] Setting-up "mriqc_wf.funcMRIQC.fMRI_HMC.estimate_hm" in "/local/nvme/ds004996_30.784026/ds/tmp/mriqc_wf/funcMRIQC/fMRI_HMC/fbbd97601d2cb3d1268527806a7203eb727ccd63/estimate_hm".[0m
2026-03-27 02:37:15 |[34;20m INFO     [0m|[34;20m nipype.workflow  [0m|[34;20m [Node] Setting-up "mriqc_wf.funcMRIQC.fMRI_HMC.estimate_hm" in "/local/nvme/ds004996_30.784026/ds/tmp/mriqc_wf/funcMRIQC/fMRI_HMC/fa991c94427f821bc15afd575685f8d6e30cc056/estimate_hm".[0m
2026-03-27 02:37:15 |[34;20m INFO     [0m|[34;20m nipype.workflow  [0m|[34;20m [Node] Executing "estimate_hm" <nipype.interfaces.afni.preprocess.Volreg>[0m
2026-03-27 02:37:15 |[34;20m INFO     [0m|[34;20m nipype.workflow  [0m|[34;20m [Node] Setting-up "_SpikesMask0" in "/local/nvme/ds004996_30.784026/ds/tmp/mriqc_wf/funcMRIQC/func_report_wf/30152c1ba51b0976f4a68d221f21b6ef7d7823f3/SpikesMask/mapflow/_SpikesMask0".[0m
2026-03-27 02:37:15 |[34;20m INFO     [0m|[34;20m nipype.workflow  [0m|[34;20m [Node] Executing "estimate_hm" <nipype.interfaces.afni.preprocess.Volreg>[0m
2026-03-27 02:37:15 |[34;20m INFO     [0m|[34;20m nipype.workflow  [0m|[34;20m [Node] Executing "estimate_hm" <nipype.interfaces.afni.preprocess.Volreg>[0m
2026-03-27 02:37:15 |[34;20m INFO     [0m|[34;20m nipype.workflow  [0m|[34;20m [Node] Setting-up "_SpikesMask0" in "/local/nvme/ds004996_30.784026/ds/tmp/mriqc_wf/funcMRIQC/func_report_wf/fa991c94427f821bc15afd575685f8d6e30cc056/SpikesMask/mapflow/_SpikesMask0".[0m
2026-03-27 02:37:15 |[34;20m INFO     [0m|[34;20m nipype.workflow  [0m|[34;20m [Node] Executing "_SpikesMask0" <nipype.interfaces.utility.wrappers.Function>[0m
2026-03-27 02:37:15 |[34;20m INFO     [0m|[34;20m nipype.workflow  [0m|[34;20m [Node] Setting-up "_SpikesMask0" in "/local/nvme/ds004996_30.784026/ds/tmp/mriqc_wf/funcMRIQC/func_report_wf/fbbd97601d2cb3d1268527806a7203eb727ccd63/SpikesMask/mapflow/_SpikesMask0".[0m
2026-03-27 02:37:15 |[34;20m INFO     [0m|[34;20m nipype.workflow  [0m|[34;20m [Node] Executing "_SpikesMask0" <nipype.interfaces.utility.wrappers.Function>[0m
2026-03-27 02:37:15 |[34;20m INFO     [0m|[34;20m nipype.workflow  [0m|[34;20m [Node] Executing "_SpikesMask0" <nipype.interfaces.utility.wrappers.Function>[0m
2026-03-27 02:37:16 |[34;20m INFO     [0m|[34;20m nipype.workflow  [0m|[34;20m [Node] Finished "_SpikesMask0", elapsed time 1.579399s.[0m
2026-03-27 02:37:17 |[34;20m INFO     [0m|[34;20m nipype.workflow  [0m|[34;20m [Node] Finished "_SpikesMask0", elapsed time 1.800415s.[0m
2026-03-27 02:37:17 |[34;20m INFO     [0m|[34;20m nipype.workflow  [0m|[34;20m [Node] Finished "_SpikesMask0", elapsed time 1.807076s.[0m
2026-03-27 02:37:17 |[34;20m INFO     [0m|[34;20m nipype.workflow  [0m|[34;20m [Node] Setting-up "_SpikesFinderBgMask0" in "/local/nvme/ds004996_30.784026/ds/tmp/mriqc_wf/funcMRIQC/func_report_wf/30152c1ba51b0976f4a68d221f21b6ef7d7823f3/SpikesFinderBgMask/mapflow/_SpikesFinderBgMask0".[0m
2026-03-27 02:37:17 |[34;20m INFO     [0m|[34;20m nipype.workflow  [0m|[34;20m [Node] Executing "_SpikesFinderBgMask0" <mriqc.interfaces.functional.Spikes>[0m
2026-03-27 02:37:17 |[34;20m INFO     [0m|[34;20m nipype.workflow  [0m|[34;20m [Node] Setting-up "_SpikesFinderBgMask0" in "/local/nvme/ds004996_30.784026/ds/tmp/mriqc_wf/funcMRIQC/func_report_wf/fbbd97601d2cb3d1268527806a7203eb727ccd63/SpikesFinderBgMask/mapflow/_SpikesFinderBgMask0".[0m
2026-03-27 02:37:17 |[34;20m INFO     [0m|[34;20m nipype.workflow  [0m|[34;20m [Node] Setting-up "_SpikesFinderBgMask0" in "/local/nvme/ds004996_30.784026/ds/tmp/mriqc_wf/funcMRIQC/func_report_wf/fa991c94427f821bc15afd575685f8d6e30cc056/SpikesFinderBgMask/mapflow/_SpikesFinderBgMask0".[0m
2026-03-27 02:37:17 |[34;20m INFO     [0m|[34;20m nipype.workflow  [0m|[34;20m [Node] Executing "_SpikesFinderBgMask0" <mriqc.interfaces.functional.Spikes>[0m
2026-03-27 02:37:17 |[34;20m INFO     [0m|[34;20m nipype.workflow  [0m|[34;20m [Node] Executing "_SpikesFinderBgMask0" <mriqc.interfaces.functional.Spikes>[0m
2026-03-27 02:37:20 |[34;20m INFO     [0m|[34;20m nipype.workflow  [0m|[34;20m [Node] Finished "_SpikesFinderBgMask0", elapsed time 2.797262s.[0m
2026-03-27 02:37:20 |[34;20m INFO     [0m|[34;20m nipype.workflow  [0m|[34;20m [Node] Finished "_SpikesFinderBgMask0", elapsed time 3.254969s.[0m
2026-03-27 02:37:20 |[34;20m INFO     [0m|[34;20m nipype.workflow  [0m|[34;20m [Node] Finished "_SpikesFinderBgMask0", elapsed time 3.324084s.[0m
2026-03-27 02:51:49 |[34;20m INFO     [0m|[34;20m nipype.workflow  [0m|[34;20m [Node] Finished "estimate_hm", elapsed time 874.037085s.[0m
2026-03-27 02:51:51 |[34;20m INFO     [0m|[34;20m nipype.workflow  [0m|[34;20m [Node] Setting-up "mriqc_wf.funcMRIQC.fMRI_HMC.ComputeFD" in "/local/nvme/ds004996_30.784026/ds/tmp/mriqc_wf/funcMRIQC/fMRI_HMC/fa991c94427f821bc15afd575685f8d6e30cc056/ComputeFD".[0m
2026-03-27 02:51:51 |[34;20m INFO     [0m|[34;20m nipype.workflow  [0m|[34;20m [Node] Executing "ComputeFD" <nipype.algorithms.confounds.FramewiseDisplacement>[0m
2026-03-27 02:51:51 |[34;20m INFO     [0m|[34;20m nipype.workflow  [0m|[34;20m [Node] Finished "ComputeFD", elapsed time 0.006777s.[0m
2026-03-27 02:52:23 |[34;20m INFO     [0m|[34;20m nipype.workflow  [0m|[34;20m [Node] Finished "estimate_hm", elapsed time 908.539814s.[0m
2026-03-27 02:52:25 |[34;20m INFO     [0m|[34;20m nipype.workflow  [0m|[34;20m [Node] Setting-up "mriqc_wf.funcMRIQC.fMRI_HMC.ComputeFD" in "/local/nvme/ds004996_30.784026/ds/tmp/mriqc_wf/funcMRIQC/fMRI_HMC/30152c1ba51b0976f4a68d221f21b6ef7d7823f3/ComputeFD".[0m
2026-03-27 02:52:25 |[34;20m INFO     [0m|[34;20m nipype.workflow  [0m|[34;20m [Node] Executing "ComputeFD" <nipype.algorithms.confounds.FramewiseDisplacement>[0m
2026-03-27 02:52:25 |[34;20m INFO     [0m|[34;20m nipype.workflow  [0m|[34;20m [Node] Finished "ComputeFD", elapsed time 0.006725s.[0m
2026-03-27 02:52:29 |[34;20m INFO     [0m|[34;20m nipype.workflow  [0m|[34;20m [Node] Finished "estimate_hm", elapsed time 914.079503s.[0m
2026-03-27 02:52:31 |[34;20m INFO     [0m|[34;20m nipype.workflow  [0m|[34;20m [Node] Setting-up "_apply_hmc0" in "/local/nvme/ds004996_30.784026/ds/tmp/mriqc_wf/funcMRIQC/fMRI_HMC/30152c1ba51b0976f4a68d221f21b6ef7d7823f3/apply_hmc/mapflow/_apply_hmc0".[0m
2026-03-27 02:52:31 |[34;20m INFO     [0m|[34;20m nipype.workflow  [0m|[34;20m [Node] Executing "_apply_hmc0" <nipype.interfaces.utility.wrappers.Function>[0m
2026-03-27 02:52:50 |[34;20m INFO     [0m|[34;20m nipype.workflow  [0m|[34;20m [Node] Finished "_apply_hmc0", elapsed time 18.865026s.[0m
2026-03-27 02:52:51 |[34;20m INFO     [0m|[34;20m nipype.workflow  [0m|[34;20m [Node] Setting-up "_apply_hmc0" in "/local/nvme/ds004996_30.784026/ds/tmp/mriqc_wf/funcMRIQC/fMRI_HMC/fbbd97601d2cb3d1268527806a7203eb727ccd63/apply_hmc/mapflow/_apply_hmc0".[0m
2026-03-27 02:52:51 |[34;20m INFO     [0m|[34;20m nipype.workflow  [0m|[34;20m [Node] Executing "_apply_hmc0" <nipype.interfaces.utility.wrappers.Function>[0m
2026-03-27 02:53:10 |[34;20m INFO     [0m|[34;20m nipype.workflow  [0m|[34;20m [Node] Finished "_apply_hmc0", elapsed time 19.196608s.[0m
2026-03-27 02:53:11 |[34;20m INFO     [0m|[34;20m nipype.workflow  [0m|[34;20m [Node] Setting-up "mriqc_wf.funcMRIQC.fMRI_HMC.ComputeFD" in "/local/nvme/ds004996_30.784026/ds/tmp/mriqc_wf/funcMRIQC/fMRI_HMC/fbbd97601d2cb3d1268527806a7203eb727ccd63/ComputeFD".[0m
2026-03-27 02:53:11 |[34;20m INFO     [0m|[34;20m nipype.workflow  [0m|[34;20m [Node] Executing "ComputeFD" <nipype.algorithms.confounds.FramewiseDisplacement>[0m
2026-03-27 02:53:11 |[34;20m INFO     [0m|[34;20m nipype.workflow  [0m|[34;20m [Node] Setting-up "_mean0" in "/local/nvme/ds004996_30.784026/ds/tmp/mriqc_wf/funcMRIQC/30152c1ba51b0976f4a68d221f21b6ef7d7823f3/mean/mapflow/_mean0".[0m
2026-03-27 02:53:11 |[34;20m INFO     [0m|[34;20m nipype.workflow  [0m|[34;20m [Node] Setting-up "_compute_tsnr0" in "/local/nvme/ds004996_30.784026/ds/tmp/mriqc_wf/funcMRIQC/30152c1ba51b0976f4a68d221f21b6ef7d7823f3/compute_tsnr/mapflow/_compute_tsnr0".[0m
2026-03-27 02:53:11 |[34;20m INFO     [0m|[34;20m nipype.workflow  [0m|[34;20m [Node] Executing "_mean0" <nipype.interfaces.afni.utils.TStat>[0m
2026-03-27 02:53:11 |[34;20m INFO     [0m|[34;20m nipype.workflow  [0m|[34;20m [Node] Executing "_compute_tsnr0" <nipype.algorithms.confounds.TSNR>[0m
2026-03-27 02:53:11 |[34;20m INFO     [0m|[34;20m nipype.workflow  [0m|[34;20m [Node] Setting-up "_quality0" in "/local/nvme/ds004996_30.784026/ds/tmp/mriqc_wf/funcMRIQC/ComputeIQMs/30152c1ba51b0976f4a68d221f21b6ef7d7823f3/quality/mapflow/_quality0".[0m
2026-03-27 02:53:11 |[34;20m INFO     [0m|[34;20m nipype.workflow  [0m|[34;20m [Node] Executing "_quality0" <nipype.interfaces.afni.preprocess.QualityIndex>[0m
2026-03-27 02:53:11 |[34;20m INFO     [0m|[34;20m nipype.workflow  [0m|[34;20m [Node] Setting-up "_mean0" in "/local/nvme/ds004996_30.784026/ds/tmp/mriqc_wf/funcMRIQC/fbbd97601d2cb3d1268527806a7203eb727ccd63/mean/mapflow/_mean0".[0m
2026-03-27 02:53:11 |[34;20m INFO     [0m|[34;20m nipype.workflow  [0m|[34;20m [Node] Setting-up "_compute_tsnr0" in "/local/nvme/ds004996_30.784026/ds/tmp/mriqc_wf/funcMRIQC/fbbd97601d2cb3d1268527806a7203eb727ccd63/compute_tsnr/mapflow/_compute_tsnr0".[0m
2026-03-27 02:53:11 |[34;20m INFO     [0m|[34;20m nipype.workflow  [0m|[34;20m [Node] Executing "_mean0" <nipype.interfaces.afni.utils.TStat>[0m
2026-03-27 02:53:11 |[34;20m INFO     [0m|[34;20m nipype.workflow  [0m|[34;20m [Node] Executing "_compute_tsnr0" <nipype.algorithms.confounds.TSNR>[0m
2026-03-27 02:53:11 |[34;20m INFO     [0m|[34;20m nipype.workflow  [0m|[34;20m [Node] Setting-up "_quality0" in "/local/nvme/ds004996_30.784026/ds/tmp/mriqc_wf/funcMRIQC/ComputeIQMs/fbbd97601d2cb3d1268527806a7203eb727ccd63/quality/mapflow/_quality0".[0m
2026-03-27 02:53:11 |[34;20m INFO     [0m|[34;20m nipype.workflow  [0m|[34;20m [Node] Finished "ComputeFD", elapsed time 0.006775s.[0m
2026-03-27 02:53:11 |[34;20m INFO     [0m|[34;20m nipype.workflow  [0m|[34;20m [Node] Executing "_quality0" <nipype.interfaces.afni.preprocess.QualityIndex>[0m
2026-03-27 02:53:12 |[34;20m INFO     [0m|[34;20m nipype.workflow  [0m|[34;20m [Node] Finished "_compute_tsnr0", elapsed time 1.397555s.[0m
2026-03-27 02:53:12 |[34;20m INFO     [0m|[34;20m nipype.workflow  [0m|[34;20m [Node] Finished "_compute_tsnr0", elapsed time 1.418688s.[0m
2026-03-27 02:53:13 |[34;20m INFO     [0m|[34;20m nipype.workflow  [0m|[34;20m [Node] Setting-up "_PlotMosaicSD0" in "/local/nvme/ds004996_30.784026/ds/tmp/mriqc_wf/funcMRIQC/func_report_wf/30152c1ba51b0976f4a68d221f21b6ef7d7823f3/PlotMosaicSD/mapflow/_PlotMosaicSD0".[0m
2026-03-27 02:53:13 |[34;20m INFO     [0m|[34;20m nipype.workflow  [0m|[34;20m [Node] Setting-up "_PlotMosaicSD0" in "/local/nvme/ds004996_30.784026/ds/tmp/mriqc_wf/funcMRIQC/func_report_wf/fbbd97601d2cb3d1268527806a7203eb727ccd63/PlotMosaicSD/mapflow/_PlotMosaicSD0".[0m
2026-03-27 02:53:13 |[34;20m INFO     [0m|[34;20m nipype.workflow  [0m|[34;20m [Node] Executing "_PlotMosaicSD0" <nireports.interfaces.mosaic.PlotMosaic>[0m
2026-03-27 02:53:13 |[34;20m INFO     [0m|[34;20m nipype.workflow  [0m|[34;20m [Node] Executing "_PlotMosaicSD0" <nireports.interfaces.mosaic.PlotMosaic>[0m
2026-03-27 02:53:14 |[34;20m INFO     [0m|[34;20m nipype.workflow  [0m|[34;20m [Node] Finished "_mean0", elapsed time 2.913336s.[0m
2026-03-27 02:53:14 |[34;20m INFO     [0m|[34;20m nipype.workflow  [0m|[34;20m [Node] Finished "_mean0", elapsed time 3.213077s.[0m
2026-03-27 02:53:14 |[34;20m INFO     [0m|[34;20m nipype.workflow  [0m|[34;20m [Node] Finished "_PlotMosaicSD0", elapsed time 1.2964s.[0m
2026-03-27 02:53:14 |[34;20m INFO     [0m|[34;20m nipype.workflow  [0m|[34;20m [Node] Finished "_PlotMosaicSD0", elapsed time 1.376137s.[0m
2026-03-27 02:53:15 |[34;20m INFO     [0m|[34;20m nipype.workflow  [0m|[34;20m [Node] Setting-up "mriqc_wf.funcMRIQC.synthstrip_wf.pre_clip" in "/local/nvme/ds004996_30.784026/ds/tmp/mriqc_wf/funcMRIQC/synthstrip_wf/30152c1ba51b0976f4a68d221f21b6ef7d7823f3/pre_clip".[0m
2026-03-27 02:53:15 |[34;20m INFO     [0m|[34;20m nipype.workflow  [0m|[34;20m [Node] Setting-up "mriqc_wf.funcMRIQC.SpatialNormalization.SharpenEPI" in "/local/nvme/ds004996_30.784026/ds/tmp/mriqc_wf/funcMRIQC/SpatialNormalization/30152c1ba51b0976f4a68d221f21b6ef7d7823f3/SharpenEPI".[0m
2026-03-27 02:53:15 |[34;20m INFO     [0m|[34;20m nipype.workflow  [0m|[34;20m [Node] Setting-up "mriqc_wf.funcMRIQC.synthstrip_wf.pre_clip" in "/local/nvme/ds004996_30.784026/ds/tmp/mriqc_wf/funcMRIQC/synthstrip_wf/fbbd97601d2cb3d1268527806a7203eb727ccd63/pre_clip".[0m
2026-03-27 02:53:15 |[34;20m INFO     [0m|[34;20m nipype.workflow  [0m|[34;20m [Node] Executing "pre_clip" <niworkflows.interfaces.nibabel.IntensityClip>[0m
2026-03-27 02:53:15 |[34;20m INFO     [0m|[34;20m nipype.workflow  [0m|[34;20m [Node] Setting-up "mriqc_wf.funcMRIQC.SpatialNormalization.SharpenEPI" in "/local/nvme/ds004996_30.784026/ds/tmp/mriqc_wf/funcMRIQC/SpatialNormalization/fbbd97601d2cb3d1268527806a7203eb727ccd63/SharpenEPI".[0m
2026-03-27 02:53:15 |[34;20m INFO     [0m|[34;20m nipype.workflow  [0m|[34;20m [Node] Setting-up "_PlotMosaicMean0" in "/local/nvme/ds004996_30.784026/ds/tmp/mriqc_wf/funcMRIQC/func_report_wf/30152c1ba51b0976f4a68d221f21b6ef7d7823f3/PlotMosaicMean/mapflow/_PlotMosaicMean0".[0m
2026-03-27 02:53:15 |[34;20m INFO     [0m|[34;20m nipype.workflow  [0m|[34;20m [Node] Executing "pre_clip" <niworkflows.interfaces.nibabel.IntensityClip>[0m
2026-03-27 02:53:15 |[34;20m INFO     [0m|[34;20m nipype.workflow  [0m|[34;20m [Node] Executing "SharpenEPI" <nipype.interfaces.ants.segmentation.N4BiasFieldCorrection>[0m
2026-03-27 02:53:15 |[34;20m INFO     [0m|[34;20m nipype.workflow  [0m|[34;20m [Node] Setting-up "_PlotMosaicNoise0" in "/local/nvme/ds004996_30.784026/ds/tmp/mriqc_wf/funcMRIQC/func_report_wf/30152c1ba51b0976f4a68d221f21b6ef7d7823f3/PlotMosaicNoise/mapflow/_PlotMosaicNoise0".[0m
2026-03-27 02:53:15 |[34;20m INFO     [0m|[34;20m nipype.workflow  [0m|[34;20m [Node] Executing "_PlotMosaicMean0" <nireports.interfaces.mosaic.PlotMosaic>[0m
2026-03-27 02:53:15 |[34;20m INFO     [0m|[34;20m nipype.workflow  [0m|[34;20m [Node] Executing "SharpenEPI" <nipype.interfaces.ants.segmentation.N4BiasFieldCorrection>[0m
2026-03-27 02:53:15 |[34;20m INFO     [0m|[34;20m nipype.workflow  [0m|[34;20m [Node] Executing "_PlotMosaicNoise0" <nireports.interfaces.mosaic.PlotMosaic>[0m
2026-03-27 02:53:16 |[34;20m INFO     [0m|[34;20m nipype.workflow  [0m|[34;20m [Node] Finished "pre_clip", elapsed time 0.761412s.[0m
2026-03-27 02:53:16 |[34;20m INFO     [0m|[34;20m nipype.workflow  [0m|[34;20m [Node] Finished "pre_clip", elapsed time 0.775434s.[0m
2026-03-27 02:53:16 |[34;20m INFO     [0m|[34;20m nipype.workflow  [0m|[34;20m [Node] Finished "_PlotMosaicNoise0", elapsed time 1.425618s.[0m
2026-03-27 02:53:16 |[34;20m INFO     [0m|[34;20m nipype.workflow  [0m|[34;20m [Node] Finished "_PlotMosaicMean0", elapsed time 1.448582s.[0m
2026-03-27 02:53:17 |[34;20m INFO     [0m|[34;20m nipype.workflow  [0m|[34;20m [Node] Setting-up "_PlotMosaicMean0" in "/local/nvme/ds004996_30.784026/ds/tmp/mriqc_wf/funcMRIQC/func_report_wf/fbbd97601d2cb3d1268527806a7203eb727ccd63/PlotMosaicMean/mapflow/_PlotMosaicMean0".[0m
2026-03-27 02:53:17 |[34;20m INFO     [0m|[34;20m nipype.workflow  [0m|[34;20m [Node] Executing "_PlotMosaicMean0" <nireports.interfaces.mosaic.PlotMosaic>[0m
2026-03-27 02:53:17 |[34;20m INFO     [0m|[34;20m nipype.workflow  [0m|[34;20m [Node] Setting-up "_PlotMosaicNoise0" in "/local/nvme/ds004996_30.784026/ds/tmp/mriqc_wf/funcMRIQC/func_report_wf/fbbd97601d2cb3d1268527806a7203eb727ccd63/PlotMosaicNoise/mapflow/_PlotMosaicNoise0".[0m
2026-03-27 02:53:17 |[34;20m INFO     [0m|[34;20m nipype.workflow  [0m|[34;20m [Node] Executing "_PlotMosaicNoise0" <nireports.interfaces.mosaic.PlotMosaic>[0m
2026-03-27 02:53:17 |[34;20m INFO     [0m|[34;20m nipype.workflow  [0m|[34;20m [Node] Setting-up "_ds_report_mean0" in "/local/nvme/ds004996_30.784026/ds/tmp/mriqc_wf/funcMRIQC/func_report_wf/30152c1ba51b0976f4a68d221f21b6ef7d7823f3/ds_report_mean/mapflow/_ds_report_mean0".[0m
2026-03-27 02:53:17 |[34;20m INFO     [0m|[34;20m nipype.workflow  [0m|[34;20m [Node] Executing "_ds_report_mean0" <mriqc.interfaces.DerivativesDataSink>[0m
2026-03-27 02:53:17 |[34;20m INFO     [0m|[34;20m nipype.workflow  [0m|[34;20m [Node] Finished "_ds_report_mean0", elapsed time 0.008808s.[0m
2026-03-27 02:53:17 |[34;20m INFO     [0m|[34;20m nipype.workflow  [0m|[34;20m [Node] Setting-up "_ds_report_background0" in "/local/nvme/ds004996_30.784026/ds/tmp/mriqc_wf/funcMRIQC/func_report_wf/30152c1ba51b0976f4a68d221f21b6ef7d7823f3/ds_report_background/mapflow/_ds_report_background0".[0m
2026-03-27 02:53:17 |[34;20m INFO     [0m|[34;20m nipype.workflow  [0m|[34;20m [Node] Executing "_ds_report_background0" <mriqc.interfaces.DerivativesDataSink>[0m
2026-03-27 02:53:17 |[34;20m INFO     [0m|[34;20m nipype.workflow  [0m|[34;20m [Node] Finished "_ds_report_background0", elapsed time 0.005347s.[0m
2026-03-27 02:53:17 |[34;20m INFO     [0m|[34;20m nipype.workflow  [0m|[34;20m [Node] Setting-up "_ds_report_stdev0" in "/local/nvme/ds004996_30.784026/ds/tmp/mriqc_wf/funcMRIQC/func_report_wf/30152c1ba51b0976f4a68d221f21b6ef7d7823f3/ds_report_stdev/mapflow/_ds_report_stdev0".[0m
2026-03-27 02:53:17 |[34;20m INFO     [0m|[34;20m nipype.workflow  [0m|[34;20m [Node] Executing "_ds_report_stdev0" <mriqc.interfaces.DerivativesDataSink>[0m
2026-03-27 02:53:17 |[34;20m INFO     [0m|[34;20m nipype.workflow  [0m|[34;20m [Node] Finished "_ds_report_stdev0", elapsed time 0.005312s.[0m
2026-03-27 02:53:17 |[34;20m INFO     [0m|[34;20m nipype.workflow  [0m|[34;20m [Node] Setting-up "_ds_report_stdev0" in "/local/nvme/ds004996_30.784026/ds/tmp/mriqc_wf/funcMRIQC/func_report_wf/fbbd97601d2cb3d1268527806a7203eb727ccd63/ds_report_stdev/mapflow/_ds_report_stdev0".[0m
2026-03-27 02:53:17 |[34;20m INFO     [0m|[34;20m nipype.workflow  [0m|[34;20m [Node] Executing "_ds_report_stdev0" <mriqc.interfaces.DerivativesDataSink>[0m
2026-03-27 02:53:17 |[34;20m INFO     [0m|[34;20m nipype.workflow  [0m|[34;20m [Node] Finished "_ds_report_stdev0", elapsed time 0.005149s.[0m
2026-03-27 02:53:18 |[34;20m INFO     [0m|[34;20m nipype.workflow  [0m|[34;20m [Node] Finished "_PlotMosaicNoise0", elapsed time 1.418463s.[0m
2026-03-27 02:53:19 |[34;20m INFO     [0m|[34;20m nipype.workflow  [0m|[34;20m [Node] Finished "_PlotMosaicMean0", elapsed time 1.6107740000000002s.[0m
2026-03-27 02:53:19 |[34;20m INFO     [0m|[34;20m nipype.workflow  [0m|[34;20m [Node] Setting-up "_ds_report_mean0" in "/local/nvme/ds004996_30.784026/ds/tmp/mriqc_wf/funcMRIQC/func_report_wf/fbbd97601d2cb3d1268527806a7203eb727ccd63/ds_report_mean/mapflow/_ds_report_mean0".[0m
2026-03-27 02:53:19 |[34;20m INFO     [0m|[34;20m nipype.workflow  [0m|[34;20m [Node] Executing "_ds_report_mean0" <mriqc.interfaces.DerivativesDataSink>[0m
2026-03-27 02:53:19 |[34;20m INFO     [0m|[34;20m nipype.workflow  [0m|[34;20m [Node] Finished "_ds_report_mean0", elapsed time 0.005059s.[0m
2026-03-27 02:53:19 |[34;20m INFO     [0m|[34;20m nipype.workflow  [0m|[34;20m [Node] Setting-up "_ds_report_background0" in "/local/nvme/ds004996_30.784026/ds/tmp/mriqc_wf/funcMRIQC/func_report_wf/fbbd97601d2cb3d1268527806a7203eb727ccd63/ds_report_background/mapflow/_ds_report_background0".[0m
2026-03-27 02:53:19 |[34;20m INFO     [0m|[34;20m nipype.workflow  [0m|[34;20m [Node] Executing "_ds_report_background0" <mriqc.interfaces.DerivativesDataSink>[0m
2026-03-27 02:53:19 |[34;20m INFO     [0m|[34;20m nipype.workflow  [0m|[34;20m [Node] Finished "_ds_report_background0", elapsed time 0.004957s.[0m
2026-03-27 02:53:19 |[34;20m INFO     [0m|[34;20m nipype.workflow  [0m|[34;20m [Node] Finished "SharpenEPI", elapsed time 4.177099s.[0m
2026-03-27 02:53:20 |[34;20m INFO     [0m|[34;20m nipype.workflow  [0m|[34;20m [Node] Finished "SharpenEPI", elapsed time 4.199783s.[0m
2026-03-27 02:53:22 |[34;20m INFO     [0m|[34;20m nipype.workflow  [0m|[34;20m [Node] Finished "_quality0", elapsed time 10.960198s.[0m
2026-03-27 02:53:22 |[34;20m INFO     [0m|[34;20m nipype.workflow  [0m|[34;20m [Node] Finished "_quality0", elapsed time 10.966704s.[0m
2026-03-27 02:53:23 |[34;20m INFO     [0m|[34;20m nipype.workflow  [0m|[34;20m [Node] Setting-up "_apply_hmc0" in "/local/nvme/ds004996_30.784026/ds/tmp/mriqc_wf/funcMRIQC/fMRI_HMC/fa991c94427f821bc15afd575685f8d6e30cc056/apply_hmc/mapflow/_apply_hmc0".[0m
2026-03-27 02:53:23 |[34;20m INFO     [0m|[34;20m nipype.workflow  [0m|[34;20m [Node] Executing "_apply_hmc0" <nipype.interfaces.utility.wrappers.Function>[0m
2026-03-27 02:53:43 |[34;20m INFO     [0m|[34;20m nipype.workflow  [0m|[34;20m [Node] Finished "_apply_hmc0", elapsed time 20.044826s.[0m
2026-03-27 02:53:45 |[34;20m INFO     [0m|[34;20m nipype.workflow  [0m|[34;20m [Node] Setting-up "_mean0" in "/local/nvme/ds004996_30.784026/ds/tmp/mriqc_wf/funcMRIQC/fa991c94427f821bc15afd575685f8d6e30cc056/mean/mapflow/_mean0".[0m
2026-03-27 02:53:45 |[34;20m INFO     [0m|[34;20m nipype.workflow  [0m|[34;20m [Node] Setting-up "_quality0" in "/local/nvme/ds004996_30.784026/ds/tmp/mriqc_wf/funcMRIQC/ComputeIQMs/fa991c94427f821bc15afd575685f8d6e30cc056/quality/mapflow/_quality0".[0m
2026-03-27 02:53:45 |[34;20m INFO     [0m|[34;20m nipype.workflow  [0m|[34;20m [Node] Executing "_mean0" <nipype.interfaces.afni.utils.TStat>[0m
2026-03-27 02:53:45 |[34;20m INFO     [0m|[34;20m nipype.workflow  [0m|[34;20m [Node] Executing "_quality0" <nipype.interfaces.afni.preprocess.QualityIndex>[0m
2026-03-27 02:53:45 |[34;20m INFO     [0m|[34;20m nipype.workflow  [0m|[34;20m [Node] Setting-up "_compute_tsnr0" in "/local/nvme/ds004996_30.784026/ds/tmp/mriqc_wf/funcMRIQC/fa991c94427f821bc15afd575685f8d6e30cc056/compute_tsnr/mapflow/_compute_tsnr0".[0m
2026-03-27 02:53:45 |[34;20m INFO     [0m|[34;20m nipype.workflow  [0m|[34;20m [Node] Executing "_compute_tsnr0" <nipype.algorithms.confounds.TSNR>[0m
2026-03-27 02:53:46 |[34;20m INFO     [0m|[34;20m nipype.workflow  [0m|[34;20m [Node] Finished "_compute_tsnr0", elapsed time 1.334371s.[0m
2026-03-27 02:53:47 |[34;20m INFO     [0m|[34;20m nipype.workflow  [0m|[34;20m [Node] Setting-up "_PlotMosaicSD0" in "/local/nvme/ds004996_30.784026/ds/tmp/mriqc_wf/funcMRIQC/func_report_wf/fa991c94427f821bc15afd575685f8d6e30cc056/PlotMosaicSD/mapflow/_PlotMosaicSD0".[0m
2026-03-27 02:53:47 |[34;20m INFO     [0m|[34;20m nipype.workflow  [0m|[34;20m [Node] Executing "_PlotMosaicSD0" <nireports.interfaces.mosaic.PlotMosaic>[0m
2026-03-27 02:53:48 |[34;20m INFO     [0m|[34;20m nipype.workflow  [0m|[34;20m [Node] Finished "_mean0", elapsed time 3.148028s.[0m
2026-03-27 02:53:48 |[34;20m INFO     [0m|[34;20m nipype.workflow  [0m|[34;20m [Node] Finished "_PlotMosaicSD0", elapsed time 1.289445s.[0m
2026-03-27 02:53:49 |[34;20m INFO     [0m|[34;20m nipype.workflow  [0m|[34;20m [Node] Setting-up "mriqc_wf.funcMRIQC.synthstrip_wf.pre_clip" in "/local/nvme/ds004996_30.784026/ds/tmp/mriqc_wf/funcMRIQC/synthstrip_wf/fa991c94427f821bc15afd575685f8d6e30cc056/pre_clip".[0m
2026-03-27 02:53:49 |[34;20m INFO     [0m|[34;20m nipype.workflow  [0m|[34;20m [Node] Setting-up "mriqc_wf.funcMRIQC.SpatialNormalization.SharpenEPI" in "/local/nvme/ds004996_30.784026/ds/tmp/mriqc_wf/funcMRIQC/SpatialNormalization/fa991c94427f821bc15afd575685f8d6e30cc056/SharpenEPI".[0m
2026-03-27 02:53:49 |[34;20m INFO     [0m|[34;20m nipype.workflow  [0m|[34;20m [Node] Executing "pre_clip" <niworkflows.interfaces.nibabel.IntensityClip>[0m
2026-03-27 02:53:49 |[34;20m INFO     [0m|[34;20m nipype.workflow  [0m|[34;20m [Node] Setting-up "_PlotMosaicMean0" in "/local/nvme/ds004996_30.784026/ds/tmp/mriqc_wf/funcMRIQC/func_report_wf/fa991c94427f821bc15afd575685f8d6e30cc056/PlotMosaicMean/mapflow/_PlotMosaicMean0".[0m
2026-03-27 02:53:49 |[34;20m INFO     [0m|[34;20m nipype.workflow  [0m|[34;20m [Node] Executing "SharpenEPI" <nipype.interfaces.ants.segmentation.N4BiasFieldCorrection>[0m
2026-03-27 02:53:49 |[34;20m INFO     [0m|[34;20m nipype.workflow  [0m|[34;20m [Node] Executing "_PlotMosaicMean0" <nireports.interfaces.mosaic.PlotMosaic>[0m
2026-03-27 02:53:49 |[34;20m INFO     [0m|[34;20m nipype.workflow  [0m|[34;20m [Node] Setting-up "_ds_report_stdev0" in "/local/nvme/ds004996_30.784026/ds/tmp/mriqc_wf/funcMRIQC/func_report_wf/fa991c94427f821bc15afd575685f8d6e30cc056/ds_report_stdev/mapflow/_ds_report_stdev0".[0m
2026-03-27 02:53:49 |[34;20m INFO     [0m|[34;20m nipype.workflow  [0m|[34;20m [Node] Executing "_ds_report_stdev0" <mriqc.interfaces.DerivativesDataSink>[0m
2026-03-27 02:53:49 |[34;20m INFO     [0m|[34;20m nipype.workflow  [0m|[34;20m [Node] Setting-up "_PlotMosaicNoise0" in "/local/nvme/ds004996_30.784026/ds/tmp/mriqc_wf/funcMRIQC/func_report_wf/fa991c94427f821bc15afd575685f8d6e30cc056/PlotMosaicNoise/mapflow/_PlotMosaicNoise0".[0m
2026-03-27 02:53:49 |[34;20m INFO     [0m|[34;20m nipype.workflow  [0m|[34;20m [Node] Executing "_PlotMosaicNoise0" <nireports.interfaces.mosaic.PlotMosaic>[0m
2026-03-27 02:53:49 |[34;20m INFO     [0m|[34;20m nipype.workflow  [0m|[34;20m [Node] Finished "_ds_report_stdev0", elapsed time 0.005084s.[0m
2026-03-27 02:53:50 |[34;20m INFO     [0m|[34;20m nipype.workflow  [0m|[34;20m [Node] Finished "pre_clip", elapsed time 0.731015s.[0m
2026-03-27 02:53:50 |[34;20m INFO     [0m|[34;20m nipype.workflow  [0m|[34;20m [Node] Finished "_PlotMosaicMean0", elapsed time 1.42931s.[0m
2026-03-27 02:53:51 |[34;20m INFO     [0m|[34;20m nipype.workflow  [0m|[34;20m [Node] Finished "_PlotMosaicNoise0", elapsed time 1.680771s.[0m
2026-03-27 02:53:51 |[34;20m INFO     [0m|[34;20m nipype.workflow  [0m|[34;20m [Node] Setting-up "_ds_report_mean0" in "/local/nvme/ds004996_30.784026/ds/tmp/mriqc_wf/funcMRIQC/func_report_wf/fa991c94427f821bc15afd575685f8d6e30cc056/ds_report_mean/mapflow/_ds_report_mean0".[0m
2026-03-27 02:53:51 |[34;20m INFO     [0m|[34;20m nipype.workflow  [0m|[34;20m [Node] Executing "_ds_report_mean0" <mriqc.interfaces.DerivativesDataSink>[0m
2026-03-27 02:53:51 |[34;20m INFO     [0m|[34;20m nipype.workflow  [0m|[34;20m [Node] Finished "_ds_report_mean0", elapsed time 0.004849s.[0m
2026-03-27 02:53:51 |[34;20m INFO     [0m|[34;20m nipype.workflow  [0m|[34;20m [Node] Setting-up "_ds_report_background0" in "/local/nvme/ds004996_30.784026/ds/tmp/mriqc_wf/funcMRIQC/func_report_wf/fa991c94427f821bc15afd575685f8d6e30cc056/ds_report_background/mapflow/_ds_report_background0".[0m
2026-03-27 02:53:51 |[34;20m INFO     [0m|[34;20m nipype.workflow  [0m|[34;20m [Node] Executing "_ds_report_background0" <mriqc.interfaces.DerivativesDataSink>[0m
2026-03-27 02:53:51 |[34;20m INFO     [0m|[34;20m nipype.workflow  [0m|[34;20m [Node] Finished "_ds_report_background0", elapsed time 0.004837s.[0m
2026-03-27 02:53:53 |[34;20m INFO     [0m|[34;20m nipype.workflow  [0m|[34;20m [Node] Finished "SharpenEPI", elapsed time 4.180634s.[0m
2026-03-27 02:53:56 |[34;20m INFO     [0m|[34;20m nipype.workflow  [0m|[34;20m [Node] Finished "_quality0", elapsed time 11.059549s.[0m
2026-03-27 02:53:57 |[34;20m INFO     [0m|[34;20m nipype.workflow  [0m|[34;20m [Node] Setting-up "mriqc_wf.funcMRIQC.synthstrip_wf.pre_n4" in "/local/nvme/ds004996_30.784026/ds/tmp/mriqc_wf/funcMRIQC/synthstrip_wf/30152c1ba51b0976f4a68d221f21b6ef7d7823f3/pre_n4".[0m
2026-03-27 02:53:57 |[34;20m INFO     [0m|[34;20m nipype.workflow  [0m|[34;20m [Node] Executing "pre_n4" <nipype.interfaces.ants.segmentation.N4BiasFieldCorrection>[0m
2026-03-27 02:53:58 |[34;20m INFO     [0m|[34;20m nipype.workflow  [0m|[34;20m [Node] Finished "pre_n4", elapsed time 1.0734029999999999s.[0m
2026-03-27 02:53:59 |[34;20m INFO     [0m|[34;20m nipype.workflow  [0m|[34;20m [Node] Setting-up "mriqc_wf.funcMRIQC.synthstrip_wf.pre_n4" in "/local/nvme/ds004996_30.784026/ds/tmp/mriqc_wf/funcMRIQC/synthstrip_wf/fbbd97601d2cb3d1268527806a7203eb727ccd63/pre_n4".[0m
2026-03-27 02:53:59 |[34;20m INFO     [0m|[34;20m nipype.workflow  [0m|[34;20m [Node] Executing "pre_n4" <nipype.interfaces.ants.segmentation.N4BiasFieldCorrection>[0m
2026-03-27 02:54:00 |[34;20m INFO     [0m|[34;20m nipype.workflow  [0m|[34;20m [Node] Finished "pre_n4", elapsed time 1.10909s.[0m
2026-03-27 02:54:01 |[34;20m INFO     [0m|[34;20m nipype.workflow  [0m|[34;20m [Node] Setting-up "mriqc_wf.funcMRIQC.synthstrip_wf.pre_n4" in "/local/nvme/ds004996_30.784026/ds/tmp/mriqc_wf/funcMRIQC/synthstrip_wf/fa991c94427f821bc15afd575685f8d6e30cc056/pre_n4".[0m
2026-03-27 02:54:01 |[34;20m INFO     [0m|[34;20m nipype.workflow  [0m|[34;20m [Node] Executing "pre_n4" <nipype.interfaces.ants.segmentation.N4BiasFieldCorrection>[0m
2026-03-27 02:54:02 |[34;20m INFO     [0m|[34;20m nipype.workflow  [0m|[34;20m [Node] Finished "pre_n4", elapsed time 1.248931s.[0m
2026-03-27 02:54:03 |[34;20m INFO     [0m|[34;20m nipype.workflow  [0m|[34;20m [Node] Setting-up "mriqc_wf.funcMRIQC.synthstrip_wf.synthstrip" in "/local/nvme/ds004996_30.784026/ds/tmp/mriqc_wf/funcMRIQC/synthstrip_wf/30152c1ba51b0976f4a68d221f21b6ef7d7823f3/synthstrip".[0m
2026-03-27 02:54:03 |[34;20m INFO     [0m|[34;20m nipype.workflow  [0m|[34;20m [Node] Executing "synthstrip" <mriqc.interfaces.synthstrip.SynthStrip>[0m
2026-03-27 02:54:19 |[34;20m INFO     [0m|[34;20m nipype.workflow  [0m|[34;20m [Node] Finished "synthstrip", elapsed time 15.819526s.[0m
2026-03-27 02:54:19 |[34;20m INFO     [0m|[34;20m nipype.workflow  [0m|[34;20m [Node] Setting-up "mriqc_wf.funcMRIQC.synthstrip_wf.synthstrip" in "/local/nvme/ds004996_30.784026/ds/tmp/mriqc_wf/funcMRIQC/synthstrip_wf/fbbd97601d2cb3d1268527806a7203eb727ccd63/synthstrip".[0m
2026-03-27 02:54:19 |[34;20m INFO     [0m|[34;20m nipype.workflow  [0m|[34;20m [Node] Executing "synthstrip" <mriqc.interfaces.synthstrip.SynthStrip>[0m
2026-03-27 02:54:32 |[34;20m INFO     [0m|[34;20m nipype.workflow  [0m|[34;20m [Node] Finished "synthstrip", elapsed time 13.268703s.[0m
2026-03-27 02:54:33 |[34;20m INFO     [0m|[34;20m nipype.workflow  [0m|[34;20m [Node] Setting-up "mriqc_wf.funcMRIQC.synthstrip_wf.synthstrip" in "/local/nvme/ds004996_30.784026/ds/tmp/mriqc_wf/funcMRIQC/synthstrip_wf/fa991c94427f821bc15afd575685f8d6e30cc056/synthstrip".[0m
2026-03-27 02:54:33 |[34;20m INFO     [0m|[34;20m nipype.workflow  [0m|[34;20m [Node] Executing "synthstrip" <mriqc.interfaces.synthstrip.SynthStrip>[0m
2026-03-27 02:54:48 |[34;20m INFO     [0m|[34;20m nipype.workflow  [0m|[34;20m [Node] Finished "synthstrip", elapsed time 14.53348s.[0m
2026-03-27 02:54:49 |[34;20m INFO     [0m|[34;20m nipype.workflow  [0m|[34;20m [Node] Setting-up "mriqc_wf.funcMRIQC.synthstrip_wf.post_n4" in "/local/nvme/ds004996_30.784026/ds/tmp/mriqc_wf/funcMRIQC/synthstrip_wf/30152c1ba51b0976f4a68d221f21b6ef7d7823f3/post_n4".[0m
2026-03-27 02:54:49 |[34;20m INFO     [0m|[34;20m nipype.workflow  [0m|[34;20m [Node] Executing "post_n4" <nipype.interfaces.ants.segmentation.N4BiasFieldCorrection>[0m
2026-03-27 02:54:50 |[34;20m INFO     [0m|[34;20m nipype.workflow  [0m|[34;20m [Node] Finished "post_n4", elapsed time 0.902877s.[0m
2026-03-27 02:54:51 |[34;20m INFO     [0m|[34;20m nipype.workflow  [0m|[34;20m [Node] Setting-up "mriqc_wf.funcMRIQC.SpatialNormalization.EPI2MNI" in "/local/nvme/ds004996_30.784026/ds/tmp/mriqc_wf/funcMRIQC/SpatialNormalization/30152c1ba51b0976f4a68d221f21b6ef7d7823f3/EPI2MNI".[0m
2026-03-27 02:54:51 |[34;20m INFO     [0m|[34;20m nipype.workflow  [0m|[34;20m [Node] Executing "EPI2MNI" <niworkflows.interfaces.reportlets.registration.SpatialNormalizationRPT>[0m
2026-03-27 02:54:51 |[34;20m INFO     [0m|[34;20m niworkflows      [0m|[34;20m Estimating initial transform using AffineInitializer[0m
2026-03-27 02:54:56 |[34;20m INFO     [0m|[34;20m niworkflows      [0m|[34;20m Loading settings from file /opt/conda/lib/python3.11/site-packages/niworkflows/data/boldref-mni_registration_precise_000.json.[0m
2026-03-27 02:54:56 |[34;20m INFO     [0m|[34;20m niworkflows      [0m|[34;20m Retry #1, commandline: 
antsRegistration --collapse-output-transforms 1 --dimensionality 3 --float 0 --initial-moving-transform [ /local/nvme/ds004996_30.784026/ds/tmp/mriqc_wf/funcMRIQC/SpatialNormalization/30152c1ba51b0976f4a68d221f21b6ef7d7823f3/EPI2MNI/transform.mat, 0 ] --initialize-transforms-per-stage 0 --interpolation LanczosWindowedSinc --output [ epi_to_mni, epi_to_mni_Warped.nii.gz ] --transform Rigid[ 0.05 ] --metric Mattes[ /templateflow/tpl-MNI152NLin2009cAsym/tpl-MNI152NLin2009cAsym_res-02_desc-fMRIPrep_boldref.nii.gz, /local/nvme/ds004996_30.784026/ds/tmp/mriqc_wf/funcMRIQC/SpatialNormalization/30152c1ba51b0976f4a68d221f21b6ef7d7823f3/SharpenEPI/sub-30_task-conversation_run-01_bold_desc-realigned_valid_tstat_corrected.nii.gz, 1, 56, Regular, 0.25 ] --convergence [ 10000x1000x100, 1e-06, 20 ] --smoothing-sigmas 4.0x2.0x1.0vox --shrink-factors 4x2x1 --use-histogram-matching 1 --masks [ /templateflow/tpl-MNI152NLin2009cAsym/tpl-MNI152NLin2009cAsym_res-02_desc-brain_mask.nii.gz, /local/nvme/ds004996_30.784026/ds/tmp/mriqc_wf/funcMRIQC/synthstrip_wf/30152c1ba51b0976f4a68d221f21b6ef7d7823f3/synthstrip/clipped_corrected_desc-brain_mask.nii.gz ] --transform Affine[ 0.08 ] --metric Mattes[ /templateflow/tpl-MNI152NLin2009cAsym/tpl-MNI152NLin2009cAsym_res-02_desc-fMRIPrep_boldref.nii.gz, /local/nvme/ds004996_30.784026/ds/tmp/mriqc_wf/funcMRIQC/SpatialNormalization/30152c1ba51b0976f4a68d221f21b6ef7d7823f3/SharpenEPI/sub-30_task-conversation_run-01_bold_desc-realigned_valid_tstat_corrected.nii.gz, 1, 56, Regular, 0.25 ] --convergence [ 500x250x100, 1e-06, 20 ] --smoothing-sigmas 4.0x2.0x1.0vox --shrink-factors 8x4x2 --use-histogram-matching 1 --masks [ /templateflow/tpl-MNI152NLin2009cAsym/tpl-MNI152NLin2009cAsym_res-02_desc-brain_mask.nii.gz, /local/nvme/ds004996_30.784026/ds/tmp/mriqc_wf/funcMRIQC/synthstrip_wf/30152c1ba51b0976f4a68d221f21b6ef7d7823f3/synthstrip/clipped_corrected_desc-brain_mask.nii.gz ] --transform SyN[ 0.1, 3.0, 0.0 ] --metric CC[ /templateflow/tpl-MNI152NLin2009cAsym/tpl-MNI152NLin2009cAsym_res-02_desc-fMRIPrep_boldref.nii.gz, /local/nvme/ds004996_30.784026/ds/tmp/mriqc_wf/funcMRIQC/SpatialNormalization/30152c1ba51b0976f4a68d221f21b6ef7d7823f3/SharpenEPI/sub-30_task-conversation_run-01_bold_desc-realigned_valid_tstat_corrected.nii.gz, 1, 4, None, 1 ] --convergence [ 100x30x20, 1e-06, 10 ] --smoothing-sigmas 3.0x2.0x1.0vox --shrink-factors 8x4x2 --use-histogram-matching 1 --masks [ /templateflow/tpl-MNI152NLin2009cAsym/tpl-MNI152NLin2009cAsym_res-02_desc-brain_mask.nii.gz, /local/nvme/ds004996_30.784026/ds/tmp/mriqc_wf/funcMRIQC/synthstrip_wf/30152c1ba51b0976f4a68d221f21b6ef7d7823f3/synthstrip/clipped_corrected_desc-brain_mask.nii.gz ] --winsorize-image-intensities [ 0.005, 0.995 ]  --write-composite-transform 1[0m
2026-03-27 02:55:07 |[34;20m INFO     [0m|[34;20m niworkflows      [0m|[34;20m Successful spatial normalization (retry #1).[0m
2026-03-27 02:55:07 |[34;20m INFO     [0m|[34;20m niworkflows      [0m|[34;20m Report - setting fixed (/templateflow/tpl-MNI152NLin2009cAsym/tpl-MNI152NLin2009cAsym_res-02_desc-fMRIPrep_boldref.nii.gz) and moving (/local/nvme/ds004996_30.784026/ds/tmp/mriqc_wf/funcMRIQC/SpatialNormalization/30152c1ba51b0976f4a68d221f21b6ef7d7823f3/EPI2MNI/epi_to_mni_Warped.nii.gz) images[0m
2026-03-27 02:55:07 |[34;20m INFO     [0m|[34;20m niworkflows      [0m|[34;20m Generating visual report[0m
2026-03-27 02:55:23 |[34;20m INFO     [0m|[34;20m nipype.workflow  [0m|[34;20m [Node] Finished "EPI2MNI", elapsed time 31.863691s.[0m
2026-03-27 02:55:23 |[34;20m INFO     [0m|[34;20m nipype.workflow  [0m|[34;20m [Node] Setting-up "mriqc_wf.funcMRIQC.func_report_wf.PlotBrainmask" in "/local/nvme/ds004996_30.784026/ds/tmp/mriqc_wf/funcMRIQC/func_report_wf/30152c1ba51b0976f4a68d221f21b6ef7d7823f3/PlotBrainmask".[0m
2026-03-27 02:55:23 |[34;20m INFO     [0m|[34;20m nipype.workflow  [0m|[34;20m [Node] Setting-up "mriqc_wf.funcMRIQC.func_report_wf.dilated_mask" in "/local/nvme/ds004996_30.784026/ds/tmp/mriqc_wf/funcMRIQC/func_report_wf/30152c1ba51b0976f4a68d221f21b6ef7d7823f3/dilated_mask".[0m
2026-03-27 02:55:23 |[34;20m INFO     [0m|[34;20m nipype.workflow  [0m|[34;20m [Node] Setting-up "_smoothness0" in "/local/nvme/ds004996_30.784026/ds/tmp/mriqc_wf/funcMRIQC/ComputeIQMs/30152c1ba51b0976f4a68d221f21b6ef7d7823f3/smoothness/mapflow/_smoothness0".[0m
2026-03-27 02:55:23 |[34;20m INFO     [0m|[34;20m nipype.workflow  [0m|[34;20m [Node] Setting-up "_ComputeDVARS0" in "/local/nvme/ds004996_30.784026/ds/tmp/mriqc_wf/funcMRIQC/ComputeIQMs/fbbd97601d2cb3d1268527806a7203eb727ccd63/ComputeDVARS/mapflow/_ComputeDVARS0".[0m
2026-03-27 02:55:23 |[34;20m INFO     [0m|[34;20m nipype.workflow  [0m|[34;20m [Node] Executing "PlotBrainmask" <nireports.interfaces.mosaic.PlotContours>[0m
2026-03-27 02:55:23 |[34;20m INFO     [0m|[34;20m nipype.workflow  [0m|[34;20m [Node] Setting-up "_outliers0" in "/local/nvme/ds004996_30.784026/ds/tmp/mriqc_wf/funcMRIQC/ComputeIQMs/30152c1ba51b0976f4a68d221f21b6ef7d7823f3/outliers/mapflow/_outliers0".[0m
2026-03-27 02:55:23 |[34;20m INFO     [0m|[34;20m nipype.workflow  [0m|[34;20m [Node] Setting-up "_gcor0" in "/local/nvme/ds004996_30.784026/ds/tmp/mriqc_wf/funcMRIQC/ComputeIQMs/30152c1ba51b0976f4a68d221f21b6ef7d7823f3/gcor/mapflow/_gcor0".[0m
2026-03-27 02:55:23 |[34;20m INFO     [0m|[34;20m nipype.workflow  [0m|[34;20m [Node] Setting-up "_PlotMosaicZoomed0" in "/local/nvme/ds004996_30.784026/ds/tmp/mriqc_wf/funcMRIQC/func_report_wf/30152c1ba51b0976f4a68d221f21b6ef7d7823f3/PlotMosaicZoomed/mapflow/_PlotMosaicZoomed0".[0m
2026-03-27 02:55:23 |[34;20m INFO     [0m|[34;20m nipype.workflow  [0m|[34;20m [Node] Executing "_smoothness0" <nipype.interfaces.afni.utils.FWHMx>[0m
2026-03-27 02:55:23 |[34;20m INFO     [0m|[34;20m nipype.workflow  [0m|[34;20m [Node] Executing "dilated_mask" <niworkflows.interfaces.morphology.BinaryDilation>[0m
2026-03-27 02:55:23 |[34;20m INFO     [0m|[34;20m nipype.workflow  [0m|[34;20m [Node] Executing "_ComputeDVARS0" <nipype.algorithms.confounds.ComputeDVARS>[0m
2026-03-27 02:55:23 |[34;20m INFO     [0m|[34;20m nipype.workflow  [0m|[34;20m [Node] Executing "_outliers0" <nipype.interfaces.afni.preprocess.OutlierCount>[0m
2026-03-27 02:55:23 |[34;20m INFO     [0m|[34;20m nipype.workflow  [0m|[34;20m [Node] Setting-up "_ComputeDVARS0" in "/local/nvme/ds004996_30.784026/ds/tmp/mriqc_wf/funcMRIQC/ComputeIQMs/30152c1ba51b0976f4a68d221f21b6ef7d7823f3/ComputeDVARS/mapflow/_ComputeDVARS0".[0m
2026-03-27 02:55:23 |[34;20m INFO     [0m|[34;20m nipype.workflow  [0m|[34;20m [Node] Executing "_PlotMosaicZoomed0" <nireports.interfaces.mosaic.PlotMosaic>[0m
2026-03-27 02:55:23 |[34;20m INFO     [0m|[34;20m nipype.workflow  [0m|[34;20m [Node] Executing "_gcor0" <mriqc.interfaces.transitional.GCOR>[0m
2026-03-27 02:55:23 |[34;20m INFO     [0m|[34;20m nipype.workflow  [0m|[34;20m [Node] Executing "_ComputeDVARS0" <nipype.algorithms.confounds.ComputeDVARS>[0m
2026-03-27 02:55:23 |[34;20m INFO     [0m|[34;20m nipype.workflow  [0m|[34;20m [Node] Finished "dilated_mask", elapsed time 0.038689s.[0m
2026-03-27 02:55:24 |[34;20m INFO     [0m|[34;20m nipype.workflow  [0m|[34;20m [Node] Finished "_smoothness0", elapsed time 0.580478s.[0m
2026-03-27 02:55:24 |[34;20m INFO     [0m|[34;20m nipype.workflow  [0m|[34;20m [Node] Finished "PlotBrainmask", elapsed time 1.223055s.[0m
2026-03-27 02:55:24 |[34;20m INFO     [0m|[34;20m nipype.workflow  [0m|[34;20m [Node] Finished "_PlotMosaicZoomed0", elapsed time 1.414668s.[0m
2026-03-27 02:55:25 |[34;20m INFO     [0m|[34;20m nipype.workflow  [0m|[34;20m [Node] Setting-up "_outliers0" in "/local/nvme/ds004996_30.784026/ds/tmp/mriqc_wf/funcMRIQC/ComputeIQMs/fbbd97601d2cb3d1268527806a7203eb727ccd63/outliers/mapflow/_outliers0".[0m
2026-03-27 02:55:25 |[34;20m INFO     [0m|[34;20m nipype.workflow  [0m|[34;20m [Node] Setting-up "_smoothness0" in "/local/nvme/ds004996_30.784026/ds/tmp/mriqc_wf/funcMRIQC/ComputeIQMs/fbbd97601d2cb3d1268527806a7203eb727ccd63/smoothness/mapflow/_smoothness0".[0m
2026-03-27 02:55:25 |[34;20m INFO     [0m|[34;20m nipype.workflow  [0m|[34;20m [Node] Executing "_outliers0" <nipype.interfaces.afni.preprocess.OutlierCount>[0m
2026-03-27 02:55:25 |[34;20m INFO     [0m|[34;20m nipype.workflow  [0m|[34;20m [Node] Executing "_smoothness0" <nipype.interfaces.afni.utils.FWHMx>[0m
2026-03-27 02:55:25 |[34;20m INFO     [0m|[34;20m nipype.workflow  [0m|[34;20m [Node] Setting-up "_gcor0" in "/local/nvme/ds004996_30.784026/ds/tmp/mriqc_wf/funcMRIQC/ComputeIQMs/fbbd97601d2cb3d1268527806a7203eb727ccd63/gcor/mapflow/_gcor0".[0m
2026-03-27 02:55:25 |[34;20m INFO     [0m|[34;20m nipype.workflow  [0m|[34;20m [Node] Executing "_gcor0" <mriqc.interfaces.transitional.GCOR>[0m
2026-03-27 02:55:25 |[34;20m INFO     [0m|[34;20m nipype.workflow  [0m|[34;20m [Node] Setting-up "mriqc_wf.funcMRIQC.func_report_wf.dilated_mask" in "/local/nvme/ds004996_30.784026/ds/tmp/mriqc_wf/funcMRIQC/func_report_wf/fbbd97601d2cb3d1268527806a7203eb727ccd63/dilated_mask".[0m
2026-03-27 02:55:25 |[34;20m INFO     [0m|[34;20m nipype.workflow  [0m|[34;20m [Node] Executing "dilated_mask" <niworkflows.interfaces.morphology.BinaryDilation>[0m
2026-03-27 02:55:25 |[34;20m INFO     [0m|[34;20m nipype.workflow  [0m|[34;20m [Node] Finished "dilated_mask", elapsed time 0.048484s.[0m
2026-03-27 02:55:26 |[34;20m INFO     [0m|[34;20m nipype.workflow  [0m|[34;20m [Node] Finished "_smoothness0", elapsed time 0.506655s.[0m
2026-03-27 02:55:27 |[34;20m INFO     [0m|[34;20m nipype.workflow  [0m|[34;20m [Node] Setting-up "mriqc_wf.funcMRIQC.func_report_wf.PlotBrainmask" in "/local/nvme/ds004996_30.784026/ds/tmp/mriqc_wf/funcMRIQC/func_report_wf/fbbd97601d2cb3d1268527806a7203eb727ccd63/PlotBrainmask".[0m
2026-03-27 02:55:27 |[34;20m INFO     [0m|[34;20m nipype.workflow  [0m|[34;20m [Node] Executing "PlotBrainmask" <nireports.interfaces.mosaic.PlotContours>[0m
2026-03-27 02:55:27 |[34;20m INFO     [0m|[34;20m nipype.workflow  [0m|[34;20m [Node] Setting-up "_PlotMosaicZoomed0" in "/local/nvme/ds004996_30.784026/ds/tmp/mriqc_wf/funcMRIQC/func_report_wf/fbbd97601d2cb3d1268527806a7203eb727ccd63/PlotMosaicZoomed/mapflow/_PlotMosaicZoomed0".[0m
2026-03-27 02:55:27 |[34;20m INFO     [0m|[34;20m nipype.workflow  [0m|[34;20m [Node] Executing "_PlotMosaicZoomed0" <nireports.interfaces.mosaic.PlotMosaic>[0m
2026-03-27 02:55:27 |[34;20m INFO     [0m|[34;20m nipype.workflow  [0m|[34;20m [Node] Finished "_outliers0", elapsed time 4.044493s.[0m
2026-03-27 02:55:28 |[34;20m INFO     [0m|[34;20m nipype.workflow  [0m|[34;20m [Node] Finished "PlotBrainmask", elapsed time 1.17399s.[0m
2026-03-27 02:55:29 |[34;20m INFO     [0m|[34;20m nipype.workflow  [0m|[34;20m [Node] Finished "_PlotMosaicZoomed0", elapsed time 1.564163s.[0m
2026-03-27 02:55:29 |[34;20m INFO     [0m|[34;20m nipype.workflow  [0m|[34;20m [Node] Setting-up "_ComputeDVARS0" in "/local/nvme/ds004996_30.784026/ds/tmp/mriqc_wf/funcMRIQC/ComputeIQMs/fa991c94427f821bc15afd575685f8d6e30cc056/ComputeDVARS/mapflow/_ComputeDVARS0".[0m
2026-03-27 02:55:29 |[34;20m INFO     [0m|[34;20m nipype.workflow  [0m|[34;20m [Node] Executing "_ComputeDVARS0" <nipype.algorithms.confounds.ComputeDVARS>[0m
2026-03-27 02:55:29 |[34;20m INFO     [0m|[34;20m nipype.workflow  [0m|[34;20m [Node] Setting-up "_outliers0" in "/local/nvme/ds004996_30.784026/ds/tmp/mriqc_wf/funcMRIQC/ComputeIQMs/fa991c94427f821bc15afd575685f8d6e30cc056/outliers/mapflow/_outliers0".[0m
2026-03-27 02:55:29 |[34;20m INFO     [0m|[34;20m nipype.workflow  [0m|[34;20m [Node] Executing "_outliers0" <nipype.interfaces.afni.preprocess.OutlierCount>[0m
2026-03-27 02:55:29 |[34;20m INFO     [0m|[34;20m nipype.workflow  [0m|[34;20m [Node] Setting-up "_smoothness0" in "/local/nvme/ds004996_30.784026/ds/tmp/mriqc_wf/funcMRIQC/ComputeIQMs/fa991c94427f821bc15afd575685f8d6e30cc056/smoothness/mapflow/_smoothness0".[0m
2026-03-27 02:55:29 |[34;20m INFO     [0m|[34;20m nipype.workflow  [0m|[34;20m [Node] Executing "_smoothness0" <nipype.interfaces.afni.utils.FWHMx>[0m
2026-03-27 02:55:29 |[34;20m INFO     [0m|[34;20m nipype.workflow  [0m|[34;20m [Node] Finished "_outliers0", elapsed time 4.141666s.[0m
2026-03-27 02:55:30 |[34;20m INFO     [0m|[34;20m nipype.workflow  [0m|[34;20m [Node] Finished "_smoothness0", elapsed time 0.536838s.[0m
2026-03-27 02:55:31 |[34;20m INFO     [0m|[34;20m nipype.workflow  [0m|[34;20m [Node] Setting-up "mriqc_wf.funcMRIQC.func_report_wf.dilated_mask" in "/local/nvme/ds004996_30.784026/ds/tmp/mriqc_wf/funcMRIQC/func_report_wf/fa991c94427f821bc15afd575685f8d6e30cc056/dilated_mask".[0m
2026-03-27 02:55:31 |[34;20m INFO     [0m|[34;20m nipype.workflow  [0m|[34;20m [Node] Setting-up "_gcor0" in "/local/nvme/ds004996_30.784026/ds/tmp/mriqc_wf/funcMRIQC/ComputeIQMs/fa991c94427f821bc15afd575685f8d6e30cc056/gcor/mapflow/_gcor0".[0m
2026-03-27 02:55:31 |[34;20m INFO     [0m|[34;20m nipype.workflow  [0m|[34;20m [Node] Executing "dilated_mask" <niworkflows.interfaces.morphology.BinaryDilation>[0m
2026-03-27 02:55:31 |[34;20m INFO     [0m|[34;20m nipype.workflow  [0m|[34;20m [Node] Executing "_gcor0" <mriqc.interfaces.transitional.GCOR>[0m
2026-03-27 02:55:31 |[34;20m INFO     [0m|[34;20m nipype.workflow  [0m|[34;20m [Node] Finished "dilated_mask", elapsed time 0.023012s.[0m
2026-03-27 02:55:31 |[34;20m INFO     [0m|[34;20m nipype.workflow  [0m|[34;20m [Node] Finished "_gcor0", elapsed time 8.440524s.[0m
2026-03-27 02:55:33 |[34;20m INFO     [0m|[34;20m nipype.workflow  [0m|[34;20m [Node] Finished "_gcor0", elapsed time 7.541117s.[0m
2026-03-27 02:55:33 |[34;20m INFO     [0m|[34;20m nipype.workflow  [0m|[34;20m [Node] Setting-up "mriqc_wf.funcMRIQC.synthstrip_wf.final_masked" in "/local/nvme/ds004996_30.784026/ds/tmp/mriqc_wf/funcMRIQC/synthstrip_wf/30152c1ba51b0976f4a68d221f21b6ef7d7823f3/final_masked".[0m
2026-03-27 02:55:33 |[34;20m INFO     [0m|[34;20m nipype.workflow  [0m|[34;20m [Node] Setting-up "mriqc_wf.funcMRIQC.func_report_wf.PlotBrainmask" in "/local/nvme/ds004996_30.784026/ds/tmp/mriqc_wf/funcMRIQC/func_report_wf/fa991c94427f821bc15afd575685f8d6e30cc056/PlotBrainmask".[0m
2026-03-27 02:55:33 |[34;20m INFO     [0m|[34;20m nipype.workflow  [0m|[34;20m [Node] Setting-up "_PlotMosaicZoomed0" in "/local/nvme/ds004996_30.784026/ds/tmp/mriqc_wf/funcMRIQC/func_report_wf/fa991c94427f821bc15afd575685f8d6e30cc056/PlotMosaicZoomed/mapflow/_PlotMosaicZoomed0".[0m
2026-03-27 02:55:33 |[34;20m INFO     [0m|[34;20m nipype.workflow  [0m|[34;20m [Node] Executing "PlotBrainmask" <nireports.interfaces.mosaic.PlotContours>[0m
2026-03-27 02:55:33 |[34;20m INFO     [0m|[34;20m nipype.workflow  [0m|[34;20m [Node] Executing "_PlotMosaicZoomed0" <nireports.interfaces.mosaic.PlotMosaic>[0m
2026-03-27 02:55:33 |[34;20m INFO     [0m|[34;20m nipype.workflow  [0m|[34;20m [Node] Executing "final_masked" <niworkflows.interfaces.nibabel.ApplyMask>[0m
2026-03-27 02:55:33 |[34;20m INFO     [0m|[34;20m nipype.workflow  [0m|[34;20m [Node] Finished "final_masked", elapsed time 0.032856s.[0m
2026-03-27 02:55:33 |[34;20m INFO     [0m|[34;20m nipype.workflow  [0m|[34;20m [Node] Finished "_outliers0", elapsed time 4.220907s.[0m
2026-03-27 02:55:34 |[34;20m INFO     [0m|[34;20m nipype.workflow  [0m|[34;20m [Node] Finished "PlotBrainmask", elapsed time 1.213201s.[0m
2026-03-27 02:55:34 |[34;20m INFO     [0m|[34;20m nipype.workflow  [0m|[34;20m [Node] Finished "_PlotMosaicZoomed0", elapsed time 1.334565s.[0m
2026-03-27 02:55:35 |[34;20m INFO     [0m|[34;20m nipype.workflow  [0m|[34;20m [Node] Setting-up "mriqc_wf.funcMRIQC.func_report_wf.ds_report_norm" in "/local/nvme/ds004996_30.784026/ds/tmp/mriqc_wf/funcMRIQC/func_report_wf/30152c1ba51b0976f4a68d221f21b6ef7d7823f3/ds_report_norm".[0m
2026-03-27 02:55:35 |[34;20m INFO     [0m|[34;20m nipype.workflow  [0m|[34;20m [Node] Setting-up "mriqc_wf.funcMRIQC.SpatialNormalization.ResampleSegmentation" in "/local/nvme/ds004996_30.784026/ds/tmp/mriqc_wf/funcMRIQC/SpatialNormalization/30152c1ba51b0976f4a68d221f21b6ef7d7823f3/ResampleSegmentation".[0m
2026-03-27 02:55:35 |[34;20m INFO     [0m|[34;20m nipype.workflow  [0m|[34;20m [Node] Executing "ds_report_norm" <mriqc.interfaces.DerivativesDataSink>[0m
2026-03-27 02:55:35 |[34;20m INFO     [0m|[34;20m nipype.workflow  [0m|[34;20m [Node] Executing "ResampleSegmentation" <nipype.interfaces.ants.resampling.ApplyTransforms>[0m
2026-03-27 02:55:35 |[34;20m INFO     [0m|[34;20m nipype.workflow  [0m|[34;20m [Node] Finished "ds_report_norm", elapsed time 0.005404s.[0m
2026-03-27 02:55:35 |[34;20m INFO     [0m|[34;20m nipype.workflow  [0m|[34;20m [Node] Setting-up "mriqc_wf.funcMRIQC.func_report_wf.subtract_mask" in "/local/nvme/ds004996_30.784026/ds/tmp/mriqc_wf/funcMRIQC/func_report_wf/30152c1ba51b0976f4a68d221f21b6ef7d7823f3/subtract_mask".[0m
2026-03-27 02:55:35 |[34;20m INFO     [0m|[34;20m nipype.workflow  [0m|[34;20m [Node] Executing "subtract_mask" <niworkflows.interfaces.morphology.BinarySubtraction>[0m
2026-03-27 02:55:35 |[34;20m INFO     [0m|[34;20m nipype.workflow  [0m|[34;20m [Node] Setting-up "_ds_report_zoomed0" in "/local/nvme/ds004996_30.784026/ds/tmp/mriqc_wf/funcMRIQC/func_report_wf/30152c1ba51b0976f4a68d221f21b6ef7d7823f3/ds_report_zoomed/mapflow/_ds_report_zoomed0".[0m
2026-03-27 02:55:35 |[34;20m INFO     [0m|[34;20m nipype.workflow  [0m|[34;20m [Node] Executing "_ds_report_zoomed0" <mriqc.interfaces.DerivativesDataSink>[0m
2026-03-27 02:55:35 |[34;20m INFO     [0m|[34;20m nipype.workflow  [0m|[34;20m [Node] Finished "_ds_report_zoomed0", elapsed time 0.005121s.[0m
2026-03-27 02:55:35 |[34;20m INFO     [0m|[34;20m nipype.workflow  [0m|[34;20m [Node] Finished "subtract_mask", elapsed time 0.01653s.[0m
2026-03-27 02:55:35 |[34;20m INFO     [0m|[34;20m nipype.workflow  [0m|[34;20m [Node] Setting-up "mriqc_wf.funcMRIQC.func_report_wf.ds_report_bmask" in "/local/nvme/ds004996_30.784026/ds/tmp/mriqc_wf/funcMRIQC/func_report_wf/30152c1ba51b0976f4a68d221f21b6ef7d7823f3/ds_report_bmask".[0m
2026-03-27 02:55:35 |[34;20m INFO     [0m|[34;20m nipype.workflow  [0m|[34;20m [Node] Executing "ds_report_bmask" <mriqc.interfaces.DerivativesDataSink>[0m
2026-03-27 02:55:35 |[34;20m INFO     [0m|[34;20m nipype.workflow  [0m|[34;20m [Node] Finished "ds_report_bmask", elapsed time 0.005059s.[0m
2026-03-27 02:55:35 |[34;20m INFO     [0m|[34;20m nipype.workflow  [0m|[34;20m [Node] Setting-up "mriqc_wf.funcMRIQC.func_report_wf.subtract_mask" in "/local/nvme/ds004996_30.784026/ds/tmp/mriqc_wf/funcMRIQC/func_report_wf/fbbd97601d2cb3d1268527806a7203eb727ccd63/subtract_mask".[0m
2026-03-27 02:55:35 |[34;20m INFO     [0m|[34;20m nipype.workflow  [0m|[34;20m [Node] Setting-up "_ds_report_zoomed0" in "/local/nvme/ds004996_30.784026/ds/tmp/mriqc_wf/funcMRIQC/func_report_wf/fbbd97601d2cb3d1268527806a7203eb727ccd63/ds_report_zoomed/mapflow/_ds_report_zoomed0".[0m
2026-03-27 02:55:35 |[34;20m INFO     [0m|[34;20m nipype.workflow  [0m|[34;20m [Node] Executing "subtract_mask" <niworkflows.interfaces.morphology.BinarySubtraction>[0m
2026-03-27 02:55:35 |[34;20m INFO     [0m|[34;20m nipype.workflow  [0m|[34;20m [Node] Executing "_ds_report_zoomed0" <mriqc.interfaces.DerivativesDataSink>[0m
2026-03-27 02:55:35 |[34;20m INFO     [0m|[34;20m nipype.workflow  [0m|[34;20m [Node] Finished "_ds_report_zoomed0", elapsed time 0.00505s.[0m
2026-03-27 02:55:35 |[34;20m INFO     [0m|[34;20m nipype.workflow  [0m|[34;20m [Node] Finished "subtract_mask", elapsed time 0.010648s.[0m
2026-03-27 02:55:35 |[34;20m INFO     [0m|[34;20m nipype.workflow  [0m|[34;20m [Node] Setting-up "mriqc_wf.funcMRIQC.func_report_wf.ds_report_bmask" in "/local/nvme/ds004996_30.784026/ds/tmp/mriqc_wf/funcMRIQC/func_report_wf/fbbd97601d2cb3d1268527806a7203eb727ccd63/ds_report_bmask".[0m
2026-03-27 02:55:35 |[34;20m INFO     [0m|[34;20m nipype.workflow  [0m|[34;20m [Node] Executing "ds_report_bmask" <mriqc.interfaces.DerivativesDataSink>[0m
2026-03-27 02:55:35 |[34;20m INFO     [0m|[34;20m nipype.workflow  [0m|[34;20m [Node] Finished "ds_report_bmask", elapsed time 0.005018s.[0m
2026-03-27 02:55:36 |[34;20m INFO     [0m|[34;20m nipype.workflow  [0m|[34;20m [Node] Setting-up "mriqc_wf.funcMRIQC.func_report_wf.subtract_mask" in "/local/nvme/ds004996_30.784026/ds/tmp/mriqc_wf/funcMRIQC/func_report_wf/fa991c94427f821bc15afd575685f8d6e30cc056/subtract_mask".[0m
2026-03-27 02:55:36 |[34;20m INFO     [0m|[34;20m nipype.workflow  [0m|[34;20m [Node] Executing "subtract_mask" <niworkflows.interfaces.morphology.BinarySubtraction>[0m
2026-03-27 02:55:36 |[34;20m INFO     [0m|[34;20m nipype.workflow  [0m|[34;20m [Node] Finished "subtract_mask", elapsed time 0.013017s.[0m
2026-03-27 02:55:37 |[34;20m INFO     [0m|[34;20m nipype.workflow  [0m|[34;20m [Node] Setting-up "_ds_report_zoomed0" in "/local/nvme/ds004996_30.784026/ds/tmp/mriqc_wf/funcMRIQC/func_report_wf/fa991c94427f821bc15afd575685f8d6e30cc056/ds_report_zoomed/mapflow/_ds_report_zoomed0".[0m
2026-03-27 02:55:37 |[34;20m INFO     [0m|[34;20m nipype.workflow  [0m|[34;20m [Node] Executing "_ds_report_zoomed0" <mriqc.interfaces.DerivativesDataSink>[0m
2026-03-27 02:55:37 |[34;20m INFO     [0m|[34;20m nipype.workflow  [0m|[34;20m [Node] Finished "_ds_report_zoomed0", elapsed time 0.005099s.[0m
2026-03-27 02:55:37 |[34;20m INFO     [0m|[34;20m nipype.workflow  [0m|[34;20m [Node] Setting-up "mriqc_wf.funcMRIQC.func_report_wf.ds_report_bmask" in "/local/nvme/ds004996_30.784026/ds/tmp/mriqc_wf/funcMRIQC/func_report_wf/fa991c94427f821bc15afd575685f8d6e30cc056/ds_report_bmask".[0m
2026-03-27 02:55:37 |[34;20m INFO     [0m|[34;20m nipype.workflow  [0m|[34;20m [Node] Executing "ds_report_bmask" <mriqc.interfaces.DerivativesDataSink>[0m
2026-03-27 02:55:37 |[34;20m INFO     [0m|[34;20m nipype.workflow  [0m|[34;20m [Node] Finished "ds_report_bmask", elapsed time 0.005001s.[0m
2026-03-27 02:55:38 |[34;20m INFO     [0m|[34;20m nipype.workflow  [0m|[34;20m [Node] Finished "ResampleSegmentation", elapsed time 2.624031s.[0m
2026-03-27 02:55:39 |[34;20m INFO     [0m|[34;20m nipype.workflow  [0m|[34;20m [Node] Finished "_gcor0", elapsed time 7.480856s.[0m
2026-03-27 02:55:39 |[34;20m INFO     [0m|[34;20m nipype.workflow  [0m|[34;20m [Node] Setting-up "mriqc_wf.funcMRIQC.func_report_wf.parcels" in "/local/nvme/ds004996_30.784026/ds/tmp/mriqc_wf/funcMRIQC/func_report_wf/30152c1ba51b0976f4a68d221f21b6ef7d7823f3/parcels".[0m
2026-03-27 02:55:39 |[34;20m INFO     [0m|[34;20m nipype.workflow  [0m|[34;20m [Node] Executing "parcels" <nipype.interfaces.utility.wrappers.Function>[0m
2026-03-27 02:55:39 |[34;20m INFO     [0m|[34;20m nipype.workflow  [0m|[34;20m [Node] Finished "parcels", elapsed time 0.025459s.[0m
2026-03-27 02:55:41 |[34;20m INFO     [0m|[34;20m nipype.workflow  [0m|[34;20m [Node] Finished "_ComputeDVARS0", elapsed time 18.050745s.[0m
2026-03-27 02:55:41 |[34;20m INFO     [0m|[34;20m nipype.workflow  [0m|[34;20m [Node] Finished "_ComputeDVARS0", elapsed time 18.200235s.[0m
2026-03-27 02:55:43 |[34;20m INFO     [0m|[34;20m nipype.workflow  [0m|[34;20m [Node] Setting-up "_timeseries0" in "/local/nvme/ds004996_30.784026/ds/tmp/mriqc_wf/funcMRIQC/ComputeIQMs/30152c1ba51b0976f4a68d221f21b6ef7d7823f3/timeseries/mapflow/_timeseries0".[0m
2026-03-27 02:55:43 |[34;20m INFO     [0m|[34;20m nipype.workflow  [0m|[34;20m [Node] Executing "_timeseries0" <mriqc.interfaces.functional.GatherTimeseries>[0m
2026-03-27 02:55:43 |[34;20m INFO     [0m|[34;20m nipype.workflow  [0m|[34;20m [Node] Setting-up "_timeseries0" in "/local/nvme/ds004996_30.784026/ds/tmp/mriqc_wf/funcMRIQC/ComputeIQMs/fbbd97601d2cb3d1268527806a7203eb727ccd63/timeseries/mapflow/_timeseries0".[0m
2026-03-27 02:55:43 |[34;20m INFO     [0m|[34;20m nipype.workflow  [0m|[34;20m [Node] Executing "_timeseries0" <mriqc.interfaces.functional.GatherTimeseries>[0m
2026-03-27 02:55:43 |[34;20m INFO     [0m|[34;20m nipype.workflow  [0m|[34;20m [Node] Setting-up "_measures0" in "/local/nvme/ds004996_30.784026/ds/tmp/mriqc_wf/funcMRIQC/ComputeIQMs/30152c1ba51b0976f4a68d221f21b6ef7d7823f3/measures/mapflow/_measures0".[0m
2026-03-27 02:55:43 |[34;20m INFO     [0m|[34;20m nipype.workflow  [0m|[34;20m [Node] Executing "_measures0" <mriqc.interfaces.functional.FunctionalQC>[0m
2026-03-27 02:55:43 |[34;20m INFO     [0m|[34;20m nipype.workflow  [0m|[34;20m [Node] Finished "_timeseries0", elapsed time 0.028222s.[0m
2026-03-27 02:55:43 |[34;20m INFO     [0m|[34;20m nipype.workflow  [0m|[34;20m [Node] Finished "_timeseries0", elapsed time 0.026035s.[0m
2026-03-27 02:55:44 |[34;20m INFO     [0m|[34;20m nipype.workflow  [0m|[34;20m [Node] Finished "_measures0", elapsed time 1.102201s.[0m
2026-03-27 02:55:45 |[34;20m INFO     [0m|[34;20m nipype.workflow  [0m|[34;20m [Node] Setting-up "_measures0" in "/local/nvme/ds004996_30.784026/ds/tmp/mriqc_wf/funcMRIQC/ComputeIQMs/fbbd97601d2cb3d1268527806a7203eb727ccd63/measures/mapflow/_measures0".[0m
2026-03-27 02:55:45 |[34;20m INFO     [0m|[34;20m nipype.workflow  [0m|[34;20m [Node] Executing "_measures0" <mriqc.interfaces.functional.FunctionalQC>[0m
2026-03-27 02:55:45 |[34;20m INFO     [0m|[34;20m nipype.workflow  [0m|[34;20m [Node] Setting-up "_datasink0" in "/local/nvme/ds004996_30.784026/ds/tmp/mriqc_wf/funcMRIQC/ComputeIQMs/30152c1ba51b0976f4a68d221f21b6ef7d7823f3/datasink/mapflow/_datasink0".[0m
2026-03-27 02:55:45 |[34;20m INFO     [0m|[34;20m nipype.workflow  [0m|[34;20m [Node] Executing "_datasink0" <mriqc.interfaces.bids.IQMFileSink>[0m
2026-03-27 02:55:45 |[34;20m INFO     [0m|[34;20m nipype.workflow  [0m|[34;20m [Node] Finished "_datasink0", elapsed time 0.001473s.[0m
2026-03-27 02:55:45 |[34;20m INFO     [0m|[34;20m nipype.workflow  [0m|[34;20m [Node] Setting-up "_ds_timeseries0" in "/local/nvme/ds004996_30.784026/ds/tmp/mriqc_wf/funcMRIQC/ComputeIQMs/30152c1ba51b0976f4a68d221f21b6ef7d7823f3/ds_timeseries/mapflow/_ds_timeseries0".[0m
2026-03-27 02:55:45 |[34;20m INFO     [0m|[34;20m nipype.workflow  [0m|[34;20m [Node] Executing "_ds_timeseries0" <mriqc.interfaces.DerivativesDataSink>[0m
2026-03-27 02:55:45 |[34;20m INFO     [0m|[34;20m nipype.workflow  [0m|[34;20m [Node] Finished "_ds_timeseries0", elapsed time 0.004413s.[0m
2026-03-27 02:55:45 |[34;20m INFO     [0m|[34;20m nipype.workflow  [0m|[34;20m [Node] Setting-up "_ds_timeseries0" in "/local/nvme/ds004996_30.784026/ds/tmp/mriqc_wf/funcMRIQC/ComputeIQMs/fbbd97601d2cb3d1268527806a7203eb727ccd63/ds_timeseries/mapflow/_ds_timeseries0".[0m
2026-03-27 02:55:45 |[34;20m INFO     [0m|[34;20m nipype.workflow  [0m|[34;20m [Node] Executing "_ds_timeseries0" <mriqc.interfaces.DerivativesDataSink>[0m
2026-03-27 02:55:45 |[34;20m INFO     [0m|[34;20m nipype.workflow  [0m|[34;20m [Node] Finished "_ds_timeseries0", elapsed time 0.004047s.[0m
2026-03-27 02:55:45 |[34;20m INFO     [0m|[34;20m nipype.workflow  [0m|[34;20m [Node] Setting-up "_BigPlot0" in "/local/nvme/ds004996_30.784026/ds/tmp/mriqc_wf/funcMRIQC/func_report_wf/30152c1ba51b0976f4a68d221f21b6ef7d7823f3/BigPlot/mapflow/_BigPlot0".[0m
2026-03-27 02:55:45 |[34;20m INFO     [0m|[34;20m nipype.workflow  [0m|[34;20m [Node] Executing "_BigPlot0" <nireports.interfaces.fmri.FMRISummary>[0m
2026-03-27 02:55:46 |[34;20m INFO     [0m|[34;20m nipype.workflow  [0m|[34;20m [Node] Finished "_measures0", elapsed time 1.019135s.[0m
2026-03-27 02:55:47 |[34;20m INFO     [0m|[34;20m nipype.workflow  [0m|[34;20m [Node] Setting-up "_datasink0" in "/local/nvme/ds004996_30.784026/ds/tmp/mriqc_wf/funcMRIQC/ComputeIQMs/fbbd97601d2cb3d1268527806a7203eb727ccd63/datasink/mapflow/_datasink0".[0m
2026-03-27 02:55:47 |[34;20m INFO     [0m|[34;20m nipype.workflow  [0m|[34;20m [Node] Executing "_datasink0" <mriqc.interfaces.bids.IQMFileSink>[0m
2026-03-27 02:55:47 |[34;20m INFO     [0m|[34;20m nipype.workflow  [0m|[34;20m [Node] Finished "_datasink0", elapsed time 0.000602s.[0m
2026-03-27 02:55:47 |[34;20m INFO     [0m|[34;20m nipype.workflow  [0m|[34;20m [Node] Finished "_ComputeDVARS0", elapsed time 18.171637s.[0m
2026-03-27 02:55:49 |[34;20m INFO     [0m|[34;20m nipype.workflow  [0m|[34;20m [Node] Setting-up "_measures0" in "/local/nvme/ds004996_30.784026/ds/tmp/mriqc_wf/funcMRIQC/ComputeIQMs/fa991c94427f821bc15afd575685f8d6e30cc056/measures/mapflow/_measures0".[0m
2026-03-27 02:55:49 |[34;20m INFO     [0m|[34;20m nipype.workflow  [0m|[34;20m [Node] Executing "_measures0" <mriqc.interfaces.functional.FunctionalQC>[0m
2026-03-27 02:55:49 |[34;20m INFO     [0m|[34;20m nipype.workflow  [0m|[34;20m [Node] Setting-up "_timeseries0" in "/local/nvme/ds004996_30.784026/ds/tmp/mriqc_wf/funcMRIQC/ComputeIQMs/fa991c94427f821bc15afd575685f8d6e30cc056/timeseries/mapflow/_timeseries0".[0m
2026-03-27 02:55:49 |[34;20m INFO     [0m|[34;20m nipype.workflow  [0m|[34;20m [Node] Executing "_timeseries0" <mriqc.interfaces.functional.GatherTimeseries>[0m
2026-03-27 02:55:49 |[34;20m INFO     [0m|[34;20m nipype.workflow  [0m|[34;20m [Node] Finished "_timeseries0", elapsed time 0.031844s.[0m
2026-03-27 02:55:50 |[34;20m INFO     [0m|[34;20m nipype.workflow  [0m|[34;20m [Node] Finished "_BigPlot0", elapsed time 4.251632s.[0m
2026-03-27 02:55:50 |[34;20m INFO     [0m|[34;20m nipype.workflow  [0m|[34;20m [Node] Finished "_measures0", elapsed time 1.069379s.[0m
2026-03-27 02:55:51 |[34;20m INFO     [0m|[34;20m nipype.workflow  [0m|[34;20m [Node] Setting-up "mriqc_wf.funcMRIQC.synthstrip_wf.post_n4" in "/local/nvme/ds004996_30.784026/ds/tmp/mriqc_wf/funcMRIQC/synthstrip_wf/fbbd97601d2cb3d1268527806a7203eb727ccd63/post_n4".[0m
2026-03-27 02:55:51 |[34;20m INFO     [0m|[34;20m nipype.workflow  [0m|[34;20m [Node] Executing "post_n4" <nipype.interfaces.ants.segmentation.N4BiasFieldCorrection>[0m
2026-03-27 02:55:52 |[34;20m INFO     [0m|[34;20m nipype.workflow  [0m|[34;20m [Node] Finished "post_n4", elapsed time 0.893933s.[0m
2026-03-27 02:55:53 |[34;20m INFO     [0m|[34;20m nipype.workflow  [0m|[34;20m [Node] Setting-up "mriqc_wf.funcMRIQC.SpatialNormalization.EPI2MNI" in "/local/nvme/ds004996_30.784026/ds/tmp/mriqc_wf/funcMRIQC/SpatialNormalization/fbbd97601d2cb3d1268527806a7203eb727ccd63/EPI2MNI".[0m
2026-03-27 02:55:53 |[34;20m INFO     [0m|[34;20m nipype.workflow  [0m|[34;20m [Node] Executing "EPI2MNI" <niworkflows.interfaces.reportlets.registration.SpatialNormalizationRPT>[0m
2026-03-27 02:55:53 |[34;20m INFO     [0m|[34;20m niworkflows      [0m|[34;20m Estimating initial transform using AffineInitializer[0m
2026-03-27 02:55:58 |[34;20m INFO     [0m|[34;20m niworkflows      [0m|[34;20m Loading settings from file /opt/conda/lib/python3.11/site-packages/niworkflows/data/boldref-mni_registration_precise_000.json.[0m
2026-03-27 02:55:58 |[34;20m INFO     [0m|[34;20m niworkflows      [0m|[34;20m Retry #1, commandline: 
antsRegistration --collapse-output-transforms 1 --dimensionality 3 --float 0 --initial-moving-transform [ /local/nvme/ds004996_30.784026/ds/tmp/mriqc_wf/funcMRIQC/SpatialNormalization/fbbd97601d2cb3d1268527806a7203eb727ccd63/EPI2MNI/transform.mat, 0 ] --initialize-transforms-per-stage 0 --interpolation LanczosWindowedSinc --output [ epi_to_mni, epi_to_mni_Warped.nii.gz ] --transform Rigid[ 0.05 ] --metric Mattes[ /templateflow/tpl-MNI152NLin2009cAsym/tpl-MNI152NLin2009cAsym_res-02_desc-fMRIPrep_boldref.nii.gz, /local/nvme/ds004996_30.784026/ds/tmp/mriqc_wf/funcMRIQC/SpatialNormalization/fbbd97601d2cb3d1268527806a7203eb727ccd63/SharpenEPI/sub-30_task-conversation_run-02_bold_desc-realigned_valid_tstat_corrected.nii.gz, 1, 56, Regular, 0.25 ] --convergence [ 10000x1000x100, 1e-06, 20 ] --smoothing-sigmas 4.0x2.0x1.0vox --shrink-factors 4x2x1 --use-histogram-matching 1 --masks [ /templateflow/tpl-MNI152NLin2009cAsym/tpl-MNI152NLin2009cAsym_res-02_desc-brain_mask.nii.gz, /local/nvme/ds004996_30.784026/ds/tmp/mriqc_wf/funcMRIQC/synthstrip_wf/fbbd97601d2cb3d1268527806a7203eb727ccd63/synthstrip/clipped_corrected_desc-brain_mask.nii.gz ] --transform Affine[ 0.08 ] --metric Mattes[ /templateflow/tpl-MNI152NLin2009cAsym/tpl-MNI152NLin2009cAsym_res-02_desc-fMRIPrep_boldref.nii.gz, /local/nvme/ds004996_30.784026/ds/tmp/mriqc_wf/funcMRIQC/SpatialNormalization/fbbd97601d2cb3d1268527806a7203eb727ccd63/SharpenEPI/sub-30_task-conversation_run-02_bold_desc-realigned_valid_tstat_corrected.nii.gz, 1, 56, Regular, 0.25 ] --convergence [ 500x250x100, 1e-06, 20 ] --smoothing-sigmas 4.0x2.0x1.0vox --shrink-factors 8x4x2 --use-histogram-matching 1 --masks [ /templateflow/tpl-MNI152NLin2009cAsym/tpl-MNI152NLin2009cAsym_res-02_desc-brain_mask.nii.gz, /local/nvme/ds004996_30.784026/ds/tmp/mriqc_wf/funcMRIQC/synthstrip_wf/fbbd97601d2cb3d1268527806a7203eb727ccd63/synthstrip/clipped_corrected_desc-brain_mask.nii.gz ] --transform SyN[ 0.1, 3.0, 0.0 ] --metric CC[ /templateflow/tpl-MNI152NLin2009cAsym/tpl-MNI152NLin2009cAsym_res-02_desc-fMRIPrep_boldref.nii.gz, /local/nvme/ds004996_30.784026/ds/tmp/mriqc_wf/funcMRIQC/SpatialNormalization/fbbd97601d2cb3d1268527806a7203eb727ccd63/SharpenEPI/sub-30_task-conversation_run-02_bold_desc-realigned_valid_tstat_corrected.nii.gz, 1, 4, None, 1 ] --convergence [ 100x30x20, 1e-06, 10 ] --smoothing-sigmas 3.0x2.0x1.0vox --shrink-factors 8x4x2 --use-histogram-matching 1 --masks [ /templateflow/tpl-MNI152NLin2009cAsym/tpl-MNI152NLin2009cAsym_res-02_desc-brain_mask.nii.gz, /local/nvme/ds004996_30.784026/ds/tmp/mriqc_wf/funcMRIQC/synthstrip_wf/fbbd97601d2cb3d1268527806a7203eb727ccd63/synthstrip/clipped_corrected_desc-brain_mask.nii.gz ] --winsorize-image-intensities [ 0.005, 0.995 ]  --write-composite-transform 1[0m
2026-03-27 02:56:10 |[34;20m INFO     [0m|[34;20m niworkflows      [0m|[34;20m Successful spatial normalization (retry #1).[0m
2026-03-27 02:56:10 |[34;20m INFO     [0m|[34;20m niworkflows      [0m|[34;20m Report - setting fixed (/templateflow/tpl-MNI152NLin2009cAsym/tpl-MNI152NLin2009cAsym_res-02_desc-fMRIPrep_boldref.nii.gz) and moving (/local/nvme/ds004996_30.784026/ds/tmp/mriqc_wf/funcMRIQC/SpatialNormalization/fbbd97601d2cb3d1268527806a7203eb727ccd63/EPI2MNI/epi_to_mni_Warped.nii.gz) images[0m
2026-03-27 02:56:10 |[34;20m INFO     [0m|[34;20m niworkflows      [0m|[34;20m Generating visual report[0m
2026-03-27 02:56:25 |[34;20m INFO     [0m|[34;20m nipype.workflow  [0m|[34;20m [Node] Finished "EPI2MNI", elapsed time 31.845257s.[0m
2026-03-27 02:56:25 |[34;20m INFO     [0m|[34;20m nipype.workflow  [0m|[34;20m [Node] Setting-up "mriqc_wf.funcMRIQC.synthstrip_wf.post_n4" in "/local/nvme/ds004996_30.784026/ds/tmp/mriqc_wf/funcMRIQC/synthstrip_wf/fa991c94427f821bc15afd575685f8d6e30cc056/post_n4".[0m
2026-03-27 02:56:25 |[34;20m INFO     [0m|[34;20m nipype.workflow  [0m|[34;20m [Node] Executing "post_n4" <nipype.interfaces.ants.segmentation.N4BiasFieldCorrection>[0m
2026-03-27 02:56:26 |[34;20m INFO     [0m|[34;20m nipype.workflow  [0m|[34;20m [Node] Finished "post_n4", elapsed time 0.908622s.[0m
2026-03-27 02:56:27 |[34;20m INFO     [0m|[34;20m nipype.workflow  [0m|[34;20m [Node] Setting-up "mriqc_wf.funcMRIQC.SpatialNormalization.EPI2MNI" in "/local/nvme/ds004996_30.784026/ds/tmp/mriqc_wf/funcMRIQC/SpatialNormalization/fa991c94427f821bc15afd575685f8d6e30cc056/EPI2MNI".[0m
2026-03-27 02:56:27 |[34;20m INFO     [0m|[34;20m nipype.workflow  [0m|[34;20m [Node] Executing "EPI2MNI" <niworkflows.interfaces.reportlets.registration.SpatialNormalizationRPT>[0m
2026-03-27 02:56:27 |[34;20m INFO     [0m|[34;20m niworkflows      [0m|[34;20m Estimating initial transform using AffineInitializer[0m
2026-03-27 02:56:32 |[34;20m INFO     [0m|[34;20m niworkflows      [0m|[34;20m Terminal outputs of initialization saved (/local/nvme/ds004996_30.784026/ds/tmp/mriqc_wf/funcMRIQC/SpatialNormalization/fa991c94427f821bc15afd575685f8d6e30cc056/EPI2MNI/stderr.nipype-init).[0m
2026-03-27 02:56:32 |[34;20m INFO     [0m|[34;20m niworkflows      [0m|[34;20m Loading settings from file /opt/conda/lib/python3.11/site-packages/niworkflows/data/boldref-mni_registration_precise_000.json.[0m
2026-03-27 02:56:32 |[34;20m INFO     [0m|[34;20m niworkflows      [0m|[34;20m Retry #1, commandline: 
antsRegistration --collapse-output-transforms 1 --dimensionality 3 --float 0 --initial-moving-transform [ /local/nvme/ds004996_30.784026/ds/tmp/mriqc_wf/funcMRIQC/SpatialNormalization/fa991c94427f821bc15afd575685f8d6e30cc056/EPI2MNI/transform.mat, 0 ] --initialize-transforms-per-stage 0 --interpolation LanczosWindowedSinc --output [ epi_to_mni, epi_to_mni_Warped.nii.gz ] --transform Rigid[ 0.05 ] --metric Mattes[ /templateflow/tpl-MNI152NLin2009cAsym/tpl-MNI152NLin2009cAsym_res-02_desc-fMRIPrep_boldref.nii.gz, /local/nvme/ds004996_30.784026/ds/tmp/mriqc_wf/funcMRIQC/SpatialNormalization/fa991c94427f821bc15afd575685f8d6e30cc056/SharpenEPI/sub-30_task-conversation_run-03_bold_desc-realigned_valid_tstat_corrected.nii.gz, 1, 56, Regular, 0.25 ] --convergence [ 10000x1000x100, 1e-06, 20 ] --smoothing-sigmas 4.0x2.0x1.0vox --shrink-factors 4x2x1 --use-histogram-matching 1 --masks [ /templateflow/tpl-MNI152NLin2009cAsym/tpl-MNI152NLin2009cAsym_res-02_desc-brain_mask.nii.gz, /local/nvme/ds004996_30.784026/ds/tmp/mriqc_wf/funcMRIQC/synthstrip_wf/fa991c94427f821bc15afd575685f8d6e30cc056/synthstrip/clipped_corrected_desc-brain_mask.nii.gz ] --transform Affine[ 0.08 ] --metric Mattes[ /templateflow/tpl-MNI152NLin2009cAsym/tpl-MNI152NLin2009cAsym_res-02_desc-fMRIPrep_boldref.nii.gz, /local/nvme/ds004996_30.784026/ds/tmp/mriqc_wf/funcMRIQC/SpatialNormalization/fa991c94427f821bc15afd575685f8d6e30cc056/SharpenEPI/sub-30_task-conversation_run-03_bold_desc-realigned_valid_tstat_corrected.nii.gz, 1, 56, Regular, 0.25 ] --convergence [ 500x250x100, 1e-06, 20 ] --smoothing-sigmas 4.0x2.0x1.0vox --shrink-factors 8x4x2 --use-histogram-matching 1 --masks [ /templateflow/tpl-MNI152NLin2009cAsym/tpl-MNI152NLin2009cAsym_res-02_desc-brain_mask.nii.gz, /local/nvme/ds004996_30.784026/ds/tmp/mriqc_wf/funcMRIQC/synthstrip_wf/fa991c94427f821bc15afd575685f8d6e30cc056/synthstrip/clipped_corrected_desc-brain_mask.nii.gz ] --transform SyN[ 0.1, 3.0, 0.0 ] --metric CC[ /templateflow/tpl-MNI152NLin2009cAsym/tpl-MNI152NLin2009cAsym_res-02_desc-fMRIPrep_boldref.nii.gz, /local/nvme/ds004996_30.784026/ds/tmp/mriqc_wf/funcMRIQC/SpatialNormalization/fa991c94427f821bc15afd575685f8d6e30cc056/SharpenEPI/sub-30_task-conversation_run-03_bold_desc-realigned_valid_tstat_corrected.nii.gz, 1, 4, None, 1 ] --convergence [ 100x30x20, 1e-06, 10 ] --smoothing-sigmas 3.0x2.0x1.0vox --shrink-factors 8x4x2 --use-histogram-matching 1 --masks [ /templateflow/tpl-MNI152NLin2009cAsym/tpl-MNI152NLin2009cAsym_res-02_desc-brain_mask.nii.gz, /local/nvme/ds004996_30.784026/ds/tmp/mriqc_wf/funcMRIQC/synthstrip_wf/fa991c94427f821bc15afd575685f8d6e30cc056/synthstrip/clipped_corrected_desc-brain_mask.nii.gz ] --winsorize-image-intensities [ 0.005, 0.995 ]  --write-composite-transform 1[0m
2026-03-27 02:56:43 |[34;20m INFO     [0m|[34;20m niworkflows      [0m|[34;20m Successful spatial normalization (retry #1).[0m
2026-03-27 02:56:43 |[34;20m INFO     [0m|[34;20m niworkflows      [0m|[34;20m Report - setting fixed (/templateflow/tpl-MNI152NLin2009cAsym/tpl-MNI152NLin2009cAsym_res-02_desc-fMRIPrep_boldref.nii.gz) and moving (/local/nvme/ds004996_30.784026/ds/tmp/mriqc_wf/funcMRIQC/SpatialNormalization/fa991c94427f821bc15afd575685f8d6e30cc056/EPI2MNI/epi_to_mni_Warped.nii.gz) images[0m
2026-03-27 02:56:43 |[34;20m INFO     [0m|[34;20m niworkflows      [0m|[34;20m Generating visual report[0m
2026-03-27 02:56:57 |[34;20m INFO     [0m|[34;20m nipype.workflow  [0m|[34;20m [Node] Finished "EPI2MNI", elapsed time 30.371149s.[0m
2026-03-27 02:56:59 |[34;20m INFO     [0m|[34;20m nipype.workflow  [0m|[34;20m [Node] Setting-up "mriqc_wf.funcMRIQC.func_report_wf.ds_report_norm" in "/local/nvme/ds004996_30.784026/ds/tmp/mriqc_wf/funcMRIQC/func_report_wf/fbbd97601d2cb3d1268527806a7203eb727ccd63/ds_report_norm".[0m
2026-03-27 02:56:59 |[34;20m INFO     [0m|[34;20m nipype.workflow  [0m|[34;20m [Node] Setting-up "mriqc_wf.funcMRIQC.synthstrip_wf.final_masked" in "/local/nvme/ds004996_30.784026/ds/tmp/mriqc_wf/funcMRIQC/synthstrip_wf/fbbd97601d2cb3d1268527806a7203eb727ccd63/final_masked".[0m
2026-03-27 02:56:59 |[34;20m INFO     [0m|[34;20m nipype.workflow  [0m|[34;20m [Node] Setting-up "mriqc_wf.funcMRIQC.SpatialNormalization.ResampleSegmentation" in "/local/nvme/ds004996_30.784026/ds/tmp/mriqc_wf/funcMRIQC/SpatialNormalization/fbbd97601d2cb3d1268527806a7203eb727ccd63/ResampleSegmentation".[0m
2026-03-27 02:56:59 |[34;20m INFO     [0m|[34;20m nipype.workflow  [0m|[34;20m [Node] Executing "final_masked" <niworkflows.interfaces.nibabel.ApplyMask>[0m
2026-03-27 02:56:59 |[34;20m INFO     [0m|[34;20m nipype.workflow  [0m|[34;20m [Node] Executing "ds_report_norm" <mriqc.interfaces.DerivativesDataSink>[0m
2026-03-27 02:56:59 |[34;20m INFO     [0m|[34;20m nipype.workflow  [0m|[34;20m [Node] Executing "ResampleSegmentation" <nipype.interfaces.ants.resampling.ApplyTransforms>[0m
2026-03-27 02:56:59 |[34;20m INFO     [0m|[34;20m nipype.workflow  [0m|[34;20m [Node] Finished "ds_report_norm", elapsed time 0.004913s.[0m
2026-03-27 02:56:59 |[34;20m INFO     [0m|[34;20m nipype.workflow  [0m|[34;20m [Node] Finished "final_masked", elapsed time 0.029701s.[0m
2026-03-27 02:56:59 |[34;20m INFO     [0m|[34;20m nipype.workflow  [0m|[34;20m [Node] Setting-up "mriqc_wf.funcMRIQC.func_report_wf.ds_report_norm" in "/local/nvme/ds004996_30.784026/ds/tmp/mriqc_wf/funcMRIQC/func_report_wf/fa991c94427f821bc15afd575685f8d6e30cc056/ds_report_norm".[0m
2026-03-27 02:56:59 |[34;20m INFO     [0m|[34;20m nipype.workflow  [0m|[34;20m [Node] Setting-up "mriqc_wf.funcMRIQC.synthstrip_wf.final_masked" in "/local/nvme/ds004996_30.784026/ds/tmp/mriqc_wf/funcMRIQC/synthstrip_wf/fa991c94427f821bc15afd575685f8d6e30cc056/final_masked".[0m
2026-03-27 02:56:59 |[34;20m INFO     [0m|[34;20m nipype.workflow  [0m|[34;20m [Node] Setting-up "mriqc_wf.funcMRIQC.SpatialNormalization.ResampleSegmentation" in "/local/nvme/ds004996_30.784026/ds/tmp/mriqc_wf/funcMRIQC/SpatialNormalization/fa991c94427f821bc15afd575685f8d6e30cc056/ResampleSegmentation".[0m
2026-03-27 02:56:59 |[34;20m INFO     [0m|[34;20m nipype.workflow  [0m|[34;20m [Node] Executing "ds_report_norm" <mriqc.interfaces.DerivativesDataSink>[0m
2026-03-27 02:56:59 |[34;20m INFO     [0m|[34;20m nipype.workflow  [0m|[34;20m [Node] Executing "ResampleSegmentation" <nipype.interfaces.ants.resampling.ApplyTransforms>[0m
2026-03-27 02:56:59 |[34;20m INFO     [0m|[34;20m nipype.workflow  [0m|[34;20m [Node] Executing "final_masked" <niworkflows.interfaces.nibabel.ApplyMask>[0m
2026-03-27 02:56:59 |[34;20m INFO     [0m|[34;20m nipype.workflow  [0m|[34;20m [Node] Finished "ds_report_norm", elapsed time 0.004848s.[0m
2026-03-27 02:56:59 |[34;20m INFO     [0m|[34;20m nipype.workflow  [0m|[34;20m [Node] Finished "final_masked", elapsed time 0.032922s.[0m
2026-03-27 02:56:59 |[34;20m INFO     [0m|[34;20m nipype.workflow  [0m|[34;20m [Node] Setting-up "_datasink0" in "/local/nvme/ds004996_30.784026/ds/tmp/mriqc_wf/funcMRIQC/ComputeIQMs/fa991c94427f821bc15afd575685f8d6e30cc056/datasink/mapflow/_datasink0".[0m
2026-03-27 02:56:59 |[34;20m INFO     [0m|[34;20m nipype.workflow  [0m|[34;20m [Node] Executing "_datasink0" <mriqc.interfaces.bids.IQMFileSink>[0m
2026-03-27 02:56:59 |[34;20m INFO     [0m|[34;20m nipype.workflow  [0m|[34;20m [Node] Finished "_datasink0", elapsed time 0.000594s.[0m
2026-03-27 02:56:59 |[34;20m INFO     [0m|[34;20m nipype.workflow  [0m|[34;20m [Node] Setting-up "_ds_timeseries0" in "/local/nvme/ds004996_30.784026/ds/tmp/mriqc_wf/funcMRIQC/ComputeIQMs/fa991c94427f821bc15afd575685f8d6e30cc056/ds_timeseries/mapflow/_ds_timeseries0".[0m
2026-03-27 02:56:59 |[34;20m INFO     [0m|[34;20m nipype.workflow  [0m|[34;20m [Node] Executing "_ds_timeseries0" <mriqc.interfaces.DerivativesDataSink>[0m
2026-03-27 02:56:59 |[34;20m INFO     [0m|[34;20m nipype.workflow  [0m|[34;20m [Node] Finished "_ds_timeseries0", elapsed time 0.003913s.[0m
2026-03-27 02:56:59 |[34;20m INFO     [0m|[34;20m nipype.workflow  [0m|[34;20m [Node] Setting-up "_ds_report_carpet0" in "/local/nvme/ds004996_30.784026/ds/tmp/mriqc_wf/funcMRIQC/func_report_wf/30152c1ba51b0976f4a68d221f21b6ef7d7823f3/ds_report_carpet/mapflow/_ds_report_carpet0".[0m
2026-03-27 02:56:59 |[34;20m INFO     [0m|[34;20m nipype.workflow  [0m|[34;20m [Node] Executing "_ds_report_carpet0" <mriqc.interfaces.DerivativesDataSink>[0m
2026-03-27 02:56:59 |[34;20m INFO     [0m|[34;20m nipype.workflow  [0m|[34;20m [Node] Finished "_ds_report_carpet0", elapsed time 0.004838s.[0m
2026-03-27 02:57:02 |[34;20m INFO     [0m|[34;20m nipype.workflow  [0m|[34;20m [Node] Finished "ResampleSegmentation", elapsed time 2.470692s.[0m
2026-03-27 02:57:02 |[34;20m INFO     [0m|[34;20m nipype.workflow  [0m|[34;20m [Node] Finished "ResampleSegmentation", elapsed time 2.391383s.[0m
2026-03-27 02:57:03 |[34;20m INFO     [0m|[34;20m nipype.workflow  [0m|[34;20m [Node] Setting-up "mriqc_wf.funcMRIQC.func_report_wf.parcels" in "/local/nvme/ds004996_30.784026/ds/tmp/mriqc_wf/funcMRIQC/func_report_wf/fa991c94427f821bc15afd575685f8d6e30cc056/parcels".[0m
2026-03-27 02:57:03 |[34;20m INFO     [0m|[34;20m nipype.workflow  [0m|[34;20m [Node] Executing "parcels" <nipype.interfaces.utility.wrappers.Function>[0m
2026-03-27 02:57:03 |[34;20m INFO     [0m|[34;20m nipype.workflow  [0m|[34;20m [Node] Setting-up "mriqc_wf.funcMRIQC.func_report_wf.parcels" in "/local/nvme/ds004996_30.784026/ds/tmp/mriqc_wf/funcMRIQC/func_report_wf/fbbd97601d2cb3d1268527806a7203eb727ccd63/parcels".[0m
2026-03-27 02:57:03 |[34;20m INFO     [0m|[34;20m nipype.workflow  [0m|[34;20m [Node] Executing "parcels" <nipype.interfaces.utility.wrappers.Function>[0m
2026-03-27 02:57:03 |[34;20m INFO     [0m|[34;20m nipype.workflow  [0m|[34;20m [Node] Finished "parcels", elapsed time 0.02188s.[0m
2026-03-27 02:57:03 |[34;20m INFO     [0m|[34;20m nipype.workflow  [0m|[34;20m [Node] Finished "parcels", elapsed time 0.02139s.[0m
2026-03-27 02:57:05 |[34;20m INFO     [0m|[34;20m nipype.workflow  [0m|[34;20m [Node] Setting-up "_BigPlot0" in "/local/nvme/ds004996_30.784026/ds/tmp/mriqc_wf/funcMRIQC/func_report_wf/fa991c94427f821bc15afd575685f8d6e30cc056/BigPlot/mapflow/_BigPlot0".[0m
2026-03-27 02:57:05 |[34;20m INFO     [0m|[34;20m nipype.workflow  [0m|[34;20m [Node] Executing "_BigPlot0" <nireports.interfaces.fmri.FMRISummary>[0m
2026-03-27 02:57:05 |[34;20m INFO     [0m|[34;20m nipype.workflow  [0m|[34;20m [Node] Setting-up "_BigPlot0" in "/local/nvme/ds004996_30.784026/ds/tmp/mriqc_wf/funcMRIQC/func_report_wf/fbbd97601d2cb3d1268527806a7203eb727ccd63/BigPlot/mapflow/_BigPlot0".[0m
2026-03-27 02:57:05 |[34;20m INFO     [0m|[34;20m nipype.workflow  [0m|[34;20m [Node] Executing "_BigPlot0" <nireports.interfaces.fmri.FMRISummary>[0m
2026-03-27 02:57:09 |[34;20m INFO     [0m|[34;20m nipype.workflow  [0m|[34;20m [Node] Finished "_BigPlot0", elapsed time 3.826483s.[0m
2026-03-27 02:57:09 |[34;20m INFO     [0m|[34;20m nipype.workflow  [0m|[34;20m [Node] Setting-up "_ds_report_carpet0" in "/local/nvme/ds004996_30.784026/ds/tmp/mriqc_wf/funcMRIQC/func_report_wf/fbbd97601d2cb3d1268527806a7203eb727ccd63/ds_report_carpet/mapflow/_ds_report_carpet0".[0m
2026-03-27 02:57:09 |[34;20m INFO     [0m|[34;20m nipype.workflow  [0m|[34;20m [Node] Executing "_ds_report_carpet0" <mriqc.interfaces.DerivativesDataSink>[0m
2026-03-27 02:57:09 |[34;20m INFO     [0m|[34;20m nipype.workflow  [0m|[34;20m [Node] Finished "_ds_report_carpet0", elapsed time 0.004798s.[0m
2026-03-27 02:57:09 |[34;20m INFO     [0m|[34;20m nipype.workflow  [0m|[34;20m [Node] Finished "_BigPlot0", elapsed time 4.388161s.[0m
2026-03-27 02:57:11 |[34;20m INFO     [0m|[34;20m nipype.workflow  [0m|[34;20m [Node] Setting-up "_ds_report_carpet0" in "/local/nvme/ds004996_30.784026/ds/tmp/mriqc_wf/funcMRIQC/func_report_wf/fa991c94427f821bc15afd575685f8d6e30cc056/ds_report_carpet/mapflow/_ds_report_carpet0".[0m
2026-03-27 02:57:11 |[34;20m INFO     [0m|[34;20m nipype.workflow  [0m|[34;20m [Node] Executing "_ds_report_carpet0" <mriqc.interfaces.DerivativesDataSink>[0m
2026-03-27 02:57:11 |[34;20m INFO     [0m|[34;20m nipype.workflow  [0m|[34;20m [Node] Finished "_ds_report_carpet0", elapsed time 0.004933s.[0m
2026-03-27 02:57:13 |[34;20m INFO     [0m|[34;20m nipype.workflow  [0m|[34;20m Generating reports...[0m
2026-03-27 02:57:14 |[34;20m INFO     [0m|[34;20m nipype.workflow  [0m|[34;20m Report generation finished (3 reports).[0m
2026-03-27 02:57:14 |[33;20m IMPORTANT [0m|[33;20m mriqc            [0m|[33;20m Participant level finished successfully averaging 00h 06min 48s per subject.[0m
2026-03-27 02:57:14 |[34;20m INFO     [0m|[34;20m mriqc            [0m|[34;20m Generating BIDS derivatives metadata.[0m
----------------------------------------------------------------
  MRIQC completed (elapsed time 00h 20min 25s).
----------------------------------------------------------------

