------------------------------------------------------------------
  Running MRIQC version 24.1.0.dev0+gd5b13cb5.d20240826
  ----------------------------------------------------------------

  NOTICE
  Copyright © The NiPreps Developers.
  
  This product includes software developed by
  the NiPreps Community (https://nipreps.org/).
  
  Portions of this software were developed at the Department of
  Psychology at Stanford University, Stanford, CA, US.
  
  This software contains code ultimately derived from the
  PCP Quality Assessment Protocol (QAP;
  http://preprocessed-connectomes-project.org/quality-assessment-protocol)
  by C. Craddock, S. Giavasis, D. Clark, Z. Shezhad, and J. Pellman.
  
  This software is also distributed as a Docker container image.
  The bootstrapping file for the image ("Dockerfile") is licensed
  under the MIT License.

  ----------------------------------------------------------------

  * BIDS dataset path: /local/nvme/ds004996_14.784026/ds/sourcedata/raw.
  * Output folder: mriqc.
  * Analysis levels: ['participant'].
------------------------------------------------------------------

2026-03-27 02:19:22 |[33;20m IMPORTANT [0m|[33;20m mriqc            [0m|[33;20m Extracting metadata and entities for 3 input runs of modality 'bold'...[0m
2026-03-27 02:19:22 |[33;20m IMPORTANT [0m|[33;20m mriqc            [0m|[33;20m File size ('bold'): 0.41|0.41 GB [maximum|average].[0m
2026-03-27 02:19:22 |[34;20m INFO     [0m|[34;20m mriqc            [0m|[34;20m MRIQC config file: /local/nvme/ds004996_14.784026/ds/tmp/config-20260327-021920_c3097fab-fa92-4396-ba80-6936a6445d2f.toml.[0m
2026-03-27 02:19:28 |[34;20m INFO     [0m|[34;20m matplotlib.font_manager [0m|[34;20m generated new fontManager[0m
2026-03-27 02:19:29 |[33;20m IMPORTANT [0m|[33;20m mriqc            [0m|[33;20m Building MRIQC's workflows...[0m
2026-03-27 02:19:29 |[34;20m INFO     [0m|[34;20m nipype.workflow  [0m|[34;20m Building functional MRIQC workflow for 3 BOLD runs..[0m
2026-03-27 02:19:35 |[33;20m IMPORTANT [0m|[33;20m mriqc            [0m|[33;20m Workflow building finished (exit code 0).[0m
2026-03-27 02:19:40 |[34;20m INFO     [0m|[34;20m nipype.workflow  [0m|[34;20m Workflow mriqc_wf settings: ['check', 'execution', 'logging', 'monitoring'][0m
2026-03-27 02:19:41 |[34;20m INFO     [0m|[34;20m nipype.workflow  [0m|[34;20m [Node] Setting-up "mriqc_wf.funcMRIQC.pick_echo" in "/local/nvme/ds004996_14.784026/ds/tmp/mriqc_wf/funcMRIQC/515912e4295119cef4aa1dad0ec68039045e8b05/pick_echo".[0m
2026-03-27 02:19:41 |[34;20m INFO     [0m|[34;20m nipype.workflow  [0m|[34;20m [Node] Setting-up "_provenance0" in "/local/nvme/ds004996_14.784026/ds/tmp/mriqc_wf/funcMRIQC/ComputeIQMs/515912e4295119cef4aa1dad0ec68039045e8b05/provenance/mapflow/_provenance0".[0m
2026-03-27 02:19:41 |[34;20m INFO     [0m|[34;20m nipype.workflow  [0m|[34;20m [Node] Executing "pick_echo" <mriqc.interfaces.functional.SelectEcho>[0m
2026-03-27 02:19:41 |[34;20m INFO     [0m|[34;20m nipype.workflow  [0m|[34;20m [Node] Executing "_provenance0" <mriqc.interfaces.reports.AddProvenance>[0m
2026-03-27 02:19:41 |[34;20m INFO     [0m|[34;20m nipype.workflow  [0m|[34;20m [Node] Finished "pick_echo", elapsed time 0.000573s.[0m
2026-03-27 02:19:41 |[34;20m INFO     [0m|[34;20m nipype.workflow  [0m|[34;20m [Node] Finished "_provenance0", elapsed time 0.825086s.[0m
2026-03-27 02:19:42 |[34;20m INFO     [0m|[34;20m nipype.workflow  [0m|[34;20m [Node] Setting-up "mriqc_wf.funcMRIQC.pick_echo" in "/local/nvme/ds004996_14.784026/ds/tmp/mriqc_wf/funcMRIQC/37befc6998085bdb3fc0bfbd9058df85f999a986/pick_echo".[0m
2026-03-27 02:19:42 |[34;20m INFO     [0m|[34;20m nipype.workflow  [0m|[34;20m [Node] Setting-up "_provenance0" in "/local/nvme/ds004996_14.784026/ds/tmp/mriqc_wf/funcMRIQC/ComputeIQMs/37befc6998085bdb3fc0bfbd9058df85f999a986/provenance/mapflow/_provenance0".[0m
2026-03-27 02:19:42 |[34;20m INFO     [0m|[34;20m nipype.workflow  [0m|[34;20m [Node] Executing "_provenance0" <mriqc.interfaces.reports.AddProvenance>[0m
2026-03-27 02:19:42 |[34;20m INFO     [0m|[34;20m nipype.workflow  [0m|[34;20m [Node] Executing "pick_echo" <mriqc.interfaces.functional.SelectEcho>[0m
2026-03-27 02:19:42 |[34;20m INFO     [0m|[34;20m nipype.workflow  [0m|[34;20m [Node] Finished "pick_echo", elapsed time 0.000598s.[0m
2026-03-27 02:19:42 |[34;20m INFO     [0m|[34;20m nipype.workflow  [0m|[34;20m [Node] Finished "_provenance0", elapsed time 0.831945s.[0m
2026-03-27 02:19:43 |[34;20m INFO     [0m|[34;20m nipype.workflow  [0m|[34;20m [Node] Setting-up "mriqc_wf.funcMRIQC.pick_echo" in "/local/nvme/ds004996_14.784026/ds/tmp/mriqc_wf/funcMRIQC/2fd8d2e4124636968a147b56ecb4074dbfbf0d7e/pick_echo".[0m
2026-03-27 02:19:43 |[34;20m INFO     [0m|[34;20m nipype.workflow  [0m|[34;20m [Node] Setting-up "_provenance0" in "/local/nvme/ds004996_14.784026/ds/tmp/mriqc_wf/funcMRIQC/ComputeIQMs/2fd8d2e4124636968a147b56ecb4074dbfbf0d7e/provenance/mapflow/_provenance0".[0m
2026-03-27 02:19:43 |[34;20m INFO     [0m|[34;20m nipype.workflow  [0m|[34;20m [Node] Executing "_provenance0" <mriqc.interfaces.reports.AddProvenance>[0m
2026-03-27 02:19:43 |[34;20m INFO     [0m|[34;20m nipype.workflow  [0m|[34;20m [Node] Executing "pick_echo" <mriqc.interfaces.functional.SelectEcho>[0m
2026-03-27 02:19:43 |[34;20m INFO     [0m|[34;20m nipype.workflow  [0m|[34;20m [Node] Finished "pick_echo", elapsed time 0.00077s.[0m
2026-03-27 02:19:43 |[34;20m INFO     [0m|[34;20m nipype.workflow  [0m|[34;20m [Node] Finished "_provenance0", elapsed time 0.824076s.[0m
2026-03-27 02:19:44 |[34;20m INFO     [0m|[34;20m nipype.workflow  [0m|[34;20m [Node] Setting-up "mriqc_wf.funcMRIQC.non_steady_state_detector" in "/local/nvme/ds004996_14.784026/ds/tmp/mriqc_wf/funcMRIQC/2fd8d2e4124636968a147b56ecb4074dbfbf0d7e/non_steady_state_detector".[0m
2026-03-27 02:19:44 |[34;20m INFO     [0m|[34;20m nipype.workflow  [0m|[34;20m [Node] Setting-up "mriqc_wf.funcMRIQC.non_steady_state_detector" in "/local/nvme/ds004996_14.784026/ds/tmp/mriqc_wf/funcMRIQC/37befc6998085bdb3fc0bfbd9058df85f999a986/non_steady_state_detector".[0m
2026-03-27 02:19:44 |[34;20m INFO     [0m|[34;20m nipype.workflow  [0m|[34;20m [Node] Setting-up "mriqc_wf.funcMRIQC.non_steady_state_detector" in "/local/nvme/ds004996_14.784026/ds/tmp/mriqc_wf/funcMRIQC/515912e4295119cef4aa1dad0ec68039045e8b05/non_steady_state_detector".[0m
2026-03-27 02:19:44 |[34;20m INFO     [0m|[34;20m nipype.workflow  [0m|[34;20m [Node] Executing "non_steady_state_detector" <nipype.algorithms.confounds.NonSteadyStateDetector>[0m
2026-03-27 02:19:44 |[34;20m INFO     [0m|[34;20m nipype.workflow  [0m|[34;20m [Node] Executing "non_steady_state_detector" <nipype.algorithms.confounds.NonSteadyStateDetector>[0m
2026-03-27 02:19:44 |[34;20m INFO     [0m|[34;20m nipype.workflow  [0m|[34;20m [Node] Executing "non_steady_state_detector" <nipype.algorithms.confounds.NonSteadyStateDetector>[0m
2026-03-27 02:19:44 |[34;20m INFO     [0m|[34;20m nipype.workflow  [0m|[34;20m [Node] Finished "non_steady_state_detector", elapsed time 0.029374s.[0m
2026-03-27 02:19:44 |[34;20m INFO     [0m|[34;20m nipype.workflow  [0m|[34;20m [Node] Finished "non_steady_state_detector", elapsed time 0.029474s.[0m
2026-03-27 02:19:44 |[34;20m INFO     [0m|[34;20m nipype.workflow  [0m|[34;20m [Node] Finished "non_steady_state_detector", elapsed time 0.030389s.[0m
2026-03-27 02:19:46 |[34;20m INFO     [0m|[34;20m nipype.workflow  [0m|[34;20m [Node] Setting-up "_sanitize0" in "/local/nvme/ds004996_14.784026/ds/tmp/mriqc_wf/funcMRIQC/2fd8d2e4124636968a147b56ecb4074dbfbf0d7e/sanitize/mapflow/_sanitize0".[0m
2026-03-27 02:19:46 |[34;20m INFO     [0m|[34;20m nipype.workflow  [0m|[34;20m [Node] Executing "_sanitize0" <niworkflows.interfaces.header.SanitizeImage>[0m
2026-03-27 02:19:46 |[34;20m INFO     [0m|[34;20m nipype.workflow  [0m|[34;20m [Node] Setting-up "_sanitize0" in "/local/nvme/ds004996_14.784026/ds/tmp/mriqc_wf/funcMRIQC/37befc6998085bdb3fc0bfbd9058df85f999a986/sanitize/mapflow/_sanitize0".[0m
2026-03-27 02:19:46 |[34;20m INFO     [0m|[34;20m nipype.workflow  [0m|[34;20m [Node] Setting-up "_sanitize0" in "/local/nvme/ds004996_14.784026/ds/tmp/mriqc_wf/funcMRIQC/515912e4295119cef4aa1dad0ec68039045e8b05/sanitize/mapflow/_sanitize0".[0m
2026-03-27 02:19:46 |[34;20m INFO     [0m|[34;20m nipype.workflow  [0m|[34;20m [Node] Executing "_sanitize0" <niworkflows.interfaces.header.SanitizeImage>[0m
2026-03-27 02:19:46 |[34;20m INFO     [0m|[34;20m nipype.workflow  [0m|[34;20m [Node] Executing "_sanitize0" <niworkflows.interfaces.header.SanitizeImage>[0m
2026-03-27 02:19:46 |[34;20m INFO     [0m|[34;20m nipype.workflow  [0m|[34;20m [Node] Finished "_sanitize0", elapsed time 0.785363s.[0m
2026-03-27 02:19:46 |[34;20m INFO     [0m|[34;20m nipype.workflow  [0m|[34;20m [Node] Finished "_sanitize0", elapsed time 0.804544s.[0m
2026-03-27 02:19:46 |[34;20m INFO     [0m|[34;20m nipype.workflow  [0m|[34;20m [Node] Finished "_sanitize0", elapsed time 0.815853s.[0m
2026-03-27 02:19:48 |[34;20m INFO     [0m|[34;20m nipype.workflow  [0m|[34;20m [Node] Setting-up "mriqc_wf.funcMRIQC.fMRI_HMC.estimate_hm" in "/local/nvme/ds004996_14.784026/ds/tmp/mriqc_wf/funcMRIQC/fMRI_HMC/515912e4295119cef4aa1dad0ec68039045e8b05/estimate_hm".[0m
2026-03-27 02:19:48 |[34;20m INFO     [0m|[34;20m nipype.workflow  [0m|[34;20m [Node] Setting-up "mriqc_wf.funcMRIQC.fMRI_HMC.estimate_hm" in "/local/nvme/ds004996_14.784026/ds/tmp/mriqc_wf/funcMRIQC/fMRI_HMC/37befc6998085bdb3fc0bfbd9058df85f999a986/estimate_hm".[0m
2026-03-27 02:19:48 |[34;20m INFO     [0m|[34;20m nipype.workflow  [0m|[34;20m [Node] Executing "estimate_hm" <nipype.interfaces.afni.preprocess.Volreg>[0m
2026-03-27 02:19:48 |[34;20m INFO     [0m|[34;20m nipype.workflow  [0m|[34;20m [Node] Setting-up "mriqc_wf.funcMRIQC.fMRI_HMC.estimate_hm" in "/local/nvme/ds004996_14.784026/ds/tmp/mriqc_wf/funcMRIQC/fMRI_HMC/2fd8d2e4124636968a147b56ecb4074dbfbf0d7e/estimate_hm".[0m
2026-03-27 02:19:48 |[34;20m INFO     [0m|[34;20m nipype.workflow  [0m|[34;20m [Node] Setting-up "_SpikesMask0" in "/local/nvme/ds004996_14.784026/ds/tmp/mriqc_wf/funcMRIQC/func_report_wf/515912e4295119cef4aa1dad0ec68039045e8b05/SpikesMask/mapflow/_SpikesMask0".[0m
2026-03-27 02:19:48 |[34;20m INFO     [0m|[34;20m nipype.workflow  [0m|[34;20m [Node] Executing "_SpikesMask0" <nipype.interfaces.utility.wrappers.Function>[0m
2026-03-27 02:19:48 |[34;20m INFO     [0m|[34;20m nipype.workflow  [0m|[34;20m [Node] Setting-up "_SpikesMask0" in "/local/nvme/ds004996_14.784026/ds/tmp/mriqc_wf/funcMRIQC/func_report_wf/37befc6998085bdb3fc0bfbd9058df85f999a986/SpikesMask/mapflow/_SpikesMask0".[0m
2026-03-27 02:19:48 |[34;20m INFO     [0m|[34;20m nipype.workflow  [0m|[34;20m [Node] Executing "estimate_hm" <nipype.interfaces.afni.preprocess.Volreg>[0m
2026-03-27 02:19:48 |[34;20m INFO     [0m|[34;20m nipype.workflow  [0m|[34;20m [Node] Executing "estimate_hm" <nipype.interfaces.afni.preprocess.Volreg>[0m
2026-03-27 02:19:48 |[34;20m INFO     [0m|[34;20m nipype.workflow  [0m|[34;20m [Node] Setting-up "_SpikesMask0" in "/local/nvme/ds004996_14.784026/ds/tmp/mriqc_wf/funcMRIQC/func_report_wf/2fd8d2e4124636968a147b56ecb4074dbfbf0d7e/SpikesMask/mapflow/_SpikesMask0".[0m
2026-03-27 02:19:48 |[34;20m INFO     [0m|[34;20m nipype.workflow  [0m|[34;20m [Node] Executing "_SpikesMask0" <nipype.interfaces.utility.wrappers.Function>[0m
2026-03-27 02:19:48 |[34;20m INFO     [0m|[34;20m nipype.workflow  [0m|[34;20m [Node] Executing "_SpikesMask0" <nipype.interfaces.utility.wrappers.Function>[0m
2026-03-27 02:19:49 |[34;20m INFO     [0m|[34;20m nipype.workflow  [0m|[34;20m [Node] Finished "_SpikesMask0", elapsed time 1.687718s.[0m
2026-03-27 02:19:49 |[34;20m INFO     [0m|[34;20m nipype.workflow  [0m|[34;20m [Node] Finished "_SpikesMask0", elapsed time 1.807127s.[0m
2026-03-27 02:19:49 |[34;20m INFO     [0m|[34;20m nipype.workflow  [0m|[34;20m [Node] Finished "_SpikesMask0", elapsed time 1.832743s.[0m
2026-03-27 02:19:50 |[34;20m INFO     [0m|[34;20m nipype.workflow  [0m|[34;20m [Node] Setting-up "_SpikesFinderBgMask0" in "/local/nvme/ds004996_14.784026/ds/tmp/mriqc_wf/funcMRIQC/func_report_wf/515912e4295119cef4aa1dad0ec68039045e8b05/SpikesFinderBgMask/mapflow/_SpikesFinderBgMask0".[0m
2026-03-27 02:19:50 |[34;20m INFO     [0m|[34;20m nipype.workflow  [0m|[34;20m [Node] Executing "_SpikesFinderBgMask0" <mriqc.interfaces.functional.Spikes>[0m
2026-03-27 02:19:50 |[34;20m INFO     [0m|[34;20m nipype.workflow  [0m|[34;20m [Node] Setting-up "_SpikesFinderBgMask0" in "/local/nvme/ds004996_14.784026/ds/tmp/mriqc_wf/funcMRIQC/func_report_wf/2fd8d2e4124636968a147b56ecb4074dbfbf0d7e/SpikesFinderBgMask/mapflow/_SpikesFinderBgMask0".[0m
2026-03-27 02:19:50 |[34;20m INFO     [0m|[34;20m nipype.workflow  [0m|[34;20m [Node] Executing "_SpikesFinderBgMask0" <mriqc.interfaces.functional.Spikes>[0m
2026-03-27 02:19:50 |[34;20m INFO     [0m|[34;20m nipype.workflow  [0m|[34;20m [Node] Setting-up "_SpikesFinderBgMask0" in "/local/nvme/ds004996_14.784026/ds/tmp/mriqc_wf/funcMRIQC/func_report_wf/37befc6998085bdb3fc0bfbd9058df85f999a986/SpikesFinderBgMask/mapflow/_SpikesFinderBgMask0".[0m
2026-03-27 02:19:50 |[34;20m INFO     [0m|[34;20m nipype.workflow  [0m|[34;20m [Node] Executing "_SpikesFinderBgMask0" <mriqc.interfaces.functional.Spikes>[0m
2026-03-27 02:19:53 |[34;20m INFO     [0m|[34;20m nipype.workflow  [0m|[34;20m [Node] Finished "_SpikesFinderBgMask0", elapsed time 2.963107s.[0m
2026-03-27 02:19:53 |[34;20m INFO     [0m|[34;20m nipype.workflow  [0m|[34;20m [Node] Finished "_SpikesFinderBgMask0", elapsed time 3.472334s.[0m
2026-03-27 02:19:53 |[34;20m INFO     [0m|[34;20m nipype.workflow  [0m|[34;20m [Node] Finished "_SpikesFinderBgMask0", elapsed time 3.65816s.[0m
2026-03-27 02:36:19 |[34;20m INFO     [0m|[34;20m nipype.workflow  [0m|[34;20m [Node] Finished "estimate_hm", elapsed time 990.893494s.[0m
2026-03-27 02:36:19 |[34;20m INFO     [0m|[34;20m nipype.workflow  [0m|[34;20m [Node] Finished "estimate_hm", elapsed time 991.567046s.[0m
2026-03-27 02:36:20 |[34;20m INFO     [0m|[34;20m nipype.workflow  [0m|[34;20m [Node] Setting-up "mriqc_wf.funcMRIQC.fMRI_HMC.ComputeFD" in "/local/nvme/ds004996_14.784026/ds/tmp/mriqc_wf/funcMRIQC/fMRI_HMC/515912e4295119cef4aa1dad0ec68039045e8b05/ComputeFD".[0m
2026-03-27 02:36:20 |[34;20m INFO     [0m|[34;20m nipype.workflow  [0m|[34;20m [Node] Setting-up "mriqc_wf.funcMRIQC.fMRI_HMC.ComputeFD" in "/local/nvme/ds004996_14.784026/ds/tmp/mriqc_wf/funcMRIQC/fMRI_HMC/37befc6998085bdb3fc0bfbd9058df85f999a986/ComputeFD".[0m
2026-03-27 02:36:20 |[34;20m INFO     [0m|[34;20m nipype.workflow  [0m|[34;20m [Node] Executing "ComputeFD" <nipype.algorithms.confounds.FramewiseDisplacement>[0m
2026-03-27 02:36:20 |[34;20m INFO     [0m|[34;20m nipype.workflow  [0m|[34;20m [Node] Executing "ComputeFD" <nipype.algorithms.confounds.FramewiseDisplacement>[0m
2026-03-27 02:36:20 |[34;20m INFO     [0m|[34;20m nipype.workflow  [0m|[34;20m [Node] Finished "ComputeFD", elapsed time 0.007311s.[0m
2026-03-27 02:36:20 |[34;20m INFO     [0m|[34;20m nipype.workflow  [0m|[34;20m [Node] Finished "ComputeFD", elapsed time 0.009661s.[0m
2026-03-27 02:36:24 |[34;20m INFO     [0m|[34;20m nipype.workflow  [0m|[34;20m [Node] Finished "estimate_hm", elapsed time 995.893214s.[0m
2026-03-27 02:36:26 |[34;20m INFO     [0m|[34;20m nipype.workflow  [0m|[34;20m [Node] Setting-up "_apply_hmc0" in "/local/nvme/ds004996_14.784026/ds/tmp/mriqc_wf/funcMRIQC/fMRI_HMC/515912e4295119cef4aa1dad0ec68039045e8b05/apply_hmc/mapflow/_apply_hmc0".[0m
2026-03-27 02:36:26 |[34;20m INFO     [0m|[34;20m nipype.workflow  [0m|[34;20m [Node] Executing "_apply_hmc0" <nipype.interfaces.utility.wrappers.Function>[0m
2026-03-27 02:36:45 |[34;20m INFO     [0m|[34;20m nipype.workflow  [0m|[34;20m [Node] Finished "_apply_hmc0", elapsed time 19.584108s.[0m
2026-03-27 02:36:46 |[34;20m INFO     [0m|[34;20m nipype.workflow  [0m|[34;20m [Node] Setting-up "_apply_hmc0" in "/local/nvme/ds004996_14.784026/ds/tmp/mriqc_wf/funcMRIQC/fMRI_HMC/37befc6998085bdb3fc0bfbd9058df85f999a986/apply_hmc/mapflow/_apply_hmc0".[0m
2026-03-27 02:36:46 |[34;20m INFO     [0m|[34;20m nipype.workflow  [0m|[34;20m [Node] Executing "_apply_hmc0" <nipype.interfaces.utility.wrappers.Function>[0m
2026-03-27 02:37:05 |[34;20m INFO     [0m|[34;20m nipype.workflow  [0m|[34;20m [Node] Finished "_apply_hmc0", elapsed time 19.486114s.[0m
2026-03-27 02:37:06 |[34;20m INFO     [0m|[34;20m nipype.workflow  [0m|[34;20m [Node] Setting-up "_apply_hmc0" in "/local/nvme/ds004996_14.784026/ds/tmp/mriqc_wf/funcMRIQC/fMRI_HMC/2fd8d2e4124636968a147b56ecb4074dbfbf0d7e/apply_hmc/mapflow/_apply_hmc0".[0m
2026-03-27 02:37:06 |[34;20m INFO     [0m|[34;20m nipype.workflow  [0m|[34;20m [Node] Executing "_apply_hmc0" <nipype.interfaces.utility.wrappers.Function>[0m
2026-03-27 02:37:25 |[34;20m INFO     [0m|[34;20m nipype.workflow  [0m|[34;20m [Node] Finished "_apply_hmc0", elapsed time 19.567604s.[0m
2026-03-27 02:37:26 |[34;20m INFO     [0m|[34;20m nipype.workflow  [0m|[34;20m [Node] Setting-up "mriqc_wf.funcMRIQC.fMRI_HMC.ComputeFD" in "/local/nvme/ds004996_14.784026/ds/tmp/mriqc_wf/funcMRIQC/fMRI_HMC/2fd8d2e4124636968a147b56ecb4074dbfbf0d7e/ComputeFD".[0m
2026-03-27 02:37:26 |[34;20m INFO     [0m|[34;20m nipype.workflow  [0m|[34;20m [Node] Executing "ComputeFD" <nipype.algorithms.confounds.FramewiseDisplacement>[0m
2026-03-27 02:37:26 |[34;20m INFO     [0m|[34;20m nipype.workflow  [0m|[34;20m [Node] Setting-up "_mean0" in "/local/nvme/ds004996_14.784026/ds/tmp/mriqc_wf/funcMRIQC/515912e4295119cef4aa1dad0ec68039045e8b05/mean/mapflow/_mean0".[0m
2026-03-27 02:37:26 |[34;20m INFO     [0m|[34;20m nipype.workflow  [0m|[34;20m [Node] Setting-up "_compute_tsnr0" in "/local/nvme/ds004996_14.784026/ds/tmp/mriqc_wf/funcMRIQC/515912e4295119cef4aa1dad0ec68039045e8b05/compute_tsnr/mapflow/_compute_tsnr0".[0m
2026-03-27 02:37:26 |[34;20m INFO     [0m|[34;20m nipype.workflow  [0m|[34;20m [Node] Executing "_mean0" <nipype.interfaces.afni.utils.TStat>[0m
2026-03-27 02:37:26 |[34;20m INFO     [0m|[34;20m nipype.workflow  [0m|[34;20m [Node] Setting-up "_quality0" in "/local/nvme/ds004996_14.784026/ds/tmp/mriqc_wf/funcMRIQC/ComputeIQMs/515912e4295119cef4aa1dad0ec68039045e8b05/quality/mapflow/_quality0".[0m
2026-03-27 02:37:26 |[34;20m INFO     [0m|[34;20m nipype.workflow  [0m|[34;20m [Node] Executing "_compute_tsnr0" <nipype.algorithms.confounds.TSNR>[0m
2026-03-27 02:37:26 |[34;20m INFO     [0m|[34;20m nipype.workflow  [0m|[34;20m [Node] Executing "_quality0" <nipype.interfaces.afni.preprocess.QualityIndex>[0m
2026-03-27 02:37:26 |[34;20m INFO     [0m|[34;20m nipype.workflow  [0m|[34;20m [Node] Setting-up "_mean0" in "/local/nvme/ds004996_14.784026/ds/tmp/mriqc_wf/funcMRIQC/37befc6998085bdb3fc0bfbd9058df85f999a986/mean/mapflow/_mean0".[0m
2026-03-27 02:37:26 |[34;20m INFO     [0m|[34;20m nipype.workflow  [0m|[34;20m [Node] Executing "_mean0" <nipype.interfaces.afni.utils.TStat>[0m
2026-03-27 02:37:26 |[34;20m INFO     [0m|[34;20m nipype.workflow  [0m|[34;20m [Node] Setting-up "_compute_tsnr0" in "/local/nvme/ds004996_14.784026/ds/tmp/mriqc_wf/funcMRIQC/37befc6998085bdb3fc0bfbd9058df85f999a986/compute_tsnr/mapflow/_compute_tsnr0".[0m
2026-03-27 02:37:26 |[34;20m INFO     [0m|[34;20m nipype.workflow  [0m|[34;20m [Node] Executing "_compute_tsnr0" <nipype.algorithms.confounds.TSNR>[0m
2026-03-27 02:37:26 |[34;20m INFO     [0m|[34;20m nipype.workflow  [0m|[34;20m [Node] Setting-up "_mean0" in "/local/nvme/ds004996_14.784026/ds/tmp/mriqc_wf/funcMRIQC/2fd8d2e4124636968a147b56ecb4074dbfbf0d7e/mean/mapflow/_mean0".[0m
2026-03-27 02:37:26 |[34;20m INFO     [0m|[34;20m nipype.workflow  [0m|[34;20m [Node] Finished "ComputeFD", elapsed time 0.009269s.[0m
2026-03-27 02:37:26 |[34;20m INFO     [0m|[34;20m nipype.workflow  [0m|[34;20m [Node] Executing "_mean0" <nipype.interfaces.afni.utils.TStat>[0m
2026-03-27 02:37:26 |[34;20m INFO     [0m|[34;20m nipype.workflow  [0m|[34;20m [Node] Setting-up "_quality0" in "/local/nvme/ds004996_14.784026/ds/tmp/mriqc_wf/funcMRIQC/ComputeIQMs/37befc6998085bdb3fc0bfbd9058df85f999a986/quality/mapflow/_quality0".[0m
2026-03-27 02:37:26 |[34;20m INFO     [0m|[34;20m nipype.workflow  [0m|[34;20m [Node] Executing "_quality0" <nipype.interfaces.afni.preprocess.QualityIndex>[0m
2026-03-27 02:37:27 |[34;20m INFO     [0m|[34;20m nipype.workflow  [0m|[34;20m [Node] Finished "_compute_tsnr0", elapsed time 1.420883s.[0m
2026-03-27 02:37:28 |[34;20m INFO     [0m|[34;20m nipype.workflow  [0m|[34;20m [Node] Finished "_compute_tsnr0", elapsed time 1.853411s.[0m
2026-03-27 02:37:28 |[34;20m INFO     [0m|[34;20m nipype.workflow  [0m|[34;20m [Node] Setting-up "_compute_tsnr0" in "/local/nvme/ds004996_14.784026/ds/tmp/mriqc_wf/funcMRIQC/2fd8d2e4124636968a147b56ecb4074dbfbf0d7e/compute_tsnr/mapflow/_compute_tsnr0".[0m
2026-03-27 02:37:28 |[34;20m INFO     [0m|[34;20m nipype.workflow  [0m|[34;20m [Node] Executing "_compute_tsnr0" <nipype.algorithms.confounds.TSNR>[0m
2026-03-27 02:37:28 |[34;20m INFO     [0m|[34;20m nipype.workflow  [0m|[34;20m [Node] Setting-up "_quality0" in "/local/nvme/ds004996_14.784026/ds/tmp/mriqc_wf/funcMRIQC/ComputeIQMs/2fd8d2e4124636968a147b56ecb4074dbfbf0d7e/quality/mapflow/_quality0".[0m
2026-03-27 02:37:28 |[34;20m INFO     [0m|[34;20m nipype.workflow  [0m|[34;20m [Node] Executing "_quality0" <nipype.interfaces.afni.preprocess.QualityIndex>[0m
2026-03-27 02:37:28 |[34;20m INFO     [0m|[34;20m nipype.workflow  [0m|[34;20m [Node] Setting-up "_PlotMosaicSD0" in "/local/nvme/ds004996_14.784026/ds/tmp/mriqc_wf/funcMRIQC/func_report_wf/515912e4295119cef4aa1dad0ec68039045e8b05/PlotMosaicSD/mapflow/_PlotMosaicSD0".[0m
2026-03-27 02:37:28 |[34;20m INFO     [0m|[34;20m nipype.workflow  [0m|[34;20m [Node] Executing "_PlotMosaicSD0" <nireports.interfaces.mosaic.PlotMosaic>[0m
2026-03-27 02:37:29 |[34;20m INFO     [0m|[34;20m nipype.workflow  [0m|[34;20m [Node] Finished "_mean0", elapsed time 3.081217s.[0m
2026-03-27 02:37:29 |[34;20m INFO     [0m|[34;20m nipype.workflow  [0m|[34;20m [Node] Finished "_mean0", elapsed time 3.167748s.[0m
2026-03-27 02:37:29 |[34;20m INFO     [0m|[34;20m nipype.workflow  [0m|[34;20m [Node] Finished "_mean0", elapsed time 3.189819s.[0m
2026-03-27 02:37:29 |[34;20m INFO     [0m|[34;20m nipype.workflow  [0m|[34;20m [Node] Finished "_PlotMosaicSD0", elapsed time 1.357362s.[0m
2026-03-27 02:37:29 |[34;20m INFO     [0m|[34;20m nipype.workflow  [0m|[34;20m [Node] Finished "_compute_tsnr0", elapsed time 1.450483s.[0m
2026-03-27 02:37:30 |[34;20m INFO     [0m|[34;20m nipype.workflow  [0m|[34;20m [Node] Setting-up "mriqc_wf.funcMRIQC.synthstrip_wf.pre_clip" in "/local/nvme/ds004996_14.784026/ds/tmp/mriqc_wf/funcMRIQC/synthstrip_wf/515912e4295119cef4aa1dad0ec68039045e8b05/pre_clip".[0m
2026-03-27 02:37:30 |[34;20m INFO     [0m|[34;20m nipype.workflow  [0m|[34;20m [Node] Setting-up "mriqc_wf.funcMRIQC.SpatialNormalization.SharpenEPI" in "/local/nvme/ds004996_14.784026/ds/tmp/mriqc_wf/funcMRIQC/SpatialNormalization/515912e4295119cef4aa1dad0ec68039045e8b05/SharpenEPI".[0m
2026-03-27 02:37:30 |[34;20m INFO     [0m|[34;20m nipype.workflow  [0m|[34;20m [Node] Executing "pre_clip" <niworkflows.interfaces.nibabel.IntensityClip>[0m
2026-03-27 02:37:30 |[34;20m INFO     [0m|[34;20m nipype.workflow  [0m|[34;20m [Node] Executing "SharpenEPI" <nipype.interfaces.ants.segmentation.N4BiasFieldCorrection>[0m
2026-03-27 02:37:30 |[34;20m INFO     [0m|[34;20m nipype.workflow  [0m|[34;20m [Node] Setting-up "mriqc_wf.funcMRIQC.synthstrip_wf.pre_clip" in "/local/nvme/ds004996_14.784026/ds/tmp/mriqc_wf/funcMRIQC/synthstrip_wf/37befc6998085bdb3fc0bfbd9058df85f999a986/pre_clip".[0m
2026-03-27 02:37:30 |[34;20m INFO     [0m|[34;20m nipype.workflow  [0m|[34;20m [Node] Setting-up "_PlotMosaicMean0" in "/local/nvme/ds004996_14.784026/ds/tmp/mriqc_wf/funcMRIQC/func_report_wf/515912e4295119cef4aa1dad0ec68039045e8b05/PlotMosaicMean/mapflow/_PlotMosaicMean0".[0m
2026-03-27 02:37:30 |[34;20m INFO     [0m|[34;20m nipype.workflow  [0m|[34;20m [Node] Executing "pre_clip" <niworkflows.interfaces.nibabel.IntensityClip>[0m
2026-03-27 02:37:30 |[34;20m INFO     [0m|[34;20m nipype.workflow  [0m|[34;20m [Node] Executing "_PlotMosaicMean0" <nireports.interfaces.mosaic.PlotMosaic>[0m
2026-03-27 02:37:30 |[34;20m INFO     [0m|[34;20m nipype.workflow  [0m|[34;20m [Node] Setting-up "_PlotMosaicNoise0" in "/local/nvme/ds004996_14.784026/ds/tmp/mriqc_wf/funcMRIQC/func_report_wf/515912e4295119cef4aa1dad0ec68039045e8b05/PlotMosaicNoise/mapflow/_PlotMosaicNoise0".[0m
2026-03-27 02:37:30 |[34;20m INFO     [0m|[34;20m nipype.workflow  [0m|[34;20m [Node] Executing "_PlotMosaicNoise0" <nireports.interfaces.mosaic.PlotMosaic>[0m
2026-03-27 02:37:31 |[34;20m INFO     [0m|[34;20m nipype.workflow  [0m|[34;20m [Node] Finished "pre_clip", elapsed time 0.784379s.[0m
2026-03-27 02:37:31 |[34;20m INFO     [0m|[34;20m nipype.workflow  [0m|[34;20m [Node] Finished "pre_clip", elapsed time 0.79711s.[0m
2026-03-27 02:37:31 |[34;20m INFO     [0m|[34;20m nipype.workflow  [0m|[34;20m [Node] Finished "_PlotMosaicMean0", elapsed time 1.401523s.[0m
2026-03-27 02:37:31 |[34;20m INFO     [0m|[34;20m nipype.workflow  [0m|[34;20m [Node] Finished "_PlotMosaicNoise0", elapsed time 1.5919560000000001s.[0m
2026-03-27 02:37:32 |[34;20m INFO     [0m|[34;20m nipype.workflow  [0m|[34;20m [Node] Setting-up "mriqc_wf.funcMRIQC.SpatialNormalization.SharpenEPI" in "/local/nvme/ds004996_14.784026/ds/tmp/mriqc_wf/funcMRIQC/SpatialNormalization/37befc6998085bdb3fc0bfbd9058df85f999a986/SharpenEPI".[0m
2026-03-27 02:37:32 |[34;20m INFO     [0m|[34;20m nipype.workflow  [0m|[34;20m [Node] Executing "SharpenEPI" <nipype.interfaces.ants.segmentation.N4BiasFieldCorrection>[0m
2026-03-27 02:37:32 |[34;20m INFO     [0m|[34;20m nipype.workflow  [0m|[34;20m [Node] Setting-up "_PlotMosaicNoise0" in "/local/nvme/ds004996_14.784026/ds/tmp/mriqc_wf/funcMRIQC/func_report_wf/37befc6998085bdb3fc0bfbd9058df85f999a986/PlotMosaicNoise/mapflow/_PlotMosaicNoise0".[0m
2026-03-27 02:37:32 |[34;20m INFO     [0m|[34;20m nipype.workflow  [0m|[34;20m [Node] Setting-up "_PlotMosaicMean0" in "/local/nvme/ds004996_14.784026/ds/tmp/mriqc_wf/funcMRIQC/func_report_wf/37befc6998085bdb3fc0bfbd9058df85f999a986/PlotMosaicMean/mapflow/_PlotMosaicMean0".[0m
2026-03-27 02:37:32 |[34;20m INFO     [0m|[34;20m nipype.workflow  [0m|[34;20m [Node] Executing "_PlotMosaicMean0" <nireports.interfaces.mosaic.PlotMosaic>[0m
2026-03-27 02:37:32 |[34;20m INFO     [0m|[34;20m nipype.workflow  [0m|[34;20m [Node] Executing "_PlotMosaicNoise0" <nireports.interfaces.mosaic.PlotMosaic>[0m
2026-03-27 02:37:32 |[34;20m INFO     [0m|[34;20m nipype.workflow  [0m|[34;20m [Node] Setting-up "_PlotMosaicSD0" in "/local/nvme/ds004996_14.784026/ds/tmp/mriqc_wf/funcMRIQC/func_report_wf/37befc6998085bdb3fc0bfbd9058df85f999a986/PlotMosaicSD/mapflow/_PlotMosaicSD0".[0m
2026-03-27 02:37:32 |[34;20m INFO     [0m|[34;20m nipype.workflow  [0m|[34;20m [Node] Executing "_PlotMosaicSD0" <nireports.interfaces.mosaic.PlotMosaic>[0m
2026-03-27 02:37:33 |[34;20m INFO     [0m|[34;20m nipype.workflow  [0m|[34;20m [Node] Finished "_PlotMosaicMean0", elapsed time 1.5293619999999999s.[0m
2026-03-27 02:37:33 |[34;20m INFO     [0m|[34;20m nipype.workflow  [0m|[34;20m [Node] Finished "_PlotMosaicNoise0", elapsed time 1.679401s.[0m
2026-03-27 02:37:33 |[34;20m INFO     [0m|[34;20m nipype.workflow  [0m|[34;20m [Node] Finished "_PlotMosaicSD0", elapsed time 1.722506s.[0m
2026-03-27 02:37:34 |[34;20m INFO     [0m|[34;20m nipype.workflow  [0m|[34;20m [Node] Setting-up "mriqc_wf.funcMRIQC.synthstrip_wf.pre_clip" in "/local/nvme/ds004996_14.784026/ds/tmp/mriqc_wf/funcMRIQC/synthstrip_wf/2fd8d2e4124636968a147b56ecb4074dbfbf0d7e/pre_clip".[0m
2026-03-27 02:37:34 |[34;20m INFO     [0m|[34;20m nipype.workflow  [0m|[34;20m [Node] Setting-up "mriqc_wf.funcMRIQC.SpatialNormalization.SharpenEPI" in "/local/nvme/ds004996_14.784026/ds/tmp/mriqc_wf/funcMRIQC/SpatialNormalization/2fd8d2e4124636968a147b56ecb4074dbfbf0d7e/SharpenEPI".[0m
2026-03-27 02:37:34 |[34;20m INFO     [0m|[34;20m nipype.workflow  [0m|[34;20m [Node] Executing "SharpenEPI" <nipype.interfaces.ants.segmentation.N4BiasFieldCorrection>[0m
2026-03-27 02:37:34 |[34;20m INFO     [0m|[34;20m nipype.workflow  [0m|[34;20m [Node] Setting-up "_PlotMosaicMean0" in "/local/nvme/ds004996_14.784026/ds/tmp/mriqc_wf/funcMRIQC/func_report_wf/2fd8d2e4124636968a147b56ecb4074dbfbf0d7e/PlotMosaicMean/mapflow/_PlotMosaicMean0".[0m
2026-03-27 02:37:34 |[34;20m INFO     [0m|[34;20m nipype.workflow  [0m|[34;20m [Node] Executing "pre_clip" <niworkflows.interfaces.nibabel.IntensityClip>[0m
2026-03-27 02:37:34 |[34;20m INFO     [0m|[34;20m nipype.workflow  [0m|[34;20m [Node] Executing "_PlotMosaicMean0" <nireports.interfaces.mosaic.PlotMosaic>[0m
2026-03-27 02:37:34 |[34;20m INFO     [0m|[34;20m nipype.workflow  [0m|[34;20m [Node] Finished "SharpenEPI", elapsed time 4.45667s.[0m
2026-03-27 02:37:34 |[34;20m INFO     [0m|[34;20m nipype.workflow  [0m|[34;20m [Node] Finished "pre_clip", elapsed time 0.732528s.[0m
2026-03-27 02:37:36 |[34;20m INFO     [0m|[34;20m nipype.workflow  [0m|[34;20m [Node] Finished "_PlotMosaicMean0", elapsed time 1.852968s.[0m
2026-03-27 02:37:36 |[34;20m INFO     [0m|[34;20m nipype.workflow  [0m|[34;20m [Node] Setting-up "_PlotMosaicNoise0" in "/local/nvme/ds004996_14.784026/ds/tmp/mriqc_wf/funcMRIQC/func_report_wf/2fd8d2e4124636968a147b56ecb4074dbfbf0d7e/PlotMosaicNoise/mapflow/_PlotMosaicNoise0".[0m
2026-03-27 02:37:36 |[34;20m INFO     [0m|[34;20m nipype.workflow  [0m|[34;20m [Node] Setting-up "_PlotMosaicSD0" in "/local/nvme/ds004996_14.784026/ds/tmp/mriqc_wf/funcMRIQC/func_report_wf/2fd8d2e4124636968a147b56ecb4074dbfbf0d7e/PlotMosaicSD/mapflow/_PlotMosaicSD0".[0m
2026-03-27 02:37:36 |[34;20m INFO     [0m|[34;20m nipype.workflow  [0m|[34;20m [Node] Executing "_PlotMosaicNoise0" <nireports.interfaces.mosaic.PlotMosaic>[0m
2026-03-27 02:37:36 |[34;20m INFO     [0m|[34;20m nipype.workflow  [0m|[34;20m [Node] Setting-up "_ds_report_mean0" in "/local/nvme/ds004996_14.784026/ds/tmp/mriqc_wf/funcMRIQC/func_report_wf/515912e4295119cef4aa1dad0ec68039045e8b05/ds_report_mean/mapflow/_ds_report_mean0".[0m
2026-03-27 02:37:36 |[34;20m INFO     [0m|[34;20m nipype.workflow  [0m|[34;20m [Node] Executing "_PlotMosaicSD0" <nireports.interfaces.mosaic.PlotMosaic>[0m
2026-03-27 02:37:36 |[34;20m INFO     [0m|[34;20m nipype.workflow  [0m|[34;20m [Node] Executing "_ds_report_mean0" <mriqc.interfaces.DerivativesDataSink>[0m
2026-03-27 02:37:36 |[34;20m INFO     [0m|[34;20m nipype.workflow  [0m|[34;20m [Node] Finished "_ds_report_mean0", elapsed time 0.009327s.[0m
2026-03-27 02:37:36 |[34;20m INFO     [0m|[34;20m nipype.workflow  [0m|[34;20m [Node] Setting-up "_ds_report_background0" in "/local/nvme/ds004996_14.784026/ds/tmp/mriqc_wf/funcMRIQC/func_report_wf/515912e4295119cef4aa1dad0ec68039045e8b05/ds_report_background/mapflow/_ds_report_background0".[0m
2026-03-27 02:37:36 |[34;20m INFO     [0m|[34;20m nipype.workflow  [0m|[34;20m [Node] Executing "_ds_report_background0" <mriqc.interfaces.DerivativesDataSink>[0m
2026-03-27 02:37:36 |[34;20m INFO     [0m|[34;20m nipype.workflow  [0m|[34;20m [Node] Finished "_ds_report_background0", elapsed time 0.005228s.[0m
2026-03-27 02:37:36 |[34;20m INFO     [0m|[34;20m nipype.workflow  [0m|[34;20m [Node] Setting-up "_ds_report_stdev0" in "/local/nvme/ds004996_14.784026/ds/tmp/mriqc_wf/funcMRIQC/func_report_wf/515912e4295119cef4aa1dad0ec68039045e8b05/ds_report_stdev/mapflow/_ds_report_stdev0".[0m
2026-03-27 02:37:36 |[34;20m INFO     [0m|[34;20m nipype.workflow  [0m|[34;20m [Node] Executing "_ds_report_stdev0" <mriqc.interfaces.DerivativesDataSink>[0m
2026-03-27 02:37:36 |[34;20m INFO     [0m|[34;20m nipype.workflow  [0m|[34;20m [Node] Finished "_ds_report_stdev0", elapsed time 0.005233s.[0m
2026-03-27 02:37:36 |[34;20m INFO     [0m|[34;20m nipype.workflow  [0m|[34;20m [Node] Setting-up "_ds_report_mean0" in "/local/nvme/ds004996_14.784026/ds/tmp/mriqc_wf/funcMRIQC/func_report_wf/37befc6998085bdb3fc0bfbd9058df85f999a986/ds_report_mean/mapflow/_ds_report_mean0".[0m
2026-03-27 02:37:36 |[34;20m INFO     [0m|[34;20m nipype.workflow  [0m|[34;20m [Node] Executing "_ds_report_mean0" <mriqc.interfaces.DerivativesDataSink>[0m
2026-03-27 02:37:36 |[34;20m INFO     [0m|[34;20m nipype.workflow  [0m|[34;20m [Node] Finished "_ds_report_mean0", elapsed time 0.005175s.[0m
2026-03-27 02:37:36 |[34;20m INFO     [0m|[34;20m nipype.workflow  [0m|[34;20m [Node] Finished "SharpenEPI", elapsed time 4.225544s.[0m
2026-03-27 02:37:36 |[34;20m INFO     [0m|[34;20m nipype.workflow  [0m|[34;20m [Node] Setting-up "_ds_report_background0" in "/local/nvme/ds004996_14.784026/ds/tmp/mriqc_wf/funcMRIQC/func_report_wf/37befc6998085bdb3fc0bfbd9058df85f999a986/ds_report_background/mapflow/_ds_report_background0".[0m
2026-03-27 02:37:36 |[34;20m INFO     [0m|[34;20m nipype.workflow  [0m|[34;20m [Node] Executing "_ds_report_background0" <mriqc.interfaces.DerivativesDataSink>[0m
2026-03-27 02:37:36 |[34;20m INFO     [0m|[34;20m nipype.workflow  [0m|[34;20m [Node] Finished "_ds_report_background0", elapsed time 0.005156s.[0m
2026-03-27 02:37:36 |[34;20m INFO     [0m|[34;20m nipype.workflow  [0m|[34;20m [Node] Setting-up "_ds_report_stdev0" in "/local/nvme/ds004996_14.784026/ds/tmp/mriqc_wf/funcMRIQC/func_report_wf/37befc6998085bdb3fc0bfbd9058df85f999a986/ds_report_stdev/mapflow/_ds_report_stdev0".[0m
2026-03-27 02:37:36 |[34;20m INFO     [0m|[34;20m nipype.workflow  [0m|[34;20m [Node] Executing "_ds_report_stdev0" <mriqc.interfaces.DerivativesDataSink>[0m
2026-03-27 02:37:36 |[34;20m INFO     [0m|[34;20m nipype.workflow  [0m|[34;20m [Node] Finished "_ds_report_stdev0", elapsed time 0.005043s.[0m
2026-03-27 02:37:36 |[34;20m INFO     [0m|[34;20m nipype.workflow  [0m|[34;20m [Node] Setting-up "_ds_report_mean0" in "/local/nvme/ds004996_14.784026/ds/tmp/mriqc_wf/funcMRIQC/func_report_wf/2fd8d2e4124636968a147b56ecb4074dbfbf0d7e/ds_report_mean/mapflow/_ds_report_mean0".[0m
2026-03-27 02:37:36 |[34;20m INFO     [0m|[34;20m nipype.workflow  [0m|[34;20m [Node] Executing "_ds_report_mean0" <mriqc.interfaces.DerivativesDataSink>[0m
2026-03-27 02:37:36 |[34;20m INFO     [0m|[34;20m nipype.workflow  [0m|[34;20m [Node] Finished "_ds_report_mean0", elapsed time 0.005044s.[0m
2026-03-27 02:37:37 |[34;20m INFO     [0m|[34;20m nipype.workflow  [0m|[34;20m [Node] Finished "_PlotMosaicNoise0", elapsed time 1.497493s.[0m
2026-03-27 02:37:37 |[34;20m INFO     [0m|[34;20m nipype.workflow  [0m|[34;20m [Node] Finished "_PlotMosaicSD0", elapsed time 1.57233s.[0m
2026-03-27 02:37:37 |[34;20m INFO     [0m|[34;20m nipype.workflow  [0m|[34;20m [Node] Finished "_quality0", elapsed time 11.577636s.[0m
2026-03-27 02:37:37 |[34;20m INFO     [0m|[34;20m nipype.workflow  [0m|[34;20m [Node] Finished "_quality0", elapsed time 11.653892s.[0m
2026-03-27 02:37:38 |[34;20m INFO     [0m|[34;20m nipype.workflow  [0m|[34;20m [Node] Setting-up "_ds_report_background0" in "/local/nvme/ds004996_14.784026/ds/tmp/mriqc_wf/funcMRIQC/func_report_wf/2fd8d2e4124636968a147b56ecb4074dbfbf0d7e/ds_report_background/mapflow/_ds_report_background0".[0m
2026-03-27 02:37:38 |[34;20m INFO     [0m|[34;20m nipype.workflow  [0m|[34;20m [Node] Executing "_ds_report_background0" <mriqc.interfaces.DerivativesDataSink>[0m
2026-03-27 02:37:38 |[34;20m INFO     [0m|[34;20m nipype.workflow  [0m|[34;20m [Node] Finished "_ds_report_background0", elapsed time 0.005128s.[0m
2026-03-27 02:37:38 |[34;20m INFO     [0m|[34;20m nipype.workflow  [0m|[34;20m [Node] Setting-up "_ds_report_stdev0" in "/local/nvme/ds004996_14.784026/ds/tmp/mriqc_wf/funcMRIQC/func_report_wf/2fd8d2e4124636968a147b56ecb4074dbfbf0d7e/ds_report_stdev/mapflow/_ds_report_stdev0".[0m
2026-03-27 02:37:38 |[34;20m INFO     [0m|[34;20m nipype.workflow  [0m|[34;20m [Node] Executing "_ds_report_stdev0" <mriqc.interfaces.DerivativesDataSink>[0m
2026-03-27 02:37:38 |[34;20m INFO     [0m|[34;20m nipype.workflow  [0m|[34;20m [Node] Finished "_ds_report_stdev0", elapsed time 0.005041s.[0m
2026-03-27 02:37:38 |[34;20m INFO     [0m|[34;20m nipype.workflow  [0m|[34;20m [Node] Finished "SharpenEPI", elapsed time 4.205394s.[0m
2026-03-27 02:37:39 |[34;20m INFO     [0m|[34;20m nipype.workflow  [0m|[34;20m [Node] Finished "_quality0", elapsed time 11.107417s.[0m
2026-03-27 02:37:40 |[34;20m INFO     [0m|[34;20m nipype.workflow  [0m|[34;20m [Node] Setting-up "mriqc_wf.funcMRIQC.synthstrip_wf.pre_n4" in "/local/nvme/ds004996_14.784026/ds/tmp/mriqc_wf/funcMRIQC/synthstrip_wf/515912e4295119cef4aa1dad0ec68039045e8b05/pre_n4".[0m
2026-03-27 02:37:40 |[34;20m INFO     [0m|[34;20m nipype.workflow  [0m|[34;20m [Node] Executing "pre_n4" <nipype.interfaces.ants.segmentation.N4BiasFieldCorrection>[0m
2026-03-27 02:37:41 |[34;20m INFO     [0m|[34;20m nipype.workflow  [0m|[34;20m [Node] Finished "pre_n4", elapsed time 1.250001s.[0m
2026-03-27 02:37:42 |[34;20m INFO     [0m|[34;20m nipype.workflow  [0m|[34;20m [Node] Setting-up "mriqc_wf.funcMRIQC.synthstrip_wf.pre_n4" in "/local/nvme/ds004996_14.784026/ds/tmp/mriqc_wf/funcMRIQC/synthstrip_wf/37befc6998085bdb3fc0bfbd9058df85f999a986/pre_n4".[0m
2026-03-27 02:37:42 |[34;20m INFO     [0m|[34;20m nipype.workflow  [0m|[34;20m [Node] Executing "pre_n4" <nipype.interfaces.ants.segmentation.N4BiasFieldCorrection>[0m
2026-03-27 02:37:43 |[34;20m INFO     [0m|[34;20m nipype.workflow  [0m|[34;20m [Node] Finished "pre_n4", elapsed time 1.178081s.[0m
2026-03-27 02:37:44 |[34;20m INFO     [0m|[34;20m nipype.workflow  [0m|[34;20m [Node] Setting-up "mriqc_wf.funcMRIQC.synthstrip_wf.pre_n4" in "/local/nvme/ds004996_14.784026/ds/tmp/mriqc_wf/funcMRIQC/synthstrip_wf/2fd8d2e4124636968a147b56ecb4074dbfbf0d7e/pre_n4".[0m
2026-03-27 02:37:44 |[34;20m INFO     [0m|[34;20m nipype.workflow  [0m|[34;20m [Node] Executing "pre_n4" <nipype.interfaces.ants.segmentation.N4BiasFieldCorrection>[0m
2026-03-27 02:37:45 |[34;20m INFO     [0m|[34;20m nipype.workflow  [0m|[34;20m [Node] Finished "pre_n4", elapsed time 1.265433s.[0m
2026-03-27 02:37:46 |[34;20m INFO     [0m|[34;20m nipype.workflow  [0m|[34;20m [Node] Setting-up "mriqc_wf.funcMRIQC.synthstrip_wf.synthstrip" in "/local/nvme/ds004996_14.784026/ds/tmp/mriqc_wf/funcMRIQC/synthstrip_wf/515912e4295119cef4aa1dad0ec68039045e8b05/synthstrip".[0m
2026-03-27 02:37:46 |[34;20m INFO     [0m|[34;20m nipype.workflow  [0m|[34;20m [Node] Executing "synthstrip" <mriqc.interfaces.synthstrip.SynthStrip>[0m
2026-03-27 02:38:01 |[34;20m INFO     [0m|[34;20m nipype.workflow  [0m|[34;20m [Node] Finished "synthstrip", elapsed time 15.753449s.[0m
2026-03-27 02:38:02 |[34;20m INFO     [0m|[34;20m nipype.workflow  [0m|[34;20m [Node] Setting-up "mriqc_wf.funcMRIQC.synthstrip_wf.synthstrip" in "/local/nvme/ds004996_14.784026/ds/tmp/mriqc_wf/funcMRIQC/synthstrip_wf/37befc6998085bdb3fc0bfbd9058df85f999a986/synthstrip".[0m
2026-03-27 02:38:02 |[34;20m INFO     [0m|[34;20m nipype.workflow  [0m|[34;20m [Node] Executing "synthstrip" <mriqc.interfaces.synthstrip.SynthStrip>[0m
2026-03-27 02:38:16 |[34;20m INFO     [0m|[34;20m nipype.workflow  [0m|[34;20m [Node] Finished "synthstrip", elapsed time 13.856849s.[0m
2026-03-27 02:38:16 |[34;20m INFO     [0m|[34;20m nipype.workflow  [0m|[34;20m [Node] Setting-up "mriqc_wf.funcMRIQC.synthstrip_wf.synthstrip" in "/local/nvme/ds004996_14.784026/ds/tmp/mriqc_wf/funcMRIQC/synthstrip_wf/2fd8d2e4124636968a147b56ecb4074dbfbf0d7e/synthstrip".[0m
2026-03-27 02:38:16 |[34;20m INFO     [0m|[34;20m nipype.workflow  [0m|[34;20m [Node] Executing "synthstrip" <mriqc.interfaces.synthstrip.SynthStrip>[0m
2026-03-27 02:38:29 |[34;20m INFO     [0m|[34;20m nipype.workflow  [0m|[34;20m [Node] Finished "synthstrip", elapsed time 13.607092s.[0m
2026-03-27 02:38:30 |[34;20m INFO     [0m|[34;20m nipype.workflow  [0m|[34;20m [Node] Setting-up "mriqc_wf.funcMRIQC.synthstrip_wf.post_n4" in "/local/nvme/ds004996_14.784026/ds/tmp/mriqc_wf/funcMRIQC/synthstrip_wf/515912e4295119cef4aa1dad0ec68039045e8b05/post_n4".[0m
2026-03-27 02:38:30 |[34;20m INFO     [0m|[34;20m nipype.workflow  [0m|[34;20m [Node] Executing "post_n4" <nipype.interfaces.ants.segmentation.N4BiasFieldCorrection>[0m
2026-03-27 02:38:31 |[34;20m INFO     [0m|[34;20m nipype.workflow  [0m|[34;20m [Node] Finished "post_n4", elapsed time 0.982761s.[0m
2026-03-27 02:38:32 |[34;20m INFO     [0m|[34;20m nipype.workflow  [0m|[34;20m [Node] Setting-up "mriqc_wf.funcMRIQC.SpatialNormalization.EPI2MNI" in "/local/nvme/ds004996_14.784026/ds/tmp/mriqc_wf/funcMRIQC/SpatialNormalization/515912e4295119cef4aa1dad0ec68039045e8b05/EPI2MNI".[0m
2026-03-27 02:38:32 |[34;20m INFO     [0m|[34;20m nipype.workflow  [0m|[34;20m [Node] Executing "EPI2MNI" <niworkflows.interfaces.reportlets.registration.SpatialNormalizationRPT>[0m
2026-03-27 02:38:32 |[34;20m INFO     [0m|[34;20m niworkflows      [0m|[34;20m Estimating initial transform using AffineInitializer[0m
2026-03-27 02:38:37 |[34;20m INFO     [0m|[34;20m niworkflows      [0m|[34;20m Loading settings from file /opt/conda/lib/python3.11/site-packages/niworkflows/data/boldref-mni_registration_precise_000.json.[0m
2026-03-27 02:38:37 |[34;20m INFO     [0m|[34;20m niworkflows      [0m|[34;20m Retry #1, commandline: 
antsRegistration --collapse-output-transforms 1 --dimensionality 3 --float 0 --initial-moving-transform [ /local/nvme/ds004996_14.784026/ds/tmp/mriqc_wf/funcMRIQC/SpatialNormalization/515912e4295119cef4aa1dad0ec68039045e8b05/EPI2MNI/transform.mat, 0 ] --initialize-transforms-per-stage 0 --interpolation LanczosWindowedSinc --output [ epi_to_mni, epi_to_mni_Warped.nii.gz ] --transform Rigid[ 0.05 ] --metric Mattes[ /templateflow/tpl-MNI152NLin2009cAsym/tpl-MNI152NLin2009cAsym_res-02_desc-fMRIPrep_boldref.nii.gz, /local/nvme/ds004996_14.784026/ds/tmp/mriqc_wf/funcMRIQC/SpatialNormalization/515912e4295119cef4aa1dad0ec68039045e8b05/SharpenEPI/sub-14_task-conversation_run-01_bold_desc-realigned_valid_tstat_corrected.nii.gz, 1, 56, Regular, 0.25 ] --convergence [ 10000x1000x100, 1e-06, 20 ] --smoothing-sigmas 4.0x2.0x1.0vox --shrink-factors 4x2x1 --use-histogram-matching 1 --masks [ /templateflow/tpl-MNI152NLin2009cAsym/tpl-MNI152NLin2009cAsym_res-02_desc-brain_mask.nii.gz, /local/nvme/ds004996_14.784026/ds/tmp/mriqc_wf/funcMRIQC/synthstrip_wf/515912e4295119cef4aa1dad0ec68039045e8b05/synthstrip/clipped_corrected_desc-brain_mask.nii.gz ] --transform Affine[ 0.08 ] --metric Mattes[ /templateflow/tpl-MNI152NLin2009cAsym/tpl-MNI152NLin2009cAsym_res-02_desc-fMRIPrep_boldref.nii.gz, /local/nvme/ds004996_14.784026/ds/tmp/mriqc_wf/funcMRIQC/SpatialNormalization/515912e4295119cef4aa1dad0ec68039045e8b05/SharpenEPI/sub-14_task-conversation_run-01_bold_desc-realigned_valid_tstat_corrected.nii.gz, 1, 56, Regular, 0.25 ] --convergence [ 500x250x100, 1e-06, 20 ] --smoothing-sigmas 4.0x2.0x1.0vox --shrink-factors 8x4x2 --use-histogram-matching 1 --masks [ /templateflow/tpl-MNI152NLin2009cAsym/tpl-MNI152NLin2009cAsym_res-02_desc-brain_mask.nii.gz, /local/nvme/ds004996_14.784026/ds/tmp/mriqc_wf/funcMRIQC/synthstrip_wf/515912e4295119cef4aa1dad0ec68039045e8b05/synthstrip/clipped_corrected_desc-brain_mask.nii.gz ] --transform SyN[ 0.1, 3.0, 0.0 ] --metric CC[ /templateflow/tpl-MNI152NLin2009cAsym/tpl-MNI152NLin2009cAsym_res-02_desc-fMRIPrep_boldref.nii.gz, /local/nvme/ds004996_14.784026/ds/tmp/mriqc_wf/funcMRIQC/SpatialNormalization/515912e4295119cef4aa1dad0ec68039045e8b05/SharpenEPI/sub-14_task-conversation_run-01_bold_desc-realigned_valid_tstat_corrected.nii.gz, 1, 4, None, 1 ] --convergence [ 100x30x20, 1e-06, 10 ] --smoothing-sigmas 3.0x2.0x1.0vox --shrink-factors 8x4x2 --use-histogram-matching 1 --masks [ /templateflow/tpl-MNI152NLin2009cAsym/tpl-MNI152NLin2009cAsym_res-02_desc-brain_mask.nii.gz, /local/nvme/ds004996_14.784026/ds/tmp/mriqc_wf/funcMRIQC/synthstrip_wf/515912e4295119cef4aa1dad0ec68039045e8b05/synthstrip/clipped_corrected_desc-brain_mask.nii.gz ] --winsorize-image-intensities [ 0.005, 0.995 ]  --write-composite-transform 1[0m
2026-03-27 02:38:48 |[34;20m INFO     [0m|[34;20m niworkflows      [0m|[34;20m Successful spatial normalization (retry #1).[0m
2026-03-27 02:38:48 |[34;20m INFO     [0m|[34;20m niworkflows      [0m|[34;20m Report - setting fixed (/templateflow/tpl-MNI152NLin2009cAsym/tpl-MNI152NLin2009cAsym_res-02_desc-fMRIPrep_boldref.nii.gz) and moving (/local/nvme/ds004996_14.784026/ds/tmp/mriqc_wf/funcMRIQC/SpatialNormalization/515912e4295119cef4aa1dad0ec68039045e8b05/EPI2MNI/epi_to_mni_Warped.nii.gz) images[0m
2026-03-27 02:38:48 |[34;20m INFO     [0m|[34;20m niworkflows      [0m|[34;20m Generating visual report[0m
2026-03-27 02:39:04 |[34;20m INFO     [0m|[34;20m nipype.workflow  [0m|[34;20m [Node] Finished "EPI2MNI", elapsed time 31.86055s.[0m
2026-03-27 02:39:04 |[34;20m INFO     [0m|[34;20m nipype.workflow  [0m|[34;20m [Node] Setting-up "mriqc_wf.funcMRIQC.func_report_wf.dilated_mask" in "/local/nvme/ds004996_14.784026/ds/tmp/mriqc_wf/funcMRIQC/func_report_wf/515912e4295119cef4aa1dad0ec68039045e8b05/dilated_mask".[0m
2026-03-27 02:39:04 |[34;20m INFO     [0m|[34;20m nipype.workflow  [0m|[34;20m [Node] Setting-up "_smoothness0" in "/local/nvme/ds004996_14.784026/ds/tmp/mriqc_wf/funcMRIQC/ComputeIQMs/515912e4295119cef4aa1dad0ec68039045e8b05/smoothness/mapflow/_smoothness0".[0m
2026-03-27 02:39:04 |[34;20m INFO     [0m|[34;20m nipype.workflow  [0m|[34;20m [Node] Setting-up "mriqc_wf.funcMRIQC.func_report_wf.PlotBrainmask" in "/local/nvme/ds004996_14.784026/ds/tmp/mriqc_wf/funcMRIQC/func_report_wf/515912e4295119cef4aa1dad0ec68039045e8b05/PlotBrainmask".[0m
2026-03-27 02:39:04 |[34;20m INFO     [0m|[34;20m nipype.workflow  [0m|[34;20m [Node] Setting-up "_ComputeDVARS0" in "/local/nvme/ds004996_14.784026/ds/tmp/mriqc_wf/funcMRIQC/ComputeIQMs/515912e4295119cef4aa1dad0ec68039045e8b05/ComputeDVARS/mapflow/_ComputeDVARS0".[0m
2026-03-27 02:39:04 |[34;20m INFO     [0m|[34;20m nipype.workflow  [0m|[34;20m [Node] Executing "dilated_mask" <niworkflows.interfaces.morphology.BinaryDilation>[0m
2026-03-27 02:39:04 |[34;20m INFO     [0m|[34;20m nipype.workflow  [0m|[34;20m [Node] Executing "_ComputeDVARS0" <nipype.algorithms.confounds.ComputeDVARS>[0m
2026-03-27 02:39:04 |[34;20m INFO     [0m|[34;20m nipype.workflow  [0m|[34;20m [Node] Executing "_smoothness0" <nipype.interfaces.afni.utils.FWHMx>[0m
2026-03-27 02:39:04 |[34;20m INFO     [0m|[34;20m nipype.workflow  [0m|[34;20m [Node] Executing "PlotBrainmask" <nireports.interfaces.mosaic.PlotContours>[0m
2026-03-27 02:39:04 |[34;20m INFO     [0m|[34;20m nipype.workflow  [0m|[34;20m [Node] Setting-up "_PlotMosaicZoomed0" in "/local/nvme/ds004996_14.784026/ds/tmp/mriqc_wf/funcMRIQC/func_report_wf/515912e4295119cef4aa1dad0ec68039045e8b05/PlotMosaicZoomed/mapflow/_PlotMosaicZoomed0".[0m
2026-03-27 02:39:04 |[34;20m INFO     [0m|[34;20m nipype.workflow  [0m|[34;20m [Node] Executing "_PlotMosaicZoomed0" <nireports.interfaces.mosaic.PlotMosaic>[0m
2026-03-27 02:39:04 |[34;20m INFO     [0m|[34;20m nipype.workflow  [0m|[34;20m [Node] Setting-up "_ComputeDVARS0" in "/local/nvme/ds004996_14.784026/ds/tmp/mriqc_wf/funcMRIQC/ComputeIQMs/37befc6998085bdb3fc0bfbd9058df85f999a986/ComputeDVARS/mapflow/_ComputeDVARS0".[0m
2026-03-27 02:39:04 |[34;20m INFO     [0m|[34;20m nipype.workflow  [0m|[34;20m [Node] Executing "_ComputeDVARS0" <nipype.algorithms.confounds.ComputeDVARS>[0m
2026-03-27 02:39:04 |[34;20m INFO     [0m|[34;20m nipype.workflow  [0m|[34;20m [Node] Setting-up "_outliers0" in "/local/nvme/ds004996_14.784026/ds/tmp/mriqc_wf/funcMRIQC/ComputeIQMs/515912e4295119cef4aa1dad0ec68039045e8b05/outliers/mapflow/_outliers0".[0m
2026-03-27 02:39:04 |[34;20m INFO     [0m|[34;20m nipype.workflow  [0m|[34;20m [Node] Setting-up "_gcor0" in "/local/nvme/ds004996_14.784026/ds/tmp/mriqc_wf/funcMRIQC/ComputeIQMs/515912e4295119cef4aa1dad0ec68039045e8b05/gcor/mapflow/_gcor0".[0m
2026-03-27 02:39:04 |[34;20m INFO     [0m|[34;20m nipype.workflow  [0m|[34;20m [Node] Executing "_outliers0" <nipype.interfaces.afni.preprocess.OutlierCount>[0m
2026-03-27 02:39:04 |[34;20m INFO     [0m|[34;20m nipype.workflow  [0m|[34;20m [Node] Executing "_gcor0" <mriqc.interfaces.transitional.GCOR>[0m
2026-03-27 02:39:04 |[34;20m INFO     [0m|[34;20m nipype.workflow  [0m|[34;20m [Node] Finished "dilated_mask", elapsed time 0.059709s.[0m
2026-03-27 02:39:04 |[34;20m INFO     [0m|[34;20m nipype.workflow  [0m|[34;20m [Node] Finished "_smoothness0", elapsed time 0.548239s.[0m
2026-03-27 02:39:05 |[34;20m INFO     [0m|[34;20m nipype.workflow  [0m|[34;20m [Node] Finished "PlotBrainmask", elapsed time 1.20272s.[0m
2026-03-27 02:39:05 |[34;20m INFO     [0m|[34;20m nipype.workflow  [0m|[34;20m [Node] Finished "_PlotMosaicZoomed0", elapsed time 1.434527s.[0m
2026-03-27 02:39:06 |[34;20m INFO     [0m|[34;20m nipype.workflow  [0m|[34;20m [Node] Setting-up "mriqc_wf.funcMRIQC.func_report_wf.dilated_mask" in "/local/nvme/ds004996_14.784026/ds/tmp/mriqc_wf/funcMRIQC/func_report_wf/37befc6998085bdb3fc0bfbd9058df85f999a986/dilated_mask".[0m
2026-03-27 02:39:06 |[34;20m INFO     [0m|[34;20m nipype.workflow  [0m|[34;20m [Node] Setting-up "_outliers0" in "/local/nvme/ds004996_14.784026/ds/tmp/mriqc_wf/funcMRIQC/ComputeIQMs/37befc6998085bdb3fc0bfbd9058df85f999a986/outliers/mapflow/_outliers0".[0m
2026-03-27 02:39:06 |[34;20m INFO     [0m|[34;20m nipype.workflow  [0m|[34;20m [Node] Setting-up "_gcor0" in "/local/nvme/ds004996_14.784026/ds/tmp/mriqc_wf/funcMRIQC/ComputeIQMs/37befc6998085bdb3fc0bfbd9058df85f999a986/gcor/mapflow/_gcor0".[0m
2026-03-27 02:39:06 |[34;20m INFO     [0m|[34;20m nipype.workflow  [0m|[34;20m [Node] Executing "dilated_mask" <niworkflows.interfaces.morphology.BinaryDilation>[0m
2026-03-27 02:39:06 |[34;20m INFO     [0m|[34;20m nipype.workflow  [0m|[34;20m [Node] Executing "_gcor0" <mriqc.interfaces.transitional.GCOR>[0m
2026-03-27 02:39:06 |[34;20m INFO     [0m|[34;20m nipype.workflow  [0m|[34;20m [Node] Setting-up "_smoothness0" in "/local/nvme/ds004996_14.784026/ds/tmp/mriqc_wf/funcMRIQC/ComputeIQMs/37befc6998085bdb3fc0bfbd9058df85f999a986/smoothness/mapflow/_smoothness0".[0m
2026-03-27 02:39:06 |[34;20m INFO     [0m|[34;20m nipype.workflow  [0m|[34;20m [Node] Executing "_outliers0" <nipype.interfaces.afni.preprocess.OutlierCount>[0m
2026-03-27 02:39:06 |[34;20m INFO     [0m|[34;20m nipype.workflow  [0m|[34;20m [Node] Executing "_smoothness0" <nipype.interfaces.afni.utils.FWHMx>[0m
2026-03-27 02:39:06 |[34;20m INFO     [0m|[34;20m nipype.workflow  [0m|[34;20m [Node] Finished "dilated_mask", elapsed time 0.043655s.[0m
2026-03-27 02:39:06 |[34;20m INFO     [0m|[34;20m nipype.workflow  [0m|[34;20m [Node] Finished "_smoothness0", elapsed time 0.646519s.[0m
2026-03-27 02:39:08 |[34;20m INFO     [0m|[34;20m nipype.workflow  [0m|[34;20m [Node] Setting-up "mriqc_wf.funcMRIQC.func_report_wf.PlotBrainmask" in "/local/nvme/ds004996_14.784026/ds/tmp/mriqc_wf/funcMRIQC/func_report_wf/37befc6998085bdb3fc0bfbd9058df85f999a986/PlotBrainmask".[0m
2026-03-27 02:39:08 |[34;20m INFO     [0m|[34;20m nipype.workflow  [0m|[34;20m [Node] Executing "PlotBrainmask" <nireports.interfaces.mosaic.PlotContours>[0m
2026-03-27 02:39:08 |[34;20m INFO     [0m|[34;20m nipype.workflow  [0m|[34;20m [Node] Setting-up "_PlotMosaicZoomed0" in "/local/nvme/ds004996_14.784026/ds/tmp/mriqc_wf/funcMRIQC/func_report_wf/37befc6998085bdb3fc0bfbd9058df85f999a986/PlotMosaicZoomed/mapflow/_PlotMosaicZoomed0".[0m
2026-03-27 02:39:08 |[34;20m INFO     [0m|[34;20m nipype.workflow  [0m|[34;20m [Node] Executing "_PlotMosaicZoomed0" <nireports.interfaces.mosaic.PlotMosaic>[0m
2026-03-27 02:39:08 |[34;20m INFO     [0m|[34;20m nipype.workflow  [0m|[34;20m [Node] Finished "_outliers0", elapsed time 4.363737s.[0m
2026-03-27 02:39:09 |[34;20m INFO     [0m|[34;20m nipype.workflow  [0m|[34;20m [Node] Finished "PlotBrainmask", elapsed time 1.602462s.[0m
2026-03-27 02:39:10 |[34;20m INFO     [0m|[34;20m nipype.workflow  [0m|[34;20m [Node] Finished "_PlotMosaicZoomed0", elapsed time 1.86629s.[0m
2026-03-27 02:39:10 |[34;20m INFO     [0m|[34;20m nipype.workflow  [0m|[34;20m [Node] Setting-up "_smoothness0" in "/local/nvme/ds004996_14.784026/ds/tmp/mriqc_wf/funcMRIQC/ComputeIQMs/2fd8d2e4124636968a147b56ecb4074dbfbf0d7e/smoothness/mapflow/_smoothness0".[0m
2026-03-27 02:39:10 |[34;20m INFO     [0m|[34;20m nipype.workflow  [0m|[34;20m [Node] Executing "_smoothness0" <nipype.interfaces.afni.utils.FWHMx>[0m
2026-03-27 02:39:10 |[34;20m INFO     [0m|[34;20m nipype.workflow  [0m|[34;20m [Node] Setting-up "_ComputeDVARS0" in "/local/nvme/ds004996_14.784026/ds/tmp/mriqc_wf/funcMRIQC/ComputeIQMs/2fd8d2e4124636968a147b56ecb4074dbfbf0d7e/ComputeDVARS/mapflow/_ComputeDVARS0".[0m
2026-03-27 02:39:10 |[34;20m INFO     [0m|[34;20m nipype.workflow  [0m|[34;20m [Node] Executing "_ComputeDVARS0" <nipype.algorithms.confounds.ComputeDVARS>[0m
2026-03-27 02:39:10 |[34;20m INFO     [0m|[34;20m nipype.workflow  [0m|[34;20m [Node] Setting-up "_outliers0" in "/local/nvme/ds004996_14.784026/ds/tmp/mriqc_wf/funcMRIQC/ComputeIQMs/2fd8d2e4124636968a147b56ecb4074dbfbf0d7e/outliers/mapflow/_outliers0".[0m
2026-03-27 02:39:10 |[34;20m INFO     [0m|[34;20m nipype.workflow  [0m|[34;20m [Node] Executing "_outliers0" <nipype.interfaces.afni.preprocess.OutlierCount>[0m
2026-03-27 02:39:10 |[34;20m INFO     [0m|[34;20m nipype.workflow  [0m|[34;20m [Node] Finished "_outliers0", elapsed time 4.261s.[0m
2026-03-27 02:39:10 |[34;20m INFO     [0m|[34;20m nipype.workflow  [0m|[34;20m [Node] Finished "_smoothness0", elapsed time 0.550858s.[0m
2026-03-27 02:39:12 |[34;20m INFO     [0m|[34;20m nipype.workflow  [0m|[34;20m [Node] Setting-up "mriqc_wf.funcMRIQC.func_report_wf.dilated_mask" in "/local/nvme/ds004996_14.784026/ds/tmp/mriqc_wf/funcMRIQC/func_report_wf/2fd8d2e4124636968a147b56ecb4074dbfbf0d7e/dilated_mask".[0m
2026-03-27 02:39:12 |[34;20m INFO     [0m|[34;20m nipype.workflow  [0m|[34;20m [Node] Executing "dilated_mask" <niworkflows.interfaces.morphology.BinaryDilation>[0m
2026-03-27 02:39:12 |[34;20m INFO     [0m|[34;20m nipype.workflow  [0m|[34;20m [Node] Setting-up "_gcor0" in "/local/nvme/ds004996_14.784026/ds/tmp/mriqc_wf/funcMRIQC/ComputeIQMs/2fd8d2e4124636968a147b56ecb4074dbfbf0d7e/gcor/mapflow/_gcor0".[0m
2026-03-27 02:39:12 |[34;20m INFO     [0m|[34;20m nipype.workflow  [0m|[34;20m [Node] Executing "_gcor0" <mriqc.interfaces.transitional.GCOR>[0m
2026-03-27 02:39:12 |[34;20m INFO     [0m|[34;20m nipype.workflow  [0m|[34;20m [Node] Finished "dilated_mask", elapsed time 0.021805s.[0m
2026-03-27 02:39:13 |[34;20m INFO     [0m|[34;20m nipype.workflow  [0m|[34;20m [Node] Finished "_gcor0", elapsed time 8.855489s.[0m
2026-03-27 02:39:14 |[34;20m INFO     [0m|[34;20m nipype.workflow  [0m|[34;20m [Node] Finished "_gcor0", elapsed time 7.782532s.[0m
2026-03-27 02:39:14 |[34;20m INFO     [0m|[34;20m nipype.workflow  [0m|[34;20m [Node] Setting-up "mriqc_wf.funcMRIQC.synthstrip_wf.final_masked" in "/local/nvme/ds004996_14.784026/ds/tmp/mriqc_wf/funcMRIQC/synthstrip_wf/515912e4295119cef4aa1dad0ec68039045e8b05/final_masked".[0m
2026-03-27 02:39:14 |[34;20m INFO     [0m|[34;20m nipype.workflow  [0m|[34;20m [Node] Setting-up "mriqc_wf.funcMRIQC.func_report_wf.PlotBrainmask" in "/local/nvme/ds004996_14.784026/ds/tmp/mriqc_wf/funcMRIQC/func_report_wf/2fd8d2e4124636968a147b56ecb4074dbfbf0d7e/PlotBrainmask".[0m
2026-03-27 02:39:14 |[34;20m INFO     [0m|[34;20m nipype.workflow  [0m|[34;20m [Node] Executing "final_masked" <niworkflows.interfaces.nibabel.ApplyMask>[0m
2026-03-27 02:39:14 |[34;20m INFO     [0m|[34;20m nipype.workflow  [0m|[34;20m [Node] Setting-up "_PlotMosaicZoomed0" in "/local/nvme/ds004996_14.784026/ds/tmp/mriqc_wf/funcMRIQC/func_report_wf/2fd8d2e4124636968a147b56ecb4074dbfbf0d7e/PlotMosaicZoomed/mapflow/_PlotMosaicZoomed0".[0m
2026-03-27 02:39:14 |[34;20m INFO     [0m|[34;20m nipype.workflow  [0m|[34;20m [Node] Executing "PlotBrainmask" <nireports.interfaces.mosaic.PlotContours>[0m
2026-03-27 02:39:14 |[34;20m INFO     [0m|[34;20m nipype.workflow  [0m|[34;20m [Node] Executing "_PlotMosaicZoomed0" <nireports.interfaces.mosaic.PlotMosaic>[0m
2026-03-27 02:39:14 |[34;20m INFO     [0m|[34;20m nipype.workflow  [0m|[34;20m [Node] Finished "final_masked", elapsed time 0.033575s.[0m
2026-03-27 02:39:14 |[34;20m INFO     [0m|[34;20m nipype.workflow  [0m|[34;20m [Node] Finished "_outliers0", elapsed time 4.436954s.[0m
2026-03-27 02:39:15 |[34;20m INFO     [0m|[34;20m nipype.workflow  [0m|[34;20m [Node] Finished "PlotBrainmask", elapsed time 1.2023220000000001s.[0m
2026-03-27 02:39:15 |[34;20m INFO     [0m|[34;20m nipype.workflow  [0m|[34;20m [Node] Finished "_PlotMosaicZoomed0", elapsed time 1.504105s.[0m
2026-03-27 02:39:16 |[34;20m INFO     [0m|[34;20m nipype.workflow  [0m|[34;20m [Node] Setting-up "mriqc_wf.funcMRIQC.func_report_wf.ds_report_norm" in "/local/nvme/ds004996_14.784026/ds/tmp/mriqc_wf/funcMRIQC/func_report_wf/515912e4295119cef4aa1dad0ec68039045e8b05/ds_report_norm".[0m
2026-03-27 02:39:16 |[34;20m INFO     [0m|[34;20m nipype.workflow  [0m|[34;20m [Node] Setting-up "mriqc_wf.funcMRIQC.SpatialNormalization.ResampleSegmentation" in "/local/nvme/ds004996_14.784026/ds/tmp/mriqc_wf/funcMRIQC/SpatialNormalization/515912e4295119cef4aa1dad0ec68039045e8b05/ResampleSegmentation".[0m
2026-03-27 02:39:16 |[34;20m INFO     [0m|[34;20m nipype.workflow  [0m|[34;20m [Node] Executing "ds_report_norm" <mriqc.interfaces.DerivativesDataSink>[0m
2026-03-27 02:39:16 |[34;20m INFO     [0m|[34;20m nipype.workflow  [0m|[34;20m [Node] Executing "ResampleSegmentation" <nipype.interfaces.ants.resampling.ApplyTransforms>[0m
2026-03-27 02:39:16 |[34;20m INFO     [0m|[34;20m nipype.workflow  [0m|[34;20m [Node] Finished "ds_report_norm", elapsed time 0.005245s.[0m
2026-03-27 02:39:16 |[34;20m INFO     [0m|[34;20m nipype.workflow  [0m|[34;20m [Node] Setting-up "mriqc_wf.funcMRIQC.func_report_wf.subtract_mask" in "/local/nvme/ds004996_14.784026/ds/tmp/mriqc_wf/funcMRIQC/func_report_wf/515912e4295119cef4aa1dad0ec68039045e8b05/subtract_mask".[0m
2026-03-27 02:39:16 |[34;20m INFO     [0m|[34;20m nipype.workflow  [0m|[34;20m [Node] Executing "subtract_mask" <niworkflows.interfaces.morphology.BinarySubtraction>[0m
2026-03-27 02:39:16 |[34;20m INFO     [0m|[34;20m nipype.workflow  [0m|[34;20m [Node] Setting-up "_ds_report_zoomed0" in "/local/nvme/ds004996_14.784026/ds/tmp/mriqc_wf/funcMRIQC/func_report_wf/515912e4295119cef4aa1dad0ec68039045e8b05/ds_report_zoomed/mapflow/_ds_report_zoomed0".[0m
2026-03-27 02:39:16 |[34;20m INFO     [0m|[34;20m nipype.workflow  [0m|[34;20m [Node] Executing "_ds_report_zoomed0" <mriqc.interfaces.DerivativesDataSink>[0m
2026-03-27 02:39:16 |[34;20m INFO     [0m|[34;20m nipype.workflow  [0m|[34;20m [Node] Finished "_ds_report_zoomed0", elapsed time 0.004895s.[0m
2026-03-27 02:39:16 |[34;20m INFO     [0m|[34;20m nipype.workflow  [0m|[34;20m [Node] Finished "subtract_mask", elapsed time 0.019812s.[0m
2026-03-27 02:39:16 |[34;20m INFO     [0m|[34;20m nipype.workflow  [0m|[34;20m [Node] Setting-up "mriqc_wf.funcMRIQC.func_report_wf.ds_report_bmask" in "/local/nvme/ds004996_14.784026/ds/tmp/mriqc_wf/funcMRIQC/func_report_wf/515912e4295119cef4aa1dad0ec68039045e8b05/ds_report_bmask".[0m
2026-03-27 02:39:16 |[34;20m INFO     [0m|[34;20m nipype.workflow  [0m|[34;20m [Node] Executing "ds_report_bmask" <mriqc.interfaces.DerivativesDataSink>[0m
2026-03-27 02:39:16 |[34;20m INFO     [0m|[34;20m nipype.workflow  [0m|[34;20m [Node] Finished "ds_report_bmask", elapsed time 0.004964s.[0m
2026-03-27 02:39:16 |[34;20m INFO     [0m|[34;20m nipype.workflow  [0m|[34;20m [Node] Setting-up "_ds_report_zoomed0" in "/local/nvme/ds004996_14.784026/ds/tmp/mriqc_wf/funcMRIQC/func_report_wf/37befc6998085bdb3fc0bfbd9058df85f999a986/ds_report_zoomed/mapflow/_ds_report_zoomed0".[0m
2026-03-27 02:39:16 |[34;20m INFO     [0m|[34;20m nipype.workflow  [0m|[34;20m [Node] Executing "_ds_report_zoomed0" <mriqc.interfaces.DerivativesDataSink>[0m
2026-03-27 02:39:16 |[34;20m INFO     [0m|[34;20m nipype.workflow  [0m|[34;20m [Node] Finished "_ds_report_zoomed0", elapsed time 0.004934s.[0m
2026-03-27 02:39:16 |[34;20m INFO     [0m|[34;20m nipype.workflow  [0m|[34;20m [Node] Setting-up "mriqc_wf.funcMRIQC.func_report_wf.subtract_mask" in "/local/nvme/ds004996_14.784026/ds/tmp/mriqc_wf/funcMRIQC/func_report_wf/37befc6998085bdb3fc0bfbd9058df85f999a986/subtract_mask".[0m
2026-03-27 02:39:16 |[34;20m INFO     [0m|[34;20m nipype.workflow  [0m|[34;20m [Node] Executing "subtract_mask" <niworkflows.interfaces.morphology.BinarySubtraction>[0m
2026-03-27 02:39:16 |[34;20m INFO     [0m|[34;20m nipype.workflow  [0m|[34;20m [Node] Finished "subtract_mask", elapsed time 0.012578s.[0m
2026-03-27 02:39:16 |[34;20m INFO     [0m|[34;20m nipype.workflow  [0m|[34;20m [Node] Setting-up "mriqc_wf.funcMRIQC.func_report_wf.ds_report_bmask" in "/local/nvme/ds004996_14.784026/ds/tmp/mriqc_wf/funcMRIQC/func_report_wf/37befc6998085bdb3fc0bfbd9058df85f999a986/ds_report_bmask".[0m
2026-03-27 02:39:16 |[34;20m INFO     [0m|[34;20m nipype.workflow  [0m|[34;20m [Node] Executing "ds_report_bmask" <mriqc.interfaces.DerivativesDataSink>[0m
2026-03-27 02:39:16 |[34;20m INFO     [0m|[34;20m nipype.workflow  [0m|[34;20m [Node] Finished "ds_report_bmask", elapsed time 0.004927s.[0m
2026-03-27 02:39:16 |[34;20m INFO     [0m|[34;20m nipype.workflow  [0m|[34;20m [Node] Setting-up "mriqc_wf.funcMRIQC.func_report_wf.subtract_mask" in "/local/nvme/ds004996_14.784026/ds/tmp/mriqc_wf/funcMRIQC/func_report_wf/2fd8d2e4124636968a147b56ecb4074dbfbf0d7e/subtract_mask".[0m
2026-03-27 02:39:16 |[34;20m INFO     [0m|[34;20m nipype.workflow  [0m|[34;20m [Node] Executing "subtract_mask" <niworkflows.interfaces.morphology.BinarySubtraction>[0m
2026-03-27 02:39:16 |[34;20m INFO     [0m|[34;20m nipype.workflow  [0m|[34;20m [Node] Finished "subtract_mask", elapsed time 0.011932s.[0m
2026-03-27 02:39:18 |[34;20m INFO     [0m|[34;20m nipype.workflow  [0m|[34;20m [Node] Setting-up "_ds_report_zoomed0" in "/local/nvme/ds004996_14.784026/ds/tmp/mriqc_wf/funcMRIQC/func_report_wf/2fd8d2e4124636968a147b56ecb4074dbfbf0d7e/ds_report_zoomed/mapflow/_ds_report_zoomed0".[0m
2026-03-27 02:39:18 |[34;20m INFO     [0m|[34;20m nipype.workflow  [0m|[34;20m [Node] Executing "_ds_report_zoomed0" <mriqc.interfaces.DerivativesDataSink>[0m
2026-03-27 02:39:18 |[34;20m INFO     [0m|[34;20m nipype.workflow  [0m|[34;20m [Node] Finished "_ds_report_zoomed0", elapsed time 0.005097s.[0m
2026-03-27 02:39:18 |[34;20m INFO     [0m|[34;20m nipype.workflow  [0m|[34;20m [Node] Setting-up "mriqc_wf.funcMRIQC.func_report_wf.ds_report_bmask" in "/local/nvme/ds004996_14.784026/ds/tmp/mriqc_wf/funcMRIQC/func_report_wf/2fd8d2e4124636968a147b56ecb4074dbfbf0d7e/ds_report_bmask".[0m
2026-03-27 02:39:18 |[34;20m INFO     [0m|[34;20m nipype.workflow  [0m|[34;20m [Node] Executing "ds_report_bmask" <mriqc.interfaces.DerivativesDataSink>[0m
2026-03-27 02:39:18 |[34;20m INFO     [0m|[34;20m nipype.workflow  [0m|[34;20m [Node] Finished "ds_report_bmask", elapsed time 0.004904s.[0m
2026-03-27 02:39:18 |[34;20m INFO     [0m|[34;20m nipype.workflow  [0m|[34;20m [Node] Finished "ResampleSegmentation", elapsed time 2.459831s.[0m
2026-03-27 02:39:19 |[34;20m INFO     [0m|[34;20m nipype.workflow  [0m|[34;20m [Node] Finished "_gcor0", elapsed time 7.715449s.[0m
2026-03-27 02:39:20 |[34;20m INFO     [0m|[34;20m nipype.workflow  [0m|[34;20m [Node] Setting-up "mriqc_wf.funcMRIQC.func_report_wf.parcels" in "/local/nvme/ds004996_14.784026/ds/tmp/mriqc_wf/funcMRIQC/func_report_wf/515912e4295119cef4aa1dad0ec68039045e8b05/parcels".[0m
2026-03-27 02:39:20 |[34;20m INFO     [0m|[34;20m nipype.workflow  [0m|[34;20m [Node] Executing "parcels" <nipype.interfaces.utility.wrappers.Function>[0m
2026-03-27 02:39:20 |[34;20m INFO     [0m|[34;20m nipype.workflow  [0m|[34;20m [Node] Finished "parcels", elapsed time 0.027722s.[0m
2026-03-27 02:39:22 |[34;20m INFO     [0m|[34;20m nipype.workflow  [0m|[34;20m [Node] Finished "_ComputeDVARS0", elapsed time 18.312441s.[0m
2026-03-27 02:39:22 |[34;20m INFO     [0m|[34;20m nipype.workflow  [0m|[34;20m [Node] Finished "_ComputeDVARS0", elapsed time 18.485393s.[0m
2026-03-27 02:39:24 |[34;20m INFO     [0m|[34;20m nipype.workflow  [0m|[34;20m [Node] Setting-up "_measures0" in "/local/nvme/ds004996_14.784026/ds/tmp/mriqc_wf/funcMRIQC/ComputeIQMs/515912e4295119cef4aa1dad0ec68039045e8b05/measures/mapflow/_measures0".[0m
2026-03-27 02:39:24 |[34;20m INFO     [0m|[34;20m nipype.workflow  [0m|[34;20m [Node] Setting-up "_timeseries0" in "/local/nvme/ds004996_14.784026/ds/tmp/mriqc_wf/funcMRIQC/ComputeIQMs/515912e4295119cef4aa1dad0ec68039045e8b05/timeseries/mapflow/_timeseries0".[0m
2026-03-27 02:39:24 |[34;20m INFO     [0m|[34;20m nipype.workflow  [0m|[34;20m [Node] Executing "_measures0" <mriqc.interfaces.functional.FunctionalQC>[0m
2026-03-27 02:39:24 |[34;20m INFO     [0m|[34;20m nipype.workflow  [0m|[34;20m [Node] Executing "_timeseries0" <mriqc.interfaces.functional.GatherTimeseries>[0m
2026-03-27 02:39:24 |[34;20m INFO     [0m|[34;20m nipype.workflow  [0m|[34;20m [Node] Setting-up "_timeseries0" in "/local/nvme/ds004996_14.784026/ds/tmp/mriqc_wf/funcMRIQC/ComputeIQMs/37befc6998085bdb3fc0bfbd9058df85f999a986/timeseries/mapflow/_timeseries0".[0m
2026-03-27 02:39:24 |[34;20m INFO     [0m|[34;20m nipype.workflow  [0m|[34;20m [Node] Executing "_timeseries0" <mriqc.interfaces.functional.GatherTimeseries>[0m
2026-03-27 02:39:24 |[34;20m INFO     [0m|[34;20m nipype.workflow  [0m|[34;20m [Node] Finished "_timeseries0", elapsed time 0.02167s.[0m
2026-03-27 02:39:24 |[34;20m INFO     [0m|[34;20m nipype.workflow  [0m|[34;20m [Node] Finished "_timeseries0", elapsed time 0.026017s.[0m
2026-03-27 02:39:25 |[34;20m INFO     [0m|[34;20m nipype.workflow  [0m|[34;20m [Node] Finished "_measures0", elapsed time 1.088153s.[0m
2026-03-27 02:39:26 |[34;20m INFO     [0m|[34;20m nipype.workflow  [0m|[34;20m [Node] Setting-up "_measures0" in "/local/nvme/ds004996_14.784026/ds/tmp/mriqc_wf/funcMRIQC/ComputeIQMs/37befc6998085bdb3fc0bfbd9058df85f999a986/measures/mapflow/_measures0".[0m
2026-03-27 02:39:26 |[34;20m INFO     [0m|[34;20m nipype.workflow  [0m|[34;20m [Node] Executing "_measures0" <mriqc.interfaces.functional.FunctionalQC>[0m
2026-03-27 02:39:26 |[34;20m INFO     [0m|[34;20m nipype.workflow  [0m|[34;20m [Node] Setting-up "_datasink0" in "/local/nvme/ds004996_14.784026/ds/tmp/mriqc_wf/funcMRIQC/ComputeIQMs/515912e4295119cef4aa1dad0ec68039045e8b05/datasink/mapflow/_datasink0".[0m
2026-03-27 02:39:26 |[34;20m INFO     [0m|[34;20m nipype.workflow  [0m|[34;20m [Node] Executing "_datasink0" <mriqc.interfaces.bids.IQMFileSink>[0m
2026-03-27 02:39:26 |[34;20m INFO     [0m|[34;20m nipype.workflow  [0m|[34;20m [Node] Finished "_datasink0", elapsed time 0.001832s.[0m
2026-03-27 02:39:26 |[34;20m INFO     [0m|[34;20m nipype.workflow  [0m|[34;20m [Node] Setting-up "_ds_timeseries0" in "/local/nvme/ds004996_14.784026/ds/tmp/mriqc_wf/funcMRIQC/ComputeIQMs/515912e4295119cef4aa1dad0ec68039045e8b05/ds_timeseries/mapflow/_ds_timeseries0".[0m
2026-03-27 02:39:26 |[34;20m INFO     [0m|[34;20m nipype.workflow  [0m|[34;20m [Node] Executing "_ds_timeseries0" <mriqc.interfaces.DerivativesDataSink>[0m
2026-03-27 02:39:26 |[34;20m INFO     [0m|[34;20m nipype.workflow  [0m|[34;20m [Node] Finished "_ds_timeseries0", elapsed time 0.004222s.[0m
2026-03-27 02:39:26 |[34;20m INFO     [0m|[34;20m nipype.workflow  [0m|[34;20m [Node] Setting-up "_ds_timeseries0" in "/local/nvme/ds004996_14.784026/ds/tmp/mriqc_wf/funcMRIQC/ComputeIQMs/37befc6998085bdb3fc0bfbd9058df85f999a986/ds_timeseries/mapflow/_ds_timeseries0".[0m
2026-03-27 02:39:26 |[34;20m INFO     [0m|[34;20m nipype.workflow  [0m|[34;20m [Node] Executing "_ds_timeseries0" <mriqc.interfaces.DerivativesDataSink>[0m
2026-03-27 02:39:26 |[34;20m INFO     [0m|[34;20m nipype.workflow  [0m|[34;20m [Node] Finished "_ds_timeseries0", elapsed time 0.004134s.[0m
2026-03-27 02:39:26 |[34;20m INFO     [0m|[34;20m nipype.workflow  [0m|[34;20m [Node] Setting-up "_BigPlot0" in "/local/nvme/ds004996_14.784026/ds/tmp/mriqc_wf/funcMRIQC/func_report_wf/515912e4295119cef4aa1dad0ec68039045e8b05/BigPlot/mapflow/_BigPlot0".[0m
2026-03-27 02:39:26 |[34;20m INFO     [0m|[34;20m nipype.workflow  [0m|[34;20m [Node] Executing "_BigPlot0" <nireports.interfaces.fmri.FMRISummary>[0m
2026-03-27 02:39:27 |[34;20m INFO     [0m|[34;20m nipype.workflow  [0m|[34;20m [Node] Finished "_measures0", elapsed time 1.094603s.[0m
2026-03-27 02:39:27 |[34;20m INFO     [0m|[34;20m nipype.workflow  [0m|[34;20m [Node] Finished "_ComputeDVARS0", elapsed time 17.636696s.[0m
2026-03-27 02:39:28 |[34;20m INFO     [0m|[34;20m nipype.workflow  [0m|[34;20m [Node] Setting-up "_measures0" in "/local/nvme/ds004996_14.784026/ds/tmp/mriqc_wf/funcMRIQC/ComputeIQMs/2fd8d2e4124636968a147b56ecb4074dbfbf0d7e/measures/mapflow/_measures0".[0m
2026-03-27 02:39:28 |[34;20m INFO     [0m|[34;20m nipype.workflow  [0m|[34;20m [Node] Executing "_measures0" <mriqc.interfaces.functional.FunctionalQC>[0m
2026-03-27 02:39:28 |[34;20m INFO     [0m|[34;20m nipype.workflow  [0m|[34;20m [Node] Setting-up "_timeseries0" in "/local/nvme/ds004996_14.784026/ds/tmp/mriqc_wf/funcMRIQC/ComputeIQMs/2fd8d2e4124636968a147b56ecb4074dbfbf0d7e/timeseries/mapflow/_timeseries0".[0m
2026-03-27 02:39:28 |[34;20m INFO     [0m|[34;20m nipype.workflow  [0m|[34;20m [Node] Executing "_timeseries0" <mriqc.interfaces.functional.GatherTimeseries>[0m
2026-03-27 02:39:28 |[34;20m INFO     [0m|[34;20m nipype.workflow  [0m|[34;20m [Node] Setting-up "_datasink0" in "/local/nvme/ds004996_14.784026/ds/tmp/mriqc_wf/funcMRIQC/ComputeIQMs/37befc6998085bdb3fc0bfbd9058df85f999a986/datasink/mapflow/_datasink0".[0m
2026-03-27 02:39:28 |[34;20m INFO     [0m|[34;20m nipype.workflow  [0m|[34;20m [Node] Executing "_datasink0" <mriqc.interfaces.bids.IQMFileSink>[0m
2026-03-27 02:39:28 |[34;20m INFO     [0m|[34;20m nipype.workflow  [0m|[34;20m [Node] Finished "_datasink0", elapsed time 0.000624s.[0m
2026-03-27 02:39:28 |[34;20m INFO     [0m|[34;20m nipype.workflow  [0m|[34;20m [Node] Finished "_timeseries0", elapsed time 0.019649s.[0m
2026-03-27 02:39:29 |[34;20m INFO     [0m|[34;20m nipype.workflow  [0m|[34;20m [Node] Finished "_measures0", elapsed time 1.20468s.[0m
2026-03-27 02:39:30 |[34;20m INFO     [0m|[34;20m nipype.workflow  [0m|[34;20m [Node] Setting-up "_datasink0" in "/local/nvme/ds004996_14.784026/ds/tmp/mriqc_wf/funcMRIQC/ComputeIQMs/2fd8d2e4124636968a147b56ecb4074dbfbf0d7e/datasink/mapflow/_datasink0".[0m
2026-03-27 02:39:30 |[34;20m INFO     [0m|[34;20m nipype.workflow  [0m|[34;20m [Node] Executing "_datasink0" <mriqc.interfaces.bids.IQMFileSink>[0m
2026-03-27 02:39:30 |[34;20m INFO     [0m|[34;20m nipype.workflow  [0m|[34;20m [Node] Finished "_datasink0", elapsed time 0.000696s.[0m
2026-03-27 02:39:30 |[34;20m INFO     [0m|[34;20m nipype.workflow  [0m|[34;20m [Node] Setting-up "_ds_timeseries0" in "/local/nvme/ds004996_14.784026/ds/tmp/mriqc_wf/funcMRIQC/ComputeIQMs/2fd8d2e4124636968a147b56ecb4074dbfbf0d7e/ds_timeseries/mapflow/_ds_timeseries0".[0m
2026-03-27 02:39:30 |[34;20m INFO     [0m|[34;20m nipype.workflow  [0m|[34;20m [Node] Executing "_ds_timeseries0" <mriqc.interfaces.DerivativesDataSink>[0m
2026-03-27 02:39:30 |[34;20m INFO     [0m|[34;20m nipype.workflow  [0m|[34;20m [Node] Finished "_ds_timeseries0", elapsed time 0.004429s.[0m
2026-03-27 02:39:31 |[34;20m INFO     [0m|[34;20m nipype.workflow  [0m|[34;20m [Node] Finished "_BigPlot0", elapsed time 4.475463s.[0m
2026-03-27 02:39:32 |[34;20m INFO     [0m|[34;20m nipype.workflow  [0m|[34;20m [Node] Setting-up "mriqc_wf.funcMRIQC.synthstrip_wf.post_n4" in "/local/nvme/ds004996_14.784026/ds/tmp/mriqc_wf/funcMRIQC/synthstrip_wf/37befc6998085bdb3fc0bfbd9058df85f999a986/post_n4".[0m
2026-03-27 02:39:32 |[34;20m INFO     [0m|[34;20m nipype.workflow  [0m|[34;20m [Node] Executing "post_n4" <nipype.interfaces.ants.segmentation.N4BiasFieldCorrection>[0m
2026-03-27 02:39:33 |[34;20m INFO     [0m|[34;20m nipype.workflow  [0m|[34;20m [Node] Finished "post_n4", elapsed time 0.954908s.[0m
2026-03-27 02:39:34 |[34;20m INFO     [0m|[34;20m nipype.workflow  [0m|[34;20m [Node] Setting-up "mriqc_wf.funcMRIQC.SpatialNormalization.EPI2MNI" in "/local/nvme/ds004996_14.784026/ds/tmp/mriqc_wf/funcMRIQC/SpatialNormalization/37befc6998085bdb3fc0bfbd9058df85f999a986/EPI2MNI".[0m
2026-03-27 02:39:34 |[34;20m INFO     [0m|[34;20m nipype.workflow  [0m|[34;20m [Node] Executing "EPI2MNI" <niworkflows.interfaces.reportlets.registration.SpatialNormalizationRPT>[0m
2026-03-27 02:39:34 |[34;20m INFO     [0m|[34;20m niworkflows      [0m|[34;20m Estimating initial transform using AffineInitializer[0m
2026-03-27 02:39:39 |[34;20m INFO     [0m|[34;20m niworkflows      [0m|[34;20m Loading settings from file /opt/conda/lib/python3.11/site-packages/niworkflows/data/boldref-mni_registration_precise_000.json.[0m
2026-03-27 02:39:39 |[34;20m INFO     [0m|[34;20m niworkflows      [0m|[34;20m Retry #1, commandline: 
antsRegistration --collapse-output-transforms 1 --dimensionality 3 --float 0 --initial-moving-transform [ /local/nvme/ds004996_14.784026/ds/tmp/mriqc_wf/funcMRIQC/SpatialNormalization/37befc6998085bdb3fc0bfbd9058df85f999a986/EPI2MNI/transform.mat, 0 ] --initialize-transforms-per-stage 0 --interpolation LanczosWindowedSinc --output [ epi_to_mni, epi_to_mni_Warped.nii.gz ] --transform Rigid[ 0.05 ] --metric Mattes[ /templateflow/tpl-MNI152NLin2009cAsym/tpl-MNI152NLin2009cAsym_res-02_desc-fMRIPrep_boldref.nii.gz, /local/nvme/ds004996_14.784026/ds/tmp/mriqc_wf/funcMRIQC/SpatialNormalization/37befc6998085bdb3fc0bfbd9058df85f999a986/SharpenEPI/sub-14_task-conversation_run-02_bold_desc-realigned_valid_tstat_corrected.nii.gz, 1, 56, Regular, 0.25 ] --convergence [ 10000x1000x100, 1e-06, 20 ] --smoothing-sigmas 4.0x2.0x1.0vox --shrink-factors 4x2x1 --use-histogram-matching 1 --masks [ /templateflow/tpl-MNI152NLin2009cAsym/tpl-MNI152NLin2009cAsym_res-02_desc-brain_mask.nii.gz, /local/nvme/ds004996_14.784026/ds/tmp/mriqc_wf/funcMRIQC/synthstrip_wf/37befc6998085bdb3fc0bfbd9058df85f999a986/synthstrip/clipped_corrected_desc-brain_mask.nii.gz ] --transform Affine[ 0.08 ] --metric Mattes[ /templateflow/tpl-MNI152NLin2009cAsym/tpl-MNI152NLin2009cAsym_res-02_desc-fMRIPrep_boldref.nii.gz, /local/nvme/ds004996_14.784026/ds/tmp/mriqc_wf/funcMRIQC/SpatialNormalization/37befc6998085bdb3fc0bfbd9058df85f999a986/SharpenEPI/sub-14_task-conversation_run-02_bold_desc-realigned_valid_tstat_corrected.nii.gz, 1, 56, Regular, 0.25 ] --convergence [ 500x250x100, 1e-06, 20 ] --smoothing-sigmas 4.0x2.0x1.0vox --shrink-factors 8x4x2 --use-histogram-matching 1 --masks [ /templateflow/tpl-MNI152NLin2009cAsym/tpl-MNI152NLin2009cAsym_res-02_desc-brain_mask.nii.gz, /local/nvme/ds004996_14.784026/ds/tmp/mriqc_wf/funcMRIQC/synthstrip_wf/37befc6998085bdb3fc0bfbd9058df85f999a986/synthstrip/clipped_corrected_desc-brain_mask.nii.gz ] --transform SyN[ 0.1, 3.0, 0.0 ] --metric CC[ /templateflow/tpl-MNI152NLin2009cAsym/tpl-MNI152NLin2009cAsym_res-02_desc-fMRIPrep_boldref.nii.gz, /local/nvme/ds004996_14.784026/ds/tmp/mriqc_wf/funcMRIQC/SpatialNormalization/37befc6998085bdb3fc0bfbd9058df85f999a986/SharpenEPI/sub-14_task-conversation_run-02_bold_desc-realigned_valid_tstat_corrected.nii.gz, 1, 4, None, 1 ] --convergence [ 100x30x20, 1e-06, 10 ] --smoothing-sigmas 3.0x2.0x1.0vox --shrink-factors 8x4x2 --use-histogram-matching 1 --masks [ /templateflow/tpl-MNI152NLin2009cAsym/tpl-MNI152NLin2009cAsym_res-02_desc-brain_mask.nii.gz, /local/nvme/ds004996_14.784026/ds/tmp/mriqc_wf/funcMRIQC/synthstrip_wf/37befc6998085bdb3fc0bfbd9058df85f999a986/synthstrip/clipped_corrected_desc-brain_mask.nii.gz ] --winsorize-image-intensities [ 0.005, 0.995 ]  --write-composite-transform 1[0m
2026-03-27 02:39:50 |[34;20m INFO     [0m|[34;20m niworkflows      [0m|[34;20m Successful spatial normalization (retry #1).[0m
2026-03-27 02:39:50 |[34;20m INFO     [0m|[34;20m niworkflows      [0m|[34;20m Report - setting fixed (/templateflow/tpl-MNI152NLin2009cAsym/tpl-MNI152NLin2009cAsym_res-02_desc-fMRIPrep_boldref.nii.gz) and moving (/local/nvme/ds004996_14.784026/ds/tmp/mriqc_wf/funcMRIQC/SpatialNormalization/37befc6998085bdb3fc0bfbd9058df85f999a986/EPI2MNI/epi_to_mni_Warped.nii.gz) images[0m
2026-03-27 02:39:50 |[34;20m INFO     [0m|[34;20m niworkflows      [0m|[34;20m Generating visual report[0m
2026-03-27 02:40:05 |[34;20m INFO     [0m|[34;20m nipype.workflow  [0m|[34;20m [Node] Finished "EPI2MNI", elapsed time 30.993613s.[0m
2026-03-27 02:40:06 |[34;20m INFO     [0m|[34;20m nipype.workflow  [0m|[34;20m [Node] Setting-up "mriqc_wf.funcMRIQC.synthstrip_wf.post_n4" in "/local/nvme/ds004996_14.784026/ds/tmp/mriqc_wf/funcMRIQC/synthstrip_wf/2fd8d2e4124636968a147b56ecb4074dbfbf0d7e/post_n4".[0m
2026-03-27 02:40:06 |[34;20m INFO     [0m|[34;20m nipype.workflow  [0m|[34;20m [Node] Executing "post_n4" <nipype.interfaces.ants.segmentation.N4BiasFieldCorrection>[0m
2026-03-27 02:40:07 |[34;20m INFO     [0m|[34;20m nipype.workflow  [0m|[34;20m [Node] Finished "post_n4", elapsed time 0.913354s.[0m
2026-03-27 02:40:08 |[34;20m INFO     [0m|[34;20m nipype.workflow  [0m|[34;20m [Node] Setting-up "mriqc_wf.funcMRIQC.SpatialNormalization.EPI2MNI" in "/local/nvme/ds004996_14.784026/ds/tmp/mriqc_wf/funcMRIQC/SpatialNormalization/2fd8d2e4124636968a147b56ecb4074dbfbf0d7e/EPI2MNI".[0m
2026-03-27 02:40:08 |[34;20m INFO     [0m|[34;20m nipype.workflow  [0m|[34;20m [Node] Executing "EPI2MNI" <niworkflows.interfaces.reportlets.registration.SpatialNormalizationRPT>[0m
2026-03-27 02:40:08 |[34;20m INFO     [0m|[34;20m niworkflows      [0m|[34;20m Estimating initial transform using AffineInitializer[0m
2026-03-27 02:40:13 |[34;20m INFO     [0m|[34;20m niworkflows      [0m|[34;20m Loading settings from file /opt/conda/lib/python3.11/site-packages/niworkflows/data/boldref-mni_registration_precise_000.json.[0m
2026-03-27 02:40:13 |[34;20m INFO     [0m|[34;20m niworkflows      [0m|[34;20m Retry #1, commandline: 
antsRegistration --collapse-output-transforms 1 --dimensionality 3 --float 0 --initial-moving-transform [ /local/nvme/ds004996_14.784026/ds/tmp/mriqc_wf/funcMRIQC/SpatialNormalization/2fd8d2e4124636968a147b56ecb4074dbfbf0d7e/EPI2MNI/transform.mat, 0 ] --initialize-transforms-per-stage 0 --interpolation LanczosWindowedSinc --output [ epi_to_mni, epi_to_mni_Warped.nii.gz ] --transform Rigid[ 0.05 ] --metric Mattes[ /templateflow/tpl-MNI152NLin2009cAsym/tpl-MNI152NLin2009cAsym_res-02_desc-fMRIPrep_boldref.nii.gz, /local/nvme/ds004996_14.784026/ds/tmp/mriqc_wf/funcMRIQC/SpatialNormalization/2fd8d2e4124636968a147b56ecb4074dbfbf0d7e/SharpenEPI/sub-14_task-conversation_run-03_bold_desc-realigned_valid_tstat_corrected.nii.gz, 1, 56, Regular, 0.25 ] --convergence [ 10000x1000x100, 1e-06, 20 ] --smoothing-sigmas 4.0x2.0x1.0vox --shrink-factors 4x2x1 --use-histogram-matching 1 --masks [ /templateflow/tpl-MNI152NLin2009cAsym/tpl-MNI152NLin2009cAsym_res-02_desc-brain_mask.nii.gz, /local/nvme/ds004996_14.784026/ds/tmp/mriqc_wf/funcMRIQC/synthstrip_wf/2fd8d2e4124636968a147b56ecb4074dbfbf0d7e/synthstrip/clipped_corrected_desc-brain_mask.nii.gz ] --transform Affine[ 0.08 ] --metric Mattes[ /templateflow/tpl-MNI152NLin2009cAsym/tpl-MNI152NLin2009cAsym_res-02_desc-fMRIPrep_boldref.nii.gz, /local/nvme/ds004996_14.784026/ds/tmp/mriqc_wf/funcMRIQC/SpatialNormalization/2fd8d2e4124636968a147b56ecb4074dbfbf0d7e/SharpenEPI/sub-14_task-conversation_run-03_bold_desc-realigned_valid_tstat_corrected.nii.gz, 1, 56, Regular, 0.25 ] --convergence [ 500x250x100, 1e-06, 20 ] --smoothing-sigmas 4.0x2.0x1.0vox --shrink-factors 8x4x2 --use-histogram-matching 1 --masks [ /templateflow/tpl-MNI152NLin2009cAsym/tpl-MNI152NLin2009cAsym_res-02_desc-brain_mask.nii.gz, /local/nvme/ds004996_14.784026/ds/tmp/mriqc_wf/funcMRIQC/synthstrip_wf/2fd8d2e4124636968a147b56ecb4074dbfbf0d7e/synthstrip/clipped_corrected_desc-brain_mask.nii.gz ] --transform SyN[ 0.1, 3.0, 0.0 ] --metric CC[ /templateflow/tpl-MNI152NLin2009cAsym/tpl-MNI152NLin2009cAsym_res-02_desc-fMRIPrep_boldref.nii.gz, /local/nvme/ds004996_14.784026/ds/tmp/mriqc_wf/funcMRIQC/SpatialNormalization/2fd8d2e4124636968a147b56ecb4074dbfbf0d7e/SharpenEPI/sub-14_task-conversation_run-03_bold_desc-realigned_valid_tstat_corrected.nii.gz, 1, 4, None, 1 ] --convergence [ 100x30x20, 1e-06, 10 ] --smoothing-sigmas 3.0x2.0x1.0vox --shrink-factors 8x4x2 --use-histogram-matching 1 --masks [ /templateflow/tpl-MNI152NLin2009cAsym/tpl-MNI152NLin2009cAsym_res-02_desc-brain_mask.nii.gz, /local/nvme/ds004996_14.784026/ds/tmp/mriqc_wf/funcMRIQC/synthstrip_wf/2fd8d2e4124636968a147b56ecb4074dbfbf0d7e/synthstrip/clipped_corrected_desc-brain_mask.nii.gz ] --winsorize-image-intensities [ 0.005, 0.995 ]  --write-composite-transform 1[0m
2026-03-27 02:40:25 |[34;20m INFO     [0m|[34;20m niworkflows      [0m|[34;20m Successful spatial normalization (retry #1).[0m
2026-03-27 02:40:25 |[34;20m INFO     [0m|[34;20m niworkflows      [0m|[34;20m Report - setting fixed (/templateflow/tpl-MNI152NLin2009cAsym/tpl-MNI152NLin2009cAsym_res-02_desc-fMRIPrep_boldref.nii.gz) and moving (/local/nvme/ds004996_14.784026/ds/tmp/mriqc_wf/funcMRIQC/SpatialNormalization/2fd8d2e4124636968a147b56ecb4074dbfbf0d7e/EPI2MNI/epi_to_mni_Warped.nii.gz) images[0m
2026-03-27 02:40:25 |[34;20m INFO     [0m|[34;20m niworkflows      [0m|[34;20m Generating visual report[0m
2026-03-27 02:40:40 |[34;20m INFO     [0m|[34;20m nipype.workflow  [0m|[34;20m [Node] Finished "EPI2MNI", elapsed time 32.464528s.[0m
2026-03-27 02:40:42 |[34;20m INFO     [0m|[34;20m nipype.workflow  [0m|[34;20m [Node] Setting-up "mriqc_wf.funcMRIQC.func_report_wf.ds_report_norm" in "/local/nvme/ds004996_14.784026/ds/tmp/mriqc_wf/funcMRIQC/func_report_wf/37befc6998085bdb3fc0bfbd9058df85f999a986/ds_report_norm".[0m
2026-03-27 02:40:42 |[34;20m INFO     [0m|[34;20m nipype.workflow  [0m|[34;20m [Node] Setting-up "mriqc_wf.funcMRIQC.synthstrip_wf.final_masked" in "/local/nvme/ds004996_14.784026/ds/tmp/mriqc_wf/funcMRIQC/synthstrip_wf/37befc6998085bdb3fc0bfbd9058df85f999a986/final_masked".[0m
2026-03-27 02:40:42 |[34;20m INFO     [0m|[34;20m nipype.workflow  [0m|[34;20m [Node] Setting-up "mriqc_wf.funcMRIQC.SpatialNormalization.ResampleSegmentation" in "/local/nvme/ds004996_14.784026/ds/tmp/mriqc_wf/funcMRIQC/SpatialNormalization/37befc6998085bdb3fc0bfbd9058df85f999a986/ResampleSegmentation".[0m
2026-03-27 02:40:42 |[34;20m INFO     [0m|[34;20m nipype.workflow  [0m|[34;20m [Node] Executing "final_masked" <niworkflows.interfaces.nibabel.ApplyMask>[0m
2026-03-27 02:40:42 |[34;20m INFO     [0m|[34;20m nipype.workflow  [0m|[34;20m [Node] Executing "ds_report_norm" <mriqc.interfaces.DerivativesDataSink>[0m
2026-03-27 02:40:42 |[34;20m INFO     [0m|[34;20m nipype.workflow  [0m|[34;20m [Node] Executing "ResampleSegmentation" <nipype.interfaces.ants.resampling.ApplyTransforms>[0m
2026-03-27 02:40:42 |[34;20m INFO     [0m|[34;20m nipype.workflow  [0m|[34;20m [Node] Finished "ds_report_norm", elapsed time 0.004959s.[0m
2026-03-27 02:40:42 |[34;20m INFO     [0m|[34;20m nipype.workflow  [0m|[34;20m [Node] Finished "final_masked", elapsed time 0.035359s.[0m
2026-03-27 02:40:42 |[34;20m INFO     [0m|[34;20m nipype.workflow  [0m|[34;20m [Node] Setting-up "mriqc_wf.funcMRIQC.func_report_wf.ds_report_norm" in "/local/nvme/ds004996_14.784026/ds/tmp/mriqc_wf/funcMRIQC/func_report_wf/2fd8d2e4124636968a147b56ecb4074dbfbf0d7e/ds_report_norm".[0m
2026-03-27 02:40:42 |[34;20m INFO     [0m|[34;20m nipype.workflow  [0m|[34;20m [Node] Setting-up "mriqc_wf.funcMRIQC.synthstrip_wf.final_masked" in "/local/nvme/ds004996_14.784026/ds/tmp/mriqc_wf/funcMRIQC/synthstrip_wf/2fd8d2e4124636968a147b56ecb4074dbfbf0d7e/final_masked".[0m
2026-03-27 02:40:42 |[34;20m INFO     [0m|[34;20m nipype.workflow  [0m|[34;20m [Node] Setting-up "mriqc_wf.funcMRIQC.SpatialNormalization.ResampleSegmentation" in "/local/nvme/ds004996_14.784026/ds/tmp/mriqc_wf/funcMRIQC/SpatialNormalization/2fd8d2e4124636968a147b56ecb4074dbfbf0d7e/ResampleSegmentation".[0m
2026-03-27 02:40:42 |[34;20m INFO     [0m|[34;20m nipype.workflow  [0m|[34;20m [Node] Executing "final_masked" <niworkflows.interfaces.nibabel.ApplyMask>[0m
2026-03-27 02:40:42 |[34;20m INFO     [0m|[34;20m nipype.workflow  [0m|[34;20m [Node] Executing "ResampleSegmentation" <nipype.interfaces.ants.resampling.ApplyTransforms>[0m
2026-03-27 02:40:42 |[34;20m INFO     [0m|[34;20m nipype.workflow  [0m|[34;20m [Node] Executing "ds_report_norm" <mriqc.interfaces.DerivativesDataSink>[0m
2026-03-27 02:40:42 |[34;20m INFO     [0m|[34;20m nipype.workflow  [0m|[34;20m [Node] Finished "ds_report_norm", elapsed time 0.004888s.[0m
2026-03-27 02:40:42 |[34;20m INFO     [0m|[34;20m nipype.workflow  [0m|[34;20m [Node] Finished "final_masked", elapsed time 0.03456s.[0m
2026-03-27 02:40:42 |[34;20m INFO     [0m|[34;20m nipype.workflow  [0m|[34;20m [Node] Setting-up "_ds_report_carpet0" in "/local/nvme/ds004996_14.784026/ds/tmp/mriqc_wf/funcMRIQC/func_report_wf/515912e4295119cef4aa1dad0ec68039045e8b05/ds_report_carpet/mapflow/_ds_report_carpet0".[0m
2026-03-27 02:40:42 |[34;20m INFO     [0m|[34;20m nipype.workflow  [0m|[34;20m [Node] Executing "_ds_report_carpet0" <mriqc.interfaces.DerivativesDataSink>[0m
2026-03-27 02:40:42 |[34;20m INFO     [0m|[34;20m nipype.workflow  [0m|[34;20m [Node] Finished "_ds_report_carpet0", elapsed time 0.005408s.[0m
2026-03-27 02:40:44 |[34;20m INFO     [0m|[34;20m nipype.workflow  [0m|[34;20m [Node] Finished "ResampleSegmentation", elapsed time 2.351515s.[0m
2026-03-27 02:40:44 |[34;20m INFO     [0m|[34;20m nipype.workflow  [0m|[34;20m [Node] Finished "ResampleSegmentation", elapsed time 2.338633s.[0m
2026-03-27 02:40:46 |[34;20m INFO     [0m|[34;20m nipype.workflow  [0m|[34;20m [Node] Setting-up "mriqc_wf.funcMRIQC.func_report_wf.parcels" in "/local/nvme/ds004996_14.784026/ds/tmp/mriqc_wf/funcMRIQC/func_report_wf/2fd8d2e4124636968a147b56ecb4074dbfbf0d7e/parcels".[0m
2026-03-27 02:40:46 |[34;20m INFO     [0m|[34;20m nipype.workflow  [0m|[34;20m [Node] Executing "parcels" <nipype.interfaces.utility.wrappers.Function>[0m
2026-03-27 02:40:46 |[34;20m INFO     [0m|[34;20m nipype.workflow  [0m|[34;20m [Node] Setting-up "mriqc_wf.funcMRIQC.func_report_wf.parcels" in "/local/nvme/ds004996_14.784026/ds/tmp/mriqc_wf/funcMRIQC/func_report_wf/37befc6998085bdb3fc0bfbd9058df85f999a986/parcels".[0m
2026-03-27 02:40:46 |[34;20m INFO     [0m|[34;20m nipype.workflow  [0m|[34;20m [Node] Executing "parcels" <nipype.interfaces.utility.wrappers.Function>[0m
2026-03-27 02:40:46 |[34;20m INFO     [0m|[34;20m nipype.workflow  [0m|[34;20m [Node] Finished "parcels", elapsed time 0.02298s.[0m
2026-03-27 02:40:46 |[34;20m INFO     [0m|[34;20m nipype.workflow  [0m|[34;20m [Node] Finished "parcels", elapsed time 0.025275s.[0m
2026-03-27 02:40:48 |[34;20m INFO     [0m|[34;20m nipype.workflow  [0m|[34;20m [Node] Setting-up "_BigPlot0" in "/local/nvme/ds004996_14.784026/ds/tmp/mriqc_wf/funcMRIQC/func_report_wf/2fd8d2e4124636968a147b56ecb4074dbfbf0d7e/BigPlot/mapflow/_BigPlot0".[0m
2026-03-27 02:40:48 |[34;20m INFO     [0m|[34;20m nipype.workflow  [0m|[34;20m [Node] Executing "_BigPlot0" <nireports.interfaces.fmri.FMRISummary>[0m
2026-03-27 02:40:48 |[34;20m INFO     [0m|[34;20m nipype.workflow  [0m|[34;20m [Node] Setting-up "_BigPlot0" in "/local/nvme/ds004996_14.784026/ds/tmp/mriqc_wf/funcMRIQC/func_report_wf/37befc6998085bdb3fc0bfbd9058df85f999a986/BigPlot/mapflow/_BigPlot0".[0m
2026-03-27 02:40:48 |[34;20m INFO     [0m|[34;20m nipype.workflow  [0m|[34;20m [Node] Executing "_BigPlot0" <nireports.interfaces.fmri.FMRISummary>[0m
2026-03-27 02:40:52 |[34;20m INFO     [0m|[34;20m nipype.workflow  [0m|[34;20m [Node] Finished "_BigPlot0", elapsed time 4.34914s.[0m
2026-03-27 02:40:53 |[34;20m INFO     [0m|[34;20m nipype.workflow  [0m|[34;20m [Node] Finished "_BigPlot0", elapsed time 4.822139s.[0m
2026-03-27 02:40:54 |[34;20m INFO     [0m|[34;20m nipype.workflow  [0m|[34;20m [Node] Setting-up "_ds_report_carpet0" in "/local/nvme/ds004996_14.784026/ds/tmp/mriqc_wf/funcMRIQC/func_report_wf/37befc6998085bdb3fc0bfbd9058df85f999a986/ds_report_carpet/mapflow/_ds_report_carpet0".[0m
2026-03-27 02:40:54 |[34;20m INFO     [0m|[34;20m nipype.workflow  [0m|[34;20m [Node] Executing "_ds_report_carpet0" <mriqc.interfaces.DerivativesDataSink>[0m
2026-03-27 02:40:54 |[34;20m INFO     [0m|[34;20m nipype.workflow  [0m|[34;20m [Node] Finished "_ds_report_carpet0", elapsed time 0.004798s.[0m
2026-03-27 02:40:54 |[34;20m INFO     [0m|[34;20m nipype.workflow  [0m|[34;20m [Node] Setting-up "_ds_report_carpet0" in "/local/nvme/ds004996_14.784026/ds/tmp/mriqc_wf/funcMRIQC/func_report_wf/2fd8d2e4124636968a147b56ecb4074dbfbf0d7e/ds_report_carpet/mapflow/_ds_report_carpet0".[0m
2026-03-27 02:40:54 |[34;20m INFO     [0m|[34;20m nipype.workflow  [0m|[34;20m [Node] Executing "_ds_report_carpet0" <mriqc.interfaces.DerivativesDataSink>[0m
2026-03-27 02:40:54 |[34;20m INFO     [0m|[34;20m nipype.workflow  [0m|[34;20m [Node] Finished "_ds_report_carpet0", elapsed time 0.004794s.[0m
2026-03-27 02:40:56 |[34;20m INFO     [0m|[34;20m nipype.workflow  [0m|[34;20m Generating reports...[0m
2026-03-27 02:40:56 |[34;20m INFO     [0m|[34;20m nipype.workflow  [0m|[34;20m Report generation finished (3 reports).[0m
2026-03-27 02:40:56 |[33;20m IMPORTANT [0m|[33;20m mriqc            [0m|[33;20m Participant level finished successfully averaging 00h 07min 12s per subject.[0m
2026-03-27 02:40:56 |[34;20m INFO     [0m|[34;20m mriqc            [0m|[34;20m Generating BIDS derivatives metadata.[0m
----------------------------------------------------------------
  MRIQC completed (elapsed time 00h 21min 36s).
----------------------------------------------------------------

