------------------------------------------------------------------
  Running MRIQC version 24.1.0.dev0+gd5b13cb5.d20240826
  ----------------------------------------------------------------

  NOTICE
  Copyright © The NiPreps Developers.
  
  This product includes software developed by
  the NiPreps Community (https://nipreps.org/).
  
  Portions of this software were developed at the Department of
  Psychology at Stanford University, Stanford, CA, US.
  
  This software contains code ultimately derived from the
  PCP Quality Assessment Protocol (QAP;
  http://preprocessed-connectomes-project.org/quality-assessment-protocol)
  by C. Craddock, S. Giavasis, D. Clark, Z. Shezhad, and J. Pellman.
  
  This software is also distributed as a Docker container image.
  The bootstrapping file for the image ("Dockerfile") is licensed
  under the MIT License.

  ----------------------------------------------------------------

  * BIDS dataset path: /local/nvme/ds004996_31.784026/ds/sourcedata/raw.
  * Output folder: mriqc.
  * Analysis levels: ['participant'].
------------------------------------------------------------------

2026-03-27 02:36:08 |[33;20m IMPORTANT [0m|[33;20m mriqc            [0m|[33;20m Extracting metadata and entities for 3 input runs of modality 'bold'...[0m
2026-03-27 02:36:08 |[33;20m IMPORTANT [0m|[33;20m mriqc            [0m|[33;20m File size ('bold'): 0.41|0.41 GB [maximum|average].[0m
2026-03-27 02:36:08 |[34;20m INFO     [0m|[34;20m mriqc            [0m|[34;20m MRIQC config file: /local/nvme/ds004996_31.784026/ds/tmp/config-20260327-023606_a3564281-a5d0-4ec2-8ebc-dbfc2f78892c.toml.[0m
2026-03-27 02:36:13 |[34;20m INFO     [0m|[34;20m matplotlib.font_manager [0m|[34;20m generated new fontManager[0m
2026-03-27 02:36:15 |[33;20m IMPORTANT [0m|[33;20m mriqc            [0m|[33;20m Building MRIQC's workflows...[0m
2026-03-27 02:36:15 |[34;20m INFO     [0m|[34;20m nipype.workflow  [0m|[34;20m Building functional MRIQC workflow for 3 BOLD runs..[0m
2026-03-27 02:36:20 |[33;20m IMPORTANT [0m|[33;20m mriqc            [0m|[33;20m Workflow building finished (exit code 0).[0m
2026-03-27 02:36:25 |[34;20m INFO     [0m|[34;20m nipype.workflow  [0m|[34;20m Workflow mriqc_wf settings: ['check', 'execution', 'logging', 'monitoring'][0m
2026-03-27 02:36:26 |[34;20m INFO     [0m|[34;20m nipype.workflow  [0m|[34;20m [Node] Setting-up "mriqc_wf.funcMRIQC.pick_echo" in "/local/nvme/ds004996_31.784026/ds/tmp/mriqc_wf/funcMRIQC/be4e917fbef8469cf879b85b8ba581a57de57461/pick_echo".[0m
2026-03-27 02:36:26 |[34;20m INFO     [0m|[34;20m nipype.workflow  [0m|[34;20m [Node] Setting-up "_provenance0" in "/local/nvme/ds004996_31.784026/ds/tmp/mriqc_wf/funcMRIQC/ComputeIQMs/be4e917fbef8469cf879b85b8ba581a57de57461/provenance/mapflow/_provenance0".[0m
2026-03-27 02:36:26 |[34;20m INFO     [0m|[34;20m nipype.workflow  [0m|[34;20m [Node] Executing "_provenance0" <mriqc.interfaces.reports.AddProvenance>[0m
2026-03-27 02:36:26 |[34;20m INFO     [0m|[34;20m nipype.workflow  [0m|[34;20m [Node] Executing "pick_echo" <mriqc.interfaces.functional.SelectEcho>[0m
2026-03-27 02:36:26 |[34;20m INFO     [0m|[34;20m nipype.workflow  [0m|[34;20m [Node] Finished "pick_echo", elapsed time 0.000491s.[0m
2026-03-27 02:36:26 |[34;20m INFO     [0m|[34;20m nipype.workflow  [0m|[34;20m [Node] Finished "_provenance0", elapsed time 0.848808s.[0m
2026-03-27 02:36:27 |[34;20m INFO     [0m|[34;20m nipype.workflow  [0m|[34;20m [Node] Setting-up "_provenance0" in "/local/nvme/ds004996_31.784026/ds/tmp/mriqc_wf/funcMRIQC/ComputeIQMs/72ce733afd07d3d67ef089f1def8b12259af60d2/provenance/mapflow/_provenance0".[0m
2026-03-27 02:36:27 |[34;20m INFO     [0m|[34;20m nipype.workflow  [0m|[34;20m [Node] Setting-up "mriqc_wf.funcMRIQC.pick_echo" in "/local/nvme/ds004996_31.784026/ds/tmp/mriqc_wf/funcMRIQC/72ce733afd07d3d67ef089f1def8b12259af60d2/pick_echo".[0m
2026-03-27 02:36:27 |[34;20m INFO     [0m|[34;20m nipype.workflow  [0m|[34;20m [Node] Executing "_provenance0" <mriqc.interfaces.reports.AddProvenance>[0m
2026-03-27 02:36:27 |[34;20m INFO     [0m|[34;20m nipype.workflow  [0m|[34;20m [Node] Executing "pick_echo" <mriqc.interfaces.functional.SelectEcho>[0m
2026-03-27 02:36:27 |[34;20m INFO     [0m|[34;20m nipype.workflow  [0m|[34;20m [Node] Finished "pick_echo", elapsed time 0.000631s.[0m
2026-03-27 02:36:27 |[34;20m INFO     [0m|[34;20m nipype.workflow  [0m|[34;20m [Node] Finished "_provenance0", elapsed time 0.848063s.[0m
2026-03-27 02:36:28 |[34;20m INFO     [0m|[34;20m nipype.workflow  [0m|[34;20m [Node] Setting-up "_provenance0" in "/local/nvme/ds004996_31.784026/ds/tmp/mriqc_wf/funcMRIQC/ComputeIQMs/47144f6366a600846ca46ba70ba6ceaf4713d1a6/provenance/mapflow/_provenance0".[0m
2026-03-27 02:36:28 |[34;20m INFO     [0m|[34;20m nipype.workflow  [0m|[34;20m [Node] Setting-up "mriqc_wf.funcMRIQC.pick_echo" in "/local/nvme/ds004996_31.784026/ds/tmp/mriqc_wf/funcMRIQC/47144f6366a600846ca46ba70ba6ceaf4713d1a6/pick_echo".[0m
2026-03-27 02:36:28 |[34;20m INFO     [0m|[34;20m nipype.workflow  [0m|[34;20m [Node] Executing "_provenance0" <mriqc.interfaces.reports.AddProvenance>[0m
2026-03-27 02:36:28 |[34;20m INFO     [0m|[34;20m nipype.workflow  [0m|[34;20m [Node] Executing "pick_echo" <mriqc.interfaces.functional.SelectEcho>[0m
2026-03-27 02:36:28 |[34;20m INFO     [0m|[34;20m nipype.workflow  [0m|[34;20m [Node] Finished "pick_echo", elapsed time 0.000524s.[0m
2026-03-27 02:36:28 |[34;20m INFO     [0m|[34;20m nipype.workflow  [0m|[34;20m [Node] Finished "_provenance0", elapsed time 0.846131s.[0m
2026-03-27 02:36:29 |[34;20m INFO     [0m|[34;20m nipype.workflow  [0m|[34;20m [Node] Setting-up "mriqc_wf.funcMRIQC.non_steady_state_detector" in "/local/nvme/ds004996_31.784026/ds/tmp/mriqc_wf/funcMRIQC/be4e917fbef8469cf879b85b8ba581a57de57461/non_steady_state_detector".[0m
2026-03-27 02:36:29 |[34;20m INFO     [0m|[34;20m nipype.workflow  [0m|[34;20m [Node] Setting-up "mriqc_wf.funcMRIQC.non_steady_state_detector" in "/local/nvme/ds004996_31.784026/ds/tmp/mriqc_wf/funcMRIQC/72ce733afd07d3d67ef089f1def8b12259af60d2/non_steady_state_detector".[0m
2026-03-27 02:36:29 |[34;20m INFO     [0m|[34;20m nipype.workflow  [0m|[34;20m [Node] Setting-up "mriqc_wf.funcMRIQC.non_steady_state_detector" in "/local/nvme/ds004996_31.784026/ds/tmp/mriqc_wf/funcMRIQC/47144f6366a600846ca46ba70ba6ceaf4713d1a6/non_steady_state_detector".[0m
2026-03-27 02:36:29 |[34;20m INFO     [0m|[34;20m nipype.workflow  [0m|[34;20m [Node] Executing "non_steady_state_detector" <nipype.algorithms.confounds.NonSteadyStateDetector>[0m
2026-03-27 02:36:29 |[34;20m INFO     [0m|[34;20m nipype.workflow  [0m|[34;20m [Node] Executing "non_steady_state_detector" <nipype.algorithms.confounds.NonSteadyStateDetector>[0m
2026-03-27 02:36:29 |[34;20m INFO     [0m|[34;20m nipype.workflow  [0m|[34;20m [Node] Executing "non_steady_state_detector" <nipype.algorithms.confounds.NonSteadyStateDetector>[0m
2026-03-27 02:36:29 |[34;20m INFO     [0m|[34;20m nipype.workflow  [0m|[34;20m [Node] Finished "non_steady_state_detector", elapsed time 0.033668s.[0m
2026-03-27 02:36:29 |[34;20m INFO     [0m|[34;20m nipype.workflow  [0m|[34;20m [Node] Finished "non_steady_state_detector", elapsed time 0.034501s.[0m
2026-03-27 02:36:29 |[34;20m INFO     [0m|[34;20m nipype.workflow  [0m|[34;20m [Node] Finished "non_steady_state_detector", elapsed time 0.035757s.[0m
2026-03-27 02:36:31 |[34;20m INFO     [0m|[34;20m nipype.workflow  [0m|[34;20m [Node] Setting-up "_sanitize0" in "/local/nvme/ds004996_31.784026/ds/tmp/mriqc_wf/funcMRIQC/47144f6366a600846ca46ba70ba6ceaf4713d1a6/sanitize/mapflow/_sanitize0".[0m
2026-03-27 02:36:31 |[34;20m INFO     [0m|[34;20m nipype.workflow  [0m|[34;20m [Node] Setting-up "_sanitize0" in "/local/nvme/ds004996_31.784026/ds/tmp/mriqc_wf/funcMRIQC/72ce733afd07d3d67ef089f1def8b12259af60d2/sanitize/mapflow/_sanitize0".[0m
2026-03-27 02:36:31 |[34;20m INFO     [0m|[34;20m nipype.workflow  [0m|[34;20m [Node] Setting-up "_sanitize0" in "/local/nvme/ds004996_31.784026/ds/tmp/mriqc_wf/funcMRIQC/be4e917fbef8469cf879b85b8ba581a57de57461/sanitize/mapflow/_sanitize0".[0m
2026-03-27 02:36:31 |[34;20m INFO     [0m|[34;20m nipype.workflow  [0m|[34;20m [Node] Executing "_sanitize0" <niworkflows.interfaces.header.SanitizeImage>[0m
2026-03-27 02:36:31 |[34;20m INFO     [0m|[34;20m nipype.workflow  [0m|[34;20m [Node] Executing "_sanitize0" <niworkflows.interfaces.header.SanitizeImage>[0m
2026-03-27 02:36:31 |[34;20m INFO     [0m|[34;20m nipype.workflow  [0m|[34;20m [Node] Executing "_sanitize0" <niworkflows.interfaces.header.SanitizeImage>[0m
2026-03-27 02:36:31 |[34;20m INFO     [0m|[34;20m nipype.workflow  [0m|[34;20m [Node] Finished "_sanitize0", elapsed time 0.003638s.[0m
2026-03-27 02:36:31 |[34;20m INFO     [0m|[34;20m nipype.workflow  [0m|[34;20m [Node] Finished "_sanitize0", elapsed time 0.003978s.[0m
2026-03-27 02:36:31 |[34;20m INFO     [0m|[34;20m nipype.workflow  [0m|[34;20m [Node] Finished "_sanitize0", elapsed time 0.00342s.[0m
2026-03-27 02:36:33 |[34;20m INFO     [0m|[34;20m nipype.workflow  [0m|[34;20m [Node] Setting-up "mriqc_wf.funcMRIQC.fMRI_HMC.estimate_hm" in "/local/nvme/ds004996_31.784026/ds/tmp/mriqc_wf/funcMRIQC/fMRI_HMC/be4e917fbef8469cf879b85b8ba581a57de57461/estimate_hm".[0m
2026-03-27 02:36:33 |[34;20m INFO     [0m|[34;20m nipype.workflow  [0m|[34;20m [Node] Setting-up "mriqc_wf.funcMRIQC.fMRI_HMC.estimate_hm" in "/local/nvme/ds004996_31.784026/ds/tmp/mriqc_wf/funcMRIQC/fMRI_HMC/72ce733afd07d3d67ef089f1def8b12259af60d2/estimate_hm".[0m
2026-03-27 02:36:33 |[34;20m INFO     [0m|[34;20m nipype.workflow  [0m|[34;20m [Node] Setting-up "mriqc_wf.funcMRIQC.fMRI_HMC.estimate_hm" in "/local/nvme/ds004996_31.784026/ds/tmp/mriqc_wf/funcMRIQC/fMRI_HMC/47144f6366a600846ca46ba70ba6ceaf4713d1a6/estimate_hm".[0m
2026-03-27 02:36:33 |[34;20m INFO     [0m|[34;20m nipype.workflow  [0m|[34;20m [Node] Executing "estimate_hm" <nipype.interfaces.afni.preprocess.Volreg>[0m
2026-03-27 02:36:33 |[34;20m INFO     [0m|[34;20m nipype.workflow  [0m|[34;20m [Node] Executing "estimate_hm" <nipype.interfaces.afni.preprocess.Volreg>[0m
2026-03-27 02:36:33 |[34;20m INFO     [0m|[34;20m nipype.workflow  [0m|[34;20m [Node] Executing "estimate_hm" <nipype.interfaces.afni.preprocess.Volreg>[0m
2026-03-27 02:36:33 |[34;20m INFO     [0m|[34;20m nipype.workflow  [0m|[34;20m [Node] Setting-up "_SpikesMask0" in "/local/nvme/ds004996_31.784026/ds/tmp/mriqc_wf/funcMRIQC/func_report_wf/47144f6366a600846ca46ba70ba6ceaf4713d1a6/SpikesMask/mapflow/_SpikesMask0".[0m
2026-03-27 02:36:33 |[34;20m INFO     [0m|[34;20m nipype.workflow  [0m|[34;20m [Node] Setting-up "_SpikesMask0" in "/local/nvme/ds004996_31.784026/ds/tmp/mriqc_wf/funcMRIQC/func_report_wf/be4e917fbef8469cf879b85b8ba581a57de57461/SpikesMask/mapflow/_SpikesMask0".[0m
2026-03-27 02:36:33 |[34;20m INFO     [0m|[34;20m nipype.workflow  [0m|[34;20m [Node] Setting-up "_SpikesMask0" in "/local/nvme/ds004996_31.784026/ds/tmp/mriqc_wf/funcMRIQC/func_report_wf/72ce733afd07d3d67ef089f1def8b12259af60d2/SpikesMask/mapflow/_SpikesMask0".[0m
2026-03-27 02:36:33 |[34;20m INFO     [0m|[34;20m nipype.workflow  [0m|[34;20m [Node] Executing "_SpikesMask0" <nipype.interfaces.utility.wrappers.Function>[0m
2026-03-27 02:36:33 |[34;20m INFO     [0m|[34;20m nipype.workflow  [0m|[34;20m [Node] Executing "_SpikesMask0" <nipype.interfaces.utility.wrappers.Function>[0m
2026-03-27 02:36:33 |[34;20m INFO     [0m|[34;20m nipype.workflow  [0m|[34;20m [Node] Executing "_SpikesMask0" <nipype.interfaces.utility.wrappers.Function>[0m
2026-03-27 02:36:34 |[34;20m INFO     [0m|[34;20m nipype.workflow  [0m|[34;20m [Node] Finished "_SpikesMask0", elapsed time 1.649737s.[0m
2026-03-27 02:36:34 |[34;20m INFO     [0m|[34;20m nipype.workflow  [0m|[34;20m [Node] Finished "_SpikesMask0", elapsed time 1.6543s.[0m
2026-03-27 02:36:35 |[34;20m INFO     [0m|[34;20m nipype.workflow  [0m|[34;20m [Node] Setting-up "_SpikesFinderBgMask0" in "/local/nvme/ds004996_31.784026/ds/tmp/mriqc_wf/funcMRIQC/func_report_wf/be4e917fbef8469cf879b85b8ba581a57de57461/SpikesFinderBgMask/mapflow/_SpikesFinderBgMask0".[0m
2026-03-27 02:36:35 |[34;20m INFO     [0m|[34;20m nipype.workflow  [0m|[34;20m [Node] Setting-up "_SpikesFinderBgMask0" in "/local/nvme/ds004996_31.784026/ds/tmp/mriqc_wf/funcMRIQC/func_report_wf/72ce733afd07d3d67ef089f1def8b12259af60d2/SpikesFinderBgMask/mapflow/_SpikesFinderBgMask0".[0m
2026-03-27 02:36:35 |[34;20m INFO     [0m|[34;20m nipype.workflow  [0m|[34;20m [Node] Executing "_SpikesFinderBgMask0" <mriqc.interfaces.functional.Spikes>[0m
2026-03-27 02:36:35 |[34;20m INFO     [0m|[34;20m nipype.workflow  [0m|[34;20m [Node] Executing "_SpikesFinderBgMask0" <mriqc.interfaces.functional.Spikes>[0m
2026-03-27 02:36:35 |[34;20m INFO     [0m|[34;20m nipype.workflow  [0m|[34;20m [Node] Finished "_SpikesMask0", elapsed time 2.009978s.[0m
2026-03-27 02:36:37 |[34;20m INFO     [0m|[34;20m nipype.workflow  [0m|[34;20m [Node] Setting-up "_SpikesFinderBgMask0" in "/local/nvme/ds004996_31.784026/ds/tmp/mriqc_wf/funcMRIQC/func_report_wf/47144f6366a600846ca46ba70ba6ceaf4713d1a6/SpikesFinderBgMask/mapflow/_SpikesFinderBgMask0".[0m
2026-03-27 02:36:37 |[34;20m INFO     [0m|[34;20m nipype.workflow  [0m|[34;20m [Node] Executing "_SpikesFinderBgMask0" <mriqc.interfaces.functional.Spikes>[0m
2026-03-27 02:36:38 |[34;20m INFO     [0m|[34;20m nipype.workflow  [0m|[34;20m [Node] Finished "_SpikesFinderBgMask0", elapsed time 3.623002s.[0m
2026-03-27 02:36:38 |[34;20m INFO     [0m|[34;20m nipype.workflow  [0m|[34;20m [Node] Finished "_SpikesFinderBgMask0", elapsed time 3.641476s.[0m
2026-03-27 02:36:39 |[34;20m INFO     [0m|[34;20m nipype.workflow  [0m|[34;20m [Node] Finished "_SpikesFinderBgMask0", elapsed time 2.743737s.[0m
2026-03-27 02:51:06 |[34;20m INFO     [0m|[34;20m nipype.workflow  [0m|[34;20m [Node] Finished "estimate_hm", elapsed time 873.310774s.[0m
2026-03-27 02:51:07 |[34;20m INFO     [0m|[34;20m nipype.workflow  [0m|[34;20m [Node] Setting-up "mriqc_wf.funcMRIQC.fMRI_HMC.ComputeFD" in "/local/nvme/ds004996_31.784026/ds/tmp/mriqc_wf/funcMRIQC/fMRI_HMC/47144f6366a600846ca46ba70ba6ceaf4713d1a6/ComputeFD".[0m
2026-03-27 02:51:07 |[34;20m INFO     [0m|[34;20m nipype.workflow  [0m|[34;20m [Node] Executing "ComputeFD" <nipype.algorithms.confounds.FramewiseDisplacement>[0m
2026-03-27 02:51:07 |[34;20m INFO     [0m|[34;20m nipype.workflow  [0m|[34;20m [Node] Finished "ComputeFD", elapsed time 0.009308s.[0m
2026-03-27 02:51:09 |[34;20m INFO     [0m|[34;20m nipype.workflow  [0m|[34;20m [Node] Finished "estimate_hm", elapsed time 876.138122s.[0m
2026-03-27 02:51:11 |[34;20m INFO     [0m|[34;20m nipype.workflow  [0m|[34;20m [Node] Setting-up "mriqc_wf.funcMRIQC.fMRI_HMC.ComputeFD" in "/local/nvme/ds004996_31.784026/ds/tmp/mriqc_wf/funcMRIQC/fMRI_HMC/72ce733afd07d3d67ef089f1def8b12259af60d2/ComputeFD".[0m
2026-03-27 02:51:11 |[34;20m INFO     [0m|[34;20m nipype.workflow  [0m|[34;20m [Node] Executing "ComputeFD" <nipype.algorithms.confounds.FramewiseDisplacement>[0m
2026-03-27 02:51:11 |[34;20m INFO     [0m|[34;20m nipype.workflow  [0m|[34;20m [Node] Finished "ComputeFD", elapsed time 0.006691s.[0m
2026-03-27 02:51:11 |[34;20m INFO     [0m|[34;20m nipype.workflow  [0m|[34;20m [Node] Finished "estimate_hm", elapsed time 878.591975s.[0m
2026-03-27 02:51:13 |[34;20m INFO     [0m|[34;20m nipype.workflow  [0m|[34;20m [Node] Setting-up "_apply_hmc0" in "/local/nvme/ds004996_31.784026/ds/tmp/mriqc_wf/funcMRIQC/fMRI_HMC/be4e917fbef8469cf879b85b8ba581a57de57461/apply_hmc/mapflow/_apply_hmc0".[0m
2026-03-27 02:51:13 |[34;20m INFO     [0m|[34;20m nipype.workflow  [0m|[34;20m [Node] Executing "_apply_hmc0" <nipype.interfaces.utility.wrappers.Function>[0m
2026-03-27 02:51:32 |[34;20m INFO     [0m|[34;20m nipype.workflow  [0m|[34;20m [Node] Finished "_apply_hmc0", elapsed time 19.56257s.[0m
2026-03-27 02:51:33 |[34;20m INFO     [0m|[34;20m nipype.workflow  [0m|[34;20m [Node] Setting-up "mriqc_wf.funcMRIQC.fMRI_HMC.ComputeFD" in "/local/nvme/ds004996_31.784026/ds/tmp/mriqc_wf/funcMRIQC/fMRI_HMC/be4e917fbef8469cf879b85b8ba581a57de57461/ComputeFD".[0m
2026-03-27 02:51:33 |[34;20m INFO     [0m|[34;20m nipype.workflow  [0m|[34;20m [Node] Executing "ComputeFD" <nipype.algorithms.confounds.FramewiseDisplacement>[0m
2026-03-27 02:51:33 |[34;20m INFO     [0m|[34;20m nipype.workflow  [0m|[34;20m [Node] Setting-up "_mean0" in "/local/nvme/ds004996_31.784026/ds/tmp/mriqc_wf/funcMRIQC/be4e917fbef8469cf879b85b8ba581a57de57461/mean/mapflow/_mean0".[0m
2026-03-27 02:51:33 |[34;20m INFO     [0m|[34;20m nipype.workflow  [0m|[34;20m [Node] Executing "_mean0" <nipype.interfaces.afni.utils.TStat>[0m
2026-03-27 02:51:33 |[34;20m INFO     [0m|[34;20m nipype.workflow  [0m|[34;20m [Node] Setting-up "_compute_tsnr0" in "/local/nvme/ds004996_31.784026/ds/tmp/mriqc_wf/funcMRIQC/be4e917fbef8469cf879b85b8ba581a57de57461/compute_tsnr/mapflow/_compute_tsnr0".[0m
2026-03-27 02:51:33 |[34;20m INFO     [0m|[34;20m nipype.workflow  [0m|[34;20m [Node] Setting-up "_quality0" in "/local/nvme/ds004996_31.784026/ds/tmp/mriqc_wf/funcMRIQC/ComputeIQMs/be4e917fbef8469cf879b85b8ba581a57de57461/quality/mapflow/_quality0".[0m
2026-03-27 02:51:33 |[34;20m INFO     [0m|[34;20m nipype.workflow  [0m|[34;20m [Node] Executing "_compute_tsnr0" <nipype.algorithms.confounds.TSNR>[0m
2026-03-27 02:51:33 |[34;20m INFO     [0m|[34;20m nipype.workflow  [0m|[34;20m [Node] Executing "_quality0" <nipype.interfaces.afni.preprocess.QualityIndex>[0m
2026-03-27 02:51:33 |[34;20m INFO     [0m|[34;20m nipype.workflow  [0m|[34;20m [Node] Finished "ComputeFD", elapsed time 0.006768s.[0m
2026-03-27 02:51:34 |[34;20m INFO     [0m|[34;20m nipype.workflow  [0m|[34;20m [Node] Finished "_compute_tsnr0", elapsed time 1.357234s.[0m
2026-03-27 02:51:35 |[34;20m INFO     [0m|[34;20m nipype.workflow  [0m|[34;20m [Node] Setting-up "_PlotMosaicSD0" in "/local/nvme/ds004996_31.784026/ds/tmp/mriqc_wf/funcMRIQC/func_report_wf/be4e917fbef8469cf879b85b8ba581a57de57461/PlotMosaicSD/mapflow/_PlotMosaicSD0".[0m
2026-03-27 02:51:35 |[34;20m INFO     [0m|[34;20m nipype.workflow  [0m|[34;20m [Node] Executing "_PlotMosaicSD0" <nireports.interfaces.mosaic.PlotMosaic>[0m
2026-03-27 02:51:36 |[34;20m INFO     [0m|[34;20m nipype.workflow  [0m|[34;20m [Node] Finished "_mean0", elapsed time 2.884982s.[0m
2026-03-27 02:51:36 |[34;20m INFO     [0m|[34;20m nipype.workflow  [0m|[34;20m [Node] Finished "_PlotMosaicSD0", elapsed time 1.4261650000000001s.[0m
2026-03-27 02:51:37 |[34;20m INFO     [0m|[34;20m nipype.workflow  [0m|[34;20m [Node] Setting-up "mriqc_wf.funcMRIQC.synthstrip_wf.pre_clip" in "/local/nvme/ds004996_31.784026/ds/tmp/mriqc_wf/funcMRIQC/synthstrip_wf/be4e917fbef8469cf879b85b8ba581a57de57461/pre_clip".[0m
2026-03-27 02:51:37 |[34;20m INFO     [0m|[34;20m nipype.workflow  [0m|[34;20m [Node] Setting-up "mriqc_wf.funcMRIQC.SpatialNormalization.SharpenEPI" in "/local/nvme/ds004996_31.784026/ds/tmp/mriqc_wf/funcMRIQC/SpatialNormalization/be4e917fbef8469cf879b85b8ba581a57de57461/SharpenEPI".[0m
2026-03-27 02:51:37 |[34;20m INFO     [0m|[34;20m nipype.workflow  [0m|[34;20m [Node] Executing "pre_clip" <niworkflows.interfaces.nibabel.IntensityClip>[0m
2026-03-27 02:51:37 |[34;20m INFO     [0m|[34;20m nipype.workflow  [0m|[34;20m [Node] Executing "SharpenEPI" <nipype.interfaces.ants.segmentation.N4BiasFieldCorrection>[0m
2026-03-27 02:51:37 |[34;20m INFO     [0m|[34;20m nipype.workflow  [0m|[34;20m [Node] Setting-up "_PlotMosaicMean0" in "/local/nvme/ds004996_31.784026/ds/tmp/mriqc_wf/funcMRIQC/func_report_wf/be4e917fbef8469cf879b85b8ba581a57de57461/PlotMosaicMean/mapflow/_PlotMosaicMean0".[0m
2026-03-27 02:51:37 |[34;20m INFO     [0m|[34;20m nipype.workflow  [0m|[34;20m [Node] Executing "_PlotMosaicMean0" <nireports.interfaces.mosaic.PlotMosaic>[0m
2026-03-27 02:51:37 |[34;20m INFO     [0m|[34;20m nipype.workflow  [0m|[34;20m [Node] Setting-up "_PlotMosaicNoise0" in "/local/nvme/ds004996_31.784026/ds/tmp/mriqc_wf/funcMRIQC/func_report_wf/be4e917fbef8469cf879b85b8ba581a57de57461/PlotMosaicNoise/mapflow/_PlotMosaicNoise0".[0m
2026-03-27 02:51:37 |[34;20m INFO     [0m|[34;20m nipype.workflow  [0m|[34;20m [Node] Executing "_PlotMosaicNoise0" <nireports.interfaces.mosaic.PlotMosaic>[0m
2026-03-27 02:51:37 |[34;20m INFO     [0m|[34;20m nipype.workflow  [0m|[34;20m [Node] Setting-up "_ds_report_stdev0" in "/local/nvme/ds004996_31.784026/ds/tmp/mriqc_wf/funcMRIQC/func_report_wf/be4e917fbef8469cf879b85b8ba581a57de57461/ds_report_stdev/mapflow/_ds_report_stdev0".[0m
2026-03-27 02:51:37 |[34;20m INFO     [0m|[34;20m nipype.workflow  [0m|[34;20m [Node] Executing "_ds_report_stdev0" <mriqc.interfaces.DerivativesDataSink>[0m
2026-03-27 02:51:37 |[34;20m INFO     [0m|[34;20m nipype.workflow  [0m|[34;20m [Node] Finished "_ds_report_stdev0", elapsed time 0.008391s.[0m
2026-03-27 02:51:37 |[34;20m INFO     [0m|[34;20m nipype.workflow  [0m|[34;20m [Node] Finished "pre_clip", elapsed time 0.767042s.[0m
2026-03-27 02:51:38 |[34;20m INFO     [0m|[34;20m nipype.workflow  [0m|[34;20m [Node] Finished "_PlotMosaicMean0", elapsed time 1.371875s.[0m
2026-03-27 02:51:38 |[34;20m INFO     [0m|[34;20m nipype.workflow  [0m|[34;20m [Node] Finished "_PlotMosaicNoise0", elapsed time 1.486545s.[0m
2026-03-27 02:51:39 |[34;20m INFO     [0m|[34;20m nipype.workflow  [0m|[34;20m [Node] Setting-up "_ds_report_mean0" in "/local/nvme/ds004996_31.784026/ds/tmp/mriqc_wf/funcMRIQC/func_report_wf/be4e917fbef8469cf879b85b8ba581a57de57461/ds_report_mean/mapflow/_ds_report_mean0".[0m
2026-03-27 02:51:39 |[34;20m INFO     [0m|[34;20m nipype.workflow  [0m|[34;20m [Node] Executing "_ds_report_mean0" <mriqc.interfaces.DerivativesDataSink>[0m
2026-03-27 02:51:39 |[34;20m INFO     [0m|[34;20m nipype.workflow  [0m|[34;20m [Node] Finished "_ds_report_mean0", elapsed time 0.004978s.[0m
2026-03-27 02:51:39 |[34;20m INFO     [0m|[34;20m nipype.workflow  [0m|[34;20m [Node] Setting-up "_ds_report_background0" in "/local/nvme/ds004996_31.784026/ds/tmp/mriqc_wf/funcMRIQC/func_report_wf/be4e917fbef8469cf879b85b8ba581a57de57461/ds_report_background/mapflow/_ds_report_background0".[0m
2026-03-27 02:51:39 |[34;20m INFO     [0m|[34;20m nipype.workflow  [0m|[34;20m [Node] Executing "_ds_report_background0" <mriqc.interfaces.DerivativesDataSink>[0m
2026-03-27 02:51:39 |[34;20m INFO     [0m|[34;20m nipype.workflow  [0m|[34;20m [Node] Finished "_ds_report_background0", elapsed time 0.004959s.[0m
2026-03-27 02:51:41 |[34;20m INFO     [0m|[34;20m nipype.workflow  [0m|[34;20m [Node] Finished "SharpenEPI", elapsed time 4.09646s.[0m
2026-03-27 02:51:43 |[34;20m INFO     [0m|[34;20m nipype.workflow  [0m|[34;20m [Node] Finished "_quality0", elapsed time 10.324119s.[0m
2026-03-27 02:51:45 |[34;20m INFO     [0m|[34;20m nipype.workflow  [0m|[34;20m [Node] Setting-up "_apply_hmc0" in "/local/nvme/ds004996_31.784026/ds/tmp/mriqc_wf/funcMRIQC/fMRI_HMC/72ce733afd07d3d67ef089f1def8b12259af60d2/apply_hmc/mapflow/_apply_hmc0".[0m
2026-03-27 02:51:45 |[34;20m INFO     [0m|[34;20m nipype.workflow  [0m|[34;20m [Node] Executing "_apply_hmc0" <nipype.interfaces.utility.wrappers.Function>[0m
2026-03-27 02:52:04 |[34;20m INFO     [0m|[34;20m nipype.workflow  [0m|[34;20m [Node] Finished "_apply_hmc0", elapsed time 19.185614s.[0m
2026-03-27 02:52:05 |[34;20m INFO     [0m|[34;20m nipype.workflow  [0m|[34;20m [Node] Setting-up "_apply_hmc0" in "/local/nvme/ds004996_31.784026/ds/tmp/mriqc_wf/funcMRIQC/fMRI_HMC/47144f6366a600846ca46ba70ba6ceaf4713d1a6/apply_hmc/mapflow/_apply_hmc0".[0m
2026-03-27 02:52:05 |[34;20m INFO     [0m|[34;20m nipype.workflow  [0m|[34;20m [Node] Executing "_apply_hmc0" <nipype.interfaces.utility.wrappers.Function>[0m
2026-03-27 02:52:23 |[34;20m INFO     [0m|[34;20m nipype.workflow  [0m|[34;20m [Node] Finished "_apply_hmc0", elapsed time 18.764809s.[0m
2026-03-27 02:52:25 |[34;20m INFO     [0m|[34;20m nipype.workflow  [0m|[34;20m [Node] Setting-up "_mean0" in "/local/nvme/ds004996_31.784026/ds/tmp/mriqc_wf/funcMRIQC/72ce733afd07d3d67ef089f1def8b12259af60d2/mean/mapflow/_mean0".[0m
2026-03-27 02:52:25 |[34;20m INFO     [0m|[34;20m nipype.workflow  [0m|[34;20m [Node] Setting-up "_quality0" in "/local/nvme/ds004996_31.784026/ds/tmp/mriqc_wf/funcMRIQC/ComputeIQMs/72ce733afd07d3d67ef089f1def8b12259af60d2/quality/mapflow/_quality0".[0m
2026-03-27 02:52:25 |[34;20m INFO     [0m|[34;20m nipype.workflow  [0m|[34;20m [Node] Setting-up "_compute_tsnr0" in "/local/nvme/ds004996_31.784026/ds/tmp/mriqc_wf/funcMRIQC/72ce733afd07d3d67ef089f1def8b12259af60d2/compute_tsnr/mapflow/_compute_tsnr0".[0m
2026-03-27 02:52:25 |[34;20m INFO     [0m|[34;20m nipype.workflow  [0m|[34;20m [Node] Executing "_mean0" <nipype.interfaces.afni.utils.TStat>[0m
2026-03-27 02:52:25 |[34;20m INFO     [0m|[34;20m nipype.workflow  [0m|[34;20m [Node] Executing "_quality0" <nipype.interfaces.afni.preprocess.QualityIndex>[0m
2026-03-27 02:52:25 |[34;20m INFO     [0m|[34;20m nipype.workflow  [0m|[34;20m [Node] Setting-up "_mean0" in "/local/nvme/ds004996_31.784026/ds/tmp/mriqc_wf/funcMRIQC/47144f6366a600846ca46ba70ba6ceaf4713d1a6/mean/mapflow/_mean0".[0m
2026-03-27 02:52:25 |[34;20m INFO     [0m|[34;20m nipype.workflow  [0m|[34;20m [Node] Executing "_compute_tsnr0" <nipype.algorithms.confounds.TSNR>[0m
2026-03-27 02:52:25 |[34;20m INFO     [0m|[34;20m nipype.workflow  [0m|[34;20m [Node] Setting-up "_compute_tsnr0" in "/local/nvme/ds004996_31.784026/ds/tmp/mriqc_wf/funcMRIQC/47144f6366a600846ca46ba70ba6ceaf4713d1a6/compute_tsnr/mapflow/_compute_tsnr0".[0m
2026-03-27 02:52:25 |[34;20m INFO     [0m|[34;20m nipype.workflow  [0m|[34;20m [Node] Executing "_mean0" <nipype.interfaces.afni.utils.TStat>[0m
2026-03-27 02:52:25 |[34;20m INFO     [0m|[34;20m nipype.workflow  [0m|[34;20m [Node] Setting-up "_quality0" in "/local/nvme/ds004996_31.784026/ds/tmp/mriqc_wf/funcMRIQC/ComputeIQMs/47144f6366a600846ca46ba70ba6ceaf4713d1a6/quality/mapflow/_quality0".[0m
2026-03-27 02:52:25 |[34;20m INFO     [0m|[34;20m nipype.workflow  [0m|[34;20m [Node] Executing "_compute_tsnr0" <nipype.algorithms.confounds.TSNR>[0m
2026-03-27 02:52:25 |[34;20m INFO     [0m|[34;20m nipype.workflow  [0m|[34;20m [Node] Executing "_quality0" <nipype.interfaces.afni.preprocess.QualityIndex>[0m
2026-03-27 02:52:26 |[34;20m INFO     [0m|[34;20m nipype.workflow  [0m|[34;20m [Node] Finished "_compute_tsnr0", elapsed time 1.493535s.[0m
2026-03-27 02:52:26 |[34;20m INFO     [0m|[34;20m nipype.workflow  [0m|[34;20m [Node] Finished "_compute_tsnr0", elapsed time 1.536459s.[0m
2026-03-27 02:52:27 |[34;20m INFO     [0m|[34;20m nipype.workflow  [0m|[34;20m [Node] Setting-up "_PlotMosaicSD0" in "/local/nvme/ds004996_31.784026/ds/tmp/mriqc_wf/funcMRIQC/func_report_wf/47144f6366a600846ca46ba70ba6ceaf4713d1a6/PlotMosaicSD/mapflow/_PlotMosaicSD0".[0m
2026-03-27 02:52:27 |[34;20m INFO     [0m|[34;20m nipype.workflow  [0m|[34;20m [Node] Executing "_PlotMosaicSD0" <nireports.interfaces.mosaic.PlotMosaic>[0m
2026-03-27 02:52:27 |[34;20m INFO     [0m|[34;20m nipype.workflow  [0m|[34;20m [Node] Setting-up "_PlotMosaicSD0" in "/local/nvme/ds004996_31.784026/ds/tmp/mriqc_wf/funcMRIQC/func_report_wf/72ce733afd07d3d67ef089f1def8b12259af60d2/PlotMosaicSD/mapflow/_PlotMosaicSD0".[0m
2026-03-27 02:52:27 |[34;20m INFO     [0m|[34;20m nipype.workflow  [0m|[34;20m [Node] Executing "_PlotMosaicSD0" <nireports.interfaces.mosaic.PlotMosaic>[0m
2026-03-27 02:52:28 |[34;20m INFO     [0m|[34;20m nipype.workflow  [0m|[34;20m [Node] Finished "_mean0", elapsed time 2.9811769999999997s.[0m
2026-03-27 02:52:28 |[34;20m INFO     [0m|[34;20m nipype.workflow  [0m|[34;20m [Node] Finished "_mean0", elapsed time 3.07806s.[0m
2026-03-27 02:52:28 |[34;20m INFO     [0m|[34;20m nipype.workflow  [0m|[34;20m [Node] Finished "_PlotMosaicSD0", elapsed time 1.3005689999999999s.[0m
2026-03-27 02:52:28 |[34;20m INFO     [0m|[34;20m nipype.workflow  [0m|[34;20m [Node] Finished "_PlotMosaicSD0", elapsed time 1.393499s.[0m
2026-03-27 02:52:29 |[34;20m INFO     [0m|[34;20m nipype.workflow  [0m|[34;20m [Node] Setting-up "mriqc_wf.funcMRIQC.synthstrip_wf.pre_clip" in "/local/nvme/ds004996_31.784026/ds/tmp/mriqc_wf/funcMRIQC/synthstrip_wf/72ce733afd07d3d67ef089f1def8b12259af60d2/pre_clip".[0m
2026-03-27 02:52:29 |[34;20m INFO     [0m|[34;20m nipype.workflow  [0m|[34;20m [Node] Setting-up "mriqc_wf.funcMRIQC.SpatialNormalization.SharpenEPI" in "/local/nvme/ds004996_31.784026/ds/tmp/mriqc_wf/funcMRIQC/SpatialNormalization/72ce733afd07d3d67ef089f1def8b12259af60d2/SharpenEPI".[0m
2026-03-27 02:52:29 |[34;20m INFO     [0m|[34;20m nipype.workflow  [0m|[34;20m [Node] Executing "pre_clip" <niworkflows.interfaces.nibabel.IntensityClip>[0m
2026-03-27 02:52:29 |[34;20m INFO     [0m|[34;20m nipype.workflow  [0m|[34;20m [Node] Setting-up "mriqc_wf.funcMRIQC.synthstrip_wf.pre_clip" in "/local/nvme/ds004996_31.784026/ds/tmp/mriqc_wf/funcMRIQC/synthstrip_wf/47144f6366a600846ca46ba70ba6ceaf4713d1a6/pre_clip".[0m
2026-03-27 02:52:29 |[34;20m INFO     [0m|[34;20m nipype.workflow  [0m|[34;20m [Node] Executing "SharpenEPI" <nipype.interfaces.ants.segmentation.N4BiasFieldCorrection>[0m
2026-03-27 02:52:29 |[34;20m INFO     [0m|[34;20m nipype.workflow  [0m|[34;20m [Node] Setting-up "_PlotMosaicMean0" in "/local/nvme/ds004996_31.784026/ds/tmp/mriqc_wf/funcMRIQC/func_report_wf/72ce733afd07d3d67ef089f1def8b12259af60d2/PlotMosaicMean/mapflow/_PlotMosaicMean0".[0m
2026-03-27 02:52:29 |[34;20m INFO     [0m|[34;20m nipype.workflow  [0m|[34;20m [Node] Executing "pre_clip" <niworkflows.interfaces.nibabel.IntensityClip>[0m
2026-03-27 02:52:29 |[34;20m INFO     [0m|[34;20m nipype.workflow  [0m|[34;20m [Node] Setting-up "_PlotMosaicNoise0" in "/local/nvme/ds004996_31.784026/ds/tmp/mriqc_wf/funcMRIQC/func_report_wf/72ce733afd07d3d67ef089f1def8b12259af60d2/PlotMosaicNoise/mapflow/_PlotMosaicNoise0".[0m
2026-03-27 02:52:29 |[34;20m INFO     [0m|[34;20m nipype.workflow  [0m|[34;20m [Node] Executing "_PlotMosaicMean0" <nireports.interfaces.mosaic.PlotMosaic>[0m
2026-03-27 02:52:29 |[34;20m INFO     [0m|[34;20m nipype.workflow  [0m|[34;20m [Node] Executing "_PlotMosaicNoise0" <nireports.interfaces.mosaic.PlotMosaic>[0m
2026-03-27 02:52:29 |[34;20m INFO     [0m|[34;20m nipype.workflow  [0m|[34;20m [Node] Setting-up "mriqc_wf.funcMRIQC.SpatialNormalization.SharpenEPI" in "/local/nvme/ds004996_31.784026/ds/tmp/mriqc_wf/funcMRIQC/SpatialNormalization/47144f6366a600846ca46ba70ba6ceaf4713d1a6/SharpenEPI".[0m
2026-03-27 02:52:29 |[34;20m INFO     [0m|[34;20m nipype.workflow  [0m|[34;20m [Node] Executing "SharpenEPI" <nipype.interfaces.ants.segmentation.N4BiasFieldCorrection>[0m
2026-03-27 02:52:29 |[34;20m INFO     [0m|[34;20m nipype.workflow  [0m|[34;20m [Node] Finished "pre_clip", elapsed time 0.710852s.[0m
2026-03-27 02:52:29 |[34;20m INFO     [0m|[34;20m nipype.workflow  [0m|[34;20m [Node] Finished "pre_clip", elapsed time 0.71185s.[0m
2026-03-27 02:52:30 |[34;20m INFO     [0m|[34;20m nipype.workflow  [0m|[34;20m [Node] Finished "_PlotMosaicNoise0", elapsed time 1.2568380000000001s.[0m
2026-03-27 02:52:30 |[34;20m INFO     [0m|[34;20m nipype.workflow  [0m|[34;20m [Node] Finished "_PlotMosaicMean0", elapsed time 1.294733s.[0m
2026-03-27 02:52:31 |[34;20m INFO     [0m|[34;20m nipype.workflow  [0m|[34;20m [Node] Setting-up "_PlotMosaicNoise0" in "/local/nvme/ds004996_31.784026/ds/tmp/mriqc_wf/funcMRIQC/func_report_wf/47144f6366a600846ca46ba70ba6ceaf4713d1a6/PlotMosaicNoise/mapflow/_PlotMosaicNoise0".[0m
2026-03-27 02:52:31 |[34;20m INFO     [0m|[34;20m nipype.workflow  [0m|[34;20m [Node] Setting-up "_PlotMosaicMean0" in "/local/nvme/ds004996_31.784026/ds/tmp/mriqc_wf/funcMRIQC/func_report_wf/47144f6366a600846ca46ba70ba6ceaf4713d1a6/PlotMosaicMean/mapflow/_PlotMosaicMean0".[0m
2026-03-27 02:52:31 |[34;20m INFO     [0m|[34;20m nipype.workflow  [0m|[34;20m [Node] Executing "_PlotMosaicNoise0" <nireports.interfaces.mosaic.PlotMosaic>[0m
2026-03-27 02:52:31 |[34;20m INFO     [0m|[34;20m nipype.workflow  [0m|[34;20m [Node] Executing "_PlotMosaicMean0" <nireports.interfaces.mosaic.PlotMosaic>[0m
2026-03-27 02:52:31 |[34;20m INFO     [0m|[34;20m nipype.workflow  [0m|[34;20m [Node] Setting-up "_ds_report_mean0" in "/local/nvme/ds004996_31.784026/ds/tmp/mriqc_wf/funcMRIQC/func_report_wf/72ce733afd07d3d67ef089f1def8b12259af60d2/ds_report_mean/mapflow/_ds_report_mean0".[0m
2026-03-27 02:52:31 |[34;20m INFO     [0m|[34;20m nipype.workflow  [0m|[34;20m [Node] Executing "_ds_report_mean0" <mriqc.interfaces.DerivativesDataSink>[0m
2026-03-27 02:52:31 |[34;20m INFO     [0m|[34;20m nipype.workflow  [0m|[34;20m [Node] Finished "_ds_report_mean0", elapsed time 0.00547s.[0m
2026-03-27 02:52:31 |[34;20m INFO     [0m|[34;20m nipype.workflow  [0m|[34;20m [Node] Setting-up "_ds_report_background0" in "/local/nvme/ds004996_31.784026/ds/tmp/mriqc_wf/funcMRIQC/func_report_wf/72ce733afd07d3d67ef089f1def8b12259af60d2/ds_report_background/mapflow/_ds_report_background0".[0m
2026-03-27 02:52:31 |[34;20m INFO     [0m|[34;20m nipype.workflow  [0m|[34;20m [Node] Executing "_ds_report_background0" <mriqc.interfaces.DerivativesDataSink>[0m
2026-03-27 02:52:31 |[34;20m INFO     [0m|[34;20m nipype.workflow  [0m|[34;20m [Node] Finished "_ds_report_background0", elapsed time 0.005763s.[0m
2026-03-27 02:52:31 |[34;20m INFO     [0m|[34;20m nipype.workflow  [0m|[34;20m [Node] Setting-up "_ds_report_stdev0" in "/local/nvme/ds004996_31.784026/ds/tmp/mriqc_wf/funcMRIQC/func_report_wf/72ce733afd07d3d67ef089f1def8b12259af60d2/ds_report_stdev/mapflow/_ds_report_stdev0".[0m
2026-03-27 02:52:31 |[34;20m INFO     [0m|[34;20m nipype.workflow  [0m|[34;20m [Node] Executing "_ds_report_stdev0" <mriqc.interfaces.DerivativesDataSink>[0m
2026-03-27 02:52:31 |[34;20m INFO     [0m|[34;20m nipype.workflow  [0m|[34;20m [Node] Finished "_ds_report_stdev0", elapsed time 0.005061s.[0m
2026-03-27 02:52:31 |[34;20m INFO     [0m|[34;20m nipype.workflow  [0m|[34;20m [Node] Setting-up "_ds_report_stdev0" in "/local/nvme/ds004996_31.784026/ds/tmp/mriqc_wf/funcMRIQC/func_report_wf/47144f6366a600846ca46ba70ba6ceaf4713d1a6/ds_report_stdev/mapflow/_ds_report_stdev0".[0m
2026-03-27 02:52:31 |[34;20m INFO     [0m|[34;20m nipype.workflow  [0m|[34;20m [Node] Executing "_ds_report_stdev0" <mriqc.interfaces.DerivativesDataSink>[0m
2026-03-27 02:52:31 |[34;20m INFO     [0m|[34;20m nipype.workflow  [0m|[34;20m [Node] Finished "_ds_report_stdev0", elapsed time 0.005043s.[0m
2026-03-27 02:52:32 |[34;20m INFO     [0m|[34;20m nipype.workflow  [0m|[34;20m [Node] Finished "_PlotMosaicMean0", elapsed time 1.325332s.[0m
2026-03-27 02:52:32 |[34;20m INFO     [0m|[34;20m nipype.workflow  [0m|[34;20m [Node] Finished "_PlotMosaicNoise0", elapsed time 1.5977860000000002s.[0m
2026-03-27 02:52:33 |[34;20m INFO     [0m|[34;20m nipype.workflow  [0m|[34;20m [Node] Setting-up "_ds_report_mean0" in "/local/nvme/ds004996_31.784026/ds/tmp/mriqc_wf/funcMRIQC/func_report_wf/47144f6366a600846ca46ba70ba6ceaf4713d1a6/ds_report_mean/mapflow/_ds_report_mean0".[0m
2026-03-27 02:52:33 |[34;20m INFO     [0m|[34;20m nipype.workflow  [0m|[34;20m [Node] Executing "_ds_report_mean0" <mriqc.interfaces.DerivativesDataSink>[0m
2026-03-27 02:52:33 |[34;20m INFO     [0m|[34;20m nipype.workflow  [0m|[34;20m [Node] Finished "_ds_report_mean0", elapsed time 0.004994s.[0m
2026-03-27 02:52:33 |[34;20m INFO     [0m|[34;20m nipype.workflow  [0m|[34;20m [Node] Setting-up "_ds_report_background0" in "/local/nvme/ds004996_31.784026/ds/tmp/mriqc_wf/funcMRIQC/func_report_wf/47144f6366a600846ca46ba70ba6ceaf4713d1a6/ds_report_background/mapflow/_ds_report_background0".[0m
2026-03-27 02:52:33 |[34;20m INFO     [0m|[34;20m nipype.workflow  [0m|[34;20m [Node] Executing "_ds_report_background0" <mriqc.interfaces.DerivativesDataSink>[0m
2026-03-27 02:52:33 |[34;20m INFO     [0m|[34;20m nipype.workflow  [0m|[34;20m [Node] Finished "_ds_report_background0", elapsed time 0.004941s.[0m
2026-03-27 02:52:33 |[34;20m INFO     [0m|[34;20m nipype.workflow  [0m|[34;20m [Node] Finished "SharpenEPI", elapsed time 4.148049s.[0m
2026-03-27 02:52:33 |[34;20m INFO     [0m|[34;20m nipype.workflow  [0m|[34;20m [Node] Finished "SharpenEPI", elapsed time 4.060215s.[0m
2026-03-27 02:52:35 |[34;20m INFO     [0m|[34;20m nipype.workflow  [0m|[34;20m [Node] Finished "_quality0", elapsed time 10.401585s.[0m
2026-03-27 02:52:35 |[34;20m INFO     [0m|[34;20m nipype.workflow  [0m|[34;20m [Node] Finished "_quality0", elapsed time 10.442001s.[0m
2026-03-27 02:52:37 |[34;20m INFO     [0m|[34;20m nipype.workflow  [0m|[34;20m [Node] Setting-up "mriqc_wf.funcMRIQC.synthstrip_wf.pre_n4" in "/local/nvme/ds004996_31.784026/ds/tmp/mriqc_wf/funcMRIQC/synthstrip_wf/be4e917fbef8469cf879b85b8ba581a57de57461/pre_n4".[0m
2026-03-27 02:52:37 |[34;20m INFO     [0m|[34;20m nipype.workflow  [0m|[34;20m [Node] Executing "pre_n4" <nipype.interfaces.ants.segmentation.N4BiasFieldCorrection>[0m
2026-03-27 02:52:38 |[34;20m INFO     [0m|[34;20m nipype.workflow  [0m|[34;20m [Node] Finished "pre_n4", elapsed time 1.134781s.[0m
2026-03-27 02:52:39 |[34;20m INFO     [0m|[34;20m nipype.workflow  [0m|[34;20m [Node] Setting-up "mriqc_wf.funcMRIQC.synthstrip_wf.pre_n4" in "/local/nvme/ds004996_31.784026/ds/tmp/mriqc_wf/funcMRIQC/synthstrip_wf/72ce733afd07d3d67ef089f1def8b12259af60d2/pre_n4".[0m
2026-03-27 02:52:39 |[34;20m INFO     [0m|[34;20m nipype.workflow  [0m|[34;20m [Node] Executing "pre_n4" <nipype.interfaces.ants.segmentation.N4BiasFieldCorrection>[0m
2026-03-27 02:52:40 |[34;20m INFO     [0m|[34;20m nipype.workflow  [0m|[34;20m [Node] Finished "pre_n4", elapsed time 1.236046s.[0m
2026-03-27 02:52:41 |[34;20m INFO     [0m|[34;20m nipype.workflow  [0m|[34;20m [Node] Setting-up "mriqc_wf.funcMRIQC.synthstrip_wf.pre_n4" in "/local/nvme/ds004996_31.784026/ds/tmp/mriqc_wf/funcMRIQC/synthstrip_wf/47144f6366a600846ca46ba70ba6ceaf4713d1a6/pre_n4".[0m
2026-03-27 02:52:41 |[34;20m INFO     [0m|[34;20m nipype.workflow  [0m|[34;20m [Node] Executing "pre_n4" <nipype.interfaces.ants.segmentation.N4BiasFieldCorrection>[0m
2026-03-27 02:52:42 |[34;20m INFO     [0m|[34;20m nipype.workflow  [0m|[34;20m [Node] Finished "pre_n4", elapsed time 1.140668s.[0m
2026-03-27 02:52:43 |[34;20m INFO     [0m|[34;20m nipype.workflow  [0m|[34;20m [Node] Setting-up "mriqc_wf.funcMRIQC.synthstrip_wf.synthstrip" in "/local/nvme/ds004996_31.784026/ds/tmp/mriqc_wf/funcMRIQC/synthstrip_wf/be4e917fbef8469cf879b85b8ba581a57de57461/synthstrip".[0m
2026-03-27 02:52:43 |[34;20m INFO     [0m|[34;20m nipype.workflow  [0m|[34;20m [Node] Executing "synthstrip" <mriqc.interfaces.synthstrip.SynthStrip>[0m
2026-03-27 02:52:58 |[34;20m INFO     [0m|[34;20m nipype.workflow  [0m|[34;20m [Node] Finished "synthstrip", elapsed time 15.61028s.[0m
2026-03-27 02:52:59 |[34;20m INFO     [0m|[34;20m nipype.workflow  [0m|[34;20m [Node] Setting-up "mriqc_wf.funcMRIQC.synthstrip_wf.synthstrip" in "/local/nvme/ds004996_31.784026/ds/tmp/mriqc_wf/funcMRIQC/synthstrip_wf/72ce733afd07d3d67ef089f1def8b12259af60d2/synthstrip".[0m
2026-03-27 02:52:59 |[34;20m INFO     [0m|[34;20m nipype.workflow  [0m|[34;20m [Node] Executing "synthstrip" <mriqc.interfaces.synthstrip.SynthStrip>[0m
2026-03-27 02:53:12 |[34;20m INFO     [0m|[34;20m nipype.workflow  [0m|[34;20m [Node] Finished "synthstrip", elapsed time 13.418536s.[0m
2026-03-27 02:53:13 |[34;20m INFO     [0m|[34;20m nipype.workflow  [0m|[34;20m [Node] Setting-up "mriqc_wf.funcMRIQC.synthstrip_wf.synthstrip" in "/local/nvme/ds004996_31.784026/ds/tmp/mriqc_wf/funcMRIQC/synthstrip_wf/47144f6366a600846ca46ba70ba6ceaf4713d1a6/synthstrip".[0m
2026-03-27 02:53:13 |[34;20m INFO     [0m|[34;20m nipype.workflow  [0m|[34;20m [Node] Executing "synthstrip" <mriqc.interfaces.synthstrip.SynthStrip>[0m
2026-03-27 02:53:26 |[34;20m INFO     [0m|[34;20m nipype.workflow  [0m|[34;20m [Node] Finished "synthstrip", elapsed time 13.607195s.[0m
2026-03-27 02:53:27 |[34;20m INFO     [0m|[34;20m nipype.workflow  [0m|[34;20m [Node] Setting-up "mriqc_wf.funcMRIQC.synthstrip_wf.post_n4" in "/local/nvme/ds004996_31.784026/ds/tmp/mriqc_wf/funcMRIQC/synthstrip_wf/be4e917fbef8469cf879b85b8ba581a57de57461/post_n4".[0m
2026-03-27 02:53:27 |[34;20m INFO     [0m|[34;20m nipype.workflow  [0m|[34;20m [Node] Executing "post_n4" <nipype.interfaces.ants.segmentation.N4BiasFieldCorrection>[0m
2026-03-27 02:53:28 |[34;20m INFO     [0m|[34;20m nipype.workflow  [0m|[34;20m [Node] Finished "post_n4", elapsed time 0.876379s.[0m
2026-03-27 02:53:29 |[34;20m INFO     [0m|[34;20m nipype.workflow  [0m|[34;20m [Node] Setting-up "mriqc_wf.funcMRIQC.SpatialNormalization.EPI2MNI" in "/local/nvme/ds004996_31.784026/ds/tmp/mriqc_wf/funcMRIQC/SpatialNormalization/be4e917fbef8469cf879b85b8ba581a57de57461/EPI2MNI".[0m
2026-03-27 02:53:29 |[34;20m INFO     [0m|[34;20m nipype.workflow  [0m|[34;20m [Node] Executing "EPI2MNI" <niworkflows.interfaces.reportlets.registration.SpatialNormalizationRPT>[0m
2026-03-27 02:53:29 |[34;20m INFO     [0m|[34;20m niworkflows      [0m|[34;20m Estimating initial transform using AffineInitializer[0m
2026-03-27 02:53:35 |[34;20m INFO     [0m|[34;20m niworkflows      [0m|[34;20m Loading settings from file /opt/conda/lib/python3.11/site-packages/niworkflows/data/boldref-mni_registration_precise_000.json.[0m
2026-03-27 02:53:35 |[34;20m INFO     [0m|[34;20m niworkflows      [0m|[34;20m Retry #1, commandline: 
antsRegistration --collapse-output-transforms 1 --dimensionality 3 --float 0 --initial-moving-transform [ /local/nvme/ds004996_31.784026/ds/tmp/mriqc_wf/funcMRIQC/SpatialNormalization/be4e917fbef8469cf879b85b8ba581a57de57461/EPI2MNI/transform.mat, 0 ] --initialize-transforms-per-stage 0 --interpolation LanczosWindowedSinc --output [ epi_to_mni, epi_to_mni_Warped.nii.gz ] --transform Rigid[ 0.05 ] --metric Mattes[ /templateflow/tpl-MNI152NLin2009cAsym/tpl-MNI152NLin2009cAsym_res-02_desc-fMRIPrep_boldref.nii.gz, /local/nvme/ds004996_31.784026/ds/tmp/mriqc_wf/funcMRIQC/SpatialNormalization/be4e917fbef8469cf879b85b8ba581a57de57461/SharpenEPI/sub-31_task-conversation_run-01_desc-realigned_bold_tstat_corrected.nii.gz, 1, 56, Regular, 0.25 ] --convergence [ 10000x1000x100, 1e-06, 20 ] --smoothing-sigmas 4.0x2.0x1.0vox --shrink-factors 4x2x1 --use-histogram-matching 1 --masks [ /templateflow/tpl-MNI152NLin2009cAsym/tpl-MNI152NLin2009cAsym_res-02_desc-brain_mask.nii.gz, /local/nvme/ds004996_31.784026/ds/tmp/mriqc_wf/funcMRIQC/synthstrip_wf/be4e917fbef8469cf879b85b8ba581a57de57461/synthstrip/clipped_corrected_desc-brain_mask.nii.gz ] --transform Affine[ 0.08 ] --metric Mattes[ /templateflow/tpl-MNI152NLin2009cAsym/tpl-MNI152NLin2009cAsym_res-02_desc-fMRIPrep_boldref.nii.gz, /local/nvme/ds004996_31.784026/ds/tmp/mriqc_wf/funcMRIQC/SpatialNormalization/be4e917fbef8469cf879b85b8ba581a57de57461/SharpenEPI/sub-31_task-conversation_run-01_desc-realigned_bold_tstat_corrected.nii.gz, 1, 56, Regular, 0.25 ] --convergence [ 500x250x100, 1e-06, 20 ] --smoothing-sigmas 4.0x2.0x1.0vox --shrink-factors 8x4x2 --use-histogram-matching 1 --masks [ /templateflow/tpl-MNI152NLin2009cAsym/tpl-MNI152NLin2009cAsym_res-02_desc-brain_mask.nii.gz, /local/nvme/ds004996_31.784026/ds/tmp/mriqc_wf/funcMRIQC/synthstrip_wf/be4e917fbef8469cf879b85b8ba581a57de57461/synthstrip/clipped_corrected_desc-brain_mask.nii.gz ] --transform SyN[ 0.1, 3.0, 0.0 ] --metric CC[ /templateflow/tpl-MNI152NLin2009cAsym/tpl-MNI152NLin2009cAsym_res-02_desc-fMRIPrep_boldref.nii.gz, /local/nvme/ds004996_31.784026/ds/tmp/mriqc_wf/funcMRIQC/SpatialNormalization/be4e917fbef8469cf879b85b8ba581a57de57461/SharpenEPI/sub-31_task-conversation_run-01_desc-realigned_bold_tstat_corrected.nii.gz, 1, 4, None, 1 ] --convergence [ 100x30x20, 1e-06, 10 ] --smoothing-sigmas 3.0x2.0x1.0vox --shrink-factors 8x4x2 --use-histogram-matching 1 --masks [ /templateflow/tpl-MNI152NLin2009cAsym/tpl-MNI152NLin2009cAsym_res-02_desc-brain_mask.nii.gz, /local/nvme/ds004996_31.784026/ds/tmp/mriqc_wf/funcMRIQC/synthstrip_wf/be4e917fbef8469cf879b85b8ba581a57de57461/synthstrip/clipped_corrected_desc-brain_mask.nii.gz ] --winsorize-image-intensities [ 0.005, 0.995 ]  --write-composite-transform 1[0m
2026-03-27 02:53:46 |[34;20m INFO     [0m|[34;20m niworkflows      [0m|[34;20m Successful spatial normalization (retry #1).[0m
2026-03-27 02:53:46 |[34;20m INFO     [0m|[34;20m niworkflows      [0m|[34;20m Report - setting fixed (/templateflow/tpl-MNI152NLin2009cAsym/tpl-MNI152NLin2009cAsym_res-02_desc-fMRIPrep_boldref.nii.gz) and moving (/local/nvme/ds004996_31.784026/ds/tmp/mriqc_wf/funcMRIQC/SpatialNormalization/be4e917fbef8469cf879b85b8ba581a57de57461/EPI2MNI/epi_to_mni_Warped.nii.gz) images[0m
2026-03-27 02:53:46 |[34;20m INFO     [0m|[34;20m niworkflows      [0m|[34;20m Generating visual report[0m
2026-03-27 02:54:02 |[34;20m INFO     [0m|[34;20m nipype.workflow  [0m|[34;20m [Node] Finished "EPI2MNI", elapsed time 32.893272s.[0m
2026-03-27 02:54:03 |[34;20m INFO     [0m|[34;20m nipype.workflow  [0m|[34;20m [Node] Setting-up "_ComputeDVARS0" in "/local/nvme/ds004996_31.784026/ds/tmp/mriqc_wf/funcMRIQC/ComputeIQMs/be4e917fbef8469cf879b85b8ba581a57de57461/ComputeDVARS/mapflow/_ComputeDVARS0".[0m
2026-03-27 02:54:03 |[34;20m INFO     [0m|[34;20m nipype.workflow  [0m|[34;20m [Node] Setting-up "mriqc_wf.funcMRIQC.func_report_wf.dilated_mask" in "/local/nvme/ds004996_31.784026/ds/tmp/mriqc_wf/funcMRIQC/func_report_wf/be4e917fbef8469cf879b85b8ba581a57de57461/dilated_mask".[0m
2026-03-27 02:54:03 |[34;20m INFO     [0m|[34;20m nipype.workflow  [0m|[34;20m [Node] Setting-up "_smoothness0" in "/local/nvme/ds004996_31.784026/ds/tmp/mriqc_wf/funcMRIQC/ComputeIQMs/be4e917fbef8469cf879b85b8ba581a57de57461/smoothness/mapflow/_smoothness0".[0m
2026-03-27 02:54:03 |[34;20m INFO     [0m|[34;20m nipype.workflow  [0m|[34;20m [Node] Setting-up "mriqc_wf.funcMRIQC.func_report_wf.PlotBrainmask" in "/local/nvme/ds004996_31.784026/ds/tmp/mriqc_wf/funcMRIQC/func_report_wf/be4e917fbef8469cf879b85b8ba581a57de57461/PlotBrainmask".[0m
2026-03-27 02:54:03 |[34;20m INFO     [0m|[34;20m nipype.workflow  [0m|[34;20m [Node] Executing "_ComputeDVARS0" <nipype.algorithms.confounds.ComputeDVARS>[0m
2026-03-27 02:54:03 |[34;20m INFO     [0m|[34;20m nipype.workflow  [0m|[34;20m [Node] Executing "dilated_mask" <niworkflows.interfaces.morphology.BinaryDilation>[0m
2026-03-27 02:54:03 |[34;20m INFO     [0m|[34;20m nipype.workflow  [0m|[34;20m [Node] Executing "_smoothness0" <nipype.interfaces.afni.utils.FWHMx>[0m
2026-03-27 02:54:03 |[34;20m INFO     [0m|[34;20m nipype.workflow  [0m|[34;20m [Node] Setting-up "_gcor0" in "/local/nvme/ds004996_31.784026/ds/tmp/mriqc_wf/funcMRIQC/ComputeIQMs/be4e917fbef8469cf879b85b8ba581a57de57461/gcor/mapflow/_gcor0".[0m
2026-03-27 02:54:03 |[34;20m INFO     [0m|[34;20m nipype.workflow  [0m|[34;20m [Node] Executing "PlotBrainmask" <nireports.interfaces.mosaic.PlotContours>[0m
2026-03-27 02:54:03 |[34;20m INFO     [0m|[34;20m nipype.workflow  [0m|[34;20m [Node] Executing "_gcor0" <mriqc.interfaces.transitional.GCOR>[0m
2026-03-27 02:54:03 |[34;20m INFO     [0m|[34;20m nipype.workflow  [0m|[34;20m [Node] Setting-up "_PlotMosaicZoomed0" in "/local/nvme/ds004996_31.784026/ds/tmp/mriqc_wf/funcMRIQC/func_report_wf/be4e917fbef8469cf879b85b8ba581a57de57461/PlotMosaicZoomed/mapflow/_PlotMosaicZoomed0".[0m
2026-03-27 02:54:03 |[34;20m INFO     [0m|[34;20m nipype.workflow  [0m|[34;20m [Node] Executing "_PlotMosaicZoomed0" <nireports.interfaces.mosaic.PlotMosaic>[0m
2026-03-27 02:54:03 |[34;20m INFO     [0m|[34;20m nipype.workflow  [0m|[34;20m [Node] Setting-up "_ComputeDVARS0" in "/local/nvme/ds004996_31.784026/ds/tmp/mriqc_wf/funcMRIQC/ComputeIQMs/72ce733afd07d3d67ef089f1def8b12259af60d2/ComputeDVARS/mapflow/_ComputeDVARS0".[0m
2026-03-27 02:54:03 |[34;20m INFO     [0m|[34;20m nipype.workflow  [0m|[34;20m [Node] Executing "_ComputeDVARS0" <nipype.algorithms.confounds.ComputeDVARS>[0m
2026-03-27 02:54:03 |[34;20m INFO     [0m|[34;20m nipype.workflow  [0m|[34;20m [Node] Setting-up "_outliers0" in "/local/nvme/ds004996_31.784026/ds/tmp/mriqc_wf/funcMRIQC/ComputeIQMs/be4e917fbef8469cf879b85b8ba581a57de57461/outliers/mapflow/_outliers0".[0m
2026-03-27 02:54:03 |[34;20m INFO     [0m|[34;20m nipype.workflow  [0m|[34;20m [Node] Executing "_outliers0" <nipype.interfaces.afni.preprocess.OutlierCount>[0m
2026-03-27 02:54:03 |[34;20m INFO     [0m|[34;20m nipype.workflow  [0m|[34;20m [Node] Finished "dilated_mask", elapsed time 0.053599s.[0m
2026-03-27 02:54:03 |[34;20m INFO     [0m|[34;20m nipype.workflow  [0m|[34;20m [Node] Finished "_smoothness0", elapsed time 0.545941s.[0m
2026-03-27 02:54:04 |[34;20m INFO     [0m|[34;20m nipype.workflow  [0m|[34;20m [Node] Finished "PlotBrainmask", elapsed time 1.288815s.[0m
2026-03-27 02:54:04 |[34;20m INFO     [0m|[34;20m nipype.workflow  [0m|[34;20m [Node] Finished "_PlotMosaicZoomed0", elapsed time 1.505833s.[0m
2026-03-27 02:54:05 |[34;20m INFO     [0m|[34;20m nipype.workflow  [0m|[34;20m [Node] Setting-up "mriqc_wf.funcMRIQC.func_report_wf.dilated_mask" in "/local/nvme/ds004996_31.784026/ds/tmp/mriqc_wf/funcMRIQC/func_report_wf/72ce733afd07d3d67ef089f1def8b12259af60d2/dilated_mask".[0m
2026-03-27 02:54:05 |[34;20m INFO     [0m|[34;20m nipype.workflow  [0m|[34;20m [Node] Setting-up "_smoothness0" in "/local/nvme/ds004996_31.784026/ds/tmp/mriqc_wf/funcMRIQC/ComputeIQMs/72ce733afd07d3d67ef089f1def8b12259af60d2/smoothness/mapflow/_smoothness0".[0m
2026-03-27 02:54:05 |[34;20m INFO     [0m|[34;20m nipype.workflow  [0m|[34;20m [Node] Setting-up "_outliers0" in "/local/nvme/ds004996_31.784026/ds/tmp/mriqc_wf/funcMRIQC/ComputeIQMs/72ce733afd07d3d67ef089f1def8b12259af60d2/outliers/mapflow/_outliers0".[0m
2026-03-27 02:54:05 |[34;20m INFO     [0m|[34;20m nipype.workflow  [0m|[34;20m [Node] Executing "dilated_mask" <niworkflows.interfaces.morphology.BinaryDilation>[0m
2026-03-27 02:54:05 |[34;20m INFO     [0m|[34;20m nipype.workflow  [0m|[34;20m [Node] Executing "_outliers0" <nipype.interfaces.afni.preprocess.OutlierCount>[0m
2026-03-27 02:54:05 |[34;20m INFO     [0m|[34;20m nipype.workflow  [0m|[34;20m [Node] Setting-up "_gcor0" in "/local/nvme/ds004996_31.784026/ds/tmp/mriqc_wf/funcMRIQC/ComputeIQMs/72ce733afd07d3d67ef089f1def8b12259af60d2/gcor/mapflow/_gcor0".[0m
2026-03-27 02:54:05 |[34;20m INFO     [0m|[34;20m nipype.workflow  [0m|[34;20m [Node] Executing "_smoothness0" <nipype.interfaces.afni.utils.FWHMx>[0m
2026-03-27 02:54:05 |[34;20m INFO     [0m|[34;20m nipype.workflow  [0m|[34;20m [Node] Executing "_gcor0" <mriqc.interfaces.transitional.GCOR>[0m
2026-03-27 02:54:05 |[34;20m INFO     [0m|[34;20m nipype.workflow  [0m|[34;20m [Node] Finished "dilated_mask", elapsed time 0.047633s.[0m
2026-03-27 02:54:05 |[34;20m INFO     [0m|[34;20m nipype.workflow  [0m|[34;20m [Node] Finished "_smoothness0", elapsed time 0.561238s.[0m
2026-03-27 02:54:07 |[34;20m INFO     [0m|[34;20m nipype.workflow  [0m|[34;20m [Node] Finished "_outliers0", elapsed time 3.811404s.[0m
2026-03-27 02:54:07 |[34;20m INFO     [0m|[34;20m nipype.workflow  [0m|[34;20m [Node] Setting-up "mriqc_wf.funcMRIQC.func_report_wf.PlotBrainmask" in "/local/nvme/ds004996_31.784026/ds/tmp/mriqc_wf/funcMRIQC/func_report_wf/72ce733afd07d3d67ef089f1def8b12259af60d2/PlotBrainmask".[0m
2026-03-27 02:54:07 |[34;20m INFO     [0m|[34;20m nipype.workflow  [0m|[34;20m [Node] Executing "PlotBrainmask" <nireports.interfaces.mosaic.PlotContours>[0m
2026-03-27 02:54:07 |[34;20m INFO     [0m|[34;20m nipype.workflow  [0m|[34;20m [Node] Setting-up "_ComputeDVARS0" in "/local/nvme/ds004996_31.784026/ds/tmp/mriqc_wf/funcMRIQC/ComputeIQMs/47144f6366a600846ca46ba70ba6ceaf4713d1a6/ComputeDVARS/mapflow/_ComputeDVARS0".[0m
2026-03-27 02:54:07 |[34;20m INFO     [0m|[34;20m nipype.workflow  [0m|[34;20m [Node] Setting-up "_PlotMosaicZoomed0" in "/local/nvme/ds004996_31.784026/ds/tmp/mriqc_wf/funcMRIQC/func_report_wf/72ce733afd07d3d67ef089f1def8b12259af60d2/PlotMosaicZoomed/mapflow/_PlotMosaicZoomed0".[0m
2026-03-27 02:54:07 |[34;20m INFO     [0m|[34;20m nipype.workflow  [0m|[34;20m [Node] Executing "_ComputeDVARS0" <nipype.algorithms.confounds.ComputeDVARS>[0m
2026-03-27 02:54:07 |[34;20m INFO     [0m|[34;20m nipype.workflow  [0m|[34;20m [Node] Executing "_PlotMosaicZoomed0" <nireports.interfaces.mosaic.PlotMosaic>[0m
2026-03-27 02:54:08 |[34;20m INFO     [0m|[34;20m nipype.workflow  [0m|[34;20m [Node] Finished "PlotBrainmask", elapsed time 1.272089s.[0m
2026-03-27 02:54:08 |[34;20m INFO     [0m|[34;20m nipype.workflow  [0m|[34;20m [Node] Finished "_PlotMosaicZoomed0", elapsed time 1.698359s.[0m
2026-03-27 02:54:09 |[34;20m INFO     [0m|[34;20m nipype.workflow  [0m|[34;20m [Node] Finished "_outliers0", elapsed time 3.864483s.[0m
2026-03-27 02:54:09 |[34;20m INFO     [0m|[34;20m nipype.workflow  [0m|[34;20m [Node] Setting-up "_smoothness0" in "/local/nvme/ds004996_31.784026/ds/tmp/mriqc_wf/funcMRIQC/ComputeIQMs/47144f6366a600846ca46ba70ba6ceaf4713d1a6/smoothness/mapflow/_smoothness0".[0m
2026-03-27 02:54:09 |[34;20m INFO     [0m|[34;20m nipype.workflow  [0m|[34;20m [Node] Setting-up "_gcor0" in "/local/nvme/ds004996_31.784026/ds/tmp/mriqc_wf/funcMRIQC/ComputeIQMs/47144f6366a600846ca46ba70ba6ceaf4713d1a6/gcor/mapflow/_gcor0".[0m
2026-03-27 02:54:09 |[34;20m INFO     [0m|[34;20m nipype.workflow  [0m|[34;20m [Node] Executing "_smoothness0" <nipype.interfaces.afni.utils.FWHMx>[0m
2026-03-27 02:54:09 |[34;20m INFO     [0m|[34;20m nipype.workflow  [0m|[34;20m [Node] Setting-up "_outliers0" in "/local/nvme/ds004996_31.784026/ds/tmp/mriqc_wf/funcMRIQC/ComputeIQMs/47144f6366a600846ca46ba70ba6ceaf4713d1a6/outliers/mapflow/_outliers0".[0m
2026-03-27 02:54:09 |[34;20m INFO     [0m|[34;20m nipype.workflow  [0m|[34;20m [Node] Executing "_gcor0" <mriqc.interfaces.transitional.GCOR>[0m
2026-03-27 02:54:09 |[34;20m INFO     [0m|[34;20m nipype.workflow  [0m|[34;20m [Node] Executing "_outliers0" <nipype.interfaces.afni.preprocess.OutlierCount>[0m
2026-03-27 02:54:09 |[34;20m INFO     [0m|[34;20m nipype.workflow  [0m|[34;20m [Node] Finished "_smoothness0", elapsed time 0.632178s.[0m
2026-03-27 02:54:10 |[34;20m INFO     [0m|[34;20m nipype.workflow  [0m|[34;20m [Node] Finished "_gcor0", elapsed time 7.650857s.[0m
2026-03-27 02:54:11 |[34;20m INFO     [0m|[34;20m nipype.workflow  [0m|[34;20m [Node] Setting-up "mriqc_wf.funcMRIQC.func_report_wf.dilated_mask" in "/local/nvme/ds004996_31.784026/ds/tmp/mriqc_wf/funcMRIQC/func_report_wf/47144f6366a600846ca46ba70ba6ceaf4713d1a6/dilated_mask".[0m
2026-03-27 02:54:11 |[34;20m INFO     [0m|[34;20m nipype.workflow  [0m|[34;20m [Node] Executing "dilated_mask" <niworkflows.interfaces.morphology.BinaryDilation>[0m
2026-03-27 02:54:11 |[34;20m INFO     [0m|[34;20m nipype.workflow  [0m|[34;20m [Node] Setting-up "_PlotMosaicZoomed0" in "/local/nvme/ds004996_31.784026/ds/tmp/mriqc_wf/funcMRIQC/func_report_wf/47144f6366a600846ca46ba70ba6ceaf4713d1a6/PlotMosaicZoomed/mapflow/_PlotMosaicZoomed0".[0m
2026-03-27 02:54:11 |[34;20m INFO     [0m|[34;20m nipype.workflow  [0m|[34;20m [Node] Executing "_PlotMosaicZoomed0" <nireports.interfaces.mosaic.PlotMosaic>[0m
2026-03-27 02:54:11 |[34;20m INFO     [0m|[34;20m nipype.workflow  [0m|[34;20m [Node] Finished "dilated_mask", elapsed time 0.022824s.[0m
2026-03-27 02:54:12 |[34;20m INFO     [0m|[34;20m nipype.workflow  [0m|[34;20m [Node] Finished "_PlotMosaicZoomed0", elapsed time 1.443283s.[0m
2026-03-27 02:54:12 |[34;20m INFO     [0m|[34;20m nipype.workflow  [0m|[34;20m [Node] Finished "_gcor0", elapsed time 7.710992s.[0m
2026-03-27 02:54:13 |[34;20m INFO     [0m|[34;20m nipype.workflow  [0m|[34;20m [Node] Finished "_outliers0", elapsed time 3.934546s.[0m
2026-03-27 02:54:13 |[34;20m INFO     [0m|[34;20m nipype.workflow  [0m|[34;20m [Node] Setting-up "mriqc_wf.funcMRIQC.synthstrip_wf.final_masked" in "/local/nvme/ds004996_31.784026/ds/tmp/mriqc_wf/funcMRIQC/synthstrip_wf/be4e917fbef8469cf879b85b8ba581a57de57461/final_masked".[0m
2026-03-27 02:54:13 |[34;20m INFO     [0m|[34;20m nipype.workflow  [0m|[34;20m [Node] Setting-up "mriqc_wf.funcMRIQC.func_report_wf.PlotBrainmask" in "/local/nvme/ds004996_31.784026/ds/tmp/mriqc_wf/funcMRIQC/func_report_wf/47144f6366a600846ca46ba70ba6ceaf4713d1a6/PlotBrainmask".[0m
2026-03-27 02:54:13 |[34;20m INFO     [0m|[34;20m nipype.workflow  [0m|[34;20m [Node] Setting-up "mriqc_wf.funcMRIQC.SpatialNormalization.ResampleSegmentation" in "/local/nvme/ds004996_31.784026/ds/tmp/mriqc_wf/funcMRIQC/SpatialNormalization/be4e917fbef8469cf879b85b8ba581a57de57461/ResampleSegmentation".[0m
2026-03-27 02:54:13 |[34;20m INFO     [0m|[34;20m nipype.workflow  [0m|[34;20m [Node] Executing "final_masked" <niworkflows.interfaces.nibabel.ApplyMask>[0m
2026-03-27 02:54:13 |[34;20m INFO     [0m|[34;20m nipype.workflow  [0m|[34;20m [Node] Executing "PlotBrainmask" <nireports.interfaces.mosaic.PlotContours>[0m
2026-03-27 02:54:13 |[34;20m INFO     [0m|[34;20m nipype.workflow  [0m|[34;20m [Node] Executing "ResampleSegmentation" <nipype.interfaces.ants.resampling.ApplyTransforms>[0m
2026-03-27 02:54:13 |[34;20m INFO     [0m|[34;20m nipype.workflow  [0m|[34;20m [Node] Finished "final_masked", elapsed time 0.031235s.[0m
2026-03-27 02:54:14 |[34;20m INFO     [0m|[34;20m nipype.workflow  [0m|[34;20m [Node] Finished "PlotBrainmask", elapsed time 1.18622s.[0m
2026-03-27 02:54:15 |[34;20m INFO     [0m|[34;20m nipype.workflow  [0m|[34;20m [Node] Setting-up "mriqc_wf.funcMRIQC.func_report_wf.ds_report_norm" in "/local/nvme/ds004996_31.784026/ds/tmp/mriqc_wf/funcMRIQC/func_report_wf/be4e917fbef8469cf879b85b8ba581a57de57461/ds_report_norm".[0m
2026-03-27 02:54:15 |[34;20m INFO     [0m|[34;20m nipype.workflow  [0m|[34;20m [Node] Executing "ds_report_norm" <mriqc.interfaces.DerivativesDataSink>[0m
2026-03-27 02:54:15 |[34;20m INFO     [0m|[34;20m nipype.workflow  [0m|[34;20m [Node] Finished "ds_report_norm", elapsed time 0.005143s.[0m
2026-03-27 02:54:15 |[34;20m INFO     [0m|[34;20m nipype.workflow  [0m|[34;20m [Node] Setting-up "mriqc_wf.funcMRIQC.func_report_wf.subtract_mask" in "/local/nvme/ds004996_31.784026/ds/tmp/mriqc_wf/funcMRIQC/func_report_wf/be4e917fbef8469cf879b85b8ba581a57de57461/subtract_mask".[0m
2026-03-27 02:54:15 |[34;20m INFO     [0m|[34;20m nipype.workflow  [0m|[34;20m [Node] Executing "subtract_mask" <niworkflows.interfaces.morphology.BinarySubtraction>[0m
2026-03-27 02:54:15 |[34;20m INFO     [0m|[34;20m nipype.workflow  [0m|[34;20m [Node] Setting-up "_ds_report_zoomed0" in "/local/nvme/ds004996_31.784026/ds/tmp/mriqc_wf/funcMRIQC/func_report_wf/be4e917fbef8469cf879b85b8ba581a57de57461/ds_report_zoomed/mapflow/_ds_report_zoomed0".[0m
2026-03-27 02:54:15 |[34;20m INFO     [0m|[34;20m nipype.workflow  [0m|[34;20m [Node] Executing "_ds_report_zoomed0" <mriqc.interfaces.DerivativesDataSink>[0m
2026-03-27 02:54:15 |[34;20m INFO     [0m|[34;20m nipype.workflow  [0m|[34;20m [Node] Finished "_ds_report_zoomed0", elapsed time 0.005265s.[0m
2026-03-27 02:54:15 |[34;20m INFO     [0m|[34;20m nipype.workflow  [0m|[34;20m [Node] Finished "subtract_mask", elapsed time 0.013898s.[0m
2026-03-27 02:54:15 |[34;20m INFO     [0m|[34;20m nipype.workflow  [0m|[34;20m [Node] Setting-up "mriqc_wf.funcMRIQC.func_report_wf.ds_report_bmask" in "/local/nvme/ds004996_31.784026/ds/tmp/mriqc_wf/funcMRIQC/func_report_wf/be4e917fbef8469cf879b85b8ba581a57de57461/ds_report_bmask".[0m
2026-03-27 02:54:15 |[34;20m INFO     [0m|[34;20m nipype.workflow  [0m|[34;20m [Node] Executing "ds_report_bmask" <mriqc.interfaces.DerivativesDataSink>[0m
2026-03-27 02:54:15 |[34;20m INFO     [0m|[34;20m nipype.workflow  [0m|[34;20m [Node] Finished "ds_report_bmask", elapsed time 0.005237s.[0m
2026-03-27 02:54:15 |[34;20m INFO     [0m|[34;20m nipype.workflow  [0m|[34;20m [Node] Setting-up "mriqc_wf.funcMRIQC.func_report_wf.subtract_mask" in "/local/nvme/ds004996_31.784026/ds/tmp/mriqc_wf/funcMRIQC/func_report_wf/72ce733afd07d3d67ef089f1def8b12259af60d2/subtract_mask".[0m
2026-03-27 02:54:15 |[34;20m INFO     [0m|[34;20m nipype.workflow  [0m|[34;20m [Node] Executing "subtract_mask" <niworkflows.interfaces.morphology.BinarySubtraction>[0m
2026-03-27 02:54:15 |[34;20m INFO     [0m|[34;20m nipype.workflow  [0m|[34;20m [Node] Setting-up "_ds_report_zoomed0" in "/local/nvme/ds004996_31.784026/ds/tmp/mriqc_wf/funcMRIQC/func_report_wf/72ce733afd07d3d67ef089f1def8b12259af60d2/ds_report_zoomed/mapflow/_ds_report_zoomed0".[0m
2026-03-27 02:54:15 |[34;20m INFO     [0m|[34;20m nipype.workflow  [0m|[34;20m [Node] Executing "_ds_report_zoomed0" <mriqc.interfaces.DerivativesDataSink>[0m
2026-03-27 02:54:15 |[34;20m INFO     [0m|[34;20m nipype.workflow  [0m|[34;20m [Node] Finished "_ds_report_zoomed0", elapsed time 0.006145s.[0m
2026-03-27 02:54:15 |[34;20m INFO     [0m|[34;20m nipype.workflow  [0m|[34;20m [Node] Finished "subtract_mask", elapsed time 0.012606s.[0m
2026-03-27 02:54:15 |[34;20m INFO     [0m|[34;20m nipype.workflow  [0m|[34;20m [Node] Finished "ResampleSegmentation", elapsed time 2.426499s.[0m
2026-03-27 02:54:15 |[34;20m INFO     [0m|[34;20m nipype.workflow  [0m|[34;20m [Node] Setting-up "mriqc_wf.funcMRIQC.func_report_wf.ds_report_bmask" in "/local/nvme/ds004996_31.784026/ds/tmp/mriqc_wf/funcMRIQC/func_report_wf/72ce733afd07d3d67ef089f1def8b12259af60d2/ds_report_bmask".[0m
2026-03-27 02:54:15 |[34;20m INFO     [0m|[34;20m nipype.workflow  [0m|[34;20m [Node] Executing "ds_report_bmask" <mriqc.interfaces.DerivativesDataSink>[0m
2026-03-27 02:54:15 |[34;20m INFO     [0m|[34;20m nipype.workflow  [0m|[34;20m [Node] Finished "ds_report_bmask", elapsed time 0.004966s.[0m
2026-03-27 02:54:15 |[34;20m INFO     [0m|[34;20m nipype.workflow  [0m|[34;20m [Node] Setting-up "mriqc_wf.funcMRIQC.func_report_wf.subtract_mask" in "/local/nvme/ds004996_31.784026/ds/tmp/mriqc_wf/funcMRIQC/func_report_wf/47144f6366a600846ca46ba70ba6ceaf4713d1a6/subtract_mask".[0m
2026-03-27 02:54:15 |[34;20m INFO     [0m|[34;20m nipype.workflow  [0m|[34;20m [Node] Executing "subtract_mask" <niworkflows.interfaces.morphology.BinarySubtraction>[0m
2026-03-27 02:54:15 |[34;20m INFO     [0m|[34;20m nipype.workflow  [0m|[34;20m [Node] Finished "subtract_mask", elapsed time 0.012624s.[0m
2026-03-27 02:54:16 |[34;20m INFO     [0m|[34;20m nipype.workflow  [0m|[34;20m [Node] Finished "_gcor0", elapsed time 7.499875s.[0m
2026-03-27 02:54:17 |[34;20m INFO     [0m|[34;20m nipype.workflow  [0m|[34;20m [Node] Setting-up "_ds_report_zoomed0" in "/local/nvme/ds004996_31.784026/ds/tmp/mriqc_wf/funcMRIQC/func_report_wf/47144f6366a600846ca46ba70ba6ceaf4713d1a6/ds_report_zoomed/mapflow/_ds_report_zoomed0".[0m
2026-03-27 02:54:17 |[34;20m INFO     [0m|[34;20m nipype.workflow  [0m|[34;20m [Node] Executing "_ds_report_zoomed0" <mriqc.interfaces.DerivativesDataSink>[0m
2026-03-27 02:54:17 |[34;20m INFO     [0m|[34;20m nipype.workflow  [0m|[34;20m [Node] Finished "_ds_report_zoomed0", elapsed time 0.005067s.[0m
2026-03-27 02:54:17 |[34;20m INFO     [0m|[34;20m nipype.workflow  [0m|[34;20m [Node] Setting-up "mriqc_wf.funcMRIQC.func_report_wf.ds_report_bmask" in "/local/nvme/ds004996_31.784026/ds/tmp/mriqc_wf/funcMRIQC/func_report_wf/47144f6366a600846ca46ba70ba6ceaf4713d1a6/ds_report_bmask".[0m
2026-03-27 02:54:17 |[34;20m INFO     [0m|[34;20m nipype.workflow  [0m|[34;20m [Node] Executing "ds_report_bmask" <mriqc.interfaces.DerivativesDataSink>[0m
2026-03-27 02:54:17 |[34;20m INFO     [0m|[34;20m nipype.workflow  [0m|[34;20m [Node] Finished "ds_report_bmask", elapsed time 0.005024s.[0m
2026-03-27 02:54:17 |[34;20m INFO     [0m|[34;20m nipype.workflow  [0m|[34;20m [Node] Setting-up "mriqc_wf.funcMRIQC.func_report_wf.parcels" in "/local/nvme/ds004996_31.784026/ds/tmp/mriqc_wf/funcMRIQC/func_report_wf/be4e917fbef8469cf879b85b8ba581a57de57461/parcels".[0m
2026-03-27 02:54:17 |[34;20m INFO     [0m|[34;20m nipype.workflow  [0m|[34;20m [Node] Executing "parcels" <nipype.interfaces.utility.wrappers.Function>[0m
2026-03-27 02:54:17 |[34;20m INFO     [0m|[34;20m nipype.workflow  [0m|[34;20m [Node] Finished "parcels", elapsed time 0.024635s.[0m
2026-03-27 02:54:19 |[34;20m INFO     [0m|[34;20m nipype.workflow  [0m|[34;20m [Node] Finished "_ComputeDVARS0", elapsed time 16.484816s.[0m
2026-03-27 02:54:19 |[34;20m INFO     [0m|[34;20m nipype.workflow  [0m|[34;20m [Node] Finished "_ComputeDVARS0", elapsed time 16.619605s.[0m
2026-03-27 02:54:21 |[34;20m INFO     [0m|[34;20m nipype.workflow  [0m|[34;20m [Node] Setting-up "_measures0" in "/local/nvme/ds004996_31.784026/ds/tmp/mriqc_wf/funcMRIQC/ComputeIQMs/be4e917fbef8469cf879b85b8ba581a57de57461/measures/mapflow/_measures0".[0m
2026-03-27 02:54:21 |[34;20m INFO     [0m|[34;20m nipype.workflow  [0m|[34;20m [Node] Setting-up "_timeseries0" in "/local/nvme/ds004996_31.784026/ds/tmp/mriqc_wf/funcMRIQC/ComputeIQMs/be4e917fbef8469cf879b85b8ba581a57de57461/timeseries/mapflow/_timeseries0".[0m
2026-03-27 02:54:21 |[34;20m INFO     [0m|[34;20m nipype.workflow  [0m|[34;20m [Node] Executing "_measures0" <mriqc.interfaces.functional.FunctionalQC>[0m
2026-03-27 02:54:21 |[34;20m INFO     [0m|[34;20m nipype.workflow  [0m|[34;20m [Node] Executing "_timeseries0" <mriqc.interfaces.functional.GatherTimeseries>[0m
2026-03-27 02:54:21 |[34;20m INFO     [0m|[34;20m nipype.workflow  [0m|[34;20m [Node] Setting-up "_timeseries0" in "/local/nvme/ds004996_31.784026/ds/tmp/mriqc_wf/funcMRIQC/ComputeIQMs/72ce733afd07d3d67ef089f1def8b12259af60d2/timeseries/mapflow/_timeseries0".[0m
2026-03-27 02:54:21 |[34;20m INFO     [0m|[34;20m nipype.workflow  [0m|[34;20m [Node] Executing "_timeseries0" <mriqc.interfaces.functional.GatherTimeseries>[0m
2026-03-27 02:54:21 |[34;20m INFO     [0m|[34;20m nipype.workflow  [0m|[34;20m [Node] Finished "_timeseries0", elapsed time 0.021201s.[0m
2026-03-27 02:54:21 |[34;20m INFO     [0m|[34;20m nipype.workflow  [0m|[34;20m [Node] Finished "_timeseries0", elapsed time 0.025737s.[0m
2026-03-27 02:54:22 |[34;20m INFO     [0m|[34;20m nipype.workflow  [0m|[34;20m [Node] Finished "_measures0", elapsed time 1.094918s.[0m
2026-03-27 02:54:23 |[34;20m INFO     [0m|[34;20m nipype.workflow  [0m|[34;20m [Node] Setting-up "_measures0" in "/local/nvme/ds004996_31.784026/ds/tmp/mriqc_wf/funcMRIQC/ComputeIQMs/72ce733afd07d3d67ef089f1def8b12259af60d2/measures/mapflow/_measures0".[0m
2026-03-27 02:54:23 |[34;20m INFO     [0m|[34;20m nipype.workflow  [0m|[34;20m [Node] Executing "_measures0" <mriqc.interfaces.functional.FunctionalQC>[0m
2026-03-27 02:54:23 |[34;20m INFO     [0m|[34;20m nipype.workflow  [0m|[34;20m [Node] Setting-up "_datasink0" in "/local/nvme/ds004996_31.784026/ds/tmp/mriqc_wf/funcMRIQC/ComputeIQMs/be4e917fbef8469cf879b85b8ba581a57de57461/datasink/mapflow/_datasink0".[0m
2026-03-27 02:54:23 |[34;20m INFO     [0m|[34;20m nipype.workflow  [0m|[34;20m [Node] Executing "_datasink0" <mriqc.interfaces.bids.IQMFileSink>[0m
2026-03-27 02:54:23 |[34;20m INFO     [0m|[34;20m nipype.workflow  [0m|[34;20m [Node] Finished "_datasink0", elapsed time 0.001714s.[0m
2026-03-27 02:54:23 |[34;20m INFO     [0m|[34;20m nipype.workflow  [0m|[34;20m [Node] Setting-up "_ds_timeseries0" in "/local/nvme/ds004996_31.784026/ds/tmp/mriqc_wf/funcMRIQC/ComputeIQMs/be4e917fbef8469cf879b85b8ba581a57de57461/ds_timeseries/mapflow/_ds_timeseries0".[0m
2026-03-27 02:54:23 |[34;20m INFO     [0m|[34;20m nipype.workflow  [0m|[34;20m [Node] Executing "_ds_timeseries0" <mriqc.interfaces.DerivativesDataSink>[0m
2026-03-27 02:54:23 |[34;20m INFO     [0m|[34;20m nipype.workflow  [0m|[34;20m [Node] Finished "_ds_timeseries0", elapsed time 0.004366s.[0m
2026-03-27 02:54:23 |[34;20m INFO     [0m|[34;20m nipype.workflow  [0m|[34;20m [Node] Setting-up "_ds_timeseries0" in "/local/nvme/ds004996_31.784026/ds/tmp/mriqc_wf/funcMRIQC/ComputeIQMs/72ce733afd07d3d67ef089f1def8b12259af60d2/ds_timeseries/mapflow/_ds_timeseries0".[0m
2026-03-27 02:54:23 |[34;20m INFO     [0m|[34;20m nipype.workflow  [0m|[34;20m [Node] Executing "_ds_timeseries0" <mriqc.interfaces.DerivativesDataSink>[0m
2026-03-27 02:54:23 |[34;20m INFO     [0m|[34;20m nipype.workflow  [0m|[34;20m [Node] Finished "_ds_timeseries0", elapsed time 0.004403s.[0m
2026-03-27 02:54:23 |[34;20m INFO     [0m|[34;20m nipype.workflow  [0m|[34;20m [Node] Setting-up "_BigPlot0" in "/local/nvme/ds004996_31.784026/ds/tmp/mriqc_wf/funcMRIQC/func_report_wf/be4e917fbef8469cf879b85b8ba581a57de57461/BigPlot/mapflow/_BigPlot0".[0m
2026-03-27 02:54:23 |[34;20m INFO     [0m|[34;20m nipype.workflow  [0m|[34;20m [Node] Executing "_BigPlot0" <nireports.interfaces.fmri.FMRISummary>[0m
2026-03-27 02:54:24 |[34;20m INFO     [0m|[34;20m nipype.workflow  [0m|[34;20m [Node] Finished "_measures0", elapsed time 1.269367s.[0m
2026-03-27 02:54:25 |[34;20m INFO     [0m|[34;20m nipype.workflow  [0m|[34;20m [Node] Setting-up "_datasink0" in "/local/nvme/ds004996_31.784026/ds/tmp/mriqc_wf/funcMRIQC/ComputeIQMs/72ce733afd07d3d67ef089f1def8b12259af60d2/datasink/mapflow/_datasink0".[0m
2026-03-27 02:54:25 |[34;20m INFO     [0m|[34;20m nipype.workflow  [0m|[34;20m [Node] Executing "_datasink0" <mriqc.interfaces.bids.IQMFileSink>[0m
2026-03-27 02:54:25 |[34;20m INFO     [0m|[34;20m nipype.workflow  [0m|[34;20m [Node] Finished "_datasink0", elapsed time 0.00065s.[0m
2026-03-27 02:54:25 |[34;20m INFO     [0m|[34;20m nipype.workflow  [0m|[34;20m [Node] Finished "_ComputeDVARS0", elapsed time 18.043358s.[0m
2026-03-27 02:54:27 |[34;20m INFO     [0m|[34;20m nipype.workflow  [0m|[34;20m [Node] Setting-up "_measures0" in "/local/nvme/ds004996_31.784026/ds/tmp/mriqc_wf/funcMRIQC/ComputeIQMs/47144f6366a600846ca46ba70ba6ceaf4713d1a6/measures/mapflow/_measures0".[0m
2026-03-27 02:54:27 |[34;20m INFO     [0m|[34;20m nipype.workflow  [0m|[34;20m [Node] Executing "_measures0" <mriqc.interfaces.functional.FunctionalQC>[0m
2026-03-27 02:54:27 |[34;20m INFO     [0m|[34;20m nipype.workflow  [0m|[34;20m [Node] Setting-up "_timeseries0" in "/local/nvme/ds004996_31.784026/ds/tmp/mriqc_wf/funcMRIQC/ComputeIQMs/47144f6366a600846ca46ba70ba6ceaf4713d1a6/timeseries/mapflow/_timeseries0".[0m
2026-03-27 02:54:27 |[34;20m INFO     [0m|[34;20m nipype.workflow  [0m|[34;20m [Node] Executing "_timeseries0" <mriqc.interfaces.functional.GatherTimeseries>[0m
2026-03-27 02:54:27 |[34;20m INFO     [0m|[34;20m nipype.workflow  [0m|[34;20m [Node] Finished "_timeseries0", elapsed time 0.032998s.[0m
2026-03-27 02:54:28 |[34;20m INFO     [0m|[34;20m nipype.workflow  [0m|[34;20m [Node] Finished "_measures0", elapsed time 1.005806s.[0m
2026-03-27 02:54:28 |[34;20m INFO     [0m|[34;20m nipype.workflow  [0m|[34;20m [Node] Finished "_BigPlot0", elapsed time 4.660608s.[0m
2026-03-27 02:54:29 |[34;20m INFO     [0m|[34;20m nipype.workflow  [0m|[34;20m [Node] Setting-up "mriqc_wf.funcMRIQC.synthstrip_wf.post_n4" in "/local/nvme/ds004996_31.784026/ds/tmp/mriqc_wf/funcMRIQC/synthstrip_wf/72ce733afd07d3d67ef089f1def8b12259af60d2/post_n4".[0m
2026-03-27 02:54:29 |[34;20m INFO     [0m|[34;20m nipype.workflow  [0m|[34;20m [Node] Executing "post_n4" <nipype.interfaces.ants.segmentation.N4BiasFieldCorrection>[0m
2026-03-27 02:54:30 |[34;20m INFO     [0m|[34;20m nipype.workflow  [0m|[34;20m [Node] Finished "post_n4", elapsed time 0.905474s.[0m
2026-03-27 02:54:31 |[34;20m INFO     [0m|[34;20m nipype.workflow  [0m|[34;20m [Node] Setting-up "mriqc_wf.funcMRIQC.SpatialNormalization.EPI2MNI" in "/local/nvme/ds004996_31.784026/ds/tmp/mriqc_wf/funcMRIQC/SpatialNormalization/72ce733afd07d3d67ef089f1def8b12259af60d2/EPI2MNI".[0m
2026-03-27 02:54:31 |[34;20m INFO     [0m|[34;20m nipype.workflow  [0m|[34;20m [Node] Executing "EPI2MNI" <niworkflows.interfaces.reportlets.registration.SpatialNormalizationRPT>[0m
2026-03-27 02:54:31 |[34;20m INFO     [0m|[34;20m niworkflows      [0m|[34;20m Estimating initial transform using AffineInitializer[0m
2026-03-27 02:54:37 |[34;20m INFO     [0m|[34;20m niworkflows      [0m|[34;20m Terminal outputs of initialization saved (/local/nvme/ds004996_31.784026/ds/tmp/mriqc_wf/funcMRIQC/SpatialNormalization/72ce733afd07d3d67ef089f1def8b12259af60d2/EPI2MNI/stderr.nipype-init).[0m
2026-03-27 02:54:37 |[34;20m INFO     [0m|[34;20m niworkflows      [0m|[34;20m Loading settings from file /opt/conda/lib/python3.11/site-packages/niworkflows/data/boldref-mni_registration_precise_000.json.[0m
2026-03-27 02:54:37 |[34;20m INFO     [0m|[34;20m niworkflows      [0m|[34;20m Retry #1, commandline: 
antsRegistration --collapse-output-transforms 1 --dimensionality 3 --float 0 --initial-moving-transform [ /local/nvme/ds004996_31.784026/ds/tmp/mriqc_wf/funcMRIQC/SpatialNormalization/72ce733afd07d3d67ef089f1def8b12259af60d2/EPI2MNI/transform.mat, 0 ] --initialize-transforms-per-stage 0 --interpolation LanczosWindowedSinc --output [ epi_to_mni, epi_to_mni_Warped.nii.gz ] --transform Rigid[ 0.05 ] --metric Mattes[ /templateflow/tpl-MNI152NLin2009cAsym/tpl-MNI152NLin2009cAsym_res-02_desc-fMRIPrep_boldref.nii.gz, /local/nvme/ds004996_31.784026/ds/tmp/mriqc_wf/funcMRIQC/SpatialNormalization/72ce733afd07d3d67ef089f1def8b12259af60d2/SharpenEPI/sub-31_task-conversation_run-02_desc-realigned_bold_tstat_corrected.nii.gz, 1, 56, Regular, 0.25 ] --convergence [ 10000x1000x100, 1e-06, 20 ] --smoothing-sigmas 4.0x2.0x1.0vox --shrink-factors 4x2x1 --use-histogram-matching 1 --masks [ /templateflow/tpl-MNI152NLin2009cAsym/tpl-MNI152NLin2009cAsym_res-02_desc-brain_mask.nii.gz, /local/nvme/ds004996_31.784026/ds/tmp/mriqc_wf/funcMRIQC/synthstrip_wf/72ce733afd07d3d67ef089f1def8b12259af60d2/synthstrip/clipped_corrected_desc-brain_mask.nii.gz ] --transform Affine[ 0.08 ] --metric Mattes[ /templateflow/tpl-MNI152NLin2009cAsym/tpl-MNI152NLin2009cAsym_res-02_desc-fMRIPrep_boldref.nii.gz, /local/nvme/ds004996_31.784026/ds/tmp/mriqc_wf/funcMRIQC/SpatialNormalization/72ce733afd07d3d67ef089f1def8b12259af60d2/SharpenEPI/sub-31_task-conversation_run-02_desc-realigned_bold_tstat_corrected.nii.gz, 1, 56, Regular, 0.25 ] --convergence [ 500x250x100, 1e-06, 20 ] --smoothing-sigmas 4.0x2.0x1.0vox --shrink-factors 8x4x2 --use-histogram-matching 1 --masks [ /templateflow/tpl-MNI152NLin2009cAsym/tpl-MNI152NLin2009cAsym_res-02_desc-brain_mask.nii.gz, /local/nvme/ds004996_31.784026/ds/tmp/mriqc_wf/funcMRIQC/synthstrip_wf/72ce733afd07d3d67ef089f1def8b12259af60d2/synthstrip/clipped_corrected_desc-brain_mask.nii.gz ] --transform SyN[ 0.1, 3.0, 0.0 ] --metric CC[ /templateflow/tpl-MNI152NLin2009cAsym/tpl-MNI152NLin2009cAsym_res-02_desc-fMRIPrep_boldref.nii.gz, /local/nvme/ds004996_31.784026/ds/tmp/mriqc_wf/funcMRIQC/SpatialNormalization/72ce733afd07d3d67ef089f1def8b12259af60d2/SharpenEPI/sub-31_task-conversation_run-02_desc-realigned_bold_tstat_corrected.nii.gz, 1, 4, None, 1 ] --convergence [ 100x30x20, 1e-06, 10 ] --smoothing-sigmas 3.0x2.0x1.0vox --shrink-factors 8x4x2 --use-histogram-matching 1 --masks [ /templateflow/tpl-MNI152NLin2009cAsym/tpl-MNI152NLin2009cAsym_res-02_desc-brain_mask.nii.gz, /local/nvme/ds004996_31.784026/ds/tmp/mriqc_wf/funcMRIQC/synthstrip_wf/72ce733afd07d3d67ef089f1def8b12259af60d2/synthstrip/clipped_corrected_desc-brain_mask.nii.gz ] --winsorize-image-intensities [ 0.005, 0.995 ]  --write-composite-transform 1[0m
2026-03-27 02:54:48 |[34;20m INFO     [0m|[34;20m niworkflows      [0m|[34;20m Successful spatial normalization (retry #1).[0m
2026-03-27 02:54:48 |[34;20m INFO     [0m|[34;20m niworkflows      [0m|[34;20m Report - setting fixed (/templateflow/tpl-MNI152NLin2009cAsym/tpl-MNI152NLin2009cAsym_res-02_desc-fMRIPrep_boldref.nii.gz) and moving (/local/nvme/ds004996_31.784026/ds/tmp/mriqc_wf/funcMRIQC/SpatialNormalization/72ce733afd07d3d67ef089f1def8b12259af60d2/EPI2MNI/epi_to_mni_Warped.nii.gz) images[0m
2026-03-27 02:54:48 |[34;20m INFO     [0m|[34;20m niworkflows      [0m|[34;20m Generating visual report[0m
2026-03-27 02:55:03 |[34;20m INFO     [0m|[34;20m nipype.workflow  [0m|[34;20m [Node] Finished "EPI2MNI", elapsed time 32.478957s.[0m
2026-03-27 02:55:05 |[34;20m INFO     [0m|[34;20m nipype.workflow  [0m|[34;20m [Node] Setting-up "mriqc_wf.funcMRIQC.synthstrip_wf.post_n4" in "/local/nvme/ds004996_31.784026/ds/tmp/mriqc_wf/funcMRIQC/synthstrip_wf/47144f6366a600846ca46ba70ba6ceaf4713d1a6/post_n4".[0m
2026-03-27 02:55:05 |[34;20m INFO     [0m|[34;20m nipype.workflow  [0m|[34;20m [Node] Executing "post_n4" <nipype.interfaces.ants.segmentation.N4BiasFieldCorrection>[0m
2026-03-27 02:55:06 |[34;20m INFO     [0m|[34;20m nipype.workflow  [0m|[34;20m [Node] Finished "post_n4", elapsed time 0.890361s.[0m
2026-03-27 02:55:07 |[34;20m INFO     [0m|[34;20m nipype.workflow  [0m|[34;20m [Node] Setting-up "mriqc_wf.funcMRIQC.SpatialNormalization.EPI2MNI" in "/local/nvme/ds004996_31.784026/ds/tmp/mriqc_wf/funcMRIQC/SpatialNormalization/47144f6366a600846ca46ba70ba6ceaf4713d1a6/EPI2MNI".[0m
2026-03-27 02:55:07 |[34;20m INFO     [0m|[34;20m nipype.workflow  [0m|[34;20m [Node] Executing "EPI2MNI" <niworkflows.interfaces.reportlets.registration.SpatialNormalizationRPT>[0m
2026-03-27 02:55:07 |[34;20m INFO     [0m|[34;20m niworkflows      [0m|[34;20m Estimating initial transform using AffineInitializer[0m
2026-03-27 02:55:12 |[34;20m INFO     [0m|[34;20m niworkflows      [0m|[34;20m Terminal outputs of initialization saved (/local/nvme/ds004996_31.784026/ds/tmp/mriqc_wf/funcMRIQC/SpatialNormalization/47144f6366a600846ca46ba70ba6ceaf4713d1a6/EPI2MNI/stderr.nipype-init).[0m
2026-03-27 02:55:12 |[34;20m INFO     [0m|[34;20m niworkflows      [0m|[34;20m Loading settings from file /opt/conda/lib/python3.11/site-packages/niworkflows/data/boldref-mni_registration_precise_000.json.[0m
2026-03-27 02:55:12 |[34;20m INFO     [0m|[34;20m niworkflows      [0m|[34;20m Retry #1, commandline: 
antsRegistration --collapse-output-transforms 1 --dimensionality 3 --float 0 --initial-moving-transform [ /local/nvme/ds004996_31.784026/ds/tmp/mriqc_wf/funcMRIQC/SpatialNormalization/47144f6366a600846ca46ba70ba6ceaf4713d1a6/EPI2MNI/transform.mat, 0 ] --initialize-transforms-per-stage 0 --interpolation LanczosWindowedSinc --output [ epi_to_mni, epi_to_mni_Warped.nii.gz ] --transform Rigid[ 0.05 ] --metric Mattes[ /templateflow/tpl-MNI152NLin2009cAsym/tpl-MNI152NLin2009cAsym_res-02_desc-fMRIPrep_boldref.nii.gz, /local/nvme/ds004996_31.784026/ds/tmp/mriqc_wf/funcMRIQC/SpatialNormalization/47144f6366a600846ca46ba70ba6ceaf4713d1a6/SharpenEPI/sub-31_task-conversation_run-03_desc-realigned_bold_tstat_corrected.nii.gz, 1, 56, Regular, 0.25 ] --convergence [ 10000x1000x100, 1e-06, 20 ] --smoothing-sigmas 4.0x2.0x1.0vox --shrink-factors 4x2x1 --use-histogram-matching 1 --masks [ /templateflow/tpl-MNI152NLin2009cAsym/tpl-MNI152NLin2009cAsym_res-02_desc-brain_mask.nii.gz, /local/nvme/ds004996_31.784026/ds/tmp/mriqc_wf/funcMRIQC/synthstrip_wf/47144f6366a600846ca46ba70ba6ceaf4713d1a6/synthstrip/clipped_corrected_desc-brain_mask.nii.gz ] --transform Affine[ 0.08 ] --metric Mattes[ /templateflow/tpl-MNI152NLin2009cAsym/tpl-MNI152NLin2009cAsym_res-02_desc-fMRIPrep_boldref.nii.gz, /local/nvme/ds004996_31.784026/ds/tmp/mriqc_wf/funcMRIQC/SpatialNormalization/47144f6366a600846ca46ba70ba6ceaf4713d1a6/SharpenEPI/sub-31_task-conversation_run-03_desc-realigned_bold_tstat_corrected.nii.gz, 1, 56, Regular, 0.25 ] --convergence [ 500x250x100, 1e-06, 20 ] --smoothing-sigmas 4.0x2.0x1.0vox --shrink-factors 8x4x2 --use-histogram-matching 1 --masks [ /templateflow/tpl-MNI152NLin2009cAsym/tpl-MNI152NLin2009cAsym_res-02_desc-brain_mask.nii.gz, /local/nvme/ds004996_31.784026/ds/tmp/mriqc_wf/funcMRIQC/synthstrip_wf/47144f6366a600846ca46ba70ba6ceaf4713d1a6/synthstrip/clipped_corrected_desc-brain_mask.nii.gz ] --transform SyN[ 0.1, 3.0, 0.0 ] --metric CC[ /templateflow/tpl-MNI152NLin2009cAsym/tpl-MNI152NLin2009cAsym_res-02_desc-fMRIPrep_boldref.nii.gz, /local/nvme/ds004996_31.784026/ds/tmp/mriqc_wf/funcMRIQC/SpatialNormalization/47144f6366a600846ca46ba70ba6ceaf4713d1a6/SharpenEPI/sub-31_task-conversation_run-03_desc-realigned_bold_tstat_corrected.nii.gz, 1, 4, None, 1 ] --convergence [ 100x30x20, 1e-06, 10 ] --smoothing-sigmas 3.0x2.0x1.0vox --shrink-factors 8x4x2 --use-histogram-matching 1 --masks [ /templateflow/tpl-MNI152NLin2009cAsym/tpl-MNI152NLin2009cAsym_res-02_desc-brain_mask.nii.gz, /local/nvme/ds004996_31.784026/ds/tmp/mriqc_wf/funcMRIQC/synthstrip_wf/47144f6366a600846ca46ba70ba6ceaf4713d1a6/synthstrip/clipped_corrected_desc-brain_mask.nii.gz ] --winsorize-image-intensities [ 0.005, 0.995 ]  --write-composite-transform 1[0m
2026-03-27 02:55:24 |[34;20m INFO     [0m|[34;20m niworkflows      [0m|[34;20m Successful spatial normalization (retry #1).[0m
2026-03-27 02:55:24 |[34;20m INFO     [0m|[34;20m niworkflows      [0m|[34;20m Report - setting fixed (/templateflow/tpl-MNI152NLin2009cAsym/tpl-MNI152NLin2009cAsym_res-02_desc-fMRIPrep_boldref.nii.gz) and moving (/local/nvme/ds004996_31.784026/ds/tmp/mriqc_wf/funcMRIQC/SpatialNormalization/47144f6366a600846ca46ba70ba6ceaf4713d1a6/EPI2MNI/epi_to_mni_Warped.nii.gz) images[0m
2026-03-27 02:55:24 |[34;20m INFO     [0m|[34;20m niworkflows      [0m|[34;20m Generating visual report[0m
2026-03-27 02:55:39 |[34;20m INFO     [0m|[34;20m nipype.workflow  [0m|[34;20m [Node] Finished "EPI2MNI", elapsed time 32.12582s.[0m
2026-03-27 02:55:41 |[34;20m INFO     [0m|[34;20m nipype.workflow  [0m|[34;20m [Node] Setting-up "mriqc_wf.funcMRIQC.func_report_wf.ds_report_norm" in "/local/nvme/ds004996_31.784026/ds/tmp/mriqc_wf/funcMRIQC/func_report_wf/72ce733afd07d3d67ef089f1def8b12259af60d2/ds_report_norm".[0m
2026-03-27 02:55:41 |[34;20m INFO     [0m|[34;20m nipype.workflow  [0m|[34;20m [Node] Setting-up "mriqc_wf.funcMRIQC.synthstrip_wf.final_masked" in "/local/nvme/ds004996_31.784026/ds/tmp/mriqc_wf/funcMRIQC/synthstrip_wf/72ce733afd07d3d67ef089f1def8b12259af60d2/final_masked".[0m
2026-03-27 02:55:41 |[34;20m INFO     [0m|[34;20m nipype.workflow  [0m|[34;20m [Node] Setting-up "mriqc_wf.funcMRIQC.SpatialNormalization.ResampleSegmentation" in "/local/nvme/ds004996_31.784026/ds/tmp/mriqc_wf/funcMRIQC/SpatialNormalization/72ce733afd07d3d67ef089f1def8b12259af60d2/ResampleSegmentation".[0m
2026-03-27 02:55:41 |[34;20m INFO     [0m|[34;20m nipype.workflow  [0m|[34;20m [Node] Executing "ds_report_norm" <mriqc.interfaces.DerivativesDataSink>[0m
2026-03-27 02:55:41 |[34;20m INFO     [0m|[34;20m nipype.workflow  [0m|[34;20m [Node] Executing "final_masked" <niworkflows.interfaces.nibabel.ApplyMask>[0m
2026-03-27 02:55:41 |[34;20m INFO     [0m|[34;20m nipype.workflow  [0m|[34;20m [Node] Executing "ResampleSegmentation" <nipype.interfaces.ants.resampling.ApplyTransforms>[0m
2026-03-27 02:55:41 |[34;20m INFO     [0m|[34;20m nipype.workflow  [0m|[34;20m [Node] Finished "ds_report_norm", elapsed time 0.005146s.[0m
2026-03-27 02:55:41 |[34;20m INFO     [0m|[34;20m nipype.workflow  [0m|[34;20m [Node] Finished "final_masked", elapsed time 0.039184s.[0m
2026-03-27 02:55:41 |[34;20m INFO     [0m|[34;20m nipype.workflow  [0m|[34;20m [Node] Setting-up "mriqc_wf.funcMRIQC.func_report_wf.ds_report_norm" in "/local/nvme/ds004996_31.784026/ds/tmp/mriqc_wf/funcMRIQC/func_report_wf/47144f6366a600846ca46ba70ba6ceaf4713d1a6/ds_report_norm".[0m
2026-03-27 02:55:41 |[34;20m INFO     [0m|[34;20m nipype.workflow  [0m|[34;20m [Node] Setting-up "mriqc_wf.funcMRIQC.synthstrip_wf.final_masked" in "/local/nvme/ds004996_31.784026/ds/tmp/mriqc_wf/funcMRIQC/synthstrip_wf/47144f6366a600846ca46ba70ba6ceaf4713d1a6/final_masked".[0m
2026-03-27 02:55:41 |[34;20m INFO     [0m|[34;20m nipype.workflow  [0m|[34;20m [Node] Executing "final_masked" <niworkflows.interfaces.nibabel.ApplyMask>[0m
2026-03-27 02:55:41 |[34;20m INFO     [0m|[34;20m nipype.workflow  [0m|[34;20m [Node] Executing "ds_report_norm" <mriqc.interfaces.DerivativesDataSink>[0m
2026-03-27 02:55:41 |[34;20m INFO     [0m|[34;20m nipype.workflow  [0m|[34;20m [Node] Setting-up "mriqc_wf.funcMRIQC.SpatialNormalization.ResampleSegmentation" in "/local/nvme/ds004996_31.784026/ds/tmp/mriqc_wf/funcMRIQC/SpatialNormalization/47144f6366a600846ca46ba70ba6ceaf4713d1a6/ResampleSegmentation".[0m
2026-03-27 02:55:41 |[34;20m INFO     [0m|[34;20m nipype.workflow  [0m|[34;20m [Node] Executing "ResampleSegmentation" <nipype.interfaces.ants.resampling.ApplyTransforms>[0m
2026-03-27 02:55:41 |[34;20m INFO     [0m|[34;20m nipype.workflow  [0m|[34;20m [Node] Finished "ds_report_norm", elapsed time 0.005025s.[0m
2026-03-27 02:55:41 |[34;20m INFO     [0m|[34;20m nipype.workflow  [0m|[34;20m [Node] Finished "final_masked", elapsed time 0.030165s.[0m
2026-03-27 02:55:41 |[34;20m INFO     [0m|[34;20m nipype.workflow  [0m|[34;20m [Node] Setting-up "_datasink0" in "/local/nvme/ds004996_31.784026/ds/tmp/mriqc_wf/funcMRIQC/ComputeIQMs/47144f6366a600846ca46ba70ba6ceaf4713d1a6/datasink/mapflow/_datasink0".[0m
2026-03-27 02:55:41 |[34;20m INFO     [0m|[34;20m nipype.workflow  [0m|[34;20m [Node] Executing "_datasink0" <mriqc.interfaces.bids.IQMFileSink>[0m
2026-03-27 02:55:41 |[34;20m INFO     [0m|[34;20m nipype.workflow  [0m|[34;20m [Node] Finished "_datasink0", elapsed time 0.000603s.[0m
2026-03-27 02:55:41 |[34;20m INFO     [0m|[34;20m nipype.workflow  [0m|[34;20m [Node] Setting-up "_ds_timeseries0" in "/local/nvme/ds004996_31.784026/ds/tmp/mriqc_wf/funcMRIQC/ComputeIQMs/47144f6366a600846ca46ba70ba6ceaf4713d1a6/ds_timeseries/mapflow/_ds_timeseries0".[0m
2026-03-27 02:55:41 |[34;20m INFO     [0m|[34;20m nipype.workflow  [0m|[34;20m [Node] Executing "_ds_timeseries0" <mriqc.interfaces.DerivativesDataSink>[0m
2026-03-27 02:55:41 |[34;20m INFO     [0m|[34;20m nipype.workflow  [0m|[34;20m [Node] Finished "_ds_timeseries0", elapsed time 0.00401s.[0m
2026-03-27 02:55:41 |[34;20m INFO     [0m|[34;20m nipype.workflow  [0m|[34;20m [Node] Setting-up "_ds_report_carpet0" in "/local/nvme/ds004996_31.784026/ds/tmp/mriqc_wf/funcMRIQC/func_report_wf/be4e917fbef8469cf879b85b8ba581a57de57461/ds_report_carpet/mapflow/_ds_report_carpet0".[0m
2026-03-27 02:55:41 |[34;20m INFO     [0m|[34;20m nipype.workflow  [0m|[34;20m [Node] Executing "_ds_report_carpet0" <mriqc.interfaces.DerivativesDataSink>[0m
2026-03-27 02:55:41 |[34;20m INFO     [0m|[34;20m nipype.workflow  [0m|[34;20m [Node] Finished "_ds_report_carpet0", elapsed time 0.005024s.[0m
2026-03-27 02:55:43 |[34;20m INFO     [0m|[34;20m nipype.workflow  [0m|[34;20m [Node] Finished "ResampleSegmentation", elapsed time 2.394866s.[0m
2026-03-27 02:55:43 |[34;20m INFO     [0m|[34;20m nipype.workflow  [0m|[34;20m [Node] Finished "ResampleSegmentation", elapsed time 2.427133s.[0m
2026-03-27 02:55:45 |[34;20m INFO     [0m|[34;20m nipype.workflow  [0m|[34;20m [Node] Setting-up "mriqc_wf.funcMRIQC.func_report_wf.parcels" in "/local/nvme/ds004996_31.784026/ds/tmp/mriqc_wf/funcMRIQC/func_report_wf/72ce733afd07d3d67ef089f1def8b12259af60d2/parcels".[0m
2026-03-27 02:55:45 |[34;20m INFO     [0m|[34;20m nipype.workflow  [0m|[34;20m [Node] Setting-up "mriqc_wf.funcMRIQC.func_report_wf.parcels" in "/local/nvme/ds004996_31.784026/ds/tmp/mriqc_wf/funcMRIQC/func_report_wf/47144f6366a600846ca46ba70ba6ceaf4713d1a6/parcels".[0m
2026-03-27 02:55:45 |[34;20m INFO     [0m|[34;20m nipype.workflow  [0m|[34;20m [Node] Executing "parcels" <nipype.interfaces.utility.wrappers.Function>[0m
2026-03-27 02:55:45 |[34;20m INFO     [0m|[34;20m nipype.workflow  [0m|[34;20m [Node] Executing "parcels" <nipype.interfaces.utility.wrappers.Function>[0m
2026-03-27 02:55:45 |[34;20m INFO     [0m|[34;20m nipype.workflow  [0m|[34;20m [Node] Finished "parcels", elapsed time 0.022517s.[0m
2026-03-27 02:55:45 |[34;20m INFO     [0m|[34;20m nipype.workflow  [0m|[34;20m [Node] Finished "parcels", elapsed time 0.024714s.[0m
2026-03-27 02:55:47 |[34;20m INFO     [0m|[34;20m nipype.workflow  [0m|[34;20m [Node] Setting-up "_BigPlot0" in "/local/nvme/ds004996_31.784026/ds/tmp/mriqc_wf/funcMRIQC/func_report_wf/72ce733afd07d3d67ef089f1def8b12259af60d2/BigPlot/mapflow/_BigPlot0".[0m
2026-03-27 02:55:47 |[34;20m INFO     [0m|[34;20m nipype.workflow  [0m|[34;20m [Node] Executing "_BigPlot0" <nireports.interfaces.fmri.FMRISummary>[0m
2026-03-27 02:55:47 |[34;20m INFO     [0m|[34;20m nipype.workflow  [0m|[34;20m [Node] Setting-up "_BigPlot0" in "/local/nvme/ds004996_31.784026/ds/tmp/mriqc_wf/funcMRIQC/func_report_wf/47144f6366a600846ca46ba70ba6ceaf4713d1a6/BigPlot/mapflow/_BigPlot0".[0m
2026-03-27 02:55:47 |[34;20m INFO     [0m|[34;20m nipype.workflow  [0m|[34;20m [Node] Executing "_BigPlot0" <nireports.interfaces.fmri.FMRISummary>[0m
2026-03-27 02:55:51 |[34;20m INFO     [0m|[34;20m nipype.workflow  [0m|[34;20m [Node] Finished "_BigPlot0", elapsed time 4.154391s.[0m
2026-03-27 02:55:51 |[34;20m INFO     [0m|[34;20m nipype.workflow  [0m|[34;20m [Node] Finished "_BigPlot0", elapsed time 4.172119s.[0m
2026-03-27 02:55:53 |[34;20m INFO     [0m|[34;20m nipype.workflow  [0m|[34;20m [Node] Setting-up "_ds_report_carpet0" in "/local/nvme/ds004996_31.784026/ds/tmp/mriqc_wf/funcMRIQC/func_report_wf/72ce733afd07d3d67ef089f1def8b12259af60d2/ds_report_carpet/mapflow/_ds_report_carpet0".[0m
2026-03-27 02:55:53 |[34;20m INFO     [0m|[34;20m nipype.workflow  [0m|[34;20m [Node] Executing "_ds_report_carpet0" <mriqc.interfaces.DerivativesDataSink>[0m
2026-03-27 02:55:53 |[34;20m INFO     [0m|[34;20m nipype.workflow  [0m|[34;20m [Node] Finished "_ds_report_carpet0", elapsed time 0.004681s.[0m
2026-03-27 02:55:53 |[34;20m INFO     [0m|[34;20m nipype.workflow  [0m|[34;20m [Node] Setting-up "_ds_report_carpet0" in "/local/nvme/ds004996_31.784026/ds/tmp/mriqc_wf/funcMRIQC/func_report_wf/47144f6366a600846ca46ba70ba6ceaf4713d1a6/ds_report_carpet/mapflow/_ds_report_carpet0".[0m
2026-03-27 02:55:53 |[34;20m INFO     [0m|[34;20m nipype.workflow  [0m|[34;20m [Node] Executing "_ds_report_carpet0" <mriqc.interfaces.DerivativesDataSink>[0m
2026-03-27 02:55:53 |[34;20m INFO     [0m|[34;20m nipype.workflow  [0m|[34;20m [Node] Finished "_ds_report_carpet0", elapsed time 0.004802s.[0m
2026-03-27 02:55:55 |[34;20m INFO     [0m|[34;20m nipype.workflow  [0m|[34;20m Generating reports...[0m
2026-03-27 02:55:55 |[34;20m INFO     [0m|[34;20m nipype.workflow  [0m|[34;20m Report generation finished (3 reports).[0m
2026-03-27 02:55:55 |[33;20m IMPORTANT [0m|[33;20m mriqc            [0m|[33;20m Participant level finished successfully averaging 00h 06min 36s per subject.[0m
2026-03-27 02:55:55 |[34;20m INFO     [0m|[34;20m mriqc            [0m|[34;20m Generating BIDS derivatives metadata.[0m
----------------------------------------------------------------
  MRIQC completed (elapsed time 00h 19min 49s).
----------------------------------------------------------------

