------------------------------------------------------------------
  Running MRIQC version 24.1.0.dev0+gd5b13cb5.d20240826
  ----------------------------------------------------------------

  NOTICE
  Copyright © The NiPreps Developers.
  
  This product includes software developed by
  the NiPreps Community (https://nipreps.org/).
  
  Portions of this software were developed at the Department of
  Psychology at Stanford University, Stanford, CA, US.
  
  This software contains code ultimately derived from the
  PCP Quality Assessment Protocol (QAP;
  http://preprocessed-connectomes-project.org/quality-assessment-protocol)
  by C. Craddock, S. Giavasis, D. Clark, Z. Shezhad, and J. Pellman.
  
  This software is also distributed as a Docker container image.
  The bootstrapping file for the image ("Dockerfile") is licensed
  under the MIT License.

  ----------------------------------------------------------------

  * BIDS dataset path: /local/nvme/ds004996_13.784026/ds/sourcedata/raw.
  * Output folder: mriqc.
  * Analysis levels: ['participant'].
------------------------------------------------------------------

2026-03-27 02:10:03 |[33;20m IMPORTANT [0m|[33;20m mriqc            [0m|[33;20m Extracting metadata and entities for 3 input runs of modality 'bold'...[0m
2026-03-27 02:10:03 |[33;20m IMPORTANT [0m|[33;20m mriqc            [0m|[33;20m File size ('bold'): 0.41|0.41 GB [maximum|average].[0m
2026-03-27 02:10:03 |[34;20m INFO     [0m|[34;20m mriqc            [0m|[34;20m MRIQC config file: /local/nvme/ds004996_13.784026/ds/tmp/config-20260327-020954_27c3efca-9b98-4b0c-9746-bcb83ee674e3.toml.[0m
2026-03-27 02:10:07 |[34;20m INFO     [0m|[34;20m matplotlib.font_manager [0m|[34;20m generated new fontManager[0m
2026-03-27 02:10:09 |[33;20m IMPORTANT [0m|[33;20m mriqc            [0m|[33;20m Building MRIQC's workflows...[0m
2026-03-27 02:10:09 |[34;20m INFO     [0m|[34;20m nipype.workflow  [0m|[34;20m Building functional MRIQC workflow for 3 BOLD runs..[0m
2026-03-27 02:10:15 |[33;20m IMPORTANT [0m|[33;20m mriqc            [0m|[33;20m Workflow building finished (exit code 0).[0m
2026-03-27 02:10:20 |[34;20m INFO     [0m|[34;20m nipype.workflow  [0m|[34;20m Workflow mriqc_wf settings: ['check', 'execution', 'logging', 'monitoring'][0m
2026-03-27 02:10:20 |[34;20m INFO     [0m|[34;20m nipype.workflow  [0m|[34;20m [Node] Setting-up "mriqc_wf.funcMRIQC.pick_echo" in "/local/nvme/ds004996_13.784026/ds/tmp/mriqc_wf/funcMRIQC/d76f2e3aea70544a99c21b720db0888357a47949/pick_echo".[0m
2026-03-27 02:10:20 |[34;20m INFO     [0m|[34;20m nipype.workflow  [0m|[34;20m [Node] Setting-up "_provenance0" in "/local/nvme/ds004996_13.784026/ds/tmp/mriqc_wf/funcMRIQC/ComputeIQMs/d76f2e3aea70544a99c21b720db0888357a47949/provenance/mapflow/_provenance0".[0m
2026-03-27 02:10:20 |[34;20m INFO     [0m|[34;20m nipype.workflow  [0m|[34;20m [Node] Executing "_provenance0" <mriqc.interfaces.reports.AddProvenance>[0m
2026-03-27 02:10:20 |[34;20m INFO     [0m|[34;20m nipype.workflow  [0m|[34;20m [Node] Executing "pick_echo" <mriqc.interfaces.functional.SelectEcho>[0m
2026-03-27 02:10:20 |[34;20m INFO     [0m|[34;20m nipype.workflow  [0m|[34;20m [Node] Finished "pick_echo", elapsed time 0.000397s.[0m
2026-03-27 02:10:21 |[34;20m INFO     [0m|[34;20m nipype.workflow  [0m|[34;20m [Node] Finished "_provenance0", elapsed time 1.002118s.[0m
2026-03-27 02:10:21 |[34;20m INFO     [0m|[34;20m nipype.workflow  [0m|[34;20m [Node] Setting-up "mriqc_wf.funcMRIQC.pick_echo" in "/local/nvme/ds004996_13.784026/ds/tmp/mriqc_wf/funcMRIQC/2be450f6a5d399ce58d13d6ce93b80236b1ef5c3/pick_echo".[0m
2026-03-27 02:10:21 |[34;20m INFO     [0m|[34;20m nipype.workflow  [0m|[34;20m [Node] Setting-up "_provenance0" in "/local/nvme/ds004996_13.784026/ds/tmp/mriqc_wf/funcMRIQC/ComputeIQMs/2be450f6a5d399ce58d13d6ce93b80236b1ef5c3/provenance/mapflow/_provenance0".[0m
2026-03-27 02:10:21 |[34;20m INFO     [0m|[34;20m nipype.workflow  [0m|[34;20m [Node] Executing "_provenance0" <mriqc.interfaces.reports.AddProvenance>[0m
2026-03-27 02:10:21 |[34;20m INFO     [0m|[34;20m nipype.workflow  [0m|[34;20m [Node] Executing "pick_echo" <mriqc.interfaces.functional.SelectEcho>[0m
2026-03-27 02:10:21 |[34;20m INFO     [0m|[34;20m nipype.workflow  [0m|[34;20m [Node] Finished "pick_echo", elapsed time 0.000449s.[0m
2026-03-27 02:10:22 |[34;20m INFO     [0m|[34;20m nipype.workflow  [0m|[34;20m [Node] Finished "_provenance0", elapsed time 1.014523s.[0m
2026-03-27 02:10:22 |[34;20m INFO     [0m|[34;20m nipype.workflow  [0m|[34;20m [Node] Setting-up "mriqc_wf.funcMRIQC.pick_echo" in "/local/nvme/ds004996_13.784026/ds/tmp/mriqc_wf/funcMRIQC/49ef94af2cda5359a1803e9feef4c44d8850cdd8/pick_echo".[0m
2026-03-27 02:10:22 |[34;20m INFO     [0m|[34;20m nipype.workflow  [0m|[34;20m [Node] Setting-up "_provenance0" in "/local/nvme/ds004996_13.784026/ds/tmp/mriqc_wf/funcMRIQC/ComputeIQMs/49ef94af2cda5359a1803e9feef4c44d8850cdd8/provenance/mapflow/_provenance0".[0m
2026-03-27 02:10:22 |[34;20m INFO     [0m|[34;20m nipype.workflow  [0m|[34;20m [Node] Executing "_provenance0" <mriqc.interfaces.reports.AddProvenance>[0m
2026-03-27 02:10:22 |[34;20m INFO     [0m|[34;20m nipype.workflow  [0m|[34;20m [Node] Executing "pick_echo" <mriqc.interfaces.functional.SelectEcho>[0m
2026-03-27 02:10:22 |[34;20m INFO     [0m|[34;20m nipype.workflow  [0m|[34;20m [Node] Finished "pick_echo", elapsed time 0.000703s.[0m
2026-03-27 02:10:23 |[34;20m INFO     [0m|[34;20m nipype.workflow  [0m|[34;20m [Node] Finished "_provenance0", elapsed time 0.96302s.[0m
2026-03-27 02:10:23 |[34;20m INFO     [0m|[34;20m nipype.workflow  [0m|[34;20m [Node] Setting-up "mriqc_wf.funcMRIQC.non_steady_state_detector" in "/local/nvme/ds004996_13.784026/ds/tmp/mriqc_wf/funcMRIQC/2be450f6a5d399ce58d13d6ce93b80236b1ef5c3/non_steady_state_detector".[0m
2026-03-27 02:10:23 |[34;20m INFO     [0m|[34;20m nipype.workflow  [0m|[34;20m [Node] Setting-up "mriqc_wf.funcMRIQC.non_steady_state_detector" in "/local/nvme/ds004996_13.784026/ds/tmp/mriqc_wf/funcMRIQC/49ef94af2cda5359a1803e9feef4c44d8850cdd8/non_steady_state_detector".[0m
2026-03-27 02:10:23 |[34;20m INFO     [0m|[34;20m nipype.workflow  [0m|[34;20m [Node] Setting-up "mriqc_wf.funcMRIQC.non_steady_state_detector" in "/local/nvme/ds004996_13.784026/ds/tmp/mriqc_wf/funcMRIQC/d76f2e3aea70544a99c21b720db0888357a47949/non_steady_state_detector".[0m
2026-03-27 02:10:23 |[34;20m INFO     [0m|[34;20m nipype.workflow  [0m|[34;20m [Node] Executing "non_steady_state_detector" <nipype.algorithms.confounds.NonSteadyStateDetector>[0m
2026-03-27 02:10:23 |[34;20m INFO     [0m|[34;20m nipype.workflow  [0m|[34;20m [Node] Executing "non_steady_state_detector" <nipype.algorithms.confounds.NonSteadyStateDetector>[0m
2026-03-27 02:10:23 |[34;20m INFO     [0m|[34;20m nipype.workflow  [0m|[34;20m [Node] Executing "non_steady_state_detector" <nipype.algorithms.confounds.NonSteadyStateDetector>[0m
2026-03-27 02:10:23 |[34;20m INFO     [0m|[34;20m nipype.workflow  [0m|[34;20m [Node] Finished "non_steady_state_detector", elapsed time 0.026719s.[0m
2026-03-27 02:10:23 |[34;20m INFO     [0m|[34;20m nipype.workflow  [0m|[34;20m [Node] Finished "non_steady_state_detector", elapsed time 0.02953s.[0m
2026-03-27 02:10:23 |[34;20m INFO     [0m|[34;20m nipype.workflow  [0m|[34;20m [Node] Finished "non_steady_state_detector", elapsed time 0.030778s.[0m
2026-03-27 02:10:25 |[34;20m INFO     [0m|[34;20m nipype.workflow  [0m|[34;20m [Node] Setting-up "_sanitize0" in "/local/nvme/ds004996_13.784026/ds/tmp/mriqc_wf/funcMRIQC/49ef94af2cda5359a1803e9feef4c44d8850cdd8/sanitize/mapflow/_sanitize0".[0m
2026-03-27 02:10:25 |[34;20m INFO     [0m|[34;20m nipype.workflow  [0m|[34;20m [Node] Setting-up "_sanitize0" in "/local/nvme/ds004996_13.784026/ds/tmp/mriqc_wf/funcMRIQC/2be450f6a5d399ce58d13d6ce93b80236b1ef5c3/sanitize/mapflow/_sanitize0".[0m
2026-03-27 02:10:25 |[34;20m INFO     [0m|[34;20m nipype.workflow  [0m|[34;20m [Node] Setting-up "_sanitize0" in "/local/nvme/ds004996_13.784026/ds/tmp/mriqc_wf/funcMRIQC/d76f2e3aea70544a99c21b720db0888357a47949/sanitize/mapflow/_sanitize0".[0m
2026-03-27 02:10:25 |[34;20m INFO     [0m|[34;20m nipype.workflow  [0m|[34;20m [Node] Executing "_sanitize0" <niworkflows.interfaces.header.SanitizeImage>[0m
2026-03-27 02:10:25 |[34;20m INFO     [0m|[34;20m nipype.workflow  [0m|[34;20m [Node] Executing "_sanitize0" <niworkflows.interfaces.header.SanitizeImage>[0m
2026-03-27 02:10:25 |[34;20m INFO     [0m|[34;20m nipype.workflow  [0m|[34;20m [Node] Executing "_sanitize0" <niworkflows.interfaces.header.SanitizeImage>[0m
2026-03-27 02:10:26 |[34;20m INFO     [0m|[34;20m nipype.workflow  [0m|[34;20m [Node] Finished "_sanitize0", elapsed time 0.730242s.[0m
2026-03-27 02:10:26 |[34;20m INFO     [0m|[34;20m nipype.workflow  [0m|[34;20m [Node] Finished "_sanitize0", elapsed time 0.745006s.[0m
2026-03-27 02:10:26 |[34;20m INFO     [0m|[34;20m nipype.workflow  [0m|[34;20m [Node] Finished "_sanitize0", elapsed time 0.76614s.[0m
2026-03-27 02:10:27 |[34;20m INFO     [0m|[34;20m nipype.workflow  [0m|[34;20m [Node] Setting-up "mriqc_wf.funcMRIQC.fMRI_HMC.estimate_hm" in "/local/nvme/ds004996_13.784026/ds/tmp/mriqc_wf/funcMRIQC/fMRI_HMC/d76f2e3aea70544a99c21b720db0888357a47949/estimate_hm".[0m
2026-03-27 02:10:27 |[34;20m INFO     [0m|[34;20m nipype.workflow  [0m|[34;20m [Node] Setting-up "mriqc_wf.funcMRIQC.fMRI_HMC.estimate_hm" in "/local/nvme/ds004996_13.784026/ds/tmp/mriqc_wf/funcMRIQC/fMRI_HMC/2be450f6a5d399ce58d13d6ce93b80236b1ef5c3/estimate_hm".[0m
2026-03-27 02:10:27 |[34;20m INFO     [0m|[34;20m nipype.workflow  [0m|[34;20m [Node] Executing "estimate_hm" <nipype.interfaces.afni.preprocess.Volreg>[0m
2026-03-27 02:10:27 |[34;20m INFO     [0m|[34;20m nipype.workflow  [0m|[34;20m [Node] Setting-up "mriqc_wf.funcMRIQC.fMRI_HMC.estimate_hm" in "/local/nvme/ds004996_13.784026/ds/tmp/mriqc_wf/funcMRIQC/fMRI_HMC/49ef94af2cda5359a1803e9feef4c44d8850cdd8/estimate_hm".[0m
2026-03-27 02:10:27 |[34;20m INFO     [0m|[34;20m nipype.workflow  [0m|[34;20m [Node] Executing "estimate_hm" <nipype.interfaces.afni.preprocess.Volreg>[0m
2026-03-27 02:10:27 |[34;20m INFO     [0m|[34;20m nipype.workflow  [0m|[34;20m [Node] Setting-up "_SpikesMask0" in "/local/nvme/ds004996_13.784026/ds/tmp/mriqc_wf/funcMRIQC/func_report_wf/d76f2e3aea70544a99c21b720db0888357a47949/SpikesMask/mapflow/_SpikesMask0".[0m
2026-03-27 02:10:27 |[34;20m INFO     [0m|[34;20m nipype.workflow  [0m|[34;20m [Node] Executing "estimate_hm" <nipype.interfaces.afni.preprocess.Volreg>[0m
2026-03-27 02:10:27 |[34;20m INFO     [0m|[34;20m nipype.workflow  [0m|[34;20m [Node] Executing "_SpikesMask0" <nipype.interfaces.utility.wrappers.Function>[0m
2026-03-27 02:10:27 |[34;20m INFO     [0m|[34;20m nipype.workflow  [0m|[34;20m [Node] Setting-up "_SpikesMask0" in "/local/nvme/ds004996_13.784026/ds/tmp/mriqc_wf/funcMRIQC/func_report_wf/49ef94af2cda5359a1803e9feef4c44d8850cdd8/SpikesMask/mapflow/_SpikesMask0".[0m
2026-03-27 02:10:27 |[34;20m INFO     [0m|[34;20m nipype.workflow  [0m|[34;20m [Node] Setting-up "_SpikesMask0" in "/local/nvme/ds004996_13.784026/ds/tmp/mriqc_wf/funcMRIQC/func_report_wf/2be450f6a5d399ce58d13d6ce93b80236b1ef5c3/SpikesMask/mapflow/_SpikesMask0".[0m
2026-03-27 02:10:27 |[34;20m INFO     [0m|[34;20m nipype.workflow  [0m|[34;20m [Node] Executing "_SpikesMask0" <nipype.interfaces.utility.wrappers.Function>[0m
2026-03-27 02:10:27 |[34;20m INFO     [0m|[34;20m nipype.workflow  [0m|[34;20m [Node] Executing "_SpikesMask0" <nipype.interfaces.utility.wrappers.Function>[0m
2026-03-27 02:10:29 |[34;20m INFO     [0m|[34;20m nipype.workflow  [0m|[34;20m [Node] Finished "_SpikesMask0", elapsed time 1.666552s.[0m
2026-03-27 02:10:29 |[34;20m INFO     [0m|[34;20m nipype.workflow  [0m|[34;20m [Node] Finished "_SpikesMask0", elapsed time 1.691697s.[0m
2026-03-27 02:10:29 |[34;20m INFO     [0m|[34;20m nipype.workflow  [0m|[34;20m [Node] Setting-up "_SpikesFinderBgMask0" in "/local/nvme/ds004996_13.784026/ds/tmp/mriqc_wf/funcMRIQC/func_report_wf/d76f2e3aea70544a99c21b720db0888357a47949/SpikesFinderBgMask/mapflow/_SpikesFinderBgMask0".[0m
2026-03-27 02:10:29 |[34;20m INFO     [0m|[34;20m nipype.workflow  [0m|[34;20m [Node] Setting-up "_SpikesFinderBgMask0" in "/local/nvme/ds004996_13.784026/ds/tmp/mriqc_wf/funcMRIQC/func_report_wf/49ef94af2cda5359a1803e9feef4c44d8850cdd8/SpikesFinderBgMask/mapflow/_SpikesFinderBgMask0".[0m
2026-03-27 02:10:29 |[34;20m INFO     [0m|[34;20m nipype.workflow  [0m|[34;20m [Node] Executing "_SpikesFinderBgMask0" <mriqc.interfaces.functional.Spikes>[0m
2026-03-27 02:10:29 |[34;20m INFO     [0m|[34;20m nipype.workflow  [0m|[34;20m [Node] Executing "_SpikesFinderBgMask0" <mriqc.interfaces.functional.Spikes>[0m
2026-03-27 02:10:29 |[34;20m INFO     [0m|[34;20m nipype.workflow  [0m|[34;20m [Node] Finished "_SpikesMask0", elapsed time 1.9852919999999998s.[0m
2026-03-27 02:10:31 |[34;20m INFO     [0m|[34;20m nipype.workflow  [0m|[34;20m [Node] Setting-up "_SpikesFinderBgMask0" in "/local/nvme/ds004996_13.784026/ds/tmp/mriqc_wf/funcMRIQC/func_report_wf/2be450f6a5d399ce58d13d6ce93b80236b1ef5c3/SpikesFinderBgMask/mapflow/_SpikesFinderBgMask0".[0m
2026-03-27 02:10:31 |[34;20m INFO     [0m|[34;20m nipype.workflow  [0m|[34;20m [Node] Executing "_SpikesFinderBgMask0" <mriqc.interfaces.functional.Spikes>[0m
2026-03-27 02:10:32 |[34;20m INFO     [0m|[34;20m nipype.workflow  [0m|[34;20m [Node] Finished "_SpikesFinderBgMask0", elapsed time 2.883685s.[0m
2026-03-27 02:10:33 |[34;20m INFO     [0m|[34;20m nipype.workflow  [0m|[34;20m [Node] Finished "_SpikesFinderBgMask0", elapsed time 3.6201689999999997s.[0m
2026-03-27 02:10:34 |[34;20m INFO     [0m|[34;20m nipype.workflow  [0m|[34;20m [Node] Finished "_SpikesFinderBgMask0", elapsed time 3.211316s.[0m
2026-03-27 02:26:14 |[34;20m INFO     [0m|[34;20m nipype.workflow  [0m|[34;20m [Node] Finished "estimate_hm", elapsed time 946.181819s.[0m
2026-03-27 02:26:15 |[34;20m INFO     [0m|[34;20m nipype.workflow  [0m|[34;20m [Node] Setting-up "mriqc_wf.funcMRIQC.fMRI_HMC.ComputeFD" in "/local/nvme/ds004996_13.784026/ds/tmp/mriqc_wf/funcMRIQC/fMRI_HMC/49ef94af2cda5359a1803e9feef4c44d8850cdd8/ComputeFD".[0m
2026-03-27 02:26:15 |[34;20m INFO     [0m|[34;20m nipype.workflow  [0m|[34;20m [Node] Executing "ComputeFD" <nipype.algorithms.confounds.FramewiseDisplacement>[0m
2026-03-27 02:26:15 |[34;20m INFO     [0m|[34;20m nipype.workflow  [0m|[34;20m [Node] Finished "ComputeFD", elapsed time 0.010221s.[0m
2026-03-27 02:26:30 |[34;20m INFO     [0m|[34;20m nipype.workflow  [0m|[34;20m [Node] Finished "estimate_hm", elapsed time 962.683049s.[0m
2026-03-27 02:26:31 |[34;20m INFO     [0m|[34;20m nipype.workflow  [0m|[34;20m [Node] Setting-up "mriqc_wf.funcMRIQC.fMRI_HMC.ComputeFD" in "/local/nvme/ds004996_13.784026/ds/tmp/mriqc_wf/funcMRIQC/fMRI_HMC/2be450f6a5d399ce58d13d6ce93b80236b1ef5c3/ComputeFD".[0m
2026-03-27 02:26:31 |[34;20m INFO     [0m|[34;20m nipype.workflow  [0m|[34;20m [Node] Executing "ComputeFD" <nipype.algorithms.confounds.FramewiseDisplacement>[0m
2026-03-27 02:26:31 |[34;20m INFO     [0m|[34;20m nipype.workflow  [0m|[34;20m [Node] Finished "ComputeFD", elapsed time 0.00711s.[0m
2026-03-27 02:26:38 |[34;20m INFO     [0m|[34;20m nipype.workflow  [0m|[34;20m [Node] Finished "estimate_hm", elapsed time 970.54168s.[0m
2026-03-27 02:26:39 |[34;20m INFO     [0m|[34;20m nipype.workflow  [0m|[34;20m [Node] Setting-up "_apply_hmc0" in "/local/nvme/ds004996_13.784026/ds/tmp/mriqc_wf/funcMRIQC/fMRI_HMC/d76f2e3aea70544a99c21b720db0888357a47949/apply_hmc/mapflow/_apply_hmc0".[0m
2026-03-27 02:26:39 |[34;20m INFO     [0m|[34;20m nipype.workflow  [0m|[34;20m [Node] Executing "_apply_hmc0" <nipype.interfaces.utility.wrappers.Function>[0m
2026-03-27 02:26:59 |[34;20m INFO     [0m|[34;20m nipype.workflow  [0m|[34;20m [Node] Finished "_apply_hmc0", elapsed time 19.844034s.[0m
2026-03-27 02:26:59 |[34;20m INFO     [0m|[34;20m nipype.workflow  [0m|[34;20m [Node] Setting-up "mriqc_wf.funcMRIQC.fMRI_HMC.ComputeFD" in "/local/nvme/ds004996_13.784026/ds/tmp/mriqc_wf/funcMRIQC/fMRI_HMC/d76f2e3aea70544a99c21b720db0888357a47949/ComputeFD".[0m
2026-03-27 02:26:59 |[34;20m INFO     [0m|[34;20m nipype.workflow  [0m|[34;20m [Node] Executing "ComputeFD" <nipype.algorithms.confounds.FramewiseDisplacement>[0m
2026-03-27 02:26:59 |[34;20m INFO     [0m|[34;20m nipype.workflow  [0m|[34;20m [Node] Setting-up "_compute_tsnr0" in "/local/nvme/ds004996_13.784026/ds/tmp/mriqc_wf/funcMRIQC/d76f2e3aea70544a99c21b720db0888357a47949/compute_tsnr/mapflow/_compute_tsnr0".[0m
2026-03-27 02:26:59 |[34;20m INFO     [0m|[34;20m nipype.workflow  [0m|[34;20m [Node] Executing "_compute_tsnr0" <nipype.algorithms.confounds.TSNR>[0m
2026-03-27 02:26:59 |[34;20m INFO     [0m|[34;20m nipype.workflow  [0m|[34;20m [Node] Setting-up "_quality0" in "/local/nvme/ds004996_13.784026/ds/tmp/mriqc_wf/funcMRIQC/ComputeIQMs/d76f2e3aea70544a99c21b720db0888357a47949/quality/mapflow/_quality0".[0m
2026-03-27 02:26:59 |[34;20m INFO     [0m|[34;20m nipype.workflow  [0m|[34;20m [Node] Executing "_quality0" <nipype.interfaces.afni.preprocess.QualityIndex>[0m
2026-03-27 02:26:59 |[34;20m INFO     [0m|[34;20m nipype.workflow  [0m|[34;20m [Node] Finished "ComputeFD", elapsed time 0.007454s.[0m
2026-03-27 02:26:59 |[34;20m INFO     [0m|[34;20m nipype.workflow  [0m|[34;20m [Node] Setting-up "_mean0" in "/local/nvme/ds004996_13.784026/ds/tmp/mriqc_wf/funcMRIQC/d76f2e3aea70544a99c21b720db0888357a47949/mean/mapflow/_mean0".[0m
2026-03-27 02:26:59 |[34;20m INFO     [0m|[34;20m nipype.workflow  [0m|[34;20m [Node] Executing "_mean0" <nipype.interfaces.afni.utils.TStat>[0m
2026-03-27 02:27:01 |[34;20m INFO     [0m|[34;20m nipype.workflow  [0m|[34;20m [Node] Finished "_compute_tsnr0", elapsed time 1.423896s.[0m
2026-03-27 02:27:01 |[34;20m INFO     [0m|[34;20m nipype.workflow  [0m|[34;20m [Node] Setting-up "_PlotMosaicSD0" in "/local/nvme/ds004996_13.784026/ds/tmp/mriqc_wf/funcMRIQC/func_report_wf/d76f2e3aea70544a99c21b720db0888357a47949/PlotMosaicSD/mapflow/_PlotMosaicSD0".[0m
2026-03-27 02:27:01 |[34;20m INFO     [0m|[34;20m nipype.workflow  [0m|[34;20m [Node] Executing "_PlotMosaicSD0" <nireports.interfaces.mosaic.PlotMosaic>[0m
2026-03-27 02:27:03 |[34;20m INFO     [0m|[34;20m nipype.workflow  [0m|[34;20m [Node] Finished "_mean0", elapsed time 3.250171s.[0m
2026-03-27 02:27:03 |[34;20m INFO     [0m|[34;20m nipype.workflow  [0m|[34;20m [Node] Finished "_PlotMosaicSD0", elapsed time 1.527424s.[0m
2026-03-27 02:27:03 |[34;20m INFO     [0m|[34;20m nipype.workflow  [0m|[34;20m [Node] Setting-up "mriqc_wf.funcMRIQC.synthstrip_wf.pre_clip" in "/local/nvme/ds004996_13.784026/ds/tmp/mriqc_wf/funcMRIQC/synthstrip_wf/d76f2e3aea70544a99c21b720db0888357a47949/pre_clip".[0m
2026-03-27 02:27:03 |[34;20m INFO     [0m|[34;20m nipype.workflow  [0m|[34;20m [Node] Setting-up "mriqc_wf.funcMRIQC.SpatialNormalization.SharpenEPI" in "/local/nvme/ds004996_13.784026/ds/tmp/mriqc_wf/funcMRIQC/SpatialNormalization/d76f2e3aea70544a99c21b720db0888357a47949/SharpenEPI".[0m
2026-03-27 02:27:03 |[34;20m INFO     [0m|[34;20m nipype.workflow  [0m|[34;20m [Node] Executing "pre_clip" <niworkflows.interfaces.nibabel.IntensityClip>[0m
2026-03-27 02:27:03 |[34;20m INFO     [0m|[34;20m nipype.workflow  [0m|[34;20m [Node] Executing "SharpenEPI" <nipype.interfaces.ants.segmentation.N4BiasFieldCorrection>[0m
2026-03-27 02:27:03 |[34;20m INFO     [0m|[34;20m nipype.workflow  [0m|[34;20m [Node] Setting-up "_PlotMosaicMean0" in "/local/nvme/ds004996_13.784026/ds/tmp/mriqc_wf/funcMRIQC/func_report_wf/d76f2e3aea70544a99c21b720db0888357a47949/PlotMosaicMean/mapflow/_PlotMosaicMean0".[0m
2026-03-27 02:27:03 |[34;20m INFO     [0m|[34;20m nipype.workflow  [0m|[34;20m [Node] Executing "_PlotMosaicMean0" <nireports.interfaces.mosaic.PlotMosaic>[0m
2026-03-27 02:27:03 |[34;20m INFO     [0m|[34;20m nipype.workflow  [0m|[34;20m [Node] Setting-up "_PlotMosaicNoise0" in "/local/nvme/ds004996_13.784026/ds/tmp/mriqc_wf/funcMRIQC/func_report_wf/d76f2e3aea70544a99c21b720db0888357a47949/PlotMosaicNoise/mapflow/_PlotMosaicNoise0".[0m
2026-03-27 02:27:03 |[34;20m INFO     [0m|[34;20m nipype.workflow  [0m|[34;20m [Node] Executing "_PlotMosaicNoise0" <nireports.interfaces.mosaic.PlotMosaic>[0m
2026-03-27 02:27:03 |[34;20m INFO     [0m|[34;20m nipype.workflow  [0m|[34;20m [Node] Setting-up "_ds_report_stdev0" in "/local/nvme/ds004996_13.784026/ds/tmp/mriqc_wf/funcMRIQC/func_report_wf/d76f2e3aea70544a99c21b720db0888357a47949/ds_report_stdev/mapflow/_ds_report_stdev0".[0m
2026-03-27 02:27:03 |[34;20m INFO     [0m|[34;20m nipype.workflow  [0m|[34;20m [Node] Executing "_ds_report_stdev0" <mriqc.interfaces.DerivativesDataSink>[0m
2026-03-27 02:27:03 |[34;20m INFO     [0m|[34;20m nipype.workflow  [0m|[34;20m [Node] Finished "_ds_report_stdev0", elapsed time 0.008989s.[0m
2026-03-27 02:27:04 |[34;20m INFO     [0m|[34;20m nipype.workflow  [0m|[34;20m [Node] Finished "pre_clip", elapsed time 0.838183s.[0m
2026-03-27 02:27:05 |[34;20m INFO     [0m|[34;20m nipype.workflow  [0m|[34;20m [Node] Finished "_PlotMosaicNoise0", elapsed time 1.561897s.[0m
2026-03-27 02:27:05 |[34;20m INFO     [0m|[34;20m nipype.workflow  [0m|[34;20m [Node] Finished "_PlotMosaicMean0", elapsed time 1.64222s.[0m
2026-03-27 02:27:05 |[34;20m INFO     [0m|[34;20m nipype.workflow  [0m|[34;20m [Node] Setting-up "_ds_report_mean0" in "/local/nvme/ds004996_13.784026/ds/tmp/mriqc_wf/funcMRIQC/func_report_wf/d76f2e3aea70544a99c21b720db0888357a47949/ds_report_mean/mapflow/_ds_report_mean0".[0m
2026-03-27 02:27:05 |[34;20m INFO     [0m|[34;20m nipype.workflow  [0m|[34;20m [Node] Executing "_ds_report_mean0" <mriqc.interfaces.DerivativesDataSink>[0m
2026-03-27 02:27:05 |[34;20m INFO     [0m|[34;20m nipype.workflow  [0m|[34;20m [Node] Finished "_ds_report_mean0", elapsed time 0.005202s.[0m
2026-03-27 02:27:05 |[34;20m INFO     [0m|[34;20m nipype.workflow  [0m|[34;20m [Node] Setting-up "_ds_report_background0" in "/local/nvme/ds004996_13.784026/ds/tmp/mriqc_wf/funcMRIQC/func_report_wf/d76f2e3aea70544a99c21b720db0888357a47949/ds_report_background/mapflow/_ds_report_background0".[0m
2026-03-27 02:27:06 |[34;20m INFO     [0m|[34;20m nipype.workflow  [0m|[34;20m [Node] Executing "_ds_report_background0" <mriqc.interfaces.DerivativesDataSink>[0m
2026-03-27 02:27:06 |[34;20m INFO     [0m|[34;20m nipype.workflow  [0m|[34;20m [Node] Finished "_ds_report_background0", elapsed time 0.005156s.[0m
2026-03-27 02:27:08 |[34;20m INFO     [0m|[34;20m nipype.workflow  [0m|[34;20m [Node] Finished "SharpenEPI", elapsed time 4.505251s.[0m
2026-03-27 02:27:11 |[34;20m INFO     [0m|[34;20m nipype.workflow  [0m|[34;20m [Node] Finished "_quality0", elapsed time 11.882754s.[0m
2026-03-27 02:27:11 |[34;20m INFO     [0m|[34;20m nipype.workflow  [0m|[34;20m [Node] Setting-up "_apply_hmc0" in "/local/nvme/ds004996_13.784026/ds/tmp/mriqc_wf/funcMRIQC/fMRI_HMC/2be450f6a5d399ce58d13d6ce93b80236b1ef5c3/apply_hmc/mapflow/_apply_hmc0".[0m
2026-03-27 02:27:11 |[34;20m INFO     [0m|[34;20m nipype.workflow  [0m|[34;20m [Node] Executing "_apply_hmc0" <nipype.interfaces.utility.wrappers.Function>[0m
2026-03-27 02:27:32 |[34;20m INFO     [0m|[34;20m nipype.workflow  [0m|[34;20m [Node] Finished "_apply_hmc0", elapsed time 20.810019s.[0m
2026-03-27 02:27:33 |[34;20m INFO     [0m|[34;20m nipype.workflow  [0m|[34;20m [Node] Setting-up "_apply_hmc0" in "/local/nvme/ds004996_13.784026/ds/tmp/mriqc_wf/funcMRIQC/fMRI_HMC/49ef94af2cda5359a1803e9feef4c44d8850cdd8/apply_hmc/mapflow/_apply_hmc0".[0m
2026-03-27 02:27:33 |[34;20m INFO     [0m|[34;20m nipype.workflow  [0m|[34;20m [Node] Executing "_apply_hmc0" <nipype.interfaces.utility.wrappers.Function>[0m
2026-03-27 02:27:54 |[34;20m INFO     [0m|[34;20m nipype.workflow  [0m|[34;20m [Node] Finished "_apply_hmc0", elapsed time 20.849269s.[0m
2026-03-27 02:27:55 |[34;20m INFO     [0m|[34;20m nipype.workflow  [0m|[34;20m [Node] Setting-up "_mean0" in "/local/nvme/ds004996_13.784026/ds/tmp/mriqc_wf/funcMRIQC/2be450f6a5d399ce58d13d6ce93b80236b1ef5c3/mean/mapflow/_mean0".[0m
2026-03-27 02:27:55 |[34;20m INFO     [0m|[34;20m nipype.workflow  [0m|[34;20m [Node] Executing "_mean0" <nipype.interfaces.afni.utils.TStat>[0m
2026-03-27 02:27:55 |[34;20m INFO     [0m|[34;20m nipype.workflow  [0m|[34;20m [Node] Setting-up "_mean0" in "/local/nvme/ds004996_13.784026/ds/tmp/mriqc_wf/funcMRIQC/49ef94af2cda5359a1803e9feef4c44d8850cdd8/mean/mapflow/_mean0".[0m
2026-03-27 02:27:55 |[34;20m INFO     [0m|[34;20m nipype.workflow  [0m|[34;20m [Node] Setting-up "_compute_tsnr0" in "/local/nvme/ds004996_13.784026/ds/tmp/mriqc_wf/funcMRIQC/49ef94af2cda5359a1803e9feef4c44d8850cdd8/compute_tsnr/mapflow/_compute_tsnr0".[0m
2026-03-27 02:27:55 |[34;20m INFO     [0m|[34;20m nipype.workflow  [0m|[34;20m [Node] Executing "_mean0" <nipype.interfaces.afni.utils.TStat>[0m
2026-03-27 02:27:55 |[34;20m INFO     [0m|[34;20m nipype.workflow  [0m|[34;20m [Node] Setting-up "_quality0" in "/local/nvme/ds004996_13.784026/ds/tmp/mriqc_wf/funcMRIQC/ComputeIQMs/49ef94af2cda5359a1803e9feef4c44d8850cdd8/quality/mapflow/_quality0".[0m
2026-03-27 02:27:55 |[34;20m INFO     [0m|[34;20m nipype.workflow  [0m|[34;20m [Node] Setting-up "_quality0" in "/local/nvme/ds004996_13.784026/ds/tmp/mriqc_wf/funcMRIQC/ComputeIQMs/2be450f6a5d399ce58d13d6ce93b80236b1ef5c3/quality/mapflow/_quality0".[0m
2026-03-27 02:27:55 |[34;20m INFO     [0m|[34;20m nipype.workflow  [0m|[34;20m [Node] Executing "_quality0" <nipype.interfaces.afni.preprocess.QualityIndex>[0m
2026-03-27 02:27:55 |[34;20m INFO     [0m|[34;20m nipype.workflow  [0m|[34;20m [Node] Executing "_quality0" <nipype.interfaces.afni.preprocess.QualityIndex>[0m
2026-03-27 02:27:55 |[34;20m INFO     [0m|[34;20m nipype.workflow  [0m|[34;20m [Node] Executing "_compute_tsnr0" <nipype.algorithms.confounds.TSNR>[0m
2026-03-27 02:27:55 |[34;20m INFO     [0m|[34;20m nipype.workflow  [0m|[34;20m [Node] Setting-up "_compute_tsnr0" in "/local/nvme/ds004996_13.784026/ds/tmp/mriqc_wf/funcMRIQC/2be450f6a5d399ce58d13d6ce93b80236b1ef5c3/compute_tsnr/mapflow/_compute_tsnr0".[0m
2026-03-27 02:27:55 |[34;20m INFO     [0m|[34;20m nipype.workflow  [0m|[34;20m [Node] Executing "_compute_tsnr0" <nipype.algorithms.confounds.TSNR>[0m
2026-03-27 02:27:57 |[34;20m INFO     [0m|[34;20m nipype.workflow  [0m|[34;20m [Node] Finished "_compute_tsnr0", elapsed time 1.880846s.[0m
2026-03-27 02:27:58 |[34;20m INFO     [0m|[34;20m nipype.workflow  [0m|[34;20m [Node] Finished "_compute_tsnr0", elapsed time 2.32961s.[0m
2026-03-27 02:27:59 |[34;20m INFO     [0m|[34;20m nipype.workflow  [0m|[34;20m [Node] Finished "_mean0", elapsed time 3.60772s.[0m
2026-03-27 02:27:59 |[34;20m INFO     [0m|[34;20m nipype.workflow  [0m|[34;20m [Node] Finished "_mean0", elapsed time 3.695294s.[0m
2026-03-27 02:27:59 |[34;20m INFO     [0m|[34;20m nipype.workflow  [0m|[34;20m [Node] Setting-up "mriqc_wf.funcMRIQC.synthstrip_wf.pre_clip" in "/local/nvme/ds004996_13.784026/ds/tmp/mriqc_wf/funcMRIQC/synthstrip_wf/2be450f6a5d399ce58d13d6ce93b80236b1ef5c3/pre_clip".[0m
2026-03-27 02:27:59 |[34;20m INFO     [0m|[34;20m nipype.workflow  [0m|[34;20m [Node] Setting-up "mriqc_wf.funcMRIQC.SpatialNormalization.SharpenEPI" in "/local/nvme/ds004996_13.784026/ds/tmp/mriqc_wf/funcMRIQC/SpatialNormalization/2be450f6a5d399ce58d13d6ce93b80236b1ef5c3/SharpenEPI".[0m
2026-03-27 02:27:59 |[34;20m INFO     [0m|[34;20m nipype.workflow  [0m|[34;20m [Node] Executing "SharpenEPI" <nipype.interfaces.ants.segmentation.N4BiasFieldCorrection>[0m
2026-03-27 02:27:59 |[34;20m INFO     [0m|[34;20m nipype.workflow  [0m|[34;20m [Node] Executing "pre_clip" <niworkflows.interfaces.nibabel.IntensityClip>[0m
2026-03-27 02:27:59 |[34;20m INFO     [0m|[34;20m nipype.workflow  [0m|[34;20m [Node] Setting-up "mriqc_wf.funcMRIQC.synthstrip_wf.pre_clip" in "/local/nvme/ds004996_13.784026/ds/tmp/mriqc_wf/funcMRIQC/synthstrip_wf/49ef94af2cda5359a1803e9feef4c44d8850cdd8/pre_clip".[0m
2026-03-27 02:27:59 |[34;20m INFO     [0m|[34;20m nipype.workflow  [0m|[34;20m [Node] Setting-up "_PlotMosaicMean0" in "/local/nvme/ds004996_13.784026/ds/tmp/mriqc_wf/funcMRIQC/func_report_wf/2be450f6a5d399ce58d13d6ce93b80236b1ef5c3/PlotMosaicMean/mapflow/_PlotMosaicMean0".[0m
2026-03-27 02:27:59 |[34;20m INFO     [0m|[34;20m nipype.workflow  [0m|[34;20m [Node] Executing "pre_clip" <niworkflows.interfaces.nibabel.IntensityClip>[0m
2026-03-27 02:27:59 |[34;20m INFO     [0m|[34;20m nipype.workflow  [0m|[34;20m [Node] Executing "_PlotMosaicMean0" <nireports.interfaces.mosaic.PlotMosaic>[0m
2026-03-27 02:27:59 |[34;20m INFO     [0m|[34;20m nipype.workflow  [0m|[34;20m [Node] Setting-up "_PlotMosaicSD0" in "/local/nvme/ds004996_13.784026/ds/tmp/mriqc_wf/funcMRIQC/func_report_wf/2be450f6a5d399ce58d13d6ce93b80236b1ef5c3/PlotMosaicSD/mapflow/_PlotMosaicSD0".[0m
2026-03-27 02:27:59 |[34;20m INFO     [0m|[34;20m nipype.workflow  [0m|[34;20m [Node] Setting-up "_PlotMosaicNoise0" in "/local/nvme/ds004996_13.784026/ds/tmp/mriqc_wf/funcMRIQC/func_report_wf/2be450f6a5d399ce58d13d6ce93b80236b1ef5c3/PlotMosaicNoise/mapflow/_PlotMosaicNoise0".[0m
2026-03-27 02:27:59 |[34;20m INFO     [0m|[34;20m nipype.workflow  [0m|[34;20m [Node] Executing "_PlotMosaicSD0" <nireports.interfaces.mosaic.PlotMosaic>[0m
2026-03-27 02:27:59 |[34;20m INFO     [0m|[34;20m nipype.workflow  [0m|[34;20m [Node] Executing "_PlotMosaicNoise0" <nireports.interfaces.mosaic.PlotMosaic>[0m
2026-03-27 02:28:00 |[34;20m INFO     [0m|[34;20m nipype.workflow  [0m|[34;20m [Node] Finished "pre_clip", elapsed time 0.843348s.[0m
2026-03-27 02:28:00 |[34;20m INFO     [0m|[34;20m nipype.workflow  [0m|[34;20m [Node] Finished "pre_clip", elapsed time 0.84805s.[0m
2026-03-27 02:28:01 |[34;20m INFO     [0m|[34;20m nipype.workflow  [0m|[34;20m [Node] Finished "_PlotMosaicSD0", elapsed time 1.5527440000000001s.[0m
2026-03-27 02:28:01 |[34;20m INFO     [0m|[34;20m nipype.workflow  [0m|[34;20m [Node] Finished "_PlotMosaicNoise0", elapsed time 1.651577s.[0m
2026-03-27 02:28:01 |[34;20m INFO     [0m|[34;20m nipype.workflow  [0m|[34;20m [Node] Finished "_PlotMosaicMean0", elapsed time 1.7621s.[0m
2026-03-27 02:28:01 |[34;20m INFO     [0m|[34;20m nipype.workflow  [0m|[34;20m [Node] Setting-up "mriqc_wf.funcMRIQC.SpatialNormalization.SharpenEPI" in "/local/nvme/ds004996_13.784026/ds/tmp/mriqc_wf/funcMRIQC/SpatialNormalization/49ef94af2cda5359a1803e9feef4c44d8850cdd8/SharpenEPI".[0m
2026-03-27 02:28:01 |[34;20m INFO     [0m|[34;20m nipype.workflow  [0m|[34;20m [Node] Setting-up "_PlotMosaicNoise0" in "/local/nvme/ds004996_13.784026/ds/tmp/mriqc_wf/funcMRIQC/func_report_wf/49ef94af2cda5359a1803e9feef4c44d8850cdd8/PlotMosaicNoise/mapflow/_PlotMosaicNoise0".[0m
2026-03-27 02:28:01 |[34;20m INFO     [0m|[34;20m nipype.workflow  [0m|[34;20m [Node] Executing "SharpenEPI" <nipype.interfaces.ants.segmentation.N4BiasFieldCorrection>[0m
2026-03-27 02:28:01 |[34;20m INFO     [0m|[34;20m nipype.workflow  [0m|[34;20m [Node] Setting-up "_PlotMosaicMean0" in "/local/nvme/ds004996_13.784026/ds/tmp/mriqc_wf/funcMRIQC/func_report_wf/49ef94af2cda5359a1803e9feef4c44d8850cdd8/PlotMosaicMean/mapflow/_PlotMosaicMean0".[0m
2026-03-27 02:28:01 |[34;20m INFO     [0m|[34;20m nipype.workflow  [0m|[34;20m [Node] Executing "_PlotMosaicNoise0" <nireports.interfaces.mosaic.PlotMosaic>[0m
2026-03-27 02:28:01 |[34;20m INFO     [0m|[34;20m nipype.workflow  [0m|[34;20m [Node] Executing "_PlotMosaicMean0" <nireports.interfaces.mosaic.PlotMosaic>[0m
2026-03-27 02:28:01 |[34;20m INFO     [0m|[34;20m nipype.workflow  [0m|[34;20m [Node] Setting-up "_PlotMosaicSD0" in "/local/nvme/ds004996_13.784026/ds/tmp/mriqc_wf/funcMRIQC/func_report_wf/49ef94af2cda5359a1803e9feef4c44d8850cdd8/PlotMosaicSD/mapflow/_PlotMosaicSD0".[0m
2026-03-27 02:28:01 |[34;20m INFO     [0m|[34;20m nipype.workflow  [0m|[34;20m [Node] Setting-up "_ds_report_mean0" in "/local/nvme/ds004996_13.784026/ds/tmp/mriqc_wf/funcMRIQC/func_report_wf/2be450f6a5d399ce58d13d6ce93b80236b1ef5c3/ds_report_mean/mapflow/_ds_report_mean0".[0m
2026-03-27 02:28:01 |[34;20m INFO     [0m|[34;20m nipype.workflow  [0m|[34;20m [Node] Executing "_PlotMosaicSD0" <nireports.interfaces.mosaic.PlotMosaic>[0m
2026-03-27 02:28:01 |[34;20m INFO     [0m|[34;20m nipype.workflow  [0m|[34;20m [Node] Executing "_ds_report_mean0" <mriqc.interfaces.DerivativesDataSink>[0m
2026-03-27 02:28:01 |[34;20m INFO     [0m|[34;20m nipype.workflow  [0m|[34;20m [Node] Finished "_ds_report_mean0", elapsed time 0.005548s.[0m
2026-03-27 02:28:02 |[34;20m INFO     [0m|[34;20m nipype.workflow  [0m|[34;20m [Node] Setting-up "_ds_report_background0" in "/local/nvme/ds004996_13.784026/ds/tmp/mriqc_wf/funcMRIQC/func_report_wf/2be450f6a5d399ce58d13d6ce93b80236b1ef5c3/ds_report_background/mapflow/_ds_report_background0".[0m
2026-03-27 02:28:02 |[34;20m INFO     [0m|[34;20m nipype.workflow  [0m|[34;20m [Node] Executing "_ds_report_background0" <mriqc.interfaces.DerivativesDataSink>[0m
2026-03-27 02:28:02 |[34;20m INFO     [0m|[34;20m nipype.workflow  [0m|[34;20m [Node] Finished "_ds_report_background0", elapsed time 0.005633s.[0m
2026-03-27 02:28:02 |[34;20m INFO     [0m|[34;20m nipype.workflow  [0m|[34;20m [Node] Setting-up "_ds_report_stdev0" in "/local/nvme/ds004996_13.784026/ds/tmp/mriqc_wf/funcMRIQC/func_report_wf/2be450f6a5d399ce58d13d6ce93b80236b1ef5c3/ds_report_stdev/mapflow/_ds_report_stdev0".[0m
2026-03-27 02:28:02 |[34;20m INFO     [0m|[34;20m nipype.workflow  [0m|[34;20m [Node] Executing "_ds_report_stdev0" <mriqc.interfaces.DerivativesDataSink>[0m
2026-03-27 02:28:02 |[34;20m INFO     [0m|[34;20m nipype.workflow  [0m|[34;20m [Node] Finished "_ds_report_stdev0", elapsed time 0.005704s.[0m
2026-03-27 02:28:03 |[34;20m INFO     [0m|[34;20m nipype.workflow  [0m|[34;20m [Node] Finished "_PlotMosaicMean0", elapsed time 1.594725s.[0m
2026-03-27 02:28:03 |[34;20m INFO     [0m|[34;20m nipype.workflow  [0m|[34;20m [Node] Finished "_PlotMosaicNoise0", elapsed time 1.8015729999999999s.[0m
2026-03-27 02:28:03 |[34;20m INFO     [0m|[34;20m nipype.workflow  [0m|[34;20m [Node] Finished "_PlotMosaicSD0", elapsed time 1.81925s.[0m
2026-03-27 02:28:03 |[34;20m INFO     [0m|[34;20m nipype.workflow  [0m|[34;20m [Node] Setting-up "_ds_report_mean0" in "/local/nvme/ds004996_13.784026/ds/tmp/mriqc_wf/funcMRIQC/func_report_wf/49ef94af2cda5359a1803e9feef4c44d8850cdd8/ds_report_mean/mapflow/_ds_report_mean0".[0m
2026-03-27 02:28:03 |[34;20m INFO     [0m|[34;20m nipype.workflow  [0m|[34;20m [Node] Executing "_ds_report_mean0" <mriqc.interfaces.DerivativesDataSink>[0m
2026-03-27 02:28:03 |[34;20m INFO     [0m|[34;20m nipype.workflow  [0m|[34;20m [Node] Finished "_ds_report_mean0", elapsed time 0.005581s.[0m
2026-03-27 02:28:04 |[34;20m INFO     [0m|[34;20m nipype.workflow  [0m|[34;20m [Node] Setting-up "_ds_report_background0" in "/local/nvme/ds004996_13.784026/ds/tmp/mriqc_wf/funcMRIQC/func_report_wf/49ef94af2cda5359a1803e9feef4c44d8850cdd8/ds_report_background/mapflow/_ds_report_background0".[0m
2026-03-27 02:28:04 |[34;20m INFO     [0m|[34;20m nipype.workflow  [0m|[34;20m [Node] Executing "_ds_report_background0" <mriqc.interfaces.DerivativesDataSink>[0m
2026-03-27 02:28:04 |[34;20m INFO     [0m|[34;20m nipype.workflow  [0m|[34;20m [Node] Finished "_ds_report_background0", elapsed time 0.005762s.[0m
2026-03-27 02:28:04 |[34;20m INFO     [0m|[34;20m nipype.workflow  [0m|[34;20m [Node] Setting-up "_ds_report_stdev0" in "/local/nvme/ds004996_13.784026/ds/tmp/mriqc_wf/funcMRIQC/func_report_wf/49ef94af2cda5359a1803e9feef4c44d8850cdd8/ds_report_stdev/mapflow/_ds_report_stdev0".[0m
2026-03-27 02:28:04 |[34;20m INFO     [0m|[34;20m nipype.workflow  [0m|[34;20m [Node] Executing "_ds_report_stdev0" <mriqc.interfaces.DerivativesDataSink>[0m
2026-03-27 02:28:04 |[34;20m INFO     [0m|[34;20m nipype.workflow  [0m|[34;20m [Node] Finished "_ds_report_stdev0", elapsed time 0.005844s.[0m
2026-03-27 02:28:05 |[34;20m INFO     [0m|[34;20m nipype.workflow  [0m|[34;20m [Node] Finished "SharpenEPI", elapsed time 4.902525s.[0m
2026-03-27 02:28:06 |[34;20m INFO     [0m|[34;20m nipype.workflow  [0m|[34;20m [Node] Finished "SharpenEPI", elapsed time 4.874937s.[0m
2026-03-27 02:28:08 |[34;20m INFO     [0m|[34;20m nipype.workflow  [0m|[34;20m [Node] Finished "_quality0", elapsed time 12.706884s.[0m
2026-03-27 02:28:08 |[34;20m INFO     [0m|[34;20m nipype.workflow  [0m|[34;20m [Node] Finished "_quality0", elapsed time 12.752848s.[0m
2026-03-27 02:28:09 |[34;20m INFO     [0m|[34;20m nipype.workflow  [0m|[34;20m [Node] Setting-up "mriqc_wf.funcMRIQC.synthstrip_wf.pre_n4" in "/local/nvme/ds004996_13.784026/ds/tmp/mriqc_wf/funcMRIQC/synthstrip_wf/d76f2e3aea70544a99c21b720db0888357a47949/pre_n4".[0m
2026-03-27 02:28:09 |[34;20m INFO     [0m|[34;20m nipype.workflow  [0m|[34;20m [Node] Executing "pre_n4" <nipype.interfaces.ants.segmentation.N4BiasFieldCorrection>[0m
2026-03-27 02:28:11 |[34;20m INFO     [0m|[34;20m nipype.workflow  [0m|[34;20m [Node] Finished "pre_n4", elapsed time 1.59684s.[0m
2026-03-27 02:28:13 |[34;20m INFO     [0m|[34;20m nipype.workflow  [0m|[34;20m [Node] Setting-up "mriqc_wf.funcMRIQC.synthstrip_wf.pre_n4" in "/local/nvme/ds004996_13.784026/ds/tmp/mriqc_wf/funcMRIQC/synthstrip_wf/2be450f6a5d399ce58d13d6ce93b80236b1ef5c3/pre_n4".[0m
2026-03-27 02:28:13 |[34;20m INFO     [0m|[34;20m nipype.workflow  [0m|[34;20m [Node] Executing "pre_n4" <nipype.interfaces.ants.segmentation.N4BiasFieldCorrection>[0m
2026-03-27 02:28:15 |[34;20m INFO     [0m|[34;20m nipype.workflow  [0m|[34;20m [Node] Finished "pre_n4", elapsed time 1.341519s.[0m
2026-03-27 02:28:15 |[34;20m INFO     [0m|[34;20m nipype.workflow  [0m|[34;20m [Node] Setting-up "mriqc_wf.funcMRIQC.synthstrip_wf.pre_n4" in "/local/nvme/ds004996_13.784026/ds/tmp/mriqc_wf/funcMRIQC/synthstrip_wf/49ef94af2cda5359a1803e9feef4c44d8850cdd8/pre_n4".[0m
2026-03-27 02:28:15 |[34;20m INFO     [0m|[34;20m nipype.workflow  [0m|[34;20m [Node] Executing "pre_n4" <nipype.interfaces.ants.segmentation.N4BiasFieldCorrection>[0m
2026-03-27 02:28:17 |[34;20m INFO     [0m|[34;20m nipype.workflow  [0m|[34;20m [Node] Finished "pre_n4", elapsed time 1.358441s.[0m
2026-03-27 02:28:17 |[34;20m INFO     [0m|[34;20m nipype.workflow  [0m|[34;20m [Node] Setting-up "mriqc_wf.funcMRIQC.synthstrip_wf.synthstrip" in "/local/nvme/ds004996_13.784026/ds/tmp/mriqc_wf/funcMRIQC/synthstrip_wf/d76f2e3aea70544a99c21b720db0888357a47949/synthstrip".[0m
2026-03-27 02:28:17 |[34;20m INFO     [0m|[34;20m nipype.workflow  [0m|[34;20m [Node] Executing "synthstrip" <mriqc.interfaces.synthstrip.SynthStrip>[0m
2026-03-27 02:28:37 |[34;20m INFO     [0m|[34;20m nipype.workflow  [0m|[34;20m [Node] Finished "synthstrip", elapsed time 19.819387s.[0m
2026-03-27 02:28:37 |[34;20m INFO     [0m|[34;20m nipype.workflow  [0m|[34;20m [Node] Setting-up "mriqc_wf.funcMRIQC.synthstrip_wf.synthstrip" in "/local/nvme/ds004996_13.784026/ds/tmp/mriqc_wf/funcMRIQC/synthstrip_wf/2be450f6a5d399ce58d13d6ce93b80236b1ef5c3/synthstrip".[0m
2026-03-27 02:28:37 |[34;20m INFO     [0m|[34;20m nipype.workflow  [0m|[34;20m [Node] Executing "synthstrip" <mriqc.interfaces.synthstrip.SynthStrip>[0m
2026-03-27 02:28:54 |[34;20m INFO     [0m|[34;20m nipype.workflow  [0m|[34;20m [Node] Finished "synthstrip", elapsed time 16.837555000000002s.[0m
2026-03-27 02:28:55 |[34;20m INFO     [0m|[34;20m nipype.workflow  [0m|[34;20m [Node] Setting-up "mriqc_wf.funcMRIQC.synthstrip_wf.synthstrip" in "/local/nvme/ds004996_13.784026/ds/tmp/mriqc_wf/funcMRIQC/synthstrip_wf/49ef94af2cda5359a1803e9feef4c44d8850cdd8/synthstrip".[0m
2026-03-27 02:28:55 |[34;20m INFO     [0m|[34;20m nipype.workflow  [0m|[34;20m [Node] Executing "synthstrip" <mriqc.interfaces.synthstrip.SynthStrip>[0m
2026-03-27 02:29:14 |[34;20m INFO     [0m|[34;20m nipype.workflow  [0m|[34;20m [Node] Finished "synthstrip", elapsed time 18.295656s.[0m
2026-03-27 02:29:15 |[34;20m INFO     [0m|[34;20m nipype.workflow  [0m|[34;20m [Node] Setting-up "mriqc_wf.funcMRIQC.synthstrip_wf.post_n4" in "/local/nvme/ds004996_13.784026/ds/tmp/mriqc_wf/funcMRIQC/synthstrip_wf/d76f2e3aea70544a99c21b720db0888357a47949/post_n4".[0m
2026-03-27 02:29:15 |[34;20m INFO     [0m|[34;20m nipype.workflow  [0m|[34;20m [Node] Executing "post_n4" <nipype.interfaces.ants.segmentation.N4BiasFieldCorrection>[0m
2026-03-27 02:29:17 |[34;20m INFO     [0m|[34;20m nipype.workflow  [0m|[34;20m [Node] Finished "post_n4", elapsed time 1.13541s.[0m
2026-03-27 02:29:17 |[34;20m INFO     [0m|[34;20m nipype.workflow  [0m|[34;20m [Node] Setting-up "mriqc_wf.funcMRIQC.SpatialNormalization.EPI2MNI" in "/local/nvme/ds004996_13.784026/ds/tmp/mriqc_wf/funcMRIQC/SpatialNormalization/d76f2e3aea70544a99c21b720db0888357a47949/EPI2MNI".[0m
2026-03-27 02:29:17 |[34;20m INFO     [0m|[34;20m nipype.workflow  [0m|[34;20m [Node] Executing "EPI2MNI" <niworkflows.interfaces.reportlets.registration.SpatialNormalizationRPT>[0m
2026-03-27 02:29:17 |[34;20m INFO     [0m|[34;20m niworkflows      [0m|[34;20m Estimating initial transform using AffineInitializer[0m
2026-03-27 02:29:23 |[34;20m INFO     [0m|[34;20m niworkflows      [0m|[34;20m Loading settings from file /opt/conda/lib/python3.11/site-packages/niworkflows/data/boldref-mni_registration_precise_000.json.[0m
2026-03-27 02:29:23 |[34;20m INFO     [0m|[34;20m niworkflows      [0m|[34;20m Retry #1, commandline: 
antsRegistration --collapse-output-transforms 1 --dimensionality 3 --float 0 --initial-moving-transform [ /local/nvme/ds004996_13.784026/ds/tmp/mriqc_wf/funcMRIQC/SpatialNormalization/d76f2e3aea70544a99c21b720db0888357a47949/EPI2MNI/transform.mat, 0 ] --initialize-transforms-per-stage 0 --interpolation LanczosWindowedSinc --output [ epi_to_mni, epi_to_mni_Warped.nii.gz ] --transform Rigid[ 0.05 ] --metric Mattes[ /templateflow/tpl-MNI152NLin2009cAsym/tpl-MNI152NLin2009cAsym_res-02_desc-fMRIPrep_boldref.nii.gz, /local/nvme/ds004996_13.784026/ds/tmp/mriqc_wf/funcMRIQC/SpatialNormalization/d76f2e3aea70544a99c21b720db0888357a47949/SharpenEPI/sub-13_task-conversation_run-01_bold_desc-realigned_valid_tstat_corrected.nii.gz, 1, 56, Regular, 0.25 ] --convergence [ 10000x1000x100, 1e-06, 20 ] --smoothing-sigmas 4.0x2.0x1.0vox --shrink-factors 4x2x1 --use-histogram-matching 1 --masks [ /templateflow/tpl-MNI152NLin2009cAsym/tpl-MNI152NLin2009cAsym_res-02_desc-brain_mask.nii.gz, /local/nvme/ds004996_13.784026/ds/tmp/mriqc_wf/funcMRIQC/synthstrip_wf/d76f2e3aea70544a99c21b720db0888357a47949/synthstrip/clipped_corrected_desc-brain_mask.nii.gz ] --transform Affine[ 0.08 ] --metric Mattes[ /templateflow/tpl-MNI152NLin2009cAsym/tpl-MNI152NLin2009cAsym_res-02_desc-fMRIPrep_boldref.nii.gz, /local/nvme/ds004996_13.784026/ds/tmp/mriqc_wf/funcMRIQC/SpatialNormalization/d76f2e3aea70544a99c21b720db0888357a47949/SharpenEPI/sub-13_task-conversation_run-01_bold_desc-realigned_valid_tstat_corrected.nii.gz, 1, 56, Regular, 0.25 ] --convergence [ 500x250x100, 1e-06, 20 ] --smoothing-sigmas 4.0x2.0x1.0vox --shrink-factors 8x4x2 --use-histogram-matching 1 --masks [ /templateflow/tpl-MNI152NLin2009cAsym/tpl-MNI152NLin2009cAsym_res-02_desc-brain_mask.nii.gz, /local/nvme/ds004996_13.784026/ds/tmp/mriqc_wf/funcMRIQC/synthstrip_wf/d76f2e3aea70544a99c21b720db0888357a47949/synthstrip/clipped_corrected_desc-brain_mask.nii.gz ] --transform SyN[ 0.1, 3.0, 0.0 ] --metric CC[ /templateflow/tpl-MNI152NLin2009cAsym/tpl-MNI152NLin2009cAsym_res-02_desc-fMRIPrep_boldref.nii.gz, /local/nvme/ds004996_13.784026/ds/tmp/mriqc_wf/funcMRIQC/SpatialNormalization/d76f2e3aea70544a99c21b720db0888357a47949/SharpenEPI/sub-13_task-conversation_run-01_bold_desc-realigned_valid_tstat_corrected.nii.gz, 1, 4, None, 1 ] --convergence [ 100x30x20, 1e-06, 10 ] --smoothing-sigmas 3.0x2.0x1.0vox --shrink-factors 8x4x2 --use-histogram-matching 1 --masks [ /templateflow/tpl-MNI152NLin2009cAsym/tpl-MNI152NLin2009cAsym_res-02_desc-brain_mask.nii.gz, /local/nvme/ds004996_13.784026/ds/tmp/mriqc_wf/funcMRIQC/synthstrip_wf/d76f2e3aea70544a99c21b720db0888357a47949/synthstrip/clipped_corrected_desc-brain_mask.nii.gz ] --winsorize-image-intensities [ 0.005, 0.995 ]  --write-composite-transform 1[0m
2026-03-27 02:29:36 |[34;20m INFO     [0m|[34;20m niworkflows      [0m|[34;20m Successful spatial normalization (retry #1).[0m
2026-03-27 02:29:36 |[34;20m INFO     [0m|[34;20m niworkflows      [0m|[34;20m Report - setting fixed (/templateflow/tpl-MNI152NLin2009cAsym/tpl-MNI152NLin2009cAsym_res-02_desc-fMRIPrep_boldref.nii.gz) and moving (/local/nvme/ds004996_13.784026/ds/tmp/mriqc_wf/funcMRIQC/SpatialNormalization/d76f2e3aea70544a99c21b720db0888357a47949/EPI2MNI/epi_to_mni_Warped.nii.gz) images[0m
2026-03-27 02:29:36 |[34;20m INFO     [0m|[34;20m niworkflows      [0m|[34;20m Generating visual report[0m
2026-03-27 02:29:57 |[34;20m INFO     [0m|[34;20m nipype.workflow  [0m|[34;20m [Node] Finished "EPI2MNI", elapsed time 39.323474s.[0m
2026-03-27 02:29:57 |[34;20m INFO     [0m|[34;20m nipype.workflow  [0m|[34;20m [Node] Setting-up "mriqc_wf.funcMRIQC.func_report_wf.dilated_mask" in "/local/nvme/ds004996_13.784026/ds/tmp/mriqc_wf/funcMRIQC/func_report_wf/d76f2e3aea70544a99c21b720db0888357a47949/dilated_mask".[0m
2026-03-27 02:29:57 |[34;20m INFO     [0m|[34;20m nipype.workflow  [0m|[34;20m [Node] Setting-up "_smoothness0" in "/local/nvme/ds004996_13.784026/ds/tmp/mriqc_wf/funcMRIQC/ComputeIQMs/d76f2e3aea70544a99c21b720db0888357a47949/smoothness/mapflow/_smoothness0".[0m
2026-03-27 02:29:57 |[34;20m INFO     [0m|[34;20m nipype.workflow  [0m|[34;20m [Node] Setting-up "_outliers0" in "/local/nvme/ds004996_13.784026/ds/tmp/mriqc_wf/funcMRIQC/ComputeIQMs/d76f2e3aea70544a99c21b720db0888357a47949/outliers/mapflow/_outliers0".[0m
2026-03-27 02:29:57 |[34;20m INFO     [0m|[34;20m nipype.workflow  [0m|[34;20m [Node] Setting-up "_gcor0" in "/local/nvme/ds004996_13.784026/ds/tmp/mriqc_wf/funcMRIQC/ComputeIQMs/d76f2e3aea70544a99c21b720db0888357a47949/gcor/mapflow/_gcor0".[0m
2026-03-27 02:29:57 |[34;20m INFO     [0m|[34;20m nipype.workflow  [0m|[34;20m [Node] Setting-up "_ComputeDVARS0" in "/local/nvme/ds004996_13.784026/ds/tmp/mriqc_wf/funcMRIQC/ComputeIQMs/d76f2e3aea70544a99c21b720db0888357a47949/ComputeDVARS/mapflow/_ComputeDVARS0".[0m
2026-03-27 02:29:57 |[34;20m INFO     [0m|[34;20m nipype.workflow  [0m|[34;20m [Node] Executing "_smoothness0" <nipype.interfaces.afni.utils.FWHMx>[0m
2026-03-27 02:29:57 |[34;20m INFO     [0m|[34;20m nipype.workflow  [0m|[34;20m [Node] Executing "_outliers0" <nipype.interfaces.afni.preprocess.OutlierCount>[0m
2026-03-27 02:29:57 |[34;20m INFO     [0m|[34;20m nipype.workflow  [0m|[34;20m [Node] Setting-up "mriqc_wf.funcMRIQC.func_report_wf.PlotBrainmask" in "/local/nvme/ds004996_13.784026/ds/tmp/mriqc_wf/funcMRIQC/func_report_wf/d76f2e3aea70544a99c21b720db0888357a47949/PlotBrainmask".[0m
2026-03-27 02:29:57 |[34;20m INFO     [0m|[34;20m nipype.workflow  [0m|[34;20m [Node] Executing "_gcor0" <mriqc.interfaces.transitional.GCOR>[0m
2026-03-27 02:29:57 |[34;20m INFO     [0m|[34;20m nipype.workflow  [0m|[34;20m [Node] Executing "_ComputeDVARS0" <nipype.algorithms.confounds.ComputeDVARS>[0m
2026-03-27 02:29:57 |[34;20m INFO     [0m|[34;20m nipype.workflow  [0m|[34;20m [Node] Executing "dilated_mask" <niworkflows.interfaces.morphology.BinaryDilation>[0m
2026-03-27 02:29:57 |[34;20m INFO     [0m|[34;20m nipype.workflow  [0m|[34;20m [Node] Executing "PlotBrainmask" <nireports.interfaces.mosaic.PlotContours>[0m
2026-03-27 02:29:57 |[34;20m INFO     [0m|[34;20m nipype.workflow  [0m|[34;20m [Node] Setting-up "_ComputeDVARS0" in "/local/nvme/ds004996_13.784026/ds/tmp/mriqc_wf/funcMRIQC/ComputeIQMs/2be450f6a5d399ce58d13d6ce93b80236b1ef5c3/ComputeDVARS/mapflow/_ComputeDVARS0".[0m
2026-03-27 02:29:57 |[34;20m INFO     [0m|[34;20m nipype.workflow  [0m|[34;20m [Node] Executing "_ComputeDVARS0" <nipype.algorithms.confounds.ComputeDVARS>[0m
2026-03-27 02:29:57 |[34;20m INFO     [0m|[34;20m nipype.workflow  [0m|[34;20m [Node] Setting-up "_PlotMosaicZoomed0" in "/local/nvme/ds004996_13.784026/ds/tmp/mriqc_wf/funcMRIQC/func_report_wf/d76f2e3aea70544a99c21b720db0888357a47949/PlotMosaicZoomed/mapflow/_PlotMosaicZoomed0".[0m
2026-03-27 02:29:57 |[34;20m INFO     [0m|[34;20m nipype.workflow  [0m|[34;20m [Node] Executing "_PlotMosaicZoomed0" <nireports.interfaces.mosaic.PlotMosaic>[0m
2026-03-27 02:29:58 |[34;20m INFO     [0m|[34;20m nipype.workflow  [0m|[34;20m [Node] Finished "dilated_mask", elapsed time 0.062327s.[0m
2026-03-27 02:29:58 |[34;20m INFO     [0m|[34;20m nipype.workflow  [0m|[34;20m [Node] Finished "_smoothness0", elapsed time 0.652733s.[0m
2026-03-27 02:29:59 |[34;20m INFO     [0m|[34;20m nipype.workflow  [0m|[34;20m [Node] Finished "_PlotMosaicZoomed0", elapsed time 1.5456400000000001s.[0m
2026-03-27 02:29:59 |[34;20m INFO     [0m|[34;20m nipype.workflow  [0m|[34;20m [Node] Finished "PlotBrainmask", elapsed time 1.649176s.[0m
2026-03-27 02:29:59 |[34;20m INFO     [0m|[34;20m nipype.workflow  [0m|[34;20m [Node] Setting-up "_smoothness0" in "/local/nvme/ds004996_13.784026/ds/tmp/mriqc_wf/funcMRIQC/ComputeIQMs/2be450f6a5d399ce58d13d6ce93b80236b1ef5c3/smoothness/mapflow/_smoothness0".[0m
2026-03-27 02:29:59 |[34;20m INFO     [0m|[34;20m nipype.workflow  [0m|[34;20m [Node] Setting-up "mriqc_wf.funcMRIQC.func_report_wf.dilated_mask" in "/local/nvme/ds004996_13.784026/ds/tmp/mriqc_wf/funcMRIQC/func_report_wf/2be450f6a5d399ce58d13d6ce93b80236b1ef5c3/dilated_mask".[0m
2026-03-27 02:29:59 |[34;20m INFO     [0m|[34;20m nipype.workflow  [0m|[34;20m [Node] Setting-up "_outliers0" in "/local/nvme/ds004996_13.784026/ds/tmp/mriqc_wf/funcMRIQC/ComputeIQMs/2be450f6a5d399ce58d13d6ce93b80236b1ef5c3/outliers/mapflow/_outliers0".[0m
2026-03-27 02:29:59 |[34;20m INFO     [0m|[34;20m nipype.workflow  [0m|[34;20m [Node] Setting-up "_gcor0" in "/local/nvme/ds004996_13.784026/ds/tmp/mriqc_wf/funcMRIQC/ComputeIQMs/2be450f6a5d399ce58d13d6ce93b80236b1ef5c3/gcor/mapflow/_gcor0".[0m
2026-03-27 02:29:59 |[34;20m INFO     [0m|[34;20m nipype.workflow  [0m|[34;20m [Node] Executing "_smoothness0" <nipype.interfaces.afni.utils.FWHMx>[0m
2026-03-27 02:29:59 |[34;20m INFO     [0m|[34;20m nipype.workflow  [0m|[34;20m [Node] Executing "_outliers0" <nipype.interfaces.afni.preprocess.OutlierCount>[0m
2026-03-27 02:29:59 |[34;20m INFO     [0m|[34;20m nipype.workflow  [0m|[34;20m [Node] Executing "dilated_mask" <niworkflows.interfaces.morphology.BinaryDilation>[0m
2026-03-27 02:29:59 |[34;20m INFO     [0m|[34;20m nipype.workflow  [0m|[34;20m [Node] Executing "_gcor0" <mriqc.interfaces.transitional.GCOR>[0m
2026-03-27 02:29:59 |[34;20m INFO     [0m|[34;20m nipype.workflow  [0m|[34;20m [Node] Finished "dilated_mask", elapsed time 0.054905s.[0m
2026-03-27 02:30:00 |[34;20m INFO     [0m|[34;20m nipype.workflow  [0m|[34;20m [Node] Finished "_smoothness0", elapsed time 0.712999s.[0m
2026-03-27 02:30:01 |[34;20m INFO     [0m|[34;20m nipype.workflow  [0m|[34;20m [Node] Setting-up "mriqc_wf.funcMRIQC.func_report_wf.PlotBrainmask" in "/local/nvme/ds004996_13.784026/ds/tmp/mriqc_wf/funcMRIQC/func_report_wf/2be450f6a5d399ce58d13d6ce93b80236b1ef5c3/PlotBrainmask".[0m
2026-03-27 02:30:01 |[34;20m INFO     [0m|[34;20m nipype.workflow  [0m|[34;20m [Node] Setting-up "_PlotMosaicZoomed0" in "/local/nvme/ds004996_13.784026/ds/tmp/mriqc_wf/funcMRIQC/func_report_wf/2be450f6a5d399ce58d13d6ce93b80236b1ef5c3/PlotMosaicZoomed/mapflow/_PlotMosaicZoomed0".[0m
2026-03-27 02:30:01 |[34;20m INFO     [0m|[34;20m nipype.workflow  [0m|[34;20m [Node] Executing "_PlotMosaicZoomed0" <nireports.interfaces.mosaic.PlotMosaic>[0m
2026-03-27 02:30:01 |[34;20m INFO     [0m|[34;20m nipype.workflow  [0m|[34;20m [Node] Executing "PlotBrainmask" <nireports.interfaces.mosaic.PlotContours>[0m
2026-03-27 02:30:03 |[34;20m INFO     [0m|[34;20m nipype.workflow  [0m|[34;20m [Node] Finished "_outliers0", elapsed time 5.414848s.[0m
2026-03-27 02:30:03 |[34;20m INFO     [0m|[34;20m nipype.workflow  [0m|[34;20m [Node] Finished "PlotBrainmask", elapsed time 1.499423s.[0m
2026-03-27 02:30:03 |[34;20m INFO     [0m|[34;20m nipype.workflow  [0m|[34;20m [Node] Finished "_PlotMosaicZoomed0", elapsed time 1.774922s.[0m
2026-03-27 02:30:03 |[34;20m INFO     [0m|[34;20m nipype.workflow  [0m|[34;20m [Node] Setting-up "_ComputeDVARS0" in "/local/nvme/ds004996_13.784026/ds/tmp/mriqc_wf/funcMRIQC/ComputeIQMs/49ef94af2cda5359a1803e9feef4c44d8850cdd8/ComputeDVARS/mapflow/_ComputeDVARS0".[0m
2026-03-27 02:30:03 |[34;20m INFO     [0m|[34;20m nipype.workflow  [0m|[34;20m [Node] Setting-up "_smoothness0" in "/local/nvme/ds004996_13.784026/ds/tmp/mriqc_wf/funcMRIQC/ComputeIQMs/49ef94af2cda5359a1803e9feef4c44d8850cdd8/smoothness/mapflow/_smoothness0".[0m
2026-03-27 02:30:03 |[34;20m INFO     [0m|[34;20m nipype.workflow  [0m|[34;20m [Node] Setting-up "_outliers0" in "/local/nvme/ds004996_13.784026/ds/tmp/mriqc_wf/funcMRIQC/ComputeIQMs/49ef94af2cda5359a1803e9feef4c44d8850cdd8/outliers/mapflow/_outliers0".[0m
2026-03-27 02:30:03 |[34;20m INFO     [0m|[34;20m nipype.workflow  [0m|[34;20m [Node] Executing "_ComputeDVARS0" <nipype.algorithms.confounds.ComputeDVARS>[0m
2026-03-27 02:30:03 |[34;20m INFO     [0m|[34;20m nipype.workflow  [0m|[34;20m [Node] Executing "_smoothness0" <nipype.interfaces.afni.utils.FWHMx>[0m
2026-03-27 02:30:03 |[34;20m INFO     [0m|[34;20m nipype.workflow  [0m|[34;20m [Node] Executing "_outliers0" <nipype.interfaces.afni.preprocess.OutlierCount>[0m
2026-03-27 02:30:04 |[34;20m INFO     [0m|[34;20m nipype.workflow  [0m|[34;20m [Node] Finished "_smoothness0", elapsed time 0.63191s.[0m
2026-03-27 02:30:05 |[34;20m INFO     [0m|[34;20m nipype.workflow  [0m|[34;20m [Node] Finished "_outliers0", elapsed time 5.484559s.[0m
2026-03-27 02:30:05 |[34;20m INFO     [0m|[34;20m nipype.workflow  [0m|[34;20m [Node] Setting-up "mriqc_wf.funcMRIQC.func_report_wf.dilated_mask" in "/local/nvme/ds004996_13.784026/ds/tmp/mriqc_wf/funcMRIQC/func_report_wf/49ef94af2cda5359a1803e9feef4c44d8850cdd8/dilated_mask".[0m
2026-03-27 02:30:05 |[34;20m INFO     [0m|[34;20m nipype.workflow  [0m|[34;20m [Node] Setting-up "_gcor0" in "/local/nvme/ds004996_13.784026/ds/tmp/mriqc_wf/funcMRIQC/ComputeIQMs/49ef94af2cda5359a1803e9feef4c44d8850cdd8/gcor/mapflow/_gcor0".[0m
2026-03-27 02:30:05 |[34;20m INFO     [0m|[34;20m nipype.workflow  [0m|[34;20m [Node] Executing "dilated_mask" <niworkflows.interfaces.morphology.BinaryDilation>[0m
2026-03-27 02:30:05 |[34;20m INFO     [0m|[34;20m nipype.workflow  [0m|[34;20m [Node] Executing "_gcor0" <mriqc.interfaces.transitional.GCOR>[0m
2026-03-27 02:30:05 |[34;20m INFO     [0m|[34;20m nipype.workflow  [0m|[34;20m [Node] Finished "dilated_mask", elapsed time 0.026216s.[0m
2026-03-27 02:30:07 |[34;20m INFO     [0m|[34;20m nipype.workflow  [0m|[34;20m [Node] Setting-up "_PlotMosaicZoomed0" in "/local/nvme/ds004996_13.784026/ds/tmp/mriqc_wf/funcMRIQC/func_report_wf/49ef94af2cda5359a1803e9feef4c44d8850cdd8/PlotMosaicZoomed/mapflow/_PlotMosaicZoomed0".[0m
2026-03-27 02:30:07 |[34;20m INFO     [0m|[34;20m nipype.workflow  [0m|[34;20m [Node] Executing "_PlotMosaicZoomed0" <nireports.interfaces.mosaic.PlotMosaic>[0m
2026-03-27 02:30:09 |[34;20m INFO     [0m|[34;20m nipype.workflow  [0m|[34;20m [Node] Finished "_outliers0", elapsed time 5.186886s.[0m
2026-03-27 02:30:09 |[34;20m INFO     [0m|[34;20m nipype.workflow  [0m|[34;20m [Node] Finished "_PlotMosaicZoomed0", elapsed time 1.56s.[0m
2026-03-27 02:30:09 |[34;20m INFO     [0m|[34;20m nipype.workflow  [0m|[34;20m [Node] Finished "_gcor0", elapsed time 11.668872s.[0m
2026-03-27 02:30:09 |[34;20m INFO     [0m|[34;20m nipype.workflow  [0m|[34;20m [Node] Setting-up "mriqc_wf.funcMRIQC.synthstrip_wf.final_masked" in "/local/nvme/ds004996_13.784026/ds/tmp/mriqc_wf/funcMRIQC/synthstrip_wf/d76f2e3aea70544a99c21b720db0888357a47949/final_masked".[0m
2026-03-27 02:30:09 |[34;20m INFO     [0m|[34;20m nipype.workflow  [0m|[34;20m [Node] Setting-up "mriqc_wf.funcMRIQC.SpatialNormalization.ResampleSegmentation" in "/local/nvme/ds004996_13.784026/ds/tmp/mriqc_wf/funcMRIQC/SpatialNormalization/d76f2e3aea70544a99c21b720db0888357a47949/ResampleSegmentation".[0m
2026-03-27 02:30:09 |[34;20m INFO     [0m|[34;20m nipype.workflow  [0m|[34;20m [Node] Executing "final_masked" <niworkflows.interfaces.nibabel.ApplyMask>[0m
2026-03-27 02:30:09 |[34;20m INFO     [0m|[34;20m nipype.workflow  [0m|[34;20m [Node] Setting-up "mriqc_wf.funcMRIQC.func_report_wf.PlotBrainmask" in "/local/nvme/ds004996_13.784026/ds/tmp/mriqc_wf/funcMRIQC/func_report_wf/49ef94af2cda5359a1803e9feef4c44d8850cdd8/PlotBrainmask".[0m
2026-03-27 02:30:09 |[34;20m INFO     [0m|[34;20m nipype.workflow  [0m|[34;20m [Node] Executing "ResampleSegmentation" <nipype.interfaces.ants.resampling.ApplyTransforms>[0m
2026-03-27 02:30:09 |[34;20m INFO     [0m|[34;20m nipype.workflow  [0m|[34;20m [Node] Executing "PlotBrainmask" <nireports.interfaces.mosaic.PlotContours>[0m
2026-03-27 02:30:10 |[34;20m INFO     [0m|[34;20m nipype.workflow  [0m|[34;20m [Node] Finished "final_masked", elapsed time 0.047811s.[0m
2026-03-27 02:30:11 |[34;20m INFO     [0m|[34;20m nipype.workflow  [0m|[34;20m [Node] Finished "_gcor0", elapsed time 11.07574s.[0m
2026-03-27 02:30:11 |[34;20m INFO     [0m|[34;20m nipype.workflow  [0m|[34;20m [Node] Finished "PlotBrainmask", elapsed time 1.440042s.[0m
2026-03-27 02:30:12 |[34;20m INFO     [0m|[34;20m nipype.workflow  [0m|[34;20m [Node] Setting-up "mriqc_wf.funcMRIQC.func_report_wf.ds_report_norm" in "/local/nvme/ds004996_13.784026/ds/tmp/mriqc_wf/funcMRIQC/func_report_wf/d76f2e3aea70544a99c21b720db0888357a47949/ds_report_norm".[0m
2026-03-27 02:30:12 |[34;20m INFO     [0m|[34;20m nipype.workflow  [0m|[34;20m [Node] Executing "ds_report_norm" <mriqc.interfaces.DerivativesDataSink>[0m
2026-03-27 02:30:12 |[34;20m INFO     [0m|[34;20m nipype.workflow  [0m|[34;20m [Node] Finished "ds_report_norm", elapsed time 0.006661s.[0m
2026-03-27 02:30:12 |[34;20m INFO     [0m|[34;20m nipype.workflow  [0m|[34;20m [Node] Setting-up "mriqc_wf.funcMRIQC.func_report_wf.subtract_mask" in "/local/nvme/ds004996_13.784026/ds/tmp/mriqc_wf/funcMRIQC/func_report_wf/d76f2e3aea70544a99c21b720db0888357a47949/subtract_mask".[0m
2026-03-27 02:30:12 |[34;20m INFO     [0m|[34;20m nipype.workflow  [0m|[34;20m [Node] Executing "subtract_mask" <niworkflows.interfaces.morphology.BinarySubtraction>[0m
2026-03-27 02:30:12 |[34;20m INFO     [0m|[34;20m nipype.workflow  [0m|[34;20m [Node] Setting-up "_ds_report_zoomed0" in "/local/nvme/ds004996_13.784026/ds/tmp/mriqc_wf/funcMRIQC/func_report_wf/d76f2e3aea70544a99c21b720db0888357a47949/ds_report_zoomed/mapflow/_ds_report_zoomed0".[0m
2026-03-27 02:30:12 |[34;20m INFO     [0m|[34;20m nipype.workflow  [0m|[34;20m [Node] Executing "_ds_report_zoomed0" <mriqc.interfaces.DerivativesDataSink>[0m
2026-03-27 02:30:12 |[34;20m INFO     [0m|[34;20m nipype.workflow  [0m|[34;20m [Node] Finished "_ds_report_zoomed0", elapsed time 0.005719s.[0m
2026-03-27 02:30:12 |[34;20m INFO     [0m|[34;20m nipype.workflow  [0m|[34;20m [Node] Finished "subtract_mask", elapsed time 0.013736s.[0m
2026-03-27 02:30:12 |[34;20m INFO     [0m|[34;20m nipype.workflow  [0m|[34;20m [Node] Setting-up "mriqc_wf.funcMRIQC.func_report_wf.ds_report_bmask" in "/local/nvme/ds004996_13.784026/ds/tmp/mriqc_wf/funcMRIQC/func_report_wf/d76f2e3aea70544a99c21b720db0888357a47949/ds_report_bmask".[0m
2026-03-27 02:30:12 |[34;20m INFO     [0m|[34;20m nipype.workflow  [0m|[34;20m [Node] Executing "ds_report_bmask" <mriqc.interfaces.DerivativesDataSink>[0m
2026-03-27 02:30:12 |[34;20m INFO     [0m|[34;20m nipype.workflow  [0m|[34;20m [Node] Finished "ds_report_bmask", elapsed time 0.005547s.[0m
2026-03-27 02:30:12 |[34;20m INFO     [0m|[34;20m nipype.workflow  [0m|[34;20m [Node] Setting-up "mriqc_wf.funcMRIQC.func_report_wf.subtract_mask" in "/local/nvme/ds004996_13.784026/ds/tmp/mriqc_wf/funcMRIQC/func_report_wf/2be450f6a5d399ce58d13d6ce93b80236b1ef5c3/subtract_mask".[0m
2026-03-27 02:30:12 |[34;20m INFO     [0m|[34;20m nipype.workflow  [0m|[34;20m [Node] Setting-up "_ds_report_zoomed0" in "/local/nvme/ds004996_13.784026/ds/tmp/mriqc_wf/funcMRIQC/func_report_wf/2be450f6a5d399ce58d13d6ce93b80236b1ef5c3/ds_report_zoomed/mapflow/_ds_report_zoomed0".[0m
2026-03-27 02:30:12 |[34;20m INFO     [0m|[34;20m nipype.workflow  [0m|[34;20m [Node] Executing "subtract_mask" <niworkflows.interfaces.morphology.BinarySubtraction>[0m
2026-03-27 02:30:12 |[34;20m INFO     [0m|[34;20m nipype.workflow  [0m|[34;20m [Node] Executing "_ds_report_zoomed0" <mriqc.interfaces.DerivativesDataSink>[0m
2026-03-27 02:30:12 |[34;20m INFO     [0m|[34;20m nipype.workflow  [0m|[34;20m [Node] Finished "_ds_report_zoomed0", elapsed time 0.006366s.[0m
2026-03-27 02:30:12 |[34;20m INFO     [0m|[34;20m nipype.workflow  [0m|[34;20m [Node] Finished "subtract_mask", elapsed time 0.019377s.[0m
2026-03-27 02:30:12 |[34;20m INFO     [0m|[34;20m nipype.workflow  [0m|[34;20m [Node] Setting-up "mriqc_wf.funcMRIQC.func_report_wf.ds_report_bmask" in "/local/nvme/ds004996_13.784026/ds/tmp/mriqc_wf/funcMRIQC/func_report_wf/2be450f6a5d399ce58d13d6ce93b80236b1ef5c3/ds_report_bmask".[0m
2026-03-27 02:30:12 |[34;20m INFO     [0m|[34;20m nipype.workflow  [0m|[34;20m [Node] Executing "ds_report_bmask" <mriqc.interfaces.DerivativesDataSink>[0m
2026-03-27 02:30:12 |[34;20m INFO     [0m|[34;20m nipype.workflow  [0m|[34;20m [Node] Finished "ds_report_bmask", elapsed time 0.005527s.[0m
2026-03-27 02:30:12 |[34;20m INFO     [0m|[34;20m nipype.workflow  [0m|[34;20m [Node] Setting-up "mriqc_wf.funcMRIQC.func_report_wf.subtract_mask" in "/local/nvme/ds004996_13.784026/ds/tmp/mriqc_wf/funcMRIQC/func_report_wf/49ef94af2cda5359a1803e9feef4c44d8850cdd8/subtract_mask".[0m
2026-03-27 02:30:12 |[34;20m INFO     [0m|[34;20m nipype.workflow  [0m|[34;20m [Node] Executing "subtract_mask" <niworkflows.interfaces.morphology.BinarySubtraction>[0m
2026-03-27 02:30:12 |[34;20m INFO     [0m|[34;20m nipype.workflow  [0m|[34;20m [Node] Finished "subtract_mask", elapsed time 0.021406s.[0m
2026-03-27 02:30:12 |[34;20m INFO     [0m|[34;20m nipype.workflow  [0m|[34;20m [Node] Finished "ResampleSegmentation", elapsed time 3.005837s.[0m
2026-03-27 02:30:13 |[34;20m INFO     [0m|[34;20m nipype.workflow  [0m|[34;20m [Node] Setting-up "_ds_report_zoomed0" in "/local/nvme/ds004996_13.784026/ds/tmp/mriqc_wf/funcMRIQC/func_report_wf/49ef94af2cda5359a1803e9feef4c44d8850cdd8/ds_report_zoomed/mapflow/_ds_report_zoomed0".[0m
2026-03-27 02:30:13 |[34;20m INFO     [0m|[34;20m nipype.workflow  [0m|[34;20m [Node] Executing "_ds_report_zoomed0" <mriqc.interfaces.DerivativesDataSink>[0m
2026-03-27 02:30:13 |[34;20m INFO     [0m|[34;20m nipype.workflow  [0m|[34;20m [Node] Finished "_ds_report_zoomed0", elapsed time 0.006314s.[0m
2026-03-27 02:30:14 |[34;20m INFO     [0m|[34;20m nipype.workflow  [0m|[34;20m [Node] Setting-up "mriqc_wf.funcMRIQC.func_report_wf.ds_report_bmask" in "/local/nvme/ds004996_13.784026/ds/tmp/mriqc_wf/funcMRIQC/func_report_wf/49ef94af2cda5359a1803e9feef4c44d8850cdd8/ds_report_bmask".[0m
2026-03-27 02:30:14 |[34;20m INFO     [0m|[34;20m nipype.workflow  [0m|[34;20m [Node] Executing "ds_report_bmask" <mriqc.interfaces.DerivativesDataSink>[0m
2026-03-27 02:30:14 |[34;20m INFO     [0m|[34;20m nipype.workflow  [0m|[34;20m [Node] Finished "ds_report_bmask", elapsed time 0.005765s.[0m
2026-03-27 02:30:14 |[34;20m INFO     [0m|[34;20m nipype.workflow  [0m|[34;20m [Node] Setting-up "mriqc_wf.funcMRIQC.func_report_wf.parcels" in "/local/nvme/ds004996_13.784026/ds/tmp/mriqc_wf/funcMRIQC/func_report_wf/d76f2e3aea70544a99c21b720db0888357a47949/parcels".[0m
2026-03-27 02:30:14 |[34;20m INFO     [0m|[34;20m nipype.workflow  [0m|[34;20m [Node] Executing "parcels" <nipype.interfaces.utility.wrappers.Function>[0m
2026-03-27 02:30:14 |[34;20m INFO     [0m|[34;20m nipype.workflow  [0m|[34;20m [Node] Finished "parcels", elapsed time 0.026819s.[0m
2026-03-27 02:30:16 |[34;20m INFO     [0m|[34;20m nipype.workflow  [0m|[34;20m [Node] Finished "_gcor0", elapsed time 10.54009s.[0m
2026-03-27 02:30:21 |[34;20m INFO     [0m|[34;20m nipype.workflow  [0m|[34;20m [Node] Finished "_ComputeDVARS0", elapsed time 23.418606s.[0m
2026-03-27 02:30:21 |[34;20m INFO     [0m|[34;20m nipype.workflow  [0m|[34;20m [Node] Setting-up "_timeseries0" in "/local/nvme/ds004996_13.784026/ds/tmp/mriqc_wf/funcMRIQC/ComputeIQMs/d76f2e3aea70544a99c21b720db0888357a47949/timeseries/mapflow/_timeseries0".[0m
2026-03-27 02:30:21 |[34;20m INFO     [0m|[34;20m nipype.workflow  [0m|[34;20m [Node] Executing "_timeseries0" <mriqc.interfaces.functional.GatherTimeseries>[0m
2026-03-27 02:30:21 |[34;20m INFO     [0m|[34;20m nipype.workflow  [0m|[34;20m [Node] Setting-up "_measures0" in "/local/nvme/ds004996_13.784026/ds/tmp/mriqc_wf/funcMRIQC/ComputeIQMs/d76f2e3aea70544a99c21b720db0888357a47949/measures/mapflow/_measures0".[0m
2026-03-27 02:30:21 |[34;20m INFO     [0m|[34;20m nipype.workflow  [0m|[34;20m [Node] Executing "_measures0" <mriqc.interfaces.functional.FunctionalQC>[0m
2026-03-27 02:30:21 |[34;20m INFO     [0m|[34;20m nipype.workflow  [0m|[34;20m [Node] Finished "_timeseries0", elapsed time 0.034099s.[0m
2026-03-27 02:30:22 |[34;20m INFO     [0m|[34;20m nipype.workflow  [0m|[34;20m [Node] Finished "_ComputeDVARS0", elapsed time 24.823882s.[0m
2026-03-27 02:30:23 |[34;20m INFO     [0m|[34;20m nipype.workflow  [0m|[34;20m [Node] Setting-up "_timeseries0" in "/local/nvme/ds004996_13.784026/ds/tmp/mriqc_wf/funcMRIQC/ComputeIQMs/2be450f6a5d399ce58d13d6ce93b80236b1ef5c3/timeseries/mapflow/_timeseries0".[0m
2026-03-27 02:30:23 |[34;20m INFO     [0m|[34;20m nipype.workflow  [0m|[34;20m [Node] Executing "_timeseries0" <mriqc.interfaces.functional.GatherTimeseries>[0m
2026-03-27 02:30:23 |[34;20m INFO     [0m|[34;20m nipype.workflow  [0m|[34;20m [Node] Setting-up "_ds_timeseries0" in "/local/nvme/ds004996_13.784026/ds/tmp/mriqc_wf/funcMRIQC/ComputeIQMs/d76f2e3aea70544a99c21b720db0888357a47949/ds_timeseries/mapflow/_ds_timeseries0".[0m
2026-03-27 02:30:23 |[34;20m INFO     [0m|[34;20m nipype.workflow  [0m|[34;20m [Node] Executing "_ds_timeseries0" <mriqc.interfaces.DerivativesDataSink>[0m
2026-03-27 02:30:23 |[34;20m INFO     [0m|[34;20m nipype.workflow  [0m|[34;20m [Node] Finished "_ds_timeseries0", elapsed time 0.005766s.[0m
2026-03-27 02:30:23 |[34;20m INFO     [0m|[34;20m nipype.workflow  [0m|[34;20m [Node] Finished "_timeseries0", elapsed time 0.031808s.[0m
2026-03-27 02:30:24 |[34;20m INFO     [0m|[34;20m nipype.workflow  [0m|[34;20m [Node] Setting-up "_BigPlot0" in "/local/nvme/ds004996_13.784026/ds/tmp/mriqc_wf/funcMRIQC/func_report_wf/d76f2e3aea70544a99c21b720db0888357a47949/BigPlot/mapflow/_BigPlot0".[0m
2026-03-27 02:30:24 |[34;20m INFO     [0m|[34;20m nipype.workflow  [0m|[34;20m [Node] Executing "_BigPlot0" <nireports.interfaces.fmri.FMRISummary>[0m
2026-03-27 02:30:24 |[34;20m INFO     [0m|[34;20m nipype.workflow  [0m|[34;20m [Node] Finished "_measures0", elapsed time 2.54917s.[0m
2026-03-27 02:30:25 |[34;20m INFO     [0m|[34;20m nipype.workflow  [0m|[34;20m [Node] Setting-up "_measures0" in "/local/nvme/ds004996_13.784026/ds/tmp/mriqc_wf/funcMRIQC/ComputeIQMs/2be450f6a5d399ce58d13d6ce93b80236b1ef5c3/measures/mapflow/_measures0".[0m
2026-03-27 02:30:25 |[34;20m INFO     [0m|[34;20m nipype.workflow  [0m|[34;20m [Node] Executing "_measures0" <mriqc.interfaces.functional.FunctionalQC>[0m
2026-03-27 02:30:25 |[34;20m INFO     [0m|[34;20m nipype.workflow  [0m|[34;20m [Node] Setting-up "_datasink0" in "/local/nvme/ds004996_13.784026/ds/tmp/mriqc_wf/funcMRIQC/ComputeIQMs/d76f2e3aea70544a99c21b720db0888357a47949/datasink/mapflow/_datasink0".[0m
2026-03-27 02:30:25 |[34;20m INFO     [0m|[34;20m nipype.workflow  [0m|[34;20m [Node] Executing "_datasink0" <mriqc.interfaces.bids.IQMFileSink>[0m
2026-03-27 02:30:25 |[34;20m INFO     [0m|[34;20m nipype.workflow  [0m|[34;20m [Node] Finished "_datasink0", elapsed time 0.002164s.[0m
2026-03-27 02:30:26 |[34;20m INFO     [0m|[34;20m nipype.workflow  [0m|[34;20m [Node] Setting-up "_ds_timeseries0" in "/local/nvme/ds004996_13.784026/ds/tmp/mriqc_wf/funcMRIQC/ComputeIQMs/2be450f6a5d399ce58d13d6ce93b80236b1ef5c3/ds_timeseries/mapflow/_ds_timeseries0".[0m
2026-03-27 02:30:26 |[34;20m INFO     [0m|[34;20m nipype.workflow  [0m|[34;20m [Node] Executing "_ds_timeseries0" <mriqc.interfaces.DerivativesDataSink>[0m
2026-03-27 02:30:26 |[34;20m INFO     [0m|[34;20m nipype.workflow  [0m|[34;20m [Node] Finished "_ds_timeseries0", elapsed time 0.004605s.[0m
2026-03-27 02:30:28 |[34;20m INFO     [0m|[34;20m nipype.workflow  [0m|[34;20m [Node] Finished "_measures0", elapsed time 2.738771s.[0m
2026-03-27 02:30:28 |[34;20m INFO     [0m|[34;20m nipype.workflow  [0m|[34;20m [Node] Finished "_ComputeDVARS0", elapsed time 24.981939s.[0m
2026-03-27 02:30:29 |[34;20m INFO     [0m|[34;20m nipype.workflow  [0m|[34;20m [Node] Setting-up "_measures0" in "/local/nvme/ds004996_13.784026/ds/tmp/mriqc_wf/funcMRIQC/ComputeIQMs/49ef94af2cda5359a1803e9feef4c44d8850cdd8/measures/mapflow/_measures0".[0m
2026-03-27 02:30:29 |[34;20m INFO     [0m|[34;20m nipype.workflow  [0m|[34;20m [Node] Executing "_measures0" <mriqc.interfaces.functional.FunctionalQC>[0m
2026-03-27 02:30:29 |[34;20m INFO     [0m|[34;20m nipype.workflow  [0m|[34;20m [Node] Setting-up "_timeseries0" in "/local/nvme/ds004996_13.784026/ds/tmp/mriqc_wf/funcMRIQC/ComputeIQMs/49ef94af2cda5359a1803e9feef4c44d8850cdd8/timeseries/mapflow/_timeseries0".[0m
2026-03-27 02:30:29 |[34;20m INFO     [0m|[34;20m nipype.workflow  [0m|[34;20m [Node] Executing "_timeseries0" <mriqc.interfaces.functional.GatherTimeseries>[0m
2026-03-27 02:30:29 |[34;20m INFO     [0m|[34;20m nipype.workflow  [0m|[34;20m [Node] Setting-up "_datasink0" in "/local/nvme/ds004996_13.784026/ds/tmp/mriqc_wf/funcMRIQC/ComputeIQMs/2be450f6a5d399ce58d13d6ce93b80236b1ef5c3/datasink/mapflow/_datasink0".[0m
2026-03-27 02:30:29 |[34;20m INFO     [0m|[34;20m nipype.workflow  [0m|[34;20m [Node] Executing "_datasink0" <mriqc.interfaces.bids.IQMFileSink>[0m
2026-03-27 02:30:29 |[34;20m INFO     [0m|[34;20m nipype.workflow  [0m|[34;20m [Node] Finished "_datasink0", elapsed time 0.00073s.[0m
2026-03-27 02:30:29 |[34;20m INFO     [0m|[34;20m nipype.workflow  [0m|[34;20m [Node] Finished "_timeseries0", elapsed time 0.0202s.[0m
2026-03-27 02:30:30 |[34;20m INFO     [0m|[34;20m nipype.workflow  [0m|[34;20m [Node] Finished "_BigPlot0", elapsed time 5.986366s.[0m
2026-03-27 02:30:31 |[34;20m INFO     [0m|[34;20m nipype.workflow  [0m|[34;20m [Node] Finished "_measures0", elapsed time 1.613779s.[0m
2026-03-27 02:30:31 |[34;20m INFO     [0m|[34;20m nipype.workflow  [0m|[34;20m [Node] Setting-up "mriqc_wf.funcMRIQC.synthstrip_wf.post_n4" in "/local/nvme/ds004996_13.784026/ds/tmp/mriqc_wf/funcMRIQC/synthstrip_wf/2be450f6a5d399ce58d13d6ce93b80236b1ef5c3/post_n4".[0m
2026-03-27 02:30:31 |[34;20m INFO     [0m|[34;20m nipype.workflow  [0m|[34;20m [Node] Executing "post_n4" <nipype.interfaces.ants.segmentation.N4BiasFieldCorrection>[0m
2026-03-27 02:30:33 |[34;20m INFO     [0m|[34;20m nipype.workflow  [0m|[34;20m [Node] Finished "post_n4", elapsed time 1.208255s.[0m
2026-03-27 02:30:33 |[34;20m INFO     [0m|[34;20m nipype.workflow  [0m|[34;20m [Node] Setting-up "mriqc_wf.funcMRIQC.SpatialNormalization.EPI2MNI" in "/local/nvme/ds004996_13.784026/ds/tmp/mriqc_wf/funcMRIQC/SpatialNormalization/2be450f6a5d399ce58d13d6ce93b80236b1ef5c3/EPI2MNI".[0m
2026-03-27 02:30:33 |[34;20m INFO     [0m|[34;20m nipype.workflow  [0m|[34;20m [Node] Executing "EPI2MNI" <niworkflows.interfaces.reportlets.registration.SpatialNormalizationRPT>[0m
2026-03-27 02:30:33 |[34;20m INFO     [0m|[34;20m niworkflows      [0m|[34;20m Estimating initial transform using AffineInitializer[0m
2026-03-27 02:30:39 |[34;20m INFO     [0m|[34;20m niworkflows      [0m|[34;20m Loading settings from file /opt/conda/lib/python3.11/site-packages/niworkflows/data/boldref-mni_registration_precise_000.json.[0m
2026-03-27 02:30:39 |[34;20m INFO     [0m|[34;20m niworkflows      [0m|[34;20m Retry #1, commandline: 
antsRegistration --collapse-output-transforms 1 --dimensionality 3 --float 0 --initial-moving-transform [ /local/nvme/ds004996_13.784026/ds/tmp/mriqc_wf/funcMRIQC/SpatialNormalization/2be450f6a5d399ce58d13d6ce93b80236b1ef5c3/EPI2MNI/transform.mat, 0 ] --initialize-transforms-per-stage 0 --interpolation LanczosWindowedSinc --output [ epi_to_mni, epi_to_mni_Warped.nii.gz ] --transform Rigid[ 0.05 ] --metric Mattes[ /templateflow/tpl-MNI152NLin2009cAsym/tpl-MNI152NLin2009cAsym_res-02_desc-fMRIPrep_boldref.nii.gz, /local/nvme/ds004996_13.784026/ds/tmp/mriqc_wf/funcMRIQC/SpatialNormalization/2be450f6a5d399ce58d13d6ce93b80236b1ef5c3/SharpenEPI/sub-13_task-conversation_run-02_bold_desc-realigned_valid_tstat_corrected.nii.gz, 1, 56, Regular, 0.25 ] --convergence [ 10000x1000x100, 1e-06, 20 ] --smoothing-sigmas 4.0x2.0x1.0vox --shrink-factors 4x2x1 --use-histogram-matching 1 --masks [ /templateflow/tpl-MNI152NLin2009cAsym/tpl-MNI152NLin2009cAsym_res-02_desc-brain_mask.nii.gz, /local/nvme/ds004996_13.784026/ds/tmp/mriqc_wf/funcMRIQC/synthstrip_wf/2be450f6a5d399ce58d13d6ce93b80236b1ef5c3/synthstrip/clipped_corrected_desc-brain_mask.nii.gz ] --transform Affine[ 0.08 ] --metric Mattes[ /templateflow/tpl-MNI152NLin2009cAsym/tpl-MNI152NLin2009cAsym_res-02_desc-fMRIPrep_boldref.nii.gz, /local/nvme/ds004996_13.784026/ds/tmp/mriqc_wf/funcMRIQC/SpatialNormalization/2be450f6a5d399ce58d13d6ce93b80236b1ef5c3/SharpenEPI/sub-13_task-conversation_run-02_bold_desc-realigned_valid_tstat_corrected.nii.gz, 1, 56, Regular, 0.25 ] --convergence [ 500x250x100, 1e-06, 20 ] --smoothing-sigmas 4.0x2.0x1.0vox --shrink-factors 8x4x2 --use-histogram-matching 1 --masks [ /templateflow/tpl-MNI152NLin2009cAsym/tpl-MNI152NLin2009cAsym_res-02_desc-brain_mask.nii.gz, /local/nvme/ds004996_13.784026/ds/tmp/mriqc_wf/funcMRIQC/synthstrip_wf/2be450f6a5d399ce58d13d6ce93b80236b1ef5c3/synthstrip/clipped_corrected_desc-brain_mask.nii.gz ] --transform SyN[ 0.1, 3.0, 0.0 ] --metric CC[ /templateflow/tpl-MNI152NLin2009cAsym/tpl-MNI152NLin2009cAsym_res-02_desc-fMRIPrep_boldref.nii.gz, /local/nvme/ds004996_13.784026/ds/tmp/mriqc_wf/funcMRIQC/SpatialNormalization/2be450f6a5d399ce58d13d6ce93b80236b1ef5c3/SharpenEPI/sub-13_task-conversation_run-02_bold_desc-realigned_valid_tstat_corrected.nii.gz, 1, 4, None, 1 ] --convergence [ 100x30x20, 1e-06, 10 ] --smoothing-sigmas 3.0x2.0x1.0vox --shrink-factors 8x4x2 --use-histogram-matching 1 --masks [ /templateflow/tpl-MNI152NLin2009cAsym/tpl-MNI152NLin2009cAsym_res-02_desc-brain_mask.nii.gz, /local/nvme/ds004996_13.784026/ds/tmp/mriqc_wf/funcMRIQC/synthstrip_wf/2be450f6a5d399ce58d13d6ce93b80236b1ef5c3/synthstrip/clipped_corrected_desc-brain_mask.nii.gz ] --winsorize-image-intensities [ 0.005, 0.995 ]  --write-composite-transform 1[0m
2026-03-27 02:30:51 |[34;20m INFO     [0m|[34;20m niworkflows      [0m|[34;20m Successful spatial normalization (retry #1).[0m
2026-03-27 02:30:51 |[34;20m INFO     [0m|[34;20m niworkflows      [0m|[34;20m Report - setting fixed (/templateflow/tpl-MNI152NLin2009cAsym/tpl-MNI152NLin2009cAsym_res-02_desc-fMRIPrep_boldref.nii.gz) and moving (/local/nvme/ds004996_13.784026/ds/tmp/mriqc_wf/funcMRIQC/SpatialNormalization/2be450f6a5d399ce58d13d6ce93b80236b1ef5c3/EPI2MNI/epi_to_mni_Warped.nii.gz) images[0m
2026-03-27 02:30:51 |[34;20m INFO     [0m|[34;20m niworkflows      [0m|[34;20m Generating visual report[0m
2026-03-27 02:31:09 |[34;20m INFO     [0m|[34;20m nipype.workflow  [0m|[34;20m [Node] Finished "EPI2MNI", elapsed time 35.730467s.[0m
2026-03-27 02:31:09 |[34;20m INFO     [0m|[34;20m nipype.workflow  [0m|[34;20m [Node] Setting-up "mriqc_wf.funcMRIQC.synthstrip_wf.post_n4" in "/local/nvme/ds004996_13.784026/ds/tmp/mriqc_wf/funcMRIQC/synthstrip_wf/49ef94af2cda5359a1803e9feef4c44d8850cdd8/post_n4".[0m
2026-03-27 02:31:09 |[34;20m INFO     [0m|[34;20m nipype.workflow  [0m|[34;20m [Node] Executing "post_n4" <nipype.interfaces.ants.segmentation.N4BiasFieldCorrection>[0m
2026-03-27 02:31:11 |[34;20m INFO     [0m|[34;20m nipype.workflow  [0m|[34;20m [Node] Finished "post_n4", elapsed time 1.3393030000000001s.[0m
2026-03-27 02:31:11 |[34;20m INFO     [0m|[34;20m nipype.workflow  [0m|[34;20m [Node] Setting-up "mriqc_wf.funcMRIQC.SpatialNormalization.EPI2MNI" in "/local/nvme/ds004996_13.784026/ds/tmp/mriqc_wf/funcMRIQC/SpatialNormalization/49ef94af2cda5359a1803e9feef4c44d8850cdd8/EPI2MNI".[0m
2026-03-27 02:31:11 |[34;20m INFO     [0m|[34;20m nipype.workflow  [0m|[34;20m [Node] Executing "EPI2MNI" <niworkflows.interfaces.reportlets.registration.SpatialNormalizationRPT>[0m
2026-03-27 02:31:11 |[34;20m INFO     [0m|[34;20m niworkflows      [0m|[34;20m Estimating initial transform using AffineInitializer[0m
2026-03-27 02:31:18 |[34;20m INFO     [0m|[34;20m niworkflows      [0m|[34;20m Loading settings from file /opt/conda/lib/python3.11/site-packages/niworkflows/data/boldref-mni_registration_precise_000.json.[0m
2026-03-27 02:31:18 |[34;20m INFO     [0m|[34;20m niworkflows      [0m|[34;20m Retry #1, commandline: 
antsRegistration --collapse-output-transforms 1 --dimensionality 3 --float 0 --initial-moving-transform [ /local/nvme/ds004996_13.784026/ds/tmp/mriqc_wf/funcMRIQC/SpatialNormalization/49ef94af2cda5359a1803e9feef4c44d8850cdd8/EPI2MNI/transform.mat, 0 ] --initialize-transforms-per-stage 0 --interpolation LanczosWindowedSinc --output [ epi_to_mni, epi_to_mni_Warped.nii.gz ] --transform Rigid[ 0.05 ] --metric Mattes[ /templateflow/tpl-MNI152NLin2009cAsym/tpl-MNI152NLin2009cAsym_res-02_desc-fMRIPrep_boldref.nii.gz, /local/nvme/ds004996_13.784026/ds/tmp/mriqc_wf/funcMRIQC/SpatialNormalization/49ef94af2cda5359a1803e9feef4c44d8850cdd8/SharpenEPI/sub-13_task-conversation_run-03_bold_desc-realigned_valid_tstat_corrected.nii.gz, 1, 56, Regular, 0.25 ] --convergence [ 10000x1000x100, 1e-06, 20 ] --smoothing-sigmas 4.0x2.0x1.0vox --shrink-factors 4x2x1 --use-histogram-matching 1 --masks [ /templateflow/tpl-MNI152NLin2009cAsym/tpl-MNI152NLin2009cAsym_res-02_desc-brain_mask.nii.gz, /local/nvme/ds004996_13.784026/ds/tmp/mriqc_wf/funcMRIQC/synthstrip_wf/49ef94af2cda5359a1803e9feef4c44d8850cdd8/synthstrip/clipped_corrected_desc-brain_mask.nii.gz ] --transform Affine[ 0.08 ] --metric Mattes[ /templateflow/tpl-MNI152NLin2009cAsym/tpl-MNI152NLin2009cAsym_res-02_desc-fMRIPrep_boldref.nii.gz, /local/nvme/ds004996_13.784026/ds/tmp/mriqc_wf/funcMRIQC/SpatialNormalization/49ef94af2cda5359a1803e9feef4c44d8850cdd8/SharpenEPI/sub-13_task-conversation_run-03_bold_desc-realigned_valid_tstat_corrected.nii.gz, 1, 56, Regular, 0.25 ] --convergence [ 500x250x100, 1e-06, 20 ] --smoothing-sigmas 4.0x2.0x1.0vox --shrink-factors 8x4x2 --use-histogram-matching 1 --masks [ /templateflow/tpl-MNI152NLin2009cAsym/tpl-MNI152NLin2009cAsym_res-02_desc-brain_mask.nii.gz, /local/nvme/ds004996_13.784026/ds/tmp/mriqc_wf/funcMRIQC/synthstrip_wf/49ef94af2cda5359a1803e9feef4c44d8850cdd8/synthstrip/clipped_corrected_desc-brain_mask.nii.gz ] --transform SyN[ 0.1, 3.0, 0.0 ] --metric CC[ /templateflow/tpl-MNI152NLin2009cAsym/tpl-MNI152NLin2009cAsym_res-02_desc-fMRIPrep_boldref.nii.gz, /local/nvme/ds004996_13.784026/ds/tmp/mriqc_wf/funcMRIQC/SpatialNormalization/49ef94af2cda5359a1803e9feef4c44d8850cdd8/SharpenEPI/sub-13_task-conversation_run-03_bold_desc-realigned_valid_tstat_corrected.nii.gz, 1, 4, None, 1 ] --convergence [ 100x30x20, 1e-06, 10 ] --smoothing-sigmas 3.0x2.0x1.0vox --shrink-factors 8x4x2 --use-histogram-matching 1 --masks [ /templateflow/tpl-MNI152NLin2009cAsym/tpl-MNI152NLin2009cAsym_res-02_desc-brain_mask.nii.gz, /local/nvme/ds004996_13.784026/ds/tmp/mriqc_wf/funcMRIQC/synthstrip_wf/49ef94af2cda5359a1803e9feef4c44d8850cdd8/synthstrip/clipped_corrected_desc-brain_mask.nii.gz ] --winsorize-image-intensities [ 0.005, 0.995 ]  --write-composite-transform 1[0m
2026-03-27 02:31:30 |[34;20m INFO     [0m|[34;20m niworkflows      [0m|[34;20m Successful spatial normalization (retry #1).[0m
2026-03-27 02:31:30 |[34;20m INFO     [0m|[34;20m niworkflows      [0m|[34;20m Report - setting fixed (/templateflow/tpl-MNI152NLin2009cAsym/tpl-MNI152NLin2009cAsym_res-02_desc-fMRIPrep_boldref.nii.gz) and moving (/local/nvme/ds004996_13.784026/ds/tmp/mriqc_wf/funcMRIQC/SpatialNormalization/49ef94af2cda5359a1803e9feef4c44d8850cdd8/EPI2MNI/epi_to_mni_Warped.nii.gz) images[0m
2026-03-27 02:31:30 |[34;20m INFO     [0m|[34;20m niworkflows      [0m|[34;20m Generating visual report[0m
2026-03-27 02:31:48 |[34;20m INFO     [0m|[34;20m nipype.workflow  [0m|[34;20m [Node] Finished "EPI2MNI", elapsed time 36.623774s.[0m
2026-03-27 02:31:49 |[34;20m INFO     [0m|[34;20m nipype.workflow  [0m|[34;20m [Node] Setting-up "mriqc_wf.funcMRIQC.synthstrip_wf.final_masked" in "/local/nvme/ds004996_13.784026/ds/tmp/mriqc_wf/funcMRIQC/synthstrip_wf/2be450f6a5d399ce58d13d6ce93b80236b1ef5c3/final_masked".[0m
2026-03-27 02:31:49 |[34;20m INFO     [0m|[34;20m nipype.workflow  [0m|[34;20m [Node] Setting-up "mriqc_wf.funcMRIQC.func_report_wf.ds_report_norm" in "/local/nvme/ds004996_13.784026/ds/tmp/mriqc_wf/funcMRIQC/func_report_wf/2be450f6a5d399ce58d13d6ce93b80236b1ef5c3/ds_report_norm".[0m
2026-03-27 02:31:49 |[34;20m INFO     [0m|[34;20m nipype.workflow  [0m|[34;20m [Node] Setting-up "mriqc_wf.funcMRIQC.SpatialNormalization.ResampleSegmentation" in "/local/nvme/ds004996_13.784026/ds/tmp/mriqc_wf/funcMRIQC/SpatialNormalization/2be450f6a5d399ce58d13d6ce93b80236b1ef5c3/ResampleSegmentation".[0m
2026-03-27 02:31:49 |[34;20m INFO     [0m|[34;20m nipype.workflow  [0m|[34;20m [Node] Executing "final_masked" <niworkflows.interfaces.nibabel.ApplyMask>[0m
2026-03-27 02:31:49 |[34;20m INFO     [0m|[34;20m nipype.workflow  [0m|[34;20m [Node] Executing "ResampleSegmentation" <nipype.interfaces.ants.resampling.ApplyTransforms>[0m
2026-03-27 02:31:49 |[34;20m INFO     [0m|[34;20m nipype.workflow  [0m|[34;20m [Node] Executing "ds_report_norm" <mriqc.interfaces.DerivativesDataSink>[0m
2026-03-27 02:31:49 |[34;20m INFO     [0m|[34;20m nipype.workflow  [0m|[34;20m [Node] Finished "ds_report_norm", elapsed time 0.007539s.[0m
2026-03-27 02:31:49 |[34;20m INFO     [0m|[34;20m nipype.workflow  [0m|[34;20m [Node] Finished "final_masked", elapsed time 0.042108s.[0m
2026-03-27 02:31:50 |[34;20m INFO     [0m|[34;20m nipype.workflow  [0m|[34;20m [Node] Setting-up "mriqc_wf.funcMRIQC.synthstrip_wf.final_masked" in "/local/nvme/ds004996_13.784026/ds/tmp/mriqc_wf/funcMRIQC/synthstrip_wf/49ef94af2cda5359a1803e9feef4c44d8850cdd8/final_masked".[0m
2026-03-27 02:31:50 |[34;20m INFO     [0m|[34;20m nipype.workflow  [0m|[34;20m [Node] Setting-up "mriqc_wf.funcMRIQC.func_report_wf.ds_report_norm" in "/local/nvme/ds004996_13.784026/ds/tmp/mriqc_wf/funcMRIQC/func_report_wf/49ef94af2cda5359a1803e9feef4c44d8850cdd8/ds_report_norm".[0m
2026-03-27 02:31:50 |[34;20m INFO     [0m|[34;20m nipype.workflow  [0m|[34;20m [Node] Setting-up "mriqc_wf.funcMRIQC.SpatialNormalization.ResampleSegmentation" in "/local/nvme/ds004996_13.784026/ds/tmp/mriqc_wf/funcMRIQC/SpatialNormalization/49ef94af2cda5359a1803e9feef4c44d8850cdd8/ResampleSegmentation".[0m
2026-03-27 02:31:50 |[34;20m INFO     [0m|[34;20m nipype.workflow  [0m|[34;20m [Node] Executing "final_masked" <niworkflows.interfaces.nibabel.ApplyMask>[0m
2026-03-27 02:31:50 |[34;20m INFO     [0m|[34;20m nipype.workflow  [0m|[34;20m [Node] Executing "ds_report_norm" <mriqc.interfaces.DerivativesDataSink>[0m
2026-03-27 02:31:50 |[34;20m INFO     [0m|[34;20m nipype.workflow  [0m|[34;20m [Node] Executing "ResampleSegmentation" <nipype.interfaces.ants.resampling.ApplyTransforms>[0m
2026-03-27 02:31:50 |[34;20m INFO     [0m|[34;20m nipype.workflow  [0m|[34;20m [Node] Finished "ds_report_norm", elapsed time 0.005722s.[0m
2026-03-27 02:31:50 |[34;20m INFO     [0m|[34;20m nipype.workflow  [0m|[34;20m [Node] Finished "final_masked", elapsed time 0.034147s.[0m
2026-03-27 02:31:50 |[34;20m INFO     [0m|[34;20m nipype.workflow  [0m|[34;20m [Node] Setting-up "_datasink0" in "/local/nvme/ds004996_13.784026/ds/tmp/mriqc_wf/funcMRIQC/ComputeIQMs/49ef94af2cda5359a1803e9feef4c44d8850cdd8/datasink/mapflow/_datasink0".[0m
2026-03-27 02:31:50 |[34;20m INFO     [0m|[34;20m nipype.workflow  [0m|[34;20m [Node] Executing "_datasink0" <mriqc.interfaces.bids.IQMFileSink>[0m
2026-03-27 02:31:50 |[34;20m INFO     [0m|[34;20m nipype.workflow  [0m|[34;20m [Node] Finished "_datasink0", elapsed time 0.000653s.[0m
2026-03-27 02:31:50 |[34;20m INFO     [0m|[34;20m nipype.workflow  [0m|[34;20m [Node] Setting-up "_ds_timeseries0" in "/local/nvme/ds004996_13.784026/ds/tmp/mriqc_wf/funcMRIQC/ComputeIQMs/49ef94af2cda5359a1803e9feef4c44d8850cdd8/ds_timeseries/mapflow/_ds_timeseries0".[0m
2026-03-27 02:31:50 |[34;20m INFO     [0m|[34;20m nipype.workflow  [0m|[34;20m [Node] Executing "_ds_timeseries0" <mriqc.interfaces.DerivativesDataSink>[0m
2026-03-27 02:31:50 |[34;20m INFO     [0m|[34;20m nipype.workflow  [0m|[34;20m [Node] Finished "_ds_timeseries0", elapsed time 0.004256s.[0m
2026-03-27 02:31:50 |[34;20m INFO     [0m|[34;20m nipype.workflow  [0m|[34;20m [Node] Setting-up "_ds_report_carpet0" in "/local/nvme/ds004996_13.784026/ds/tmp/mriqc_wf/funcMRIQC/func_report_wf/d76f2e3aea70544a99c21b720db0888357a47949/ds_report_carpet/mapflow/_ds_report_carpet0".[0m
2026-03-27 02:31:50 |[34;20m INFO     [0m|[34;20m nipype.workflow  [0m|[34;20m [Node] Executing "_ds_report_carpet0" <mriqc.interfaces.DerivativesDataSink>[0m
2026-03-27 02:31:50 |[34;20m INFO     [0m|[34;20m nipype.workflow  [0m|[34;20m [Node] Finished "_ds_report_carpet0", elapsed time 0.005568s.[0m
2026-03-27 02:31:52 |[34;20m INFO     [0m|[34;20m nipype.workflow  [0m|[34;20m [Node] Finished "ResampleSegmentation", elapsed time 2.922124s.[0m
2026-03-27 02:31:52 |[34;20m INFO     [0m|[34;20m nipype.workflow  [0m|[34;20m [Node] Finished "ResampleSegmentation", elapsed time 2.849319s.[0m
2026-03-27 02:31:53 |[34;20m INFO     [0m|[34;20m nipype.workflow  [0m|[34;20m [Node] Setting-up "mriqc_wf.funcMRIQC.func_report_wf.parcels" in "/local/nvme/ds004996_13.784026/ds/tmp/mriqc_wf/funcMRIQC/func_report_wf/2be450f6a5d399ce58d13d6ce93b80236b1ef5c3/parcels".[0m
2026-03-27 02:31:53 |[34;20m INFO     [0m|[34;20m nipype.workflow  [0m|[34;20m [Node] Setting-up "mriqc_wf.funcMRIQC.func_report_wf.parcels" in "/local/nvme/ds004996_13.784026/ds/tmp/mriqc_wf/funcMRIQC/func_report_wf/49ef94af2cda5359a1803e9feef4c44d8850cdd8/parcels".[0m
2026-03-27 02:31:53 |[34;20m INFO     [0m|[34;20m nipype.workflow  [0m|[34;20m [Node] Executing "parcels" <nipype.interfaces.utility.wrappers.Function>[0m
2026-03-27 02:31:53 |[34;20m INFO     [0m|[34;20m nipype.workflow  [0m|[34;20m [Node] Executing "parcels" <nipype.interfaces.utility.wrappers.Function>[0m
2026-03-27 02:31:53 |[34;20m INFO     [0m|[34;20m nipype.workflow  [0m|[34;20m [Node] Finished "parcels", elapsed time 0.027165s.[0m
2026-03-27 02:31:53 |[34;20m INFO     [0m|[34;20m nipype.workflow  [0m|[34;20m [Node] Finished "parcels", elapsed time 0.032333s.[0m
2026-03-27 02:31:55 |[34;20m INFO     [0m|[34;20m nipype.workflow  [0m|[34;20m [Node] Setting-up "_BigPlot0" in "/local/nvme/ds004996_13.784026/ds/tmp/mriqc_wf/funcMRIQC/func_report_wf/2be450f6a5d399ce58d13d6ce93b80236b1ef5c3/BigPlot/mapflow/_BigPlot0".[0m
2026-03-27 02:31:55 |[34;20m INFO     [0m|[34;20m nipype.workflow  [0m|[34;20m [Node] Setting-up "_BigPlot0" in "/local/nvme/ds004996_13.784026/ds/tmp/mriqc_wf/funcMRIQC/func_report_wf/49ef94af2cda5359a1803e9feef4c44d8850cdd8/BigPlot/mapflow/_BigPlot0".[0m
2026-03-27 02:31:55 |[34;20m INFO     [0m|[34;20m nipype.workflow  [0m|[34;20m [Node] Executing "_BigPlot0" <nireports.interfaces.fmri.FMRISummary>[0m
2026-03-27 02:31:55 |[34;20m INFO     [0m|[34;20m nipype.workflow  [0m|[34;20m [Node] Executing "_BigPlot0" <nireports.interfaces.fmri.FMRISummary>[0m
2026-03-27 02:32:00 |[34;20m INFO     [0m|[34;20m nipype.workflow  [0m|[34;20m [Node] Finished "_BigPlot0", elapsed time 4.23417s.[0m
2026-03-27 02:32:00 |[34;20m INFO     [0m|[34;20m nipype.workflow  [0m|[34;20m [Node] Finished "_BigPlot0", elapsed time 4.739993s.[0m
2026-03-27 02:32:01 |[34;20m INFO     [0m|[34;20m nipype.workflow  [0m|[34;20m [Node] Setting-up "_ds_report_carpet0" in "/local/nvme/ds004996_13.784026/ds/tmp/mriqc_wf/funcMRIQC/func_report_wf/2be450f6a5d399ce58d13d6ce93b80236b1ef5c3/ds_report_carpet/mapflow/_ds_report_carpet0".[0m
2026-03-27 02:32:01 |[34;20m INFO     [0m|[34;20m nipype.workflow  [0m|[34;20m [Node] Executing "_ds_report_carpet0" <mriqc.interfaces.DerivativesDataSink>[0m
2026-03-27 02:32:01 |[34;20m INFO     [0m|[34;20m nipype.workflow  [0m|[34;20m [Node] Finished "_ds_report_carpet0", elapsed time 0.005091s.[0m
2026-03-27 02:32:02 |[34;20m INFO     [0m|[34;20m nipype.workflow  [0m|[34;20m [Node] Setting-up "_ds_report_carpet0" in "/local/nvme/ds004996_13.784026/ds/tmp/mriqc_wf/funcMRIQC/func_report_wf/49ef94af2cda5359a1803e9feef4c44d8850cdd8/ds_report_carpet/mapflow/_ds_report_carpet0".[0m
2026-03-27 02:32:02 |[34;20m INFO     [0m|[34;20m nipype.workflow  [0m|[34;20m [Node] Executing "_ds_report_carpet0" <mriqc.interfaces.DerivativesDataSink>[0m
2026-03-27 02:32:02 |[34;20m INFO     [0m|[34;20m nipype.workflow  [0m|[34;20m [Node] Finished "_ds_report_carpet0", elapsed time 0.005565s.[0m
2026-03-27 02:32:03 |[34;20m INFO     [0m|[34;20m nipype.workflow  [0m|[34;20m Generating reports...[0m
2026-03-27 02:32:04 |[34;20m INFO     [0m|[34;20m nipype.workflow  [0m|[34;20m Report generation finished (3 reports).[0m
2026-03-27 02:32:04 |[33;20m IMPORTANT [0m|[33;20m mriqc            [0m|[33;20m Participant level finished successfully averaging 00h 07min 23s per subject.[0m
2026-03-27 02:32:04 |[34;20m INFO     [0m|[34;20m mriqc            [0m|[34;20m Generating BIDS derivatives metadata.[0m
----------------------------------------------------------------
  MRIQC completed (elapsed time 00h 22min 10s).
----------------------------------------------------------------

