------------------------------------------------------------------
  Running MRIQC version 24.1.0.dev0+gd5b13cb5.d20240826
  ----------------------------------------------------------------

  NOTICE
  Copyright © The NiPreps Developers.
  
  This product includes software developed by
  the NiPreps Community (https://nipreps.org/).
  
  Portions of this software were developed at the Department of
  Psychology at Stanford University, Stanford, CA, US.
  
  This software contains code ultimately derived from the
  PCP Quality Assessment Protocol (QAP;
  http://preprocessed-connectomes-project.org/quality-assessment-protocol)
  by C. Craddock, S. Giavasis, D. Clark, Z. Shezhad, and J. Pellman.
  
  This software is also distributed as a Docker container image.
  The bootstrapping file for the image ("Dockerfile") is licensed
  under the MIT License.

  ----------------------------------------------------------------

  * BIDS dataset path: /local/nvme/ds004996_11.784026/ds/sourcedata/raw.
  * Output folder: mriqc.
  * Analysis levels: ['participant'].
------------------------------------------------------------------

2026-03-27 02:10:39 |[33;20m IMPORTANT [0m|[33;20m mriqc            [0m|[33;20m Extracting metadata and entities for 3 input runs of modality 'bold'...[0m
2026-03-27 02:10:39 |[33;20m IMPORTANT [0m|[33;20m mriqc            [0m|[33;20m File size ('bold'): 0.41|0.41 GB [maximum|average].[0m
2026-03-27 02:10:39 |[34;20m INFO     [0m|[34;20m mriqc            [0m|[34;20m MRIQC config file: /local/nvme/ds004996_11.784026/ds/tmp/config-20260327-021028_7678abf4-46f1-4261-88e2-f9a080445cae.toml.[0m
2026-03-27 02:10:46 |[34;20m INFO     [0m|[34;20m matplotlib.font_manager [0m|[34;20m generated new fontManager[0m
2026-03-27 02:10:47 |[33;20m IMPORTANT [0m|[33;20m mriqc            [0m|[33;20m Building MRIQC's workflows...[0m
2026-03-27 02:10:47 |[34;20m INFO     [0m|[34;20m nipype.workflow  [0m|[34;20m Building functional MRIQC workflow for 3 BOLD runs..[0m
2026-03-27 02:10:53 |[33;20m IMPORTANT [0m|[33;20m mriqc            [0m|[33;20m Workflow building finished (exit code 0).[0m
2026-03-27 02:10:59 |[34;20m INFO     [0m|[34;20m nipype.workflow  [0m|[34;20m Workflow mriqc_wf settings: ['check', 'execution', 'logging', 'monitoring'][0m
2026-03-27 02:10:59 |[34;20m INFO     [0m|[34;20m nipype.workflow  [0m|[34;20m [Node] Setting-up "mriqc_wf.funcMRIQC.pick_echo" in "/local/nvme/ds004996_11.784026/ds/tmp/mriqc_wf/funcMRIQC/153a1001f7a8d3be4fd631bbaae5462de51e2b1e/pick_echo".[0m
2026-03-27 02:10:59 |[34;20m INFO     [0m|[34;20m nipype.workflow  [0m|[34;20m [Node] Setting-up "_provenance0" in "/local/nvme/ds004996_11.784026/ds/tmp/mriqc_wf/funcMRIQC/ComputeIQMs/153a1001f7a8d3be4fd631bbaae5462de51e2b1e/provenance/mapflow/_provenance0".[0m
2026-03-27 02:10:59 |[34;20m INFO     [0m|[34;20m nipype.workflow  [0m|[34;20m [Node] Executing "_provenance0" <mriqc.interfaces.reports.AddProvenance>[0m
2026-03-27 02:10:59 |[34;20m INFO     [0m|[34;20m nipype.workflow  [0m|[34;20m [Node] Executing "pick_echo" <mriqc.interfaces.functional.SelectEcho>[0m
2026-03-27 02:10:59 |[34;20m INFO     [0m|[34;20m nipype.workflow  [0m|[34;20m [Node] Finished "pick_echo", elapsed time 0.000523s.[0m
2026-03-27 02:11:00 |[34;20m INFO     [0m|[34;20m nipype.workflow  [0m|[34;20m [Node] Finished "_provenance0", elapsed time 0.79755s.[0m
2026-03-27 02:11:00 |[34;20m INFO     [0m|[34;20m nipype.workflow  [0m|[34;20m [Node] Setting-up "_provenance0" in "/local/nvme/ds004996_11.784026/ds/tmp/mriqc_wf/funcMRIQC/ComputeIQMs/599c258aeea02377f5d41e9f0e873adb5cf49e74/provenance/mapflow/_provenance0".[0m
2026-03-27 02:11:00 |[34;20m INFO     [0m|[34;20m nipype.workflow  [0m|[34;20m [Node] Executing "_provenance0" <mriqc.interfaces.reports.AddProvenance>[0m
2026-03-27 02:11:00 |[34;20m INFO     [0m|[34;20m nipype.workflow  [0m|[34;20m [Node] Setting-up "mriqc_wf.funcMRIQC.pick_echo" in "/local/nvme/ds004996_11.784026/ds/tmp/mriqc_wf/funcMRIQC/599c258aeea02377f5d41e9f0e873adb5cf49e74/pick_echo".[0m
2026-03-27 02:11:00 |[34;20m INFO     [0m|[34;20m nipype.workflow  [0m|[34;20m [Node] Executing "pick_echo" <mriqc.interfaces.functional.SelectEcho>[0m
2026-03-27 02:11:00 |[34;20m INFO     [0m|[34;20m nipype.workflow  [0m|[34;20m [Node] Finished "pick_echo", elapsed time 0.000579s.[0m
2026-03-27 02:11:01 |[34;20m INFO     [0m|[34;20m nipype.workflow  [0m|[34;20m [Node] Finished "_provenance0", elapsed time 0.795362s.[0m
2026-03-27 02:11:01 |[34;20m INFO     [0m|[34;20m nipype.workflow  [0m|[34;20m [Node] Setting-up "_provenance0" in "/local/nvme/ds004996_11.784026/ds/tmp/mriqc_wf/funcMRIQC/ComputeIQMs/99fc44d909151c4d8a2946096fcce2801c03ab02/provenance/mapflow/_provenance0".[0m
2026-03-27 02:11:01 |[34;20m INFO     [0m|[34;20m nipype.workflow  [0m|[34;20m [Node] Setting-up "mriqc_wf.funcMRIQC.pick_echo" in "/local/nvme/ds004996_11.784026/ds/tmp/mriqc_wf/funcMRIQC/99fc44d909151c4d8a2946096fcce2801c03ab02/pick_echo".[0m
2026-03-27 02:11:01 |[34;20m INFO     [0m|[34;20m nipype.workflow  [0m|[34;20m [Node] Executing "_provenance0" <mriqc.interfaces.reports.AddProvenance>[0m
2026-03-27 02:11:01 |[34;20m INFO     [0m|[34;20m nipype.workflow  [0m|[34;20m [Node] Executing "pick_echo" <mriqc.interfaces.functional.SelectEcho>[0m
2026-03-27 02:11:01 |[34;20m INFO     [0m|[34;20m nipype.workflow  [0m|[34;20m [Node] Finished "pick_echo", elapsed time 0.000489s.[0m
2026-03-27 02:11:02 |[34;20m INFO     [0m|[34;20m nipype.workflow  [0m|[34;20m [Node] Finished "_provenance0", elapsed time 0.799184s.[0m
2026-03-27 02:11:02 |[34;20m INFO     [0m|[34;20m nipype.workflow  [0m|[34;20m [Node] Setting-up "mriqc_wf.funcMRIQC.non_steady_state_detector" in "/local/nvme/ds004996_11.784026/ds/tmp/mriqc_wf/funcMRIQC/599c258aeea02377f5d41e9f0e873adb5cf49e74/non_steady_state_detector".[0m
2026-03-27 02:11:02 |[34;20m INFO     [0m|[34;20m nipype.workflow  [0m|[34;20m [Node] Setting-up "mriqc_wf.funcMRIQC.non_steady_state_detector" in "/local/nvme/ds004996_11.784026/ds/tmp/mriqc_wf/funcMRIQC/153a1001f7a8d3be4fd631bbaae5462de51e2b1e/non_steady_state_detector".[0m
2026-03-27 02:11:02 |[34;20m INFO     [0m|[34;20m nipype.workflow  [0m|[34;20m [Node] Setting-up "mriqc_wf.funcMRIQC.non_steady_state_detector" in "/local/nvme/ds004996_11.784026/ds/tmp/mriqc_wf/funcMRIQC/99fc44d909151c4d8a2946096fcce2801c03ab02/non_steady_state_detector".[0m
2026-03-27 02:11:02 |[34;20m INFO     [0m|[34;20m nipype.workflow  [0m|[34;20m [Node] Executing "non_steady_state_detector" <nipype.algorithms.confounds.NonSteadyStateDetector>[0m
2026-03-27 02:11:02 |[34;20m INFO     [0m|[34;20m nipype.workflow  [0m|[34;20m [Node] Executing "non_steady_state_detector" <nipype.algorithms.confounds.NonSteadyStateDetector>[0m
2026-03-27 02:11:02 |[34;20m INFO     [0m|[34;20m nipype.workflow  [0m|[34;20m [Node] Executing "non_steady_state_detector" <nipype.algorithms.confounds.NonSteadyStateDetector>[0m
2026-03-27 02:11:02 |[34;20m INFO     [0m|[34;20m nipype.workflow  [0m|[34;20m [Node] Finished "non_steady_state_detector", elapsed time 0.028421s.[0m
2026-03-27 02:11:02 |[34;20m INFO     [0m|[34;20m nipype.workflow  [0m|[34;20m [Node] Finished "non_steady_state_detector", elapsed time 0.028907s.[0m
2026-03-27 02:11:02 |[34;20m INFO     [0m|[34;20m nipype.workflow  [0m|[34;20m [Node] Finished "non_steady_state_detector", elapsed time 0.028563s.[0m
2026-03-27 02:11:04 |[34;20m INFO     [0m|[34;20m nipype.workflow  [0m|[34;20m [Node] Setting-up "_sanitize0" in "/local/nvme/ds004996_11.784026/ds/tmp/mriqc_wf/funcMRIQC/99fc44d909151c4d8a2946096fcce2801c03ab02/sanitize/mapflow/_sanitize0".[0m
2026-03-27 02:11:04 |[34;20m INFO     [0m|[34;20m nipype.workflow  [0m|[34;20m [Node] Setting-up "_sanitize0" in "/local/nvme/ds004996_11.784026/ds/tmp/mriqc_wf/funcMRIQC/599c258aeea02377f5d41e9f0e873adb5cf49e74/sanitize/mapflow/_sanitize0".[0m
2026-03-27 02:11:04 |[34;20m INFO     [0m|[34;20m nipype.workflow  [0m|[34;20m [Node] Setting-up "_sanitize0" in "/local/nvme/ds004996_11.784026/ds/tmp/mriqc_wf/funcMRIQC/153a1001f7a8d3be4fd631bbaae5462de51e2b1e/sanitize/mapflow/_sanitize0".[0m
2026-03-27 02:11:04 |[34;20m INFO     [0m|[34;20m nipype.workflow  [0m|[34;20m [Node] Executing "_sanitize0" <niworkflows.interfaces.header.SanitizeImage>[0m
2026-03-27 02:11:04 |[34;20m INFO     [0m|[34;20m nipype.workflow  [0m|[34;20m [Node] Executing "_sanitize0" <niworkflows.interfaces.header.SanitizeImage>[0m
2026-03-27 02:11:04 |[34;20m INFO     [0m|[34;20m nipype.workflow  [0m|[34;20m [Node] Executing "_sanitize0" <niworkflows.interfaces.header.SanitizeImage>[0m
2026-03-27 02:11:05 |[34;20m INFO     [0m|[34;20m nipype.workflow  [0m|[34;20m [Node] Finished "_sanitize0", elapsed time 0.814148s.[0m
2026-03-27 02:11:05 |[34;20m INFO     [0m|[34;20m nipype.workflow  [0m|[34;20m [Node] Finished "_sanitize0", elapsed time 0.822311s.[0m
2026-03-27 02:11:05 |[34;20m INFO     [0m|[34;20m nipype.workflow  [0m|[34;20m [Node] Finished "_sanitize0", elapsed time 0.894425s.[0m
2026-03-27 02:11:06 |[34;20m INFO     [0m|[34;20m nipype.workflow  [0m|[34;20m [Node] Setting-up "mriqc_wf.funcMRIQC.fMRI_HMC.estimate_hm" in "/local/nvme/ds004996_11.784026/ds/tmp/mriqc_wf/funcMRIQC/fMRI_HMC/153a1001f7a8d3be4fd631bbaae5462de51e2b1e/estimate_hm".[0m
2026-03-27 02:11:06 |[34;20m INFO     [0m|[34;20m nipype.workflow  [0m|[34;20m [Node] Setting-up "mriqc_wf.funcMRIQC.fMRI_HMC.estimate_hm" in "/local/nvme/ds004996_11.784026/ds/tmp/mriqc_wf/funcMRIQC/fMRI_HMC/599c258aeea02377f5d41e9f0e873adb5cf49e74/estimate_hm".[0m
2026-03-27 02:11:06 |[34;20m INFO     [0m|[34;20m nipype.workflow  [0m|[34;20m [Node] Setting-up "mriqc_wf.funcMRIQC.fMRI_HMC.estimate_hm" in "/local/nvme/ds004996_11.784026/ds/tmp/mriqc_wf/funcMRIQC/fMRI_HMC/99fc44d909151c4d8a2946096fcce2801c03ab02/estimate_hm".[0m
2026-03-27 02:11:06 |[34;20m INFO     [0m|[34;20m nipype.workflow  [0m|[34;20m [Node] Executing "estimate_hm" <nipype.interfaces.afni.preprocess.Volreg>[0m
2026-03-27 02:11:06 |[34;20m INFO     [0m|[34;20m nipype.workflow  [0m|[34;20m [Node] Setting-up "_SpikesMask0" in "/local/nvme/ds004996_11.784026/ds/tmp/mriqc_wf/funcMRIQC/func_report_wf/153a1001f7a8d3be4fd631bbaae5462de51e2b1e/SpikesMask/mapflow/_SpikesMask0".[0m
2026-03-27 02:11:06 |[34;20m INFO     [0m|[34;20m nipype.workflow  [0m|[34;20m [Node] Executing "estimate_hm" <nipype.interfaces.afni.preprocess.Volreg>[0m
2026-03-27 02:11:06 |[34;20m INFO     [0m|[34;20m nipype.workflow  [0m|[34;20m [Node] Executing "_SpikesMask0" <nipype.interfaces.utility.wrappers.Function>[0m
2026-03-27 02:11:06 |[34;20m INFO     [0m|[34;20m nipype.workflow  [0m|[34;20m [Node] Executing "estimate_hm" <nipype.interfaces.afni.preprocess.Volreg>[0m
2026-03-27 02:11:06 |[34;20m INFO     [0m|[34;20m nipype.workflow  [0m|[34;20m [Node] Setting-up "_SpikesMask0" in "/local/nvme/ds004996_11.784026/ds/tmp/mriqc_wf/funcMRIQC/func_report_wf/599c258aeea02377f5d41e9f0e873adb5cf49e74/SpikesMask/mapflow/_SpikesMask0".[0m
2026-03-27 02:11:06 |[34;20m INFO     [0m|[34;20m nipype.workflow  [0m|[34;20m [Node] Setting-up "_SpikesMask0" in "/local/nvme/ds004996_11.784026/ds/tmp/mriqc_wf/funcMRIQC/func_report_wf/99fc44d909151c4d8a2946096fcce2801c03ab02/SpikesMask/mapflow/_SpikesMask0".[0m
2026-03-27 02:11:06 |[34;20m INFO     [0m|[34;20m nipype.workflow  [0m|[34;20m [Node] Executing "_SpikesMask0" <nipype.interfaces.utility.wrappers.Function>[0m
2026-03-27 02:11:06 |[34;20m INFO     [0m|[34;20m nipype.workflow  [0m|[34;20m [Node] Executing "_SpikesMask0" <nipype.interfaces.utility.wrappers.Function>[0m
2026-03-27 02:11:08 |[34;20m INFO     [0m|[34;20m nipype.workflow  [0m|[34;20m [Node] Finished "_SpikesMask0", elapsed time 1.704389s.[0m
2026-03-27 02:11:08 |[34;20m INFO     [0m|[34;20m nipype.workflow  [0m|[34;20m [Node] Finished "_SpikesMask0", elapsed time 1.9777740000000001s.[0m
2026-03-27 02:11:08 |[34;20m INFO     [0m|[34;20m nipype.workflow  [0m|[34;20m [Node] Setting-up "_SpikesFinderBgMask0" in "/local/nvme/ds004996_11.784026/ds/tmp/mriqc_wf/funcMRIQC/func_report_wf/153a1001f7a8d3be4fd631bbaae5462de51e2b1e/SpikesFinderBgMask/mapflow/_SpikesFinderBgMask0".[0m
2026-03-27 02:11:08 |[34;20m INFO     [0m|[34;20m nipype.workflow  [0m|[34;20m [Node] Executing "_SpikesFinderBgMask0" <mriqc.interfaces.functional.Spikes>[0m
2026-03-27 02:11:08 |[34;20m INFO     [0m|[34;20m nipype.workflow  [0m|[34;20m [Node] Finished "_SpikesMask0", elapsed time 2.117581s.[0m
2026-03-27 02:11:10 |[34;20m INFO     [0m|[34;20m nipype.workflow  [0m|[34;20m [Node] Setting-up "_SpikesFinderBgMask0" in "/local/nvme/ds004996_11.784026/ds/tmp/mriqc_wf/funcMRIQC/func_report_wf/599c258aeea02377f5d41e9f0e873adb5cf49e74/SpikesFinderBgMask/mapflow/_SpikesFinderBgMask0".[0m
2026-03-27 02:11:10 |[34;20m INFO     [0m|[34;20m nipype.workflow  [0m|[34;20m [Node] Setting-up "_SpikesFinderBgMask0" in "/local/nvme/ds004996_11.784026/ds/tmp/mriqc_wf/funcMRIQC/func_report_wf/99fc44d909151c4d8a2946096fcce2801c03ab02/SpikesFinderBgMask/mapflow/_SpikesFinderBgMask0".[0m
2026-03-27 02:11:10 |[34;20m INFO     [0m|[34;20m nipype.workflow  [0m|[34;20m [Node] Executing "_SpikesFinderBgMask0" <mriqc.interfaces.functional.Spikes>[0m
2026-03-27 02:11:10 |[34;20m INFO     [0m|[34;20m nipype.workflow  [0m|[34;20m [Node] Executing "_SpikesFinderBgMask0" <mriqc.interfaces.functional.Spikes>[0m
2026-03-27 02:11:11 |[34;20m INFO     [0m|[34;20m nipype.workflow  [0m|[34;20m [Node] Finished "_SpikesFinderBgMask0", elapsed time 2.878855s.[0m
2026-03-27 02:11:14 |[34;20m INFO     [0m|[34;20m nipype.workflow  [0m|[34;20m [Node] Finished "_SpikesFinderBgMask0", elapsed time 3.973498s.[0m
2026-03-27 02:11:14 |[34;20m INFO     [0m|[34;20m nipype.workflow  [0m|[34;20m [Node] Finished "_SpikesFinderBgMask0", elapsed time 4.005147s.[0m
2026-03-27 02:27:14 |[34;20m INFO     [0m|[34;20m nipype.workflow  [0m|[34;20m [Node] Finished "estimate_hm", elapsed time 968.413177s.[0m
2026-03-27 02:27:16 |[34;20m INFO     [0m|[34;20m nipype.workflow  [0m|[34;20m [Node] Setting-up "mriqc_wf.funcMRIQC.fMRI_HMC.ComputeFD" in "/local/nvme/ds004996_11.784026/ds/tmp/mriqc_wf/funcMRIQC/fMRI_HMC/99fc44d909151c4d8a2946096fcce2801c03ab02/ComputeFD".[0m
2026-03-27 02:27:16 |[34;20m INFO     [0m|[34;20m nipype.workflow  [0m|[34;20m [Node] Executing "ComputeFD" <nipype.algorithms.confounds.FramewiseDisplacement>[0m
2026-03-27 02:27:16 |[34;20m INFO     [0m|[34;20m nipype.workflow  [0m|[34;20m [Node] Finished "ComputeFD", elapsed time 0.009226s.[0m
2026-03-27 02:27:38 |[34;20m INFO     [0m|[34;20m nipype.workflow  [0m|[34;20m [Node] Finished "estimate_hm", elapsed time 991.751883s.[0m
2026-03-27 02:27:38 |[34;20m INFO     [0m|[34;20m nipype.workflow  [0m|[34;20m [Node] Setting-up "mriqc_wf.funcMRIQC.fMRI_HMC.ComputeFD" in "/local/nvme/ds004996_11.784026/ds/tmp/mriqc_wf/funcMRIQC/fMRI_HMC/599c258aeea02377f5d41e9f0e873adb5cf49e74/ComputeFD".[0m
2026-03-27 02:27:38 |[34;20m INFO     [0m|[34;20m nipype.workflow  [0m|[34;20m [Node] Executing "ComputeFD" <nipype.algorithms.confounds.FramewiseDisplacement>[0m
2026-03-27 02:27:38 |[34;20m INFO     [0m|[34;20m nipype.workflow  [0m|[34;20m [Node] Finished "ComputeFD", elapsed time 0.009997s.[0m
2026-03-27 02:27:38 |[34;20m INFO     [0m|[34;20m nipype.workflow  [0m|[34;20m [Node] Finished "estimate_hm", elapsed time 992.414939s.[0m
2026-03-27 02:27:40 |[34;20m INFO     [0m|[34;20m nipype.workflow  [0m|[34;20m [Node] Setting-up "_apply_hmc0" in "/local/nvme/ds004996_11.784026/ds/tmp/mriqc_wf/funcMRIQC/fMRI_HMC/153a1001f7a8d3be4fd631bbaae5462de51e2b1e/apply_hmc/mapflow/_apply_hmc0".[0m
2026-03-27 02:27:40 |[34;20m INFO     [0m|[34;20m nipype.workflow  [0m|[34;20m [Node] Executing "_apply_hmc0" <nipype.interfaces.utility.wrappers.Function>[0m
2026-03-27 02:28:01 |[34;20m INFO     [0m|[34;20m nipype.workflow  [0m|[34;20m [Node] Finished "_apply_hmc0", elapsed time 21.25106s.[0m
2026-03-27 02:28:02 |[34;20m INFO     [0m|[34;20m nipype.workflow  [0m|[34;20m [Node] Setting-up "mriqc_wf.funcMRIQC.fMRI_HMC.ComputeFD" in "/local/nvme/ds004996_11.784026/ds/tmp/mriqc_wf/funcMRIQC/fMRI_HMC/153a1001f7a8d3be4fd631bbaae5462de51e2b1e/ComputeFD".[0m
2026-03-27 02:28:02 |[34;20m INFO     [0m|[34;20m nipype.workflow  [0m|[34;20m [Node] Executing "ComputeFD" <nipype.algorithms.confounds.FramewiseDisplacement>[0m
2026-03-27 02:28:02 |[34;20m INFO     [0m|[34;20m nipype.workflow  [0m|[34;20m [Node] Setting-up "_compute_tsnr0" in "/local/nvme/ds004996_11.784026/ds/tmp/mriqc_wf/funcMRIQC/153a1001f7a8d3be4fd631bbaae5462de51e2b1e/compute_tsnr/mapflow/_compute_tsnr0".[0m
2026-03-27 02:28:02 |[34;20m INFO     [0m|[34;20m nipype.workflow  [0m|[34;20m [Node] Executing "_compute_tsnr0" <nipype.algorithms.confounds.TSNR>[0m
2026-03-27 02:28:02 |[34;20m INFO     [0m|[34;20m nipype.workflow  [0m|[34;20m [Node] Setting-up "_quality0" in "/local/nvme/ds004996_11.784026/ds/tmp/mriqc_wf/funcMRIQC/ComputeIQMs/153a1001f7a8d3be4fd631bbaae5462de51e2b1e/quality/mapflow/_quality0".[0m
2026-03-27 02:28:02 |[34;20m INFO     [0m|[34;20m nipype.workflow  [0m|[34;20m [Node] Finished "ComputeFD", elapsed time 0.007965s.[0m
2026-03-27 02:28:02 |[34;20m INFO     [0m|[34;20m nipype.workflow  [0m|[34;20m [Node] Executing "_quality0" <nipype.interfaces.afni.preprocess.QualityIndex>[0m
2026-03-27 02:28:02 |[34;20m INFO     [0m|[34;20m nipype.workflow  [0m|[34;20m [Node] Setting-up "_mean0" in "/local/nvme/ds004996_11.784026/ds/tmp/mriqc_wf/funcMRIQC/153a1001f7a8d3be4fd631bbaae5462de51e2b1e/mean/mapflow/_mean0".[0m
2026-03-27 02:28:02 |[34;20m INFO     [0m|[34;20m nipype.workflow  [0m|[34;20m [Node] Executing "_mean0" <nipype.interfaces.afni.utils.TStat>[0m
2026-03-27 02:28:04 |[34;20m INFO     [0m|[34;20m nipype.workflow  [0m|[34;20m [Node] Finished "_compute_tsnr0", elapsed time 1.981081s.[0m
2026-03-27 02:28:05 |[34;20m INFO     [0m|[34;20m nipype.workflow  [0m|[34;20m [Node] Finished "_mean0", elapsed time 3.467207s.[0m
2026-03-27 02:28:06 |[34;20m INFO     [0m|[34;20m nipype.workflow  [0m|[34;20m [Node] Setting-up "mriqc_wf.funcMRIQC.synthstrip_wf.pre_clip" in "/local/nvme/ds004996_11.784026/ds/tmp/mriqc_wf/funcMRIQC/synthstrip_wf/153a1001f7a8d3be4fd631bbaae5462de51e2b1e/pre_clip".[0m
2026-03-27 02:28:06 |[34;20m INFO     [0m|[34;20m nipype.workflow  [0m|[34;20m [Node] Setting-up "mriqc_wf.funcMRIQC.SpatialNormalization.SharpenEPI" in "/local/nvme/ds004996_11.784026/ds/tmp/mriqc_wf/funcMRIQC/SpatialNormalization/153a1001f7a8d3be4fd631bbaae5462de51e2b1e/SharpenEPI".[0m
2026-03-27 02:28:06 |[34;20m INFO     [0m|[34;20m nipype.workflow  [0m|[34;20m [Node] Executing "pre_clip" <niworkflows.interfaces.nibabel.IntensityClip>[0m
2026-03-27 02:28:06 |[34;20m INFO     [0m|[34;20m nipype.workflow  [0m|[34;20m [Node] Setting-up "_PlotMosaicMean0" in "/local/nvme/ds004996_11.784026/ds/tmp/mriqc_wf/funcMRIQC/func_report_wf/153a1001f7a8d3be4fd631bbaae5462de51e2b1e/PlotMosaicMean/mapflow/_PlotMosaicMean0".[0m
2026-03-27 02:28:06 |[34;20m INFO     [0m|[34;20m nipype.workflow  [0m|[34;20m [Node] Setting-up "_PlotMosaicNoise0" in "/local/nvme/ds004996_11.784026/ds/tmp/mriqc_wf/funcMRIQC/func_report_wf/153a1001f7a8d3be4fd631bbaae5462de51e2b1e/PlotMosaicNoise/mapflow/_PlotMosaicNoise0".[0m
2026-03-27 02:28:06 |[34;20m INFO     [0m|[34;20m nipype.workflow  [0m|[34;20m [Node] Executing "SharpenEPI" <nipype.interfaces.ants.segmentation.N4BiasFieldCorrection>[0m
2026-03-27 02:28:06 |[34;20m INFO     [0m|[34;20m nipype.workflow  [0m|[34;20m [Node] Executing "_PlotMosaicMean0" <nireports.interfaces.mosaic.PlotMosaic>[0m
2026-03-27 02:28:06 |[34;20m INFO     [0m|[34;20m nipype.workflow  [0m|[34;20m [Node] Setting-up "_PlotMosaicSD0" in "/local/nvme/ds004996_11.784026/ds/tmp/mriqc_wf/funcMRIQC/func_report_wf/153a1001f7a8d3be4fd631bbaae5462de51e2b1e/PlotMosaicSD/mapflow/_PlotMosaicSD0".[0m
2026-03-27 02:28:06 |[34;20m INFO     [0m|[34;20m nipype.workflow  [0m|[34;20m [Node] Executing "_PlotMosaicSD0" <nireports.interfaces.mosaic.PlotMosaic>[0m
2026-03-27 02:28:06 |[34;20m INFO     [0m|[34;20m nipype.workflow  [0m|[34;20m [Node] Executing "_PlotMosaicNoise0" <nireports.interfaces.mosaic.PlotMosaic>[0m
2026-03-27 02:28:07 |[34;20m INFO     [0m|[34;20m nipype.workflow  [0m|[34;20m [Node] Finished "pre_clip", elapsed time 0.862685s.[0m
2026-03-27 02:28:07 |[34;20m INFO     [0m|[34;20m nipype.workflow  [0m|[34;20m [Node] Finished "_PlotMosaicNoise0", elapsed time 1.55678s.[0m
2026-03-27 02:28:08 |[34;20m INFO     [0m|[34;20m nipype.workflow  [0m|[34;20m [Node] Finished "_PlotMosaicMean0", elapsed time 1.616019s.[0m
2026-03-27 02:28:08 |[34;20m INFO     [0m|[34;20m nipype.workflow  [0m|[34;20m [Node] Finished "_PlotMosaicSD0", elapsed time 1.635198s.[0m
2026-03-27 02:28:08 |[34;20m INFO     [0m|[34;20m nipype.workflow  [0m|[34;20m [Node] Setting-up "_ds_report_mean0" in "/local/nvme/ds004996_11.784026/ds/tmp/mriqc_wf/funcMRIQC/func_report_wf/153a1001f7a8d3be4fd631bbaae5462de51e2b1e/ds_report_mean/mapflow/_ds_report_mean0".[0m
2026-03-27 02:28:08 |[34;20m INFO     [0m|[34;20m nipype.workflow  [0m|[34;20m [Node] Executing "_ds_report_mean0" <mriqc.interfaces.DerivativesDataSink>[0m
2026-03-27 02:28:08 |[34;20m INFO     [0m|[34;20m nipype.workflow  [0m|[34;20m [Node] Finished "_ds_report_mean0", elapsed time 0.010145s.[0m
2026-03-27 02:28:08 |[34;20m INFO     [0m|[34;20m nipype.workflow  [0m|[34;20m [Node] Setting-up "_ds_report_background0" in "/local/nvme/ds004996_11.784026/ds/tmp/mriqc_wf/funcMRIQC/func_report_wf/153a1001f7a8d3be4fd631bbaae5462de51e2b1e/ds_report_background/mapflow/_ds_report_background0".[0m
2026-03-27 02:28:08 |[34;20m INFO     [0m|[34;20m nipype.workflow  [0m|[34;20m [Node] Executing "_ds_report_background0" <mriqc.interfaces.DerivativesDataSink>[0m
2026-03-27 02:28:08 |[34;20m INFO     [0m|[34;20m nipype.workflow  [0m|[34;20m [Node] Finished "_ds_report_background0", elapsed time 0.005867s.[0m
2026-03-27 02:28:08 |[34;20m INFO     [0m|[34;20m nipype.workflow  [0m|[34;20m [Node] Setting-up "_ds_report_stdev0" in "/local/nvme/ds004996_11.784026/ds/tmp/mriqc_wf/funcMRIQC/func_report_wf/153a1001f7a8d3be4fd631bbaae5462de51e2b1e/ds_report_stdev/mapflow/_ds_report_stdev0".[0m
2026-03-27 02:28:08 |[34;20m INFO     [0m|[34;20m nipype.workflow  [0m|[34;20m [Node] Executing "_ds_report_stdev0" <mriqc.interfaces.DerivativesDataSink>[0m
2026-03-27 02:28:08 |[34;20m INFO     [0m|[34;20m nipype.workflow  [0m|[34;20m [Node] Finished "_ds_report_stdev0", elapsed time 0.005747s.[0m
2026-03-27 02:28:11 |[34;20m INFO     [0m|[34;20m nipype.workflow  [0m|[34;20m [Node] Finished "SharpenEPI", elapsed time 4.985088s.[0m
2026-03-27 02:28:15 |[34;20m INFO     [0m|[34;20m nipype.workflow  [0m|[34;20m [Node] Finished "_quality0", elapsed time 13.56124s.[0m
2026-03-27 02:28:16 |[34;20m INFO     [0m|[34;20m nipype.workflow  [0m|[34;20m [Node] Setting-up "_apply_hmc0" in "/local/nvme/ds004996_11.784026/ds/tmp/mriqc_wf/funcMRIQC/fMRI_HMC/599c258aeea02377f5d41e9f0e873adb5cf49e74/apply_hmc/mapflow/_apply_hmc0".[0m
2026-03-27 02:28:16 |[34;20m INFO     [0m|[34;20m nipype.workflow  [0m|[34;20m [Node] Executing "_apply_hmc0" <nipype.interfaces.utility.wrappers.Function>[0m
2026-03-27 02:28:37 |[34;20m INFO     [0m|[34;20m nipype.workflow  [0m|[34;20m [Node] Finished "_apply_hmc0", elapsed time 20.677783s.[0m
2026-03-27 02:28:38 |[34;20m INFO     [0m|[34;20m nipype.workflow  [0m|[34;20m [Node] Setting-up "_apply_hmc0" in "/local/nvme/ds004996_11.784026/ds/tmp/mriqc_wf/funcMRIQC/fMRI_HMC/99fc44d909151c4d8a2946096fcce2801c03ab02/apply_hmc/mapflow/_apply_hmc0".[0m
2026-03-27 02:28:38 |[34;20m INFO     [0m|[34;20m nipype.workflow  [0m|[34;20m [Node] Executing "_apply_hmc0" <nipype.interfaces.utility.wrappers.Function>[0m
2026-03-27 02:29:00 |[34;20m INFO     [0m|[34;20m nipype.workflow  [0m|[34;20m [Node] Finished "_apply_hmc0", elapsed time 22.257828s.[0m
2026-03-27 02:29:02 |[34;20m INFO     [0m|[34;20m nipype.workflow  [0m|[34;20m [Node] Setting-up "_quality0" in "/local/nvme/ds004996_11.784026/ds/tmp/mriqc_wf/funcMRIQC/ComputeIQMs/599c258aeea02377f5d41e9f0e873adb5cf49e74/quality/mapflow/_quality0".[0m
2026-03-27 02:29:02 |[34;20m INFO     [0m|[34;20m nipype.workflow  [0m|[34;20m [Node] Setting-up "_mean0" in "/local/nvme/ds004996_11.784026/ds/tmp/mriqc_wf/funcMRIQC/599c258aeea02377f5d41e9f0e873adb5cf49e74/mean/mapflow/_mean0".[0m
2026-03-27 02:29:02 |[34;20m INFO     [0m|[34;20m nipype.workflow  [0m|[34;20m [Node] Executing "_quality0" <nipype.interfaces.afni.preprocess.QualityIndex>[0m
2026-03-27 02:29:02 |[34;20m INFO     [0m|[34;20m nipype.workflow  [0m|[34;20m [Node] Executing "_mean0" <nipype.interfaces.afni.utils.TStat>[0m
2026-03-27 02:29:02 |[34;20m INFO     [0m|[34;20m nipype.workflow  [0m|[34;20m [Node] Setting-up "_compute_tsnr0" in "/local/nvme/ds004996_11.784026/ds/tmp/mriqc_wf/funcMRIQC/99fc44d909151c4d8a2946096fcce2801c03ab02/compute_tsnr/mapflow/_compute_tsnr0".[0m
2026-03-27 02:29:02 |[34;20m INFO     [0m|[34;20m nipype.workflow  [0m|[34;20m [Node] Setting-up "_compute_tsnr0" in "/local/nvme/ds004996_11.784026/ds/tmp/mriqc_wf/funcMRIQC/599c258aeea02377f5d41e9f0e873adb5cf49e74/compute_tsnr/mapflow/_compute_tsnr0".[0m
2026-03-27 02:29:02 |[34;20m INFO     [0m|[34;20m nipype.workflow  [0m|[34;20m [Node] Setting-up "_quality0" in "/local/nvme/ds004996_11.784026/ds/tmp/mriqc_wf/funcMRIQC/ComputeIQMs/99fc44d909151c4d8a2946096fcce2801c03ab02/quality/mapflow/_quality0".[0m
2026-03-27 02:29:02 |[34;20m INFO     [0m|[34;20m nipype.workflow  [0m|[34;20m [Node] Executing "_compute_tsnr0" <nipype.algorithms.confounds.TSNR>[0m
2026-03-27 02:29:02 |[34;20m INFO     [0m|[34;20m nipype.workflow  [0m|[34;20m [Node] Executing "_quality0" <nipype.interfaces.afni.preprocess.QualityIndex>[0m
2026-03-27 02:29:02 |[34;20m INFO     [0m|[34;20m nipype.workflow  [0m|[34;20m [Node] Executing "_compute_tsnr0" <nipype.algorithms.confounds.TSNR>[0m
2026-03-27 02:29:02 |[34;20m INFO     [0m|[34;20m nipype.workflow  [0m|[34;20m [Node] Setting-up "_mean0" in "/local/nvme/ds004996_11.784026/ds/tmp/mriqc_wf/funcMRIQC/99fc44d909151c4d8a2946096fcce2801c03ab02/mean/mapflow/_mean0".[0m
2026-03-27 02:29:02 |[34;20m INFO     [0m|[34;20m nipype.workflow  [0m|[34;20m [Node] Executing "_mean0" <nipype.interfaces.afni.utils.TStat>[0m
2026-03-27 02:29:06 |[34;20m INFO     [0m|[34;20m nipype.workflow  [0m|[34;20m [Node] Finished "_mean0", elapsed time 3.5925190000000002s.[0m
2026-03-27 02:29:06 |[34;20m INFO     [0m|[34;20m nipype.workflow  [0m|[34;20m [Node] Finished "_compute_tsnr0", elapsed time 3.932956s.[0m
2026-03-27 02:29:06 |[34;20m INFO     [0m|[34;20m nipype.workflow  [0m|[34;20m [Node] Setting-up "mriqc_wf.funcMRIQC.synthstrip_wf.pre_clip" in "/local/nvme/ds004996_11.784026/ds/tmp/mriqc_wf/funcMRIQC/synthstrip_wf/99fc44d909151c4d8a2946096fcce2801c03ab02/pre_clip".[0m
2026-03-27 02:29:06 |[34;20m INFO     [0m|[34;20m nipype.workflow  [0m|[34;20m [Node] Executing "pre_clip" <niworkflows.interfaces.nibabel.IntensityClip>[0m
2026-03-27 02:29:06 |[34;20m INFO     [0m|[34;20m nipype.workflow  [0m|[34;20m [Node] Setting-up "_PlotMosaicMean0" in "/local/nvme/ds004996_11.784026/ds/tmp/mriqc_wf/funcMRIQC/func_report_wf/99fc44d909151c4d8a2946096fcce2801c03ab02/PlotMosaicMean/mapflow/_PlotMosaicMean0".[0m
2026-03-27 02:29:06 |[34;20m INFO     [0m|[34;20m nipype.workflow  [0m|[34;20m [Node] Setting-up "mriqc_wf.funcMRIQC.SpatialNormalization.SharpenEPI" in "/local/nvme/ds004996_11.784026/ds/tmp/mriqc_wf/funcMRIQC/SpatialNormalization/99fc44d909151c4d8a2946096fcce2801c03ab02/SharpenEPI".[0m
2026-03-27 02:29:06 |[34;20m INFO     [0m|[34;20m nipype.workflow  [0m|[34;20m [Node] Executing "_PlotMosaicMean0" <nireports.interfaces.mosaic.PlotMosaic>[0m
2026-03-27 02:29:06 |[34;20m INFO     [0m|[34;20m nipype.workflow  [0m|[34;20m [Node] Executing "SharpenEPI" <nipype.interfaces.ants.segmentation.N4BiasFieldCorrection>[0m
2026-03-27 02:29:06 |[34;20m INFO     [0m|[34;20m nipype.workflow  [0m|[34;20m [Node] Finished "_mean0", elapsed time 4.3859960000000004s.[0m
2026-03-27 02:29:07 |[34;20m INFO     [0m|[34;20m nipype.workflow  [0m|[34;20m [Node] Finished "_compute_tsnr0", elapsed time 4.7534659999999995s.[0m
2026-03-27 02:29:07 |[34;20m INFO     [0m|[34;20m nipype.workflow  [0m|[34;20m [Node] Finished "pre_clip", elapsed time 0.897001s.[0m
2026-03-27 02:29:08 |[34;20m INFO     [0m|[34;20m nipype.workflow  [0m|[34;20m [Node] Finished "_PlotMosaicMean0", elapsed time 1.699116s.[0m
2026-03-27 02:29:08 |[34;20m INFO     [0m|[34;20m nipype.workflow  [0m|[34;20m [Node] Setting-up "mriqc_wf.funcMRIQC.SpatialNormalization.SharpenEPI" in "/local/nvme/ds004996_11.784026/ds/tmp/mriqc_wf/funcMRIQC/SpatialNormalization/599c258aeea02377f5d41e9f0e873adb5cf49e74/SharpenEPI".[0m
2026-03-27 02:29:08 |[34;20m INFO     [0m|[34;20m nipype.workflow  [0m|[34;20m [Node] Setting-up "mriqc_wf.funcMRIQC.synthstrip_wf.pre_clip" in "/local/nvme/ds004996_11.784026/ds/tmp/mriqc_wf/funcMRIQC/synthstrip_wf/599c258aeea02377f5d41e9f0e873adb5cf49e74/pre_clip".[0m
2026-03-27 02:29:08 |[34;20m INFO     [0m|[34;20m nipype.workflow  [0m|[34;20m [Node] Executing "SharpenEPI" <nipype.interfaces.ants.segmentation.N4BiasFieldCorrection>[0m
2026-03-27 02:29:08 |[34;20m INFO     [0m|[34;20m nipype.workflow  [0m|[34;20m [Node] Setting-up "_PlotMosaicMean0" in "/local/nvme/ds004996_11.784026/ds/tmp/mriqc_wf/funcMRIQC/func_report_wf/599c258aeea02377f5d41e9f0e873adb5cf49e74/PlotMosaicMean/mapflow/_PlotMosaicMean0".[0m
2026-03-27 02:29:08 |[34;20m INFO     [0m|[34;20m nipype.workflow  [0m|[34;20m [Node] Executing "pre_clip" <niworkflows.interfaces.nibabel.IntensityClip>[0m
2026-03-27 02:29:08 |[34;20m INFO     [0m|[34;20m nipype.workflow  [0m|[34;20m [Node] Setting-up "_PlotMosaicNoise0" in "/local/nvme/ds004996_11.784026/ds/tmp/mriqc_wf/funcMRIQC/func_report_wf/599c258aeea02377f5d41e9f0e873adb5cf49e74/PlotMosaicNoise/mapflow/_PlotMosaicNoise0".[0m
2026-03-27 02:29:08 |[34;20m INFO     [0m|[34;20m nipype.workflow  [0m|[34;20m [Node] Executing "_PlotMosaicMean0" <nireports.interfaces.mosaic.PlotMosaic>[0m
2026-03-27 02:29:08 |[34;20m INFO     [0m|[34;20m nipype.workflow  [0m|[34;20m [Node] Executing "_PlotMosaicNoise0" <nireports.interfaces.mosaic.PlotMosaic>[0m
2026-03-27 02:29:08 |[34;20m INFO     [0m|[34;20m nipype.workflow  [0m|[34;20m [Node] Setting-up "_PlotMosaicSD0" in "/local/nvme/ds004996_11.784026/ds/tmp/mriqc_wf/funcMRIQC/func_report_wf/599c258aeea02377f5d41e9f0e873adb5cf49e74/PlotMosaicSD/mapflow/_PlotMosaicSD0".[0m
2026-03-27 02:29:08 |[34;20m INFO     [0m|[34;20m nipype.workflow  [0m|[34;20m [Node] Executing "_PlotMosaicSD0" <nireports.interfaces.mosaic.PlotMosaic>[0m
2026-03-27 02:29:09 |[34;20m INFO     [0m|[34;20m nipype.workflow  [0m|[34;20m [Node] Finished "pre_clip", elapsed time 0.930494s.[0m
2026-03-27 02:29:10 |[34;20m INFO     [0m|[34;20m nipype.workflow  [0m|[34;20m [Node] Finished "_PlotMosaicNoise0", elapsed time 1.918823s.[0m
2026-03-27 02:29:10 |[34;20m INFO     [0m|[34;20m nipype.workflow  [0m|[34;20m [Node] Setting-up "_PlotMosaicNoise0" in "/local/nvme/ds004996_11.784026/ds/tmp/mriqc_wf/funcMRIQC/func_report_wf/99fc44d909151c4d8a2946096fcce2801c03ab02/PlotMosaicNoise/mapflow/_PlotMosaicNoise0".[0m
2026-03-27 02:29:10 |[34;20m INFO     [0m|[34;20m nipype.workflow  [0m|[34;20m [Node] Executing "_PlotMosaicNoise0" <nireports.interfaces.mosaic.PlotMosaic>[0m
2026-03-27 02:29:10 |[34;20m INFO     [0m|[34;20m nipype.workflow  [0m|[34;20m [Node] Finished "_PlotMosaicMean0", elapsed time 2.061344s.[0m
2026-03-27 02:29:10 |[34;20m INFO     [0m|[34;20m nipype.workflow  [0m|[34;20m [Node] Finished "_PlotMosaicSD0", elapsed time 2.313902s.[0m
2026-03-27 02:29:11 |[34;20m INFO     [0m|[34;20m nipype.workflow  [0m|[34;20m [Node] Finished "SharpenEPI", elapsed time 4.8982s.[0m
2026-03-27 02:29:12 |[34;20m INFO     [0m|[34;20m nipype.workflow  [0m|[34;20m [Node] Finished "_PlotMosaicNoise0", elapsed time 1.7019609999999998s.[0m
2026-03-27 02:29:12 |[34;20m INFO     [0m|[34;20m nipype.workflow  [0m|[34;20m [Node] Setting-up "_PlotMosaicSD0" in "/local/nvme/ds004996_11.784026/ds/tmp/mriqc_wf/funcMRIQC/func_report_wf/99fc44d909151c4d8a2946096fcce2801c03ab02/PlotMosaicSD/mapflow/_PlotMosaicSD0".[0m
2026-03-27 02:29:12 |[34;20m INFO     [0m|[34;20m nipype.workflow  [0m|[34;20m [Node] Executing "_PlotMosaicSD0" <nireports.interfaces.mosaic.PlotMosaic>[0m
2026-03-27 02:29:12 |[34;20m INFO     [0m|[34;20m nipype.workflow  [0m|[34;20m [Node] Setting-up "_ds_report_mean0" in "/local/nvme/ds004996_11.784026/ds/tmp/mriqc_wf/funcMRIQC/func_report_wf/599c258aeea02377f5d41e9f0e873adb5cf49e74/ds_report_mean/mapflow/_ds_report_mean0".[0m
2026-03-27 02:29:12 |[34;20m INFO     [0m|[34;20m nipype.workflow  [0m|[34;20m [Node] Executing "_ds_report_mean0" <mriqc.interfaces.DerivativesDataSink>[0m
2026-03-27 02:29:12 |[34;20m INFO     [0m|[34;20m nipype.workflow  [0m|[34;20m [Node] Finished "_ds_report_mean0", elapsed time 0.007159s.[0m
2026-03-27 02:29:12 |[34;20m INFO     [0m|[34;20m nipype.workflow  [0m|[34;20m [Node] Setting-up "_ds_report_background0" in "/local/nvme/ds004996_11.784026/ds/tmp/mriqc_wf/funcMRIQC/func_report_wf/599c258aeea02377f5d41e9f0e873adb5cf49e74/ds_report_background/mapflow/_ds_report_background0".[0m
2026-03-27 02:29:12 |[34;20m INFO     [0m|[34;20m nipype.workflow  [0m|[34;20m [Node] Executing "_ds_report_background0" <mriqc.interfaces.DerivativesDataSink>[0m
2026-03-27 02:29:12 |[34;20m INFO     [0m|[34;20m nipype.workflow  [0m|[34;20m [Node] Finished "_ds_report_background0", elapsed time 0.007393s.[0m
2026-03-27 02:29:12 |[34;20m INFO     [0m|[34;20m nipype.workflow  [0m|[34;20m [Node] Setting-up "_ds_report_stdev0" in "/local/nvme/ds004996_11.784026/ds/tmp/mriqc_wf/funcMRIQC/func_report_wf/599c258aeea02377f5d41e9f0e873adb5cf49e74/ds_report_stdev/mapflow/_ds_report_stdev0".[0m
2026-03-27 02:29:12 |[34;20m INFO     [0m|[34;20m nipype.workflow  [0m|[34;20m [Node] Executing "_ds_report_stdev0" <mriqc.interfaces.DerivativesDataSink>[0m
2026-03-27 02:29:12 |[34;20m INFO     [0m|[34;20m nipype.workflow  [0m|[34;20m [Node] Finished "_ds_report_stdev0", elapsed time 0.006045s.[0m
2026-03-27 02:29:12 |[34;20m INFO     [0m|[34;20m nipype.workflow  [0m|[34;20m [Node] Setting-up "_ds_report_mean0" in "/local/nvme/ds004996_11.784026/ds/tmp/mriqc_wf/funcMRIQC/func_report_wf/99fc44d909151c4d8a2946096fcce2801c03ab02/ds_report_mean/mapflow/_ds_report_mean0".[0m
2026-03-27 02:29:12 |[34;20m INFO     [0m|[34;20m nipype.workflow  [0m|[34;20m [Node] Executing "_ds_report_mean0" <mriqc.interfaces.DerivativesDataSink>[0m
2026-03-27 02:29:12 |[34;20m INFO     [0m|[34;20m nipype.workflow  [0m|[34;20m [Node] Finished "_ds_report_mean0", elapsed time 0.006612s.[0m
2026-03-27 02:29:13 |[34;20m INFO     [0m|[34;20m nipype.workflow  [0m|[34;20m [Node] Setting-up "_ds_report_background0" in "/local/nvme/ds004996_11.784026/ds/tmp/mriqc_wf/funcMRIQC/func_report_wf/99fc44d909151c4d8a2946096fcce2801c03ab02/ds_report_background/mapflow/_ds_report_background0".[0m
2026-03-27 02:29:13 |[34;20m INFO     [0m|[34;20m nipype.workflow  [0m|[34;20m [Node] Executing "_ds_report_background0" <mriqc.interfaces.DerivativesDataSink>[0m
2026-03-27 02:29:13 |[34;20m INFO     [0m|[34;20m nipype.workflow  [0m|[34;20m [Node] Finished "_ds_report_background0", elapsed time 0.006263s.[0m
2026-03-27 02:29:14 |[34;20m INFO     [0m|[34;20m nipype.workflow  [0m|[34;20m [Node] Finished "SharpenEPI", elapsed time 5.367806s.[0m
2026-03-27 02:29:14 |[34;20m INFO     [0m|[34;20m nipype.workflow  [0m|[34;20m [Node] Finished "_PlotMosaicSD0", elapsed time 2.007091s.[0m
2026-03-27 02:29:15 |[34;20m INFO     [0m|[34;20m nipype.workflow  [0m|[34;20m [Node] Finished "_quality0", elapsed time 13.1813s.[0m
2026-03-27 02:29:16 |[34;20m INFO     [0m|[34;20m nipype.workflow  [0m|[34;20m [Node] Finished "_quality0", elapsed time 13.685313s.[0m
2026-03-27 02:29:16 |[34;20m INFO     [0m|[34;20m nipype.workflow  [0m|[34;20m [Node] Setting-up "mriqc_wf.funcMRIQC.synthstrip_wf.pre_n4" in "/local/nvme/ds004996_11.784026/ds/tmp/mriqc_wf/funcMRIQC/synthstrip_wf/153a1001f7a8d3be4fd631bbaae5462de51e2b1e/pre_n4".[0m
2026-03-27 02:29:16 |[34;20m INFO     [0m|[34;20m nipype.workflow  [0m|[34;20m [Node] Executing "pre_n4" <nipype.interfaces.ants.segmentation.N4BiasFieldCorrection>[0m
2026-03-27 02:29:18 |[34;20m INFO     [0m|[34;20m nipype.workflow  [0m|[34;20m [Node] Finished "pre_n4", elapsed time 1.702275s.[0m
2026-03-27 02:29:20 |[34;20m INFO     [0m|[34;20m nipype.workflow  [0m|[34;20m [Node] Setting-up "mriqc_wf.funcMRIQC.synthstrip_wf.pre_n4" in "/local/nvme/ds004996_11.784026/ds/tmp/mriqc_wf/funcMRIQC/synthstrip_wf/599c258aeea02377f5d41e9f0e873adb5cf49e74/pre_n4".[0m
2026-03-27 02:29:20 |[34;20m INFO     [0m|[34;20m nipype.workflow  [0m|[34;20m [Node] Executing "pre_n4" <nipype.interfaces.ants.segmentation.N4BiasFieldCorrection>[0m
2026-03-27 02:29:22 |[34;20m INFO     [0m|[34;20m nipype.workflow  [0m|[34;20m [Node] Finished "pre_n4", elapsed time 1.392493s.[0m
2026-03-27 02:29:22 |[34;20m INFO     [0m|[34;20m nipype.workflow  [0m|[34;20m [Node] Setting-up "mriqc_wf.funcMRIQC.synthstrip_wf.pre_n4" in "/local/nvme/ds004996_11.784026/ds/tmp/mriqc_wf/funcMRIQC/synthstrip_wf/99fc44d909151c4d8a2946096fcce2801c03ab02/pre_n4".[0m
2026-03-27 02:29:22 |[34;20m INFO     [0m|[34;20m nipype.workflow  [0m|[34;20m [Node] Executing "pre_n4" <nipype.interfaces.ants.segmentation.N4BiasFieldCorrection>[0m
2026-03-27 02:29:23 |[34;20m INFO     [0m|[34;20m nipype.workflow  [0m|[34;20m [Node] Finished "pre_n4", elapsed time 1.307547s.[0m
2026-03-27 02:29:24 |[34;20m INFO     [0m|[34;20m nipype.workflow  [0m|[34;20m [Node] Setting-up "_ds_report_stdev0" in "/local/nvme/ds004996_11.784026/ds/tmp/mriqc_wf/funcMRIQC/func_report_wf/99fc44d909151c4d8a2946096fcce2801c03ab02/ds_report_stdev/mapflow/_ds_report_stdev0".[0m
2026-03-27 02:29:24 |[34;20m INFO     [0m|[34;20m nipype.workflow  [0m|[34;20m [Node] Executing "_ds_report_stdev0" <mriqc.interfaces.DerivativesDataSink>[0m
2026-03-27 02:29:24 |[34;20m INFO     [0m|[34;20m nipype.workflow  [0m|[34;20m [Node] Finished "_ds_report_stdev0", elapsed time 0.005461s.[0m
2026-03-27 02:29:24 |[34;20m INFO     [0m|[34;20m nipype.workflow  [0m|[34;20m [Node] Setting-up "mriqc_wf.funcMRIQC.synthstrip_wf.synthstrip" in "/local/nvme/ds004996_11.784026/ds/tmp/mriqc_wf/funcMRIQC/synthstrip_wf/153a1001f7a8d3be4fd631bbaae5462de51e2b1e/synthstrip".[0m
2026-03-27 02:29:24 |[34;20m INFO     [0m|[34;20m nipype.workflow  [0m|[34;20m [Node] Executing "synthstrip" <mriqc.interfaces.synthstrip.SynthStrip>[0m
2026-03-27 02:29:44 |[34;20m INFO     [0m|[34;20m nipype.workflow  [0m|[34;20m [Node] Finished "synthstrip", elapsed time 19.595842s.[0m
2026-03-27 02:29:44 |[34;20m INFO     [0m|[34;20m nipype.workflow  [0m|[34;20m [Node] Setting-up "mriqc_wf.funcMRIQC.synthstrip_wf.synthstrip" in "/local/nvme/ds004996_11.784026/ds/tmp/mriqc_wf/funcMRIQC/synthstrip_wf/599c258aeea02377f5d41e9f0e873adb5cf49e74/synthstrip".[0m
2026-03-27 02:29:44 |[34;20m INFO     [0m|[34;20m nipype.workflow  [0m|[34;20m [Node] Executing "synthstrip" <mriqc.interfaces.synthstrip.SynthStrip>[0m
2026-03-27 02:30:03 |[34;20m INFO     [0m|[34;20m nipype.workflow  [0m|[34;20m [Node] Finished "synthstrip", elapsed time 18.737822s.[0m
2026-03-27 02:30:04 |[34;20m INFO     [0m|[34;20m nipype.workflow  [0m|[34;20m [Node] Setting-up "mriqc_wf.funcMRIQC.synthstrip_wf.synthstrip" in "/local/nvme/ds004996_11.784026/ds/tmp/mriqc_wf/funcMRIQC/synthstrip_wf/99fc44d909151c4d8a2946096fcce2801c03ab02/synthstrip".[0m
2026-03-27 02:30:04 |[34;20m INFO     [0m|[34;20m nipype.workflow  [0m|[34;20m [Node] Executing "synthstrip" <mriqc.interfaces.synthstrip.SynthStrip>[0m
2026-03-27 02:30:23 |[34;20m INFO     [0m|[34;20m nipype.workflow  [0m|[34;20m [Node] Finished "synthstrip", elapsed time 18.764226999999998s.[0m
2026-03-27 02:30:24 |[34;20m INFO     [0m|[34;20m nipype.workflow  [0m|[34;20m [Node] Setting-up "mriqc_wf.funcMRIQC.synthstrip_wf.post_n4" in "/local/nvme/ds004996_11.784026/ds/tmp/mriqc_wf/funcMRIQC/synthstrip_wf/153a1001f7a8d3be4fd631bbaae5462de51e2b1e/post_n4".[0m
2026-03-27 02:30:24 |[34;20m INFO     [0m|[34;20m nipype.workflow  [0m|[34;20m [Node] Executing "post_n4" <nipype.interfaces.ants.segmentation.N4BiasFieldCorrection>[0m
2026-03-27 02:30:26 |[34;20m INFO     [0m|[34;20m nipype.workflow  [0m|[34;20m [Node] Finished "post_n4", elapsed time 1.325364s.[0m
2026-03-27 02:30:26 |[34;20m INFO     [0m|[34;20m nipype.workflow  [0m|[34;20m [Node] Setting-up "mriqc_wf.funcMRIQC.SpatialNormalization.EPI2MNI" in "/local/nvme/ds004996_11.784026/ds/tmp/mriqc_wf/funcMRIQC/SpatialNormalization/153a1001f7a8d3be4fd631bbaae5462de51e2b1e/EPI2MNI".[0m
2026-03-27 02:30:26 |[34;20m INFO     [0m|[34;20m nipype.workflow  [0m|[34;20m [Node] Executing "EPI2MNI" <niworkflows.interfaces.reportlets.registration.SpatialNormalizationRPT>[0m
2026-03-27 02:30:26 |[34;20m INFO     [0m|[34;20m niworkflows      [0m|[34;20m Estimating initial transform using AffineInitializer[0m
2026-03-27 02:30:32 |[34;20m INFO     [0m|[34;20m niworkflows      [0m|[34;20m Loading settings from file /opt/conda/lib/python3.11/site-packages/niworkflows/data/boldref-mni_registration_precise_000.json.[0m
2026-03-27 02:30:32 |[34;20m INFO     [0m|[34;20m niworkflows      [0m|[34;20m Retry #1, commandline: 
antsRegistration --collapse-output-transforms 1 --dimensionality 3 --float 0 --initial-moving-transform [ /local/nvme/ds004996_11.784026/ds/tmp/mriqc_wf/funcMRIQC/SpatialNormalization/153a1001f7a8d3be4fd631bbaae5462de51e2b1e/EPI2MNI/transform.mat, 0 ] --initialize-transforms-per-stage 0 --interpolation LanczosWindowedSinc --output [ epi_to_mni, epi_to_mni_Warped.nii.gz ] --transform Rigid[ 0.05 ] --metric Mattes[ /templateflow/tpl-MNI152NLin2009cAsym/tpl-MNI152NLin2009cAsym_res-02_desc-fMRIPrep_boldref.nii.gz, /local/nvme/ds004996_11.784026/ds/tmp/mriqc_wf/funcMRIQC/SpatialNormalization/153a1001f7a8d3be4fd631bbaae5462de51e2b1e/SharpenEPI/sub-11_task-conversation_run-01_bold_desc-realigned_valid_tstat_corrected.nii.gz, 1, 56, Regular, 0.25 ] --convergence [ 10000x1000x100, 1e-06, 20 ] --smoothing-sigmas 4.0x2.0x1.0vox --shrink-factors 4x2x1 --use-histogram-matching 1 --masks [ /templateflow/tpl-MNI152NLin2009cAsym/tpl-MNI152NLin2009cAsym_res-02_desc-brain_mask.nii.gz, /local/nvme/ds004996_11.784026/ds/tmp/mriqc_wf/funcMRIQC/synthstrip_wf/153a1001f7a8d3be4fd631bbaae5462de51e2b1e/synthstrip/clipped_corrected_desc-brain_mask.nii.gz ] --transform Affine[ 0.08 ] --metric Mattes[ /templateflow/tpl-MNI152NLin2009cAsym/tpl-MNI152NLin2009cAsym_res-02_desc-fMRIPrep_boldref.nii.gz, /local/nvme/ds004996_11.784026/ds/tmp/mriqc_wf/funcMRIQC/SpatialNormalization/153a1001f7a8d3be4fd631bbaae5462de51e2b1e/SharpenEPI/sub-11_task-conversation_run-01_bold_desc-realigned_valid_tstat_corrected.nii.gz, 1, 56, Regular, 0.25 ] --convergence [ 500x250x100, 1e-06, 20 ] --smoothing-sigmas 4.0x2.0x1.0vox --shrink-factors 8x4x2 --use-histogram-matching 1 --masks [ /templateflow/tpl-MNI152NLin2009cAsym/tpl-MNI152NLin2009cAsym_res-02_desc-brain_mask.nii.gz, /local/nvme/ds004996_11.784026/ds/tmp/mriqc_wf/funcMRIQC/synthstrip_wf/153a1001f7a8d3be4fd631bbaae5462de51e2b1e/synthstrip/clipped_corrected_desc-brain_mask.nii.gz ] --transform SyN[ 0.1, 3.0, 0.0 ] --metric CC[ /templateflow/tpl-MNI152NLin2009cAsym/tpl-MNI152NLin2009cAsym_res-02_desc-fMRIPrep_boldref.nii.gz, /local/nvme/ds004996_11.784026/ds/tmp/mriqc_wf/funcMRIQC/SpatialNormalization/153a1001f7a8d3be4fd631bbaae5462de51e2b1e/SharpenEPI/sub-11_task-conversation_run-01_bold_desc-realigned_valid_tstat_corrected.nii.gz, 1, 4, None, 1 ] --convergence [ 100x30x20, 1e-06, 10 ] --smoothing-sigmas 3.0x2.0x1.0vox --shrink-factors 8x4x2 --use-histogram-matching 1 --masks [ /templateflow/tpl-MNI152NLin2009cAsym/tpl-MNI152NLin2009cAsym_res-02_desc-brain_mask.nii.gz, /local/nvme/ds004996_11.784026/ds/tmp/mriqc_wf/funcMRIQC/synthstrip_wf/153a1001f7a8d3be4fd631bbaae5462de51e2b1e/synthstrip/clipped_corrected_desc-brain_mask.nii.gz ] --winsorize-image-intensities [ 0.005, 0.995 ]  --write-composite-transform 1[0m
2026-03-27 02:30:46 |[34;20m INFO     [0m|[34;20m niworkflows      [0m|[34;20m Successful spatial normalization (retry #1).[0m
2026-03-27 02:30:46 |[34;20m INFO     [0m|[34;20m niworkflows      [0m|[34;20m Report - setting fixed (/templateflow/tpl-MNI152NLin2009cAsym/tpl-MNI152NLin2009cAsym_res-02_desc-fMRIPrep_boldref.nii.gz) and moving (/local/nvme/ds004996_11.784026/ds/tmp/mriqc_wf/funcMRIQC/SpatialNormalization/153a1001f7a8d3be4fd631bbaae5462de51e2b1e/EPI2MNI/epi_to_mni_Warped.nii.gz) images[0m
2026-03-27 02:30:46 |[34;20m INFO     [0m|[34;20m niworkflows      [0m|[34;20m Generating visual report[0m
2026-03-27 02:31:03 |[34;20m INFO     [0m|[34;20m nipype.workflow  [0m|[34;20m [Node] Finished "EPI2MNI", elapsed time 37.258726s.[0m
2026-03-27 02:31:04 |[34;20m INFO     [0m|[34;20m nipype.workflow  [0m|[34;20m [Node] Setting-up "_ComputeDVARS0" in "/local/nvme/ds004996_11.784026/ds/tmp/mriqc_wf/funcMRIQC/ComputeIQMs/153a1001f7a8d3be4fd631bbaae5462de51e2b1e/ComputeDVARS/mapflow/_ComputeDVARS0".[0m
2026-03-27 02:31:04 |[34;20m INFO     [0m|[34;20m nipype.workflow  [0m|[34;20m [Node] Executing "_ComputeDVARS0" <nipype.algorithms.confounds.ComputeDVARS>[0m
2026-03-27 02:31:04 |[34;20m INFO     [0m|[34;20m nipype.workflow  [0m|[34;20m [Node] Setting-up "_outliers0" in "/local/nvme/ds004996_11.784026/ds/tmp/mriqc_wf/funcMRIQC/ComputeIQMs/153a1001f7a8d3be4fd631bbaae5462de51e2b1e/outliers/mapflow/_outliers0".[0m
2026-03-27 02:31:04 |[34;20m INFO     [0m|[34;20m nipype.workflow  [0m|[34;20m [Node] Executing "_outliers0" <nipype.interfaces.afni.preprocess.OutlierCount>[0m
2026-03-27 02:31:04 |[34;20m INFO     [0m|[34;20m nipype.workflow  [0m|[34;20m [Node] Setting-up "mriqc_wf.funcMRIQC.func_report_wf.dilated_mask" in "/local/nvme/ds004996_11.784026/ds/tmp/mriqc_wf/funcMRIQC/func_report_wf/153a1001f7a8d3be4fd631bbaae5462de51e2b1e/dilated_mask".[0m
2026-03-27 02:31:04 |[34;20m INFO     [0m|[34;20m nipype.workflow  [0m|[34;20m [Node] Setting-up "mriqc_wf.funcMRIQC.func_report_wf.PlotBrainmask" in "/local/nvme/ds004996_11.784026/ds/tmp/mriqc_wf/funcMRIQC/func_report_wf/153a1001f7a8d3be4fd631bbaae5462de51e2b1e/PlotBrainmask".[0m
2026-03-27 02:31:04 |[34;20m INFO     [0m|[34;20m nipype.workflow  [0m|[34;20m [Node] Executing "dilated_mask" <niworkflows.interfaces.morphology.BinaryDilation>[0m
2026-03-27 02:31:04 |[34;20m INFO     [0m|[34;20m nipype.workflow  [0m|[34;20m [Node] Setting-up "_smoothness0" in "/local/nvme/ds004996_11.784026/ds/tmp/mriqc_wf/funcMRIQC/ComputeIQMs/153a1001f7a8d3be4fd631bbaae5462de51e2b1e/smoothness/mapflow/_smoothness0".[0m
2026-03-27 02:31:04 |[34;20m INFO     [0m|[34;20m nipype.workflow  [0m|[34;20m [Node] Setting-up "_PlotMosaicZoomed0" in "/local/nvme/ds004996_11.784026/ds/tmp/mriqc_wf/funcMRIQC/func_report_wf/153a1001f7a8d3be4fd631bbaae5462de51e2b1e/PlotMosaicZoomed/mapflow/_PlotMosaicZoomed0".[0m
2026-03-27 02:31:04 |[34;20m INFO     [0m|[34;20m nipype.workflow  [0m|[34;20m [Node] Executing "PlotBrainmask" <nireports.interfaces.mosaic.PlotContours>[0m
2026-03-27 02:31:04 |[34;20m INFO     [0m|[34;20m nipype.workflow  [0m|[34;20m [Node] Setting-up "_ComputeDVARS0" in "/local/nvme/ds004996_11.784026/ds/tmp/mriqc_wf/funcMRIQC/ComputeIQMs/599c258aeea02377f5d41e9f0e873adb5cf49e74/ComputeDVARS/mapflow/_ComputeDVARS0".[0m
2026-03-27 02:31:04 |[34;20m INFO     [0m|[34;20m nipype.workflow  [0m|[34;20m [Node] Setting-up "_gcor0" in "/local/nvme/ds004996_11.784026/ds/tmp/mriqc_wf/funcMRIQC/ComputeIQMs/153a1001f7a8d3be4fd631bbaae5462de51e2b1e/gcor/mapflow/_gcor0".[0m
2026-03-27 02:31:04 |[34;20m INFO     [0m|[34;20m nipype.workflow  [0m|[34;20m [Node] Executing "_smoothness0" <nipype.interfaces.afni.utils.FWHMx>[0m
2026-03-27 02:31:04 |[34;20m INFO     [0m|[34;20m nipype.workflow  [0m|[34;20m [Node] Executing "_PlotMosaicZoomed0" <nireports.interfaces.mosaic.PlotMosaic>[0m
2026-03-27 02:31:04 |[34;20m INFO     [0m|[34;20m nipype.workflow  [0m|[34;20m [Node] Executing "_gcor0" <mriqc.interfaces.transitional.GCOR>[0m
2026-03-27 02:31:04 |[34;20m INFO     [0m|[34;20m nipype.workflow  [0m|[34;20m [Node] Executing "_ComputeDVARS0" <nipype.algorithms.confounds.ComputeDVARS>[0m
2026-03-27 02:31:04 |[34;20m INFO     [0m|[34;20m nipype.workflow  [0m|[34;20m [Node] Finished "dilated_mask", elapsed time 0.032536s.[0m
2026-03-27 02:31:05 |[34;20m INFO     [0m|[34;20m nipype.workflow  [0m|[34;20m [Node] Finished "_smoothness0", elapsed time 0.859594s.[0m
2026-03-27 02:31:06 |[34;20m INFO     [0m|[34;20m nipype.workflow  [0m|[34;20m [Node] Finished "_PlotMosaicZoomed0", elapsed time 1.594182s.[0m
2026-03-27 02:31:06 |[34;20m INFO     [0m|[34;20m nipype.workflow  [0m|[34;20m [Node] Finished "PlotBrainmask", elapsed time 1.776824s.[0m
2026-03-27 02:31:06 |[34;20m INFO     [0m|[34;20m nipype.workflow  [0m|[34;20m [Node] Setting-up "mriqc_wf.funcMRIQC.func_report_wf.dilated_mask" in "/local/nvme/ds004996_11.784026/ds/tmp/mriqc_wf/funcMRIQC/func_report_wf/599c258aeea02377f5d41e9f0e873adb5cf49e74/dilated_mask".[0m
2026-03-27 02:31:06 |[34;20m INFO     [0m|[34;20m nipype.workflow  [0m|[34;20m [Node] Setting-up "_smoothness0" in "/local/nvme/ds004996_11.784026/ds/tmp/mriqc_wf/funcMRIQC/ComputeIQMs/599c258aeea02377f5d41e9f0e873adb5cf49e74/smoothness/mapflow/_smoothness0".[0m
2026-03-27 02:31:06 |[34;20m INFO     [0m|[34;20m nipype.workflow  [0m|[34;20m [Node] Executing "dilated_mask" <niworkflows.interfaces.morphology.BinaryDilation>[0m
2026-03-27 02:31:06 |[34;20m INFO     [0m|[34;20m nipype.workflow  [0m|[34;20m [Node] Setting-up "_outliers0" in "/local/nvme/ds004996_11.784026/ds/tmp/mriqc_wf/funcMRIQC/ComputeIQMs/599c258aeea02377f5d41e9f0e873adb5cf49e74/outliers/mapflow/_outliers0".[0m
2026-03-27 02:31:06 |[34;20m INFO     [0m|[34;20m nipype.workflow  [0m|[34;20m [Node] Executing "_smoothness0" <nipype.interfaces.afni.utils.FWHMx>[0m
2026-03-27 02:31:06 |[34;20m INFO     [0m|[34;20m nipype.workflow  [0m|[34;20m [Node] Setting-up "_gcor0" in "/local/nvme/ds004996_11.784026/ds/tmp/mriqc_wf/funcMRIQC/ComputeIQMs/599c258aeea02377f5d41e9f0e873adb5cf49e74/gcor/mapflow/_gcor0".[0m
2026-03-27 02:31:06 |[34;20m INFO     [0m|[34;20m nipype.workflow  [0m|[34;20m [Node] Executing "_outliers0" <nipype.interfaces.afni.preprocess.OutlierCount>[0m
2026-03-27 02:31:06 |[34;20m INFO     [0m|[34;20m nipype.workflow  [0m|[34;20m [Node] Executing "_gcor0" <mriqc.interfaces.transitional.GCOR>[0m
2026-03-27 02:31:06 |[34;20m INFO     [0m|[34;20m nipype.workflow  [0m|[34;20m [Node] Finished "dilated_mask", elapsed time 0.053896s.[0m
2026-03-27 02:31:07 |[34;20m INFO     [0m|[34;20m nipype.workflow  [0m|[34;20m [Node] Finished "_smoothness0", elapsed time 0.90948s.[0m
2026-03-27 02:31:08 |[34;20m INFO     [0m|[34;20m nipype.workflow  [0m|[34;20m [Node] Setting-up "mriqc_wf.funcMRIQC.func_report_wf.PlotBrainmask" in "/local/nvme/ds004996_11.784026/ds/tmp/mriqc_wf/funcMRIQC/func_report_wf/599c258aeea02377f5d41e9f0e873adb5cf49e74/PlotBrainmask".[0m
2026-03-27 02:31:08 |[34;20m INFO     [0m|[34;20m nipype.workflow  [0m|[34;20m [Node] Executing "PlotBrainmask" <nireports.interfaces.mosaic.PlotContours>[0m
2026-03-27 02:31:08 |[34;20m INFO     [0m|[34;20m nipype.workflow  [0m|[34;20m [Node] Setting-up "_PlotMosaicZoomed0" in "/local/nvme/ds004996_11.784026/ds/tmp/mriqc_wf/funcMRIQC/func_report_wf/599c258aeea02377f5d41e9f0e873adb5cf49e74/PlotMosaicZoomed/mapflow/_PlotMosaicZoomed0".[0m
2026-03-27 02:31:08 |[34;20m INFO     [0m|[34;20m nipype.workflow  [0m|[34;20m [Node] Executing "_PlotMosaicZoomed0" <nireports.interfaces.mosaic.PlotMosaic>[0m
2026-03-27 02:31:09 |[34;20m INFO     [0m|[34;20m nipype.workflow  [0m|[34;20m [Node] Finished "_outliers0", elapsed time 5.453063s.[0m
2026-03-27 02:31:10 |[34;20m INFO     [0m|[34;20m nipype.workflow  [0m|[34;20m [Node] Finished "_PlotMosaicZoomed0", elapsed time 1.63906s.[0m
2026-03-27 02:31:10 |[34;20m INFO     [0m|[34;20m nipype.workflow  [0m|[34;20m [Node] Setting-up "_ComputeDVARS0" in "/local/nvme/ds004996_11.784026/ds/tmp/mriqc_wf/funcMRIQC/ComputeIQMs/99fc44d909151c4d8a2946096fcce2801c03ab02/ComputeDVARS/mapflow/_ComputeDVARS0".[0m
2026-03-27 02:31:10 |[34;20m INFO     [0m|[34;20m nipype.workflow  [0m|[34;20m [Node] Setting-up "_smoothness0" in "/local/nvme/ds004996_11.784026/ds/tmp/mriqc_wf/funcMRIQC/ComputeIQMs/99fc44d909151c4d8a2946096fcce2801c03ab02/smoothness/mapflow/_smoothness0".[0m
2026-03-27 02:31:10 |[34;20m INFO     [0m|[34;20m nipype.workflow  [0m|[34;20m [Node] Executing "_ComputeDVARS0" <nipype.algorithms.confounds.ComputeDVARS>[0m
2026-03-27 02:31:10 |[34;20m INFO     [0m|[34;20m nipype.workflow  [0m|[34;20m [Node] Executing "_smoothness0" <nipype.interfaces.afni.utils.FWHMx>[0m
2026-03-27 02:31:10 |[34;20m INFO     [0m|[34;20m nipype.workflow  [0m|[34;20m [Node] Finished "PlotBrainmask", elapsed time 2.121508s.[0m
2026-03-27 02:31:11 |[34;20m INFO     [0m|[34;20m nipype.workflow  [0m|[34;20m [Node] Finished "_outliers0", elapsed time 5.009408s.[0m
2026-03-27 02:31:11 |[34;20m INFO     [0m|[34;20m nipype.workflow  [0m|[34;20m [Node] Finished "_smoothness0", elapsed time 1.047849s.[0m
2026-03-27 02:31:12 |[34;20m INFO     [0m|[34;20m nipype.workflow  [0m|[34;20m [Node] Setting-up "mriqc_wf.funcMRIQC.func_report_wf.dilated_mask" in "/local/nvme/ds004996_11.784026/ds/tmp/mriqc_wf/funcMRIQC/func_report_wf/99fc44d909151c4d8a2946096fcce2801c03ab02/dilated_mask".[0m
2026-03-27 02:31:12 |[34;20m INFO     [0m|[34;20m nipype.workflow  [0m|[34;20m [Node] Executing "dilated_mask" <niworkflows.interfaces.morphology.BinaryDilation>[0m
2026-03-27 02:31:12 |[34;20m INFO     [0m|[34;20m nipype.workflow  [0m|[34;20m [Node] Setting-up "_gcor0" in "/local/nvme/ds004996_11.784026/ds/tmp/mriqc_wf/funcMRIQC/ComputeIQMs/99fc44d909151c4d8a2946096fcce2801c03ab02/gcor/mapflow/_gcor0".[0m
2026-03-27 02:31:12 |[34;20m INFO     [0m|[34;20m nipype.workflow  [0m|[34;20m [Node] Executing "_gcor0" <mriqc.interfaces.transitional.GCOR>[0m
2026-03-27 02:31:12 |[34;20m INFO     [0m|[34;20m nipype.workflow  [0m|[34;20m [Node] Setting-up "_outliers0" in "/local/nvme/ds004996_11.784026/ds/tmp/mriqc_wf/funcMRIQC/ComputeIQMs/99fc44d909151c4d8a2946096fcce2801c03ab02/outliers/mapflow/_outliers0".[0m
2026-03-27 02:31:12 |[34;20m INFO     [0m|[34;20m nipype.workflow  [0m|[34;20m [Node] Executing "_outliers0" <nipype.interfaces.afni.preprocess.OutlierCount>[0m
2026-03-27 02:31:12 |[34;20m INFO     [0m|[34;20m nipype.workflow  [0m|[34;20m [Node] Finished "dilated_mask", elapsed time 0.026348s.[0m
2026-03-27 02:31:14 |[34;20m INFO     [0m|[34;20m nipype.workflow  [0m|[34;20m [Node] Setting-up "_PlotMosaicZoomed0" in "/local/nvme/ds004996_11.784026/ds/tmp/mriqc_wf/funcMRIQC/func_report_wf/99fc44d909151c4d8a2946096fcce2801c03ab02/PlotMosaicZoomed/mapflow/_PlotMosaicZoomed0".[0m
2026-03-27 02:31:14 |[34;20m INFO     [0m|[34;20m nipype.workflow  [0m|[34;20m [Node] Executing "_PlotMosaicZoomed0" <nireports.interfaces.mosaic.PlotMosaic>[0m
2026-03-27 02:31:15 |[34;20m INFO     [0m|[34;20m nipype.workflow  [0m|[34;20m [Node] Finished "_gcor0", elapsed time 11.166411s.[0m
2026-03-27 02:31:16 |[34;20m INFO     [0m|[34;20m nipype.workflow  [0m|[34;20m [Node] Finished "_PlotMosaicZoomed0", elapsed time 1.697913s.[0m
2026-03-27 02:31:16 |[34;20m INFO     [0m|[34;20m nipype.workflow  [0m|[34;20m [Node] Setting-up "mriqc_wf.funcMRIQC.func_report_wf.PlotBrainmask" in "/local/nvme/ds004996_11.784026/ds/tmp/mriqc_wf/funcMRIQC/func_report_wf/99fc44d909151c4d8a2946096fcce2801c03ab02/PlotBrainmask".[0m
2026-03-27 02:31:16 |[34;20m INFO     [0m|[34;20m nipype.workflow  [0m|[34;20m [Node] Setting-up "mriqc_wf.funcMRIQC.synthstrip_wf.final_masked" in "/local/nvme/ds004996_11.784026/ds/tmp/mriqc_wf/funcMRIQC/synthstrip_wf/153a1001f7a8d3be4fd631bbaae5462de51e2b1e/final_masked".[0m
2026-03-27 02:31:16 |[34;20m INFO     [0m|[34;20m nipype.workflow  [0m|[34;20m [Node] Executing "PlotBrainmask" <nireports.interfaces.mosaic.PlotContours>[0m
2026-03-27 02:31:16 |[34;20m INFO     [0m|[34;20m nipype.workflow  [0m|[34;20m [Node] Executing "final_masked" <niworkflows.interfaces.nibabel.ApplyMask>[0m
2026-03-27 02:31:16 |[34;20m INFO     [0m|[34;20m nipype.workflow  [0m|[34;20m [Node] Finished "final_masked", elapsed time 0.03837s.[0m
2026-03-27 02:31:16 |[34;20m INFO     [0m|[34;20m nipype.workflow  [0m|[34;20m [Node] Finished "_gcor0", elapsed time 10.30247s.[0m
2026-03-27 02:31:17 |[34;20m INFO     [0m|[34;20m nipype.workflow  [0m|[34;20m [Node] Finished "_outliers0", elapsed time 5.109411s.[0m
2026-03-27 02:31:17 |[34;20m INFO     [0m|[34;20m nipype.workflow  [0m|[34;20m [Node] Finished "PlotBrainmask", elapsed time 1.5167359999999999s.[0m
2026-03-27 02:31:18 |[34;20m INFO     [0m|[34;20m nipype.workflow  [0m|[34;20m [Node] Setting-up "mriqc_wf.funcMRIQC.func_report_wf.ds_report_norm" in "/local/nvme/ds004996_11.784026/ds/tmp/mriqc_wf/funcMRIQC/func_report_wf/153a1001f7a8d3be4fd631bbaae5462de51e2b1e/ds_report_norm".[0m
2026-03-27 02:31:18 |[34;20m INFO     [0m|[34;20m nipype.workflow  [0m|[34;20m [Node] Setting-up "mriqc_wf.funcMRIQC.SpatialNormalization.ResampleSegmentation" in "/local/nvme/ds004996_11.784026/ds/tmp/mriqc_wf/funcMRIQC/SpatialNormalization/153a1001f7a8d3be4fd631bbaae5462de51e2b1e/ResampleSegmentation".[0m
2026-03-27 02:31:18 |[34;20m INFO     [0m|[34;20m nipype.workflow  [0m|[34;20m [Node] Executing "ds_report_norm" <mriqc.interfaces.DerivativesDataSink>[0m
2026-03-27 02:31:18 |[34;20m INFO     [0m|[34;20m nipype.workflow  [0m|[34;20m [Node] Executing "ResampleSegmentation" <nipype.interfaces.ants.resampling.ApplyTransforms>[0m
2026-03-27 02:31:18 |[34;20m INFO     [0m|[34;20m nipype.workflow  [0m|[34;20m [Node] Finished "ds_report_norm", elapsed time 0.006446s.[0m
2026-03-27 02:31:18 |[34;20m INFO     [0m|[34;20m nipype.workflow  [0m|[34;20m [Node] Setting-up "mriqc_wf.funcMRIQC.func_report_wf.subtract_mask" in "/local/nvme/ds004996_11.784026/ds/tmp/mriqc_wf/funcMRIQC/func_report_wf/153a1001f7a8d3be4fd631bbaae5462de51e2b1e/subtract_mask".[0m
2026-03-27 02:31:18 |[34;20m INFO     [0m|[34;20m nipype.workflow  [0m|[34;20m [Node] Executing "subtract_mask" <niworkflows.interfaces.morphology.BinarySubtraction>[0m
2026-03-27 02:31:18 |[34;20m INFO     [0m|[34;20m nipype.workflow  [0m|[34;20m [Node] Setting-up "_ds_report_zoomed0" in "/local/nvme/ds004996_11.784026/ds/tmp/mriqc_wf/funcMRIQC/func_report_wf/153a1001f7a8d3be4fd631bbaae5462de51e2b1e/ds_report_zoomed/mapflow/_ds_report_zoomed0".[0m
2026-03-27 02:31:18 |[34;20m INFO     [0m|[34;20m nipype.workflow  [0m|[34;20m [Node] Executing "_ds_report_zoomed0" <mriqc.interfaces.DerivativesDataSink>[0m
2026-03-27 02:31:18 |[34;20m INFO     [0m|[34;20m nipype.workflow  [0m|[34;20m [Node] Finished "_ds_report_zoomed0", elapsed time 0.005608s.[0m
2026-03-27 02:31:18 |[34;20m INFO     [0m|[34;20m nipype.workflow  [0m|[34;20m [Node] Finished "subtract_mask", elapsed time 0.024555s.[0m
2026-03-27 02:31:18 |[34;20m INFO     [0m|[34;20m nipype.workflow  [0m|[34;20m [Node] Setting-up "mriqc_wf.funcMRIQC.func_report_wf.ds_report_bmask" in "/local/nvme/ds004996_11.784026/ds/tmp/mriqc_wf/funcMRIQC/func_report_wf/153a1001f7a8d3be4fd631bbaae5462de51e2b1e/ds_report_bmask".[0m
2026-03-27 02:31:18 |[34;20m INFO     [0m|[34;20m nipype.workflow  [0m|[34;20m [Node] Executing "ds_report_bmask" <mriqc.interfaces.DerivativesDataSink>[0m
2026-03-27 02:31:18 |[34;20m INFO     [0m|[34;20m nipype.workflow  [0m|[34;20m [Node] Finished "ds_report_bmask", elapsed time 0.005889s.[0m
2026-03-27 02:31:18 |[34;20m INFO     [0m|[34;20m nipype.workflow  [0m|[34;20m [Node] Setting-up "mriqc_wf.funcMRIQC.func_report_wf.subtract_mask" in "/local/nvme/ds004996_11.784026/ds/tmp/mriqc_wf/funcMRIQC/func_report_wf/599c258aeea02377f5d41e9f0e873adb5cf49e74/subtract_mask".[0m
2026-03-27 02:31:18 |[34;20m INFO     [0m|[34;20m nipype.workflow  [0m|[34;20m [Node] Executing "subtract_mask" <niworkflows.interfaces.morphology.BinarySubtraction>[0m
2026-03-27 02:31:18 |[34;20m INFO     [0m|[34;20m nipype.workflow  [0m|[34;20m [Node] Setting-up "_ds_report_zoomed0" in "/local/nvme/ds004996_11.784026/ds/tmp/mriqc_wf/funcMRIQC/func_report_wf/599c258aeea02377f5d41e9f0e873adb5cf49e74/ds_report_zoomed/mapflow/_ds_report_zoomed0".[0m
2026-03-27 02:31:18 |[34;20m INFO     [0m|[34;20m nipype.workflow  [0m|[34;20m [Node] Executing "_ds_report_zoomed0" <mriqc.interfaces.DerivativesDataSink>[0m
2026-03-27 02:31:18 |[34;20m INFO     [0m|[34;20m nipype.workflow  [0m|[34;20m [Node] Finished "_ds_report_zoomed0", elapsed time 0.005682s.[0m
2026-03-27 02:31:18 |[34;20m INFO     [0m|[34;20m nipype.workflow  [0m|[34;20m [Node] Finished "subtract_mask", elapsed time 0.015674s.[0m
2026-03-27 02:31:18 |[34;20m INFO     [0m|[34;20m nipype.workflow  [0m|[34;20m [Node] Setting-up "mriqc_wf.funcMRIQC.func_report_wf.ds_report_bmask" in "/local/nvme/ds004996_11.784026/ds/tmp/mriqc_wf/funcMRIQC/func_report_wf/599c258aeea02377f5d41e9f0e873adb5cf49e74/ds_report_bmask".[0m
2026-03-27 02:31:18 |[34;20m INFO     [0m|[34;20m nipype.workflow  [0m|[34;20m [Node] Executing "ds_report_bmask" <mriqc.interfaces.DerivativesDataSink>[0m
2026-03-27 02:31:18 |[34;20m INFO     [0m|[34;20m nipype.workflow  [0m|[34;20m [Node] Finished "ds_report_bmask", elapsed time 0.00587s.[0m
2026-03-27 02:31:19 |[34;20m INFO     [0m|[34;20m nipype.workflow  [0m|[34;20m [Node] Setting-up "mriqc_wf.funcMRIQC.func_report_wf.subtract_mask" in "/local/nvme/ds004996_11.784026/ds/tmp/mriqc_wf/funcMRIQC/func_report_wf/99fc44d909151c4d8a2946096fcce2801c03ab02/subtract_mask".[0m
2026-03-27 02:31:19 |[34;20m INFO     [0m|[34;20m nipype.workflow  [0m|[34;20m [Node] Executing "subtract_mask" <niworkflows.interfaces.morphology.BinarySubtraction>[0m
2026-03-27 02:31:19 |[34;20m INFO     [0m|[34;20m nipype.workflow  [0m|[34;20m [Node] Finished "subtract_mask", elapsed time 0.015373s.[0m
2026-03-27 02:31:20 |[34;20m INFO     [0m|[34;20m nipype.workflow  [0m|[34;20m [Node] Setting-up "_ds_report_zoomed0" in "/local/nvme/ds004996_11.784026/ds/tmp/mriqc_wf/funcMRIQC/func_report_wf/99fc44d909151c4d8a2946096fcce2801c03ab02/ds_report_zoomed/mapflow/_ds_report_zoomed0".[0m
2026-03-27 02:31:20 |[34;20m INFO     [0m|[34;20m nipype.workflow  [0m|[34;20m [Node] Executing "_ds_report_zoomed0" <mriqc.interfaces.DerivativesDataSink>[0m
2026-03-27 02:31:20 |[34;20m INFO     [0m|[34;20m nipype.workflow  [0m|[34;20m [Node] Finished "_ds_report_zoomed0", elapsed time 0.005731s.[0m
2026-03-27 02:31:20 |[34;20m INFO     [0m|[34;20m nipype.workflow  [0m|[34;20m [Node] Setting-up "mriqc_wf.funcMRIQC.func_report_wf.ds_report_bmask" in "/local/nvme/ds004996_11.784026/ds/tmp/mriqc_wf/funcMRIQC/func_report_wf/99fc44d909151c4d8a2946096fcce2801c03ab02/ds_report_bmask".[0m
2026-03-27 02:31:20 |[34;20m INFO     [0m|[34;20m nipype.workflow  [0m|[34;20m [Node] Executing "ds_report_bmask" <mriqc.interfaces.DerivativesDataSink>[0m
2026-03-27 02:31:20 |[34;20m INFO     [0m|[34;20m nipype.workflow  [0m|[34;20m [Node] Finished "ds_report_bmask", elapsed time 0.005679s.[0m
2026-03-27 02:31:21 |[34;20m INFO     [0m|[34;20m nipype.workflow  [0m|[34;20m [Node] Finished "ResampleSegmentation", elapsed time 3.095306s.[0m
2026-03-27 02:31:21 |[34;20m INFO     [0m|[34;20m nipype.workflow  [0m|[34;20m [Node] Finished "_gcor0", elapsed time 9.136306s.[0m
2026-03-27 02:31:22 |[34;20m INFO     [0m|[34;20m nipype.workflow  [0m|[34;20m [Node] Setting-up "mriqc_wf.funcMRIQC.func_report_wf.parcels" in "/local/nvme/ds004996_11.784026/ds/tmp/mriqc_wf/funcMRIQC/func_report_wf/153a1001f7a8d3be4fd631bbaae5462de51e2b1e/parcels".[0m
2026-03-27 02:31:22 |[34;20m INFO     [0m|[34;20m nipype.workflow  [0m|[34;20m [Node] Executing "parcels" <nipype.interfaces.utility.wrappers.Function>[0m
2026-03-27 02:31:22 |[34;20m INFO     [0m|[34;20m nipype.workflow  [0m|[34;20m [Node] Finished "parcels", elapsed time 0.02511s.[0m
2026-03-27 02:31:28 |[34;20m INFO     [0m|[34;20m nipype.workflow  [0m|[34;20m [Node] Finished "_ComputeDVARS0", elapsed time 24.070059s.[0m
2026-03-27 02:31:29 |[34;20m INFO     [0m|[34;20m nipype.workflow  [0m|[34;20m [Node] Finished "_ComputeDVARS0", elapsed time 24.591194s.[0m
2026-03-27 02:31:30 |[34;20m INFO     [0m|[34;20m nipype.workflow  [0m|[34;20m [Node] Setting-up "_measures0" in "/local/nvme/ds004996_11.784026/ds/tmp/mriqc_wf/funcMRIQC/ComputeIQMs/153a1001f7a8d3be4fd631bbaae5462de51e2b1e/measures/mapflow/_measures0".[0m
2026-03-27 02:31:30 |[34;20m INFO     [0m|[34;20m nipype.workflow  [0m|[34;20m [Node] Setting-up "_timeseries0" in "/local/nvme/ds004996_11.784026/ds/tmp/mriqc_wf/funcMRIQC/ComputeIQMs/153a1001f7a8d3be4fd631bbaae5462de51e2b1e/timeseries/mapflow/_timeseries0".[0m
2026-03-27 02:31:30 |[34;20m INFO     [0m|[34;20m nipype.workflow  [0m|[34;20m [Node] Executing "_measures0" <mriqc.interfaces.functional.FunctionalQC>[0m
2026-03-27 02:31:30 |[34;20m INFO     [0m|[34;20m nipype.workflow  [0m|[34;20m [Node] Executing "_timeseries0" <mriqc.interfaces.functional.GatherTimeseries>[0m
2026-03-27 02:31:30 |[34;20m INFO     [0m|[34;20m nipype.workflow  [0m|[34;20m [Node] Setting-up "_timeseries0" in "/local/nvme/ds004996_11.784026/ds/tmp/mriqc_wf/funcMRIQC/ComputeIQMs/599c258aeea02377f5d41e9f0e873adb5cf49e74/timeseries/mapflow/_timeseries0".[0m
2026-03-27 02:31:30 |[34;20m INFO     [0m|[34;20m nipype.workflow  [0m|[34;20m [Node] Executing "_timeseries0" <mriqc.interfaces.functional.GatherTimeseries>[0m
2026-03-27 02:31:30 |[34;20m INFO     [0m|[34;20m nipype.workflow  [0m|[34;20m [Node] Finished "_timeseries0", elapsed time 0.029898s.[0m
2026-03-27 02:31:30 |[34;20m INFO     [0m|[34;20m nipype.workflow  [0m|[34;20m [Node] Finished "_timeseries0", elapsed time 0.024905s.[0m
2026-03-27 02:31:32 |[34;20m INFO     [0m|[34;20m nipype.workflow  [0m|[34;20m [Node] Finished "_measures0", elapsed time 1.9599630000000001s.[0m
2026-03-27 02:31:32 |[34;20m INFO     [0m|[34;20m nipype.workflow  [0m|[34;20m [Node] Setting-up "_ds_timeseries0" in "/local/nvme/ds004996_11.784026/ds/tmp/mriqc_wf/funcMRIQC/ComputeIQMs/153a1001f7a8d3be4fd631bbaae5462de51e2b1e/ds_timeseries/mapflow/_ds_timeseries0".[0m
2026-03-27 02:31:32 |[34;20m INFO     [0m|[34;20m nipype.workflow  [0m|[34;20m [Node] Executing "_ds_timeseries0" <mriqc.interfaces.DerivativesDataSink>[0m
2026-03-27 02:31:32 |[34;20m INFO     [0m|[34;20m nipype.workflow  [0m|[34;20m [Node] Finished "_ds_timeseries0", elapsed time 0.004805s.[0m
2026-03-27 02:31:32 |[34;20m INFO     [0m|[34;20m nipype.workflow  [0m|[34;20m [Node] Setting-up "_ds_timeseries0" in "/local/nvme/ds004996_11.784026/ds/tmp/mriqc_wf/funcMRIQC/ComputeIQMs/599c258aeea02377f5d41e9f0e873adb5cf49e74/ds_timeseries/mapflow/_ds_timeseries0".[0m
2026-03-27 02:31:32 |[34;20m INFO     [0m|[34;20m nipype.workflow  [0m|[34;20m [Node] Executing "_ds_timeseries0" <mriqc.interfaces.DerivativesDataSink>[0m
2026-03-27 02:31:32 |[34;20m INFO     [0m|[34;20m nipype.workflow  [0m|[34;20m [Node] Finished "_ds_timeseries0", elapsed time 0.006513s.[0m
2026-03-27 02:31:32 |[34;20m INFO     [0m|[34;20m nipype.workflow  [0m|[34;20m [Node] Setting-up "_BigPlot0" in "/local/nvme/ds004996_11.784026/ds/tmp/mriqc_wf/funcMRIQC/func_report_wf/153a1001f7a8d3be4fd631bbaae5462de51e2b1e/BigPlot/mapflow/_BigPlot0".[0m
2026-03-27 02:31:32 |[34;20m INFO     [0m|[34;20m nipype.workflow  [0m|[34;20m [Node] Executing "_BigPlot0" <nireports.interfaces.fmri.FMRISummary>[0m
2026-03-27 02:31:34 |[34;20m INFO     [0m|[34;20m nipype.workflow  [0m|[34;20m [Node] Finished "_ComputeDVARS0", elapsed time 23.93485s.[0m
2026-03-27 02:31:34 |[34;20m INFO     [0m|[34;20m nipype.workflow  [0m|[34;20m [Node] Setting-up "_measures0" in "/local/nvme/ds004996_11.784026/ds/tmp/mriqc_wf/funcMRIQC/ComputeIQMs/599c258aeea02377f5d41e9f0e873adb5cf49e74/measures/mapflow/_measures0".[0m
2026-03-27 02:31:34 |[34;20m INFO     [0m|[34;20m nipype.workflow  [0m|[34;20m [Node] Executing "_measures0" <mriqc.interfaces.functional.FunctionalQC>[0m
2026-03-27 02:31:34 |[34;20m INFO     [0m|[34;20m nipype.workflow  [0m|[34;20m [Node] Setting-up "_datasink0" in "/local/nvme/ds004996_11.784026/ds/tmp/mriqc_wf/funcMRIQC/ComputeIQMs/153a1001f7a8d3be4fd631bbaae5462de51e2b1e/datasink/mapflow/_datasink0".[0m
2026-03-27 02:31:34 |[34;20m INFO     [0m|[34;20m nipype.workflow  [0m|[34;20m [Node] Executing "_datasink0" <mriqc.interfaces.bids.IQMFileSink>[0m
2026-03-27 02:31:34 |[34;20m INFO     [0m|[34;20m nipype.workflow  [0m|[34;20m [Node] Finished "_datasink0", elapsed time 0.002228s.[0m
2026-03-27 02:31:36 |[34;20m INFO     [0m|[34;20m nipype.workflow  [0m|[34;20m [Node] Setting-up "_timeseries0" in "/local/nvme/ds004996_11.784026/ds/tmp/mriqc_wf/funcMRIQC/ComputeIQMs/99fc44d909151c4d8a2946096fcce2801c03ab02/timeseries/mapflow/_timeseries0".[0m
2026-03-27 02:31:36 |[34;20m INFO     [0m|[34;20m nipype.workflow  [0m|[34;20m [Node] Executing "_timeseries0" <mriqc.interfaces.functional.GatherTimeseries>[0m
2026-03-27 02:31:36 |[34;20m INFO     [0m|[34;20m nipype.workflow  [0m|[34;20m [Node] Finished "_timeseries0", elapsed time 0.024495s.[0m
2026-03-27 02:31:36 |[34;20m INFO     [0m|[34;20m nipype.workflow  [0m|[34;20m [Node] Finished "_measures0", elapsed time 2.2826750000000002s.[0m
2026-03-27 02:31:38 |[34;20m INFO     [0m|[34;20m nipype.workflow  [0m|[34;20m [Node] Setting-up "_measures0" in "/local/nvme/ds004996_11.784026/ds/tmp/mriqc_wf/funcMRIQC/ComputeIQMs/99fc44d909151c4d8a2946096fcce2801c03ab02/measures/mapflow/_measures0".[0m
2026-03-27 02:31:38 |[34;20m INFO     [0m|[34;20m nipype.workflow  [0m|[34;20m [Node] Executing "_measures0" <mriqc.interfaces.functional.FunctionalQC>[0m
2026-03-27 02:31:38 |[34;20m INFO     [0m|[34;20m nipype.workflow  [0m|[34;20m [Node] Setting-up "_datasink0" in "/local/nvme/ds004996_11.784026/ds/tmp/mriqc_wf/funcMRIQC/ComputeIQMs/599c258aeea02377f5d41e9f0e873adb5cf49e74/datasink/mapflow/_datasink0".[0m
2026-03-27 02:31:38 |[34;20m INFO     [0m|[34;20m nipype.workflow  [0m|[34;20m [Node] Executing "_datasink0" <mriqc.interfaces.bids.IQMFileSink>[0m
2026-03-27 02:31:38 |[34;20m INFO     [0m|[34;20m nipype.workflow  [0m|[34;20m [Node] Finished "_datasink0", elapsed time 0.000934s.[0m
2026-03-27 02:31:38 |[34;20m INFO     [0m|[34;20m nipype.workflow  [0m|[34;20m [Node] Finished "_BigPlot0", elapsed time 5.759553s.[0m
2026-03-27 02:31:38 |[34;20m INFO     [0m|[34;20m nipype.workflow  [0m|[34;20m [Node] Setting-up "_ds_timeseries0" in "/local/nvme/ds004996_11.784026/ds/tmp/mriqc_wf/funcMRIQC/ComputeIQMs/99fc44d909151c4d8a2946096fcce2801c03ab02/ds_timeseries/mapflow/_ds_timeseries0".[0m
2026-03-27 02:31:38 |[34;20m INFO     [0m|[34;20m nipype.workflow  [0m|[34;20m [Node] Executing "_ds_timeseries0" <mriqc.interfaces.DerivativesDataSink>[0m
2026-03-27 02:31:38 |[34;20m INFO     [0m|[34;20m nipype.workflow  [0m|[34;20m [Node] Finished "_ds_timeseries0", elapsed time 0.006303s.[0m
2026-03-27 02:31:40 |[34;20m INFO     [0m|[34;20m nipype.workflow  [0m|[34;20m [Node] Setting-up "_ds_report_carpet0" in "/local/nvme/ds004996_11.784026/ds/tmp/mriqc_wf/funcMRIQC/func_report_wf/153a1001f7a8d3be4fd631bbaae5462de51e2b1e/ds_report_carpet/mapflow/_ds_report_carpet0".[0m
2026-03-27 02:31:40 |[34;20m INFO     [0m|[34;20m nipype.workflow  [0m|[34;20m [Node] Executing "_ds_report_carpet0" <mriqc.interfaces.DerivativesDataSink>[0m
2026-03-27 02:31:40 |[34;20m INFO     [0m|[34;20m nipype.workflow  [0m|[34;20m [Node] Finished "_ds_report_carpet0", elapsed time 0.005918s.[0m
2026-03-27 02:31:40 |[34;20m INFO     [0m|[34;20m nipype.workflow  [0m|[34;20m [Node] Finished "_measures0", elapsed time 2.37028s.[0m
2026-03-27 02:31:42 |[34;20m INFO     [0m|[34;20m nipype.workflow  [0m|[34;20m [Node] Setting-up "mriqc_wf.funcMRIQC.synthstrip_wf.post_n4" in "/local/nvme/ds004996_11.784026/ds/tmp/mriqc_wf/funcMRIQC/synthstrip_wf/599c258aeea02377f5d41e9f0e873adb5cf49e74/post_n4".[0m
2026-03-27 02:31:42 |[34;20m INFO     [0m|[34;20m nipype.workflow  [0m|[34;20m [Node] Executing "post_n4" <nipype.interfaces.ants.segmentation.N4BiasFieldCorrection>[0m
2026-03-27 02:31:43 |[34;20m INFO     [0m|[34;20m nipype.workflow  [0m|[34;20m [Node] Finished "post_n4", elapsed time 1.212618s.[0m
2026-03-27 02:31:44 |[34;20m INFO     [0m|[34;20m nipype.workflow  [0m|[34;20m [Node] Setting-up "mriqc_wf.funcMRIQC.SpatialNormalization.EPI2MNI" in "/local/nvme/ds004996_11.784026/ds/tmp/mriqc_wf/funcMRIQC/SpatialNormalization/599c258aeea02377f5d41e9f0e873adb5cf49e74/EPI2MNI".[0m
2026-03-27 02:31:44 |[34;20m INFO     [0m|[34;20m nipype.workflow  [0m|[34;20m [Node] Executing "EPI2MNI" <niworkflows.interfaces.reportlets.registration.SpatialNormalizationRPT>[0m
2026-03-27 02:31:44 |[34;20m INFO     [0m|[34;20m niworkflows      [0m|[34;20m Estimating initial transform using AffineInitializer[0m
2026-03-27 02:31:50 |[34;20m INFO     [0m|[34;20m niworkflows      [0m|[34;20m Terminal outputs of initialization saved (/local/nvme/ds004996_11.784026/ds/tmp/mriqc_wf/funcMRIQC/SpatialNormalization/599c258aeea02377f5d41e9f0e873adb5cf49e74/EPI2MNI/stderr.nipype-init).[0m
2026-03-27 02:31:50 |[34;20m INFO     [0m|[34;20m niworkflows      [0m|[34;20m Loading settings from file /opt/conda/lib/python3.11/site-packages/niworkflows/data/boldref-mni_registration_precise_000.json.[0m
2026-03-27 02:31:50 |[34;20m INFO     [0m|[34;20m niworkflows      [0m|[34;20m Retry #1, commandline: 
antsRegistration --collapse-output-transforms 1 --dimensionality 3 --float 0 --initial-moving-transform [ /local/nvme/ds004996_11.784026/ds/tmp/mriqc_wf/funcMRIQC/SpatialNormalization/599c258aeea02377f5d41e9f0e873adb5cf49e74/EPI2MNI/transform.mat, 0 ] --initialize-transforms-per-stage 0 --interpolation LanczosWindowedSinc --output [ epi_to_mni, epi_to_mni_Warped.nii.gz ] --transform Rigid[ 0.05 ] --metric Mattes[ /templateflow/tpl-MNI152NLin2009cAsym/tpl-MNI152NLin2009cAsym_res-02_desc-fMRIPrep_boldref.nii.gz, /local/nvme/ds004996_11.784026/ds/tmp/mriqc_wf/funcMRIQC/SpatialNormalization/599c258aeea02377f5d41e9f0e873adb5cf49e74/SharpenEPI/sub-11_task-conversation_run-02_bold_desc-realigned_valid_tstat_corrected.nii.gz, 1, 56, Regular, 0.25 ] --convergence [ 10000x1000x100, 1e-06, 20 ] --smoothing-sigmas 4.0x2.0x1.0vox --shrink-factors 4x2x1 --use-histogram-matching 1 --masks [ /templateflow/tpl-MNI152NLin2009cAsym/tpl-MNI152NLin2009cAsym_res-02_desc-brain_mask.nii.gz, /local/nvme/ds004996_11.784026/ds/tmp/mriqc_wf/funcMRIQC/synthstrip_wf/599c258aeea02377f5d41e9f0e873adb5cf49e74/synthstrip/clipped_corrected_desc-brain_mask.nii.gz ] --transform Affine[ 0.08 ] --metric Mattes[ /templateflow/tpl-MNI152NLin2009cAsym/tpl-MNI152NLin2009cAsym_res-02_desc-fMRIPrep_boldref.nii.gz, /local/nvme/ds004996_11.784026/ds/tmp/mriqc_wf/funcMRIQC/SpatialNormalization/599c258aeea02377f5d41e9f0e873adb5cf49e74/SharpenEPI/sub-11_task-conversation_run-02_bold_desc-realigned_valid_tstat_corrected.nii.gz, 1, 56, Regular, 0.25 ] --convergence [ 500x250x100, 1e-06, 20 ] --smoothing-sigmas 4.0x2.0x1.0vox --shrink-factors 8x4x2 --use-histogram-matching 1 --masks [ /templateflow/tpl-MNI152NLin2009cAsym/tpl-MNI152NLin2009cAsym_res-02_desc-brain_mask.nii.gz, /local/nvme/ds004996_11.784026/ds/tmp/mriqc_wf/funcMRIQC/synthstrip_wf/599c258aeea02377f5d41e9f0e873adb5cf49e74/synthstrip/clipped_corrected_desc-brain_mask.nii.gz ] --transform SyN[ 0.1, 3.0, 0.0 ] --metric CC[ /templateflow/tpl-MNI152NLin2009cAsym/tpl-MNI152NLin2009cAsym_res-02_desc-fMRIPrep_boldref.nii.gz, /local/nvme/ds004996_11.784026/ds/tmp/mriqc_wf/funcMRIQC/SpatialNormalization/599c258aeea02377f5d41e9f0e873adb5cf49e74/SharpenEPI/sub-11_task-conversation_run-02_bold_desc-realigned_valid_tstat_corrected.nii.gz, 1, 4, None, 1 ] --convergence [ 100x30x20, 1e-06, 10 ] --smoothing-sigmas 3.0x2.0x1.0vox --shrink-factors 8x4x2 --use-histogram-matching 1 --masks [ /templateflow/tpl-MNI152NLin2009cAsym/tpl-MNI152NLin2009cAsym_res-02_desc-brain_mask.nii.gz, /local/nvme/ds004996_11.784026/ds/tmp/mriqc_wf/funcMRIQC/synthstrip_wf/599c258aeea02377f5d41e9f0e873adb5cf49e74/synthstrip/clipped_corrected_desc-brain_mask.nii.gz ] --winsorize-image-intensities [ 0.005, 0.995 ]  --write-composite-transform 1[0m
2026-03-27 02:32:03 |[34;20m INFO     [0m|[34;20m niworkflows      [0m|[34;20m Successful spatial normalization (retry #1).[0m
2026-03-27 02:32:03 |[34;20m INFO     [0m|[34;20m niworkflows      [0m|[34;20m Report - setting fixed (/templateflow/tpl-MNI152NLin2009cAsym/tpl-MNI152NLin2009cAsym_res-02_desc-fMRIPrep_boldref.nii.gz) and moving (/local/nvme/ds004996_11.784026/ds/tmp/mriqc_wf/funcMRIQC/SpatialNormalization/599c258aeea02377f5d41e9f0e873adb5cf49e74/EPI2MNI/epi_to_mni_Warped.nii.gz) images[0m
2026-03-27 02:32:03 |[34;20m INFO     [0m|[34;20m niworkflows      [0m|[34;20m Generating visual report[0m
2026-03-27 02:32:18 |[34;20m INFO     [0m|[34;20m nipype.workflow  [0m|[34;20m [Node] Finished "EPI2MNI", elapsed time 34.462424s.[0m
2026-03-27 02:32:20 |[34;20m INFO     [0m|[34;20m nipype.workflow  [0m|[34;20m [Node] Setting-up "mriqc_wf.funcMRIQC.synthstrip_wf.post_n4" in "/local/nvme/ds004996_11.784026/ds/tmp/mriqc_wf/funcMRIQC/synthstrip_wf/99fc44d909151c4d8a2946096fcce2801c03ab02/post_n4".[0m
2026-03-27 02:32:20 |[34;20m INFO     [0m|[34;20m nipype.workflow  [0m|[34;20m [Node] Executing "post_n4" <nipype.interfaces.ants.segmentation.N4BiasFieldCorrection>[0m
2026-03-27 02:32:21 |[34;20m INFO     [0m|[34;20m nipype.workflow  [0m|[34;20m [Node] Finished "post_n4", elapsed time 1.027407s.[0m
2026-03-27 02:32:22 |[34;20m INFO     [0m|[34;20m nipype.workflow  [0m|[34;20m [Node] Setting-up "mriqc_wf.funcMRIQC.SpatialNormalization.EPI2MNI" in "/local/nvme/ds004996_11.784026/ds/tmp/mriqc_wf/funcMRIQC/SpatialNormalization/99fc44d909151c4d8a2946096fcce2801c03ab02/EPI2MNI".[0m
2026-03-27 02:32:22 |[34;20m INFO     [0m|[34;20m nipype.workflow  [0m|[34;20m [Node] Executing "EPI2MNI" <niworkflows.interfaces.reportlets.registration.SpatialNormalizationRPT>[0m
2026-03-27 02:32:22 |[34;20m INFO     [0m|[34;20m niworkflows      [0m|[34;20m Estimating initial transform using AffineInitializer[0m
2026-03-27 02:32:27 |[34;20m INFO     [0m|[34;20m niworkflows      [0m|[34;20m Loading settings from file /opt/conda/lib/python3.11/site-packages/niworkflows/data/boldref-mni_registration_precise_000.json.[0m
2026-03-27 02:32:27 |[34;20m INFO     [0m|[34;20m niworkflows      [0m|[34;20m Retry #1, commandline: 
antsRegistration --collapse-output-transforms 1 --dimensionality 3 --float 0 --initial-moving-transform [ /local/nvme/ds004996_11.784026/ds/tmp/mriqc_wf/funcMRIQC/SpatialNormalization/99fc44d909151c4d8a2946096fcce2801c03ab02/EPI2MNI/transform.mat, 0 ] --initialize-transforms-per-stage 0 --interpolation LanczosWindowedSinc --output [ epi_to_mni, epi_to_mni_Warped.nii.gz ] --transform Rigid[ 0.05 ] --metric Mattes[ /templateflow/tpl-MNI152NLin2009cAsym/tpl-MNI152NLin2009cAsym_res-02_desc-fMRIPrep_boldref.nii.gz, /local/nvme/ds004996_11.784026/ds/tmp/mriqc_wf/funcMRIQC/SpatialNormalization/99fc44d909151c4d8a2946096fcce2801c03ab02/SharpenEPI/sub-11_task-conversation_run-03_bold_desc-realigned_valid_tstat_corrected.nii.gz, 1, 56, Regular, 0.25 ] --convergence [ 10000x1000x100, 1e-06, 20 ] --smoothing-sigmas 4.0x2.0x1.0vox --shrink-factors 4x2x1 --use-histogram-matching 1 --masks [ /templateflow/tpl-MNI152NLin2009cAsym/tpl-MNI152NLin2009cAsym_res-02_desc-brain_mask.nii.gz, /local/nvme/ds004996_11.784026/ds/tmp/mriqc_wf/funcMRIQC/synthstrip_wf/99fc44d909151c4d8a2946096fcce2801c03ab02/synthstrip/clipped_corrected_desc-brain_mask.nii.gz ] --transform Affine[ 0.08 ] --metric Mattes[ /templateflow/tpl-MNI152NLin2009cAsym/tpl-MNI152NLin2009cAsym_res-02_desc-fMRIPrep_boldref.nii.gz, /local/nvme/ds004996_11.784026/ds/tmp/mriqc_wf/funcMRIQC/SpatialNormalization/99fc44d909151c4d8a2946096fcce2801c03ab02/SharpenEPI/sub-11_task-conversation_run-03_bold_desc-realigned_valid_tstat_corrected.nii.gz, 1, 56, Regular, 0.25 ] --convergence [ 500x250x100, 1e-06, 20 ] --smoothing-sigmas 4.0x2.0x1.0vox --shrink-factors 8x4x2 --use-histogram-matching 1 --masks [ /templateflow/tpl-MNI152NLin2009cAsym/tpl-MNI152NLin2009cAsym_res-02_desc-brain_mask.nii.gz, /local/nvme/ds004996_11.784026/ds/tmp/mriqc_wf/funcMRIQC/synthstrip_wf/99fc44d909151c4d8a2946096fcce2801c03ab02/synthstrip/clipped_corrected_desc-brain_mask.nii.gz ] --transform SyN[ 0.1, 3.0, 0.0 ] --metric CC[ /templateflow/tpl-MNI152NLin2009cAsym/tpl-MNI152NLin2009cAsym_res-02_desc-fMRIPrep_boldref.nii.gz, /local/nvme/ds004996_11.784026/ds/tmp/mriqc_wf/funcMRIQC/SpatialNormalization/99fc44d909151c4d8a2946096fcce2801c03ab02/SharpenEPI/sub-11_task-conversation_run-03_bold_desc-realigned_valid_tstat_corrected.nii.gz, 1, 4, None, 1 ] --convergence [ 100x30x20, 1e-06, 10 ] --smoothing-sigmas 3.0x2.0x1.0vox --shrink-factors 8x4x2 --use-histogram-matching 1 --masks [ /templateflow/tpl-MNI152NLin2009cAsym/tpl-MNI152NLin2009cAsym_res-02_desc-brain_mask.nii.gz, /local/nvme/ds004996_11.784026/ds/tmp/mriqc_wf/funcMRIQC/synthstrip_wf/99fc44d909151c4d8a2946096fcce2801c03ab02/synthstrip/clipped_corrected_desc-brain_mask.nii.gz ] --winsorize-image-intensities [ 0.005, 0.995 ]  --write-composite-transform 1[0m
2026-03-27 02:32:39 |[34;20m INFO     [0m|[34;20m niworkflows      [0m|[34;20m Successful spatial normalization (retry #1).[0m
2026-03-27 02:32:39 |[34;20m INFO     [0m|[34;20m niworkflows      [0m|[34;20m Report - setting fixed (/templateflow/tpl-MNI152NLin2009cAsym/tpl-MNI152NLin2009cAsym_res-02_desc-fMRIPrep_boldref.nii.gz) and moving (/local/nvme/ds004996_11.784026/ds/tmp/mriqc_wf/funcMRIQC/SpatialNormalization/99fc44d909151c4d8a2946096fcce2801c03ab02/EPI2MNI/epi_to_mni_Warped.nii.gz) images[0m
2026-03-27 02:32:39 |[34;20m INFO     [0m|[34;20m niworkflows      [0m|[34;20m Generating visual report[0m
2026-03-27 02:32:55 |[34;20m INFO     [0m|[34;20m nipype.workflow  [0m|[34;20m [Node] Finished "EPI2MNI", elapsed time 33.009167s.[0m
2026-03-27 02:32:56 |[34;20m INFO     [0m|[34;20m nipype.workflow  [0m|[34;20m [Node] Setting-up "mriqc_wf.funcMRIQC.func_report_wf.ds_report_norm" in "/local/nvme/ds004996_11.784026/ds/tmp/mriqc_wf/funcMRIQC/func_report_wf/599c258aeea02377f5d41e9f0e873adb5cf49e74/ds_report_norm".[0m
2026-03-27 02:32:56 |[34;20m INFO     [0m|[34;20m nipype.workflow  [0m|[34;20m [Node] Setting-up "mriqc_wf.funcMRIQC.SpatialNormalization.ResampleSegmentation" in "/local/nvme/ds004996_11.784026/ds/tmp/mriqc_wf/funcMRIQC/SpatialNormalization/599c258aeea02377f5d41e9f0e873adb5cf49e74/ResampleSegmentation".[0m
2026-03-27 02:32:56 |[34;20m INFO     [0m|[34;20m nipype.workflow  [0m|[34;20m [Node] Setting-up "mriqc_wf.funcMRIQC.synthstrip_wf.final_masked" in "/local/nvme/ds004996_11.784026/ds/tmp/mriqc_wf/funcMRIQC/synthstrip_wf/599c258aeea02377f5d41e9f0e873adb5cf49e74/final_masked".[0m
2026-03-27 02:32:56 |[34;20m INFO     [0m|[34;20m nipype.workflow  [0m|[34;20m [Node] Executing "final_masked" <niworkflows.interfaces.nibabel.ApplyMask>[0m
2026-03-27 02:32:56 |[34;20m INFO     [0m|[34;20m nipype.workflow  [0m|[34;20m [Node] Executing "ResampleSegmentation" <nipype.interfaces.ants.resampling.ApplyTransforms>[0m
2026-03-27 02:32:56 |[34;20m INFO     [0m|[34;20m nipype.workflow  [0m|[34;20m [Node] Executing "ds_report_norm" <mriqc.interfaces.DerivativesDataSink>[0m
2026-03-27 02:32:56 |[34;20m INFO     [0m|[34;20m nipype.workflow  [0m|[34;20m [Node] Finished "ds_report_norm", elapsed time 0.005357s.[0m
2026-03-27 02:32:56 |[34;20m INFO     [0m|[34;20m nipype.workflow  [0m|[34;20m [Node] Finished "final_masked", elapsed time 0.043988s.[0m
2026-03-27 02:32:56 |[34;20m INFO     [0m|[34;20m nipype.workflow  [0m|[34;20m [Node] Setting-up "mriqc_wf.funcMRIQC.func_report_wf.ds_report_norm" in "/local/nvme/ds004996_11.784026/ds/tmp/mriqc_wf/funcMRIQC/func_report_wf/99fc44d909151c4d8a2946096fcce2801c03ab02/ds_report_norm".[0m
2026-03-27 02:32:56 |[34;20m INFO     [0m|[34;20m nipype.workflow  [0m|[34;20m [Node] Setting-up "mriqc_wf.funcMRIQC.synthstrip_wf.final_masked" in "/local/nvme/ds004996_11.784026/ds/tmp/mriqc_wf/funcMRIQC/synthstrip_wf/99fc44d909151c4d8a2946096fcce2801c03ab02/final_masked".[0m
2026-03-27 02:32:56 |[34;20m INFO     [0m|[34;20m nipype.workflow  [0m|[34;20m [Node] Setting-up "mriqc_wf.funcMRIQC.SpatialNormalization.ResampleSegmentation" in "/local/nvme/ds004996_11.784026/ds/tmp/mriqc_wf/funcMRIQC/SpatialNormalization/99fc44d909151c4d8a2946096fcce2801c03ab02/ResampleSegmentation".[0m
2026-03-27 02:32:56 |[34;20m INFO     [0m|[34;20m nipype.workflow  [0m|[34;20m [Node] Executing "final_masked" <niworkflows.interfaces.nibabel.ApplyMask>[0m
2026-03-27 02:32:56 |[34;20m INFO     [0m|[34;20m nipype.workflow  [0m|[34;20m [Node] Executing "ResampleSegmentation" <nipype.interfaces.ants.resampling.ApplyTransforms>[0m
2026-03-27 02:32:56 |[34;20m INFO     [0m|[34;20m nipype.workflow  [0m|[34;20m [Node] Executing "ds_report_norm" <mriqc.interfaces.DerivativesDataSink>[0m
2026-03-27 02:32:56 |[34;20m INFO     [0m|[34;20m nipype.workflow  [0m|[34;20m [Node] Finished "ds_report_norm", elapsed time 0.005796s.[0m
2026-03-27 02:32:56 |[34;20m INFO     [0m|[34;20m nipype.workflow  [0m|[34;20m [Node] Finished "final_masked", elapsed time 0.035918s.[0m
2026-03-27 02:32:56 |[34;20m INFO     [0m|[34;20m nipype.workflow  [0m|[34;20m [Node] Setting-up "_datasink0" in "/local/nvme/ds004996_11.784026/ds/tmp/mriqc_wf/funcMRIQC/ComputeIQMs/99fc44d909151c4d8a2946096fcce2801c03ab02/datasink/mapflow/_datasink0".[0m
2026-03-27 02:32:56 |[34;20m INFO     [0m|[34;20m nipype.workflow  [0m|[34;20m [Node] Executing "_datasink0" <mriqc.interfaces.bids.IQMFileSink>[0m
2026-03-27 02:32:56 |[34;20m INFO     [0m|[34;20m nipype.workflow  [0m|[34;20m [Node] Finished "_datasink0", elapsed time 0.000633s.[0m
2026-03-27 02:32:59 |[34;20m INFO     [0m|[34;20m nipype.workflow  [0m|[34;20m [Node] Finished "ResampleSegmentation", elapsed time 2.579292s.[0m
2026-03-27 02:32:59 |[34;20m INFO     [0m|[34;20m nipype.workflow  [0m|[34;20m [Node] Finished "ResampleSegmentation", elapsed time 2.572972s.[0m
2026-03-27 02:33:00 |[34;20m INFO     [0m|[34;20m nipype.workflow  [0m|[34;20m [Node] Setting-up "mriqc_wf.funcMRIQC.func_report_wf.parcels" in "/local/nvme/ds004996_11.784026/ds/tmp/mriqc_wf/funcMRIQC/func_report_wf/599c258aeea02377f5d41e9f0e873adb5cf49e74/parcels".[0m
2026-03-27 02:33:00 |[34;20m INFO     [0m|[34;20m nipype.workflow  [0m|[34;20m [Node] Setting-up "mriqc_wf.funcMRIQC.func_report_wf.parcels" in "/local/nvme/ds004996_11.784026/ds/tmp/mriqc_wf/funcMRIQC/func_report_wf/99fc44d909151c4d8a2946096fcce2801c03ab02/parcels".[0m
2026-03-27 02:33:00 |[34;20m INFO     [0m|[34;20m nipype.workflow  [0m|[34;20m [Node] Executing "parcels" <nipype.interfaces.utility.wrappers.Function>[0m
2026-03-27 02:33:00 |[34;20m INFO     [0m|[34;20m nipype.workflow  [0m|[34;20m [Node] Executing "parcels" <nipype.interfaces.utility.wrappers.Function>[0m
2026-03-27 02:33:00 |[34;20m INFO     [0m|[34;20m nipype.workflow  [0m|[34;20m [Node] Finished "parcels", elapsed time 0.023119s.[0m
2026-03-27 02:33:00 |[34;20m INFO     [0m|[34;20m nipype.workflow  [0m|[34;20m [Node] Finished "parcels", elapsed time 0.026621s.[0m
2026-03-27 02:33:02 |[34;20m INFO     [0m|[34;20m nipype.workflow  [0m|[34;20m [Node] Setting-up "_BigPlot0" in "/local/nvme/ds004996_11.784026/ds/tmp/mriqc_wf/funcMRIQC/func_report_wf/599c258aeea02377f5d41e9f0e873adb5cf49e74/BigPlot/mapflow/_BigPlot0".[0m
2026-03-27 02:33:02 |[34;20m INFO     [0m|[34;20m nipype.workflow  [0m|[34;20m [Node] Executing "_BigPlot0" <nireports.interfaces.fmri.FMRISummary>[0m
2026-03-27 02:33:02 |[34;20m INFO     [0m|[34;20m nipype.workflow  [0m|[34;20m [Node] Setting-up "_BigPlot0" in "/local/nvme/ds004996_11.784026/ds/tmp/mriqc_wf/funcMRIQC/func_report_wf/99fc44d909151c4d8a2946096fcce2801c03ab02/BigPlot/mapflow/_BigPlot0".[0m
2026-03-27 02:33:02 |[34;20m INFO     [0m|[34;20m nipype.workflow  [0m|[34;20m [Node] Executing "_BigPlot0" <nireports.interfaces.fmri.FMRISummary>[0m
2026-03-27 02:33:06 |[34;20m INFO     [0m|[34;20m nipype.workflow  [0m|[34;20m [Node] Finished "_BigPlot0", elapsed time 4.290195s.[0m
2026-03-27 02:33:07 |[34;20m INFO     [0m|[34;20m nipype.workflow  [0m|[34;20m [Node] Finished "_BigPlot0", elapsed time 4.587749s.[0m
2026-03-27 02:33:08 |[34;20m INFO     [0m|[34;20m nipype.workflow  [0m|[34;20m [Node] Setting-up "_ds_report_carpet0" in "/local/nvme/ds004996_11.784026/ds/tmp/mriqc_wf/funcMRIQC/func_report_wf/599c258aeea02377f5d41e9f0e873adb5cf49e74/ds_report_carpet/mapflow/_ds_report_carpet0".[0m
2026-03-27 02:33:08 |[34;20m INFO     [0m|[34;20m nipype.workflow  [0m|[34;20m [Node] Executing "_ds_report_carpet0" <mriqc.interfaces.DerivativesDataSink>[0m
2026-03-27 02:33:08 |[34;20m INFO     [0m|[34;20m nipype.workflow  [0m|[34;20m [Node] Finished "_ds_report_carpet0", elapsed time 0.005119s.[0m
2026-03-27 02:33:08 |[34;20m INFO     [0m|[34;20m nipype.workflow  [0m|[34;20m [Node] Setting-up "_ds_report_carpet0" in "/local/nvme/ds004996_11.784026/ds/tmp/mriqc_wf/funcMRIQC/func_report_wf/99fc44d909151c4d8a2946096fcce2801c03ab02/ds_report_carpet/mapflow/_ds_report_carpet0".[0m
2026-03-27 02:33:08 |[34;20m INFO     [0m|[34;20m nipype.workflow  [0m|[34;20m [Node] Executing "_ds_report_carpet0" <mriqc.interfaces.DerivativesDataSink>[0m
2026-03-27 02:33:08 |[34;20m INFO     [0m|[34;20m nipype.workflow  [0m|[34;20m [Node] Finished "_ds_report_carpet0", elapsed time 0.005021s.[0m
2026-03-27 02:33:10 |[34;20m INFO     [0m|[34;20m nipype.workflow  [0m|[34;20m Generating reports...[0m
2026-03-27 02:33:11 |[34;20m INFO     [0m|[34;20m nipype.workflow  [0m|[34;20m Report generation finished (3 reports).[0m
2026-03-27 02:33:11 |[33;20m IMPORTANT [0m|[33;20m mriqc            [0m|[33;20m Participant level finished successfully averaging 00h 07min 34s per subject.[0m
2026-03-27 02:33:11 |[34;20m INFO     [0m|[34;20m mriqc            [0m|[34;20m Generating BIDS derivatives metadata.[0m
----------------------------------------------------------------
  MRIQC completed (elapsed time 00h 22min 42s).
----------------------------------------------------------------

