------------------------------------------------------------------
  Running MRIQC version 24.1.0.dev0+gd5b13cb5.d20240826
  ----------------------------------------------------------------

  NOTICE
  Copyright © The NiPreps Developers.
  
  This product includes software developed by
  the NiPreps Community (https://nipreps.org/).
  
  Portions of this software were developed at the Department of
  Psychology at Stanford University, Stanford, CA, US.
  
  This software contains code ultimately derived from the
  PCP Quality Assessment Protocol (QAP;
  http://preprocessed-connectomes-project.org/quality-assessment-protocol)
  by C. Craddock, S. Giavasis, D. Clark, Z. Shezhad, and J. Pellman.
  
  This software is also distributed as a Docker container image.
  The bootstrapping file for the image ("Dockerfile") is licensed
  under the MIT License.

  ----------------------------------------------------------------

  * BIDS dataset path: /local/nvme/ds004996_24.784026/ds/sourcedata/raw.
  * Output folder: mriqc.
  * Analysis levels: ['participant'].
------------------------------------------------------------------

2026-03-27 02:36:38 |[33;20m IMPORTANT [0m|[33;20m mriqc            [0m|[33;20m Extracting metadata and entities for 3 input runs of modality 'bold'...[0m
2026-03-27 02:36:38 |[33;20m IMPORTANT [0m|[33;20m mriqc            [0m|[33;20m File size ('bold'): 0.41|0.41 GB [maximum|average].[0m
2026-03-27 02:36:38 |[34;20m INFO     [0m|[34;20m mriqc            [0m|[34;20m MRIQC config file: /local/nvme/ds004996_24.784026/ds/tmp/config-20260327-023632_7ae0396b-06ff-4729-9787-76236375df52.toml.[0m
2026-03-27 02:36:42 |[34;20m INFO     [0m|[34;20m matplotlib.font_manager [0m|[34;20m generated new fontManager[0m
2026-03-27 02:36:43 |[33;20m IMPORTANT [0m|[33;20m mriqc            [0m|[33;20m Building MRIQC's workflows...[0m
2026-03-27 02:36:44 |[34;20m INFO     [0m|[34;20m nipype.workflow  [0m|[34;20m Building functional MRIQC workflow for 3 BOLD runs..[0m
2026-03-27 02:36:50 |[33;20m IMPORTANT [0m|[33;20m mriqc            [0m|[33;20m Workflow building finished (exit code 0).[0m
2026-03-27 02:36:55 |[34;20m INFO     [0m|[34;20m nipype.workflow  [0m|[34;20m Workflow mriqc_wf settings: ['check', 'execution', 'logging', 'monitoring'][0m
2026-03-27 02:36:55 |[34;20m INFO     [0m|[34;20m nipype.workflow  [0m|[34;20m [Node] Setting-up "mriqc_wf.funcMRIQC.pick_echo" in "/local/nvme/ds004996_24.784026/ds/tmp/mriqc_wf/funcMRIQC/06099dfec87fc8b7b3aba66de49f38c542f04b59/pick_echo".[0m
2026-03-27 02:36:55 |[34;20m INFO     [0m|[34;20m nipype.workflow  [0m|[34;20m [Node] Setting-up "_provenance0" in "/local/nvme/ds004996_24.784026/ds/tmp/mriqc_wf/funcMRIQC/ComputeIQMs/06099dfec87fc8b7b3aba66de49f38c542f04b59/provenance/mapflow/_provenance0".[0m
2026-03-27 02:36:55 |[34;20m INFO     [0m|[34;20m nipype.workflow  [0m|[34;20m [Node] Executing "pick_echo" <mriqc.interfaces.functional.SelectEcho>[0m
2026-03-27 02:36:55 |[34;20m INFO     [0m|[34;20m nipype.workflow  [0m|[34;20m [Node] Executing "_provenance0" <mriqc.interfaces.reports.AddProvenance>[0m
2026-03-27 02:36:55 |[34;20m INFO     [0m|[34;20m nipype.workflow  [0m|[34;20m [Node] Finished "pick_echo", elapsed time 0.000561s.[0m
2026-03-27 02:36:56 |[34;20m INFO     [0m|[34;20m nipype.workflow  [0m|[34;20m [Node] Finished "_provenance0", elapsed time 0.824079s.[0m
2026-03-27 02:36:56 |[34;20m INFO     [0m|[34;20m nipype.workflow  [0m|[34;20m [Node] Setting-up "_provenance0" in "/local/nvme/ds004996_24.784026/ds/tmp/mriqc_wf/funcMRIQC/ComputeIQMs/58dc51edaebae506410bcf810dd53e006fbe8d55/provenance/mapflow/_provenance0".[0m
2026-03-27 02:36:56 |[34;20m INFO     [0m|[34;20m nipype.workflow  [0m|[34;20m [Node] Setting-up "mriqc_wf.funcMRIQC.pick_echo" in "/local/nvme/ds004996_24.784026/ds/tmp/mriqc_wf/funcMRIQC/58dc51edaebae506410bcf810dd53e006fbe8d55/pick_echo".[0m
2026-03-27 02:36:56 |[34;20m INFO     [0m|[34;20m nipype.workflow  [0m|[34;20m [Node] Executing "_provenance0" <mriqc.interfaces.reports.AddProvenance>[0m
2026-03-27 02:36:56 |[34;20m INFO     [0m|[34;20m nipype.workflow  [0m|[34;20m [Node] Executing "pick_echo" <mriqc.interfaces.functional.SelectEcho>[0m
2026-03-27 02:36:56 |[34;20m INFO     [0m|[34;20m nipype.workflow  [0m|[34;20m [Node] Finished "pick_echo", elapsed time 0.000757s.[0m
2026-03-27 02:36:57 |[34;20m INFO     [0m|[34;20m nipype.workflow  [0m|[34;20m [Node] Finished "_provenance0", elapsed time 0.810142s.[0m
2026-03-27 02:36:57 |[34;20m INFO     [0m|[34;20m nipype.workflow  [0m|[34;20m [Node] Setting-up "_provenance0" in "/local/nvme/ds004996_24.784026/ds/tmp/mriqc_wf/funcMRIQC/ComputeIQMs/bfe13db3f94eb430cb575bf4cd43e9c2afa86523/provenance/mapflow/_provenance0".[0m
2026-03-27 02:36:57 |[34;20m INFO     [0m|[34;20m nipype.workflow  [0m|[34;20m [Node] Setting-up "mriqc_wf.funcMRIQC.pick_echo" in "/local/nvme/ds004996_24.784026/ds/tmp/mriqc_wf/funcMRIQC/bfe13db3f94eb430cb575bf4cd43e9c2afa86523/pick_echo".[0m
2026-03-27 02:36:57 |[34;20m INFO     [0m|[34;20m nipype.workflow  [0m|[34;20m [Node] Executing "_provenance0" <mriqc.interfaces.reports.AddProvenance>[0m
2026-03-27 02:36:57 |[34;20m INFO     [0m|[34;20m nipype.workflow  [0m|[34;20m [Node] Executing "pick_echo" <mriqc.interfaces.functional.SelectEcho>[0m
2026-03-27 02:36:57 |[34;20m INFO     [0m|[34;20m nipype.workflow  [0m|[34;20m [Node] Finished "pick_echo", elapsed time 0.000506s.[0m
2026-03-27 02:36:58 |[34;20m INFO     [0m|[34;20m nipype.workflow  [0m|[34;20m [Node] Finished "_provenance0", elapsed time 0.818924s.[0m
2026-03-27 02:36:58 |[34;20m INFO     [0m|[34;20m nipype.workflow  [0m|[34;20m [Node] Setting-up "mriqc_wf.funcMRIQC.non_steady_state_detector" in "/local/nvme/ds004996_24.784026/ds/tmp/mriqc_wf/funcMRIQC/06099dfec87fc8b7b3aba66de49f38c542f04b59/non_steady_state_detector".[0m
2026-03-27 02:36:58 |[34;20m INFO     [0m|[34;20m nipype.workflow  [0m|[34;20m [Node] Setting-up "mriqc_wf.funcMRIQC.non_steady_state_detector" in "/local/nvme/ds004996_24.784026/ds/tmp/mriqc_wf/funcMRIQC/58dc51edaebae506410bcf810dd53e006fbe8d55/non_steady_state_detector".[0m
2026-03-27 02:36:58 |[34;20m INFO     [0m|[34;20m nipype.workflow  [0m|[34;20m [Node] Setting-up "mriqc_wf.funcMRIQC.non_steady_state_detector" in "/local/nvme/ds004996_24.784026/ds/tmp/mriqc_wf/funcMRIQC/bfe13db3f94eb430cb575bf4cd43e9c2afa86523/non_steady_state_detector".[0m
2026-03-27 02:36:58 |[34;20m INFO     [0m|[34;20m nipype.workflow  [0m|[34;20m [Node] Executing "non_steady_state_detector" <nipype.algorithms.confounds.NonSteadyStateDetector>[0m
2026-03-27 02:36:58 |[34;20m INFO     [0m|[34;20m nipype.workflow  [0m|[34;20m [Node] Executing "non_steady_state_detector" <nipype.algorithms.confounds.NonSteadyStateDetector>[0m
2026-03-27 02:36:58 |[34;20m INFO     [0m|[34;20m nipype.workflow  [0m|[34;20m [Node] Executing "non_steady_state_detector" <nipype.algorithms.confounds.NonSteadyStateDetector>[0m
2026-03-27 02:36:58 |[34;20m INFO     [0m|[34;20m nipype.workflow  [0m|[34;20m [Node] Finished "non_steady_state_detector", elapsed time 0.027482s.[0m
2026-03-27 02:36:58 |[34;20m INFO     [0m|[34;20m nipype.workflow  [0m|[34;20m [Node] Finished "non_steady_state_detector", elapsed time 0.030002s.[0m
2026-03-27 02:36:58 |[34;20m INFO     [0m|[34;20m nipype.workflow  [0m|[34;20m [Node] Finished "non_steady_state_detector", elapsed time 0.028794s.[0m
2026-03-27 02:37:00 |[34;20m INFO     [0m|[34;20m nipype.workflow  [0m|[34;20m [Node] Setting-up "_sanitize0" in "/local/nvme/ds004996_24.784026/ds/tmp/mriqc_wf/funcMRIQC/bfe13db3f94eb430cb575bf4cd43e9c2afa86523/sanitize/mapflow/_sanitize0".[0m
2026-03-27 02:37:00 |[34;20m INFO     [0m|[34;20m nipype.workflow  [0m|[34;20m [Node] Setting-up "_sanitize0" in "/local/nvme/ds004996_24.784026/ds/tmp/mriqc_wf/funcMRIQC/06099dfec87fc8b7b3aba66de49f38c542f04b59/sanitize/mapflow/_sanitize0".[0m
2026-03-27 02:37:00 |[34;20m INFO     [0m|[34;20m nipype.workflow  [0m|[34;20m [Node] Executing "_sanitize0" <niworkflows.interfaces.header.SanitizeImage>[0m
2026-03-27 02:37:00 |[34;20m INFO     [0m|[34;20m nipype.workflow  [0m|[34;20m [Node] Executing "_sanitize0" <niworkflows.interfaces.header.SanitizeImage>[0m
2026-03-27 02:37:00 |[34;20m INFO     [0m|[34;20m nipype.workflow  [0m|[34;20m [Node] Setting-up "_sanitize0" in "/local/nvme/ds004996_24.784026/ds/tmp/mriqc_wf/funcMRIQC/58dc51edaebae506410bcf810dd53e006fbe8d55/sanitize/mapflow/_sanitize0".[0m
2026-03-27 02:37:00 |[34;20m INFO     [0m|[34;20m nipype.workflow  [0m|[34;20m [Node] Executing "_sanitize0" <niworkflows.interfaces.header.SanitizeImage>[0m
2026-03-27 02:37:01 |[34;20m INFO     [0m|[34;20m nipype.workflow  [0m|[34;20m [Node] Finished "_sanitize0", elapsed time 0.725281s.[0m
2026-03-27 02:37:01 |[34;20m INFO     [0m|[34;20m nipype.workflow  [0m|[34;20m [Node] Finished "_sanitize0", elapsed time 0.741496s.[0m
2026-03-27 02:37:01 |[34;20m INFO     [0m|[34;20m nipype.workflow  [0m|[34;20m [Node] Finished "_sanitize0", elapsed time 0.735665s.[0m
2026-03-27 02:37:02 |[34;20m INFO     [0m|[34;20m nipype.workflow  [0m|[34;20m [Node] Setting-up "mriqc_wf.funcMRIQC.fMRI_HMC.estimate_hm" in "/local/nvme/ds004996_24.784026/ds/tmp/mriqc_wf/funcMRIQC/fMRI_HMC/06099dfec87fc8b7b3aba66de49f38c542f04b59/estimate_hm".[0m
2026-03-27 02:37:02 |[34;20m INFO     [0m|[34;20m nipype.workflow  [0m|[34;20m [Node] Setting-up "mriqc_wf.funcMRIQC.fMRI_HMC.estimate_hm" in "/local/nvme/ds004996_24.784026/ds/tmp/mriqc_wf/funcMRIQC/fMRI_HMC/58dc51edaebae506410bcf810dd53e006fbe8d55/estimate_hm".[0m
2026-03-27 02:37:02 |[34;20m INFO     [0m|[34;20m nipype.workflow  [0m|[34;20m [Node] Executing "estimate_hm" <nipype.interfaces.afni.preprocess.Volreg>[0m
2026-03-27 02:37:02 |[34;20m INFO     [0m|[34;20m nipype.workflow  [0m|[34;20m [Node] Setting-up "mriqc_wf.funcMRIQC.fMRI_HMC.estimate_hm" in "/local/nvme/ds004996_24.784026/ds/tmp/mriqc_wf/funcMRIQC/fMRI_HMC/bfe13db3f94eb430cb575bf4cd43e9c2afa86523/estimate_hm".[0m
2026-03-27 02:37:02 |[34;20m INFO     [0m|[34;20m nipype.workflow  [0m|[34;20m [Node] Setting-up "_SpikesMask0" in "/local/nvme/ds004996_24.784026/ds/tmp/mriqc_wf/funcMRIQC/func_report_wf/06099dfec87fc8b7b3aba66de49f38c542f04b59/SpikesMask/mapflow/_SpikesMask0".[0m
2026-03-27 02:37:02 |[34;20m INFO     [0m|[34;20m nipype.workflow  [0m|[34;20m [Node] Executing "estimate_hm" <nipype.interfaces.afni.preprocess.Volreg>[0m
2026-03-27 02:37:02 |[34;20m INFO     [0m|[34;20m nipype.workflow  [0m|[34;20m [Node] Executing "estimate_hm" <nipype.interfaces.afni.preprocess.Volreg>[0m
2026-03-27 02:37:02 |[34;20m INFO     [0m|[34;20m nipype.workflow  [0m|[34;20m [Node] Executing "_SpikesMask0" <nipype.interfaces.utility.wrappers.Function>[0m
2026-03-27 02:37:02 |[34;20m INFO     [0m|[34;20m nipype.workflow  [0m|[34;20m [Node] Setting-up "_SpikesMask0" in "/local/nvme/ds004996_24.784026/ds/tmp/mriqc_wf/funcMRIQC/func_report_wf/bfe13db3f94eb430cb575bf4cd43e9c2afa86523/SpikesMask/mapflow/_SpikesMask0".[0m
2026-03-27 02:37:02 |[34;20m INFO     [0m|[34;20m nipype.workflow  [0m|[34;20m [Node] Setting-up "_SpikesMask0" in "/local/nvme/ds004996_24.784026/ds/tmp/mriqc_wf/funcMRIQC/func_report_wf/58dc51edaebae506410bcf810dd53e006fbe8d55/SpikesMask/mapflow/_SpikesMask0".[0m
2026-03-27 02:37:02 |[34;20m INFO     [0m|[34;20m nipype.workflow  [0m|[34;20m [Node] Executing "_SpikesMask0" <nipype.interfaces.utility.wrappers.Function>[0m
2026-03-27 02:37:02 |[34;20m INFO     [0m|[34;20m nipype.workflow  [0m|[34;20m [Node] Executing "_SpikesMask0" <nipype.interfaces.utility.wrappers.Function>[0m
2026-03-27 02:37:04 |[34;20m INFO     [0m|[34;20m nipype.workflow  [0m|[34;20m [Node] Finished "_SpikesMask0", elapsed time 1.581434s.[0m
2026-03-27 02:37:04 |[34;20m INFO     [0m|[34;20m nipype.workflow  [0m|[34;20m [Node] Finished "_SpikesMask0", elapsed time 1.582759s.[0m
2026-03-27 02:37:04 |[34;20m INFO     [0m|[34;20m nipype.workflow  [0m|[34;20m [Node] Finished "_SpikesMask0", elapsed time 1.585811s.[0m
2026-03-27 02:37:04 |[34;20m INFO     [0m|[34;20m nipype.workflow  [0m|[34;20m [Node] Setting-up "_SpikesFinderBgMask0" in "/local/nvme/ds004996_24.784026/ds/tmp/mriqc_wf/funcMRIQC/func_report_wf/06099dfec87fc8b7b3aba66de49f38c542f04b59/SpikesFinderBgMask/mapflow/_SpikesFinderBgMask0".[0m
2026-03-27 02:37:04 |[34;20m INFO     [0m|[34;20m nipype.workflow  [0m|[34;20m [Node] Executing "_SpikesFinderBgMask0" <mriqc.interfaces.functional.Spikes>[0m
2026-03-27 02:37:04 |[34;20m INFO     [0m|[34;20m nipype.workflow  [0m|[34;20m [Node] Setting-up "_SpikesFinderBgMask0" in "/local/nvme/ds004996_24.784026/ds/tmp/mriqc_wf/funcMRIQC/func_report_wf/58dc51edaebae506410bcf810dd53e006fbe8d55/SpikesFinderBgMask/mapflow/_SpikesFinderBgMask0".[0m
2026-03-27 02:37:04 |[34;20m INFO     [0m|[34;20m nipype.workflow  [0m|[34;20m [Node] Setting-up "_SpikesFinderBgMask0" in "/local/nvme/ds004996_24.784026/ds/tmp/mriqc_wf/funcMRIQC/func_report_wf/bfe13db3f94eb430cb575bf4cd43e9c2afa86523/SpikesFinderBgMask/mapflow/_SpikesFinderBgMask0".[0m
2026-03-27 02:37:04 |[34;20m INFO     [0m|[34;20m nipype.workflow  [0m|[34;20m [Node] Executing "_SpikesFinderBgMask0" <mriqc.interfaces.functional.Spikes>[0m
2026-03-27 02:37:04 |[34;20m INFO     [0m|[34;20m nipype.workflow  [0m|[34;20m [Node] Executing "_SpikesFinderBgMask0" <mriqc.interfaces.functional.Spikes>[0m
2026-03-27 02:37:07 |[34;20m INFO     [0m|[34;20m nipype.workflow  [0m|[34;20m [Node] Finished "_SpikesFinderBgMask0", elapsed time 2.683738s.[0m
2026-03-27 02:37:07 |[34;20m INFO     [0m|[34;20m nipype.workflow  [0m|[34;20m [Node] Finished "_SpikesFinderBgMask0", elapsed time 2.692316s.[0m
2026-03-27 02:37:08 |[34;20m INFO     [0m|[34;20m nipype.workflow  [0m|[34;20m [Node] Finished "_SpikesFinderBgMask0", elapsed time 3.371879s.[0m
2026-03-27 02:51:42 |[34;20m INFO     [0m|[34;20m nipype.workflow  [0m|[34;20m [Node] Finished "estimate_hm", elapsed time 879.886423s.[0m
2026-03-27 02:51:44 |[34;20m INFO     [0m|[34;20m nipype.workflow  [0m|[34;20m [Node] Setting-up "mriqc_wf.funcMRIQC.fMRI_HMC.ComputeFD" in "/local/nvme/ds004996_24.784026/ds/tmp/mriqc_wf/funcMRIQC/fMRI_HMC/58dc51edaebae506410bcf810dd53e006fbe8d55/ComputeFD".[0m
2026-03-27 02:51:44 |[34;20m INFO     [0m|[34;20m nipype.workflow  [0m|[34;20m [Node] Executing "ComputeFD" <nipype.algorithms.confounds.FramewiseDisplacement>[0m
2026-03-27 02:51:44 |[34;20m INFO     [0m|[34;20m nipype.workflow  [0m|[34;20m [Node] Finished "ComputeFD", elapsed time 0.006737s.[0m
2026-03-27 02:51:48 |[34;20m INFO     [0m|[34;20m nipype.workflow  [0m|[34;20m [Node] Finished "estimate_hm", elapsed time 885.527687s.[0m
2026-03-27 02:51:48 |[34;20m INFO     [0m|[34;20m nipype.workflow  [0m|[34;20m [Node] Setting-up "mriqc_wf.funcMRIQC.fMRI_HMC.ComputeFD" in "/local/nvme/ds004996_24.784026/ds/tmp/mriqc_wf/funcMRIQC/fMRI_HMC/bfe13db3f94eb430cb575bf4cd43e9c2afa86523/ComputeFD".[0m
2026-03-27 02:51:48 |[34;20m INFO     [0m|[34;20m nipype.workflow  [0m|[34;20m [Node] Executing "ComputeFD" <nipype.algorithms.confounds.FramewiseDisplacement>[0m
2026-03-27 02:51:48 |[34;20m INFO     [0m|[34;20m nipype.workflow  [0m|[34;20m [Node] Finished "ComputeFD", elapsed time 0.006683s.[0m
2026-03-27 02:52:01 |[34;20m INFO     [0m|[34;20m nipype.workflow  [0m|[34;20m [Node] Finished "estimate_hm", elapsed time 898.313217s.[0m
2026-03-27 02:52:02 |[34;20m INFO     [0m|[34;20m nipype.workflow  [0m|[34;20m [Node] Setting-up "_apply_hmc0" in "/local/nvme/ds004996_24.784026/ds/tmp/mriqc_wf/funcMRIQC/fMRI_HMC/06099dfec87fc8b7b3aba66de49f38c542f04b59/apply_hmc/mapflow/_apply_hmc0".[0m
2026-03-27 02:52:02 |[34;20m INFO     [0m|[34;20m nipype.workflow  [0m|[34;20m [Node] Executing "_apply_hmc0" <nipype.interfaces.utility.wrappers.Function>[0m
2026-03-27 02:52:20 |[34;20m INFO     [0m|[34;20m nipype.workflow  [0m|[34;20m [Node] Finished "_apply_hmc0", elapsed time 18.173444s.[0m
2026-03-27 02:52:22 |[34;20m INFO     [0m|[34;20m nipype.workflow  [0m|[34;20m [Node] Setting-up "mriqc_wf.funcMRIQC.fMRI_HMC.ComputeFD" in "/local/nvme/ds004996_24.784026/ds/tmp/mriqc_wf/funcMRIQC/fMRI_HMC/06099dfec87fc8b7b3aba66de49f38c542f04b59/ComputeFD".[0m
2026-03-27 02:52:22 |[34;20m INFO     [0m|[34;20m nipype.workflow  [0m|[34;20m [Node] Executing "ComputeFD" <nipype.algorithms.confounds.FramewiseDisplacement>[0m
2026-03-27 02:52:22 |[34;20m INFO     [0m|[34;20m nipype.workflow  [0m|[34;20m [Node] Setting-up "_mean0" in "/local/nvme/ds004996_24.784026/ds/tmp/mriqc_wf/funcMRIQC/06099dfec87fc8b7b3aba66de49f38c542f04b59/mean/mapflow/_mean0".[0m
2026-03-27 02:52:22 |[34;20m INFO     [0m|[34;20m nipype.workflow  [0m|[34;20m [Node] Setting-up "_compute_tsnr0" in "/local/nvme/ds004996_24.784026/ds/tmp/mriqc_wf/funcMRIQC/06099dfec87fc8b7b3aba66de49f38c542f04b59/compute_tsnr/mapflow/_compute_tsnr0".[0m
2026-03-27 02:52:22 |[34;20m INFO     [0m|[34;20m nipype.workflow  [0m|[34;20m [Node] Setting-up "_quality0" in "/local/nvme/ds004996_24.784026/ds/tmp/mriqc_wf/funcMRIQC/ComputeIQMs/06099dfec87fc8b7b3aba66de49f38c542f04b59/quality/mapflow/_quality0".[0m
2026-03-27 02:52:22 |[34;20m INFO     [0m|[34;20m nipype.workflow  [0m|[34;20m [Node] Executing "_compute_tsnr0" <nipype.algorithms.confounds.TSNR>[0m
2026-03-27 02:52:22 |[34;20m INFO     [0m|[34;20m nipype.workflow  [0m|[34;20m [Node] Executing "_mean0" <nipype.interfaces.afni.utils.TStat>[0m
2026-03-27 02:52:22 |[34;20m INFO     [0m|[34;20m nipype.workflow  [0m|[34;20m [Node] Executing "_quality0" <nipype.interfaces.afni.preprocess.QualityIndex>[0m
2026-03-27 02:52:22 |[34;20m INFO     [0m|[34;20m nipype.workflow  [0m|[34;20m [Node] Finished "ComputeFD", elapsed time 0.006718s.[0m
2026-03-27 02:52:24 |[34;20m INFO     [0m|[34;20m nipype.workflow  [0m|[34;20m [Node] Finished "_compute_tsnr0", elapsed time 1.517589s.[0m
2026-03-27 02:52:24 |[34;20m INFO     [0m|[34;20m nipype.workflow  [0m|[34;20m [Node] Setting-up "_PlotMosaicSD0" in "/local/nvme/ds004996_24.784026/ds/tmp/mriqc_wf/funcMRIQC/func_report_wf/06099dfec87fc8b7b3aba66de49f38c542f04b59/PlotMosaicSD/mapflow/_PlotMosaicSD0".[0m
2026-03-27 02:52:24 |[34;20m INFO     [0m|[34;20m nipype.workflow  [0m|[34;20m [Node] Executing "_PlotMosaicSD0" <nireports.interfaces.mosaic.PlotMosaic>[0m
2026-03-27 02:52:25 |[34;20m INFO     [0m|[34;20m nipype.workflow  [0m|[34;20m [Node] Finished "_mean0", elapsed time 3.128751s.[0m
2026-03-27 02:52:26 |[34;20m INFO     [0m|[34;20m nipype.workflow  [0m|[34;20m [Node] Finished "_PlotMosaicSD0", elapsed time 1.3368769999999999s.[0m
2026-03-27 02:52:26 |[34;20m INFO     [0m|[34;20m nipype.workflow  [0m|[34;20m [Node] Setting-up "mriqc_wf.funcMRIQC.synthstrip_wf.pre_clip" in "/local/nvme/ds004996_24.784026/ds/tmp/mriqc_wf/funcMRIQC/synthstrip_wf/06099dfec87fc8b7b3aba66de49f38c542f04b59/pre_clip".[0m
2026-03-27 02:52:26 |[34;20m INFO     [0m|[34;20m nipype.workflow  [0m|[34;20m [Node] Setting-up "mriqc_wf.funcMRIQC.SpatialNormalization.SharpenEPI" in "/local/nvme/ds004996_24.784026/ds/tmp/mriqc_wf/funcMRIQC/SpatialNormalization/06099dfec87fc8b7b3aba66de49f38c542f04b59/SharpenEPI".[0m
2026-03-27 02:52:26 |[34;20m INFO     [0m|[34;20m nipype.workflow  [0m|[34;20m [Node] Executing "SharpenEPI" <nipype.interfaces.ants.segmentation.N4BiasFieldCorrection>[0m
2026-03-27 02:52:26 |[34;20m INFO     [0m|[34;20m nipype.workflow  [0m|[34;20m [Node] Executing "pre_clip" <niworkflows.interfaces.nibabel.IntensityClip>[0m
2026-03-27 02:52:26 |[34;20m INFO     [0m|[34;20m nipype.workflow  [0m|[34;20m [Node] Setting-up "_PlotMosaicMean0" in "/local/nvme/ds004996_24.784026/ds/tmp/mriqc_wf/funcMRIQC/func_report_wf/06099dfec87fc8b7b3aba66de49f38c542f04b59/PlotMosaicMean/mapflow/_PlotMosaicMean0".[0m
2026-03-27 02:52:26 |[34;20m INFO     [0m|[34;20m nipype.workflow  [0m|[34;20m [Node] Executing "_PlotMosaicMean0" <nireports.interfaces.mosaic.PlotMosaic>[0m
2026-03-27 02:52:26 |[34;20m INFO     [0m|[34;20m nipype.workflow  [0m|[34;20m [Node] Setting-up "_PlotMosaicNoise0" in "/local/nvme/ds004996_24.784026/ds/tmp/mriqc_wf/funcMRIQC/func_report_wf/06099dfec87fc8b7b3aba66de49f38c542f04b59/PlotMosaicNoise/mapflow/_PlotMosaicNoise0".[0m
2026-03-27 02:52:26 |[34;20m INFO     [0m|[34;20m nipype.workflow  [0m|[34;20m [Node] Executing "_PlotMosaicNoise0" <nireports.interfaces.mosaic.PlotMosaic>[0m
2026-03-27 02:52:26 |[34;20m INFO     [0m|[34;20m nipype.workflow  [0m|[34;20m [Node] Setting-up "_ds_report_stdev0" in "/local/nvme/ds004996_24.784026/ds/tmp/mriqc_wf/funcMRIQC/func_report_wf/06099dfec87fc8b7b3aba66de49f38c542f04b59/ds_report_stdev/mapflow/_ds_report_stdev0".[0m
2026-03-27 02:52:26 |[34;20m INFO     [0m|[34;20m nipype.workflow  [0m|[34;20m [Node] Executing "_ds_report_stdev0" <mriqc.interfaces.DerivativesDataSink>[0m
2026-03-27 02:52:26 |[34;20m INFO     [0m|[34;20m nipype.workflow  [0m|[34;20m [Node] Finished "_ds_report_stdev0", elapsed time 0.008158s.[0m
2026-03-27 02:52:27 |[34;20m INFO     [0m|[34;20m nipype.workflow  [0m|[34;20m [Node] Finished "pre_clip", elapsed time 0.756262s.[0m
2026-03-27 02:52:28 |[34;20m INFO     [0m|[34;20m nipype.workflow  [0m|[34;20m [Node] Finished "_PlotMosaicMean0", elapsed time 1.382379s.[0m
2026-03-27 02:52:28 |[34;20m INFO     [0m|[34;20m nipype.workflow  [0m|[34;20m [Node] Finished "_PlotMosaicNoise0", elapsed time 1.40533s.[0m
2026-03-27 02:52:28 |[34;20m INFO     [0m|[34;20m nipype.workflow  [0m|[34;20m [Node] Setting-up "_ds_report_mean0" in "/local/nvme/ds004996_24.784026/ds/tmp/mriqc_wf/funcMRIQC/func_report_wf/06099dfec87fc8b7b3aba66de49f38c542f04b59/ds_report_mean/mapflow/_ds_report_mean0".[0m
2026-03-27 02:52:28 |[34;20m INFO     [0m|[34;20m nipype.workflow  [0m|[34;20m [Node] Executing "_ds_report_mean0" <mriqc.interfaces.DerivativesDataSink>[0m
2026-03-27 02:52:28 |[34;20m INFO     [0m|[34;20m nipype.workflow  [0m|[34;20m [Node] Finished "_ds_report_mean0", elapsed time 0.005679s.[0m
2026-03-27 02:52:28 |[34;20m INFO     [0m|[34;20m nipype.workflow  [0m|[34;20m [Node] Setting-up "_ds_report_background0" in "/local/nvme/ds004996_24.784026/ds/tmp/mriqc_wf/funcMRIQC/func_report_wf/06099dfec87fc8b7b3aba66de49f38c542f04b59/ds_report_background/mapflow/_ds_report_background0".[0m
2026-03-27 02:52:28 |[34;20m INFO     [0m|[34;20m nipype.workflow  [0m|[34;20m [Node] Executing "_ds_report_background0" <mriqc.interfaces.DerivativesDataSink>[0m
2026-03-27 02:52:28 |[34;20m INFO     [0m|[34;20m nipype.workflow  [0m|[34;20m [Node] Finished "_ds_report_background0", elapsed time 0.005018s.[0m
2026-03-27 02:52:31 |[34;20m INFO     [0m|[34;20m nipype.workflow  [0m|[34;20m [Node] Finished "SharpenEPI", elapsed time 4.163836s.[0m
2026-03-27 02:52:33 |[34;20m INFO     [0m|[34;20m nipype.workflow  [0m|[34;20m [Node] Finished "_quality0", elapsed time 10.561007s.[0m
2026-03-27 02:52:34 |[34;20m INFO     [0m|[34;20m nipype.workflow  [0m|[34;20m [Node] Setting-up "_apply_hmc0" in "/local/nvme/ds004996_24.784026/ds/tmp/mriqc_wf/funcMRIQC/fMRI_HMC/58dc51edaebae506410bcf810dd53e006fbe8d55/apply_hmc/mapflow/_apply_hmc0".[0m
2026-03-27 02:52:34 |[34;20m INFO     [0m|[34;20m nipype.workflow  [0m|[34;20m [Node] Executing "_apply_hmc0" <nipype.interfaces.utility.wrappers.Function>[0m
2026-03-27 02:52:53 |[34;20m INFO     [0m|[34;20m nipype.workflow  [0m|[34;20m [Node] Finished "_apply_hmc0", elapsed time 18.2442s.[0m
2026-03-27 02:52:54 |[34;20m INFO     [0m|[34;20m nipype.workflow  [0m|[34;20m [Node] Setting-up "_apply_hmc0" in "/local/nvme/ds004996_24.784026/ds/tmp/mriqc_wf/funcMRIQC/fMRI_HMC/bfe13db3f94eb430cb575bf4cd43e9c2afa86523/apply_hmc/mapflow/_apply_hmc0".[0m
2026-03-27 02:52:54 |[34;20m INFO     [0m|[34;20m nipype.workflow  [0m|[34;20m [Node] Executing "_apply_hmc0" <nipype.interfaces.utility.wrappers.Function>[0m
2026-03-27 02:53:13 |[34;20m INFO     [0m|[34;20m nipype.workflow  [0m|[34;20m [Node] Finished "_apply_hmc0", elapsed time 18.18133s.[0m
2026-03-27 02:53:14 |[34;20m INFO     [0m|[34;20m nipype.workflow  [0m|[34;20m [Node] Setting-up "_mean0" in "/local/nvme/ds004996_24.784026/ds/tmp/mriqc_wf/funcMRIQC/58dc51edaebae506410bcf810dd53e006fbe8d55/mean/mapflow/_mean0".[0m
2026-03-27 02:53:14 |[34;20m INFO     [0m|[34;20m nipype.workflow  [0m|[34;20m [Node] Setting-up "_quality0" in "/local/nvme/ds004996_24.784026/ds/tmp/mriqc_wf/funcMRIQC/ComputeIQMs/58dc51edaebae506410bcf810dd53e006fbe8d55/quality/mapflow/_quality0".[0m
2026-03-27 02:53:14 |[34;20m INFO     [0m|[34;20m nipype.workflow  [0m|[34;20m [Node] Executing "_mean0" <nipype.interfaces.afni.utils.TStat>[0m
2026-03-27 02:53:14 |[34;20m INFO     [0m|[34;20m nipype.workflow  [0m|[34;20m [Node] Executing "_quality0" <nipype.interfaces.afni.preprocess.QualityIndex>[0m
2026-03-27 02:53:14 |[34;20m INFO     [0m|[34;20m nipype.workflow  [0m|[34;20m [Node] Setting-up "_mean0" in "/local/nvme/ds004996_24.784026/ds/tmp/mriqc_wf/funcMRIQC/bfe13db3f94eb430cb575bf4cd43e9c2afa86523/mean/mapflow/_mean0".[0m
2026-03-27 02:53:14 |[34;20m INFO     [0m|[34;20m nipype.workflow  [0m|[34;20m [Node] Executing "_mean0" <nipype.interfaces.afni.utils.TStat>[0m
2026-03-27 02:53:14 |[34;20m INFO     [0m|[34;20m nipype.workflow  [0m|[34;20m [Node] Setting-up "_quality0" in "/local/nvme/ds004996_24.784026/ds/tmp/mriqc_wf/funcMRIQC/ComputeIQMs/bfe13db3f94eb430cb575bf4cd43e9c2afa86523/quality/mapflow/_quality0".[0m
2026-03-27 02:53:14 |[34;20m INFO     [0m|[34;20m nipype.workflow  [0m|[34;20m [Node] Setting-up "_compute_tsnr0" in "/local/nvme/ds004996_24.784026/ds/tmp/mriqc_wf/funcMRIQC/bfe13db3f94eb430cb575bf4cd43e9c2afa86523/compute_tsnr/mapflow/_compute_tsnr0".[0m
2026-03-27 02:53:14 |[34;20m INFO     [0m|[34;20m nipype.workflow  [0m|[34;20m [Node] Executing "_quality0" <nipype.interfaces.afni.preprocess.QualityIndex>[0m
2026-03-27 02:53:14 |[34;20m INFO     [0m|[34;20m nipype.workflow  [0m|[34;20m [Node] Executing "_compute_tsnr0" <nipype.algorithms.confounds.TSNR>[0m
2026-03-27 02:53:14 |[34;20m INFO     [0m|[34;20m nipype.workflow  [0m|[34;20m [Node] Setting-up "_compute_tsnr0" in "/local/nvme/ds004996_24.784026/ds/tmp/mriqc_wf/funcMRIQC/58dc51edaebae506410bcf810dd53e006fbe8d55/compute_tsnr/mapflow/_compute_tsnr0".[0m
2026-03-27 02:53:14 |[34;20m INFO     [0m|[34;20m nipype.workflow  [0m|[34;20m [Node] Executing "_compute_tsnr0" <nipype.algorithms.confounds.TSNR>[0m
2026-03-27 02:53:16 |[34;20m INFO     [0m|[34;20m nipype.workflow  [0m|[34;20m [Node] Finished "_compute_tsnr0", elapsed time 1.396444s.[0m
2026-03-27 02:53:16 |[34;20m INFO     [0m|[34;20m nipype.workflow  [0m|[34;20m [Node] Finished "_compute_tsnr0", elapsed time 1.531329s.[0m
2026-03-27 02:53:16 |[34;20m INFO     [0m|[34;20m nipype.workflow  [0m|[34;20m [Node] Setting-up "_PlotMosaicSD0" in "/local/nvme/ds004996_24.784026/ds/tmp/mriqc_wf/funcMRIQC/func_report_wf/58dc51edaebae506410bcf810dd53e006fbe8d55/PlotMosaicSD/mapflow/_PlotMosaicSD0".[0m
2026-03-27 02:53:16 |[34;20m INFO     [0m|[34;20m nipype.workflow  [0m|[34;20m [Node] Setting-up "_PlotMosaicSD0" in "/local/nvme/ds004996_24.784026/ds/tmp/mriqc_wf/funcMRIQC/func_report_wf/bfe13db3f94eb430cb575bf4cd43e9c2afa86523/PlotMosaicSD/mapflow/_PlotMosaicSD0".[0m
2026-03-27 02:53:16 |[34;20m INFO     [0m|[34;20m nipype.workflow  [0m|[34;20m [Node] Executing "_PlotMosaicSD0" <nireports.interfaces.mosaic.PlotMosaic>[0m
2026-03-27 02:53:16 |[34;20m INFO     [0m|[34;20m nipype.workflow  [0m|[34;20m [Node] Executing "_PlotMosaicSD0" <nireports.interfaces.mosaic.PlotMosaic>[0m
2026-03-27 02:53:17 |[34;20m INFO     [0m|[34;20m nipype.workflow  [0m|[34;20m [Node] Finished "_mean0", elapsed time 3.044458s.[0m
2026-03-27 02:53:17 |[34;20m INFO     [0m|[34;20m nipype.workflow  [0m|[34;20m [Node] Finished "_mean0", elapsed time 3.083391s.[0m
2026-03-27 02:53:18 |[34;20m INFO     [0m|[34;20m nipype.workflow  [0m|[34;20m [Node] Finished "_PlotMosaicSD0", elapsed time 1.458788s.[0m
2026-03-27 02:53:18 |[34;20m INFO     [0m|[34;20m nipype.workflow  [0m|[34;20m [Node] Finished "_PlotMosaicSD0", elapsed time 1.483859s.[0m
2026-03-27 02:53:18 |[34;20m INFO     [0m|[34;20m nipype.workflow  [0m|[34;20m [Node] Setting-up "mriqc_wf.funcMRIQC.synthstrip_wf.pre_clip" in "/local/nvme/ds004996_24.784026/ds/tmp/mriqc_wf/funcMRIQC/synthstrip_wf/58dc51edaebae506410bcf810dd53e006fbe8d55/pre_clip".[0m
2026-03-27 02:53:18 |[34;20m INFO     [0m|[34;20m nipype.workflow  [0m|[34;20m [Node] Setting-up "mriqc_wf.funcMRIQC.SpatialNormalization.SharpenEPI" in "/local/nvme/ds004996_24.784026/ds/tmp/mriqc_wf/funcMRIQC/SpatialNormalization/58dc51edaebae506410bcf810dd53e006fbe8d55/SharpenEPI".[0m
2026-03-27 02:53:18 |[34;20m INFO     [0m|[34;20m nipype.workflow  [0m|[34;20m [Node] Executing "pre_clip" <niworkflows.interfaces.nibabel.IntensityClip>[0m
2026-03-27 02:53:18 |[34;20m INFO     [0m|[34;20m nipype.workflow  [0m|[34;20m [Node] Executing "SharpenEPI" <nipype.interfaces.ants.segmentation.N4BiasFieldCorrection>[0m
2026-03-27 02:53:18 |[34;20m INFO     [0m|[34;20m nipype.workflow  [0m|[34;20m [Node] Setting-up "mriqc_wf.funcMRIQC.synthstrip_wf.pre_clip" in "/local/nvme/ds004996_24.784026/ds/tmp/mriqc_wf/funcMRIQC/synthstrip_wf/bfe13db3f94eb430cb575bf4cd43e9c2afa86523/pre_clip".[0m
2026-03-27 02:53:18 |[34;20m INFO     [0m|[34;20m nipype.workflow  [0m|[34;20m [Node] Setting-up "mriqc_wf.funcMRIQC.SpatialNormalization.SharpenEPI" in "/local/nvme/ds004996_24.784026/ds/tmp/mriqc_wf/funcMRIQC/SpatialNormalization/bfe13db3f94eb430cb575bf4cd43e9c2afa86523/SharpenEPI".[0m
2026-03-27 02:53:18 |[34;20m INFO     [0m|[34;20m nipype.workflow  [0m|[34;20m [Node] Setting-up "_PlotMosaicMean0" in "/local/nvme/ds004996_24.784026/ds/tmp/mriqc_wf/funcMRIQC/func_report_wf/58dc51edaebae506410bcf810dd53e006fbe8d55/PlotMosaicMean/mapflow/_PlotMosaicMean0".[0m
2026-03-27 02:53:18 |[34;20m INFO     [0m|[34;20m nipype.workflow  [0m|[34;20m [Node] Executing "pre_clip" <niworkflows.interfaces.nibabel.IntensityClip>[0m
2026-03-27 02:53:18 |[34;20m INFO     [0m|[34;20m nipype.workflow  [0m|[34;20m [Node] Executing "SharpenEPI" <nipype.interfaces.ants.segmentation.N4BiasFieldCorrection>[0m
2026-03-27 02:53:18 |[34;20m INFO     [0m|[34;20m nipype.workflow  [0m|[34;20m [Node] Executing "_PlotMosaicMean0" <nireports.interfaces.mosaic.PlotMosaic>[0m
2026-03-27 02:53:18 |[34;20m INFO     [0m|[34;20m nipype.workflow  [0m|[34;20m [Node] Setting-up "_PlotMosaicNoise0" in "/local/nvme/ds004996_24.784026/ds/tmp/mriqc_wf/funcMRIQC/func_report_wf/58dc51edaebae506410bcf810dd53e006fbe8d55/PlotMosaicNoise/mapflow/_PlotMosaicNoise0".[0m
2026-03-27 02:53:18 |[34;20m INFO     [0m|[34;20m nipype.workflow  [0m|[34;20m [Node] Executing "_PlotMosaicNoise0" <nireports.interfaces.mosaic.PlotMosaic>[0m
2026-03-27 02:53:19 |[34;20m INFO     [0m|[34;20m nipype.workflow  [0m|[34;20m [Node] Finished "pre_clip", elapsed time 0.739391s.[0m
2026-03-27 02:53:19 |[34;20m INFO     [0m|[34;20m nipype.workflow  [0m|[34;20m [Node] Finished "pre_clip", elapsed time 0.742952s.[0m
2026-03-27 02:53:20 |[34;20m INFO     [0m|[34;20m nipype.workflow  [0m|[34;20m [Node] Finished "_PlotMosaicNoise0", elapsed time 1.284623s.[0m
2026-03-27 02:53:20 |[34;20m INFO     [0m|[34;20m nipype.workflow  [0m|[34;20m [Node] Finished "_PlotMosaicMean0", elapsed time 1.291305s.[0m
2026-03-27 02:53:20 |[34;20m INFO     [0m|[34;20m nipype.workflow  [0m|[34;20m [Node] Setting-up "_PlotMosaicMean0" in "/local/nvme/ds004996_24.784026/ds/tmp/mriqc_wf/funcMRIQC/func_report_wf/bfe13db3f94eb430cb575bf4cd43e9c2afa86523/PlotMosaicMean/mapflow/_PlotMosaicMean0".[0m
2026-03-27 02:53:20 |[34;20m INFO     [0m|[34;20m nipype.workflow  [0m|[34;20m [Node] Setting-up "_PlotMosaicNoise0" in "/local/nvme/ds004996_24.784026/ds/tmp/mriqc_wf/funcMRIQC/func_report_wf/bfe13db3f94eb430cb575bf4cd43e9c2afa86523/PlotMosaicNoise/mapflow/_PlotMosaicNoise0".[0m
2026-03-27 02:53:20 |[34;20m INFO     [0m|[34;20m nipype.workflow  [0m|[34;20m [Node] Executing "_PlotMosaicMean0" <nireports.interfaces.mosaic.PlotMosaic>[0m
2026-03-27 02:53:20 |[34;20m INFO     [0m|[34;20m nipype.workflow  [0m|[34;20m [Node] Executing "_PlotMosaicNoise0" <nireports.interfaces.mosaic.PlotMosaic>[0m
2026-03-27 02:53:20 |[34;20m INFO     [0m|[34;20m nipype.workflow  [0m|[34;20m [Node] Setting-up "_ds_report_mean0" in "/local/nvme/ds004996_24.784026/ds/tmp/mriqc_wf/funcMRIQC/func_report_wf/58dc51edaebae506410bcf810dd53e006fbe8d55/ds_report_mean/mapflow/_ds_report_mean0".[0m
2026-03-27 02:53:20 |[34;20m INFO     [0m|[34;20m nipype.workflow  [0m|[34;20m [Node] Executing "_ds_report_mean0" <mriqc.interfaces.DerivativesDataSink>[0m
2026-03-27 02:53:20 |[34;20m INFO     [0m|[34;20m nipype.workflow  [0m|[34;20m [Node] Finished "_ds_report_mean0", elapsed time 0.005158s.[0m
2026-03-27 02:53:20 |[34;20m INFO     [0m|[34;20m nipype.workflow  [0m|[34;20m [Node] Setting-up "_ds_report_background0" in "/local/nvme/ds004996_24.784026/ds/tmp/mriqc_wf/funcMRIQC/func_report_wf/58dc51edaebae506410bcf810dd53e006fbe8d55/ds_report_background/mapflow/_ds_report_background0".[0m
2026-03-27 02:53:20 |[34;20m INFO     [0m|[34;20m nipype.workflow  [0m|[34;20m [Node] Executing "_ds_report_background0" <mriqc.interfaces.DerivativesDataSink>[0m
2026-03-27 02:53:20 |[34;20m INFO     [0m|[34;20m nipype.workflow  [0m|[34;20m [Node] Finished "_ds_report_background0", elapsed time 0.004983s.[0m
2026-03-27 02:53:21 |[34;20m INFO     [0m|[34;20m nipype.workflow  [0m|[34;20m [Node] Setting-up "_ds_report_stdev0" in "/local/nvme/ds004996_24.784026/ds/tmp/mriqc_wf/funcMRIQC/func_report_wf/58dc51edaebae506410bcf810dd53e006fbe8d55/ds_report_stdev/mapflow/_ds_report_stdev0".[0m
2026-03-27 02:53:21 |[34;20m INFO     [0m|[34;20m nipype.workflow  [0m|[34;20m [Node] Executing "_ds_report_stdev0" <mriqc.interfaces.DerivativesDataSink>[0m
2026-03-27 02:53:21 |[34;20m INFO     [0m|[34;20m nipype.workflow  [0m|[34;20m [Node] Finished "_ds_report_stdev0", elapsed time 0.005174s.[0m
2026-03-27 02:53:21 |[34;20m INFO     [0m|[34;20m nipype.workflow  [0m|[34;20m [Node] Setting-up "_ds_report_stdev0" in "/local/nvme/ds004996_24.784026/ds/tmp/mriqc_wf/funcMRIQC/func_report_wf/bfe13db3f94eb430cb575bf4cd43e9c2afa86523/ds_report_stdev/mapflow/_ds_report_stdev0".[0m
2026-03-27 02:53:21 |[34;20m INFO     [0m|[34;20m nipype.workflow  [0m|[34;20m [Node] Executing "_ds_report_stdev0" <mriqc.interfaces.DerivativesDataSink>[0m
2026-03-27 02:53:21 |[34;20m INFO     [0m|[34;20m nipype.workflow  [0m|[34;20m [Node] Finished "_ds_report_stdev0", elapsed time 0.005101s.[0m
2026-03-27 02:53:22 |[34;20m INFO     [0m|[34;20m nipype.workflow  [0m|[34;20m [Node] Finished "_PlotMosaicMean0", elapsed time 1.421769s.[0m
2026-03-27 02:53:22 |[34;20m INFO     [0m|[34;20m nipype.workflow  [0m|[34;20m [Node] Finished "_PlotMosaicNoise0", elapsed time 1.559868s.[0m
2026-03-27 02:53:22 |[34;20m INFO     [0m|[34;20m nipype.workflow  [0m|[34;20m [Node] Setting-up "_ds_report_mean0" in "/local/nvme/ds004996_24.784026/ds/tmp/mriqc_wf/funcMRIQC/func_report_wf/bfe13db3f94eb430cb575bf4cd43e9c2afa86523/ds_report_mean/mapflow/_ds_report_mean0".[0m
2026-03-27 02:53:22 |[34;20m INFO     [0m|[34;20m nipype.workflow  [0m|[34;20m [Node] Executing "_ds_report_mean0" <mriqc.interfaces.DerivativesDataSink>[0m
2026-03-27 02:53:22 |[34;20m INFO     [0m|[34;20m nipype.workflow  [0m|[34;20m [Node] Finished "_ds_report_mean0", elapsed time 0.005098s.[0m
2026-03-27 02:53:22 |[34;20m INFO     [0m|[34;20m nipype.workflow  [0m|[34;20m [Node] Setting-up "_ds_report_background0" in "/local/nvme/ds004996_24.784026/ds/tmp/mriqc_wf/funcMRIQC/func_report_wf/bfe13db3f94eb430cb575bf4cd43e9c2afa86523/ds_report_background/mapflow/_ds_report_background0".[0m
2026-03-27 02:53:22 |[34;20m INFO     [0m|[34;20m nipype.workflow  [0m|[34;20m [Node] Executing "_ds_report_background0" <mriqc.interfaces.DerivativesDataSink>[0m
2026-03-27 02:53:22 |[34;20m INFO     [0m|[34;20m nipype.workflow  [0m|[34;20m [Node] Finished "_ds_report_background0", elapsed time 0.004894s.[0m
2026-03-27 02:53:23 |[34;20m INFO     [0m|[34;20m nipype.workflow  [0m|[34;20m [Node] Finished "SharpenEPI", elapsed time 4.126511s.[0m
2026-03-27 02:53:23 |[34;20m INFO     [0m|[34;20m nipype.workflow  [0m|[34;20m [Node] Finished "SharpenEPI", elapsed time 4.208902s.[0m
2026-03-27 02:53:25 |[34;20m INFO     [0m|[34;20m nipype.workflow  [0m|[34;20m [Node] Finished "_quality0", elapsed time 10.564959s.[0m
2026-03-27 02:53:25 |[34;20m INFO     [0m|[34;20m nipype.workflow  [0m|[34;20m [Node] Finished "_quality0", elapsed time 10.664415s.[0m
2026-03-27 02:53:26 |[34;20m INFO     [0m|[34;20m nipype.workflow  [0m|[34;20m [Node] Setting-up "mriqc_wf.funcMRIQC.synthstrip_wf.pre_n4" in "/local/nvme/ds004996_24.784026/ds/tmp/mriqc_wf/funcMRIQC/synthstrip_wf/06099dfec87fc8b7b3aba66de49f38c542f04b59/pre_n4".[0m
2026-03-27 02:53:26 |[34;20m INFO     [0m|[34;20m nipype.workflow  [0m|[34;20m [Node] Executing "pre_n4" <nipype.interfaces.ants.segmentation.N4BiasFieldCorrection>[0m
2026-03-27 02:53:28 |[34;20m INFO     [0m|[34;20m nipype.workflow  [0m|[34;20m [Node] Finished "pre_n4", elapsed time 1.125471s.[0m
2026-03-27 02:53:28 |[34;20m INFO     [0m|[34;20m nipype.workflow  [0m|[34;20m [Node] Setting-up "mriqc_wf.funcMRIQC.synthstrip_wf.pre_n4" in "/local/nvme/ds004996_24.784026/ds/tmp/mriqc_wf/funcMRIQC/synthstrip_wf/58dc51edaebae506410bcf810dd53e006fbe8d55/pre_n4".[0m
2026-03-27 02:53:28 |[34;20m INFO     [0m|[34;20m nipype.workflow  [0m|[34;20m [Node] Executing "pre_n4" <nipype.interfaces.ants.segmentation.N4BiasFieldCorrection>[0m
2026-03-27 02:53:30 |[34;20m INFO     [0m|[34;20m nipype.workflow  [0m|[34;20m [Node] Finished "pre_n4", elapsed time 1.066579s.[0m
2026-03-27 02:53:30 |[34;20m INFO     [0m|[34;20m nipype.workflow  [0m|[34;20m [Node] Setting-up "mriqc_wf.funcMRIQC.synthstrip_wf.pre_n4" in "/local/nvme/ds004996_24.784026/ds/tmp/mriqc_wf/funcMRIQC/synthstrip_wf/bfe13db3f94eb430cb575bf4cd43e9c2afa86523/pre_n4".[0m
2026-03-27 02:53:30 |[34;20m INFO     [0m|[34;20m nipype.workflow  [0m|[34;20m [Node] Executing "pre_n4" <nipype.interfaces.ants.segmentation.N4BiasFieldCorrection>[0m
2026-03-27 02:53:32 |[34;20m INFO     [0m|[34;20m nipype.workflow  [0m|[34;20m [Node] Finished "pre_n4", elapsed time 1.2597990000000001s.[0m
2026-03-27 02:53:32 |[34;20m INFO     [0m|[34;20m nipype.workflow  [0m|[34;20m [Node] Setting-up "mriqc_wf.funcMRIQC.synthstrip_wf.synthstrip" in "/local/nvme/ds004996_24.784026/ds/tmp/mriqc_wf/funcMRIQC/synthstrip_wf/06099dfec87fc8b7b3aba66de49f38c542f04b59/synthstrip".[0m
2026-03-27 02:53:32 |[34;20m INFO     [0m|[34;20m nipype.workflow  [0m|[34;20m [Node] Executing "synthstrip" <mriqc.interfaces.synthstrip.SynthStrip>[0m
2026-03-27 02:53:48 |[34;20m INFO     [0m|[34;20m nipype.workflow  [0m|[34;20m [Node] Finished "synthstrip", elapsed time 15.863138s.[0m
2026-03-27 02:53:48 |[34;20m INFO     [0m|[34;20m nipype.workflow  [0m|[34;20m [Node] Setting-up "mriqc_wf.funcMRIQC.synthstrip_wf.synthstrip" in "/local/nvme/ds004996_24.784026/ds/tmp/mriqc_wf/funcMRIQC/synthstrip_wf/58dc51edaebae506410bcf810dd53e006fbe8d55/synthstrip".[0m
2026-03-27 02:53:48 |[34;20m INFO     [0m|[34;20m nipype.workflow  [0m|[34;20m [Node] Executing "synthstrip" <mriqc.interfaces.synthstrip.SynthStrip>[0m
2026-03-27 02:54:02 |[34;20m INFO     [0m|[34;20m nipype.workflow  [0m|[34;20m [Node] Finished "synthstrip", elapsed time 13.375885s.[0m
2026-03-27 02:54:02 |[34;20m INFO     [0m|[34;20m nipype.workflow  [0m|[34;20m [Node] Setting-up "mriqc_wf.funcMRIQC.synthstrip_wf.synthstrip" in "/local/nvme/ds004996_24.784026/ds/tmp/mriqc_wf/funcMRIQC/synthstrip_wf/bfe13db3f94eb430cb575bf4cd43e9c2afa86523/synthstrip".[0m
2026-03-27 02:54:02 |[34;20m INFO     [0m|[34;20m nipype.workflow  [0m|[34;20m [Node] Executing "synthstrip" <mriqc.interfaces.synthstrip.SynthStrip>[0m
2026-03-27 02:54:16 |[34;20m INFO     [0m|[34;20m nipype.workflow  [0m|[34;20m [Node] Finished "synthstrip", elapsed time 13.997108s.[0m
2026-03-27 02:54:18 |[34;20m INFO     [0m|[34;20m nipype.workflow  [0m|[34;20m [Node] Setting-up "mriqc_wf.funcMRIQC.synthstrip_wf.post_n4" in "/local/nvme/ds004996_24.784026/ds/tmp/mriqc_wf/funcMRIQC/synthstrip_wf/06099dfec87fc8b7b3aba66de49f38c542f04b59/post_n4".[0m
2026-03-27 02:54:18 |[34;20m INFO     [0m|[34;20m nipype.workflow  [0m|[34;20m [Node] Executing "post_n4" <nipype.interfaces.ants.segmentation.N4BiasFieldCorrection>[0m
2026-03-27 02:54:19 |[34;20m INFO     [0m|[34;20m nipype.workflow  [0m|[34;20m [Node] Finished "post_n4", elapsed time 0.899635s.[0m
2026-03-27 02:54:20 |[34;20m INFO     [0m|[34;20m nipype.workflow  [0m|[34;20m [Node] Setting-up "mriqc_wf.funcMRIQC.SpatialNormalization.EPI2MNI" in "/local/nvme/ds004996_24.784026/ds/tmp/mriqc_wf/funcMRIQC/SpatialNormalization/06099dfec87fc8b7b3aba66de49f38c542f04b59/EPI2MNI".[0m
2026-03-27 02:54:20 |[34;20m INFO     [0m|[34;20m nipype.workflow  [0m|[34;20m [Node] Executing "EPI2MNI" <niworkflows.interfaces.reportlets.registration.SpatialNormalizationRPT>[0m
2026-03-27 02:54:20 |[34;20m INFO     [0m|[34;20m niworkflows      [0m|[34;20m Estimating initial transform using AffineInitializer[0m
2026-03-27 02:54:25 |[34;20m INFO     [0m|[34;20m niworkflows      [0m|[34;20m Loading settings from file /opt/conda/lib/python3.11/site-packages/niworkflows/data/boldref-mni_registration_precise_000.json.[0m
2026-03-27 02:54:25 |[34;20m INFO     [0m|[34;20m niworkflows      [0m|[34;20m Retry #1, commandline: 
antsRegistration --collapse-output-transforms 1 --dimensionality 3 --float 0 --initial-moving-transform [ /local/nvme/ds004996_24.784026/ds/tmp/mriqc_wf/funcMRIQC/SpatialNormalization/06099dfec87fc8b7b3aba66de49f38c542f04b59/EPI2MNI/transform.mat, 0 ] --initialize-transforms-per-stage 0 --interpolation LanczosWindowedSinc --output [ epi_to_mni, epi_to_mni_Warped.nii.gz ] --transform Rigid[ 0.05 ] --metric Mattes[ /templateflow/tpl-MNI152NLin2009cAsym/tpl-MNI152NLin2009cAsym_res-02_desc-fMRIPrep_boldref.nii.gz, /local/nvme/ds004996_24.784026/ds/tmp/mriqc_wf/funcMRIQC/SpatialNormalization/06099dfec87fc8b7b3aba66de49f38c542f04b59/SharpenEPI/sub-24_task-conversation_run-01_bold_desc-realigned_valid_tstat_corrected.nii.gz, 1, 56, Regular, 0.25 ] --convergence [ 10000x1000x100, 1e-06, 20 ] --smoothing-sigmas 4.0x2.0x1.0vox --shrink-factors 4x2x1 --use-histogram-matching 1 --masks [ /templateflow/tpl-MNI152NLin2009cAsym/tpl-MNI152NLin2009cAsym_res-02_desc-brain_mask.nii.gz, /local/nvme/ds004996_24.784026/ds/tmp/mriqc_wf/funcMRIQC/synthstrip_wf/06099dfec87fc8b7b3aba66de49f38c542f04b59/synthstrip/clipped_corrected_desc-brain_mask.nii.gz ] --transform Affine[ 0.08 ] --metric Mattes[ /templateflow/tpl-MNI152NLin2009cAsym/tpl-MNI152NLin2009cAsym_res-02_desc-fMRIPrep_boldref.nii.gz, /local/nvme/ds004996_24.784026/ds/tmp/mriqc_wf/funcMRIQC/SpatialNormalization/06099dfec87fc8b7b3aba66de49f38c542f04b59/SharpenEPI/sub-24_task-conversation_run-01_bold_desc-realigned_valid_tstat_corrected.nii.gz, 1, 56, Regular, 0.25 ] --convergence [ 500x250x100, 1e-06, 20 ] --smoothing-sigmas 4.0x2.0x1.0vox --shrink-factors 8x4x2 --use-histogram-matching 1 --masks [ /templateflow/tpl-MNI152NLin2009cAsym/tpl-MNI152NLin2009cAsym_res-02_desc-brain_mask.nii.gz, /local/nvme/ds004996_24.784026/ds/tmp/mriqc_wf/funcMRIQC/synthstrip_wf/06099dfec87fc8b7b3aba66de49f38c542f04b59/synthstrip/clipped_corrected_desc-brain_mask.nii.gz ] --transform SyN[ 0.1, 3.0, 0.0 ] --metric CC[ /templateflow/tpl-MNI152NLin2009cAsym/tpl-MNI152NLin2009cAsym_res-02_desc-fMRIPrep_boldref.nii.gz, /local/nvme/ds004996_24.784026/ds/tmp/mriqc_wf/funcMRIQC/SpatialNormalization/06099dfec87fc8b7b3aba66de49f38c542f04b59/SharpenEPI/sub-24_task-conversation_run-01_bold_desc-realigned_valid_tstat_corrected.nii.gz, 1, 4, None, 1 ] --convergence [ 100x30x20, 1e-06, 10 ] --smoothing-sigmas 3.0x2.0x1.0vox --shrink-factors 8x4x2 --use-histogram-matching 1 --masks [ /templateflow/tpl-MNI152NLin2009cAsym/tpl-MNI152NLin2009cAsym_res-02_desc-brain_mask.nii.gz, /local/nvme/ds004996_24.784026/ds/tmp/mriqc_wf/funcMRIQC/synthstrip_wf/06099dfec87fc8b7b3aba66de49f38c542f04b59/synthstrip/clipped_corrected_desc-brain_mask.nii.gz ] --winsorize-image-intensities [ 0.005, 0.995 ]  --write-composite-transform 1[0m
2026-03-27 02:54:37 |[34;20m INFO     [0m|[34;20m niworkflows      [0m|[34;20m Successful spatial normalization (retry #1).[0m
2026-03-27 02:54:37 |[34;20m INFO     [0m|[34;20m niworkflows      [0m|[34;20m Report - setting fixed (/templateflow/tpl-MNI152NLin2009cAsym/tpl-MNI152NLin2009cAsym_res-02_desc-fMRIPrep_boldref.nii.gz) and moving (/local/nvme/ds004996_24.784026/ds/tmp/mriqc_wf/funcMRIQC/SpatialNormalization/06099dfec87fc8b7b3aba66de49f38c542f04b59/EPI2MNI/epi_to_mni_Warped.nii.gz) images[0m
2026-03-27 02:54:37 |[34;20m INFO     [0m|[34;20m niworkflows      [0m|[34;20m Generating visual report[0m
2026-03-27 02:54:53 |[34;20m INFO     [0m|[34;20m nipype.workflow  [0m|[34;20m [Node] Finished "EPI2MNI", elapsed time 32.255306s.[0m
2026-03-27 02:54:54 |[34;20m INFO     [0m|[34;20m nipype.workflow  [0m|[34;20m [Node] Setting-up "_ComputeDVARS0" in "/local/nvme/ds004996_24.784026/ds/tmp/mriqc_wf/funcMRIQC/ComputeIQMs/06099dfec87fc8b7b3aba66de49f38c542f04b59/ComputeDVARS/mapflow/_ComputeDVARS0".[0m
2026-03-27 02:54:54 |[34;20m INFO     [0m|[34;20m nipype.workflow  [0m|[34;20m [Node] Setting-up "mriqc_wf.funcMRIQC.func_report_wf.dilated_mask" in "/local/nvme/ds004996_24.784026/ds/tmp/mriqc_wf/funcMRIQC/func_report_wf/06099dfec87fc8b7b3aba66de49f38c542f04b59/dilated_mask".[0m
2026-03-27 02:54:54 |[34;20m INFO     [0m|[34;20m nipype.workflow  [0m|[34;20m [Node] Executing "_ComputeDVARS0" <nipype.algorithms.confounds.ComputeDVARS>[0m
2026-03-27 02:54:54 |[34;20m INFO     [0m|[34;20m nipype.workflow  [0m|[34;20m [Node] Setting-up "mriqc_wf.funcMRIQC.func_report_wf.PlotBrainmask" in "/local/nvme/ds004996_24.784026/ds/tmp/mriqc_wf/funcMRIQC/func_report_wf/06099dfec87fc8b7b3aba66de49f38c542f04b59/PlotBrainmask".[0m
2026-03-27 02:54:54 |[34;20m INFO     [0m|[34;20m nipype.workflow  [0m|[34;20m [Node] Setting-up "_smoothness0" in "/local/nvme/ds004996_24.784026/ds/tmp/mriqc_wf/funcMRIQC/ComputeIQMs/06099dfec87fc8b7b3aba66de49f38c542f04b59/smoothness/mapflow/_smoothness0".[0m
2026-03-27 02:54:54 |[34;20m INFO     [0m|[34;20m nipype.workflow  [0m|[34;20m [Node] Executing "dilated_mask" <niworkflows.interfaces.morphology.BinaryDilation>[0m
2026-03-27 02:54:54 |[34;20m INFO     [0m|[34;20m nipype.workflow  [0m|[34;20m [Node] Setting-up "_outliers0" in "/local/nvme/ds004996_24.784026/ds/tmp/mriqc_wf/funcMRIQC/ComputeIQMs/06099dfec87fc8b7b3aba66de49f38c542f04b59/outliers/mapflow/_outliers0".[0m
2026-03-27 02:54:54 |[34;20m INFO     [0m|[34;20m nipype.workflow  [0m|[34;20m [Node] Setting-up "_gcor0" in "/local/nvme/ds004996_24.784026/ds/tmp/mriqc_wf/funcMRIQC/ComputeIQMs/06099dfec87fc8b7b3aba66de49f38c542f04b59/gcor/mapflow/_gcor0".[0m
2026-03-27 02:54:54 |[34;20m INFO     [0m|[34;20m nipype.workflow  [0m|[34;20m [Node] Executing "_smoothness0" <nipype.interfaces.afni.utils.FWHMx>[0m
2026-03-27 02:54:54 |[34;20m INFO     [0m|[34;20m nipype.workflow  [0m|[34;20m [Node] Executing "_outliers0" <nipype.interfaces.afni.preprocess.OutlierCount>[0m
2026-03-27 02:54:54 |[34;20m INFO     [0m|[34;20m nipype.workflow  [0m|[34;20m [Node] Executing "PlotBrainmask" <nireports.interfaces.mosaic.PlotContours>[0m
2026-03-27 02:54:54 |[34;20m INFO     [0m|[34;20m nipype.workflow  [0m|[34;20m [Node] Executing "_gcor0" <mriqc.interfaces.transitional.GCOR>[0m
2026-03-27 02:54:54 |[34;20m INFO     [0m|[34;20m nipype.workflow  [0m|[34;20m [Node] Setting-up "_PlotMosaicZoomed0" in "/local/nvme/ds004996_24.784026/ds/tmp/mriqc_wf/funcMRIQC/func_report_wf/06099dfec87fc8b7b3aba66de49f38c542f04b59/PlotMosaicZoomed/mapflow/_PlotMosaicZoomed0".[0m
2026-03-27 02:54:54 |[34;20m INFO     [0m|[34;20m nipype.workflow  [0m|[34;20m [Node] Executing "_PlotMosaicZoomed0" <nireports.interfaces.mosaic.PlotMosaic>[0m
2026-03-27 02:54:54 |[34;20m INFO     [0m|[34;20m nipype.workflow  [0m|[34;20m [Node] Setting-up "_ComputeDVARS0" in "/local/nvme/ds004996_24.784026/ds/tmp/mriqc_wf/funcMRIQC/ComputeIQMs/58dc51edaebae506410bcf810dd53e006fbe8d55/ComputeDVARS/mapflow/_ComputeDVARS0".[0m
2026-03-27 02:54:54 |[34;20m INFO     [0m|[34;20m nipype.workflow  [0m|[34;20m [Node] Executing "_ComputeDVARS0" <nipype.algorithms.confounds.ComputeDVARS>[0m
2026-03-27 02:54:54 |[34;20m INFO     [0m|[34;20m nipype.workflow  [0m|[34;20m [Node] Finished "dilated_mask", elapsed time 0.020809s.[0m
2026-03-27 02:54:55 |[34;20m INFO     [0m|[34;20m nipype.workflow  [0m|[34;20m [Node] Finished "_smoothness0", elapsed time 0.527407s.[0m
2026-03-27 02:54:56 |[34;20m INFO     [0m|[34;20m nipype.workflow  [0m|[34;20m [Node] Finished "PlotBrainmask", elapsed time 1.2854860000000001s.[0m
2026-03-27 02:54:56 |[34;20m INFO     [0m|[34;20m nipype.workflow  [0m|[34;20m [Node] Finished "_PlotMosaicZoomed0", elapsed time 1.31833s.[0m
2026-03-27 02:54:56 |[34;20m INFO     [0m|[34;20m nipype.workflow  [0m|[34;20m [Node] Setting-up "_smoothness0" in "/local/nvme/ds004996_24.784026/ds/tmp/mriqc_wf/funcMRIQC/ComputeIQMs/58dc51edaebae506410bcf810dd53e006fbe8d55/smoothness/mapflow/_smoothness0".[0m
2026-03-27 02:54:56 |[34;20m INFO     [0m|[34;20m nipype.workflow  [0m|[34;20m [Node] Setting-up "_outliers0" in "/local/nvme/ds004996_24.784026/ds/tmp/mriqc_wf/funcMRIQC/ComputeIQMs/58dc51edaebae506410bcf810dd53e006fbe8d55/outliers/mapflow/_outliers0".[0m
2026-03-27 02:54:56 |[34;20m INFO     [0m|[34;20m nipype.workflow  [0m|[34;20m [Node] Setting-up "_gcor0" in "/local/nvme/ds004996_24.784026/ds/tmp/mriqc_wf/funcMRIQC/ComputeIQMs/58dc51edaebae506410bcf810dd53e006fbe8d55/gcor/mapflow/_gcor0".[0m
2026-03-27 02:54:56 |[34;20m INFO     [0m|[34;20m nipype.workflow  [0m|[34;20m [Node] Executing "_smoothness0" <nipype.interfaces.afni.utils.FWHMx>[0m
2026-03-27 02:54:56 |[34;20m INFO     [0m|[34;20m nipype.workflow  [0m|[34;20m [Node] Executing "_outliers0" <nipype.interfaces.afni.preprocess.OutlierCount>[0m
2026-03-27 02:54:56 |[34;20m INFO     [0m|[34;20m nipype.workflow  [0m|[34;20m [Node] Executing "_gcor0" <mriqc.interfaces.transitional.GCOR>[0m
2026-03-27 02:54:56 |[34;20m INFO     [0m|[34;20m nipype.workflow  [0m|[34;20m [Node] Setting-up "mriqc_wf.funcMRIQC.func_report_wf.dilated_mask" in "/local/nvme/ds004996_24.784026/ds/tmp/mriqc_wf/funcMRIQC/func_report_wf/58dc51edaebae506410bcf810dd53e006fbe8d55/dilated_mask".[0m
2026-03-27 02:54:56 |[34;20m INFO     [0m|[34;20m nipype.workflow  [0m|[34;20m [Node] Executing "dilated_mask" <niworkflows.interfaces.morphology.BinaryDilation>[0m
2026-03-27 02:54:56 |[34;20m INFO     [0m|[34;20m nipype.workflow  [0m|[34;20m [Node] Finished "dilated_mask", elapsed time 0.050287s.[0m
2026-03-27 02:54:57 |[34;20m INFO     [0m|[34;20m nipype.workflow  [0m|[34;20m [Node] Finished "_smoothness0", elapsed time 0.545678s.[0m
2026-03-27 02:54:58 |[34;20m INFO     [0m|[34;20m nipype.workflow  [0m|[34;20m [Node] Finished "_outliers0", elapsed time 3.938146s.[0m
2026-03-27 02:54:58 |[34;20m INFO     [0m|[34;20m nipype.workflow  [0m|[34;20m [Node] Setting-up "mriqc_wf.funcMRIQC.func_report_wf.PlotBrainmask" in "/local/nvme/ds004996_24.784026/ds/tmp/mriqc_wf/funcMRIQC/func_report_wf/58dc51edaebae506410bcf810dd53e006fbe8d55/PlotBrainmask".[0m
2026-03-27 02:54:58 |[34;20m INFO     [0m|[34;20m nipype.workflow  [0m|[34;20m [Node] Executing "PlotBrainmask" <nireports.interfaces.mosaic.PlotContours>[0m
2026-03-27 02:54:58 |[34;20m INFO     [0m|[34;20m nipype.workflow  [0m|[34;20m [Node] Setting-up "_PlotMosaicZoomed0" in "/local/nvme/ds004996_24.784026/ds/tmp/mriqc_wf/funcMRIQC/func_report_wf/58dc51edaebae506410bcf810dd53e006fbe8d55/PlotMosaicZoomed/mapflow/_PlotMosaicZoomed0".[0m
2026-03-27 02:54:58 |[34;20m INFO     [0m|[34;20m nipype.workflow  [0m|[34;20m [Node] Executing "_PlotMosaicZoomed0" <nireports.interfaces.mosaic.PlotMosaic>[0m
2026-03-27 02:55:00 |[34;20m INFO     [0m|[34;20m nipype.workflow  [0m|[34;20m [Node] Finished "PlotBrainmask", elapsed time 1.157436s.[0m
2026-03-27 02:55:00 |[34;20m INFO     [0m|[34;20m nipype.workflow  [0m|[34;20m [Node] Finished "_PlotMosaicZoomed0", elapsed time 1.555169s.[0m
2026-03-27 02:55:00 |[34;20m INFO     [0m|[34;20m nipype.workflow  [0m|[34;20m [Node] Setting-up "_ComputeDVARS0" in "/local/nvme/ds004996_24.784026/ds/tmp/mriqc_wf/funcMRIQC/ComputeIQMs/bfe13db3f94eb430cb575bf4cd43e9c2afa86523/ComputeDVARS/mapflow/_ComputeDVARS0".[0m
2026-03-27 02:55:00 |[34;20m INFO     [0m|[34;20m nipype.workflow  [0m|[34;20m [Node] Setting-up "_smoothness0" in "/local/nvme/ds004996_24.784026/ds/tmp/mriqc_wf/funcMRIQC/ComputeIQMs/bfe13db3f94eb430cb575bf4cd43e9c2afa86523/smoothness/mapflow/_smoothness0".[0m
2026-03-27 02:55:00 |[34;20m INFO     [0m|[34;20m nipype.workflow  [0m|[34;20m [Node] Executing "_ComputeDVARS0" <nipype.algorithms.confounds.ComputeDVARS>[0m
2026-03-27 02:55:00 |[34;20m INFO     [0m|[34;20m nipype.workflow  [0m|[34;20m [Node] Executing "_smoothness0" <nipype.interfaces.afni.utils.FWHMx>[0m
2026-03-27 02:55:00 |[34;20m INFO     [0m|[34;20m nipype.workflow  [0m|[34;20m [Node] Setting-up "_outliers0" in "/local/nvme/ds004996_24.784026/ds/tmp/mriqc_wf/funcMRIQC/ComputeIQMs/bfe13db3f94eb430cb575bf4cd43e9c2afa86523/outliers/mapflow/_outliers0".[0m
2026-03-27 02:55:00 |[34;20m INFO     [0m|[34;20m nipype.workflow  [0m|[34;20m [Node] Executing "_outliers0" <nipype.interfaces.afni.preprocess.OutlierCount>[0m
2026-03-27 02:55:00 |[34;20m INFO     [0m|[34;20m nipype.workflow  [0m|[34;20m [Node] Finished "_outliers0", elapsed time 4.108082s.[0m
2026-03-27 02:55:01 |[34;20m INFO     [0m|[34;20m nipype.workflow  [0m|[34;20m [Node] Finished "_smoothness0", elapsed time 0.589524s.[0m
2026-03-27 02:55:02 |[34;20m INFO     [0m|[34;20m nipype.workflow  [0m|[34;20m [Node] Finished "_gcor0", elapsed time 7.883735s.[0m
2026-03-27 02:55:02 |[34;20m INFO     [0m|[34;20m nipype.workflow  [0m|[34;20m [Node] Setting-up "_gcor0" in "/local/nvme/ds004996_24.784026/ds/tmp/mriqc_wf/funcMRIQC/ComputeIQMs/bfe13db3f94eb430cb575bf4cd43e9c2afa86523/gcor/mapflow/_gcor0".[0m
2026-03-27 02:55:02 |[34;20m INFO     [0m|[34;20m nipype.workflow  [0m|[34;20m [Node] Setting-up "mriqc_wf.funcMRIQC.func_report_wf.dilated_mask" in "/local/nvme/ds004996_24.784026/ds/tmp/mriqc_wf/funcMRIQC/func_report_wf/bfe13db3f94eb430cb575bf4cd43e9c2afa86523/dilated_mask".[0m
2026-03-27 02:55:02 |[34;20m INFO     [0m|[34;20m nipype.workflow  [0m|[34;20m [Node] Executing "_gcor0" <mriqc.interfaces.transitional.GCOR>[0m
2026-03-27 02:55:02 |[34;20m INFO     [0m|[34;20m nipype.workflow  [0m|[34;20m [Node] Executing "dilated_mask" <niworkflows.interfaces.morphology.BinaryDilation>[0m
2026-03-27 02:55:02 |[34;20m INFO     [0m|[34;20m nipype.workflow  [0m|[34;20m [Node] Setting-up "_PlotMosaicZoomed0" in "/local/nvme/ds004996_24.784026/ds/tmp/mriqc_wf/funcMRIQC/func_report_wf/bfe13db3f94eb430cb575bf4cd43e9c2afa86523/PlotMosaicZoomed/mapflow/_PlotMosaicZoomed0".[0m
2026-03-27 02:55:02 |[34;20m INFO     [0m|[34;20m nipype.workflow  [0m|[34;20m [Node] Executing "_PlotMosaicZoomed0" <nireports.interfaces.mosaic.PlotMosaic>[0m
2026-03-27 02:55:02 |[34;20m INFO     [0m|[34;20m nipype.workflow  [0m|[34;20m [Node] Finished "dilated_mask", elapsed time 0.021529s.[0m
2026-03-27 02:55:04 |[34;20m INFO     [0m|[34;20m nipype.workflow  [0m|[34;20m [Node] Finished "_PlotMosaicZoomed0", elapsed time 1.351195s.[0m
2026-03-27 02:55:04 |[34;20m INFO     [0m|[34;20m nipype.workflow  [0m|[34;20m [Node] Finished "_gcor0", elapsed time 7.677445s.[0m
2026-03-27 02:55:04 |[34;20m INFO     [0m|[34;20m nipype.workflow  [0m|[34;20m [Node] Setting-up "mriqc_wf.funcMRIQC.func_report_wf.PlotBrainmask" in "/local/nvme/ds004996_24.784026/ds/tmp/mriqc_wf/funcMRIQC/func_report_wf/bfe13db3f94eb430cb575bf4cd43e9c2afa86523/PlotBrainmask".[0m
2026-03-27 02:55:04 |[34;20m INFO     [0m|[34;20m nipype.workflow  [0m|[34;20m [Node] Setting-up "mriqc_wf.funcMRIQC.synthstrip_wf.final_masked" in "/local/nvme/ds004996_24.784026/ds/tmp/mriqc_wf/funcMRIQC/synthstrip_wf/06099dfec87fc8b7b3aba66de49f38c542f04b59/final_masked".[0m
2026-03-27 02:55:04 |[34;20m INFO     [0m|[34;20m nipype.workflow  [0m|[34;20m [Node] Setting-up "mriqc_wf.funcMRIQC.SpatialNormalization.ResampleSegmentation" in "/local/nvme/ds004996_24.784026/ds/tmp/mriqc_wf/funcMRIQC/SpatialNormalization/06099dfec87fc8b7b3aba66de49f38c542f04b59/ResampleSegmentation".[0m
2026-03-27 02:55:04 |[34;20m INFO     [0m|[34;20m nipype.workflow  [0m|[34;20m [Node] Executing "PlotBrainmask" <nireports.interfaces.mosaic.PlotContours>[0m
2026-03-27 02:55:04 |[34;20m INFO     [0m|[34;20m nipype.workflow  [0m|[34;20m [Node] Executing "final_masked" <niworkflows.interfaces.nibabel.ApplyMask>[0m
2026-03-27 02:55:04 |[34;20m INFO     [0m|[34;20m nipype.workflow  [0m|[34;20m [Node] Executing "ResampleSegmentation" <nipype.interfaces.ants.resampling.ApplyTransforms>[0m
2026-03-27 02:55:04 |[34;20m INFO     [0m|[34;20m nipype.workflow  [0m|[34;20m [Node] Finished "final_masked", elapsed time 0.030254s.[0m
2026-03-27 02:55:05 |[34;20m INFO     [0m|[34;20m nipype.workflow  [0m|[34;20m [Node] Finished "_outliers0", elapsed time 4.239581s.[0m
2026-03-27 02:55:05 |[34;20m INFO     [0m|[34;20m nipype.workflow  [0m|[34;20m [Node] Finished "PlotBrainmask", elapsed time 1.140777s.[0m
2026-03-27 02:55:06 |[34;20m INFO     [0m|[34;20m nipype.workflow  [0m|[34;20m [Node] Setting-up "mriqc_wf.funcMRIQC.func_report_wf.ds_report_norm" in "/local/nvme/ds004996_24.784026/ds/tmp/mriqc_wf/funcMRIQC/func_report_wf/06099dfec87fc8b7b3aba66de49f38c542f04b59/ds_report_norm".[0m
2026-03-27 02:55:06 |[34;20m INFO     [0m|[34;20m nipype.workflow  [0m|[34;20m [Node] Executing "ds_report_norm" <mriqc.interfaces.DerivativesDataSink>[0m
2026-03-27 02:55:06 |[34;20m INFO     [0m|[34;20m nipype.workflow  [0m|[34;20m [Node] Finished "ds_report_norm", elapsed time 0.005132s.[0m
2026-03-27 02:55:06 |[34;20m INFO     [0m|[34;20m nipype.workflow  [0m|[34;20m [Node] Setting-up "mriqc_wf.funcMRIQC.func_report_wf.subtract_mask" in "/local/nvme/ds004996_24.784026/ds/tmp/mriqc_wf/funcMRIQC/func_report_wf/06099dfec87fc8b7b3aba66de49f38c542f04b59/subtract_mask".[0m
2026-03-27 02:55:06 |[34;20m INFO     [0m|[34;20m nipype.workflow  [0m|[34;20m [Node] Executing "subtract_mask" <niworkflows.interfaces.morphology.BinarySubtraction>[0m
2026-03-27 02:55:06 |[34;20m INFO     [0m|[34;20m nipype.workflow  [0m|[34;20m [Node] Setting-up "_ds_report_zoomed0" in "/local/nvme/ds004996_24.784026/ds/tmp/mriqc_wf/funcMRIQC/func_report_wf/06099dfec87fc8b7b3aba66de49f38c542f04b59/ds_report_zoomed/mapflow/_ds_report_zoomed0".[0m
2026-03-27 02:55:06 |[34;20m INFO     [0m|[34;20m nipype.workflow  [0m|[34;20m [Node] Executing "_ds_report_zoomed0" <mriqc.interfaces.DerivativesDataSink>[0m
2026-03-27 02:55:06 |[34;20m INFO     [0m|[34;20m nipype.workflow  [0m|[34;20m [Node] Finished "_ds_report_zoomed0", elapsed time 0.00499s.[0m
2026-03-27 02:55:06 |[34;20m INFO     [0m|[34;20m nipype.workflow  [0m|[34;20m [Node] Finished "subtract_mask", elapsed time 0.010375s.[0m
2026-03-27 02:55:07 |[34;20m INFO     [0m|[34;20m nipype.workflow  [0m|[34;20m [Node] Setting-up "mriqc_wf.funcMRIQC.func_report_wf.ds_report_bmask" in "/local/nvme/ds004996_24.784026/ds/tmp/mriqc_wf/funcMRIQC/func_report_wf/06099dfec87fc8b7b3aba66de49f38c542f04b59/ds_report_bmask".[0m
2026-03-27 02:55:07 |[34;20m INFO     [0m|[34;20m nipype.workflow  [0m|[34;20m [Node] Executing "ds_report_bmask" <mriqc.interfaces.DerivativesDataSink>[0m
2026-03-27 02:55:07 |[34;20m INFO     [0m|[34;20m nipype.workflow  [0m|[34;20m [Node] Finished "ds_report_bmask", elapsed time 0.004954s.[0m
2026-03-27 02:55:07 |[34;20m INFO     [0m|[34;20m nipype.workflow  [0m|[34;20m [Node] Setting-up "mriqc_wf.funcMRIQC.func_report_wf.subtract_mask" in "/local/nvme/ds004996_24.784026/ds/tmp/mriqc_wf/funcMRIQC/func_report_wf/58dc51edaebae506410bcf810dd53e006fbe8d55/subtract_mask".[0m
2026-03-27 02:55:07 |[34;20m INFO     [0m|[34;20m nipype.workflow  [0m|[34;20m [Node] Setting-up "_ds_report_zoomed0" in "/local/nvme/ds004996_24.784026/ds/tmp/mriqc_wf/funcMRIQC/func_report_wf/58dc51edaebae506410bcf810dd53e006fbe8d55/ds_report_zoomed/mapflow/_ds_report_zoomed0".[0m
2026-03-27 02:55:07 |[34;20m INFO     [0m|[34;20m nipype.workflow  [0m|[34;20m [Node] Executing "subtract_mask" <niworkflows.interfaces.morphology.BinarySubtraction>[0m
2026-03-27 02:55:07 |[34;20m INFO     [0m|[34;20m nipype.workflow  [0m|[34;20m [Node] Executing "_ds_report_zoomed0" <mriqc.interfaces.DerivativesDataSink>[0m
2026-03-27 02:55:07 |[34;20m INFO     [0m|[34;20m nipype.workflow  [0m|[34;20m [Node] Finished "_ds_report_zoomed0", elapsed time 0.005006s.[0m
2026-03-27 02:55:07 |[34;20m INFO     [0m|[34;20m nipype.workflow  [0m|[34;20m [Node] Finished "subtract_mask", elapsed time 0.012363s.[0m
2026-03-27 02:55:07 |[34;20m INFO     [0m|[34;20m nipype.workflow  [0m|[34;20m [Node] Finished "ResampleSegmentation", elapsed time 2.387846s.[0m
2026-03-27 02:55:07 |[34;20m INFO     [0m|[34;20m nipype.workflow  [0m|[34;20m [Node] Setting-up "mriqc_wf.funcMRIQC.func_report_wf.ds_report_bmask" in "/local/nvme/ds004996_24.784026/ds/tmp/mriqc_wf/funcMRIQC/func_report_wf/58dc51edaebae506410bcf810dd53e006fbe8d55/ds_report_bmask".[0m
2026-03-27 02:55:07 |[34;20m INFO     [0m|[34;20m nipype.workflow  [0m|[34;20m [Node] Executing "ds_report_bmask" <mriqc.interfaces.DerivativesDataSink>[0m
2026-03-27 02:55:07 |[34;20m INFO     [0m|[34;20m nipype.workflow  [0m|[34;20m [Node] Finished "ds_report_bmask", elapsed time 0.005122s.[0m
2026-03-27 02:55:07 |[34;20m INFO     [0m|[34;20m nipype.workflow  [0m|[34;20m [Node] Setting-up "mriqc_wf.funcMRIQC.func_report_wf.subtract_mask" in "/local/nvme/ds004996_24.784026/ds/tmp/mriqc_wf/funcMRIQC/func_report_wf/bfe13db3f94eb430cb575bf4cd43e9c2afa86523/subtract_mask".[0m
2026-03-27 02:55:07 |[34;20m INFO     [0m|[34;20m nipype.workflow  [0m|[34;20m [Node] Executing "subtract_mask" <niworkflows.interfaces.morphology.BinarySubtraction>[0m
2026-03-27 02:55:07 |[34;20m INFO     [0m|[34;20m nipype.workflow  [0m|[34;20m [Node] Finished "subtract_mask", elapsed time 0.011451s.[0m
2026-03-27 02:55:08 |[34;20m INFO     [0m|[34;20m nipype.workflow  [0m|[34;20m [Node] Setting-up "_ds_report_zoomed0" in "/local/nvme/ds004996_24.784026/ds/tmp/mriqc_wf/funcMRIQC/func_report_wf/bfe13db3f94eb430cb575bf4cd43e9c2afa86523/ds_report_zoomed/mapflow/_ds_report_zoomed0".[0m
2026-03-27 02:55:08 |[34;20m INFO     [0m|[34;20m nipype.workflow  [0m|[34;20m [Node] Executing "_ds_report_zoomed0" <mriqc.interfaces.DerivativesDataSink>[0m
2026-03-27 02:55:08 |[34;20m INFO     [0m|[34;20m nipype.workflow  [0m|[34;20m [Node] Finished "_ds_report_zoomed0", elapsed time 0.005233s.[0m
2026-03-27 02:55:08 |[34;20m INFO     [0m|[34;20m nipype.workflow  [0m|[34;20m [Node] Setting-up "mriqc_wf.funcMRIQC.func_report_wf.ds_report_bmask" in "/local/nvme/ds004996_24.784026/ds/tmp/mriqc_wf/funcMRIQC/func_report_wf/bfe13db3f94eb430cb575bf4cd43e9c2afa86523/ds_report_bmask".[0m
2026-03-27 02:55:08 |[34;20m INFO     [0m|[34;20m nipype.workflow  [0m|[34;20m [Node] Executing "ds_report_bmask" <mriqc.interfaces.DerivativesDataSink>[0m
2026-03-27 02:55:08 |[34;20m INFO     [0m|[34;20m nipype.workflow  [0m|[34;20m [Node] Finished "ds_report_bmask", elapsed time 0.004958s.[0m
2026-03-27 02:55:09 |[34;20m INFO     [0m|[34;20m nipype.workflow  [0m|[34;20m [Node] Setting-up "mriqc_wf.funcMRIQC.func_report_wf.parcels" in "/local/nvme/ds004996_24.784026/ds/tmp/mriqc_wf/funcMRIQC/func_report_wf/06099dfec87fc8b7b3aba66de49f38c542f04b59/parcels".[0m
2026-03-27 02:55:09 |[34;20m INFO     [0m|[34;20m nipype.workflow  [0m|[34;20m [Node] Executing "parcels" <nipype.interfaces.utility.wrappers.Function>[0m
2026-03-27 02:55:09 |[34;20m INFO     [0m|[34;20m nipype.workflow  [0m|[34;20m [Node] Finished "parcels", elapsed time 0.021589s.[0m
2026-03-27 02:55:10 |[34;20m INFO     [0m|[34;20m nipype.workflow  [0m|[34;20m [Node] Finished "_gcor0", elapsed time 7.532682s.[0m
2026-03-27 02:55:11 |[34;20m INFO     [0m|[34;20m nipype.workflow  [0m|[34;20m [Node] Finished "_ComputeDVARS0", elapsed time 16.909914s.[0m
2026-03-27 02:55:11 |[34;20m INFO     [0m|[34;20m nipype.workflow  [0m|[34;20m [Node] Finished "_ComputeDVARS0", elapsed time 17.098949s.[0m
2026-03-27 02:55:12 |[34;20m INFO     [0m|[34;20m nipype.workflow  [0m|[34;20m [Node] Setting-up "_measures0" in "/local/nvme/ds004996_24.784026/ds/tmp/mriqc_wf/funcMRIQC/ComputeIQMs/06099dfec87fc8b7b3aba66de49f38c542f04b59/measures/mapflow/_measures0".[0m
2026-03-27 02:55:12 |[34;20m INFO     [0m|[34;20m nipype.workflow  [0m|[34;20m [Node] Setting-up "_timeseries0" in "/local/nvme/ds004996_24.784026/ds/tmp/mriqc_wf/funcMRIQC/ComputeIQMs/06099dfec87fc8b7b3aba66de49f38c542f04b59/timeseries/mapflow/_timeseries0".[0m
2026-03-27 02:55:12 |[34;20m INFO     [0m|[34;20m nipype.workflow  [0m|[34;20m [Node] Executing "_timeseries0" <mriqc.interfaces.functional.GatherTimeseries>[0m
2026-03-27 02:55:12 |[34;20m INFO     [0m|[34;20m nipype.workflow  [0m|[34;20m [Node] Executing "_measures0" <mriqc.interfaces.functional.FunctionalQC>[0m
2026-03-27 02:55:12 |[34;20m INFO     [0m|[34;20m nipype.workflow  [0m|[34;20m [Node] Setting-up "_timeseries0" in "/local/nvme/ds004996_24.784026/ds/tmp/mriqc_wf/funcMRIQC/ComputeIQMs/58dc51edaebae506410bcf810dd53e006fbe8d55/timeseries/mapflow/_timeseries0".[0m
2026-03-27 02:55:12 |[34;20m INFO     [0m|[34;20m nipype.workflow  [0m|[34;20m [Node] Executing "_timeseries0" <mriqc.interfaces.functional.GatherTimeseries>[0m
2026-03-27 02:55:12 |[34;20m INFO     [0m|[34;20m nipype.workflow  [0m|[34;20m [Node] Finished "_timeseries0", elapsed time 0.026156s.[0m
2026-03-27 02:55:12 |[34;20m INFO     [0m|[34;20m nipype.workflow  [0m|[34;20m [Node] Finished "_timeseries0", elapsed time 0.022801s.[0m
2026-03-27 02:55:13 |[34;20m INFO     [0m|[34;20m nipype.workflow  [0m|[34;20m [Node] Finished "_measures0", elapsed time 1.081899s.[0m
2026-03-27 02:55:14 |[34;20m INFO     [0m|[34;20m nipype.workflow  [0m|[34;20m [Node] Setting-up "_measures0" in "/local/nvme/ds004996_24.784026/ds/tmp/mriqc_wf/funcMRIQC/ComputeIQMs/58dc51edaebae506410bcf810dd53e006fbe8d55/measures/mapflow/_measures0".[0m
2026-03-27 02:55:14 |[34;20m INFO     [0m|[34;20m nipype.workflow  [0m|[34;20m [Node] Executing "_measures0" <mriqc.interfaces.functional.FunctionalQC>[0m
2026-03-27 02:55:14 |[34;20m INFO     [0m|[34;20m nipype.workflow  [0m|[34;20m [Node] Setting-up "_datasink0" in "/local/nvme/ds004996_24.784026/ds/tmp/mriqc_wf/funcMRIQC/ComputeIQMs/06099dfec87fc8b7b3aba66de49f38c542f04b59/datasink/mapflow/_datasink0".[0m
2026-03-27 02:55:14 |[34;20m INFO     [0m|[34;20m nipype.workflow  [0m|[34;20m [Node] Executing "_datasink0" <mriqc.interfaces.bids.IQMFileSink>[0m
2026-03-27 02:55:14 |[34;20m INFO     [0m|[34;20m nipype.workflow  [0m|[34;20m [Node] Finished "_datasink0", elapsed time 0.001823s.[0m
2026-03-27 02:55:14 |[34;20m INFO     [0m|[34;20m nipype.workflow  [0m|[34;20m [Node] Setting-up "_ds_timeseries0" in "/local/nvme/ds004996_24.784026/ds/tmp/mriqc_wf/funcMRIQC/ComputeIQMs/06099dfec87fc8b7b3aba66de49f38c542f04b59/ds_timeseries/mapflow/_ds_timeseries0".[0m
2026-03-27 02:55:14 |[34;20m INFO     [0m|[34;20m nipype.workflow  [0m|[34;20m [Node] Executing "_ds_timeseries0" <mriqc.interfaces.DerivativesDataSink>[0m
2026-03-27 02:55:14 |[34;20m INFO     [0m|[34;20m nipype.workflow  [0m|[34;20m [Node] Finished "_ds_timeseries0", elapsed time 0.005343s.[0m
2026-03-27 02:55:15 |[34;20m INFO     [0m|[34;20m nipype.workflow  [0m|[34;20m [Node] Setting-up "_ds_timeseries0" in "/local/nvme/ds004996_24.784026/ds/tmp/mriqc_wf/funcMRIQC/ComputeIQMs/58dc51edaebae506410bcf810dd53e006fbe8d55/ds_timeseries/mapflow/_ds_timeseries0".[0m
2026-03-27 02:55:15 |[34;20m INFO     [0m|[34;20m nipype.workflow  [0m|[34;20m [Node] Executing "_ds_timeseries0" <mriqc.interfaces.DerivativesDataSink>[0m
2026-03-27 02:55:15 |[34;20m INFO     [0m|[34;20m nipype.workflow  [0m|[34;20m [Node] Finished "_ds_timeseries0", elapsed time 0.004405s.[0m
2026-03-27 02:55:15 |[34;20m INFO     [0m|[34;20m nipype.workflow  [0m|[34;20m [Node] Setting-up "_BigPlot0" in "/local/nvme/ds004996_24.784026/ds/tmp/mriqc_wf/funcMRIQC/func_report_wf/06099dfec87fc8b7b3aba66de49f38c542f04b59/BigPlot/mapflow/_BigPlot0".[0m
2026-03-27 02:55:15 |[34;20m INFO     [0m|[34;20m nipype.workflow  [0m|[34;20m [Node] Executing "_BigPlot0" <nireports.interfaces.fmri.FMRISummary>[0m
2026-03-27 02:55:15 |[34;20m INFO     [0m|[34;20m nipype.workflow  [0m|[34;20m [Node] Finished "_measures0", elapsed time 1.055282s.[0m
2026-03-27 02:55:16 |[34;20m INFO     [0m|[34;20m nipype.workflow  [0m|[34;20m [Node] Setting-up "_datasink0" in "/local/nvme/ds004996_24.784026/ds/tmp/mriqc_wf/funcMRIQC/ComputeIQMs/58dc51edaebae506410bcf810dd53e006fbe8d55/datasink/mapflow/_datasink0".[0m
2026-03-27 02:55:16 |[34;20m INFO     [0m|[34;20m nipype.workflow  [0m|[34;20m [Node] Executing "_datasink0" <mriqc.interfaces.bids.IQMFileSink>[0m
2026-03-27 02:55:16 |[34;20m INFO     [0m|[34;20m nipype.workflow  [0m|[34;20m [Node] Finished "_datasink0", elapsed time 0.00062s.[0m
2026-03-27 02:55:18 |[34;20m INFO     [0m|[34;20m nipype.workflow  [0m|[34;20m [Node] Finished "_ComputeDVARS0", elapsed time 17.279922s.[0m
2026-03-27 02:55:18 |[34;20m INFO     [0m|[34;20m nipype.workflow  [0m|[34;20m [Node] Setting-up "_measures0" in "/local/nvme/ds004996_24.784026/ds/tmp/mriqc_wf/funcMRIQC/ComputeIQMs/bfe13db3f94eb430cb575bf4cd43e9c2afa86523/measures/mapflow/_measures0".[0m
2026-03-27 02:55:18 |[34;20m INFO     [0m|[34;20m nipype.workflow  [0m|[34;20m [Node] Setting-up "_timeseries0" in "/local/nvme/ds004996_24.784026/ds/tmp/mriqc_wf/funcMRIQC/ComputeIQMs/bfe13db3f94eb430cb575bf4cd43e9c2afa86523/timeseries/mapflow/_timeseries0".[0m
2026-03-27 02:55:18 |[34;20m INFO     [0m|[34;20m nipype.workflow  [0m|[34;20m [Node] Executing "_measures0" <mriqc.interfaces.functional.FunctionalQC>[0m
2026-03-27 02:55:18 |[34;20m INFO     [0m|[34;20m nipype.workflow  [0m|[34;20m [Node] Executing "_timeseries0" <mriqc.interfaces.functional.GatherTimeseries>[0m
2026-03-27 02:55:18 |[34;20m INFO     [0m|[34;20m nipype.workflow  [0m|[34;20m [Node] Finished "_timeseries0", elapsed time 0.115131s.[0m
2026-03-27 02:55:19 |[34;20m INFO     [0m|[34;20m nipype.workflow  [0m|[34;20m [Node] Finished "_BigPlot0", elapsed time 4.136014s.[0m
2026-03-27 02:55:20 |[34;20m INFO     [0m|[34;20m nipype.workflow  [0m|[34;20m [Node] Finished "_measures0", elapsed time 1.2019090000000001s.[0m
2026-03-27 02:55:20 |[34;20m INFO     [0m|[34;20m nipype.workflow  [0m|[34;20m [Node] Setting-up "mriqc_wf.funcMRIQC.synthstrip_wf.post_n4" in "/local/nvme/ds004996_24.784026/ds/tmp/mriqc_wf/funcMRIQC/synthstrip_wf/58dc51edaebae506410bcf810dd53e006fbe8d55/post_n4".[0m
2026-03-27 02:55:20 |[34;20m INFO     [0m|[34;20m nipype.workflow  [0m|[34;20m [Node] Executing "post_n4" <nipype.interfaces.ants.segmentation.N4BiasFieldCorrection>[0m
2026-03-27 02:55:21 |[34;20m INFO     [0m|[34;20m nipype.workflow  [0m|[34;20m [Node] Finished "post_n4", elapsed time 0.955067s.[0m
2026-03-27 02:55:22 |[34;20m INFO     [0m|[34;20m nipype.workflow  [0m|[34;20m [Node] Setting-up "mriqc_wf.funcMRIQC.SpatialNormalization.EPI2MNI" in "/local/nvme/ds004996_24.784026/ds/tmp/mriqc_wf/funcMRIQC/SpatialNormalization/58dc51edaebae506410bcf810dd53e006fbe8d55/EPI2MNI".[0m
2026-03-27 02:55:22 |[34;20m INFO     [0m|[34;20m nipype.workflow  [0m|[34;20m [Node] Executing "EPI2MNI" <niworkflows.interfaces.reportlets.registration.SpatialNormalizationRPT>[0m
2026-03-27 02:55:22 |[34;20m INFO     [0m|[34;20m niworkflows      [0m|[34;20m Estimating initial transform using AffineInitializer[0m
2026-03-27 02:55:27 |[34;20m INFO     [0m|[34;20m niworkflows      [0m|[34;20m Loading settings from file /opt/conda/lib/python3.11/site-packages/niworkflows/data/boldref-mni_registration_precise_000.json.[0m
2026-03-27 02:55:27 |[34;20m INFO     [0m|[34;20m niworkflows      [0m|[34;20m Retry #1, commandline: 
antsRegistration --collapse-output-transforms 1 --dimensionality 3 --float 0 --initial-moving-transform [ /local/nvme/ds004996_24.784026/ds/tmp/mriqc_wf/funcMRIQC/SpatialNormalization/58dc51edaebae506410bcf810dd53e006fbe8d55/EPI2MNI/transform.mat, 0 ] --initialize-transforms-per-stage 0 --interpolation LanczosWindowedSinc --output [ epi_to_mni, epi_to_mni_Warped.nii.gz ] --transform Rigid[ 0.05 ] --metric Mattes[ /templateflow/tpl-MNI152NLin2009cAsym/tpl-MNI152NLin2009cAsym_res-02_desc-fMRIPrep_boldref.nii.gz, /local/nvme/ds004996_24.784026/ds/tmp/mriqc_wf/funcMRIQC/SpatialNormalization/58dc51edaebae506410bcf810dd53e006fbe8d55/SharpenEPI/sub-24_task-conversation_run-02_bold_desc-realigned_valid_tstat_corrected.nii.gz, 1, 56, Regular, 0.25 ] --convergence [ 10000x1000x100, 1e-06, 20 ] --smoothing-sigmas 4.0x2.0x1.0vox --shrink-factors 4x2x1 --use-histogram-matching 1 --masks [ /templateflow/tpl-MNI152NLin2009cAsym/tpl-MNI152NLin2009cAsym_res-02_desc-brain_mask.nii.gz, /local/nvme/ds004996_24.784026/ds/tmp/mriqc_wf/funcMRIQC/synthstrip_wf/58dc51edaebae506410bcf810dd53e006fbe8d55/synthstrip/clipped_corrected_desc-brain_mask.nii.gz ] --transform Affine[ 0.08 ] --metric Mattes[ /templateflow/tpl-MNI152NLin2009cAsym/tpl-MNI152NLin2009cAsym_res-02_desc-fMRIPrep_boldref.nii.gz, /local/nvme/ds004996_24.784026/ds/tmp/mriqc_wf/funcMRIQC/SpatialNormalization/58dc51edaebae506410bcf810dd53e006fbe8d55/SharpenEPI/sub-24_task-conversation_run-02_bold_desc-realigned_valid_tstat_corrected.nii.gz, 1, 56, Regular, 0.25 ] --convergence [ 500x250x100, 1e-06, 20 ] --smoothing-sigmas 4.0x2.0x1.0vox --shrink-factors 8x4x2 --use-histogram-matching 1 --masks [ /templateflow/tpl-MNI152NLin2009cAsym/tpl-MNI152NLin2009cAsym_res-02_desc-brain_mask.nii.gz, /local/nvme/ds004996_24.784026/ds/tmp/mriqc_wf/funcMRIQC/synthstrip_wf/58dc51edaebae506410bcf810dd53e006fbe8d55/synthstrip/clipped_corrected_desc-brain_mask.nii.gz ] --transform SyN[ 0.1, 3.0, 0.0 ] --metric CC[ /templateflow/tpl-MNI152NLin2009cAsym/tpl-MNI152NLin2009cAsym_res-02_desc-fMRIPrep_boldref.nii.gz, /local/nvme/ds004996_24.784026/ds/tmp/mriqc_wf/funcMRIQC/SpatialNormalization/58dc51edaebae506410bcf810dd53e006fbe8d55/SharpenEPI/sub-24_task-conversation_run-02_bold_desc-realigned_valid_tstat_corrected.nii.gz, 1, 4, None, 1 ] --convergence [ 100x30x20, 1e-06, 10 ] --smoothing-sigmas 3.0x2.0x1.0vox --shrink-factors 8x4x2 --use-histogram-matching 1 --masks [ /templateflow/tpl-MNI152NLin2009cAsym/tpl-MNI152NLin2009cAsym_res-02_desc-brain_mask.nii.gz, /local/nvme/ds004996_24.784026/ds/tmp/mriqc_wf/funcMRIQC/synthstrip_wf/58dc51edaebae506410bcf810dd53e006fbe8d55/synthstrip/clipped_corrected_desc-brain_mask.nii.gz ] --winsorize-image-intensities [ 0.005, 0.995 ]  --write-composite-transform 1[0m
2026-03-27 02:55:39 |[34;20m INFO     [0m|[34;20m niworkflows      [0m|[34;20m Successful spatial normalization (retry #1).[0m
2026-03-27 02:55:39 |[34;20m INFO     [0m|[34;20m niworkflows      [0m|[34;20m Report - setting fixed (/templateflow/tpl-MNI152NLin2009cAsym/tpl-MNI152NLin2009cAsym_res-02_desc-fMRIPrep_boldref.nii.gz) and moving (/local/nvme/ds004996_24.784026/ds/tmp/mriqc_wf/funcMRIQC/SpatialNormalization/58dc51edaebae506410bcf810dd53e006fbe8d55/EPI2MNI/epi_to_mni_Warped.nii.gz) images[0m
2026-03-27 02:55:39 |[34;20m INFO     [0m|[34;20m niworkflows      [0m|[34;20m Generating visual report[0m
2026-03-27 02:55:54 |[34;20m INFO     [0m|[34;20m nipype.workflow  [0m|[34;20m [Node] Finished "EPI2MNI", elapsed time 31.455374s.[0m
2026-03-27 02:55:54 |[34;20m INFO     [0m|[34;20m nipype.workflow  [0m|[34;20m [Node] Setting-up "mriqc_wf.funcMRIQC.synthstrip_wf.post_n4" in "/local/nvme/ds004996_24.784026/ds/tmp/mriqc_wf/funcMRIQC/synthstrip_wf/bfe13db3f94eb430cb575bf4cd43e9c2afa86523/post_n4".[0m
2026-03-27 02:55:54 |[34;20m INFO     [0m|[34;20m nipype.workflow  [0m|[34;20m [Node] Executing "post_n4" <nipype.interfaces.ants.segmentation.N4BiasFieldCorrection>[0m
2026-03-27 02:55:55 |[34;20m INFO     [0m|[34;20m nipype.workflow  [0m|[34;20m [Node] Finished "post_n4", elapsed time 0.882177s.[0m
2026-03-27 02:55:56 |[34;20m INFO     [0m|[34;20m nipype.workflow  [0m|[34;20m [Node] Setting-up "mriqc_wf.funcMRIQC.SpatialNormalization.EPI2MNI" in "/local/nvme/ds004996_24.784026/ds/tmp/mriqc_wf/funcMRIQC/SpatialNormalization/bfe13db3f94eb430cb575bf4cd43e9c2afa86523/EPI2MNI".[0m
2026-03-27 02:55:56 |[34;20m INFO     [0m|[34;20m nipype.workflow  [0m|[34;20m [Node] Executing "EPI2MNI" <niworkflows.interfaces.reportlets.registration.SpatialNormalizationRPT>[0m
2026-03-27 02:55:56 |[34;20m INFO     [0m|[34;20m niworkflows      [0m|[34;20m Estimating initial transform using AffineInitializer[0m
2026-03-27 02:56:02 |[34;20m INFO     [0m|[34;20m niworkflows      [0m|[34;20m Loading settings from file /opt/conda/lib/python3.11/site-packages/niworkflows/data/boldref-mni_registration_precise_000.json.[0m
2026-03-27 02:56:02 |[34;20m INFO     [0m|[34;20m niworkflows      [0m|[34;20m Retry #1, commandline: 
antsRegistration --collapse-output-transforms 1 --dimensionality 3 --float 0 --initial-moving-transform [ /local/nvme/ds004996_24.784026/ds/tmp/mriqc_wf/funcMRIQC/SpatialNormalization/bfe13db3f94eb430cb575bf4cd43e9c2afa86523/EPI2MNI/transform.mat, 0 ] --initialize-transforms-per-stage 0 --interpolation LanczosWindowedSinc --output [ epi_to_mni, epi_to_mni_Warped.nii.gz ] --transform Rigid[ 0.05 ] --metric Mattes[ /templateflow/tpl-MNI152NLin2009cAsym/tpl-MNI152NLin2009cAsym_res-02_desc-fMRIPrep_boldref.nii.gz, /local/nvme/ds004996_24.784026/ds/tmp/mriqc_wf/funcMRIQC/SpatialNormalization/bfe13db3f94eb430cb575bf4cd43e9c2afa86523/SharpenEPI/sub-24_task-conversation_run-03_bold_desc-realigned_valid_tstat_corrected.nii.gz, 1, 56, Regular, 0.25 ] --convergence [ 10000x1000x100, 1e-06, 20 ] --smoothing-sigmas 4.0x2.0x1.0vox --shrink-factors 4x2x1 --use-histogram-matching 1 --masks [ /templateflow/tpl-MNI152NLin2009cAsym/tpl-MNI152NLin2009cAsym_res-02_desc-brain_mask.nii.gz, /local/nvme/ds004996_24.784026/ds/tmp/mriqc_wf/funcMRIQC/synthstrip_wf/bfe13db3f94eb430cb575bf4cd43e9c2afa86523/synthstrip/clipped_corrected_desc-brain_mask.nii.gz ] --transform Affine[ 0.08 ] --metric Mattes[ /templateflow/tpl-MNI152NLin2009cAsym/tpl-MNI152NLin2009cAsym_res-02_desc-fMRIPrep_boldref.nii.gz, /local/nvme/ds004996_24.784026/ds/tmp/mriqc_wf/funcMRIQC/SpatialNormalization/bfe13db3f94eb430cb575bf4cd43e9c2afa86523/SharpenEPI/sub-24_task-conversation_run-03_bold_desc-realigned_valid_tstat_corrected.nii.gz, 1, 56, Regular, 0.25 ] --convergence [ 500x250x100, 1e-06, 20 ] --smoothing-sigmas 4.0x2.0x1.0vox --shrink-factors 8x4x2 --use-histogram-matching 1 --masks [ /templateflow/tpl-MNI152NLin2009cAsym/tpl-MNI152NLin2009cAsym_res-02_desc-brain_mask.nii.gz, /local/nvme/ds004996_24.784026/ds/tmp/mriqc_wf/funcMRIQC/synthstrip_wf/bfe13db3f94eb430cb575bf4cd43e9c2afa86523/synthstrip/clipped_corrected_desc-brain_mask.nii.gz ] --transform SyN[ 0.1, 3.0, 0.0 ] --metric CC[ /templateflow/tpl-MNI152NLin2009cAsym/tpl-MNI152NLin2009cAsym_res-02_desc-fMRIPrep_boldref.nii.gz, /local/nvme/ds004996_24.784026/ds/tmp/mriqc_wf/funcMRIQC/SpatialNormalization/bfe13db3f94eb430cb575bf4cd43e9c2afa86523/SharpenEPI/sub-24_task-conversation_run-03_bold_desc-realigned_valid_tstat_corrected.nii.gz, 1, 4, None, 1 ] --convergence [ 100x30x20, 1e-06, 10 ] --smoothing-sigmas 3.0x2.0x1.0vox --shrink-factors 8x4x2 --use-histogram-matching 1 --masks [ /templateflow/tpl-MNI152NLin2009cAsym/tpl-MNI152NLin2009cAsym_res-02_desc-brain_mask.nii.gz, /local/nvme/ds004996_24.784026/ds/tmp/mriqc_wf/funcMRIQC/synthstrip_wf/bfe13db3f94eb430cb575bf4cd43e9c2afa86523/synthstrip/clipped_corrected_desc-brain_mask.nii.gz ] --winsorize-image-intensities [ 0.005, 0.995 ]  --write-composite-transform 1[0m
2026-03-27 02:56:14 |[34;20m INFO     [0m|[34;20m niworkflows      [0m|[34;20m Successful spatial normalization (retry #1).[0m
2026-03-27 02:56:14 |[34;20m INFO     [0m|[34;20m niworkflows      [0m|[34;20m Report - setting fixed (/templateflow/tpl-MNI152NLin2009cAsym/tpl-MNI152NLin2009cAsym_res-02_desc-fMRIPrep_boldref.nii.gz) and moving (/local/nvme/ds004996_24.784026/ds/tmp/mriqc_wf/funcMRIQC/SpatialNormalization/bfe13db3f94eb430cb575bf4cd43e9c2afa86523/EPI2MNI/epi_to_mni_Warped.nii.gz) images[0m
2026-03-27 02:56:14 |[34;20m INFO     [0m|[34;20m niworkflows      [0m|[34;20m Generating visual report[0m
2026-03-27 02:56:29 |[34;20m INFO     [0m|[34;20m nipype.workflow  [0m|[34;20m [Node] Finished "EPI2MNI", elapsed time 32.892473s.[0m
2026-03-27 02:56:30 |[34;20m INFO     [0m|[34;20m nipype.workflow  [0m|[34;20m [Node] Setting-up "mriqc_wf.funcMRIQC.func_report_wf.ds_report_norm" in "/local/nvme/ds004996_24.784026/ds/tmp/mriqc_wf/funcMRIQC/func_report_wf/58dc51edaebae506410bcf810dd53e006fbe8d55/ds_report_norm".[0m
2026-03-27 02:56:30 |[34;20m INFO     [0m|[34;20m nipype.workflow  [0m|[34;20m [Node] Setting-up "mriqc_wf.funcMRIQC.synthstrip_wf.final_masked" in "/local/nvme/ds004996_24.784026/ds/tmp/mriqc_wf/funcMRIQC/synthstrip_wf/58dc51edaebae506410bcf810dd53e006fbe8d55/final_masked".[0m
2026-03-27 02:56:30 |[34;20m INFO     [0m|[34;20m nipype.workflow  [0m|[34;20m [Node] Setting-up "mriqc_wf.funcMRIQC.SpatialNormalization.ResampleSegmentation" in "/local/nvme/ds004996_24.784026/ds/tmp/mriqc_wf/funcMRIQC/SpatialNormalization/58dc51edaebae506410bcf810dd53e006fbe8d55/ResampleSegmentation".[0m
2026-03-27 02:56:30 |[34;20m INFO     [0m|[34;20m nipype.workflow  [0m|[34;20m [Node] Executing "ResampleSegmentation" <nipype.interfaces.ants.resampling.ApplyTransforms>[0m
2026-03-27 02:56:30 |[34;20m INFO     [0m|[34;20m nipype.workflow  [0m|[34;20m [Node] Executing "ds_report_norm" <mriqc.interfaces.DerivativesDataSink>[0m
2026-03-27 02:56:30 |[34;20m INFO     [0m|[34;20m nipype.workflow  [0m|[34;20m [Node] Executing "final_masked" <niworkflows.interfaces.nibabel.ApplyMask>[0m
2026-03-27 02:56:30 |[34;20m INFO     [0m|[34;20m nipype.workflow  [0m|[34;20m [Node] Finished "ds_report_norm", elapsed time 0.005069s.[0m
2026-03-27 02:56:30 |[34;20m INFO     [0m|[34;20m nipype.workflow  [0m|[34;20m [Node] Finished "final_masked", elapsed time 0.029308s.[0m
2026-03-27 02:56:30 |[34;20m INFO     [0m|[34;20m nipype.workflow  [0m|[34;20m [Node] Setting-up "mriqc_wf.funcMRIQC.func_report_wf.ds_report_norm" in "/local/nvme/ds004996_24.784026/ds/tmp/mriqc_wf/funcMRIQC/func_report_wf/bfe13db3f94eb430cb575bf4cd43e9c2afa86523/ds_report_norm".[0m
2026-03-27 02:56:30 |[34;20m INFO     [0m|[34;20m nipype.workflow  [0m|[34;20m [Node] Setting-up "mriqc_wf.funcMRIQC.synthstrip_wf.final_masked" in "/local/nvme/ds004996_24.784026/ds/tmp/mriqc_wf/funcMRIQC/synthstrip_wf/bfe13db3f94eb430cb575bf4cd43e9c2afa86523/final_masked".[0m
2026-03-27 02:56:30 |[34;20m INFO     [0m|[34;20m nipype.workflow  [0m|[34;20m [Node] Executing "final_masked" <niworkflows.interfaces.nibabel.ApplyMask>[0m
2026-03-27 02:56:30 |[34;20m INFO     [0m|[34;20m nipype.workflow  [0m|[34;20m [Node] Setting-up "mriqc_wf.funcMRIQC.SpatialNormalization.ResampleSegmentation" in "/local/nvme/ds004996_24.784026/ds/tmp/mriqc_wf/funcMRIQC/SpatialNormalization/bfe13db3f94eb430cb575bf4cd43e9c2afa86523/ResampleSegmentation".[0m
2026-03-27 02:56:30 |[34;20m INFO     [0m|[34;20m nipype.workflow  [0m|[34;20m [Node] Executing "ds_report_norm" <mriqc.interfaces.DerivativesDataSink>[0m
2026-03-27 02:56:30 |[34;20m INFO     [0m|[34;20m nipype.workflow  [0m|[34;20m [Node] Executing "ResampleSegmentation" <nipype.interfaces.ants.resampling.ApplyTransforms>[0m
2026-03-27 02:56:30 |[34;20m INFO     [0m|[34;20m nipype.workflow  [0m|[34;20m [Node] Finished "ds_report_norm", elapsed time 0.004892s.[0m
2026-03-27 02:56:31 |[34;20m INFO     [0m|[34;20m nipype.workflow  [0m|[34;20m [Node] Finished "final_masked", elapsed time 0.029209s.[0m
2026-03-27 02:56:31 |[34;20m INFO     [0m|[34;20m nipype.workflow  [0m|[34;20m [Node] Setting-up "_datasink0" in "/local/nvme/ds004996_24.784026/ds/tmp/mriqc_wf/funcMRIQC/ComputeIQMs/bfe13db3f94eb430cb575bf4cd43e9c2afa86523/datasink/mapflow/_datasink0".[0m
2026-03-27 02:56:31 |[34;20m INFO     [0m|[34;20m nipype.workflow  [0m|[34;20m [Node] Executing "_datasink0" <mriqc.interfaces.bids.IQMFileSink>[0m
2026-03-27 02:56:31 |[34;20m INFO     [0m|[34;20m nipype.workflow  [0m|[34;20m [Node] Finished "_datasink0", elapsed time 0.000615s.[0m
2026-03-27 02:56:31 |[34;20m INFO     [0m|[34;20m nipype.workflow  [0m|[34;20m [Node] Setting-up "_ds_timeseries0" in "/local/nvme/ds004996_24.784026/ds/tmp/mriqc_wf/funcMRIQC/ComputeIQMs/bfe13db3f94eb430cb575bf4cd43e9c2afa86523/ds_timeseries/mapflow/_ds_timeseries0".[0m
2026-03-27 02:56:31 |[34;20m INFO     [0m|[34;20m nipype.workflow  [0m|[34;20m [Node] Executing "_ds_timeseries0" <mriqc.interfaces.DerivativesDataSink>[0m
2026-03-27 02:56:31 |[34;20m INFO     [0m|[34;20m nipype.workflow  [0m|[34;20m [Node] Finished "_ds_timeseries0", elapsed time 0.00399s.[0m
2026-03-27 02:56:31 |[34;20m INFO     [0m|[34;20m nipype.workflow  [0m|[34;20m [Node] Setting-up "_ds_report_carpet0" in "/local/nvme/ds004996_24.784026/ds/tmp/mriqc_wf/funcMRIQC/func_report_wf/06099dfec87fc8b7b3aba66de49f38c542f04b59/ds_report_carpet/mapflow/_ds_report_carpet0".[0m
2026-03-27 02:56:31 |[34;20m INFO     [0m|[34;20m nipype.workflow  [0m|[34;20m [Node] Executing "_ds_report_carpet0" <mriqc.interfaces.DerivativesDataSink>[0m
2026-03-27 02:56:31 |[34;20m INFO     [0m|[34;20m nipype.workflow  [0m|[34;20m [Node] Finished "_ds_report_carpet0", elapsed time 0.004957s.[0m
2026-03-27 02:56:33 |[34;20m INFO     [0m|[34;20m nipype.workflow  [0m|[34;20m [Node] Finished "ResampleSegmentation", elapsed time 2.243607s.[0m
2026-03-27 02:56:33 |[34;20m INFO     [0m|[34;20m nipype.workflow  [0m|[34;20m [Node] Finished "ResampleSegmentation", elapsed time 2.36262s.[0m
2026-03-27 02:56:34 |[34;20m INFO     [0m|[34;20m nipype.workflow  [0m|[34;20m [Node] Setting-up "mriqc_wf.funcMRIQC.func_report_wf.parcels" in "/local/nvme/ds004996_24.784026/ds/tmp/mriqc_wf/funcMRIQC/func_report_wf/58dc51edaebae506410bcf810dd53e006fbe8d55/parcels".[0m
2026-03-27 02:56:34 |[34;20m INFO     [0m|[34;20m nipype.workflow  [0m|[34;20m [Node] Setting-up "mriqc_wf.funcMRIQC.func_report_wf.parcels" in "/local/nvme/ds004996_24.784026/ds/tmp/mriqc_wf/funcMRIQC/func_report_wf/bfe13db3f94eb430cb575bf4cd43e9c2afa86523/parcels".[0m
2026-03-27 02:56:34 |[34;20m INFO     [0m|[34;20m nipype.workflow  [0m|[34;20m [Node] Executing "parcels" <nipype.interfaces.utility.wrappers.Function>[0m
2026-03-27 02:56:34 |[34;20m INFO     [0m|[34;20m nipype.workflow  [0m|[34;20m [Node] Executing "parcels" <nipype.interfaces.utility.wrappers.Function>[0m
2026-03-27 02:56:34 |[34;20m INFO     [0m|[34;20m nipype.workflow  [0m|[34;20m [Node] Finished "parcels", elapsed time 0.022801s.[0m
2026-03-27 02:56:34 |[34;20m INFO     [0m|[34;20m nipype.workflow  [0m|[34;20m [Node] Finished "parcels", elapsed time 0.02171s.[0m
2026-03-27 02:56:36 |[34;20m INFO     [0m|[34;20m nipype.workflow  [0m|[34;20m [Node] Setting-up "_BigPlot0" in "/local/nvme/ds004996_24.784026/ds/tmp/mriqc_wf/funcMRIQC/func_report_wf/58dc51edaebae506410bcf810dd53e006fbe8d55/BigPlot/mapflow/_BigPlot0".[0m
2026-03-27 02:56:36 |[34;20m INFO     [0m|[34;20m nipype.workflow  [0m|[34;20m [Node] Executing "_BigPlot0" <nireports.interfaces.fmri.FMRISummary>[0m
2026-03-27 02:56:36 |[34;20m INFO     [0m|[34;20m nipype.workflow  [0m|[34;20m [Node] Setting-up "_BigPlot0" in "/local/nvme/ds004996_24.784026/ds/tmp/mriqc_wf/funcMRIQC/func_report_wf/bfe13db3f94eb430cb575bf4cd43e9c2afa86523/BigPlot/mapflow/_BigPlot0".[0m
2026-03-27 02:56:36 |[34;20m INFO     [0m|[34;20m nipype.workflow  [0m|[34;20m [Node] Executing "_BigPlot0" <nireports.interfaces.fmri.FMRISummary>[0m
2026-03-27 02:56:40 |[34;20m INFO     [0m|[34;20m nipype.workflow  [0m|[34;20m [Node] Finished "_BigPlot0", elapsed time 3.6879910000000002s.[0m
2026-03-27 02:56:40 |[34;20m INFO     [0m|[34;20m nipype.workflow  [0m|[34;20m [Node] Finished "_BigPlot0", elapsed time 3.729087s.[0m
2026-03-27 02:56:40 |[34;20m INFO     [0m|[34;20m nipype.workflow  [0m|[34;20m [Node] Setting-up "_ds_report_carpet0" in "/local/nvme/ds004996_24.784026/ds/tmp/mriqc_wf/funcMRIQC/func_report_wf/58dc51edaebae506410bcf810dd53e006fbe8d55/ds_report_carpet/mapflow/_ds_report_carpet0".[0m
2026-03-27 02:56:40 |[34;20m INFO     [0m|[34;20m nipype.workflow  [0m|[34;20m [Node] Executing "_ds_report_carpet0" <mriqc.interfaces.DerivativesDataSink>[0m
2026-03-27 02:56:40 |[34;20m INFO     [0m|[34;20m nipype.workflow  [0m|[34;20m [Node] Finished "_ds_report_carpet0", elapsed time 0.004808s.[0m
2026-03-27 02:56:40 |[34;20m INFO     [0m|[34;20m nipype.workflow  [0m|[34;20m [Node] Setting-up "_ds_report_carpet0" in "/local/nvme/ds004996_24.784026/ds/tmp/mriqc_wf/funcMRIQC/func_report_wf/bfe13db3f94eb430cb575bf4cd43e9c2afa86523/ds_report_carpet/mapflow/_ds_report_carpet0".[0m
2026-03-27 02:56:40 |[34;20m INFO     [0m|[34;20m nipype.workflow  [0m|[34;20m [Node] Executing "_ds_report_carpet0" <mriqc.interfaces.DerivativesDataSink>[0m
2026-03-27 02:56:40 |[34;20m INFO     [0m|[34;20m nipype.workflow  [0m|[34;20m [Node] Finished "_ds_report_carpet0", elapsed time 0.004819s.[0m
2026-03-27 02:56:42 |[34;20m INFO     [0m|[34;20m nipype.workflow  [0m|[34;20m Generating reports...[0m
2026-03-27 02:56:43 |[34;20m INFO     [0m|[34;20m nipype.workflow  [0m|[34;20m Report generation finished (3 reports).[0m
2026-03-27 02:56:43 |[33;20m IMPORTANT [0m|[33;20m mriqc            [0m|[33;20m Participant level finished successfully averaging 00h 06min 43s per subject.[0m
2026-03-27 02:56:43 |[34;20m INFO     [0m|[34;20m mriqc            [0m|[34;20m Generating BIDS derivatives metadata.[0m
----------------------------------------------------------------
  MRIQC completed (elapsed time 00h 20min 10s).
----------------------------------------------------------------

